Running simulation for n_modes=4 and n_fluences=20
Tensors initialization on device cuda
Multiprobe = band_lim
torch.Size([4, 64, 64])

('MSE', None) RECONSTRUCTIONS

Reconstruction for fluence = 0.09999999999999999 photons/pixel
Epoch 0: loss = 10522.6552734375
Epoch 1: loss = 3674.38232421875
Epoch 2: loss = 3548.531982421875
Epoch 3: loss = 3546.569091796875
Epoch 4: loss = 3546.53271484375
Epoch 5: loss = 3546.5322265625
Epoch 6: loss = 3546.5322265625
Epoch 7: loss = 3546.531982421875
Epoch 8: loss = 3546.531982421875
Epoch 9: loss = 3546.53173828125
Epoch 10: loss = 3546.53173828125
Epoch 11: loss = 3546.53173828125
Epoch 12: loss = 3546.53173828125
Epoch 13: loss = 3546.53173828125
Epoch 14: loss = 3546.53173828125
Early stopping at epoch 14 with loss 3546.53173828125
Reconstruction for fluence = 0.23357214690901223 photons/pixel
Epoch 0: loss = 24184.087890625
Epoch 1: loss = 8736.4140625
Epoch 2: loss = 8452.7177734375
Epoch 3: loss = 8448.2734375
Epoch 4: loss = 8448.19921875
Epoch 5: loss = 8448.1982421875
Epoch 6: loss = 8448.197265625
Epoch 7: loss = 8448.197265625
Epoch 8: loss = 8448.1962890625
Epoch 9: loss = 8448.1962890625
Epoch 10: loss = 8448.1953125
Epoch 11: loss = 8448.1953125
Epoch 12: loss = 8448.1953125
Epoch 13: loss = 8448.1953125
Epoch 14: loss = 8448.1953125
Epoch 15: loss = 8448.1953125
Early stopping at epoch 15 with loss 8448.1953125
Reconstruction for fluence = 0.5455594781168519 photons/pixel
Epoch 0: loss = 54606.65625
Epoch 1: loss = 20430.951171875
Epoch 2: loss = 19802.7109375
Epoch 3: loss = 19792.82421875
Epoch 4: loss = 19792.66015625
Epoch 5: loss = 19792.65625
Epoch 6: loss = 19792.65625
Epoch 7: loss = 19792.65625
Epoch 8: loss = 19792.65625
Epoch 9: loss = 19792.654296875
Epoch 10: loss = 19792.654296875
Epoch 11: loss = 19792.65234375
Epoch 12: loss = 19792.65234375
Epoch 13: loss = 19792.65234375
Epoch 14: loss = 19792.654296875
Epoch 15: loss = 19792.654296875
Epoch 16: loss = 19792.654296875
Early stopping at epoch 16 with loss 19792.65234375
Reconstruction for fluence = 1.2742749857031335 photons/pixel
Epoch 0: loss = 120608.09375
Epoch 1: loss = 47096.2578125
Epoch 2: loss = 45737.42578125
Epoch 3: loss = 45715.4140625
Epoch 4: loss = 45715.046875
Epoch 5: loss = 45715.0390625
Epoch 6: loss = 45715.04296875
Epoch 7: loss = 45715.0390625
Epoch 8: loss = 45715.0390625
Epoch 9: loss = 45715.0390625
Epoch 10: loss = 45715.0390625
Early stopping at epoch 10 with loss 45715.0390625
Reconstruction for fluence = 2.976351441631318 photons/pixel
Epoch 0: loss = 257179.9375
Epoch 1: loss = 106317.0078125
Epoch 2: loss = 103503.1875
Epoch 3: loss = 103457.015625
Epoch 4: loss = 103456.28125
Epoch 5: loss = 103456.265625
Epoch 6: loss = 103456.265625
Epoch 7: loss = 103456.265625
Epoch 8: loss = 103456.25
Epoch 9: loss = 103456.25
Epoch 10: loss = 103456.25
Epoch 11: loss = 103456.25
Epoch 12: loss = 103456.25
Epoch 13: loss = 103456.25
Early stopping at epoch 13 with loss 103456.25
Reconstruction for fluence = 6.9519279617756045 photons/pixel
Epoch 0: loss = 517068.0
Epoch 1: loss = 228916.671875
Epoch 2: loss = 223456.96875
Epoch 3: loss = 223365.359375
Epoch 4: loss = 223363.90625
Epoch 5: loss = 223363.875
Epoch 6: loss = 223363.875
Epoch 7: loss = 223363.859375
Epoch 8: loss = 223363.84375
Epoch 9: loss = 223363.84375
Epoch 10: loss = 223363.84375
Epoch 11: loss = 223363.84375
Epoch 12: loss = 223363.84375
Epoch 13: loss = 223363.84375
Early stopping at epoch 13 with loss 223363.84375
Reconstruction for fluence = 16.23776739188721 photons/pixel
Epoch 0: loss = 947300.125
Epoch 1: loss = 451025.34375
Epoch 2: loss = 441381.59375
Epoch 3: loss = 441217.125
Epoch 4: loss = 441214.625
Epoch 5: loss = 441214.5625
Epoch 6: loss = 441214.5625
Epoch 7: loss = 441214.5
Epoch 8: loss = 441214.5
Epoch 9: loss = 441214.5
Epoch 10: loss = 441214.5
Epoch 11: loss = 441214.5
Epoch 12: loss = 441214.5
Early stopping at epoch 12 with loss 441214.5
Reconstruction for fluence = 37.926901907322495 photons/pixel
Epoch 0: loss = 1511552.25
Epoch 1: loss = 745697.5
Epoch 2: loss = 730327.5
Epoch 3: loss = 730061.375
Epoch 4: loss = 730057.375
Epoch 5: loss = 730057.25
Epoch 6: loss = 730057.1875
Epoch 7: loss = 730057.1875
Epoch 8: loss = 730057.125
Epoch 9: loss = 730057.125
Epoch 10: loss = 730057.125
Epoch 11: loss = 730057.125
Epoch 12: loss = 730057.125
Epoch 13: loss = 730057.0625
Epoch 14: loss = 730057.125
Epoch 15: loss = 730057.125
Epoch 16: loss = 730057.0625
Epoch 17: loss = 730057.0625
Epoch 18: loss = 730057.125
Early stopping at epoch 18 with loss 730057.0625
Reconstruction for fluence = 88.58667904100822 photons/pixel
Epoch 0: loss = 2109051.5
Epoch 1: loss = 959057.375
Epoch 2: loss = 935454.9375
Epoch 3: loss = 935040.0
Epoch 4: loss = 935033.75
Epoch 5: loss = 935033.625
Epoch 6: loss = 935033.5
Epoch 7: loss = 935033.375
Epoch 8: loss = 935033.375
Epoch 9: loss = 935033.375
Epoch 10: loss = 935033.375
Epoch 11: loss = 935033.375
Epoch 12: loss = 935033.375
Early stopping at epoch 12 with loss 935033.375
Reconstruction for fluence = 206.9138081114788 photons/pixel
Epoch 0: loss = 3039467.5
Epoch 1: loss = 24012765184.0
Epoch 2: loss = 356109312.0
Epoch 3: loss = 6396058.0
Epoch 4: loss = 1079804.125
Epoch 5: loss = 993138.75
Epoch 6: loss = 991522.0
Epoch 7: loss = 991495.75
Epoch 8: loss = 991495.75
Epoch 9: loss = 991495.625
Epoch 10: loss = 991495.5
Epoch 11: loss = 991495.5
Epoch 12: loss = 991495.5
Epoch 13: loss = 991495.4375
Epoch 14: loss = 991495.4375
Epoch 15: loss = 991495.375
Epoch 16: loss = 991495.375
Epoch 17: loss = 991495.375
Epoch 18: loss = 991495.375
Epoch 19: loss = 991495.375
Epoch 20: loss = 991495.375
Early stopping at epoch 20 with loss 991495.375
Reconstruction for fluence = 483.2930238571752 photons/pixel
Epoch 0: loss = 5440790.0
Epoch 1: loss = 269744472064.0
Epoch 2: loss = 3988758272.0
Epoch 3: loss = 60586208.0
Epoch 4: loss = 2289965.0
Epoch 5: loss = 1158574.875
Epoch 6: loss = 1143499.125
Epoch 7: loss = 1143229.125
Epoch 8: loss = 1143225.25
Epoch 9: loss = 1143225.25
Epoch 10: loss = 1143225.125
Epoch 11: loss = 1143225.0
Epoch 12: loss = 1143225.0
Epoch 13: loss = 1143225.0
Epoch 14: loss = 1143225.0
Epoch 15: loss = 1143225.0
Epoch 16: loss = 1143225.0
Early stopping at epoch 16 with loss 1143225.0
Reconstruction for fluence = 1128.8378916846884 photons/pixel
Epoch 0: loss = 11451839.0
Epoch 1: loss = 3318454157312.0
Epoch 2: loss = 49052835840.0
Epoch 3: loss = 728085376.0
Epoch 4: loss = 13403727.0
Epoch 5: loss = 1880230.125
Epoch 6: loss = 1534898.5
Epoch 7: loss = 1533457.5
Epoch 8: loss = 1533435.75
Epoch 9: loss = 1533435.5
Epoch 10: loss = 1533435.5
Epoch 11: loss = 1533435.5
Epoch 12: loss = 1533435.25
Epoch 13: loss = 1533435.25
Epoch 14: loss = 1533435.25
Epoch 15: loss = 1533435.25
Epoch 16: loss = 1533435.25
Epoch 17: loss = 1533435.25
Early stopping at epoch 17 with loss 1533435.25
Reconstruction for fluence = 2636.6508987303555 photons/pixel
Epoch 0: loss = 25632252.0
Epoch 1: loss = 42014578049024.0
Epoch 2: loss = 621019004928.0
Epoch 3: loss = 9185514496.0
Epoch 4: loss = 141410208.0
Epoch 5: loss = 6328164.5
Epoch 6: loss = 2238037.0
Epoch 7: loss = 2125011.5
Epoch 8: loss = 2123050.75
Epoch 9: loss = 2123022.5
Epoch 10: loss = 2123022.0
Epoch 11: loss = 2123021.5
Epoch 12: loss = 2123021.5
Epoch 13: loss = 2123021.5
Epoch 14: loss = 2123021.25
Epoch 15: loss = 2123021.25
Epoch 16: loss = 2123021.25
Epoch 17: loss = 2123021.25
Epoch 18: loss = 2123021.25
Epoch 19: loss = 2123021.25
Early stopping at epoch 19 with loss 2123021.25
Reconstruction for fluence = 6158.482110660255 photons/pixel
Epoch 0: loss = 58842276.0
Epoch 1: loss = 538756771741696.0
Epoch 2: loss = 7963315011584.0
Epoch 3: loss = 117718335488.0
Epoch 4: loss = 1752595456.0
Epoch 5: loss = 35706144.0
Epoch 6: loss = 5333324.5
Epoch 7: loss = 2964612.0
Epoch 8: loss = 2862391.75
Epoch 9: loss = 2860603.5
Epoch 10: loss = 2860577.5
Epoch 11: loss = 2860577.0
Epoch 12: loss = 2860577.0
Epoch 13: loss = 2860576.75
Epoch 14: loss = 2860576.5
Epoch 15: loss = 2860576.5
Epoch 16: loss = 2860576.5
Epoch 17: loss = 2860576.5
Epoch 18: loss = 2860576.5
Epoch 19: loss = 2860576.5
Early stopping at epoch 19 with loss 2860576.5
Reconstruction for fluence = 14384.498882876629 photons/pixel
Epoch 0: loss = 136409056.0
Epoch 1: loss = 6924311914872832.0
Epoch 2: loss = 102347468439552.0
Epoch 3: loss = 1512815067136.0
Epoch 4: loss = 22389168128.0
Epoch 5: loss = 354428224.0
Early stopping at epoch 5 with loss 136409056.0
Reconstruction for fluence = 33598.18286283781 photons/pixel
Epoch 0: loss = 317546720.0
Epoch 1: loss = 8.890535917073203e+16
Epoch 2: loss = 1314099468173312.0
Epoch 3: loss = 19423624691712.0
Epoch 4: loss = 287162630144.0
Epoch 5: loss = 4301796864.0
Early stopping at epoch 5 with loss 317546720.0
Reconstruction for fluence = 78475.99703514607 photons/pixel
Epoch 0: loss = 740630848.0
Epoch 1: loss = 1.1401598854601114e+18
Epoch 2: loss = 1.6852563685015552e+16
Epoch 3: loss = 249095889354752.0
Epoch 4: loss = 3682003058688.0
Epoch 5: loss = 54561177600.0
Early stopping at epoch 5 with loss 740630848.0
Reconstruction for fluence = 183298.07108324335 photons/pixel
Epoch 0: loss = 1728865152.0
Epoch 1: loss = 1.46024533997954e+19
Epoch 2: loss = 2.158371561894052e+17
Epoch 3: loss = 3190264663375872.0
Epoch 4: loss = 47155259637760.0
Epoch 5: loss = 697322176512.0
Early stopping at epoch 5 with loss 1728865152.0
Reconstruction for fluence = 428133.2398719387 photons/pixel
Epoch 0: loss = 4037595648.0
Epoch 1: loss = 1.867559378508694e+20
Epoch 2: loss = 2.760417400020009e+18
Epoch 3: loss = 4.080139903801754e+16
Epoch 4: loss = 603081590964224.0
Epoch 5: loss = 8914842157056.0
Early stopping at epoch 5 with loss 4037595648.0
Reconstruction for fluence = 1000000.0 photons/pixel
Epoch 0: loss = 9429297152.0
Epoch 1: loss = 2.384677957740861e+21
Epoch 2: loss = 3.5247651182033764e+19
Epoch 3: loss = 5.209913183950602e+17
Epoch 4: loss = 7700712079228928.0
Epoch 5: loss = 113825089060864.0
Early stopping at epoch 5 with loss 9429297152.0
Tensors initialization on device cuda
Multiprobe = band_lim
torch.Size([4, 64, 64])

('MSE', 'PoissonNLL') RECONSTRUCTIONS

Reconstruction for fluence = 0.09999999999999999 photons/pixel
Epoch 0: loss = 10699.41015625
Epoch 1: loss = 3869.206298828125
Epoch 2: loss = 3743.97802734375
Epoch 3: loss = 3742.0419921875
Epoch 4: loss = 3742.00830078125
Epoch 5: loss = 3742.0078125
Epoch 6: loss = 3742.0078125
Epoch 7: loss = 3742.00732421875
Epoch 8: loss = 3742.00732421875
Epoch 9: loss = 3742.00732421875
Epoch 10: loss = 3742.007080078125
Epoch 11: loss = 3742.007080078125
Epoch 12: loss = 3742.007080078125
Epoch 13: loss = 3742.00732421875
Epoch 14: loss = 3742.007080078125
Epoch 0: loss = 0.002776446519419551
Epoch 1: loss = 0.0027763538528233767
Epoch 2: loss = 0.002776261419057846
Epoch 3: loss = 0.002776168752461672
Epoch 4: loss = 0.0027760763186961412
Epoch 5: loss = 0.0027759838849306107
Early stopping at epoch 5 with loss 0.002776446519419551
Reconstruction for fluence = 0.23357214690901223 photons/pixel
Epoch 0: loss = 24342.861328125
Epoch 1: loss = 8910.0185546875
Epoch 2: loss = 8627.10546875
Epoch 3: loss = 8622.6982421875
Epoch 4: loss = 8622.626953125
Epoch 5: loss = 8622.625
Epoch 6: loss = 8622.623046875
Epoch 7: loss = 8622.623046875
Epoch 8: loss = 8622.623046875
Epoch 9: loss = 8622.623046875
Epoch 10: loss = 8622.623046875
Epoch 11: loss = 8622.623046875
Early stopping at epoch 11 with loss 8622.623046875
Epoch 0: loss = 0.005596517585217953
Epoch 1: loss = 0.005596289411187172
Epoch 2: loss = 0.005596062168478966
Epoch 3: loss = 0.00559583492577076
Epoch 4: loss = 0.005595607683062553
Epoch 5: loss = 0.00559537997469306
Early stopping at epoch 5 with loss 0.005596517585217953
Reconstruction for fluence = 0.5455594781168519 photons/pixel
Epoch 0: loss = 54963.3203125
Epoch 1: loss = 20780.875
Epoch 2: loss = 20152.154296875
Epoch 3: loss = 20142.2265625
Epoch 4: loss = 20142.06640625
Epoch 5: loss = 20142.064453125
Epoch 6: loss = 20142.0625
Epoch 7: loss = 20142.0625
Epoch 8: loss = 20142.0625
Epoch 9: loss = 20142.0625
Epoch 10: loss = 20142.0625
Epoch 11: loss = 20142.0625
Early stopping at epoch 11 with loss 20142.0625
Epoch 0: loss = 0.011175397783517838
Epoch 1: loss = 0.011174838058650494
Epoch 2: loss = 0.01117427833378315
Epoch 3: loss = 0.011173718608915806
Epoch 4: loss = 0.011173158884048462
Epoch 5: loss = 0.011172600090503693
Early stopping at epoch 5 with loss 0.011175397783517838
Reconstruction for fluence = 1.2742749857031335 photons/pixel
Epoch 0: loss = 120733.09375
Epoch 1: loss = 46967.8203125
Epoch 2: loss = 45606.21875
Epoch 3: loss = 45584.51171875
Epoch 4: loss = 45584.171875
Epoch 5: loss = 45584.1640625
Epoch 6: loss = 45584.1640625
Epoch 7: loss = 45584.15625
Epoch 8: loss = 45584.15625
Epoch 9: loss = 45584.15625
Epoch 10: loss = 45584.15625
Epoch 11: loss = 45584.15625
Epoch 12: loss = 45584.15625
Early stopping at epoch 12 with loss 45584.15625
Epoch 0: loss = 0.021168701350688934
Epoch 1: loss = 0.021167339757084846
Epoch 2: loss = 0.021165980026125908
Epoch 3: loss = 0.02116462215781212
Epoch 4: loss = 0.02116326428949833
Epoch 5: loss = 0.021161910146474838
Early stopping at epoch 5 with loss 0.021168701350688934
Reconstruction for fluence = 2.976351441631318 photons/pixel
Epoch 0: loss = 257984.703125
Epoch 1: loss = 106696.1328125
Epoch 2: loss = 103878.9296875
Epoch 3: loss = 103833.171875
Epoch 4: loss = 103832.46875
Epoch 5: loss = 103832.4375
Epoch 6: loss = 103832.4375
Epoch 7: loss = 103832.4375
Epoch 8: loss = 103832.4296875
Epoch 9: loss = 103832.4296875
Epoch 10: loss = 103832.421875
Epoch 11: loss = 103832.421875
Epoch 12: loss = 103832.421875
Epoch 13: loss = 103832.421875
Epoch 14: loss = 103832.421875
Epoch 0: loss = 0.03913500905036926
Epoch 1: loss = 0.03913167491555214
Epoch 2: loss = 0.03912834823131561
Epoch 3: loss = 0.03912503644824028
Epoch 4: loss = 0.039121728390455246
Epoch 5: loss = 0.039118435233831406
Early stopping at epoch 5 with loss 0.03913500905036926
Reconstruction for fluence = 6.9519279617756045 photons/pixel
Epoch 0: loss = 519478.15625
Epoch 1: loss = 229500.375
Epoch 2: loss = 224020.75
Epoch 3: loss = 223930.3125
Epoch 4: loss = 223928.90625
Epoch 5: loss = 223928.90625
Epoch 6: loss = 223928.875
Epoch 7: loss = 223928.875
Epoch 8: loss = 223928.875
Epoch 9: loss = 223928.875
Epoch 10: loss = 223928.875
Epoch 11: loss = 223928.875
Early stopping at epoch 11 with loss 223928.875
Epoch 0: loss = 0.067303366959095
Epoch 1: loss = 0.06729531288146973
Epoch 2: loss = 0.06728731095790863
Epoch 3: loss = 0.0672793835401535
Epoch 4: loss = 0.06727150082588196
Epoch 5: loss = 0.06726369261741638
Early stopping at epoch 5 with loss 0.067303366959095
Reconstruction for fluence = 16.23776739188721 photons/pixel
Epoch 0: loss = 953769.8125
Epoch 1: loss = 453010.75
Epoch 2: loss = 443322.8125
Epoch 3: loss = 443160.75
Epoch 4: loss = 443158.25
Epoch 5: loss = 443158.25
Epoch 6: loss = 443158.21875
Epoch 7: loss = 443158.1875
Epoch 8: loss = 443158.1875
Epoch 9: loss = 443158.1875
Epoch 10: loss = 443158.1875
Epoch 11: loss = 443158.1875
Epoch 12: loss = 443158.1875
Early stopping at epoch 12 with loss 443158.1875
Epoch 0: loss = 0.10590299963951111
Epoch 1: loss = 0.0834764763712883
Epoch 2: loss = 0.08234202116727829
Epoch 3: loss = 0.08218497037887573
Epoch 4: loss = 0.0821622759103775
Epoch 5: loss = 0.08215934783220291
Epoch 6: loss = 0.08215934783220291
Epoch 7: loss = 0.08215934783220291
Epoch 8: loss = 0.08215934783220291
Early stopping at epoch 8 with loss 0.08218497037887573
Reconstruction for fluence = 37.926901907322495 photons/pixel
Epoch 0: loss = 1521629.5
Epoch 1: loss = 751234.5625
Epoch 2: loss = 735957.0
Epoch 3: loss = 735700.5
Epoch 4: loss = 735696.625
Epoch 5: loss = 735696.625
Epoch 6: loss = 735696.5
Epoch 7: loss = 735696.5
Epoch 8: loss = 735696.5
Epoch 9: loss = 735696.5
Epoch 10: loss = 735696.5
Epoch 11: loss = 735696.5
Early stopping at epoch 11 with loss 735696.5
Epoch 0: loss = 0.1445760577917099
Epoch 1: loss = 0.1227138489484787
Epoch 2: loss = 0.12169090658426285
Epoch 3: loss = 0.12156879156827927
Epoch 4: loss = 0.12154385447502136
Epoch 5: loss = 0.1215396448969841
Epoch 6: loss = 0.12153935432434082
Epoch 7: loss = 0.12153935432434082
Epoch 8: loss = 0.12153935432434082
Early stopping at epoch 8 with loss 0.12156879156827927
Reconstruction for fluence = 88.58667904100822 photons/pixel
Epoch 0: loss = 2117028.5
Epoch 1: loss = 963651.25
Epoch 2: loss = 940410.3125
Epoch 3: loss = 940014.25
Epoch 4: loss = 940008.25
Epoch 5: loss = 940008.125
Epoch 6: loss = 940008.125
Epoch 7: loss = 940008.0625
Epoch 8: loss = 940008.0
Epoch 9: loss = 940008.0
Epoch 10: loss = 940008.0
Epoch 11: loss = 940008.0
Epoch 12: loss = 940008.0
Epoch 13: loss = 940008.0
Early stopping at epoch 13 with loss 940008.0
Epoch 0: loss = 0.13916262984275818
Epoch 1: loss = 0.12014652043581009
Epoch 2: loss = 0.11920998990535736
Epoch 3: loss = 0.11909078061580658
Epoch 4: loss = 0.11905979365110397
Epoch 5: loss = 0.11905577778816223
Epoch 6: loss = 0.11905571818351746
Epoch 7: loss = 0.11905571818351746
Epoch 8: loss = 0.11905571818351746
Early stopping at epoch 8 with loss 0.11909078061580658
Reconstruction for fluence = 206.9138081114788 photons/pixel
Epoch 0: loss = 3044061.0
Epoch 1: loss = 23998345216.0
Epoch 2: loss = 355896064.0
Epoch 3: loss = 6395992.0
Epoch 4: loss = 1083534.0
Epoch 5: loss = 998395.375
Epoch 6: loss = 996877.375
Epoch 7: loss = 996853.25
Epoch 8: loss = 996853.0625
Epoch 9: loss = 996852.875
Epoch 10: loss = 996852.875
Epoch 11: loss = 996852.875
Epoch 12: loss = 996852.875
Epoch 13: loss = 996852.875
Epoch 14: loss = 996852.8125
Epoch 0: loss = -0.08309942483901978
Epoch 1: loss = -0.10566849261522293
Epoch 2: loss = -0.10676833987236023
Epoch 3: loss = -0.10693791508674622
Epoch 4: loss = -0.10700823366641998
Epoch 5: loss = -0.10701526701450348
Epoch 6: loss = -0.107015460729599
Epoch 7: loss = -0.10701547563076019
Epoch 8: loss = -0.10701547563076019
Early stopping at epoch 8 with loss -0.10693791508674622
Reconstruction for fluence = 483.2930238571752 photons/pixel
Epoch 0: loss = 5468304.0
Epoch 1: loss = 270306131968.0
Epoch 2: loss = 3997067776.0
Epoch 3: loss = 60719448.0
Epoch 4: loss = 2320340.0
Epoch 5: loss = 1169299.0
Epoch 6: loss = 1157466.125
Epoch 7: loss = 1157249.5
Epoch 8: loss = 1157246.75
Epoch 9: loss = 1157246.5
Epoch 10: loss = 1157246.375
Epoch 11: loss = 1157246.375
Epoch 12: loss = 1157246.25
Epoch 13: loss = 1157246.25
Epoch 14: loss = 1157246.25
Epoch 0: loss = -1.1159110069274902
Epoch 1: loss = -1.149200439453125
Epoch 2: loss = -1.1504108905792236
Epoch 3: loss = -1.1507223844528198
Epoch 4: loss = -1.1508455276489258
Epoch 5: loss = -1.150848627090454
Epoch 6: loss = -1.1508488655090332
Epoch 7: loss = -1.1508488655090332
Epoch 8: loss = -1.1508489847183228
Epoch 9: loss = -1.1508489847183228
Early stopping at epoch 9 with loss -1.1508455276489258
Reconstruction for fluence = 1128.8378916846884 photons/pixel
Epoch 0: loss = 11507854.0
Epoch 1: loss = 3321747734528.0
Epoch 2: loss = 49101504512.0
Epoch 3: loss = 728816576.0
Epoch 4: loss = 13437089.0
Epoch 5: loss = 2003987.25
Epoch 6: loss = 1554043.5
Epoch 7: loss = 1551254.25
Epoch 8: loss = 1551217.0
Epoch 9: loss = 1551216.75
Epoch 10: loss = 1551216.75
Epoch 11: loss = 1551216.5
Epoch 12: loss = 1551216.5
Epoch 13: loss = 1551216.5
Epoch 14: loss = 1551216.5
Epoch 0: loss = -4.744647026062012
Epoch 1: loss = -4.791166305541992
Epoch 2: loss = -4.792507648468018
Epoch 3: loss = -4.7931108474731445
Epoch 4: loss = -4.793283462524414
Epoch 5: loss = -4.793285369873047
Epoch 6: loss = -4.793286323547363
Epoch 7: loss = -4.793286323547363
Epoch 8: loss = -4.7932868003845215
Epoch 9: loss = -4.79328727722168
Early stopping at epoch 9 with loss -4.793283462524414
Reconstruction for fluence = 2636.6508987303555 photons/pixel
Epoch 0: loss = 25785820.0
Epoch 1: loss = 42093451935744.0
Epoch 2: loss = 622184890368.0
Epoch 3: loss = 9202731008.0
Epoch 4: loss = 141667264.0
Epoch 5: loss = 6397749.0
Epoch 6: loss = 2412328.0
Epoch 7: loss = 2145522.5
Epoch 8: loss = 2138702.0
Epoch 9: loss = 2138605.5
Epoch 10: loss = 2138605.0
Epoch 11: loss = 2138604.75
Epoch 12: loss = 2138604.5
Epoch 13: loss = 2138604.25
Epoch 14: loss = 2138604.25
Epoch 0: loss = -16.04843521118164
Epoch 1: loss = -16.107337951660156
Epoch 2: loss = -16.10902214050293
Epoch 3: loss = -16.110076904296875
Epoch 4: loss = -16.11019515991211
Epoch 5: loss = -16.110198974609375
Epoch 6: loss = -16.110200881958008
Epoch 7: loss = -16.11020278930664
Epoch 8: loss = -16.11020278930664
Epoch 9: loss = -16.11020278930664
Early stopping at epoch 9 with loss -16.11019515991211
Reconstruction for fluence = 6158.482110660255 photons/pixel
Epoch 0: loss = 59179092.0
Epoch 1: loss = 539267201761280.0
Epoch 2: loss = 7970858467328.0
Epoch 3: loss = 117829681152.0
Epoch 4: loss = 1754138624.0
Epoch 5: loss = 35676728.0
Epoch 6: loss = 6199172.5
Epoch 7: loss = 3098832.75
Epoch 8: loss = 2883209.25
Epoch 9: loss = 2879643.5
Epoch 10: loss = 2879592.75
Epoch 11: loss = 2879592.5
Epoch 12: loss = 2879592.5
Epoch 13: loss = 2879592.5
Epoch 14: loss = 2879592.5
Epoch 0: loss = -49.037147521972656
Epoch 1: loss = -49.1037712097168
Epoch 2: loss = -49.10662078857422
Epoch 3: loss = -49.10762405395508
Epoch 4: loss = -49.10765075683594
Epoch 5: loss = -49.10765838623047
Epoch 6: loss = -49.10765838623047
Epoch 7: loss = -49.10765838623047
Epoch 8: loss = -49.10765838623047
Early stopping at epoch 8 with loss -49.10762405395508
Reconstruction for fluence = 14384.498882876629 photons/pixel
Epoch 0: loss = 137204608.0
Epoch 1: loss = 6929839537782784.0
Epoch 2: loss = 102429181870080.0
Epoch 3: loss = 1514022109184.0
Epoch 4: loss = 22406520832.0
Epoch 5: loss = 354335776.0
Early stopping at epoch 5 with loss 137204608.0
Epoch 0: loss = -139.39935302734375
Epoch 1: loss = -140.92532348632812
Epoch 2: loss = -141.41712951660156
Epoch 3: loss = -141.50830078125
Epoch 4: loss = -141.5175323486328
Epoch 5: loss = -141.51760864257812
Epoch 6: loss = -141.51763916015625
Epoch 7: loss = -141.51763916015625
Epoch 8: loss = -141.5176544189453
Epoch 9: loss = -141.5176544189453
Epoch 10: loss = -141.51766967773438
Epoch 11: loss = -141.51766967773438
Epoch 12: loss = -141.51766967773438
Epoch 13: loss = -141.51766967773438
Early stopping at epoch 13 with loss -141.5176544189453
Reconstruction for fluence = 33598.18286283781 photons/pixel
Epoch 0: loss = 319440000.0
Epoch 1: loss = 8.907277699593011e+16
Epoch 2: loss = 1316574174642176.0
Epoch 3: loss = 19460190633984.0
Epoch 4: loss = 287701401600.0
Epoch 5: loss = 4308419584.0
Early stopping at epoch 5 with loss 319440000.0
Epoch 0: loss = -382.44317626953125
Epoch 1: loss = -391.3665771484375
Epoch 2: loss = -392.8705749511719
Epoch 3: loss = -393.1212158203125
Epoch 4: loss = -393.1512451171875
Epoch 5: loss = -393.15185546875
Epoch 6: loss = -393.15191650390625
Epoch 7: loss = -393.1519470214844
Epoch 8: loss = -393.1519775390625
Epoch 9: loss = -393.1519775390625
Epoch 10: loss = -393.1520080566406
Epoch 11: loss = -393.1520080566406
Epoch 12: loss = -393.1520080566406
Epoch 13: loss = -393.1520080566406
Early stopping at epoch 13 with loss -393.1519775390625
Reconstruction for fluence = 78475.99703514607 photons/pixel
Epoch 0: loss = 745026432.0
Epoch 1: loss = 1.1436428634189988e+18
Epoch 2: loss = 1.6904048531734528e+16
Epoch 3: loss = 249856870318080.0
Epoch 4: loss = 3693246939136.0
Epoch 5: loss = 54723256320.0
Early stopping at epoch 5 with loss 745026432.0
Epoch 0: loss = -973.74560546875
Epoch 1: loss = -1056.13330078125
Epoch 2: loss = -1063.430908203125
Epoch 3: loss = -1064.46533203125
Epoch 4: loss = -1064.6158447265625
Epoch 5: loss = -1064.6201171875
Epoch 6: loss = -1064.620361328125
Epoch 7: loss = -1064.62060546875
Epoch 8: loss = -1064.62060546875
Epoch 9: loss = -1064.62060546875
Epoch 10: loss = -1064.620849609375
Epoch 11: loss = -1064.620849609375
Epoch 12: loss = -1064.620849609375
Epoch 13: loss = -1064.620849609375
Epoch 14: loss = -1064.620849609375
Epoch 15: loss = -1064.620849609375
Early stopping at epoch 15 with loss -1064.620849609375
Reconstruction for fluence = 183298.07108324335 photons/pixel
Epoch 0: loss = 1739254400.0
Epoch 1: loss = 1.4662796796951003e+19
Epoch 2: loss = 2.1672903191822336e+17
Epoch 3: loss = 3203446454878208.0
Epoch 4: loss = 47350085058560.0
Epoch 5: loss = 700191670272.0
Early stopping at epoch 5 with loss 1739254400.0
Epoch 0: loss = -1863.13330078125
Epoch 1: loss = -2795.52734375
Epoch 2: loss = -2823.460205078125
Epoch 3: loss = -2827.5712890625
Epoch 4: loss = -2828.2548828125
Epoch 5: loss = -2828.296875
Epoch 6: loss = -2828.297119140625
Epoch 7: loss = -2828.29736328125
Epoch 8: loss = -2828.29736328125
Epoch 9: loss = -2828.29736328125
Epoch 10: loss = -2828.29736328125
Epoch 11: loss = -2828.297607421875
Epoch 12: loss = -2828.297607421875
Epoch 13: loss = -2828.297607421875
Epoch 14: loss = -2828.297607421875
Epoch 15: loss = -2828.297607421875
Epoch 16: loss = -2828.297607421875
Early stopping at epoch 16 with loss -2828.297607421875
Reconstruction for fluence = 428133.2398719387 photons/pixel
Epoch 0: loss = 4061616640.0
Epoch 1: loss = 1.8758122248258506e+20
Epoch 2: loss = 2.7726164815301837e+18
Epoch 3: loss = 4.098170606007091e+16
Epoch 4: loss = 605746618171392.0
Epoch 5: loss = 8954205700096.0
Early stopping at epoch 5 with loss 4061616640.0
Epoch 0: loss = 3277.0869140625
Epoch 1: loss = -7226.162109375
Epoch 2: loss = -7380.97216796875
Epoch 3: loss = -7400.658203125
Epoch 4: loss = -7403.775390625
Epoch 5: loss = -7404.005859375
Epoch 6: loss = -7404.00830078125
Epoch 7: loss = -7404.00927734375
Epoch 8: loss = -7404.00927734375
Epoch 9: loss = -7404.00927734375
Epoch 10: loss = -7404.009765625
Epoch 11: loss = -7404.009765625
Epoch 12: loss = -7404.009765625
Epoch 13: loss = -7404.009765625
Epoch 14: loss = -7404.009765625
Epoch 15: loss = -7404.009765625
Early stopping at epoch 15 with loss -7404.009765625
Reconstruction for fluence = 1000000.0 photons/pixel
Epoch 0: loss = 9486109696.0
Epoch 1: loss = 2.395810856019721e+21
Epoch 2: loss = 3.5412201893223465e+19
Epoch 3: loss = 5.234236099143926e+17
Epoch 4: loss = 7736664176721920.0
Epoch 5: loss = 114356465434624.0
Early stopping at epoch 5 with loss 9486109696.0
Epoch 0: loss = 101561.625
Epoch 1: loss = -17554.5390625
Epoch 2: loss = -19044.83203125
Epoch 3: loss = -19142.05859375
Epoch 4: loss = -19155.66015625
Epoch 5: loss = -19157.375
Epoch 6: loss = -19157.4140625
Epoch 7: loss = -19157.41796875
Epoch 8: loss = -19157.41796875
Epoch 9: loss = -19157.419921875
Epoch 10: loss = -19157.419921875
Epoch 11: loss = -19157.421875
Epoch 12: loss = -19157.421875
Epoch 13: loss = -19157.421875
Epoch 14: loss = -19157.421875
Epoch 15: loss = -19157.421875
Epoch 16: loss = -19157.421875
Early stopping at epoch 16 with loss -19157.421875
Simulation for n_modes=4 and n_fluences=20 completed!
