Running simulation for n_fluences=20
Tensors initialization on device cuda
Multiprobe = None

('MSE', None) RECONSTRUCTIONS

Reconstruction for fluence = 10.0 photons/pixel
Epoch 0: loss = 711664.25
Epoch 1: loss = 307174.125
Epoch 2: loss = 307172.25
Epoch 3: loss = 307172.1875
Epoch 4: loss = 307172.1875
Epoch 5: loss = 307172.125
Epoch 6: loss = 307172.125
Epoch 7: loss = 307172.125
Epoch 8: loss = 307172.125
Epoch 9: loss = 307172.125
Epoch 10: loss = 307172.125
Early stopping at epoch 10 with loss 307172.125
Reconstruction for fluence = 26.366508987303583 photons/pixel
Epoch 0: loss = 1361813.375
Epoch 1: loss = 618790.875
Epoch 2: loss = 618786.0
Epoch 3: loss = 618785.875
Epoch 4: loss = 618785.875
Epoch 5: loss = 618785.8125
Epoch 6: loss = 618785.8125
Epoch 7: loss = 618785.8125
Epoch 8: loss = 618785.75
Epoch 9: loss = 618785.75
Epoch 10: loss = 618785.75
Epoch 11: loss = 618785.75
Epoch 12: loss = 618785.75
Epoch 13: loss = 618785.75
Early stopping at epoch 13 with loss 618785.75
Reconstruction for fluence = 69.51927961775604 photons/pixel
Epoch 0: loss = 2165134.5
Epoch 1: loss = 921461.5
Epoch 2: loss = 921442.5
Epoch 3: loss = 921442.375
Epoch 4: loss = 921442.375
Epoch 5: loss = 921442.375
Epoch 6: loss = 921442.375
Epoch 7: loss = 921442.375
Epoch 8: loss = 921442.3125
Epoch 9: loss = 921442.3125
Epoch 10: loss = 921442.3125
Epoch 11: loss = 921442.3125
Epoch 12: loss = 921442.3125
Epoch 13: loss = 921442.3125
Early stopping at epoch 13 with loss 921442.3125
Reconstruction for fluence = 183.29807108324357 photons/pixel
Epoch 0: loss = 3258804.75
Epoch 1: loss = 991441.375
Epoch 2: loss = 991336.25
Epoch 3: loss = 991335.875
Epoch 4: loss = 991335.75
Epoch 5: loss = 991335.75
Epoch 6: loss = 991335.625
Epoch 7: loss = 991335.625
Epoch 8: loss = 991335.625
Epoch 9: loss = 991335.625
Epoch 10: loss = 991335.625
Epoch 11: loss = 991335.625
Early stopping at epoch 11 with loss 991335.625
Reconstruction for fluence = 483.2930238571752 photons/pixel
Epoch 0: loss = 6339047.0
Epoch 1: loss = 1126208.25
Epoch 2: loss = 1126186.25
Epoch 3: loss = 1126186.0
Epoch 4: loss = 1126186.0
Epoch 5: loss = 1126186.0
Epoch 6: loss = 1126185.875
Epoch 7: loss = 1126185.875
Epoch 8: loss = 1126185.875
Epoch 9: loss = 1126185.875
Epoch 10: loss = 1126185.875
Epoch 11: loss = 1126185.75
Epoch 12: loss = 1126185.75
Epoch 13: loss = 1126185.75
Epoch 14: loss = 1126185.75
Epoch 15: loss = 1126185.75
Epoch 16: loss = 1126185.75
Early stopping at epoch 16 with loss 1126185.75
Reconstruction for fluence = 1274.2749857031333 photons/pixel
Epoch 0: loss = 15074402.0
Epoch 1: loss = 1537358.25
Epoch 2: loss = 1537141.625
Epoch 3: loss = 1537140.75
Epoch 4: loss = 1537140.5
Epoch 5: loss = 1537140.5
Epoch 6: loss = 1537140.5
Epoch 7: loss = 1537140.375
Epoch 8: loss = 1537140.375
Epoch 9: loss = 1537140.375
Epoch 10: loss = 1537140.375
Epoch 11: loss = 1537140.375
Epoch 12: loss = 1537140.375
Early stopping at epoch 12 with loss 1537140.375
Reconstruction for fluence = 3359.818286283781 photons/pixel
Epoch 0: loss = 38310096.0
Epoch 1: loss = 2168069.0
Epoch 2: loss = 2166663.25
Epoch 3: loss = 2166657.0
Epoch 4: loss = 2166656.75
Epoch 5: loss = 2166656.5
Epoch 6: loss = 2166656.5
Epoch 7: loss = 2166656.5
Epoch 8: loss = 2166656.5
Epoch 9: loss = 2166656.5
Epoch 10: loss = 2166656.5
Early stopping at epoch 10 with loss 2166656.5
Reconstruction for fluence = 8858.667904100823 photons/pixel
Epoch 0: loss = 99636720.0
Epoch 1: loss = 2976052.75
Epoch 2: loss = 2968721.0
Epoch 3: loss = 2968719.0
Epoch 4: loss = 2968718.5
Epoch 5: loss = 2968718.5
Epoch 6: loss = 2968718.0
Epoch 7: loss = 2968718.0
Epoch 8: loss = 2968718.0
Epoch 9: loss = 2968718.0
Epoch 10: loss = 2968718.0
Epoch 11: loss = 2968718.0
Early stopping at epoch 11 with loss 2968718.0
Reconstruction for fluence = 23357.214690901215 photons/pixel
Epoch 0: loss = 261334736.0
Epoch 1: loss = 3849332.5
Epoch 2: loss = 3828497.5
Epoch 3: loss = 3828486.0
Epoch 4: loss = 3828486.0
Epoch 5: loss = 3828485.5
Epoch 6: loss = 3828485.5
Epoch 7: loss = 3828485.5
Epoch 8: loss = 3828485.5
Epoch 9: loss = 3828485.0
Epoch 10: loss = 3828485.0
Epoch 11: loss = 3828485.0
Epoch 12: loss = 3828485.0
Epoch 13: loss = 3828485.0
Epoch 14: loss = 3828485.0
Early stopping at epoch 14 with loss 3828485.0
Reconstruction for fluence = 61584.82110660254 photons/pixel
Epoch 0: loss = 687684864.0
Epoch 1: loss = 4605905.5
Epoch 2: loss = 4515211.0
Epoch 3: loss = 4515197.0
Epoch 4: loss = 4515196.0
Epoch 5: loss = 4515196.0
Epoch 6: loss = 4515196.0
Epoch 7: loss = 4515195.5
Epoch 8: loss = 4515195.5
Epoch 9: loss = 4515195.0
Epoch 10: loss = 4515195.0
Epoch 11: loss = 4515195.0
Epoch 12: loss = 4515195.0
Epoch 13: loss = 4515195.0
Epoch 14: loss = 4515195.0
Early stopping at epoch 14 with loss 4515195.0
Reconstruction for fluence = 162377.67391887208 photons/pixel
Epoch 0: loss = 1811804160.0
Epoch 1: loss = 7203104.5
Epoch 2: loss = 4890932.5
Epoch 3: loss = 4864264.0
Epoch 4: loss = 4864014.5
Epoch 5: loss = 4864014.0
Epoch 6: loss = 4864014.0
Epoch 7: loss = 4864013.0
Epoch 8: loss = 4864013.0
Epoch 9: loss = 4864013.0
Epoch 10: loss = 4864013.0
Epoch 11: loss = 4864013.0
Epoch 12: loss = 4864013.0
Early stopping at epoch 12 with loss 4864013.0
Reconstruction for fluence = 428133.2398719396 photons/pixel
Epoch 0: loss = 4775834624.0
Epoch 1: loss = 11134218.0
Epoch 2: loss = 4955914.0
Epoch 3: loss = 4885775.5
Epoch 4: loss = 4885128.0
Epoch 5: loss = 4885125.0
Epoch 6: loss = 4885124.0
Epoch 7: loss = 4885124.0
Epoch 8: loss = 4885123.0
Epoch 9: loss = 4885123.0
Epoch 10: loss = 4885123.0
Epoch 11: loss = 4885123.0
Epoch 12: loss = 4885123.0
Epoch 13: loss = 4885123.0
Early stopping at epoch 13 with loss 4885123.0
Reconstruction for fluence = 1128837.8916846882 photons/pixel
Epoch 0: loss = 12591421440.0
Epoch 1: loss = 6627844.5
Epoch 2: loss = 4711291.5
Epoch 3: loss = 4709411.0
Epoch 4: loss = 4709398.5
Epoch 5: loss = 4709398.0
Epoch 6: loss = 4709398.0
Epoch 7: loss = 4709397.0
Epoch 8: loss = 4709397.0
Epoch 9: loss = 4709397.0
Epoch 10: loss = 4709397.0
Epoch 11: loss = 4709397.0
Epoch 12: loss = 4709397.0
Early stopping at epoch 12 with loss 4709397.0
Reconstruction for fluence = 2976351.4416313134 photons/pixel
Epoch 0: loss = 33197576192.0
Epoch 1: loss = 47905048.0
Epoch 2: loss = 4992671.0
Epoch 3: loss = 4513167.0
Epoch 4: loss = 4508896.0
Epoch 5: loss = 4508866.0
Epoch 6: loss = 4508865.0
Epoch 7: loss = 4508865.0
Epoch 8: loss = 4508865.0
Epoch 9: loss = 4508864.0
Epoch 10: loss = 4508864.0
Epoch 11: loss = 4508864.0
Epoch 12: loss = 4508864.0
Epoch 13: loss = 4508864.0
Epoch 14: loss = 4508864.0
Early stopping at epoch 14 with loss 4508864.0
Reconstruction for fluence = 7847599.703514607 photons/pixel
Epoch 0: loss = 87529668608.0
Epoch 1: loss = 11606756.0
Epoch 2: loss = 4369943.0
Epoch 3: loss = 4352910.5
Epoch 4: loss = 4352797.0
Epoch 5: loss = 4352796.0
Epoch 6: loss = 4352796.0
Epoch 7: loss = 4352796.0
Epoch 8: loss = 4352795.0
Epoch 9: loss = 4352795.0
Epoch 10: loss = 4352795.0
Epoch 11: loss = 4352795.0
Epoch 12: loss = 4352795.0
Epoch 13: loss = 4352795.0
Early stopping at epoch 13 with loss 4352795.0
Reconstruction for fluence = 20691380.8111479 photons/pixel
Epoch 0: loss = 230784090112.0
Epoch 1: loss = 23301804.0
Epoch 2: loss = 4306061.0
Epoch 3: loss = 4263177.5
Epoch 4: loss = 4262889.0
Epoch 5: loss = 4262888.5
Epoch 6: loss = 4262888.0
Epoch 7: loss = 4262887.0
Epoch 8: loss = 4262887.0
Epoch 9: loss = 4262887.0
Epoch 10: loss = 4262887.0
Epoch 11: loss = 4262887.0
Epoch 12: loss = 4262887.0
Early stopping at epoch 12 with loss 4262887.0
Reconstruction for fluence = 54555947.811685145 photons/pixel
Epoch 0: loss = 608493633536.0
Epoch 1: loss = 109530288.0
Epoch 2: loss = 4219788.5
Epoch 3: loss = 4218339.5
Epoch 4: loss = 4218331.0
Epoch 5: loss = 4218330.0
Epoch 6: loss = 4218330.0
Epoch 7: loss = 4218329.0
Epoch 8: loss = 4218329.0
Epoch 9: loss = 4218329.0
Epoch 10: loss = 4218329.0
Epoch 11: loss = 4218329.0
Epoch 12: loss = 4218328.5
Epoch 13: loss = 4218328.5
Epoch 14: loss = 4218328.5
Epoch 15: loss = 4218328.5
Epoch 16: loss = 4218328.5
Epoch 17: loss = 4218328.5
Early stopping at epoch 17 with loss 4218328.5
Reconstruction for fluence = 143844988.828766 photons/pixel
Epoch 0: loss = 1604384980992.0
Epoch 1: loss = 134621376.0
Epoch 2: loss = 4512680.0
Epoch 3: loss = 4202838.0
Epoch 4: loss = 4200752.0
Epoch 5: loss = 4200742.0
Epoch 6: loss = 4200740.0
Epoch 7: loss = 4200740.0
Epoch 8: loss = 4200739.0
Epoch 9: loss = 4200739.0
Epoch 10: loss = 4200739.0
Epoch 11: loss = 4200739.0
Epoch 12: loss = 4200738.5
Epoch 13: loss = 4200738.5
Epoch 14: loss = 4200738.5
Epoch 15: loss = 4200738.5
Epoch 16: loss = 4200738.5
Epoch 17: loss = 4200738.5
Early stopping at epoch 17 with loss 4200738.5
Reconstruction for fluence = 379269019.07322377 photons/pixel
Epoch 0: loss = 4230193872896.0
Epoch 1: loss = 353509312.0
Epoch 2: loss = 5003643.0
Epoch 3: loss = 4197240.0
Epoch 4: loss = 4191839.75
Epoch 5: loss = 4191807.5
Epoch 6: loss = 4191804.5
Epoch 7: loss = 4191804.5
Epoch 8: loss = 4191804.5
Epoch 9: loss = 4191804.5
Epoch 10: loss = 4191804.5
Epoch 11: loss = 4191804.5
Early stopping at epoch 11 with loss 4191804.5
Reconstruction for fluence = 1000000000.0 photons/pixel
Epoch 0: loss = 11153544577024.0
Epoch 1: loss = 924627136.0
Epoch 2: loss = 6312392.5
Epoch 3: loss = 4207430.5
Epoch 4: loss = 4193250.5
Epoch 5: loss = 4193157.25
Epoch 6: loss = 4193155.5
Epoch 7: loss = 4193155.5
Epoch 8: loss = 4193155.5
Epoch 9: loss = 4193155.5
Epoch 10: loss = 4193155.5
Epoch 11: loss = 4193155.5
Early stopping at epoch 11 with loss 4193155.5
Tensors initialization on device cuda
Multiprobe = None

('MSE', 'PoissonNLL') RECONSTRUCTIONS

Reconstruction for fluence = 10.0 photons/pixel
Epoch 0: loss = 711684.8125
Epoch 1: loss = 307196.625
Epoch 2: loss = 307194.5625
Epoch 3: loss = 307194.5625
Epoch 4: loss = 307194.5
Epoch 5: loss = 307194.5
Epoch 6: loss = 307194.5
Epoch 7: loss = 307194.4375
Epoch 8: loss = 307194.4375
Epoch 9: loss = 307194.4375
Epoch 10: loss = 307194.4375
Epoch 11: loss = 307194.4375
Epoch 12: loss = 307194.4375
Early stopping at epoch 12 with loss 307194.4375
Epoch 0: loss = 0.08392217755317688
Epoch 1: loss = 0.06174333021044731
Epoch 2: loss = 0.06172790378332138
Epoch 3: loss = 0.061727188527584076
Epoch 4: loss = 0.061727188527584076
Epoch 5: loss = 0.061727188527584076
Epoch 6: loss = 0.061727188527584076
Early stopping at epoch 6 with loss 0.06174333021044731
Reconstruction for fluence = 26.366508987303583 photons/pixel
Epoch 0: loss = 1362610.0
Epoch 1: loss = 618857.125
Epoch 2: loss = 618852.0625
Epoch 3: loss = 618852.0
Epoch 4: loss = 618852.0
Epoch 5: loss = 618852.0
Epoch 6: loss = 618852.0
Epoch 7: loss = 618852.0
Epoch 8: loss = 618851.9375
Epoch 9: loss = 618851.9375
Epoch 10: loss = 618851.9375
Epoch 11: loss = 618851.9375
Epoch 12: loss = 618851.9375
Epoch 13: loss = 618851.9375
Early stopping at epoch 13 with loss 618851.9375
Epoch 0: loss = 0.13114163279533386
Epoch 1: loss = 0.10686282813549042
Epoch 2: loss = 0.10684829205274582
Epoch 3: loss = 0.10684765130281448
Epoch 4: loss = 0.10684765130281448
Epoch 5: loss = 0.10684765130281448
Epoch 6: loss = 0.10684765130281448
Early stopping at epoch 6 with loss 0.10686282813549042
Reconstruction for fluence = 69.51927961775604 photons/pixel
Epoch 0: loss = 2164844.75
Epoch 1: loss = 923588.375
Epoch 2: loss = 923562.875
Epoch 3: loss = 923562.75
Epoch 4: loss = 923562.75
Epoch 5: loss = 923562.6875
Epoch 6: loss = 923562.625
Epoch 7: loss = 923562.625
Epoch 8: loss = 923562.625
Epoch 9: loss = 923562.625
Epoch 10: loss = 923562.625
Epoch 11: loss = 923562.625
Early stopping at epoch 11 with loss 923562.625
Epoch 0: loss = 0.15196092426776886
Epoch 1: loss = 0.1338813304901123
Epoch 2: loss = 0.1338723599910736
Epoch 3: loss = 0.13387228548526764
Epoch 4: loss = 0.13387228548526764
Epoch 5: loss = 0.13387228548526764
Epoch 6: loss = 0.13387228548526764
Early stopping at epoch 6 with loss 0.1338813304901123
Reconstruction for fluence = 183.29807108324357 photons/pixel
Epoch 0: loss = 3255968.75
Epoch 1: loss = 990271.3125
Epoch 2: loss = 990248.5
Epoch 3: loss = 990248.5
Epoch 4: loss = 990248.5
Epoch 5: loss = 990248.375
Epoch 6: loss = 990248.375
Epoch 7: loss = 990248.375
Epoch 8: loss = 990248.375
Epoch 9: loss = 990248.375
Epoch 10: loss = 990248.375
Early stopping at epoch 10 with loss 990248.375
Epoch 0: loss = -0.022290214896202087
Epoch 1: loss = -0.0373895987868309
Epoch 2: loss = -0.03740118443965912
Epoch 3: loss = -0.03740125894546509
Epoch 4: loss = -0.03740125894546509
Epoch 5: loss = -0.03740125894546509
Epoch 6: loss = -0.03740125894546509
Early stopping at epoch 6 with loss -0.0373895987868309
Reconstruction for fluence = 483.2930238571752 photons/pixel
Epoch 0: loss = 6340324.5
Epoch 1: loss = 1124397.75
Epoch 2: loss = 1124011.75
Epoch 3: loss = 1124009.5
Epoch 4: loss = 1124009.25
Epoch 5: loss = 1124009.25
Epoch 6: loss = 1124009.25
Epoch 7: loss = 1124009.25
Epoch 8: loss = 1124009.25
Epoch 9: loss = 1124009.25
Early stopping at epoch 9 with loss 1124009.25
Epoch 0: loss = -1.105402946472168
Epoch 1: loss = -1.1273064613342285
Epoch 2: loss = -1.1273167133331299
Epoch 3: loss = -1.1273167133331299
Epoch 4: loss = -1.1273167133331299
Epoch 5: loss = -1.127316951751709
Epoch 6: loss = -1.127316951751709
Early stopping at epoch 6 with loss -1.1273064613342285
Reconstruction for fluence = 1274.2749857031333 photons/pixel
Epoch 0: loss = 15071104.0
Epoch 1: loss = 1536605.25
Epoch 2: loss = 1536365.0
Epoch 3: loss = 1536363.875
Epoch 4: loss = 1536363.75
Epoch 5: loss = 1536363.75
Epoch 6: loss = 1536363.75
Epoch 7: loss = 1536363.625
Epoch 8: loss = 1536363.625
Epoch 9: loss = 1536363.625
Epoch 10: loss = 1536363.625
Epoch 11: loss = 1536363.625
Epoch 12: loss = 1536363.625
Early stopping at epoch 12 with loss 1536363.625
Epoch 0: loss = -5.655925750732422
Epoch 1: loss = -5.687634468078613
Epoch 2: loss = -5.687641143798828
Epoch 3: loss = -5.6876420974731445
Epoch 4: loss = -5.6876420974731445
Epoch 5: loss = -5.6876420974731445
Epoch 6: loss = -5.6876420974731445
Early stopping at epoch 6 with loss -5.687634468078613
Reconstruction for fluence = 3359.818286283781 photons/pixel
Epoch 0: loss = 38305488.0
Epoch 1: loss = 2166577.0
Epoch 2: loss = 2165505.5
Epoch 3: loss = 2165503.25
Epoch 4: loss = 2165503.0
Epoch 5: loss = 2165503.0
Epoch 6: loss = 2165503.0
Epoch 7: loss = 2165503.0
Epoch 8: loss = 2165502.75
Epoch 9: loss = 2165502.75
Epoch 10: loss = 2165502.5
Epoch 11: loss = 2165502.5
Epoch 12: loss = 2165502.5
Epoch 13: loss = 2165502.5
Epoch 14: loss = 2165502.5
Epoch 0: loss = -22.115272521972656
Epoch 1: loss = -22.155925750732422
Epoch 2: loss = -22.155942916870117
Epoch 3: loss = -22.155942916870117
Epoch 4: loss = -22.15594482421875
Epoch 5: loss = -22.155946731567383
Epoch 6: loss = -22.155946731567383
Early stopping at epoch 6 with loss -22.155925750732422
Reconstruction for fluence = 8858.667904100823 photons/pixel
Epoch 0: loss = 99619456.0
Epoch 1: loss = 2977865.0
Epoch 2: loss = 2970548.0
Epoch 3: loss = 2970541.5
Epoch 4: loss = 2970541.0
Epoch 5: loss = 2970541.0
Epoch 6: loss = 2970540.75
Epoch 7: loss = 2970540.75
Epoch 8: loss = 2970540.75
Epoch 9: loss = 2970540.5
Epoch 10: loss = 2970540.5
Epoch 11: loss = 2970540.5
Epoch 12: loss = 2970540.5
Epoch 13: loss = 2970540.5
Epoch 14: loss = 2970540.5
Early stopping at epoch 14 with loss 2970540.5
Epoch 0: loss = -77.24400329589844
Epoch 1: loss = -77.2886962890625
Epoch 2: loss = -77.28870391845703
Epoch 3: loss = -77.28871154785156
Epoch 4: loss = -77.28871154785156
Epoch 5: loss = -77.28871154785156
Epoch 6: loss = -77.28871154785156
Early stopping at epoch 6 with loss -77.2886962890625
Reconstruction for fluence = 23357.214690901215 photons/pixel
Epoch 0: loss = 261331744.0
Epoch 1: loss = 3847974.75
Epoch 2: loss = 3827187.0
Epoch 3: loss = 3827180.0
Epoch 4: loss = 3827179.5
Epoch 5: loss = 3827179.5
Epoch 6: loss = 3827179.5
Epoch 7: loss = 3827179.0
Epoch 8: loss = 3827179.0
Epoch 9: loss = 3827179.0
Epoch 10: loss = 3827179.0
Epoch 11: loss = 3827179.0
Epoch 12: loss = 3827179.0
Early stopping at epoch 12 with loss 3827179.0
Epoch 0: loss = -253.4798583984375
Epoch 1: loss = -253.52008056640625
Epoch 2: loss = -253.5200958251953
Epoch 3: loss = -253.5200958251953
Epoch 4: loss = -253.5201416015625
Epoch 5: loss = -253.5201416015625
Epoch 6: loss = -253.5201416015625
Early stopping at epoch 6 with loss -253.52008056640625
Reconstruction for fluence = 61584.82110660254 photons/pixel
Epoch 0: loss = 687667072.0
Epoch 1: loss = 4605940.5
Epoch 2: loss = 4514881.5
Epoch 3: loss = 4514845.0
Epoch 4: loss = 4514845.0
Epoch 5: loss = 4514844.0
Epoch 6: loss = 4514844.0
Epoch 7: loss = 4514844.0
Epoch 8: loss = 4514844.0
Epoch 9: loss = 4514844.0
Epoch 10: loss = 4514844.0
Early stopping at epoch 10 with loss 4514844.0
Epoch 0: loss = -799.6408081054688
Epoch 1: loss = -799.669677734375
Epoch 2: loss = -799.6697998046875
Epoch 3: loss = -799.6697998046875
Epoch 4: loss = -799.6697998046875
Epoch 5: loss = -799.6697998046875
Epoch 6: loss = -799.669921875
Epoch 7: loss = -799.669921875
Epoch 8: loss = -799.669921875
Epoch 9: loss = -799.669921875
Epoch 10: loss = -799.669921875
Epoch 11: loss = -799.669921875
Early stopping at epoch 11 with loss -799.669921875
Reconstruction for fluence = 162377.67391887208 photons/pixel
Epoch 0: loss = 1811808768.0
Epoch 1: loss = 7200049.0
Epoch 2: loss = 4889846.5
Epoch 3: loss = 4863339.0
Epoch 4: loss = 4863090.5
Epoch 5: loss = 4863089.5
Epoch 6: loss = 4863089.0
Epoch 7: loss = 4863089.0
Epoch 8: loss = 4863089.0
Epoch 9: loss = 4863089.0
Epoch 10: loss = 4863088.5
Epoch 11: loss = 4863088.5
Epoch 12: loss = 4863088.5
Epoch 13: loss = 4863088.5
Epoch 14: loss = 4863088.5
Epoch 0: loss = -2454.306640625
Epoch 1: loss = -2454.3232421875
Epoch 2: loss = -2454.3232421875
Epoch 3: loss = -2454.3232421875
Epoch 4: loss = -2454.3232421875
Epoch 5: loss = -2454.3232421875
Epoch 6: loss = -2454.3232421875
Early stopping at epoch 6 with loss -2454.3232421875
Reconstruction for fluence = 428133.2398719396 photons/pixel
Epoch 0: loss = 4775975936.0
Epoch 1: loss = 5601826.0
Epoch 2: loss = 4884338.0
Epoch 3: loss = 4883627.0
Epoch 4: loss = 4883623.0
Epoch 5: loss = 4883622.0
Epoch 6: loss = 4883622.0
Epoch 7: loss = 4883622.0
Epoch 8: loss = 4883622.0
Epoch 9: loss = 4883622.0
Epoch 10: loss = 4883621.5
Epoch 11: loss = 4883621.5
Epoch 12: loss = 4883621.5
Epoch 13: loss = 4883621.0
Epoch 14: loss = 4883621.0
Epoch 0: loss = -7383.0087890625
Epoch 1: loss = -7383.0087890625
Epoch 2: loss = -7383.0146484375
Epoch 3: loss = -7383.0146484375
Epoch 4: loss = -7383.015625
Epoch 5: loss = -7383.015625
Epoch 6: loss = -7383.015625
Epoch 7: loss = -7383.015625
Epoch 8: loss = -7383.015625
Epoch 9: loss = -7383.015625
Early stopping at epoch 9 with loss -7383.015625
Reconstruction for fluence = 1128837.8916846882 photons/pixel
Epoch 0: loss = 12591560704.0
Epoch 1: loss = 6620013.0
Epoch 2: loss = 4713680.0
Epoch 3: loss = 4711843.0
Epoch 4: loss = 4711832.0
Epoch 5: loss = 4711831.0
Epoch 6: loss = 4711831.0
Epoch 7: loss = 4711831.0
Epoch 8: loss = 4711830.0
Epoch 9: loss = 4711830.0
Epoch 10: loss = 4711830.0
Epoch 11: loss = 4711830.0
Epoch 12: loss = 4711830.0
Epoch 13: loss = 4711830.0
Early stopping at epoch 13 with loss 4711830.0
Epoch 0: loss = -21870.931640625
Epoch 1: loss = -21870.931640625
Epoch 2: loss = -21870.93359375
Epoch 3: loss = -21870.93359375
Epoch 4: loss = -21870.93359375
Epoch 5: loss = -21870.93359375
Epoch 6: loss = -21870.93359375
Epoch 7: loss = -21870.93359375
Early stopping at epoch 7 with loss -21870.93359375
Reconstruction for fluence = 2976351.4416313134 photons/pixel
Epoch 0: loss = 33197926400.0
Epoch 1: loss = 9579100.0
Epoch 2: loss = 4509013.0
Epoch 3: loss = 4504018.5
Epoch 4: loss = 4503984.0
Epoch 5: loss = 4503983.0
Epoch 6: loss = 4503983.0
Epoch 7: loss = 4503982.0
Epoch 8: loss = 4503982.0
Epoch 9: loss = 4503982.0
Epoch 10: loss = 4503982.0
Epoch 11: loss = 4503982.0
Epoch 12: loss = 4503982.0
Early stopping at epoch 12 with loss 4503982.0
Epoch 0: loss = -64006.3828125
Epoch 1: loss = -64006.3828125
Epoch 2: loss = -64006.3828125
Epoch 3: loss = -64006.3828125
Epoch 4: loss = -64006.3828125
Epoch 5: loss = -64006.3828125
Early stopping at epoch 5 with loss -64006.3828125
Reconstruction for fluence = 7847599.703514607 photons/pixel
Epoch 0: loss = 87529594880.0
Epoch 1: loss = 11604559.0
Epoch 2: loss = 4371980.0
Epoch 3: loss = 4355193.0
Epoch 4: loss = 4355081.0
Epoch 5: loss = 4355080.0
Epoch 6: loss = 4355080.0
Epoch 7: loss = 4355080.0
Epoch 8: loss = 4355080.0
Epoch 9: loss = 4355079.5
Epoch 10: loss = 4355079.5
Epoch 11: loss = 4355079.5
Epoch 12: loss = 4355079.5
Epoch 13: loss = 4355079.0
Epoch 14: loss = 4355079.0
Epoch 0: loss = -185480.046875
Epoch 1: loss = -185480.046875
Epoch 2: loss = -185480.046875
Epoch 3: loss = -185480.046875
Epoch 4: loss = -185480.046875
Epoch 5: loss = -185480.046875
Early stopping at epoch 5 with loss -185480.046875
Reconstruction for fluence = 20691380.8111479 photons/pixel
Epoch 0: loss = 230782828544.0
Epoch 1: loss = 23379688.0
Epoch 2: loss = 4308405.5
Epoch 3: loss = 4266304.0
Epoch 4: loss = 4266022.0
Epoch 5: loss = 4266021.0
Epoch 6: loss = 4266021.0
Epoch 7: loss = 4266021.0
Epoch 8: loss = 4266020.0
Epoch 9: loss = 4266020.0
Epoch 10: loss = 4266020.0
Epoch 11: loss = 4266020.0
Epoch 12: loss = 4266020.0
Epoch 13: loss = 4266020.0
Early stopping at epoch 13 with loss 4266020.0
Epoch 0: loss = -533125.25
Epoch 1: loss = -533125.25
Epoch 2: loss = -533125.25
Epoch 3: loss = -533125.25
Epoch 4: loss = -533125.25
Epoch 5: loss = -533125.25
Early stopping at epoch 5 with loss -533125.25
Reconstruction for fluence = 54555947.811685145 photons/pixel
Epoch 0: loss = 608493043712.0
Epoch 1: loss = 54755140.0
Epoch 2: loss = 4337364.5
Epoch 3: loss = 4221015.0
Epoch 4: loss = 4220232.0
Epoch 5: loss = 4220229.0
Epoch 6: loss = 4220228.0
Epoch 7: loss = 4220227.0
Epoch 8: loss = 4220227.0
Epoch 9: loss = 4220227.0
Epoch 10: loss = 4220227.0
Epoch 11: loss = 4220227.0
Epoch 12: loss = 4220227.0
Early stopping at epoch 12 with loss 4220227.0
Epoch 0: loss = -1521882.25
Epoch 1: loss = -1521882.25
Epoch 2: loss = -1521882.25
Epoch 3: loss = -1521882.25
Epoch 4: loss = -1521882.25
Epoch 5: loss = -1521882.25
Early stopping at epoch 5 with loss -1521882.25
Reconstruction for fluence = 143844988.828766 photons/pixel
Epoch 0: loss = 1604382359552.0
Epoch 1: loss = 134795888.0
Epoch 2: loss = 4513911.0
Epoch 3: loss = 4204432.5
Epoch 4: loss = 4202350.0
Epoch 5: loss = 4202337.0
Epoch 6: loss = 4202337.0
Epoch 7: loss = 4202337.0
Epoch 8: loss = 4202337.0
Epoch 9: loss = 4202337.0
Epoch 10: loss = 4202337.0
Early stopping at epoch 10 with loss 4202337.0
Epoch 0: loss = -4319103.0
Epoch 1: loss = -4319103.0
Epoch 2: loss = -4319103.0
Epoch 3: loss = -4319103.0
Epoch 4: loss = -4319103.0
Epoch 5: loss = -4319103.0
Early stopping at epoch 5 with loss -4319103.0
Reconstruction for fluence = 379269019.07322377 photons/pixel
Epoch 0: loss = 4230193610752.0
Epoch 1: loss = 353524672.0
Epoch 2: loss = 5003656.0
Epoch 3: loss = 4196192.5
Epoch 4: loss = 4190778.5
Epoch 5: loss = 4190744.0
Epoch 6: loss = 4190742.5
Epoch 7: loss = 4190742.5
Epoch 8: loss = 4190742.5
Epoch 9: loss = 4190742.5
Epoch 10: loss = 4190742.5
Epoch 11: loss = 4190742.5
Early stopping at epoch 11 with loss 4190742.5
Epoch 0: loss = -12195906.0
Epoch 1: loss = -12195906.0
Epoch 2: loss = -12195906.0
Epoch 3: loss = -12195906.0
Epoch 4: loss = -12195906.0
Epoch 5: loss = -12195906.0
Early stopping at epoch 5 with loss -12195906.0
Reconstruction for fluence = 1000000000.0 photons/pixel
Epoch 0: loss = 11153536188416.0
Epoch 1: loss = 923924416.0
Epoch 2: loss = 6314113.0
Epoch 3: loss = 4204940.5
Epoch 4: loss = 4190736.5
Epoch 5: loss = 4190643.0
Epoch 6: loss = 4190643.0
Epoch 7: loss = 4190643.0
Epoch 8: loss = 4190643.0
Epoch 9: loss = 4190643.0
Epoch 10: loss = 4190643.0
Early stopping at epoch 10 with loss 4190643.0
Epoch 0: loss = -34286624.0
Epoch 1: loss = -34286624.0
Epoch 2: loss = -34286624.0
Epoch 3: loss = -34286624.0
Epoch 4: loss = -34286624.0
Epoch 5: loss = -34286624.0
Early stopping at epoch 5 with loss -34286624.0
Simulation for n_fluences=20 completed!
