Running simulation for steps_size=1 and n_fluences=20
Steps size: 1
Tensors initialization on device cuda
Multiprobe = band_lim
torch.Size([1, 64, 64])

('MSE', None) RECONSTRUCTIONS

Reconstruction for fluence = 0.09999999999999999 photons/pixel
Epoch 0: loss = 0.0006320339161902666
Epoch 1: loss = 0.0006320339161902666
Epoch 2: loss = 0.0006320339161902666
Epoch 3: loss = 0.0006320339161902666
Epoch 4: loss = 0.0006320339161902666
Epoch 5: loss = 0.0006320339161902666
Early stopping at epoch 5 with loss 0.0006320339161902666
Reconstruction for fluence = 0.23357214690901223 photons/pixel
Epoch 0: loss = 0.0014356408501043916
Epoch 1: loss = 0.0014356408501043916
Epoch 2: loss = 0.0014356408501043916
Epoch 3: loss = 0.0014356408501043916
Epoch 4: loss = 0.0014356408501043916
Epoch 5: loss = 0.0014356408501043916
Early stopping at epoch 5 with loss 0.0014356408501043916
Reconstruction for fluence = 0.5455594781168519 photons/pixel
Epoch 0: loss = 0.0031940673943609
Epoch 1: loss = 0.0031939728651195765
Epoch 2: loss = 0.0031938781030476093
Epoch 3: loss = 0.003193783340975642
Epoch 4: loss = 0.003193688578903675
Epoch 5: loss = 0.0031935940496623516
Early stopping at epoch 5 with loss 0.0031940673943609
Reconstruction for fluence = 1.2742749857031335 photons/pixel
Epoch 0: loss = 0.006976508069783449
Epoch 1: loss = 0.006976039614528418
Epoch 2: loss = 0.006975571159273386
Epoch 3: loss = 0.006975102238357067
Epoch 4: loss = 0.0069746337831020355
Epoch 5: loss = 0.006974164862185717
Early stopping at epoch 5 with loss 0.006976508069783449
Reconstruction for fluence = 2.976351441631318 photons/pixel
Epoch 0: loss = 0.014621447771787643
Epoch 1: loss = 0.014619255438446999
Epoch 2: loss = 0.014617064967751503
Epoch 3: loss = 0.014614874497056007
Epoch 4: loss = 0.014612684957683086
Epoch 5: loss = 0.014610495418310165
Early stopping at epoch 5 with loss 0.014621447771787643
Reconstruction for fluence = 6.9519279617756045 photons/pixel
Epoch 0: loss = 0.028587331995368004
Epoch 1: loss = 0.028577787801623344
Epoch 2: loss = 0.028568245470523834
Epoch 3: loss = 0.028558705002069473
Epoch 4: loss = 0.02854917384684086
Epoch 5: loss = 0.028539644554257393
Early stopping at epoch 5 with loss 0.028587331995368004
Reconstruction for fluence = 16.23776739188721 photons/pixel
Epoch 0: loss = 0.050970807671546936
Epoch 1: loss = 0.05093301832675934
Epoch 2: loss = 0.05089525133371353
Epoch 3: loss = 0.050857529044151306
Epoch 4: loss = 0.05081985518336296
Epoch 5: loss = 0.05078223720192909
Epoch 6: loss = 0.0507446750998497
Epoch 7: loss = 0.05070716142654419
Epoch 8: loss = 0.050669699907302856
Epoch 9: loss = 0.0506322868168354
Epoch 10: loss = 0.050594933331012726
Epoch 11: loss = 0.05055762827396393
Epoch 12: loss = 0.05052037537097931
Epoch 13: loss = 0.05048317462205887
Epoch 14: loss = 0.050446026027202606
Epoch 15: loss = 0.05040892958641052
Epoch 16: loss = 0.05037188529968262
Epoch 17: loss = 0.05033489316701889
Epoch 18: loss = 0.05029795318841934
Epoch 19: loss = 0.050261061638593674
Epoch 20: loss = 0.05022422596812248
Epoch 21: loss = 0.05018743500113487
Epoch 22: loss = 0.05015069991350174
Epoch 23: loss = 0.050114016979932785
Epoch 24: loss = 0.05007738620042801
Epoch 25: loss = 0.05004080384969711
Epoch 26: loss = 0.050004273653030396
Epoch 27: loss = 0.049967795610427856
Epoch 28: loss = 0.0499313622713089
Epoch 29: loss = 0.04989498481154442
Epoch 30: loss = 0.049858659505844116
Epoch 31: loss = 0.049822382628917694
Epoch 32: loss = 0.04978615790605545
Epoch 33: loss = 0.04974998161196709
Epoch 34: loss = 0.0497138574719429
Epoch 35: loss = 0.049677785485982895
Epoch 36: loss = 0.04964176192879677
Epoch 37: loss = 0.04960578680038452
Epoch 38: loss = 0.049569860100746155
Epoch 39: loss = 0.049533993005752563
Epoch 40: loss = 0.049498170614242554
Epoch 41: loss = 0.049462392926216125
Epoch 42: loss = 0.04942667484283447
Epoch 43: loss = 0.0493909977376461
Epoch 44: loss = 0.04935537278652191
Epoch 45: loss = 0.0493198037147522
Epoch 46: loss = 0.049284279346466064
Epoch 47: loss = 0.04924880713224411
Epoch 48: loss = 0.049213383346796036
Epoch 49: loss = 0.04917800426483154
Epoch 50: loss = 0.04914268106222153
Epoch 51: loss = 0.04910740256309509
Epoch 52: loss = 0.04907217621803284
Epoch 53: loss = 0.04903699830174446
Epoch 54: loss = 0.049001868814229965
Epoch 55: loss = 0.04896679148077965
Epoch 56: loss = 0.04893175885081291
Epoch 57: loss = 0.048896778374910355
Epoch 58: loss = 0.04886184632778168
Epoch 59: loss = 0.04882696270942688
Epoch 60: loss = 0.04879212751984596
Epoch 61: loss = 0.048757340759038925
Epoch 62: loss = 0.04872260242700577
Epoch 63: loss = 0.04868791252374649
Epoch 64: loss = 0.048653267323970795
Epoch 65: loss = 0.048618678003549576
Epoch 66: loss = 0.04858413338661194
Epoch 67: loss = 0.04854963719844818
Epoch 68: loss = 0.0485151931643486
Epoch 69: loss = 0.048480790108442307
Epoch 70: loss = 0.04844643920660019
Epoch 71: loss = 0.04841213300824165
Epoch 72: loss = 0.048377878963947296
Epoch 73: loss = 0.04834366962313652
Epoch 74: loss = 0.048309508711099625
Epoch 75: loss = 0.04827539622783661
Epoch 76: loss = 0.04824133217334747
Epoch 77: loss = 0.04820731282234192
Epoch 78: loss = 0.048173341900110245
Epoch 79: loss = 0.04813942313194275
Epoch 80: loss = 0.048105545341968536
Epoch 81: loss = 0.0480717197060585
Epoch 82: loss = 0.04803793877363205
Epoch 83: loss = 0.04800420254468918
Epoch 84: loss = 0.047970518469810486
Epoch 85: loss = 0.047936879098415375
Epoch 86: loss = 0.047903284430503845
Epoch 87: loss = 0.047869741916656494
Epoch 88: loss = 0.047836240381002426
Epoch 89: loss = 0.04780279099941254
Epoch 90: loss = 0.04776938259601593
Epoch 91: loss = 0.0477360263466835
Epoch 92: loss = 0.047702714800834656
Epoch 93: loss = 0.04766945168375969
Epoch 94: loss = 0.047636233270168304
Epoch 95: loss = 0.0476030558347702
Epoch 96: loss = 0.04756993055343628
Epoch 97: loss = 0.047536853700876236
Epoch 98: loss = 0.04750381410121918
Epoch 99: loss = 0.0474708266556263
Epoch 100: loss = 0.0474378876388073
Epoch 101: loss = 0.04740499332547188
Epoch 102: loss = 0.04737213999032974
Epoch 103: loss = 0.047339338809251785
Epoch 104: loss = 0.04730658233165741
Epoch 105: loss = 0.04727386683225632
Epoch 106: loss = 0.0472412034869194
Epoch 107: loss = 0.047208577394485474
Epoch 108: loss = 0.04717600718140602
Epoch 109: loss = 0.04714347422122955
Epoch 110: loss = 0.047110989689826965
Epoch 111: loss = 0.04707854986190796
Epoch 112: loss = 0.04704615846276283
Epoch 113: loss = 0.04701381176710129
Epoch 114: loss = 0.046981506049633026
Epoch 115: loss = 0.046949248760938644
Epoch 116: loss = 0.046917036175727844
Epoch 117: loss = 0.04688486456871033
Epoch 118: loss = 0.04685274139046669
Epoch 119: loss = 0.046820662915706635
Epoch 120: loss = 0.04678863286972046
Epoch 121: loss = 0.046756643801927567
Epoch 122: loss = 0.046724699437618256
Epoch 123: loss = 0.04669279605150223
Epoch 124: loss = 0.04666094109416008
Epoch 125: loss = 0.046629130840301514
Epoch 126: loss = 0.04659736156463623
Epoch 127: loss = 0.046565644443035126
Epoch 128: loss = 0.046533964574337006
Epoch 129: loss = 0.046502333134412766
Epoch 130: loss = 0.04647073894739151
Epoch 131: loss = 0.046439193189144135
Epoch 132: loss = 0.04640769585967064
Epoch 133: loss = 0.04637623950839043
Epoch 134: loss = 0.0463448241353035
Epoch 135: loss = 0.04631345346570015
Epoch 136: loss = 0.04628212749958038
Epoch 137: loss = 0.0462508462369442
Epoch 138: loss = 0.046219609677791595
Epoch 139: loss = 0.046188414096832275
Epoch 140: loss = 0.04615726321935654
Epoch 141: loss = 0.04612615704536438
Epoch 142: loss = 0.046095091849565506
Epoch 143: loss = 0.046064071357250214
Epoch 144: loss = 0.046033091843128204
Epoch 145: loss = 0.04600215703248978
Epoch 146: loss = 0.04597126692533493
Epoch 147: loss = 0.04594041779637337
Epoch 148: loss = 0.045909613370895386
Epoch 149: loss = 0.04587884992361069
Epoch 150: loss = 0.04584813117980957
Epoch 151: loss = 0.045817457139492035
Epoch 152: loss = 0.04578682407736778
Epoch 153: loss = 0.04575623571872711
Epoch 154: loss = 0.045725688338279724
Epoch 155: loss = 0.04569517821073532
Epoch 156: loss = 0.045664720237255096
Epoch 157: loss = 0.045634299516677856
Epoch 158: loss = 0.0456039197742939
Epoch 159: loss = 0.045573584735393524
Epoch 160: loss = 0.04554329067468643
Epoch 161: loss = 0.04551304131746292
Epoch 162: loss = 0.04548283666372299
Epoch 163: loss = 0.04545266926288605
Epoch 164: loss = 0.045422542840242386
Epoch 165: loss = 0.045392461121082306
Epoch 166: loss = 0.04536242038011551
Epoch 167: loss = 0.045332424342632294
Epoch 168: loss = 0.04530246555805206
Epoch 169: loss = 0.045272551476955414
Epoch 170: loss = 0.045242682099342346
Epoch 171: loss = 0.04521284997463226
Epoch 172: loss = 0.04518306255340576
Epoch 173: loss = 0.045153312385082245
Epoch 174: loss = 0.04512360692024231
Epoch 175: loss = 0.04509393870830536
Epoch 176: loss = 0.04506431519985199
Epoch 177: loss = 0.0450347363948822
Epoch 178: loss = 0.0450051948428154
Epoch 179: loss = 0.04497569799423218
Epoch 180: loss = 0.04494623839855194
Epoch 181: loss = 0.04491681978106499
Epoch 182: loss = 0.044887445867061615
Epoch 183: loss = 0.04485810920596123
Epoch 184: loss = 0.04482881724834442
Epoch 185: loss = 0.0447995588183403
Epoch 186: loss = 0.04477035254240036
Epoch 187: loss = 0.044741179794073105
Epoch 188: loss = 0.04471204802393913
Epoch 189: loss = 0.044682957231998444
Epoch 190: loss = 0.04465390741825104
Epoch 191: loss = 0.044624894857406616
Epoch 192: loss = 0.044595927000045776
Epoch 193: loss = 0.04456700384616852
Epoch 194: loss = 0.044538114219903946
Epoch 195: loss = 0.04450926557183266
Epoch 196: loss = 0.04448045790195465
Epoch 197: loss = 0.04445169121026993
Epoch 198: loss = 0.04442296549677849
Epoch 199: loss = 0.04439427703619003
Epoch 200: loss = 0.04436562955379486
Epoch 201: loss = 0.04433702677488327
Epoch 202: loss = 0.044308457523584366
Epoch 203: loss = 0.04427993297576904
Epoch 204: loss = 0.044251441955566406
Epoch 205: loss = 0.04422299563884735
Epoch 206: loss = 0.04419458657503128
Epoch 207: loss = 0.04416622221469879
Epoch 208: loss = 0.04413788765668869
Epoch 209: loss = 0.04410960152745247
Epoch 210: loss = 0.04408135265111923
Epoch 211: loss = 0.04405314475297928
Epoch 212: loss = 0.04402497038245201
Epoch 213: loss = 0.043996840715408325
Epoch 214: loss = 0.043968744575977325
Epoch 215: loss = 0.043940696865320206
Epoch 216: loss = 0.043912678956985474
Epoch 217: loss = 0.04388470947742462
Epoch 218: loss = 0.04385676980018616
Epoch 219: loss = 0.043828874826431274
Epoch 220: loss = 0.043801017105579376
Epoch 221: loss = 0.04377320036292076
Epoch 222: loss = 0.04374542087316513
Epoch 223: loss = 0.043717674911022186
Epoch 224: loss = 0.043689973652362823
Epoch 225: loss = 0.043662309646606445
Epoch 226: loss = 0.04363468661904335
Epoch 227: loss = 0.04360709711909294
Epoch 228: loss = 0.043579548597335815
Epoch 229: loss = 0.04355204105377197
Epoch 230: loss = 0.043524570763111115
Epoch 231: loss = 0.04349713772535324
Epoch 232: loss = 0.04346974194049835
Epoch 233: loss = 0.04344238340854645
Epoch 234: loss = 0.04341506585478783
Epoch 235: loss = 0.04338778555393219
Epoch 236: loss = 0.04336054250597954
Epoch 237: loss = 0.04333334043622017
Epoch 238: loss = 0.043306171894073486
Epoch 239: loss = 0.04327904433012009
Epoch 240: loss = 0.04325195401906967
Epoch 241: loss = 0.04322490096092224
Epoch 242: loss = 0.043197885155677795
Epoch 243: loss = 0.04317091032862663
Epoch 244: loss = 0.04314396530389786
Epoch 245: loss = 0.04311706870794296
Epoch 246: loss = 0.043090201914310455
Epoch 247: loss = 0.04306337609887123
Epoch 248: loss = 0.04303658753633499
Epoch 249: loss = 0.04300983250141144
Epoch 250: loss = 0.04298311844468117
Epoch 251: loss = 0.04295644164085388
Epoch 252: loss = 0.04292980208992958
Epoch 253: loss = 0.042903199791908264
Epoch 254: loss = 0.042876631021499634
Epoch 255: loss = 0.042850103229284286
Epoch 256: loss = 0.042823612689971924
Epoch 257: loss = 0.04279715567827225
Epoch 258: loss = 0.042770735919475555
Epoch 259: loss = 0.04274435341358185
Epoch 260: loss = 0.042718011885881424
Epoch 261: loss = 0.042691707611083984
Epoch 262: loss = 0.04266543686389923
Epoch 263: loss = 0.042639195919036865
Epoch 264: loss = 0.04261299967765808
Epoch 265: loss = 0.04258684068918228
Epoch 266: loss = 0.04256071522831917
Epoch 267: loss = 0.04253462702035904
Epoch 268: loss = 0.042508579790592194
Epoch 269: loss = 0.042482562363147736
Epoch 270: loss = 0.04245658218860626
Epoch 271: loss = 0.04243063926696777
Epoch 272: loss = 0.04240473359823227
Epoch 273: loss = 0.04237886145710945
Epoch 274: loss = 0.04235302656888962
Epoch 275: loss = 0.04232722893357277
Epoch 276: loss = 0.04230146482586861
Epoch 277: loss = 0.04227573797106743
Epoch 278: loss = 0.042250052094459534
Epoch 279: loss = 0.04222439229488373
Epoch 280: loss = 0.042198777198791504
Epoch 281: loss = 0.04217319190502167
Epoch 282: loss = 0.042147643864154816
Epoch 283: loss = 0.04212213307619095
Epoch 284: loss = 0.042096659541130066
Epoch 285: loss = 0.04207121580839157
Epoch 286: loss = 0.04204581305384636
Epoch 287: loss = 0.042020440101623535
Epoch 288: loss = 0.041995108127593994
Epoch 289: loss = 0.04196980595588684
Epoch 290: loss = 0.04194454103708267
Epoch 291: loss = 0.04191931337118149
Epoch 292: loss = 0.04189412295818329
Epoch 293: loss = 0.04186896234750748
Epoch 294: loss = 0.04184383898973465
Epoch 295: loss = 0.04181875288486481
Epoch 296: loss = 0.04179370030760765
Epoch 297: loss = 0.04176867753267288
Epoch 298: loss = 0.041743699461221695
Epoch 299: loss = 0.0417187474668026
Epoch 300: loss = 0.04169383645057678
Epoch 301: loss = 0.041668958961963654
Epoch 302: loss = 0.04164411127567291
Epoch 303: loss = 0.041619300842285156
Epoch 304: loss = 0.041594527661800385
Epoch 305: loss = 0.0415697917342186
Epoch 306: loss = 0.0415450856089592
Epoch 307: loss = 0.041520409286022186
Epoch 308: loss = 0.04149577394127846
Epoch 309: loss = 0.041471172124147415
Epoch 310: loss = 0.04144660383462906
Epoch 311: loss = 0.04142206907272339
Epoch 312: loss = 0.041397567838430405
Epoch 313: loss = 0.041373103857040405
Epoch 314: loss = 0.04134867340326309
Epoch 315: loss = 0.041324276477098465
Epoch 316: loss = 0.041299909353256226
Epoch 317: loss = 0.04127558320760727
Epoch 318: loss = 0.0412512868642807
Epoch 319: loss = 0.04122702777385712
Epoch 320: loss = 0.04120279848575592
Epoch 321: loss = 0.04117860272526741
Epoch 322: loss = 0.041154444217681885
Epoch 323: loss = 0.041130319237709045
Epoch 324: loss = 0.041106224060058594
Epoch 325: loss = 0.04108216241002083
Epoch 326: loss = 0.04105813801288605
Epoch 327: loss = 0.04103414714336395
Epoch 328: loss = 0.041010189801454544
Epoch 329: loss = 0.04098626598715782
Epoch 330: loss = 0.04096236824989319
Epoch 331: loss = 0.04093851149082184
Epoch 332: loss = 0.04091469198465347
Epoch 333: loss = 0.0408908948302269
Epoch 334: loss = 0.04086713492870331
Epoch 335: loss = 0.0408434122800827
Epoch 336: loss = 0.040819719433784485
Epoch 337: loss = 0.04079606011509895
Epoch 338: loss = 0.04077243432402611
Epoch 339: loss = 0.04074883833527565
Epoch 340: loss = 0.04072527959942818
Epoch 341: loss = 0.04070174694061279
Epoch 342: loss = 0.04067825525999069
Epoch 343: loss = 0.04065479338169098
Epoch 344: loss = 0.04063136503100395
Epoch 345: loss = 0.04060796648263931
Epoch 346: loss = 0.04058460518717766
Epoch 347: loss = 0.04056127369403839
Epoch 348: loss = 0.04053797200322151
Epoch 349: loss = 0.04051470756530762
Epoch 350: loss = 0.04049146920442581
Epoch 351: loss = 0.04046826809644699
Epoch 352: loss = 0.040445100516080856
Epoch 353: loss = 0.04042196273803711
Epoch 354: loss = 0.04039885848760605
Epoch 355: loss = 0.040375787764787674
Epoch 356: loss = 0.04035274684429169
Epoch 357: loss = 0.04032973572611809
Epoch 358: loss = 0.04030676186084747
Epoch 359: loss = 0.04028381407260895
Epoch 360: loss = 0.04026090353727341
Epoch 361: loss = 0.04023802652955055
Epoch 362: loss = 0.04021517187356949
Epoch 363: loss = 0.04019235819578171
Epoch 364: loss = 0.040169574320316315
Epoch 365: loss = 0.04014682024717331
Epoch 366: loss = 0.04012410342693329
Epoch 367: loss = 0.04010140895843506
Epoch 368: loss = 0.04007875546813011
Epoch 369: loss = 0.040056124329566956
Epoch 370: loss = 0.04003353416919708
Epoch 371: loss = 0.0400109700858593
Epoch 372: loss = 0.0399884395301342
Epoch 373: loss = 0.03996593505144119
Epoch 374: loss = 0.03994347155094147
Epoch 375: loss = 0.03992103040218353
Epoch 376: loss = 0.03989862650632858
Epoch 377: loss = 0.03987625241279602
Epoch 378: loss = 0.039853908121585846
Epoch 379: loss = 0.03983159363269806
Epoch 380: loss = 0.03980930894613266
Epoch 381: loss = 0.039787061512470245
Epoch 382: loss = 0.03976484388113022
Epoch 383: loss = 0.03974265232682228
Epoch 384: loss = 0.03972049802541733
Epoch 385: loss = 0.039698369801044464
Epoch 386: loss = 0.039676275104284286
Epoch 387: loss = 0.0396542102098465
Epoch 388: loss = 0.039632175117731094
Epoch 389: loss = 0.03961016982793808
Epoch 390: loss = 0.03958819806575775
Epoch 391: loss = 0.03956625610589981
Epoch 392: loss = 0.03954434394836426
Epoch 393: loss = 0.03952246159315109
Epoch 394: loss = 0.03950061276555061
Epoch 395: loss = 0.03947879374027252
Epoch 396: loss = 0.03945700451731682
Epoch 397: loss = 0.0394352450966835
Epoch 398: loss = 0.039413515478372574
Epoch 399: loss = 0.03939181566238403
Epoch 400: loss = 0.03937014937400818
Epoch 401: loss = 0.03934850916266441
Epoch 402: loss = 0.039326898753643036
Epoch 403: loss = 0.03930532559752464
Epoch 404: loss = 0.03928377479314804
Epoch 405: loss = 0.039262257516384125
Epoch 406: loss = 0.039240770041942596
Epoch 407: loss = 0.039219312369823456
Epoch 408: loss = 0.0391978845000267
Epoch 409: loss = 0.03917648643255234
Epoch 410: loss = 0.03915511816740036
Epoch 411: loss = 0.03913377970457077
Epoch 412: loss = 0.03911247104406357
Epoch 413: loss = 0.039091192185878754
Epoch 414: loss = 0.03906994313001633
Epoch 415: loss = 0.03904872387647629
Epoch 416: loss = 0.039027534425258636
Epoch 417: loss = 0.03900637477636337
Epoch 418: loss = 0.0389852449297905
Epoch 419: loss = 0.03896414488554001
Epoch 420: loss = 0.03894307091832161
Epoch 421: loss = 0.0389220267534256
Epoch 422: loss = 0.03890101611614227
Epoch 423: loss = 0.03888003155589104
Epoch 424: loss = 0.03885907679796219
Epoch 425: loss = 0.03883815184235573
Epoch 426: loss = 0.03881725296378136
Epoch 427: loss = 0.03879638761281967
Epoch 428: loss = 0.038775548338890076
Epoch 429: loss = 0.03875473886728287
Epoch 430: loss = 0.03873395919799805
Epoch 431: loss = 0.038713209331035614
Epoch 432: loss = 0.03869248926639557
Epoch 433: loss = 0.038671791553497314
Epoch 434: loss = 0.03865112364292145
Epoch 435: loss = 0.038630492985248566
Epoch 436: loss = 0.038609884679317474
Epoch 437: loss = 0.03858930617570877
Epoch 438: loss = 0.038568757474422455
Epoch 439: loss = 0.03854823485016823
Epoch 440: loss = 0.03852774202823639
Epoch 441: loss = 0.038507282733917236
Epoch 442: loss = 0.038486845791339874
Epoch 443: loss = 0.0384664386510849
Epoch 444: loss = 0.038446057587862015
Epoch 445: loss = 0.038425710052251816
Epoch 446: loss = 0.038405388593673706
Epoch 447: loss = 0.038385096937417984
Epoch 448: loss = 0.03836483135819435
Epoch 449: loss = 0.038344595581293106
Epoch 450: loss = 0.03832438588142395
Epoch 451: loss = 0.03830420598387718
Epoch 452: loss = 0.0382840521633625
Epoch 453: loss = 0.03826393187046051
Epoch 454: loss = 0.03824383392930031
Epoch 455: loss = 0.038223765790462494
Epoch 456: loss = 0.03820372372865677
Epoch 457: loss = 0.03818371519446373
Epoch 458: loss = 0.03816372901201248
Epoch 459: loss = 0.03814377263188362
Epoch 460: loss = 0.03812384605407715
Epoch 461: loss = 0.038103945553302765
Epoch 462: loss = 0.03808407485485077
Epoch 463: loss = 0.038064226508140564
Early stopping at epoch 463 with loss 0.03816372901201248
Reconstruction for fluence = 37.926901907322495 photons/pixel
Epoch 0: loss = 0.08154305815696716
Epoch 1: loss = 0.03762969374656677
Epoch 2: loss = 0.03762969374656677
Epoch 3: loss = 0.03762969374656677
Epoch 4: loss = 0.03762969374656677
Epoch 5: loss = 0.03762969374656677
Epoch 6: loss = 0.03762969374656677
Early stopping at epoch 6 with loss 0.03762969374656677
Reconstruction for fluence = 88.58667904100822 photons/pixel
Epoch 0: loss = 0.12456163763999939
Epoch 1: loss = 0.049612097442150116
Epoch 2: loss = 0.049612097442150116
Epoch 3: loss = 0.049612097442150116
Epoch 4: loss = 0.049612097442150116
Epoch 5: loss = 0.049612097442150116
Epoch 6: loss = 0.049612097442150116
Early stopping at epoch 6 with loss 0.049612097442150116
Reconstruction for fluence = 206.9138081114788 photons/pixel
Epoch 0: loss = 0.20413422584533691
Epoch 1: loss = 0.059118352830410004
Epoch 2: loss = 0.059118352830410004
Epoch 3: loss = 0.059118352830410004
Epoch 4: loss = 0.059118352830410004
Epoch 5: loss = 0.059118352830410004
Epoch 6: loss = 0.059118352830410004
Early stopping at epoch 6 with loss 0.059118352830410004
Reconstruction for fluence = 483.2930238571752 photons/pixel
Epoch 0: loss = 0.3853588104248047
Epoch 1: loss = 0.07113213837146759
Epoch 2: loss = 0.07113213837146759
Epoch 3: loss = 0.07113213837146759
Epoch 4: loss = 0.07113213837146759
Epoch 5: loss = 0.07113213837146759
Epoch 6: loss = 0.07113213837146759
Early stopping at epoch 6 with loss 0.07113213837146759
Reconstruction for fluence = 1128.8378916846884 photons/pixel
Epoch 0: loss = 0.8151432275772095
Epoch 1: loss = 0.41155439615249634
Epoch 2: loss = 0.12084460258483887
Epoch 3: loss = 0.0913737416267395
Epoch 4: loss = 0.0913737341761589
Epoch 5: loss = 0.0913737341761589
Epoch 6: loss = 0.0913737341761589
Epoch 7: loss = 0.0913737341761589
Epoch 8: loss = 0.0913737341761589
Early stopping at epoch 8 with loss 0.0913737416267395
Reconstruction for fluence = 2636.6508987303555 photons/pixel
Epoch 0: loss = 1.8263819217681885
Epoch 1: loss = 0.12161701917648315
Epoch 2: loss = 0.12161701917648315
Epoch 3: loss = 0.12161701917648315
Epoch 4: loss = 0.12161701917648315
Epoch 5: loss = 0.12161701917648315
Epoch 6: loss = 0.12161701917648315
Early stopping at epoch 6 with loss 0.12161701917648315
Reconstruction for fluence = 6158.482110660255 photons/pixel
Epoch 0: loss = 4.1927642822265625
Epoch 1: loss = 0.16109050810337067
Epoch 2: loss = 0.16109049320220947
Epoch 3: loss = 0.16109049320220947
Epoch 4: loss = 0.16109049320220947
Epoch 5: loss = 0.16109049320220947
Epoch 6: loss = 0.16109049320220947
Early stopping at epoch 6 with loss 0.16109050810337067
Reconstruction for fluence = 14384.498882876629 photons/pixel
Epoch 0: loss = 9.722450256347656
Epoch 1: loss = 0.20552456378936768
Epoch 2: loss = 0.20552457869052887
Epoch 3: loss = 0.20552457869052887
Epoch 4: loss = 0.20552457869052887
Epoch 5: loss = 0.20552457869052887
Epoch 6: loss = 0.20552457869052887
Early stopping at epoch 6 with loss 0.20552456378936768
Reconstruction for fluence = 33598.18286283781 photons/pixel
Epoch 0: loss = 22.638675689697266
Epoch 1: loss = 0.24752706289291382
Epoch 2: loss = 0.24752706289291382
Epoch 3: loss = 0.24752706289291382
Epoch 4: loss = 0.24752706289291382
Epoch 5: loss = 0.24752706289291382
Epoch 6: loss = 0.24752706289291382
Early stopping at epoch 6 with loss 0.24752706289291382
Reconstruction for fluence = 78475.99703514607 photons/pixel
Epoch 0: loss = 52.80573272705078
Epoch 1: loss = 0.2780424654483795
Epoch 2: loss = 0.2780424654483795
Epoch 3: loss = 0.2780424654483795
Epoch 4: loss = 0.2780424654483795
Epoch 5: loss = 0.2780424654483795
Epoch 6: loss = 0.2780424654483795
Early stopping at epoch 6 with loss 0.2780424654483795
Reconstruction for fluence = 183298.07108324335 photons/pixel
Epoch 0: loss = 123.28005981445312
Epoch 1: loss = 0.29159119725227356
Epoch 2: loss = 0.29159122705459595
Epoch 3: loss = 0.29159122705459595
Epoch 4: loss = 0.29159122705459595
Epoch 5: loss = 0.29159122705459595
Epoch 6: loss = 0.29159122705459595
Early stopping at epoch 6 with loss 0.29159119725227356
Reconstruction for fluence = 428133.2398719387 photons/pixel
Epoch 0: loss = 287.8761291503906
Epoch 1: loss = 0.2903980016708374
Epoch 2: loss = 0.2903980016708374
Epoch 3: loss = 0.2903980016708374
Epoch 4: loss = 0.2903980016708374
Epoch 5: loss = 0.2903980016708374
Epoch 6: loss = 0.2903980016708374
Early stopping at epoch 6 with loss 0.2903980016708374
Reconstruction for fluence = 1000000.0 photons/pixel
Epoch 0: loss = 672.32958984375
Epoch 1: loss = 0.28140032291412354
Epoch 2: loss = 0.28140032291412354
Epoch 3: loss = 0.28140032291412354
Epoch 4: loss = 0.28140032291412354
Epoch 5: loss = 0.28140032291412354
Epoch 6: loss = 0.28140032291412354
Early stopping at epoch 6 with loss 0.28140032291412354
Tensors initialization on device cuda
Multiprobe = band_lim
torch.Size([1, 64, 64])

('MSE', 'PoissonNLL') RECONSTRUCTIONS

Reconstruction for fluence = 0.09999999999999999 photons/pixel
Epoch 0: loss = 0.000626280321739614
Epoch 1: loss = 0.000626280321739614
Epoch 2: loss = 0.000626280321739614
Epoch 3: loss = 0.000626280321739614
Epoch 4: loss = 0.000626280321739614
Epoch 5: loss = 0.000626280321739614
Early stopping at epoch 5 with loss 0.000626280321739614
Epoch 0: loss = 0.0017128277104347944
Epoch 1: loss = 0.0017128277104347944
Epoch 2: loss = 0.0017128277104347944
Epoch 3: loss = 0.0017128277104347944
Epoch 4: loss = 0.0017128277104347944
Epoch 5: loss = 0.0017128277104347944
Early stopping at epoch 5 with loss 0.0017128277104347944
Reconstruction for fluence = 0.23357214690901223 photons/pixel
Epoch 0: loss = 0.0014317790046334267
Epoch 1: loss = 0.0014317790046334267
Epoch 2: loss = 0.0014317790046334267
Epoch 3: loss = 0.0014317790046334267
Epoch 4: loss = 0.0014317790046334267
Epoch 5: loss = 0.0014317790046334267
Early stopping at epoch 5 with loss 0.0014317790046334267
Epoch 0: loss = 0.0035957263316959143
Epoch 1: loss = 0.0035957263316959143
Epoch 2: loss = 0.0035957263316959143
Epoch 3: loss = 0.0035957263316959143
Epoch 4: loss = 0.0035957263316959143
Epoch 5: loss = 0.0035957263316959143
Early stopping at epoch 5 with loss 0.0035957263316959143
Reconstruction for fluence = 0.5455594781168519 photons/pixel
Epoch 0: loss = 0.003209789516404271
Epoch 1: loss = 0.003209694754332304
Epoch 2: loss = 0.003209599992260337
Epoch 3: loss = 0.0032095052301883698
Epoch 4: loss = 0.0032094104681164026
Epoch 5: loss = 0.0032093157060444355
Early stopping at epoch 5 with loss 0.003209789516404271
Epoch 0: loss = 0.007521053776144981
Epoch 1: loss = 0.007521011400967836
Epoch 2: loss = 0.007520872633904219
Epoch 3: loss = 0.007519511505961418
Epoch 4: loss = 0.007510474417358637
Epoch 5: loss = 0.0074898358434438705
Early stopping at epoch 5 with loss 0.007521053776144981
Reconstruction for fluence = 1.2742749857031335 photons/pixel
Epoch 0: loss = 0.006992107257246971
Epoch 1: loss = 0.006991636008024216
Epoch 2: loss = 0.006991165224462748
Epoch 3: loss = 0.0069906944409012794
Epoch 4: loss = 0.006990223191678524
Epoch 5: loss = 0.006989752873778343
Early stopping at epoch 5 with loss 0.006992107257246971
Epoch 0: loss = 0.015092038549482822
Epoch 1: loss = 0.015066323801875114
Epoch 2: loss = 0.012696548365056515
Epoch 3: loss = 0.012696548365056515
Epoch 4: loss = 0.012696548365056515
Epoch 5: loss = 0.012696548365056515
Epoch 6: loss = 0.012696548365056515
Epoch 7: loss = 0.012696548365056515
Early stopping at epoch 7 with loss 0.012696548365056515
Reconstruction for fluence = 2.976351441631318 photons/pixel
Epoch 0: loss = 0.014655600301921368
Epoch 1: loss = 0.014653380960226059
Epoch 2: loss = 0.0146511634811759
Epoch 3: loss = 0.01464894600212574
Epoch 4: loss = 0.01464672852307558
Epoch 5: loss = 0.014644511975347996
Early stopping at epoch 5 with loss 0.014655600301921368
Epoch 0: loss = 0.02986227720975876
Epoch 1: loss = 0.02413899265229702
Epoch 2: loss = 0.024138320237398148
Epoch 3: loss = 0.024138320237398148
Epoch 4: loss = 0.024138320237398148
Epoch 5: loss = 0.024138320237398148
Epoch 6: loss = 0.024138320237398148
Early stopping at epoch 6 with loss 0.02413899265229702
Reconstruction for fluence = 6.9519279617756045 photons/pixel
Epoch 0: loss = 0.028858177363872528
Epoch 1: loss = 0.02884853444993496
Epoch 2: loss = 0.02883889712393284
Epoch 3: loss = 0.028829261660575867
Epoch 4: loss = 0.028819631785154343
Epoch 5: loss = 0.028810009360313416
Early stopping at epoch 5 with loss 0.028858177363872528
Epoch 0: loss = 0.05759261175990105
Epoch 1: loss = 0.043831996619701385
Epoch 2: loss = 0.04383177310228348
Epoch 3: loss = 0.04383177310228348
Epoch 4: loss = 0.04383177310228348
Epoch 5: loss = 0.04383177310228348
Epoch 6: loss = 0.04383177310228348
Early stopping at epoch 6 with loss 0.043831996619701385
Reconstruction for fluence = 16.23776739188721 photons/pixel
Epoch 0: loss = 0.0515449233353138
Epoch 1: loss = 0.05150675028562546
Epoch 2: loss = 0.05146860331296921
Epoch 3: loss = 0.05143050104379654
Epoch 4: loss = 0.05139245092868805
Epoch 5: loss = 0.051354460418224335
Epoch 6: loss = 0.0513165146112442
Epoch 7: loss = 0.05127862095832825
Epoch 8: loss = 0.05124078691005707
Epoch 9: loss = 0.05120300129055977
Epoch 10: loss = 0.05116526782512665
Epoch 11: loss = 0.051127590239048004
Epoch 12: loss = 0.05108996480703354
Epoch 13: loss = 0.051052387803792953
Epoch 14: loss = 0.051014866679906845
Epoch 0: loss = 0.10196475684642792
Epoch 1: loss = 0.07205436378717422
Epoch 2: loss = 0.07205408066511154
Epoch 3: loss = 0.07205408066511154
Epoch 4: loss = 0.07205408066511154
Epoch 5: loss = 0.07205408066511154
Epoch 6: loss = 0.07205408066511154
Early stopping at epoch 6 with loss 0.07205436378717422
Reconstruction for fluence = 37.926901907322495 photons/pixel
Epoch 0: loss = 0.0827580988407135
Epoch 1: loss = 0.038233399391174316
Epoch 2: loss = 0.038233399391174316
Epoch 3: loss = 0.038233399391174316
Epoch 4: loss = 0.038233399391174316
Epoch 5: loss = 0.038233399391174316
Epoch 6: loss = 0.038233399391174316
Early stopping at epoch 6 with loss 0.038233399391174316
Epoch 0: loss = 0.11353451013565063
Epoch 1: loss = 0.09770134091377258
Epoch 2: loss = 0.0977008193731308
Epoch 3: loss = 0.0977008193731308
Epoch 4: loss = 0.0977008193731308
Epoch 5: loss = 0.0977008193731308
Epoch 6: loss = 0.0977008193731308
Early stopping at epoch 6 with loss 0.09770134091377258
Reconstruction for fluence = 88.58667904100822 photons/pixel
Epoch 0: loss = 0.12558624148368835
Epoch 1: loss = 0.05037350952625275
Epoch 2: loss = 0.05037350952625275
Epoch 3: loss = 0.05037350952625275
Epoch 4: loss = 0.05037350952625275
Epoch 5: loss = 0.05037350952625275
Epoch 6: loss = 0.05037350952625275
Early stopping at epoch 6 with loss 0.05037350952625275
Epoch 0: loss = 0.07700030505657196
Epoch 1: loss = 0.0632581040263176
Epoch 2: loss = 0.0632580816745758
Epoch 3: loss = 0.0632580816745758
Epoch 4: loss = 0.0632580816745758
Epoch 5: loss = 0.0632580816745758
Epoch 6: loss = 0.0632580816745758
Early stopping at epoch 6 with loss 0.0632581040263176
Reconstruction for fluence = 206.9138081114788 photons/pixel
Epoch 0: loss = 0.20322400331497192
Epoch 1: loss = 0.05928904563188553
Epoch 2: loss = 0.05928904563188553
Epoch 3: loss = 0.05928904563188553
Epoch 4: loss = 0.05928904563188553
Epoch 5: loss = 0.05928904563188553
Epoch 6: loss = 0.05928904563188553
Early stopping at epoch 6 with loss 0.05928904563188553
Epoch 0: loss = -0.22288291156291962
Epoch 1: loss = -0.23819500207901
Epoch 2: loss = -0.2381950318813324
Epoch 3: loss = -0.2381950318813324
Epoch 4: loss = -0.23819506168365479
Epoch 5: loss = -0.23819506168365479
Epoch 6: loss = -0.23819506168365479
Early stopping at epoch 6 with loss -0.23819500207901
Reconstruction for fluence = 483.2930238571752 photons/pixel
Epoch 0: loss = 0.38126152753829956
Epoch 1: loss = 0.07112173736095428
Epoch 2: loss = 0.07112173736095428
Epoch 3: loss = 0.07112173736095428
Epoch 4: loss = 0.07112173736095428
Epoch 5: loss = 0.07112173736095428
Epoch 6: loss = 0.07112173736095428
Early stopping at epoch 6 with loss 0.07112173736095428
Epoch 0: loss = -1.4357894659042358
Epoch 1: loss = -1.4569562673568726
Epoch 2: loss = -1.4569566249847412
Epoch 3: loss = -1.4569566249847412
Epoch 4: loss = -1.4569568634033203
Epoch 5: loss = -1.4569571018218994
Epoch 6: loss = -1.4569571018218994
Early stopping at epoch 6 with loss -1.4569562673568726
Reconstruction for fluence = 1128.8378916846884 photons/pixel
Epoch 0: loss = 0.8049964904785156
Epoch 1: loss = 0.09174789488315582
Epoch 2: loss = 0.09174775332212448
Epoch 3: loss = 0.09174775332212448
Epoch 4: loss = 0.09174775332212448
Epoch 5: loss = 0.09174775332212448
Epoch 6: loss = 0.09174775332212448
Early stopping at epoch 6 with loss 0.09174789488315582
Epoch 0: loss = -5.477505683898926
Epoch 1: loss = -5.506884574890137
Epoch 2: loss = -5.506886005401611
Epoch 3: loss = -5.506886005401611
Epoch 4: loss = -5.5068864822387695
Epoch 5: loss = -5.5068864822387695
Epoch 6: loss = -5.5068864822387695
Early stopping at epoch 6 with loss -5.506884574890137
Reconstruction for fluence = 2636.6508987303555 photons/pixel
Epoch 0: loss = 1.8017756938934326
Epoch 1: loss = 0.12252447009086609
Epoch 2: loss = 0.12252447009086609
Epoch 3: loss = 0.12252447009086609
Epoch 4: loss = 0.12252447009086609
Epoch 5: loss = 0.12252447009086609
Epoch 6: loss = 0.12252447009086609
Early stopping at epoch 6 with loss 0.12252447009086609
Epoch 0: loss = -17.735965728759766
Epoch 1: loss = -17.773353576660156
Epoch 2: loss = -17.773353576660156
Epoch 3: loss = -17.773353576660156
Epoch 4: loss = -17.773353576660156
Epoch 5: loss = -17.773353576660156
Epoch 6: loss = -17.773353576660156
Early stopping at epoch 6 with loss -17.773353576660156
Reconstruction for fluence = 6158.482110660255 photons/pixel
Epoch 0: loss = 4.135588645935059
Epoch 1: loss = 0.16214683651924133
Epoch 2: loss = 0.16214683651924133
Epoch 3: loss = 0.16214683651924133
Epoch 4: loss = 0.16214683651924133
Epoch 5: loss = 0.16214683651924133
Epoch 6: loss = 0.16214683651924133
Early stopping at epoch 6 with loss 0.16214683651924133
Epoch 0: loss = -52.95376968383789
Epoch 1: loss = -52.99604034423828
Epoch 2: loss = -52.99604415893555
Epoch 3: loss = -52.99604415893555
Epoch 4: loss = -52.99604415893555
Epoch 5: loss = -52.99604415893555
Epoch 6: loss = -52.99604415893555
Early stopping at epoch 6 with loss -52.99604034423828
Reconstruction for fluence = 14384.498882876629 photons/pixel
Epoch 0: loss = 9.58874225616455
Epoch 1: loss = 0.20751839876174927
Epoch 2: loss = 0.20751839876174927
Epoch 3: loss = 0.20751839876174927
Epoch 4: loss = 0.20751839876174927
Epoch 5: loss = 0.20751839876174927
Epoch 6: loss = 0.20751839876174927
Early stopping at epoch 6 with loss 0.20751839876174927
Epoch 0: loss = -150.55307006835938
Epoch 1: loss = -150.594482421875
Epoch 2: loss = -150.594482421875
Epoch 3: loss = -150.594482421875
Epoch 4: loss = -150.594482421875
Epoch 5: loss = -150.594482421875
Epoch 6: loss = -150.594482421875
Early stopping at epoch 6 with loss -150.594482421875
Reconstruction for fluence = 33598.18286283781 photons/pixel
Epoch 0: loss = 22.327516555786133
Epoch 1: loss = 0.2505881190299988
Epoch 2: loss = 0.2505880892276764
Epoch 3: loss = 0.2505880892276764
Epoch 4: loss = 0.2505880892276764
Epoch 5: loss = 0.2505880892276764
Epoch 6: loss = 0.2505880892276764
Early stopping at epoch 6 with loss 0.2505881190299988
Epoch 0: loss = -414.359375
Epoch 1: loss = -414.3935546875
Epoch 2: loss = -414.3935546875
Epoch 3: loss = -414.3935546875
Epoch 4: loss = -414.3935546875
Epoch 5: loss = -414.3935546875
Epoch 6: loss = -414.3935546875
Early stopping at epoch 6 with loss -414.3935546875
Reconstruction for fluence = 78475.99703514607 photons/pixel
Epoch 0: loss = 52.082706451416016
Epoch 1: loss = 0.2812081575393677
Epoch 2: loss = 0.2812081575393677
Epoch 3: loss = 0.2812081575393677
Epoch 4: loss = 0.2812081575393677
Epoch 5: loss = 0.2812081575393677
Epoch 6: loss = 0.2812081575393677
Early stopping at epoch 6 with loss 0.2812081575393677
Epoch 0: loss = -1114.1610107421875
Epoch 1: loss = -1114.18408203125
Epoch 2: loss = -1114.1842041015625
Epoch 3: loss = -1114.1842041015625
Epoch 4: loss = -1114.1842041015625
Epoch 5: loss = -1114.1842041015625
Epoch 6: loss = -1114.1842041015625
Early stopping at epoch 6 with loss -1114.18408203125
Reconstruction for fluence = 183298.07108324335 photons/pixel
Epoch 0: loss = 121.59220886230469
Epoch 1: loss = 0.2941788136959076
Epoch 2: loss = 0.2941788136959076
Epoch 3: loss = 0.2941788136959076
Epoch 4: loss = 0.2941788136959076
Epoch 5: loss = 0.2941788136959076
Epoch 6: loss = 0.2941788136959076
Early stopping at epoch 6 with loss 0.2941788136959076
Epoch 0: loss = -2943.9599609375
Epoch 1: loss = -2943.97314453125
Epoch 2: loss = -2943.972900390625
Epoch 3: loss = -2943.97314453125
Epoch 4: loss = -2943.97314453125
Epoch 5: loss = -2943.97314453125
Epoch 6: loss = -2943.97314453125
Early stopping at epoch 6 with loss -2943.97314453125
Reconstruction for fluence = 428133.2398719387 photons/pixel
Epoch 0: loss = 283.9390869140625
Epoch 1: loss = 0.2917141914367676
Epoch 2: loss = 0.2917141914367676
Epoch 3: loss = 0.2917141914367676
Epoch 4: loss = 0.2917141914367676
Epoch 5: loss = 0.2917141914367676
Epoch 6: loss = 0.2917141914367676
Early stopping at epoch 6 with loss 0.2917141914367676
Epoch 0: loss = -7674.390625
Epoch 1: loss = -7674.396484375
Epoch 2: loss = -7674.396484375
Epoch 3: loss = -7674.396484375
Epoch 4: loss = -7674.396484375
Epoch 5: loss = -7674.396484375
Epoch 6: loss = -7674.396484375
Early stopping at epoch 6 with loss -7674.396484375
Reconstruction for fluence = 1000000.0 photons/pixel
Epoch 0: loss = 663.1386108398438
Epoch 1: loss = 0.2815263867378235
Epoch 2: loss = 0.2815263569355011
Epoch 3: loss = 0.2815263569355011
Epoch 4: loss = 0.2815263569355011
Epoch 5: loss = 0.2815263569355011
Epoch 6: loss = 0.2815263569355011
Early stopping at epoch 6 with loss 0.2815263867378235
Epoch 0: loss = -19789.05078125
Epoch 1: loss = -19789.052734375
Epoch 2: loss = -19789.052734375
Epoch 3: loss = -19789.052734375
Epoch 4: loss = -19789.052734375
Epoch 5: loss = -19789.052734375
Epoch 6: loss = -19789.052734375
Early stopping at epoch 6 with loss -19789.052734375
Simulation for steps_size=1 and n_fluences=20 completed!
