Running simulation for n_fluences=12
Tensors initialization on device cuda
Multiprobe = None

('MSE', None) RECONSTRUCTIONS

Reconstruction for fluence = 10.0 photons/pixel
Epoch 0: loss = 711559.5625
Epoch 1: loss = 307737.96875
Epoch 2: loss = 307720.125
Epoch 3: loss = 307720.0
Epoch 4: loss = 307719.9375
Epoch 5: loss = 307719.9375
Epoch 6: loss = 307719.9375
Epoch 7: loss = 307719.9375
Epoch 8: loss = 307719.90625
Epoch 9: loss = 307719.90625
Epoch 10: loss = 307719.90625
Epoch 11: loss = 307719.90625
Epoch 12: loss = 307719.90625
Epoch 13: loss = 307719.90625
Early stopping at epoch 13 with loss 307719.90625
Reconstruction for fluence = 28.48035868435802 photons/pixel
Epoch 0: loss = 1421690.125
Epoch 1: loss = 648051.5625
Epoch 2: loss = 648022.25
Epoch 3: loss = 648022.125
Epoch 4: loss = 648022.125
Epoch 5: loss = 648022.125
Epoch 6: loss = 648022.125
Epoch 7: loss = 648022.0
Epoch 8: loss = 648022.0625
Epoch 9: loss = 648022.0
Epoch 10: loss = 648022.0
Epoch 11: loss = 648022.0
Epoch 12: loss = 648022.0
Early stopping at epoch 12 with loss 648022.0
Reconstruction for fluence = 81.11308307896871 photons/pixel
Epoch 0: loss = 2300929.5
Epoch 1: loss = 5505967.5
Epoch 2: loss = 949494.375
Epoch 3: loss = 949331.125
Epoch 4: loss = 949331.0625
Epoch 5: loss = 949331.0
Epoch 6: loss = 949331.0
Epoch 7: loss = 949331.0
Epoch 8: loss = 949331.0
Epoch 9: loss = 949331.0
Epoch 10: loss = 949331.0
Early stopping at epoch 10 with loss 949331.0
Reconstruction for fluence = 231.0129700083158 photons/pixel
Epoch 0: loss = 3700489.5
Epoch 1: loss = 73961216.0
Epoch 2: loss = 999376.0
Epoch 3: loss = 996901.25
Epoch 4: loss = 996901.125
Epoch 5: loss = 996901.0
Epoch 6: loss = 996900.9375
Epoch 7: loss = 996900.9375
Epoch 8: loss = 996900.875
Epoch 9: loss = 996900.875
Epoch 10: loss = 996900.875
Epoch 11: loss = 996900.875
Epoch 12: loss = 996900.875
Epoch 13: loss = 996900.875
Early stopping at epoch 13 with loss 996900.875
Reconstruction for fluence = 657.9332246575682 photons/pixel
Epoch 0: loss = 8242623.0
Epoch 1: loss = 1522069504.0
Epoch 2: loss = 1276773.0
Epoch 3: loss = 1229312.25
Epoch 4: loss = 1229311.5
Epoch 5: loss = 1229311.25
Epoch 6: loss = 1229311.25
Epoch 7: loss = 1229311.125
Epoch 8: loss = 1229311.125
Epoch 9: loss = 1229311.125
Epoch 10: loss = 1229311.0
Epoch 11: loss = 1229311.0
Epoch 12: loss = 1229311.0
Epoch 13: loss = 1229311.0
Epoch 14: loss = 1229311.0
Epoch 15: loss = 1229311.0
Early stopping at epoch 15 with loss 1229311.0
Reconstruction for fluence = 1873.817422860383 photons/pixel
Epoch 0: loss = 21746040.0
Epoch 1: loss = 34836578304.0
Epoch 2: loss = 3617880.0
Epoch 3: loss = 1764336.375
Epoch 4: loss = 1764323.75
Epoch 5: loss = 1764323.5
Epoch 6: loss = 1764323.5
Epoch 7: loss = 1764323.5
Epoch 8: loss = 1764323.375
Epoch 9: loss = 1764323.375
Epoch 10: loss = 1764323.375
Epoch 11: loss = 1764323.375
Epoch 12: loss = 1764323.375
Epoch 13: loss = 1764323.375
Early stopping at epoch 13 with loss 1764323.375
Reconstruction for fluence = 5336.699231206307 photons/pixel
Epoch 0: loss = 60357384.0
Epoch 1: loss = 812499075072.0
Epoch 2: loss = 33277372.0
Epoch 3: loss = 2533060.5
Epoch 4: loss = 2532689.5
Epoch 5: loss = 2532689.0
Epoch 6: loss = 2532689.0
Epoch 7: loss = 2532689.0
Epoch 8: loss = 2532689.0
Epoch 9: loss = 2532689.0
Epoch 10: loss = 2532689.0
Early stopping at epoch 10 with loss 2532689.0
Reconstruction for fluence = 15199.11082952933 photons/pixel
Epoch 0: loss = 170356048.0
Epoch 1: loss = 18947814457344.0
Epoch 2: loss = 552035648.0
Epoch 3: loss = 3473175.0
Epoch 4: loss = 3455312.5
Epoch 5: loss = 3455312.0
Epoch 6: loss = 3455311.75
Epoch 7: loss = 3455311.75
Epoch 8: loss = 3455311.5
Epoch 9: loss = 3455311.5
Epoch 10: loss = 3455311.5
Epoch 11: loss = 3455311.5
Epoch 12: loss = 3455311.5
Epoch 13: loss = 3455311.5
Early stopping at epoch 13 with loss 3455311.5
Reconstruction for fluence = 43287.612810830615 photons/pixel
Epoch 0: loss = 483637568.0
Epoch 1: loss = 440566135390208.0
Epoch 2: loss = 11882979328.0
Epoch 3: loss = 4988785.0
Epoch 4: loss = 4297674.5
Epoch 5: loss = 4297674.0
Epoch 6: loss = 4297673.0
Epoch 7: loss = 4297673.0
Epoch 8: loss = 4297673.0
Epoch 9: loss = 4297673.0
Epoch 10: loss = 4297673.0
Epoch 11: loss = 4297673.0
Early stopping at epoch 11 with loss 4297673.0
Reconstruction for fluence = 123284.67394420659 photons/pixel
Epoch 0: loss = 1375812608.0
Epoch 1: loss = 1.021773793460224e+16
Epoch 2: loss = 272002596864.0
Epoch 3: loss = 28484750.0
Epoch 4: loss = 4801653.5
Epoch 5: loss = 4801553.0
Epoch 6: loss = 4801552.0
Epoch 7: loss = 4801552.0
Epoch 8: loss = 4801551.5
Epoch 9: loss = 4801551.5
Epoch 10: loss = 4801551.5
Epoch 11: loss = 4801551.0
Epoch 12: loss = 4801551.0
Epoch 13: loss = 4801551.0
Epoch 14: loss = 4801551.0
Epoch 15: loss = 4801551.0
Epoch 16: loss = 4801551.0
Early stopping at epoch 16 with loss 4801551.0
Reconstruction for fluence = 351119.1734215127 photons/pixel
Epoch 0: loss = 3916989440.0
Epoch 1: loss = 2.366042851382395e+17
Epoch 2: loss = 6286384562176.0
Epoch 3: loss = 533192000.0
Epoch 4: loss = 4905090.5
Epoch 5: loss = 4901154.0
Epoch 6: loss = 4901153.0
Epoch 7: loss = 4901153.0
Epoch 8: loss = 4901153.0
Epoch 9: loss = 4901153.0
Epoch 10: loss = 4901152.5
Epoch 11: loss = 4901152.5
Epoch 12: loss = 4901152.5
Epoch 13: loss = 4901152.5
Epoch 14: loss = 4901152.5
Epoch 15: loss = 4901152.0
Epoch 16: loss = 4901152.0
Epoch 17: loss = 4901152.0
Epoch 18: loss = 4901152.0
Epoch 19: loss = 4901152.0
Epoch 20: loss = 4901152.0
Early stopping at epoch 20 with loss 4901152.0
Reconstruction for fluence = 1000000.0 photons/pixel
Epoch 0: loss = 11154438144.0
Epoch 1: loss = 5.4719664559877e+18
Epoch 2: loss = 145348404183040.0
Epoch 3: loss = 5638550528.0
Epoch 4: loss = 4871052.0
Epoch 5: loss = 4733264.0
Epoch 6: loss = 4733263.5
Epoch 7: loss = 4733263.0
Epoch 8: loss = 4733263.0
Epoch 9: loss = 4733263.0
Epoch 10: loss = 4733263.0
Epoch 11: loss = 4733263.0
Epoch 12: loss = 4733263.0
Early stopping at epoch 12 with loss 4733263.0
Simulation for n_fluences=12 completed!
