Running simulation for principal_mode_weight=1 and n_fluences=20
Weights: [100   0   0]
Tensors initialization on device cuda
Multiprobe = grad

('MSE', None) RECONSTRUCTIONS

Reconstruction for fluence = 0.09999999999999999 photons/pixel
Epoch 0: loss = 10732.890625
Epoch 1: loss = 3738.64990234375
Epoch 2: loss = 3738.6455078125
Epoch 3: loss = 3738.64501953125
Epoch 4: loss = 3738.64501953125
Epoch 5: loss = 3738.64501953125
Epoch 6: loss = 3738.644775390625
Epoch 7: loss = 3738.64453125
Epoch 8: loss = 3738.64453125
Epoch 9: loss = 3738.64453125
Epoch 10: loss = 3738.64453125
Epoch 11: loss = 3738.64453125
Epoch 12: loss = 3738.64453125
Early stopping at epoch 12 with loss 3738.64453125
Reconstruction for fluence = 0.23357214690901223 photons/pixel
Epoch 0: loss = 24461.9921875
Epoch 1: loss = 8620.001953125
Epoch 2: loss = 8620.001953125
Epoch 3: loss = 8619.9990234375
Epoch 4: loss = 8619.998046875
Epoch 5: loss = 8619.998046875
Epoch 6: loss = 8619.998046875
Epoch 7: loss = 8619.99609375
Epoch 8: loss = 8619.99609375
Epoch 9: loss = 8619.99609375
Epoch 10: loss = 8619.99609375
Epoch 11: loss = 8619.99609375
Epoch 12: loss = 8619.99609375
Early stopping at epoch 12 with loss 8619.99609375
Reconstruction for fluence = 0.5455594781168519 photons/pixel
Epoch 0: loss = 55357.828125
Epoch 1: loss = 20116.478515625
Epoch 2: loss = 20116.458984375
Epoch 3: loss = 20116.458984375
Epoch 4: loss = 20116.458984375
Epoch 5: loss = 20116.458984375
Epoch 6: loss = 20116.458984375
Epoch 7: loss = 20116.458984375
Early stopping at epoch 7 with loss 20116.458984375
Reconstruction for fluence = 1.2742749857031335 photons/pixel
Epoch 0: loss = 122513.890625
Epoch 1: loss = 46020.3359375
