Running simulation for n_modes=3 and n_fluences=20
Tensors initialization on device cuda
Multiprobe = band_lim
torch.Size([3, 64, 64])

('MSE', None) RECONSTRUCTIONS

Reconstruction for fluence = 0.09999999999999999 photons/pixel
Epoch 0: loss = 10623.8935546875
Epoch 1: loss = 3672.91064453125
Epoch 2: loss = 3672.6552734375
Epoch 3: loss = 3672.6552734375
Epoch 4: loss = 3672.65478515625
Epoch 5: loss = 3672.65478515625
Epoch 6: loss = 3672.65478515625
Epoch 7: loss = 3672.65478515625
Epoch 8: loss = 3672.654541015625
Epoch 9: loss = 3672.654541015625
Epoch 10: loss = 3672.654541015625
Epoch 11: loss = 3672.654541015625
Epoch 12: loss = 3672.654541015625
Epoch 13: loss = 3672.654541015625
Early stopping at epoch 13 with loss 3672.654541015625
Reconstruction for fluence = 0.23357214690901223 photons/pixel
Epoch 0: loss = 24289.26171875
Epoch 1: loss = 8597.435546875
Epoch 2: loss = 8596.869140625
Epoch 3: loss = 8596.8681640625
Epoch 4: loss = 8596.8671875
Epoch 5: loss = 8596.8662109375
Epoch 6: loss = 8596.865234375
Epoch 7: loss = 8596.865234375
Epoch 8: loss = 8596.865234375
Epoch 9: loss = 8596.865234375
Epoch 10: loss = 8596.865234375
Epoch 11: loss = 8596.865234375
Early stopping at epoch 11 with loss 8596.865234375
Reconstruction for fluence = 0.5455594781168519 photons/pixel
Epoch 0: loss = 54647.0625
Epoch 1: loss = 19896.697265625
Epoch 2: loss = 19895.4140625
Epoch 3: loss = 19895.41015625
Epoch 4: loss = 19895.41015625
Epoch 5: loss = 19895.408203125
Epoch 6: loss = 19895.40625
Epoch 7: loss = 19895.40625
Epoch 8: loss = 19895.40625
Epoch 9: loss = 19895.40625
Epoch 10: loss = 19895.40625
Epoch 11: loss = 19895.40625
Early stopping at epoch 11 with loss 19895.40625
Reconstruction for fluence = 1.2742749857031335 photons/pixel
Epoch 0: loss = 120380.0
Epoch 1: loss = 45658.85546875
Epoch 2: loss = 45656.078125
Epoch 3: loss = 45656.0703125
Epoch 4: loss = 45656.06640625
Epoch 5: loss = 45656.0625
Epoch 6: loss = 45656.0625
Epoch 7: loss = 45656.0625
Epoch 8: loss = 45656.05859375
Epoch 9: loss = 45656.05859375
Epoch 10: loss = 45656.0546875
Epoch 11: loss = 45656.05859375
Epoch 12: loss = 45656.05859375
Epoch 13: loss = 45656.05859375
Epoch 14: loss = 45656.0546875
Epoch 15: loss = 45656.0546875
Early stopping at epoch 15 with loss 45656.0546875
Reconstruction for fluence = 2.976351441631318 photons/pixel
Epoch 0: loss = 256253.75
Epoch 1: loss = 103442.71875
Epoch 2: loss = 103436.984375
Epoch 3: loss = 103436.96875
Epoch 4: loss = 103436.96875
Epoch 5: loss = 103436.953125
Epoch 6: loss = 103436.953125
Epoch 7: loss = 103436.953125
Epoch 8: loss = 103436.953125
Epoch 9: loss = 103436.953125
Epoch 10: loss = 103436.953125
Early stopping at epoch 10 with loss 103436.953125
Reconstruction for fluence = 6.9519279617756045 photons/pixel
Epoch 0: loss = 514557.65625
Epoch 1: loss = 222908.875
Epoch 2: loss = 222897.59375
Epoch 3: loss = 222897.578125
Epoch 4: loss = 222897.578125
Epoch 5: loss = 222897.5625
Epoch 6: loss = 222897.5625
Epoch 7: loss = 222897.5625
Epoch 8: loss = 222897.546875
Epoch 9: loss = 222897.546875
Epoch 10: loss = 222897.546875
Epoch 11: loss = 222897.546875
Epoch 12: loss = 222897.546875
Epoch 13: loss = 222897.546875
Early stopping at epoch 13 with loss 222897.546875
Reconstruction for fluence = 16.23776739188721 photons/pixel
Epoch 0: loss = 940788.5625
Epoch 1: loss = 438720.84375
Epoch 2: loss = 438701.0625
Epoch 3: loss = 438701.0
Epoch 4: loss = 438701.0
Epoch 5: loss = 438700.9375
Epoch 6: loss = 438700.9375
Epoch 7: loss = 438700.9375
Epoch 8: loss = 438700.9375
Epoch 9: loss = 438700.9375
Epoch 10: loss = 438700.9375
Early stopping at epoch 10 with loss 438700.9375
Reconstruction for fluence = 37.926901907322495 photons/pixel
Epoch 0: loss = 1503013.5
Epoch 1: loss = 723948.5
Epoch 2: loss = 723917.0
Epoch 3: loss = 723916.875
Epoch 4: loss = 723916.875
Epoch 5: loss = 723916.875
Epoch 6: loss = 723916.875
Epoch 7: loss = 723916.875
Epoch 8: loss = 723916.875
Early stopping at epoch 8 with loss 723916.875
Reconstruction for fluence = 88.58667904100822 photons/pixel
Epoch 0: loss = 2123102.25
Epoch 1: loss = 932466.625
Epoch 2: loss = 932418.0
Epoch 3: loss = 932417.75
Epoch 4: loss = 932417.75
Epoch 5: loss = 932417.75
Epoch 6: loss = 932417.75
Epoch 7: loss = 932417.6875
Epoch 8: loss = 932417.6875
Epoch 9: loss = 932417.6875
Epoch 10: loss = 932417.6875
Epoch 11: loss = 932417.6875
Epoch 12: loss = 932417.625
Epoch 13: loss = 932417.625
Epoch 14: loss = 932417.6875
Epoch 15: loss = 932417.625
Epoch 16: loss = 932417.625
Epoch 17: loss = 932417.625
Early stopping at epoch 17 with loss 932417.625
Reconstruction for fluence = 206.9138081114788 photons/pixel
Epoch 0: loss = 3116987.25
Epoch 1: loss = 45179172.0
Epoch 2: loss = 1013074.0
Epoch 3: loss = 1011537.5
Epoch 4: loss = 1011537.375
Epoch 5: loss = 1011537.375
Epoch 6: loss = 1011537.1875
Epoch 7: loss = 1011537.1875
Epoch 8: loss = 1011537.125
Epoch 9: loss = 1011537.125
Epoch 10: loss = 1011537.125
Epoch 11: loss = 1011537.125
Epoch 12: loss = 1011537.125
Epoch 13: loss = 1011537.125
Early stopping at epoch 13 with loss 1011537.125
Reconstruction for fluence = 483.2930238571752 photons/pixel
Epoch 0: loss = 5606760.0
Epoch 1: loss = 496737472.0
Epoch 2: loss = 1185674.75
Epoch 3: loss = 1171465.0
Epoch 4: loss = 1171464.75
Epoch 5: loss = 1171464.75
Epoch 6: loss = 1171464.625
Epoch 7: loss = 1171464.625
Epoch 8: loss = 1171464.5
Epoch 9: loss = 1171464.5
Epoch 10: loss = 1171464.5
Epoch 11: loss = 1171464.5
Epoch 12: loss = 1171464.5
Epoch 13: loss = 1171464.5
Early stopping at epoch 13 with loss 1171464.5
Reconstruction for fluence = 1128.8378916846884 photons/pixel
Epoch 0: loss = 11802944.0
Epoch 1: loss = 6112900096.0
Epoch 2: loss = 1908198.625
Epoch 3: loss = 1551991.25
Epoch 4: loss = 1551989.625
Epoch 5: loss = 1551989.5
Epoch 6: loss = 1551989.5
Epoch 7: loss = 1551989.5
Epoch 8: loss = 1551989.25
Epoch 9: loss = 1551989.25
Epoch 10: loss = 1551989.25
Epoch 11: loss = 1551989.25
Epoch 12: loss = 1551989.25
Epoch 13: loss = 1551989.25
Early stopping at epoch 13 with loss 1551989.25
Reconstruction for fluence = 2636.6508987303555 photons/pixel
Epoch 0: loss = 26442610.0
Epoch 1: loss = 77768966144.0
Epoch 2: loss = 7003286.0
Epoch 3: loss = 2131110.25
Epoch 4: loss = 2130955.0
Epoch 5: loss = 2130954.75
Epoch 6: loss = 2130954.5
Epoch 7: loss = 2130954.5
Epoch 8: loss = 2130954.5
Epoch 9: loss = 2130954.25
Epoch 10: loss = 2130954.25
Epoch 11: loss = 2130954.25
Epoch 12: loss = 2130954.25
Epoch 13: loss = 2130954.25
Epoch 14: loss = 2130954.25
Early stopping at epoch 14 with loss 2130954.25
Reconstruction for fluence = 6158.482110660255 photons/pixel
Epoch 0: loss = 60732240.0
Epoch 1: loss = 999146848256.0
Epoch 2: loss = 38263360.0
Epoch 3: loss = 2871243.75
Epoch 4: loss = 2863024.5
Epoch 5: loss = 2863024.5
Epoch 6: loss = 2863024.5
Epoch 7: loss = 2863024.0
Epoch 8: loss = 2863024.0
Epoch 9: loss = 2863024.0
Epoch 10: loss = 2863023.75
Epoch 11: loss = 2863023.75
Epoch 12: loss = 2863024.0
Epoch 13: loss = 2863023.75
Epoch 14: loss = 2863023.75
Epoch 15: loss = 2863023.75
Early stopping at epoch 15 with loss 2863023.75
Reconstruction for fluence = 14384.498882876629 photons/pixel
Epoch 0: loss = 140817632.0
Epoch 1: loss = 12847081848832.0
Epoch 2: loss = 369640000.0
Epoch 3: loss = 3914255.0
Epoch 4: loss = 3685016.75
Epoch 5: loss = 3685012.0
Epoch 6: loss = 3685011.5
Epoch 7: loss = 3685011.5
Epoch 8: loss = 3685011.5
Epoch 9: loss = 3685011.5
Epoch 10: loss = 3685011.0
Epoch 11: loss = 3685011.0
Epoch 12: loss = 3685011.0
Epoch 13: loss = 3685011.0
Epoch 14: loss = 3685011.0
Epoch 15: loss = 3685011.0
Early stopping at epoch 15 with loss 3685011.0
Reconstruction for fluence = 33598.18286283781 photons/pixel
Epoch 0: loss = 327876224.0
Epoch 1: loss = 164983048503296.0
Epoch 2: loss = 4451621888.0
Epoch 3: loss = 6816387.5
Epoch 4: loss = 4454117.0
Epoch 5: loss = 4453979.0
Epoch 6: loss = 4453978.0
Epoch 7: loss = 4453978.0
Epoch 8: loss = 4453977.5
Epoch 9: loss = 4453977.5
Epoch 10: loss = 4453977.5
Epoch 11: loss = 4453977.5
Epoch 12: loss = 4453977.0
Epoch 13: loss = 4453977.0
Epoch 14: loss = 4453977.0
Epoch 15: loss = 4453977.0
Epoch 16: loss = 4453977.0
Epoch 17: loss = 4453977.0
Early stopping at epoch 17 with loss 4453977.0
Reconstruction for fluence = 78475.99703514607 photons/pixel
Epoch 0: loss = 764747264.0
Epoch 1: loss = 2115533117849600.0
Epoch 2: loss = 56358821888.0
Epoch 3: loss = 18706932.0
Epoch 4: loss = 4957076.0
Epoch 5: loss = 4954135.0
Epoch 6: loss = 4954134.0
Epoch 7: loss = 4954134.0
Epoch 8: loss = 4954134.0
Epoch 9: loss = 4954133.5
Epoch 10: loss = 4954133.5
Epoch 11: loss = 4954134.0
Epoch 12: loss = 4954133.5
Epoch 13: loss = 4954133.5
Epoch 14: loss = 4954133.5
Early stopping at epoch 14 with loss 4954133.5
Reconstruction for fluence = 183298.07108324335 photons/pixel
Epoch 0: loss = 1785217024.0
Epoch 1: loss = 2.7087546987053056e+16
Epoch 2: loss = 719879667712.0
Epoch 3: loss = 117460816.0
Epoch 4: loss = 5126847.5
Epoch 5: loss = 5074064.0
Epoch 6: loss = 5074062.0
Epoch 7: loss = 5074061.5
Epoch 8: loss = 5074061.0
Epoch 9: loss = 5074061.0
Epoch 10: loss = 5074061.0
Epoch 11: loss = 5074061.0
Epoch 12: loss = 5074061.0
Epoch 13: loss = 5074061.0
Early stopping at epoch 13 with loss 5074061.0
Reconstruction for fluence = 428133.2398719387 photons/pixel
Epoch 0: loss = 4168895232.0
Epoch 1: loss = 3.4634953000380006e+17
Epoch 2: loss = 9200453287936.0
Epoch 3: loss = 725294464.0
Epoch 4: loss = 5716093.5
Epoch 5: loss = 4895654.0
Epoch 6: loss = 4895648.5
Epoch 7: loss = 4895648.0
Epoch 8: loss = 4895648.0
Epoch 9: loss = 4895647.0
Epoch 10: loss = 4895647.0
Epoch 11: loss = 4895647.0
Epoch 12: loss = 4895647.0
Epoch 13: loss = 4895647.0
Epoch 14: loss = 4895647.0
Early stopping at epoch 14 with loss 4895647.0
Reconstruction for fluence = 1000000.0 photons/pixel
Epoch 0: loss = 9736384512.0
Epoch 1: loss = 4.4219251548802253e+18
Epoch 2: loss = 117454671970304.0
Epoch 3: loss = 4538072064.0
Epoch 4: loss = 13157319.0
Epoch 5: loss = 4629332.0
Epoch 6: loss = 4629215.0
Epoch 7: loss = 4629214.0
Epoch 8: loss = 4629213.0
Epoch 9: loss = 4629213.0
Epoch 10: loss = 4629213.0
Epoch 11: loss = 4629213.0
Epoch 12: loss = 4629213.0
Epoch 13: loss = 4629213.0
Early stopping at epoch 13 with loss 4629213.0
Tensors initialization on device cuda
Multiprobe = band_lim
torch.Size([3, 64, 64])

('MSE', 'PoissonNLL') RECONSTRUCTIONS

Reconstruction for fluence = 0.09999999999999999 photons/pixel
Epoch 0: loss = 10618.455078125
Epoch 1: loss = 3658.08642578125
Epoch 2: loss = 3657.8125
Epoch 3: loss = 3657.81201171875
Epoch 4: loss = 3657.81201171875
Epoch 5: loss = 3657.8115234375
Epoch 6: loss = 3657.8115234375
Epoch 7: loss = 3657.8115234375
Epoch 8: loss = 3657.8115234375
Epoch 9: loss = 3657.8115234375
Epoch 10: loss = 3657.8115234375
Early stopping at epoch 10 with loss 3657.8115234375
Epoch 0: loss = 0.0026951925829052925
Epoch 1: loss = 0.002694975584745407
Epoch 2: loss = 0.0026947588194161654
Epoch 3: loss = 0.0026945422869175673
Epoch 4: loss = 0.002694325987249613
Epoch 5: loss = 0.0026941096875816584
Early stopping at epoch 5 with loss 0.0026951925829052925
Reconstruction for fluence = 0.23357214690901223 photons/pixel
Epoch 0: loss = 24275.73046875
Epoch 1: loss = 8570.0078125
Epoch 2: loss = 8569.412109375
Epoch 3: loss = 8569.41015625
Epoch 4: loss = 8569.41015625
Epoch 5: loss = 8569.4091796875
Epoch 6: loss = 8569.4091796875
Epoch 7: loss = 8569.408203125
Epoch 8: loss = 8569.408203125
Epoch 9: loss = 8569.408203125
Epoch 10: loss = 8569.408203125
Epoch 11: loss = 8569.408203125
Epoch 12: loss = 8569.408203125
Early stopping at epoch 12 with loss 8569.408203125
Epoch 0: loss = 0.005531394854187965
Epoch 1: loss = 0.00553083885461092
Epoch 2: loss = 0.005530283320695162
Epoch 3: loss = 0.005529728718101978
Epoch 4: loss = 0.005529175046831369
Epoch 5: loss = 0.005528622306883335
Early stopping at epoch 5 with loss 0.005531394854187965
Reconstruction for fluence = 0.5455594781168519 photons/pixel
Epoch 0: loss = 54576.5859375
Epoch 1: loss = 19732.453125
Epoch 2: loss = 19731.09765625
Epoch 3: loss = 19731.09765625
Epoch 4: loss = 19731.095703125
Epoch 5: loss = 19731.095703125
Epoch 6: loss = 19731.09375
Epoch 7: loss = 19731.09375
Epoch 8: loss = 19731.09375
Epoch 9: loss = 19731.09375
Epoch 10: loss = 19731.09375
Epoch 11: loss = 19731.09375
Early stopping at epoch 11 with loss 19731.09375
Epoch 0: loss = 0.01090262457728386
Epoch 1: loss = 0.01090125273913145
Epoch 2: loss = 0.010899883694946766
Epoch 3: loss = 0.010898517444729805
Epoch 4: loss = 0.010897153988480568
Epoch 5: loss = 0.01089579239487648
Early stopping at epoch 5 with loss 0.01090262457728386
Reconstruction for fluence = 1.2742749857031335 photons/pixel
Epoch 0: loss = 120267.0625
Epoch 1: loss = 45347.71875
Epoch 2: loss = 45344.7578125
Epoch 3: loss = 45344.7578125
Epoch 4: loss = 45344.75
Epoch 5: loss = 45344.75
Epoch 6: loss = 45344.75
Epoch 7: loss = 45344.74609375
Epoch 8: loss = 45344.74609375
Epoch 9: loss = 45344.74609375
Epoch 10: loss = 45344.74609375
Epoch 11: loss = 45344.74609375
Epoch 12: loss = 45344.74609375
Early stopping at epoch 12 with loss 45344.74609375
Epoch 0: loss = 0.020847858861088753
Epoch 1: loss = 0.020844591781497
Epoch 2: loss = 0.020841337740421295
Epoch 3: loss = 0.020838093012571335
Epoch 4: loss = 0.02083486132323742
Epoch 5: loss = 0.0208316408097744
Early stopping at epoch 5 with loss 0.020847858861088753
Reconstruction for fluence = 2.976351441631318 photons/pixel
Epoch 0: loss = 256659.390625
Epoch 1: loss = 103257.765625
Epoch 2: loss = 103251.53125
Epoch 3: loss = 103251.53125
Epoch 4: loss = 103251.515625
Epoch 5: loss = 103251.515625
Epoch 6: loss = 103251.5078125
Epoch 7: loss = 103251.5078125
Epoch 8: loss = 103251.5078125
Epoch 9: loss = 103251.5078125
Epoch 10: loss = 103251.5078125
Epoch 11: loss = 103251.5078125
Early stopping at epoch 11 with loss 103251.5078125
Epoch 0: loss = 0.0384928435087204
Epoch 1: loss = 0.038484834134578705
Epoch 2: loss = 0.03847689926624298
Epoch 3: loss = 0.038469038903713226
Epoch 4: loss = 0.03846123442053795
Epoch 5: loss = 0.038453489542007446
Early stopping at epoch 5 with loss 0.0384928435087204
Reconstruction for fluence = 6.9519279617756045 photons/pixel
Epoch 0: loss = 515455.8125
Epoch 1: loss = 223050.9375
Epoch 2: loss = 223038.59375
Epoch 3: loss = 223038.5625
Epoch 4: loss = 223038.5625
Epoch 5: loss = 223038.53125
Epoch 6: loss = 223038.515625
Epoch 7: loss = 223038.515625
Epoch 8: loss = 223038.515625
Epoch 9: loss = 223038.5
Epoch 10: loss = 223038.5
Epoch 11: loss = 223038.5
Epoch 12: loss = 223038.5
Epoch 13: loss = 223038.5
Epoch 14: loss = 223038.5
Early stopping at epoch 14 with loss 223038.5
Epoch 0: loss = 0.06604603677988052
Epoch 1: loss = 0.04748980700969696
Epoch 2: loss = 0.047454655170440674
Epoch 3: loss = 0.047454655170440674
Epoch 4: loss = 0.047454655170440674
Epoch 5: loss = 0.047454655170440674
Epoch 6: loss = 0.047454655170440674
Early stopping at epoch 6 with loss 0.04748980700969696
Reconstruction for fluence = 16.23776739188721 photons/pixel
Epoch 0: loss = 942752.25
Epoch 1: loss = 438656.5625
Epoch 2: loss = 438634.34375
Epoch 3: loss = 438634.3125
Epoch 4: loss = 438634.3125
Epoch 5: loss = 438634.25
Epoch 6: loss = 438634.25
Epoch 7: loss = 438634.25
Epoch 8: loss = 438634.25
Epoch 9: loss = 438634.25
Epoch 10: loss = 438634.25
Early stopping at epoch 10 with loss 438634.25
Epoch 0: loss = 0.10346527397632599
Epoch 1: loss = 0.0808558538556099
Epoch 2: loss = 0.08082211762666702
Epoch 3: loss = 0.08082211762666702
Epoch 4: loss = 0.08082211762666702
Epoch 5: loss = 0.08082211762666702
Epoch 6: loss = 0.08082211762666702
Early stopping at epoch 6 with loss 0.0808558538556099
Reconstruction for fluence = 37.926901907322495 photons/pixel
Epoch 0: loss = 1503495.25
Epoch 1: loss = 720468.0
Epoch 2: loss = 720432.875
Epoch 3: loss = 720432.75
Epoch 4: loss = 720432.625
Epoch 5: loss = 720432.625
Epoch 6: loss = 720432.625
Epoch 7: loss = 720432.625
Epoch 8: loss = 720432.625
Epoch 9: loss = 720432.5625
Epoch 10: loss = 720432.5625
Epoch 11: loss = 720432.5625
Epoch 12: loss = 720432.5625
Epoch 13: loss = 720432.5625
Epoch 14: loss = 720432.5625
Early stopping at epoch 14 with loss 720432.5625
Epoch 0: loss = 0.13923576474189758
Epoch 1: loss = 0.11782945692539215
Epoch 2: loss = 0.1177968680858612
Epoch 3: loss = 0.1177968680858612
Epoch 4: loss = 0.1177968680858612
Epoch 5: loss = 0.1177968680858612
Epoch 6: loss = 0.1177968680858612
Early stopping at epoch 6 with loss 0.11782945692539215
Reconstruction for fluence = 88.58667904100822 photons/pixel
Epoch 0: loss = 2110753.0
Epoch 1: loss = 920740.25
Epoch 2: loss = 920685.625
Epoch 3: loss = 920685.5
Epoch 4: loss = 920685.375
Epoch 5: loss = 920685.375
Epoch 6: loss = 920685.375
Epoch 7: loss = 920685.375
Epoch 8: loss = 920685.375
Epoch 9: loss = 920685.3125
Epoch 10: loss = 920685.3125
Epoch 11: loss = 920685.3125
Epoch 12: loss = 920685.3125
Epoch 13: loss = 920685.3125
Epoch 14: loss = 920685.3125
Early stopping at epoch 14 with loss 920685.3125
Epoch 0: loss = 0.1290436089038849
Epoch 1: loss = 0.11071882396936417
Epoch 2: loss = 0.11069284379482269
Epoch 3: loss = 0.11069284379482269
Epoch 4: loss = 0.11069284379482269
Epoch 5: loss = 0.11069284379482269
Epoch 6: loss = 0.11069284379482269
Early stopping at epoch 6 with loss 0.11071882396936417
Reconstruction for fluence = 206.9138081114788 photons/pixel
Epoch 0: loss = 3088784.0
Epoch 1: loss = 45008688.0
Epoch 2: loss = 992411.625
Epoch 3: loss = 990751.125
Epoch 4: loss = 990751.125
Epoch 5: loss = 990751.0625
Epoch 6: loss = 990751.0
Epoch 7: loss = 990751.0
Epoch 8: loss = 990751.0
Epoch 9: loss = 990751.0
Epoch 10: loss = 990751.0
Epoch 11: loss = 990751.0
Early stopping at epoch 11 with loss 990751.0
Epoch 0: loss = -0.10532023012638092
Epoch 1: loss = -0.1267741620540619
Epoch 2: loss = -0.12680363655090332
Epoch 3: loss = -0.12680363655090332
Epoch 4: loss = -0.12680363655090332
Epoch 5: loss = -0.12680363655090332
Epoch 6: loss = -0.12680363655090332
Early stopping at epoch 6 with loss -0.1267741620540619
Reconstruction for fluence = 483.2930238571752 photons/pixel
Epoch 0: loss = 5552511.0
Epoch 1: loss = 495068256.0
Epoch 2: loss = 1155309.0
Epoch 3: loss = 1140182.0
Epoch 4: loss = 1140181.75
Epoch 5: loss = 1140181.5
Epoch 6: loss = 1140181.5
Epoch 7: loss = 1140181.25
Epoch 8: loss = 1140181.25
Epoch 9: loss = 1140181.25
Epoch 10: loss = 1140181.25
Epoch 11: loss = 1140181.25
Epoch 12: loss = 1140181.25
Early stopping at epoch 12 with loss 1140181.25
Epoch 0: loss = -1.1662315130233765
Epoch 1: loss = -1.1975982189178467
Epoch 2: loss = -1.1976261138916016
Epoch 3: loss = -1.1976263523101807
Epoch 4: loss = -1.1976263523101807
Epoch 5: loss = -1.1976263523101807
Epoch 6: loss = -1.1976263523101807
Early stopping at epoch 6 with loss -1.1975982189178467
Reconstruction for fluence = 1128.8378916846884 photons/pixel
Epoch 0: loss = 11667810.0
Epoch 1: loss = 6079126528.0
Epoch 2: loss = 1876050.0
Epoch 3: loss = 1509121.625
Epoch 4: loss = 1509119.75
Epoch 5: loss = 1509119.75
Epoch 6: loss = 1509119.625
Epoch 7: loss = 1509119.625
Epoch 8: loss = 1509119.625
Epoch 9: loss = 1509119.5
Epoch 10: loss = 1509119.5
Epoch 11: loss = 1509119.5
Epoch 12: loss = 1509119.5
Epoch 13: loss = 1509119.5
Epoch 14: loss = 1509119.5
Early stopping at epoch 14 with loss 1509119.5
Epoch 0: loss = -4.858150005340576
Epoch 1: loss = -4.902367115020752
Epoch 2: loss = -4.902398586273193
Epoch 3: loss = -4.902399063110352
Epoch 4: loss = -4.902399063110352
Epoch 5: loss = -4.90239953994751
Epoch 6: loss = -4.90239953994751
Early stopping at epoch 6 with loss -4.902367115020752
Reconstruction for fluence = 2636.6508987303555 photons/pixel
Epoch 0: loss = 26141708.0
Epoch 1: loss = 77197049856.0
Epoch 2: loss = 6666440.5
Epoch 3: loss = 2081238.5
Epoch 4: loss = 2081064.875
Epoch 5: loss = 2081064.75
Epoch 6: loss = 2081064.5
Epoch 7: loss = 2081064.5
Epoch 8: loss = 2081064.5
Epoch 9: loss = 2081064.5
Epoch 10: loss = 2081064.5
Epoch 11: loss = 2081064.5
Early stopping at epoch 11 with loss 2081064.5
Epoch 0: loss = -16.303564071655273
Epoch 1: loss = -16.360225677490234
Epoch 2: loss = -16.360252380371094
Epoch 3: loss = -16.360252380371094
Epoch 4: loss = -16.36025619506836
Epoch 5: loss = -16.36025619506836
Epoch 6: loss = -16.36025619506836
Early stopping at epoch 6 with loss -16.360225677490234
Reconstruction for fluence = 6158.482110660255 photons/pixel
Epoch 0: loss = 59995552.0
Epoch 1: loss = 989750886400.0
Epoch 2: loss = 37371032.0
Epoch 3: loss = 2820016.5
Epoch 4: loss = 2809108.5
Epoch 5: loss = 2809108.25
Epoch 6: loss = 2809108.25
Epoch 7: loss = 2809108.0
Epoch 8: loss = 2809108.0
Epoch 9: loss = 2809108.0
Epoch 10: loss = 2809108.0
Epoch 11: loss = 2809108.0
Epoch 12: loss = 2809108.0
Early stopping at epoch 12 with loss 2809108.0
Epoch 0: loss = -49.63037872314453
Epoch 1: loss = -49.695396423339844
Epoch 2: loss = -49.695411682128906
Epoch 3: loss = -49.69541549682617
Epoch 4: loss = -49.69541931152344
Epoch 5: loss = -49.69541931152344
Epoch 6: loss = -49.69541931152344
Early stopping at epoch 6 with loss -49.695396423339844
Reconstruction for fluence = 14384.498882876629 photons/pixel
Epoch 0: loss = 139083440.0
Epoch 1: loss = 12718593540096.0
Epoch 2: loss = 365076512.0
Epoch 3: loss = 3928702.0
Epoch 4: loss = 3627334.25
Epoch 5: loss = 3627327.5
Epoch 6: loss = 3627326.5
Epoch 7: loss = 3627326.25
Epoch 8: loss = 3627326.25
Epoch 9: loss = 3627326.0
Epoch 10: loss = 3627326.0
Epoch 11: loss = 3627326.0
Epoch 12: loss = 3627326.0
Epoch 13: loss = 3627326.0
Epoch 14: loss = 3627326.0
Early stopping at epoch 14 with loss 3627326.0
Epoch 0: loss = -142.82525634765625
Epoch 1: loss = -142.8905029296875
Epoch 2: loss = -142.89056396484375
Epoch 3: loss = -142.89056396484375
Epoch 4: loss = -142.89056396484375
Epoch 5: loss = -142.8905792236328
Epoch 6: loss = -142.8905792236328
Early stopping at epoch 6 with loss -142.8905029296875
Reconstruction for fluence = 33598.18286283781 photons/pixel
Epoch 0: loss = 323791040.0
Epoch 1: loss = 163320090853376.0
Epoch 2: loss = 4405498880.0
