Running simulation for n_modes=9 and n_fluences=20
Tensors initialization on device cuda
Multiprobe = band_lim
torch.Size([9, 64, 64])

('MSE', 'PoissonNLL') RECONSTRUCTIONS

Reconstruction for fluence = 0.09999999999999999 photons/pixel
Epoch 0: loss = 10706.4580078125
Epoch 1: loss = 3721.177490234375
Epoch 2: loss = 3721.177490234375
Epoch 3: loss = 3721.177490234375
Epoch 4: loss = 3721.177490234375
Epoch 5: loss = 3721.177490234375
Epoch 6: loss = 3721.177490234375
Epoch 7: loss = 3721.177490234375
Epoch 8: loss = 3721.177490234375
Epoch 9: loss = 3721.177490234375
Early stopping at epoch 9 with loss 3721.177490234375
Epoch 0: loss = 0.002823966322466731
Epoch 1: loss = 0.0028229113668203354
Epoch 2: loss = 0.0028218613006174564
Epoch 3: loss = 0.0028208158910274506
Epoch 4: loss = 0.0028197753708809614
Epoch 5: loss = 0.0028187395073473454
Epoch 6: loss = 0.0028177083004266024
Epoch 7: loss = 0.0028166822157800198
Epoch 8: loss = 0.002815660322085023
Early stopping at epoch 8 with loss 0.002823966322466731
Reconstruction for fluence = 0.23357214690901223 photons/pixel
Epoch 0: loss = 24438.244140625
Epoch 1: loss = 8632.828125
Epoch 2: loss = 8632.828125
Epoch 3: loss = 8632.8271484375
Epoch 4: loss = 8632.8271484375
Epoch 5: loss = 8632.826171875
Epoch 6: loss = 8632.826171875
Epoch 7: loss = 8632.826171875
Epoch 8: loss = 8632.826171875
Epoch 9: loss = 8632.826171875
Epoch 10: loss = 8632.826171875
Epoch 11: loss = 8632.826171875
Epoch 12: loss = 8632.826171875
Epoch 13: loss = 8632.826171875
Early stopping at epoch 13 with loss 8632.826171875
Epoch 0: loss = 0.005740661174058914
Epoch 1: loss = 0.005738059524446726
Epoch 2: loss = 0.005735470913350582
Epoch 3: loss = 0.005732894875109196
Epoch 4: loss = 0.005730330478399992
Epoch 5: loss = 0.005727779120206833
Epoch 6: loss = 0.005725240334868431
Epoch 7: loss = 0.005722713656723499
Epoch 8: loss = 0.00572019862011075
Early stopping at epoch 8 with loss 0.005740661174058914
Reconstruction for fluence = 0.5455594781168519 photons/pixel
Epoch 0: loss = 54857.94921875
Epoch 1: loss = 19628.89453125
Epoch 2: loss = 19628.89453125
Epoch 3: loss = 19628.89453125
Epoch 4: loss = 19628.89453125
Epoch 5: loss = 19628.89453125
Epoch 6: loss = 19628.89453125
Epoch 7: loss = 19628.89453125
Epoch 8: loss = 19628.89453125
Epoch 9: loss = 19628.89453125
Early stopping at epoch 9 with loss 19628.89453125
Epoch 0: loss = 0.011205943301320076
Epoch 1: loss = 0.011199655942618847
