Running simulation for steps_size=27 and n_fluences=20
Steps size: 27
Tensors initialization on device cuda
Multiprobe = band_lim
torch.Size([1, 64, 64])

('MSE', None) RECONSTRUCTIONS

Reconstruction for fluence = 0.09999999999999999 photons/pixel
Epoch 0: loss = 0.08703182637691498
Epoch 1: loss = 0.036137595772743225
Epoch 2: loss = 0.035547662526369095
Epoch 3: loss = 0.035507991909980774
Epoch 4: loss = 0.035499680787324905
Epoch 5: loss = 0.035497892647981644
Epoch 6: loss = 0.03549739345908165
Epoch 7: loss = 0.035496704280376434
Early stopping at epoch 7 with loss 0.035547662526369095
Reconstruction for fluence = 0.23357214690901223 photons/pixel
Epoch 0: loss = 0.12874341011047363
Epoch 1: loss = 0.04611476883292198
Epoch 2: loss = 0.04532420635223389
Epoch 3: loss = 0.04524806886911392
Epoch 4: loss = 0.04523508623242378
Epoch 5: loss = 0.04523293301463127
Epoch 6: loss = 0.045232534408569336
Epoch 7: loss = 0.04523250088095665
Early stopping at epoch 7 with loss 0.04532420635223389
Reconstruction for fluence = 0.5455594781168519 photons/pixel
Epoch 0: loss = 0.2073056548833847
Epoch 1: loss = 0.051690928637981415
Epoch 2: loss = 0.05055682733654976
Epoch 3: loss = 0.05045361816883087
Epoch 4: loss = 0.05043426528573036
Epoch 5: loss = 0.050423528999090195
Epoch 6: loss = 0.05042115971446037
Epoch 7: loss = 0.05042051896452904
Epoch 8: loss = 0.05041947588324547
Early stopping at epoch 8 with loss 0.05045361816883087
Reconstruction for fluence = 1.2742749857031335 photons/pixel
Epoch 0: loss = 0.4078056514263153
Epoch 1: loss = 0.06712345033884048
Epoch 2: loss = 0.06439973413944244
Epoch 3: loss = 0.06415227800607681
Epoch 4: loss = 0.06409550458192825
Epoch 5: loss = 0.06407365202903748
Epoch 6: loss = 0.06406921148300171
Epoch 7: loss = 0.06406820565462112
Epoch 8: loss = 0.0640677809715271
Early stopping at epoch 8 with loss 0.06415227800607681
Reconstruction for fluence = 2.976351441631318 photons/pixel
Epoch 0: loss = 0.8709933757781982
Epoch 1: loss = 0.08524773269891739
Epoch 2: loss = 0.08010973036289215
Epoch 3: loss = 0.07961825281381607
Epoch 4: loss = 0.07951655983924866
Epoch 5: loss = 0.07948050647974014
Epoch 6: loss = 0.0794709250330925
Epoch 7: loss = 0.07946816831827164
Epoch 8: loss = 0.07946666330099106
Epoch 9: loss = 0.07946540415287018
Early stopping at epoch 9 with loss 0.07951655983924866
Reconstruction for fluence = 6.9519279617756045 photons/pixel
Epoch 0: loss = 1.9361637830734253
Epoch 1: loss = 0.11724282801151276
Epoch 2: loss = 0.10573289543390274
Epoch 3: loss = 0.10464178025722504
Epoch 4: loss = 0.10438969731330872
Epoch 5: loss = 0.10424488037824631
Epoch 6: loss = 0.1041918471455574
Epoch 7: loss = 0.10417588800191879
Epoch 8: loss = 0.10416926443576813
Epoch 9: loss = 0.10416708141565323
Epoch 10: loss = 0.10416483879089355
Early stopping at epoch 10 with loss 0.10424488037824631
Reconstruction for fluence = 16.23776739188721 photons/pixel
Epoch 0: loss = 4.4514546394348145
Epoch 1: loss = 0.16002483665943146
Epoch 2: loss = 0.14022274315357208
Epoch 3: loss = 0.13761356472969055
Epoch 4: loss = 0.1370132714509964
Epoch 5: loss = 0.13677476346492767
Epoch 6: loss = 0.1366063356399536
Epoch 7: loss = 0.13652822375297546
Epoch 8: loss = 0.1364748775959015
Epoch 9: loss = 0.13644695281982422
Epoch 10: loss = 0.13640250265598297
Epoch 11: loss = 0.13634368777275085
Epoch 12: loss = 0.13631252944469452
Epoch 13: loss = 0.1363050937652588
Epoch 14: loss = 0.1363023966550827
Epoch 15: loss = 0.13629980385303497
Epoch 16: loss = 0.1362963765859604
Early stopping at epoch 16 with loss 0.13634368777275085
Reconstruction for fluence = 37.926901907322495 photons/pixel
Epoch 0: loss = 10.355002403259277
Epoch 1: loss = 0.2212086170911789
Epoch 2: loss = 0.17480434477329254
Epoch 3: loss = 0.16958501935005188
Epoch 4: loss = 0.16847844421863556
Epoch 5: loss = 0.16801384091377258
Epoch 6: loss = 0.1678234487771988
Epoch 7: loss = 0.16769962012767792
Epoch 8: loss = 0.16759593784809113
Epoch 9: loss = 0.16756488382816315
Epoch 10: loss = 0.16755029559135437
Epoch 11: loss = 0.16753414273262024
Epoch 12: loss = 0.16751456260681152
Epoch 13: loss = 0.1675082892179489
Early stopping at epoch 13 with loss 0.16759593784809113
Reconstruction for fluence = 88.58667904100822 photons/pixel
Epoch 0: loss = 24.051206588745117
Epoch 1: loss = 0.317018985748291
Epoch 2: loss = 0.21940778195858002
Epoch 3: loss = 0.20871278643608093
Epoch 4: loss = 0.20598597824573517
Epoch 5: loss = 0.20463396608829498
Epoch 6: loss = 0.20400185883045197
Epoch 7: loss = 0.2038140743970871
Epoch 8: loss = 0.20368395745754242
Epoch 9: loss = 0.20358292758464813
Epoch 10: loss = 0.20353056490421295
Epoch 11: loss = 0.20348021388053894
Epoch 12: loss = 0.20346926152706146
Epoch 13: loss = 0.20346508920192719
Epoch 14: loss = 0.2034633308649063
Epoch 15: loss = 0.20346246659755707
Epoch 16: loss = 0.20346154272556305
Early stopping at epoch 16 with loss 0.20348021388053894
Reconstruction for fluence = 206.9138081114788 photons/pixel
Epoch 0: loss = 56.15114974975586
Epoch 1: loss = 0.4604088366031647
Epoch 2: loss = 0.2617373466491699
Epoch 3: loss = 0.24417676031589508
Epoch 4: loss = 0.24061356484889984
Epoch 5: loss = 0.23816251754760742
Epoch 6: loss = 0.2358296662569046
Epoch 7: loss = 0.23378883302211761
Epoch 8: loss = 0.23225651681423187
Epoch 9: loss = 0.23174254596233368
Epoch 10: loss = 0.2316332906484604
Epoch 11: loss = 0.23153550922870636
Epoch 12: loss = 0.23150308430194855
Epoch 13: loss = 0.2314731776714325
Epoch 14: loss = 0.23145978152751923
Epoch 15: loss = 0.2314533144235611
Epoch 16: loss = 0.23145198822021484
Epoch 17: loss = 0.23145008087158203
Early stopping at epoch 17 with loss 0.23150308430194855
Reconstruction for fluence = 483.2930238571752 photons/pixel
Epoch 0: loss = 131.0472869873047
Epoch 1: loss = 0.8209458589553833
Epoch 2: loss = 0.35878169536590576
Epoch 3: loss = 0.3024155795574188
Epoch 4: loss = 0.2833057641983032
Epoch 5: loss = 0.26649561524391174
Epoch 6: loss = 0.26215457916259766
Epoch 7: loss = 0.2606737017631531
Epoch 8: loss = 0.25968822836875916
Epoch 9: loss = 0.2583260238170624
Epoch 10: loss = 0.2556699216365814
Epoch 11: loss = 0.25429216027259827
Epoch 12: loss = 0.25048592686653137
Epoch 13: loss = 0.24966521561145782
Epoch 14: loss = 0.24946747720241547
Epoch 15: loss = 0.2493351250886917
Epoch 16: loss = 0.2492547631263733
Epoch 17: loss = 0.24909117817878723
Epoch 18: loss = 0.24881072342395782
Epoch 19: loss = 0.24755865335464478
Epoch 20: loss = 0.24628710746765137
Epoch 21: loss = 0.24600066244602203
Epoch 22: loss = 0.24568316340446472
Epoch 23: loss = 0.24524828791618347
Epoch 24: loss = 0.24519804120063782
Epoch 25: loss = 0.24517542123794556
Epoch 26: loss = 0.2451404184103012
Epoch 27: loss = 0.24508990347385406
Epoch 28: loss = 0.2450084239244461
Epoch 29: loss = 0.24498870968818665
Epoch 30: loss = 0.2449793815612793
Epoch 31: loss = 0.2449326068162918
Epoch 32: loss = 0.24492627382278442
Epoch 33: loss = 0.2449239045381546
Early stopping at epoch 33 with loss 0.2450084239244461
Reconstruction for fluence = 1128.8378916846884 photons/pixel
Epoch 0: loss = 305.9377136230469
Epoch 1: loss = 1.6063275337219238
Epoch 2: loss = 0.5238727927207947
Epoch 3: loss = 0.372952938079834
Epoch 4: loss = 0.33681073784828186
Epoch 5: loss = 0.3239544928073883
Epoch 6: loss = 0.31265461444854736
Epoch 7: loss = 0.3027985990047455
Epoch 8: loss = 0.2969104051589966
Epoch 9: loss = 0.2855186462402344
Epoch 10: loss = 0.2819584906101227
Epoch 11: loss = 0.28093868494033813
Epoch 12: loss = 0.28056931495666504
Epoch 13: loss = 0.2802760899066925
Epoch 14: loss = 0.2776564657688141
Epoch 15: loss = 0.2772800624370575
Epoch 16: loss = 0.2772112190723419
Epoch 17: loss = 0.2771390974521637
Epoch 18: loss = 0.27702125906944275
Epoch 19: loss = 0.27686357498168945
Epoch 20: loss = 0.2767753601074219
Epoch 21: loss = 0.2767578661441803
Epoch 22: loss = 0.27675485610961914
Epoch 23: loss = 0.2767365872859955
Epoch 24: loss = 0.27672550082206726
Epoch 25: loss = 0.27671998739242554
Epoch 26: loss = 0.2767181396484375
Early stopping at epoch 26 with loss 0.2767578661441803
Reconstruction for fluence = 2636.6508987303555 photons/pixel
Epoch 0: loss = 714.7621459960938
Epoch 1: loss = 3.0568132400512695
Epoch 2: loss = 0.9305699467658997
Epoch 3: loss = 0.6257449388504028
Epoch 4: loss = 0.4903615415096283
Epoch 5: loss = 0.4202539622783661
Epoch 6: loss = 0.35703718662261963
Epoch 7: loss = 0.33401933312416077
Epoch 8: loss = 0.3263802230358124
Epoch 9: loss = 0.3226695656776428
Epoch 10: loss = 0.3165680468082428
Epoch 11: loss = 0.31036123633384705
Epoch 12: loss = 0.301846444606781
Epoch 13: loss = 0.29781287908554077
Epoch 14: loss = 0.2961696684360504
Epoch 15: loss = 0.2949331998825073
Epoch 16: loss = 0.2945951819419861
Epoch 17: loss = 0.294418603181839
Epoch 18: loss = 0.2938658595085144
Epoch 19: loss = 0.2935854196548462
Epoch 20: loss = 0.28830480575561523
Epoch 21: loss = 0.2873614728450775
Epoch 22: loss = 0.28724193572998047
Epoch 23: loss = 0.2872050702571869
Epoch 24: loss = 0.2871934473514557
Epoch 25: loss = 0.2871911823749542
Epoch 26: loss = 0.28719058632850647
Epoch 27: loss = 0.28719034790992737
Early stopping at epoch 27 with loss 0.28724193572998047
Reconstruction for fluence = 6158.482110660255 photons/pixel
Epoch 0: loss = 1669.2396240234375
Epoch 1: loss = 6.385307788848877
Epoch 2: loss = 2.0708706378936768
Epoch 3: loss = 1.3588684797286987
Epoch 4: loss = 1.0969682931900024
Epoch 5: loss = 0.9946039319038391
Epoch 6: loss = 0.8930702209472656
Epoch 7: loss = 0.7802736759185791
Epoch 8: loss = 0.6221817135810852
Epoch 9: loss = 0.5824790596961975
Epoch 10: loss = 0.5659405589103699
Epoch 11: loss = 0.5516429543495178
Epoch 12: loss = 0.5214508175849915
Epoch 13: loss = 0.5099543333053589
Epoch 14: loss = 0.502839207649231
Epoch 15: loss = 0.500973641872406
Epoch 16: loss = 0.5006254315376282
Epoch 17: loss = 0.5005272030830383
Epoch 18: loss = 0.5005068778991699
Epoch 19: loss = 0.5005059838294983
Epoch 20: loss = 0.5004585385322571
Epoch 21: loss = 0.49981585144996643
Epoch 22: loss = 0.49956899881362915
Epoch 23: loss = 0.4994853436946869
Epoch 24: loss = 0.49939367175102234
Epoch 25: loss = 0.49917519092559814
Epoch 26: loss = 0.4989362359046936
Epoch 27: loss = 0.49862873554229736
Epoch 28: loss = 0.4984678626060486
Epoch 29: loss = 0.4980688691139221
Epoch 30: loss = 0.4975256323814392
Epoch 31: loss = 0.4974834620952606
Epoch 32: loss = 0.4974766969680786
Epoch 33: loss = 0.4974709153175354
Epoch 34: loss = 0.49746766686439514
Epoch 35: loss = 0.49746716022491455
Early stopping at epoch 35 with loss 0.4975256323814392
Reconstruction for fluence = 14384.498882876629 photons/pixel
Epoch 0: loss = 3898.48779296875
Epoch 1: loss = 17.239200592041016
Epoch 2: loss = 4.326634883880615
Epoch 3: loss = 2.6616132259368896
Epoch 4: loss = 2.114567995071411
Epoch 5: loss = 1.7716238498687744
Epoch 6: loss = 1.5000218152999878
Epoch 7: loss = 0.9562212824821472
Epoch 8: loss = 0.7448737025260925
Epoch 9: loss = 0.65977543592453
Epoch 10: loss = 0.5986007452011108
Epoch 11: loss = 0.5792503356933594
Epoch 12: loss = 0.571193516254425
Epoch 13: loss = 0.5485964417457581
Epoch 14: loss = 0.5268736481666565
Epoch 15: loss = 0.5162551999092102
Epoch 16: loss = 0.5133081078529358
Epoch 17: loss = 0.5129547119140625
Epoch 18: loss = 0.5121902823448181
Epoch 19: loss = 0.5119603276252747
Epoch 20: loss = 0.5119308233261108
Epoch 21: loss = 0.5119014382362366
Epoch 22: loss = 0.5118449330329895
Epoch 23: loss = 0.5118343830108643
Epoch 24: loss = 0.5118123292922974
Epoch 25: loss = 0.5117733478546143
Epoch 26: loss = 0.5117684602737427
Epoch 27: loss = 0.5117681622505188
Early stopping at epoch 27 with loss 0.5118449330329895
Reconstruction for fluence = 33598.18286283781 photons/pixel
Epoch 0: loss = 9105.6474609375
Epoch 1: loss = 41.61001968383789
Epoch 2: loss = 11.05313491821289
Epoch 3: loss = 6.890314102172852
Epoch 4: loss = 5.912266254425049
Epoch 5: loss = 5.517621994018555
Epoch 6: loss = 4.905342102050781
Epoch 7: loss = 4.14582633972168
Epoch 8: loss = 3.892544984817505
Epoch 9: loss = 3.813570737838745
Epoch 10: loss = 3.783005714416504
Epoch 11: loss = 3.7693872451782227
Epoch 12: loss = 3.7477715015411377
Epoch 13: loss = 3.7145326137542725
Epoch 14: loss = 3.691848039627075
Epoch 15: loss = 3.6865234375
Epoch 16: loss = 3.6831066608428955
Epoch 17: loss = 3.681199789047241
Epoch 18: loss = 3.678618907928467
Epoch 19: loss = 3.675928831100464
Epoch 20: loss = 3.67384672164917
Epoch 21: loss = 3.668792247772217
Epoch 22: loss = 3.6565535068511963
Epoch 23: loss = 3.6525814533233643
Epoch 24: loss = 3.6520206928253174
Epoch 25: loss = 3.6518547534942627
Epoch 26: loss = 3.6518428325653076
Epoch 27: loss = 3.6518144607543945
Epoch 28: loss = 3.6518070697784424
Epoch 29: loss = 3.65179705619812
Epoch 30: loss = 3.6512291431427
Epoch 31: loss = 3.6507678031921387
Epoch 32: loss = 3.6507229804992676
Epoch 33: loss = 3.6507186889648438
Epoch 34: loss = 3.65071702003479
Epoch 35: loss = 3.6507158279418945
Epoch 36: loss = 3.6507136821746826
Early stopping at epoch 36 with loss 3.6507678031921387
Reconstruction for fluence = 78475.99703514607 photons/pixel
Epoch 0: loss = 21268.5546875
Epoch 1: loss = 91.26554107666016
Epoch 2: loss = 26.03997039794922
Epoch 3: loss = 16.162220001220703
Epoch 4: loss = 12.362584114074707
Epoch 5: loss = 10.530763626098633
Epoch 6: loss = 9.4744291305542
Epoch 7: loss = 8.898320198059082
Epoch 8: loss = 8.639689445495605
Epoch 9: loss = 8.522684097290039
Epoch 10: loss = 8.453060150146484
Epoch 11: loss = 8.400690078735352
Epoch 12: loss = 8.360848426818848
Epoch 13: loss = 8.333311080932617
Epoch 14: loss = 8.32099437713623
Epoch 15: loss = 8.279934883117676
Epoch 16: loss = 8.270608901977539
Epoch 17: loss = 8.267972946166992
Epoch 18: loss = 8.2639741897583
Epoch 19: loss = 8.227557182312012
Epoch 20: loss = 8.221355438232422
Epoch 21: loss = 8.220733642578125
Epoch 22: loss = 8.220550537109375
Epoch 23: loss = 8.198287963867188
Epoch 24: loss = 8.19348430633545
Epoch 25: loss = 8.192926406860352
Epoch 26: loss = 8.192181587219238
Epoch 27: loss = 8.190448760986328
Epoch 28: loss = 8.18978214263916
Epoch 29: loss = 8.18972110748291
Epoch 30: loss = 8.189712524414062
Epoch 31: loss = 8.189708709716797
Epoch 32: loss = 8.18970775604248
Epoch 33: loss = 8.189702033996582
Early stopping at epoch 33 with loss 8.18978214263916
Reconstruction for fluence = 183298.07108324335 photons/pixel
Epoch 0: loss = 49678.52734375
Epoch 1: loss = 197.01882934570312
Epoch 2: loss = 55.51094436645508
Epoch 3: loss = 38.785606384277344
Epoch 4: loss = 33.58442306518555
Epoch 5: loss = 28.09002113342285
Epoch 6: loss = 22.75845718383789
Epoch 7: loss = 21.67074203491211
Epoch 8: loss = 21.140785217285156
Epoch 9: loss = 20.26979637145996
Epoch 10: loss = 19.994699478149414
Epoch 11: loss = 19.743112564086914
Epoch 12: loss = 19.432676315307617
Epoch 13: loss = 19.29452133178711
Epoch 14: loss = 18.921995162963867
Epoch 15: loss = 18.812477111816406
Epoch 16: loss = 18.79517364501953
Epoch 17: loss = 18.78669548034668
Epoch 18: loss = 18.76689910888672
Epoch 19: loss = 18.753686904907227
Epoch 20: loss = 18.75080680847168
Epoch 21: loss = 18.7355899810791
Epoch 22: loss = 18.63999366760254
Epoch 23: loss = 18.630678176879883
Epoch 24: loss = 18.628156661987305
Epoch 25: loss = 18.62728500366211
Epoch 26: loss = 18.626867294311523
Epoch 27: loss = 18.62539291381836
Epoch 28: loss = 18.624710083007812
Epoch 29: loss = 18.624637603759766
Epoch 30: loss = 18.624624252319336
Epoch 31: loss = 18.624616622924805
Epoch 32: loss = 18.624610900878906
Epoch 33: loss = 18.624597549438477
Epoch 34: loss = 18.624597549438477
Epoch 35: loss = 18.624597549438477
Epoch 36: loss = 18.624582290649414
Epoch 37: loss = 18.624574661254883
Epoch 38: loss = 18.624568939208984
Early stopping at epoch 38 with loss 18.624597549438477
Reconstruction for fluence = 428133.2398719387 photons/pixel
Epoch 0: loss = 116037.3359375
Epoch 1: loss = 476.2882995605469
Epoch 2: loss = 117.55555725097656
Epoch 3: loss = 65.25929260253906
Epoch 4: loss = 48.71329116821289
Epoch 5: loss = 38.1690788269043
Epoch 6: loss = 21.57492446899414
Epoch 7: loss = 15.990400314331055
Epoch 8: loss = 14.101472854614258
Epoch 9: loss = 13.351828575134277
Epoch 10: loss = 12.440229415893555
Epoch 11: loss = 11.75328254699707
Epoch 12: loss = 11.629721641540527
Epoch 13: loss = 11.584415435791016
Epoch 14: loss = 11.500100135803223
Epoch 15: loss = 11.438146591186523
Epoch 16: loss = 11.423370361328125
Epoch 17: loss = 11.421002388000488
Epoch 18: loss = 11.420340538024902
Epoch 19: loss = 11.420228958129883
Epoch 20: loss = 11.42017650604248
Epoch 21: loss = 11.420166015625
Epoch 22: loss = 11.420164108276367
Epoch 23: loss = 11.420157432556152
Epoch 24: loss = 11.42015552520752
Early stopping at epoch 24 with loss 11.420228958129883
Reconstruction for fluence = 1000000.0 photons/pixel
Epoch 0: loss = 271024.15625
Epoch 1: loss = 1060.0457763671875
Epoch 2: loss = 260.408203125
Epoch 3: loss = 154.31298828125
Epoch 4: loss = 118.53746032714844
Epoch 5: loss = 83.2247314453125
Epoch 6: loss = 66.86933135986328
Epoch 7: loss = 57.68718719482422
Epoch 8: loss = 52.62228012084961
Epoch 9: loss = 51.09375
Epoch 10: loss = 49.83895492553711
Epoch 11: loss = 48.43016815185547
Epoch 12: loss = 47.63007736206055
Epoch 13: loss = 46.73020935058594
Epoch 14: loss = 46.34351348876953
Epoch 15: loss = 46.042083740234375
Epoch 16: loss = 45.98533248901367
Epoch 17: loss = 45.92448043823242
Epoch 18: loss = 44.72427749633789
Epoch 19: loss = 44.24916458129883
Epoch 20: loss = 44.146018981933594
Epoch 21: loss = 43.42134475708008
Epoch 22: loss = 43.20358657836914
Epoch 23: loss = 43.18159866333008
Epoch 24: loss = 43.175537109375
Epoch 25: loss = 43.16584777832031
Epoch 26: loss = 43.15713119506836
Epoch 27: loss = 43.15616226196289
Epoch 28: loss = 43.15607452392578
Epoch 29: loss = 43.15602493286133
Epoch 30: loss = 43.15599822998047
Epoch 31: loss = 43.15595245361328
Epoch 32: loss = 43.15594482421875
Epoch 33: loss = 43.15591049194336
Epoch 34: loss = 43.15580368041992
Epoch 35: loss = 43.15576171875
Epoch 36: loss = 43.15574264526367
Epoch 37: loss = 43.15571975708008
Epoch 38: loss = 43.15568923950195
Epoch 39: loss = 43.15568923950195
Epoch 40: loss = 43.15568923950195
Epoch 41: loss = 43.15568923950195
Epoch 42: loss = 43.15568923950195
Epoch 43: loss = 43.155677795410156
Early stopping at epoch 43 with loss 43.15568923950195
Tensors initialization on device cuda
Multiprobe = band_lim
torch.Size([1, 64, 64])

('MSE', 'PoissonNLL') RECONSTRUCTIONS

Reconstruction for fluence = 0.09999999999999999 photons/pixel
Epoch 0: loss = 0.08505164086818695
Epoch 1: loss = 0.034475941210985184
Epoch 2: loss = 0.03367319330573082
Epoch 3: loss = 0.033591434359550476
Epoch 4: loss = 0.03357996046543121
Epoch 5: loss = 0.03357788175344467
Epoch 6: loss = 0.033577244728803635
Epoch 7: loss = 0.033576883375644684
Early stopping at epoch 7 with loss 0.03367319330573082
Epoch 0: loss = 0.08741414546966553
Epoch 1: loss = 0.07672639936208725
Epoch 2: loss = 0.07655362039804459
Epoch 3: loss = 0.07652691006660461
Epoch 4: loss = 0.07652123272418976
Epoch 5: loss = 0.07651928812265396
Epoch 6: loss = 0.0765184834599495
Epoch 7: loss = 0.07651793956756592
Early stopping at epoch 7 with loss 0.07655362039804459
Reconstruction for fluence = 0.23357214690901223 photons/pixel
Epoch 0: loss = 0.1299556940793991
Epoch 1: loss = 0.04343480244278908
Epoch 2: loss = 0.04248460754752159
Epoch 3: loss = 0.04238446429371834
Epoch 4: loss = 0.042370352894067764
Epoch 5: loss = 0.04236796870827675
Epoch 6: loss = 0.042367901653051376
Epoch 7: loss = 0.042367033660411835
Epoch 8: loss = 0.04236667975783348
Early stopping at epoch 8 with loss 0.04238446429371834
Epoch 0: loss = 0.00913307722657919
Epoch 1: loss = -0.0012461377773433924
Epoch 2: loss = -0.0014625029871240258
Epoch 3: loss = -0.0015073722461238503
Epoch 4: loss = -0.0015243199886754155
Epoch 5: loss = -0.0015338199445977807
Epoch 6: loss = -0.001543545862659812
Epoch 7: loss = -0.0015533717814832926
Early stopping at epoch 7 with loss -0.0014625029871240258
Reconstruction for fluence = 0.5455594781168519 photons/pixel
Epoch 0: loss = 0.22376151382923126
Epoch 1: loss = 0.05103118717670441
Epoch 2: loss = 0.04944779351353645
Epoch 3: loss = 0.04923856258392334
Epoch 4: loss = 0.04920562729239464
Epoch 5: loss = 0.04919750615954399
Epoch 6: loss = 0.049194175750017166
Epoch 7: loss = 0.04919203743338585
Epoch 8: loss = 0.049191270023584366
Early stopping at epoch 8 with loss 0.04923856258392334
Epoch 0: loss = -0.41165199875831604
Epoch 1: loss = -0.4236343204975128
Epoch 2: loss = -0.4239315688610077
Epoch 3: loss = -0.4240008592605591
Epoch 4: loss = -0.42402470111846924
Epoch 5: loss = -0.4240345358848572
Epoch 6: loss = -0.4240414798259735
Epoch 7: loss = -0.4240459203720093
Epoch 8: loss = -0.42404666543006897
Epoch 9: loss = -0.424048513174057
Epoch 10: loss = -0.42404890060424805
Early stopping at epoch 10 with loss -0.4240345358848572
Reconstruction for fluence = 1.2742749857031335 photons/pixel
Epoch 0: loss = 0.42778730392456055
Epoch 1: loss = 0.06464915722608566
Epoch 2: loss = 0.06134796142578125
Epoch 3: loss = 0.060959670692682266
Epoch 4: loss = 0.06088082864880562
Epoch 5: loss = 0.06085766851902008
Epoch 6: loss = 0.060850661247968674
Epoch 7: loss = 0.06084785982966423
Epoch 8: loss = 0.060846779495477676
Epoch 9: loss = 0.06084631755948067
Epoch 10: loss = 0.060846224427223206
Early stopping at epoch 10 with loss 0.06085766851902008
Epoch 0: loss = -2.0273454189300537
Epoch 1: loss = -2.04435658454895
Epoch 2: loss = -2.044769763946533
Epoch 3: loss = -2.0448617935180664
Epoch 4: loss = -2.044893264770508
Epoch 5: loss = -2.044915199279785
Epoch 6: loss = -2.044928789138794
Epoch 7: loss = -2.044938325881958
Epoch 8: loss = -2.044940233230591
Epoch 9: loss = -2.0449419021606445
Early stopping at epoch 9 with loss -2.044893264770508
Reconstruction for fluence = 2.976351441631318 photons/pixel
Epoch 0: loss = 0.930614173412323
Epoch 1: loss = 0.0862097218632698
Epoch 2: loss = 0.0802079290151596
Epoch 3: loss = 0.07945024967193604
Epoch 4: loss = 0.07931040227413177
Epoch 5: loss = 0.07927221804857254
Epoch 6: loss = 0.07925648242235184
Epoch 7: loss = 0.07924623787403107
Epoch 8: loss = 0.07923627644777298
Epoch 9: loss = 0.07923130691051483
Early stopping at epoch 9 with loss 0.07931040227413177
Epoch 0: loss = -7.257478713989258
Epoch 1: loss = -7.2804107666015625
Epoch 2: loss = -7.280915260314941
Epoch 3: loss = -7.281005859375
Epoch 4: loss = -7.281036376953125
Epoch 5: loss = -7.281056880950928
Epoch 6: loss = -7.281073570251465
Epoch 7: loss = -7.281087398529053
Epoch 8: loss = -7.281092166900635
Epoch 9: loss = -7.2810959815979
Early stopping at epoch 9 with loss -7.281036376953125
Reconstruction for fluence = 6.9519279617756045 photons/pixel
Epoch 0: loss = 2.1057541370391846
Epoch 1: loss = 0.12251859158277512
Epoch 2: loss = 0.10912143439054489
Epoch 3: loss = 0.10775048285722733
Epoch 4: loss = 0.10743927210569382
Epoch 5: loss = 0.10734774172306061
Epoch 6: loss = 0.10729750990867615
Epoch 7: loss = 0.10727499425411224
Epoch 8: loss = 0.10726497322320938
Epoch 9: loss = 0.10726141184568405
Epoch 10: loss = 0.10726024955511093
Epoch 11: loss = 0.10726014524698257
Early stopping at epoch 11 with loss 0.10729750990867615
Epoch 0: loss = -22.781763076782227
Epoch 1: loss = -22.811792373657227
Epoch 2: loss = -22.812538146972656
Epoch 3: loss = -22.812782287597656
Epoch 4: loss = -22.812923431396484
Epoch 5: loss = -22.81301498413086
Epoch 6: loss = -22.813032150268555
Epoch 7: loss = -22.81303596496582
Epoch 8: loss = -22.81304359436035
Epoch 9: loss = -22.81304931640625
Epoch 10: loss = -22.81305694580078
Epoch 11: loss = -22.81305694580078
Early stopping at epoch 11 with loss -22.813032150268555
Reconstruction for fluence = 16.23776739188721 photons/pixel
Epoch 0: loss = 4.814466953277588
Epoch 1: loss = 0.17507408559322357
Epoch 2: loss = 0.14320972561836243
Epoch 3: loss = 0.13994459807872772
Epoch 4: loss = 0.13932068645954132
Epoch 5: loss = 0.13911326229572296
Epoch 6: loss = 0.13903610408306122
Epoch 7: loss = 0.13899973034858704
Epoch 8: loss = 0.1389811635017395
Epoch 9: loss = 0.1389673799276352
Epoch 10: loss = 0.13895832002162933
Epoch 11: loss = 0.13895194232463837
Epoch 12: loss = 0.13894622027873993
Early stopping at epoch 12 with loss 0.13899973034858704
Epoch 0: loss = -67.08892059326172
Epoch 1: loss = -67.1222152709961
Epoch 2: loss = -67.12294006347656
Epoch 3: loss = -67.12307739257812
Epoch 4: loss = -67.1232681274414
Epoch 5: loss = -67.12332153320312
Epoch 6: loss = -67.12332916259766
Epoch 7: loss = -67.12334442138672
Epoch 8: loss = -67.12337493896484
Epoch 9: loss = -67.12337493896484
Epoch 10: loss = -67.1233901977539
Epoch 11: loss = -67.1233901977539
Epoch 12: loss = -67.1233901977539
Epoch 13: loss = -67.12340545654297
Early stopping at epoch 13 with loss -67.12337493896484
Reconstruction for fluence = 37.926901907322495 photons/pixel
Epoch 0: loss = 11.20818042755127
Epoch 1: loss = 0.25450465083122253
Epoch 2: loss = 0.1855999380350113
Epoch 3: loss = 0.17869000136852264
Epoch 4: loss = 0.1771889179944992
Epoch 5: loss = 0.1766686737537384
Epoch 6: loss = 0.17650742828845978
Epoch 7: loss = 0.17644064128398895
Epoch 8: loss = 0.17641404271125793
Epoch 9: loss = 0.17639946937561035
Epoch 10: loss = 0.17638547718524933
Epoch 11: loss = 0.17637865245342255
Epoch 12: loss = 0.17637617886066437
Epoch 13: loss = 0.17637450993061066
Epoch 14: loss = 0.17637236416339874
Early stopping at epoch 14 with loss 0.17639946937561035
Epoch 0: loss = -188.55279541015625
Epoch 1: loss = -188.58868408203125
Epoch 2: loss = -188.58949279785156
Epoch 3: loss = -188.58973693847656
Epoch 4: loss = -188.5898895263672
Epoch 5: loss = -188.58995056152344
Epoch 6: loss = -188.58995056152344
Epoch 7: loss = -188.58998107910156
Epoch 8: loss = -188.5900115966797
Epoch 9: loss = -188.59002685546875
Epoch 10: loss = -188.5900421142578
Epoch 11: loss = -188.5900421142578
Epoch 12: loss = -188.5900421142578
Epoch 13: loss = -188.59005737304688
Early stopping at epoch 13 with loss -188.5900115966797
Reconstruction for fluence = 88.58667904100822 photons/pixel
Epoch 0: loss = 26.16714859008789
Epoch 1: loss = 0.35282379388809204
Epoch 2: loss = 0.22320716083049774
Epoch 3: loss = 0.20918120443820953
Epoch 4: loss = 0.20601370930671692
Epoch 5: loss = 0.20532819628715515
Epoch 6: loss = 0.2050502598285675
Epoch 7: loss = 0.20488376915454865
Epoch 8: loss = 0.20470030605793
Epoch 9: loss = 0.20453448593616486
Epoch 10: loss = 0.20442835986614227
Epoch 11: loss = 0.20435942709445953
Epoch 12: loss = 0.2042812556028366
Epoch 13: loss = 0.20425629615783691
Epoch 14: loss = 0.2042471319437027
Epoch 0: loss = -514.877197265625
Epoch 1: loss = -514.9098510742188
Epoch 2: loss = -514.9099731445312
Epoch 3: loss = -514.91015625
Epoch 4: loss = -514.9104614257812
Epoch 5: loss = -514.9104614257812
Epoch 6: loss = -514.9104614257812
Epoch 7: loss = -514.9107055664062
Epoch 8: loss = -514.9107055664062
Epoch 9: loss = -514.9107666015625
Epoch 10: loss = -514.9108276367188
Epoch 11: loss = -514.9108276367188
Epoch 12: loss = -514.9108276367188
Early stopping at epoch 12 with loss -514.9107055664062
Reconstruction for fluence = 206.9138081114788 photons/pixel
Epoch 0: loss = 61.06731033325195
Epoch 1: loss = 0.5441663861274719
Epoch 2: loss = 0.2701895534992218
Epoch 3: loss = 0.2402346432209015
Epoch 4: loss = 0.23459240794181824
Epoch 5: loss = 0.23271778225898743
Epoch 6: loss = 0.23164351284503937
Epoch 7: loss = 0.23097433149814606
Epoch 8: loss = 0.2302783876657486
Epoch 9: loss = 0.22975127398967743
Epoch 10: loss = 0.2294446974992752
Epoch 11: loss = 0.22915740311145782
Epoch 12: loss = 0.22910182178020477
Epoch 13: loss = 0.2290857881307602
Epoch 14: loss = 0.22907453775405884
Epoch 0: loss = -1377.7957763671875
Epoch 1: loss = -1377.8226318359375
Epoch 2: loss = -1377.82275390625
Epoch 3: loss = -1377.82275390625
Epoch 4: loss = -1377.8228759765625
Epoch 5: loss = -1377.8228759765625
Epoch 6: loss = -1377.8231201171875
Epoch 7: loss = -1377.8231201171875
Epoch 8: loss = -1377.8231201171875
Epoch 9: loss = -1377.8233642578125
Epoch 10: loss = -1377.8233642578125
Epoch 11: loss = -1377.8236083984375
Epoch 12: loss = -1377.8236083984375
Epoch 13: loss = -1377.8236083984375
Epoch 14: loss = -1377.8236083984375
Epoch 15: loss = -1377.8236083984375
Epoch 16: loss = -1377.8236083984375
Early stopping at epoch 16 with loss -1377.8236083984375
Reconstruction for fluence = 483.2930238571752 photons/pixel
Epoch 0: loss = 142.4810333251953
Epoch 1: loss = 0.9334930777549744
Epoch 2: loss = 0.31767919659614563
Epoch 3: loss = 0.2598172426223755
Epoch 4: loss = 0.24744193255901337
Epoch 5: loss = 0.24261443316936493
Epoch 6: loss = 0.23979952931404114
Epoch 7: loss = 0.2382097840309143
Epoch 8: loss = 0.23746241629123688
Epoch 9: loss = 0.23701027035713196
Epoch 10: loss = 0.23636388778686523
Epoch 11: loss = 0.23581048846244812
Epoch 12: loss = 0.23557795584201813
Epoch 13: loss = 0.23541827499866486
Epoch 14: loss = 0.2349739819765091
Epoch 0: loss = -3630.54248046875
Epoch 1: loss = -3630.559814453125
Epoch 2: loss = -3630.560546875
Epoch 3: loss = -3630.5615234375
Epoch 4: loss = -3630.5615234375
Epoch 5: loss = -3630.561767578125
Epoch 6: loss = -3630.561767578125
Epoch 7: loss = -3630.561767578125
Epoch 8: loss = -3630.56201171875
Epoch 9: loss = -3630.56201171875
Epoch 10: loss = -3630.56201171875
Epoch 11: loss = -3630.56201171875
Epoch 12: loss = -3630.562255859375
Epoch 13: loss = -3630.562255859375
Epoch 14: loss = -3630.562255859375
Epoch 15: loss = -3630.562255859375
Epoch 16: loss = -3630.5625
Epoch 17: loss = -3630.5625
Epoch 18: loss = -3630.5625
Epoch 19: loss = -3630.5625
Epoch 20: loss = -3630.5625
Epoch 21: loss = -3630.5625
Early stopping at epoch 21 with loss -3630.5625
Reconstruction for fluence = 1128.8378916846884 photons/pixel
Epoch 0: loss = 332.5987548828125
Epoch 1: loss = 2.010422706604004
Epoch 2: loss = 0.4817352294921875
Epoch 3: loss = 0.31869882345199585
Epoch 4: loss = 0.2787863314151764
Epoch 5: loss = 0.2636775076389313
Epoch 6: loss = 0.25741419196128845
Epoch 7: loss = 0.25572121143341064
Epoch 8: loss = 0.25419414043426514
Epoch 9: loss = 0.25210466980934143
Epoch 10: loss = 0.25084856152534485
Epoch 11: loss = 0.24905629456043243
Epoch 12: loss = 0.24546997249126434
Epoch 13: loss = 0.24341031908988953
Epoch 14: loss = 0.24231062829494476
Epoch 0: loss = -9436.19140625
Epoch 1: loss = -9436.2001953125
Epoch 2: loss = -9436.201171875
Epoch 3: loss = -9436.2041015625
Epoch 4: loss = -9436.2041015625
Epoch 5: loss = -9436.2041015625
Epoch 6: loss = -9436.2041015625
Epoch 7: loss = -9436.2041015625
Epoch 8: loss = -9436.205078125
Epoch 9: loss = -9436.205078125
Epoch 10: loss = -9436.205078125
Epoch 11: loss = -9436.205078125
Epoch 12: loss = -9436.205078125
Epoch 13: loss = -9436.205078125
Early stopping at epoch 13 with loss -9436.205078125
Reconstruction for fluence = 2636.6508987303555 photons/pixel
Epoch 0: loss = 776.745849609375
Epoch 1: loss = 3.856839418411255
Epoch 2: loss = 0.7755416035652161
Epoch 3: loss = 0.39501360058784485
Epoch 4: loss = 0.2996842563152313
Epoch 5: loss = 0.27966001629829407
Epoch 6: loss = 0.2657967805862427
Epoch 7: loss = 0.25839027762413025
Epoch 8: loss = 0.256581574678421
Epoch 9: loss = 0.2553554177284241
Epoch 10: loss = 0.25475984811782837
Epoch 11: loss = 0.2543858587741852
Epoch 12: loss = 0.252017617225647
Epoch 13: loss = 0.2512444853782654
Epoch 14: loss = 0.25033998489379883
Epoch 0: loss = -24279.744140625
Epoch 1: loss = -24279.75
Epoch 2: loss = -24279.75
Epoch 3: loss = -24279.75390625
Epoch 4: loss = -24279.75390625
Epoch 5: loss = -24279.75390625
Epoch 6: loss = -24279.75390625
Epoch 7: loss = -24279.75390625
Epoch 8: loss = -24279.75390625
Early stopping at epoch 8 with loss -24279.75390625
Reconstruction for fluence = 6158.482110660255 photons/pixel
Epoch 0: loss = 1813.885498046875
Epoch 1: loss = 8.521138191223145
Epoch 2: loss = 1.4895974397659302
Epoch 3: loss = 0.7127445340156555
Epoch 4: loss = 0.48725399374961853
Epoch 5: loss = 0.4212034046649933
Epoch 6: loss = 0.3997422456741333
Epoch 7: loss = 0.36813226342201233
Epoch 8: loss = 0.33391037583351135
Epoch 9: loss = 0.31606462597846985
Epoch 10: loss = 0.3066112995147705
Epoch 11: loss = 0.2951752543449402
Epoch 12: loss = 0.287161260843277
Epoch 13: loss = 0.28509393334388733
Epoch 14: loss = 0.28110048174858093
Epoch 0: loss = -61938.36328125
Epoch 1: loss = -61938.375
Epoch 2: loss = -61938.375
Epoch 3: loss = -61938.375
Epoch 4: loss = -61938.375
Epoch 5: loss = -61938.375
Epoch 6: loss = -61938.375
Early stopping at epoch 6 with loss -61938.375
Reconstruction for fluence = 14384.498882876629 photons/pixel
Epoch 0: loss = 4237.85791015625
Epoch 1: loss = 19.3006591796875
Epoch 2: loss = 2.9478068351745605
Epoch 3: loss = 1.114370584487915
Epoch 4: loss = 0.6925956010818481
Epoch 5: loss = 0.5831883549690247
Epoch 6: loss = 0.5192844867706299
Epoch 7: loss = 0.48554229736328125
Epoch 8: loss = 0.46450355648994446
Epoch 9: loss = 0.44628530740737915
Epoch 10: loss = 0.4385314881801605
Epoch 11: loss = 0.42955338954925537
Epoch 12: loss = 0.4167482852935791
Epoch 13: loss = 0.4154408276081085
Epoch 14: loss = 0.4149019718170166
Epoch 0: loss = -156843.0
Epoch 1: loss = -156843.03125
Epoch 2: loss = -156843.03125
Epoch 3: loss = -156843.03125
Epoch 4: loss = -156843.03125
Epoch 5: loss = -156843.03125
Epoch 6: loss = -156843.03125
Early stopping at epoch 6 with loss -156843.03125
Reconstruction for fluence = 33598.18286283781 photons/pixel
Epoch 0: loss = 9898.2236328125
Epoch 1: loss = 42.56184005737305
Epoch 2: loss = 6.653535842895508
Epoch 3: loss = 2.497006416320801
Epoch 4: loss = 1.392205834388733
Epoch 5: loss = 0.9779644012451172
Epoch 6: loss = 0.8583641648292542
Epoch 7: loss = 0.8194167613983154
Epoch 8: loss = 0.7729056477546692
Epoch 9: loss = 0.7560186386108398
Epoch 10: loss = 0.7421199083328247
Epoch 11: loss = 0.7079031467437744
Epoch 12: loss = 0.6723777055740356
Epoch 13: loss = 0.6693056225776672
Epoch 14: loss = 0.665850043296814
Epoch 0: loss = -394817.78125
Epoch 1: loss = -394817.78125
Epoch 2: loss = -394817.78125
Epoch 3: loss = -394817.78125
Epoch 4: loss = -394817.78125
Epoch 5: loss = -394817.78125
Early stopping at epoch 5 with loss -394817.78125
Reconstruction for fluence = 78475.99703514607 photons/pixel
Epoch 0: loss = 23118.580078125
Epoch 1: loss = 100.19139099121094
Epoch 2: loss = 14.769411087036133
Epoch 3: loss = 5.03819465637207
Epoch 4: loss = 3.154792308807373
Epoch 5: loss = 2.4911859035491943
Epoch 6: loss = 2.173513650894165
Epoch 7: loss = 1.988820195198059
Epoch 8: loss = 1.9180221557617188
Epoch 9: loss = 1.8453384637832642
Epoch 10: loss = 1.6867918968200684
Epoch 11: loss = 1.507662057876587
Epoch 12: loss = 1.4243332147598267
Epoch 13: loss = 1.3133559226989746
Epoch 14: loss = 1.2519108057022095
Epoch 0: loss = -988809.875
Epoch 1: loss = -988809.875
Epoch 2: loss = -988809.875
Epoch 3: loss = -988809.875
Epoch 4: loss = -988809.875
Epoch 5: loss = -988809.875
Early stopping at epoch 5 with loss -988809.875
Reconstruction for fluence = 183298.07108324335 photons/pixel
Epoch 0: loss = 53998.39453125
Epoch 1: loss = 236.3972930908203
Epoch 2: loss = 36.11745071411133
Epoch 3: loss = 14.11514949798584
Epoch 4: loss = 7.676197528839111
Epoch 5: loss = 5.363937854766846
Epoch 6: loss = 4.255267143249512
Epoch 7: loss = 3.7566347122192383
Epoch 8: loss = 3.503472089767456
Epoch 9: loss = 3.1558356285095215
Epoch 10: loss = 3.039940357208252
Epoch 11: loss = 2.91929030418396
Epoch 12: loss = 2.876328706741333
Epoch 13: loss = 2.8545587062835693
Epoch 14: loss = 2.8093206882476807
Epoch 0: loss = -2465052.75
Epoch 1: loss = -2465052.75
Epoch 2: loss = -2465052.75
Epoch 3: loss = -2465052.75
Epoch 4: loss = -2465052.75
Epoch 5: loss = -2465052.75
Early stopping at epoch 5 with loss -2465052.75
Reconstruction for fluence = 428133.2398719387 photons/pixel
Epoch 0: loss = 126125.5
Epoch 1: loss = 562.4352416992188
Epoch 2: loss = 90.19393157958984
Epoch 3: loss = 33.24814987182617
Epoch 4: loss = 16.465301513671875
Epoch 5: loss = 12.057843208312988
Epoch 6: loss = 9.445331573486328
Epoch 7: loss = 8.19832706451416
Epoch 8: loss = 7.870680332183838
Epoch 9: loss = 7.595837116241455
Epoch 10: loss = 7.302805423736572
Epoch 11: loss = 6.94525671005249
Epoch 12: loss = 6.617790222167969
Epoch 13: loss = 6.341128826141357
Epoch 14: loss = 6.172239780426025
Epoch 0: loss = -6120926.5
Epoch 1: loss = -6120926.5
Epoch 2: loss = -6120926.5
Epoch 3: loss = -6120926.5
Epoch 4: loss = -6120926.5
Epoch 5: loss = -6120926.5
Early stopping at epoch 5 with loss -6120926.5
Reconstruction for fluence = 1000000.0 photons/pixel
Epoch 0: loss = 294599.40625
Epoch 1: loss = 1283.0673828125
Epoch 2: loss = 208.12217712402344
Epoch 3: loss = 64.69693756103516
Epoch 4: loss = 31.11402702331543
Epoch 5: loss = 22.303585052490234
Epoch 6: loss = 17.96700668334961
Epoch 7: loss = 16.478567123413086
Epoch 8: loss = 15.75022029876709
Epoch 9: loss = 15.34571361541748
Epoch 10: loss = 15.014811515808105
Epoch 11: loss = 14.849687576293945
Epoch 12: loss = 14.618623733520508
Epoch 13: loss = 14.592534065246582
Epoch 14: loss = 14.559428215026855
Epoch 0: loss = -15145159.0
Epoch 1: loss = -15145159.0
Epoch 2: loss = -15145159.0
Epoch 3: loss = -15145159.0
Epoch 4: loss = -15145159.0
Epoch 5: loss = -15145159.0
Early stopping at epoch 5 with loss -15145159.0
Simulation for steps_size=27 and n_fluences=20 completed!
