Running simulation for n_modes=7 and n_fluences=20
Tensors initialization on device cuda
Multiprobe = band_lim
torch.Size([7, 64, 64])

('MSE', None) RECONSTRUCTIONS

Reconstruction for fluence = 0.09999999999999999 photons/pixel
Epoch 0: loss = 10657.65234375
Epoch 1: loss = 3806.2578125
Epoch 2: loss = 3680.826904296875
Epoch 3: loss = 3678.899169921875
Epoch 4: loss = 3678.865234375
Epoch 5: loss = 3678.86474609375
Epoch 6: loss = 3678.86474609375
Epoch 7: loss = 3678.86474609375
Epoch 8: loss = 3678.8642578125
Epoch 9: loss = 3678.8642578125
Epoch 10: loss = 3678.8642578125
Epoch 11: loss = 3678.8642578125
Epoch 12: loss = 3678.8642578125
Epoch 13: loss = 3678.8642578125
Epoch 14: loss = 3678.8642578125
Epoch 15: loss = 3678.8642578125
Epoch 16: loss = 3678.8642578125
Epoch 17: loss = 3678.8642578125
Epoch 18: loss = 3678.8642578125
Early stopping at epoch 18 with loss 3678.8642578125
Reconstruction for fluence = 0.23357214690901223 photons/pixel
Epoch 0: loss = 24321.1171875
Epoch 1: loss = 8835.390625
Epoch 2: loss = 8551.4462890625
Epoch 3: loss = 8547.03125
Epoch 4: loss = 8546.95703125
Epoch 5: loss = 8546.955078125
Epoch 6: loss = 8546.955078125
Epoch 7: loss = 8546.953125
Epoch 8: loss = 8546.953125
Epoch 9: loss = 8546.953125
Epoch 10: loss = 8546.953125
Epoch 11: loss = 8546.953125
Epoch 12: loss = 8546.953125
Epoch 13: loss = 8546.953125
Epoch 14: loss = 8546.953125
Epoch 15: loss = 8546.953125
Epoch 16: loss = 8546.953125
Epoch 17: loss = 8546.953125
Early stopping at epoch 17 with loss 8546.953125
Reconstruction for fluence = 0.5455594781168519 photons/pixel
Epoch 0: loss = 55079.78125
Epoch 1: loss = 20792.30859375
Epoch 2: loss = 20162.408203125
Epoch 3: loss = 20152.5234375
Epoch 4: loss = 20152.35546875
Epoch 5: loss = 20152.35546875
Epoch 6: loss = 20152.3515625
Epoch 7: loss = 20152.3515625
Epoch 8: loss = 20152.3515625
Epoch 9: loss = 20152.3515625
Epoch 10: loss = 20152.349609375
Epoch 11: loss = 20152.34765625
Epoch 12: loss = 20152.34765625
Epoch 13: loss = 20152.34765625
Epoch 14: loss = 20152.34765625
Epoch 15: loss = 20152.34765625
Epoch 16: loss = 20152.34765625
Epoch 17: loss = 20152.34765625
Epoch 18: loss = 20152.34765625
Epoch 19: loss = 20152.34765625
Epoch 20: loss = 20152.34765625
Epoch 21: loss = 20152.34765625
Early stopping at epoch 21 with loss 20152.34765625
Reconstruction for fluence = 1.2742749857031335 photons/pixel
Epoch 0: loss = 121169.9375
Epoch 1: loss = 46984.8359375
Epoch 2: loss = 45617.640625
Epoch 3: loss = 45595.828125
Epoch 4: loss = 45595.4609375
Epoch 5: loss = 45595.453125
Epoch 6: loss = 45595.4453125
Epoch 7: loss = 45595.4453125
Epoch 8: loss = 45595.4453125
Epoch 9: loss = 45595.4453125
Epoch 10: loss = 45595.4453125
Epoch 11: loss = 45595.4453125
Epoch 12: loss = 45595.4453125
Epoch 13: loss = 45595.4453125
Epoch 14: loss = 45595.4453125
Epoch 15: loss = 45595.4453125
Epoch 16: loss = 45595.4453125
Early stopping at epoch 16 with loss 45595.4453125
Reconstruction for fluence = 2.976351441631318 photons/pixel
Epoch 0: loss = 259367.546875
Epoch 1: loss = 106938.921875
Epoch 2: loss = 104106.8828125
Epoch 3: loss = 104060.6015625
Epoch 4: loss = 104059.84375
Epoch 5: loss = 104059.828125
Epoch 6: loss = 104059.828125
Epoch 7: loss = 104059.828125
Epoch 8: loss = 104059.8125
Epoch 9: loss = 104059.8125
Epoch 10: loss = 104059.8125
Epoch 11: loss = 104059.8125
Epoch 12: loss = 104059.8125
Epoch 13: loss = 104059.8125
Epoch 14: loss = 104059.8125
Epoch 15: loss = 104059.8125
Epoch 16: loss = 104059.8125
Epoch 17: loss = 104059.8125
Epoch 18: loss = 104059.8125
Early stopping at epoch 18 with loss 104059.8125
Reconstruction for fluence = 6.9519279617756045 photons/pixel
Epoch 0: loss = 524107.84375
Epoch 1: loss = 231275.75
Epoch 2: loss = 225768.96875
Epoch 3: loss = 225677.078125
Epoch 4: loss = 225675.59375
Epoch 5: loss = 225675.5625
Epoch 6: loss = 225675.53125
Epoch 7: loss = 225675.53125
Epoch 8: loss = 225675.53125
Epoch 9: loss = 225675.53125
Epoch 10: loss = 225675.53125
Epoch 11: loss = 225675.53125
Epoch 12: loss = 225675.53125
Epoch 13: loss = 225675.515625
Epoch 14: loss = 225675.53125
Epoch 15: loss = 225675.53125
Epoch 16: loss = 225675.515625
Epoch 17: loss = 225675.515625
Epoch 18: loss = 225675.515625
Epoch 19: loss = 225675.515625
Epoch 20: loss = 225675.515625
Epoch 21: loss = 225675.515625
Epoch 22: loss = 225675.515625
Epoch 23: loss = 225675.515625
Early stopping at epoch 23 with loss 225675.515625
Reconstruction for fluence = 16.23776739188721 photons/pixel
Epoch 0: loss = 965650.0
Epoch 1: loss = 459148.71875
Epoch 2: loss = 449421.4375
Epoch 3: loss = 449256.875
Epoch 4: loss = 449254.25
Epoch 5: loss = 449254.1875
Epoch 6: loss = 449254.1875
Epoch 7: loss = 449254.1875
Epoch 8: loss = 449254.15625
Epoch 9: loss = 449254.15625
Epoch 10: loss = 449254.125
Epoch 11: loss = 449254.125
Epoch 12: loss = 449254.125
Epoch 13: loss = 449254.125
Epoch 14: loss = 449254.125
Epoch 15: loss = 449254.125
Epoch 16: loss = 449254.125
Epoch 17: loss = 449254.125
Epoch 18: loss = 449254.125
Epoch 19: loss = 449254.125
Epoch 20: loss = 449254.125
Early stopping at epoch 20 with loss 449254.125
Reconstruction for fluence = 37.926901907322495 photons/pixel
Epoch 0: loss = 1542931.5
Epoch 1: loss = 765663.25
Epoch 2: loss = 750306.1875
Epoch 3: loss = 750038.4375
Epoch 4: loss = 750034.125
Epoch 5: loss = 750034.0
Epoch 6: loss = 750034.0
Epoch 7: loss = 750034.0
Epoch 8: loss = 750034.0
Epoch 9: loss = 750033.9375
Epoch 10: loss = 750033.9375
Epoch 11: loss = 750033.875
Epoch 12: loss = 750033.875
Epoch 13: loss = 750033.875
Epoch 14: loss = 750033.875
Epoch 15: loss = 750033.875
Epoch 16: loss = 750033.875
Epoch 17: loss = 750033.875
Epoch 18: loss = 750033.875
Epoch 19: loss = 750033.875
Epoch 20: loss = 750033.875
Epoch 21: loss = 750033.875
Early stopping at epoch 21 with loss 750033.875
Reconstruction for fluence = 88.58667904100822 photons/pixel
Epoch 0: loss = 2128704.5
Epoch 1: loss = 979757.25
Epoch 2: loss = 956633.25
Epoch 3: loss = 956222.125
Epoch 4: loss = 956215.375
Epoch 5: loss = 956215.375
Epoch 6: loss = 956215.25
Epoch 7: loss = 956215.25
Epoch 8: loss = 956215.25
Epoch 9: loss = 956215.25
Epoch 10: loss = 956215.25
Epoch 11: loss = 956215.25
Epoch 12: loss = 956215.25
Epoch 13: loss = 956215.25
Epoch 14: loss = 956215.25
Epoch 15: loss = 956215.25
Epoch 16: loss = 956215.25
Early stopping at epoch 16 with loss 956215.25
Reconstruction for fluence = 206.9138081114788 photons/pixel
Epoch 0: loss = 2987062.5
Epoch 1: loss = 993058.625
Epoch 2: loss = 990716.25
Epoch 3: loss = 990686.625
Epoch 4: loss = 990686.5
Epoch 5: loss = 990686.5
Epoch 6: loss = 990686.4375
Epoch 7: loss = 990686.375
Epoch 8: loss = 990686.375
Epoch 9: loss = 990686.375
Epoch 10: loss = 990686.3125
Epoch 11: loss = 990686.3125
Epoch 12: loss = 990686.3125
Epoch 13: loss = 990686.25
Epoch 14: loss = 990686.25
Epoch 15: loss = 990686.25
Epoch 16: loss = 990686.3125
Epoch 17: loss = 990686.3125
Epoch 18: loss = 990686.3125
Epoch 19: loss = 990686.3125
Epoch 20: loss = 990686.3125
Epoch 21: loss = 990686.3125
Epoch 22: loss = 990686.3125
Epoch 23: loss = 990686.3125
Early stopping at epoch 23 with loss 990686.25
Reconstruction for fluence = 483.2930238571752 photons/pixel
Epoch 0: loss = 5326065.0
Epoch 1: loss = 265251192832.0
Epoch 2: loss = 3922228224.0
Epoch 3: loss = 59496580.0
Epoch 4: loss = 2205589.5
Epoch 5: loss = 1167750.75
Epoch 6: loss = 1138889.875
Epoch 7: loss = 1138740.25
Epoch 8: loss = 1138739.25
Epoch 9: loss = 1138739.125
Epoch 10: loss = 1138739.125
Epoch 11: loss = 1138739.0
Epoch 12: loss = 1138739.0
Epoch 13: loss = 1138739.0
Epoch 14: loss = 1138739.0
Epoch 15: loss = 1138739.0
Epoch 16: loss = 1138738.875
Epoch 17: loss = 1138739.0
Epoch 18: loss = 1138739.0
Epoch 19: loss = 1138738.875
Epoch 20: loss = 1138738.875
Epoch 21: loss = 1138738.875
Epoch 22: loss = 1138738.875
Epoch 23: loss = 1138739.0
Epoch 24: loss = 1138738.875
Epoch 25: loss = 1138739.0
Epoch 26: loss = 1138739.0
Early stopping at epoch 26 with loss 1138738.875
Reconstruction for fluence = 1128.8378916846884 photons/pixel
Epoch 0: loss = 11239131.0
Epoch 1: loss = 3266251849728.0
Epoch 2: loss = 48280997888.0
Epoch 3: loss = 716446592.0
Epoch 4: loss = 12991634.0
Epoch 5: loss = 2087144.0
Epoch 6: loss = 1581577.375
Epoch 7: loss = 1548556.0
Epoch 8: loss = 1547809.625
Epoch 9: loss = 1547799.25
Epoch 10: loss = 1547799.0
Epoch 11: loss = 1547799.0
Epoch 12: loss = 1547798.75
Epoch 13: loss = 1547798.75
Epoch 14: loss = 1547798.75
Epoch 15: loss = 1547798.75
Epoch 16: loss = 1547798.75
Epoch 17: loss = 1547798.75
Epoch 18: loss = 1547798.75
Epoch 19: loss = 1547798.75
Epoch 20: loss = 1547798.75
Epoch 21: loss = 1547798.75
Epoch 22: loss = 1547798.75
Early stopping at epoch 22 with loss 1547798.75
Reconstruction for fluence = 2636.6508987303555 photons/pixel
Epoch 0: loss = 25183416.0
Epoch 1: loss = 41200711106560.0
Epoch 2: loss = 608988823552.0
Epoch 3: loss = 9007212544.0
Epoch 4: loss = 138210816.0
Epoch 5: loss = 5689185.0
Epoch 6: loss = 2720927.0
Epoch 7: loss = 2186386.0
Epoch 8: loss = 2145467.0
Epoch 9: loss = 2144945.5
Epoch 10: loss = 2144940.0
Epoch 11: loss = 2144940.0
Epoch 12: loss = 2144939.75
Epoch 13: loss = 2144939.75
Epoch 14: loss = 2144939.75
Epoch 15: loss = 2144939.75
Epoch 16: loss = 2144939.5
Epoch 17: loss = 2144939.5
Epoch 18: loss = 2144939.5
Epoch 19: loss = 2144939.5
Epoch 20: loss = 2144939.5
Epoch 21: loss = 2144939.5
Epoch 22: loss = 2144939.5
Epoch 23: loss = 2144939.5
Epoch 24: loss = 2144939.5
Epoch 25: loss = 2144939.5
Epoch 26: loss = 2144939.5
Early stopping at epoch 26 with loss 2144939.5
Reconstruction for fluence = 6158.482110660255 photons/pixel
Epoch 0: loss = 57775096.0
Epoch 1: loss = 524057749487616.0
Epoch 2: loss = 7746049540096.0
Epoch 3: loss = 114505842688.0
Epoch 4: loss = 1703785216.0
Epoch 5: loss = 33129172.0
Epoch 6: loss = 6062798.5
Epoch 7: loss = 3544312.5
Epoch 8: loss = 2902878.0
Epoch 9: loss = 2887851.25
Epoch 10: loss = 2887680.25
Epoch 11: loss = 2887679.5
Epoch 12: loss = 2887679.0
Epoch 13: loss = 2887679.0
Epoch 14: loss = 2887679.0
Epoch 15: loss = 2887678.75
Epoch 16: loss = 2887678.75
Epoch 17: loss = 2887678.5
Epoch 18: loss = 2887678.5
Epoch 19: loss = 2887678.5
Epoch 20: loss = 2887678.5
Epoch 21: loss = 2887678.5
Epoch 22: loss = 2887678.5
Epoch 23: loss = 2887678.5
Epoch 24: loss = 2887678.5
Epoch 25: loss = 2887678.5
Epoch 26: loss = 2887678.5
Epoch 27: loss = 2887678.5
Early stopping at epoch 27 with loss 2887678.5
Reconstruction for fluence = 14384.498882876629 photons/pixel
Epoch 0: loss = 133934448.0
Epoch 1: loss = 6715614085251072.0
Epoch 2: loss = 99262750785536.0
Epoch 3: loss = 1467216822272.0
Epoch 4: loss = 21711517696.0
Epoch 5: loss = 339916448.0
Epoch 6: loss = 17373948.0
Epoch 7: loss = 7422189.5
Epoch 8: loss = 4118700.5
Epoch 9: loss = 3736962.5
Epoch 10: loss = 3729854.75
Epoch 11: loss = 3729776.0
Epoch 12: loss = 3729775.0
Epoch 13: loss = 3729775.0
Epoch 14: loss = 3729775.0
Epoch 15: loss = 3729775.0
Epoch 16: loss = 3729775.0
Epoch 17: loss = 3729775.0
Epoch 18: loss = 3729775.0
Epoch 19: loss = 3729775.0
Epoch 20: loss = 3729775.0
Epoch 21: loss = 3729775.0
Epoch 22: loss = 3729775.0
Early stopping at epoch 22 with loss 3729775.0
Reconstruction for fluence = 33598.18286283781 photons/pixel
Epoch 0: loss = 311765504.0
Epoch 1: loss = 8.628239687326106e+16
Epoch 2: loss = 1275330140569600.0
Epoch 3: loss = 18850556936192.0
Epoch 4: loss = 278681812992.0
Epoch 5: loss = 4165174272.0
Epoch 6: loss = 91047896.0
Epoch 7: loss = 20504458.0
Epoch 8: loss = 7943298.0
Epoch 9: loss = 4753772.5
Epoch 10: loss = 4519729.0
Epoch 11: loss = 4512165.5
Epoch 12: loss = 4512082.0
Epoch 13: loss = 4512082.0
Epoch 14: loss = 4512082.0
Epoch 15: loss = 4512081.0
Epoch 16: loss = 4512081.0
Epoch 17: loss = 4512081.0
Epoch 18: loss = 4512081.0
Epoch 19: loss = 4512081.0
Epoch 20: loss = 4512081.0
Epoch 21: loss = 4512081.0
Epoch 22: loss = 4512081.0
Epoch 23: loss = 4512081.0
Epoch 24: loss = 4512081.0
Epoch 25: loss = 4512081.0
Early stopping at epoch 25 with loss 4512081.0
Reconstruction for fluence = 78475.99703514607 photons/pixel
Epoch 0: loss = 727088128.0
Epoch 1: loss = 1.1085382059231805e+18
Epoch 2: loss = 1.6385169237737472e+16
Epoch 3: loss = 242187333795840.0
Epoch 4: loss = 3579860484096.0
Epoch 5: loss = 53022720000.0
Epoch 6: loss = 860765312.0
Epoch 7: loss = 61675976.0
Epoch 8: loss = 19766748.0
Epoch 9: loss = 7220342.0
Epoch 10: loss = 5200177.0
Epoch 11: loss = 5004284.0
Epoch 12: loss = 4999778.0
Epoch 13: loss = 4999729.0
Epoch 14: loss = 4999728.0
Epoch 15: loss = 4999727.5
Epoch 16: loss = 4999727.5
Epoch 17: loss = 4999727.5
Epoch 18: loss = 4999727.0
Epoch 19: loss = 4999727.0
Epoch 20: loss = 4999727.0
Epoch 21: loss = 4999727.0
Epoch 22: loss = 4999727.0
Epoch 23: loss = 4999727.0
Epoch 24: loss = 4999727.0
Epoch 25: loss = 4999727.0
Epoch 26: loss = 4999727.0
Epoch 27: loss = 4999727.0
Epoch 28: loss = 4999727.0
Early stopping at epoch 28 with loss 4999727.0
Reconstruction for fluence = 183298.07108324335 photons/pixel
Epoch 0: loss = 1697487360.0
Epoch 1: loss = 1.4237066994187764e+19
Epoch 2: loss = 2.1043638943350784e+17
Epoch 3: loss = 3110436790599680.0
Epoch 4: loss = 45975276093440.0
Epoch 5: loss = 679808860160.0
Epoch 6: loss = 10253572096.0
Epoch 7: loss = 279055808.0
Epoch 8: loss = 67378832.0
Epoch 9: loss = 16401935.0
Epoch 10: loss = 6947228.5
Epoch 11: loss = 5177092.0
Epoch 12: loss = 5077622.0
Epoch 13: loss = 5075926.0
Epoch 14: loss = 5075912.0
Epoch 15: loss = 5075911.0
Epoch 16: loss = 5075910.0
Epoch 17: loss = 5075910.0
Epoch 18: loss = 5075910.0
Epoch 19: loss = 5075910.0
Epoch 20: loss = 5075910.0
Epoch 21: loss = 5075910.0
Epoch 22: loss = 5075910.0
Epoch 23: loss = 5075910.0
Epoch 24: loss = 5075910.0
Epoch 25: loss = 5075909.5
Epoch 26: loss = 5075910.0
Epoch 27: loss = 5075909.5
Epoch 28: loss = 5075909.5
Epoch 29: loss = 5075909.5
Epoch 30: loss = 5075909.5
Epoch 31: loss = 5075909.5
Epoch 32: loss = 5075909.5
Epoch 33: loss = 5075909.5
Epoch 34: loss = 5075910.0
Epoch 35: loss = 5075910.0
Early stopping at epoch 35 with loss 5075909.5
Reconstruction for fluence = 428133.2398719387 photons/pixel
Epoch 0: loss = 3964037376.0
Epoch 1: loss = 1.824033495485042e+20
Epoch 2: loss = 2.696082225899766e+18
Epoch 3: loss = 3.985048039378125e+16
Epoch 4: loss = 589025706508288.0
Epoch 5: loss = 8706907963392.0
Epoch 6: loss = 129224187904.0
Epoch 7: loss = 2264284928.0
Epoch 8: loss = 254906656.0
Epoch 9: loss = 60863896.0
Epoch 10: loss = 14032146.0
