Running simulation for steps_size=23 and n_fluences=20
Steps size: 23
Tensors initialization on device cuda
Multiprobe = band_lim
torch.Size([1, 64, 64])

('MSE', None) RECONSTRUCTIONS

Reconstruction for fluence = 0.09999999999999999 photons/pixel
Epoch 0: loss = 3566.41162109375
Epoch 1: loss = 1299.1717529296875
Epoch 2: loss = 1294.998291015625
Epoch 3: loss = 1294.8017578125
Epoch 4: loss = 1294.78271484375
Epoch 5: loss = 1294.776611328125
Epoch 6: loss = 1294.7763671875
Epoch 7: loss = 1294.7760009765625
Epoch 8: loss = 1294.775634765625
Epoch 9: loss = 1294.775634765625
Epoch 10: loss = 1294.775390625
Epoch 11: loss = 1294.775390625
Epoch 12: loss = 1294.775390625
Epoch 13: loss = 1294.775390625
Epoch 14: loss = 1294.775390625
Epoch 15: loss = 1294.775390625
Epoch 16: loss = 1294.775390625
Epoch 17: loss = 1294.775390625
Epoch 18: loss = 1294.7752685546875
Early stopping at epoch 18 with loss 1294.775390625
Reconstruction for fluence = 0.23357214690901223 photons/pixel
Epoch 0: loss = 5158.8134765625
Epoch 1: loss = 1590.123291015625
Epoch 2: loss = 1583.2794189453125
Epoch 3: loss = 1582.828369140625
Epoch 4: loss = 1582.7708740234375
Epoch 5: loss = 1582.756591796875
Epoch 6: loss = 1582.756591796875
Epoch 7: loss = 1582.75634765625
Epoch 8: loss = 1582.75634765625
Epoch 9: loss = 1582.756103515625
Epoch 10: loss = 1582.756103515625
Epoch 11: loss = 1582.7559814453125
Epoch 12: loss = 1582.755859375
Epoch 13: loss = 1582.755859375
Epoch 14: loss = 1582.755859375
Epoch 15: loss = 1582.755859375
Epoch 16: loss = 1582.755859375
Epoch 17: loss = 1582.755859375
Epoch 18: loss = 1582.755859375
Epoch 19: loss = 1582.755859375
Epoch 20: loss = 1582.7557373046875
Early stopping at epoch 20 with loss 1582.755859375
Reconstruction for fluence = 0.5455594781168519 photons/pixel
Epoch 0: loss = 8744.396484375
Epoch 1: loss = 1842.6787109375
Epoch 2: loss = 1831.030517578125
Epoch 3: loss = 1830.4620361328125
Epoch 4: loss = 1830.3367919921875
Epoch 5: loss = 1830.31884765625
Epoch 6: loss = 1830.31494140625
Epoch 7: loss = 1830.314697265625
Epoch 8: loss = 1830.314697265625
Epoch 9: loss = 1830.314453125
Epoch 10: loss = 1830.314208984375
Epoch 11: loss = 1830.31396484375
Epoch 12: loss = 1830.3138427734375
Epoch 13: loss = 1830.313720703125
Epoch 14: loss = 1830.3135986328125
Epoch 15: loss = 1830.3134765625
Epoch 16: loss = 1830.3134765625
Epoch 17: loss = 1830.3133544921875
Epoch 18: loss = 1830.3133544921875
Epoch 19: loss = 1830.3133544921875
Epoch 20: loss = 1830.3133544921875
Epoch 21: loss = 1830.3133544921875
Epoch 22: loss = 1830.313232421875
Epoch 23: loss = 1830.313232421875
Epoch 24: loss = 1830.313232421875
Epoch 25: loss = 1830.313232421875
Epoch 26: loss = 1830.313232421875
Epoch 27: loss = 1830.313232421875
Epoch 28: loss = 1830.313232421875
Epoch 29: loss = 1830.313232421875
Epoch 30: loss = 1830.313232421875
Early stopping at epoch 30 with loss 1830.313232421875
Reconstruction for fluence = 1.2742749857031335 photons/pixel
Epoch 0: loss = 17091.1875
Epoch 1: loss = 2261.635498046875
Epoch 2: loss = 2228.864013671875
Epoch 3: loss = 2227.06494140625
Epoch 4: loss = 2226.922119140625
Epoch 5: loss = 2226.90771484375
Epoch 6: loss = 2226.905029296875
Epoch 7: loss = 2226.904296875
Epoch 8: loss = 2226.90380859375
Epoch 9: loss = 2226.9033203125
Epoch 10: loss = 2226.90283203125
Epoch 11: loss = 2226.90234375
Epoch 12: loss = 2226.90234375
Epoch 13: loss = 2226.90185546875
Epoch 14: loss = 2226.9013671875
Epoch 15: loss = 2226.901123046875
Epoch 16: loss = 2226.90087890625
Epoch 17: loss = 2226.8544921875
Epoch 18: loss = 2226.80029296875
Epoch 19: loss = 2226.76171875
Epoch 20: loss = 2226.75439453125
Epoch 21: loss = 2226.7529296875
Epoch 22: loss = 2226.75244140625
Epoch 23: loss = 2226.752197265625
Epoch 24: loss = 2226.751953125
Epoch 25: loss = 2226.75146484375
Epoch 26: loss = 2226.75146484375
Epoch 27: loss = 2226.7509765625
Epoch 28: loss = 2226.7509765625
Epoch 29: loss = 2226.7509765625
Epoch 30: loss = 2226.75048828125
Epoch 31: loss = 2226.750244140625
Epoch 32: loss = 2226.75
Epoch 33: loss = 2226.74951171875
Epoch 34: loss = 2226.749267578125
Epoch 35: loss = 2226.7490234375
Epoch 36: loss = 2226.748046875
Epoch 37: loss = 2226.74755859375
Epoch 38: loss = 2226.74755859375
Epoch 39: loss = 2226.7470703125
Epoch 40: loss = 2226.74658203125
Epoch 41: loss = 2226.74658203125
Epoch 42: loss = 2226.74609375
Epoch 43: loss = 2226.74609375
Epoch 44: loss = 2226.74609375
Epoch 45: loss = 2226.74609375
Epoch 46: loss = 2226.74560546875
Epoch 47: loss = 2226.74560546875
Epoch 48: loss = 2226.745361328125
Epoch 49: loss = 2226.745361328125
Epoch 50: loss = 2226.745361328125
Epoch 51: loss = 2226.745361328125
Epoch 52: loss = 2226.7451171875
Epoch 53: loss = 2226.7451171875
Epoch 54: loss = 2226.7451171875
Epoch 55: loss = 2226.744873046875
Epoch 56: loss = 2226.74462890625
Epoch 57: loss = 2226.74462890625
Epoch 58: loss = 2226.74462890625
Epoch 59: loss = 2226.74462890625
Epoch 60: loss = 2226.74462890625
Epoch 61: loss = 2226.74462890625
Epoch 62: loss = 2226.74462890625
Epoch 63: loss = 2226.74462890625
Epoch 64: loss = 2226.74462890625
Early stopping at epoch 64 with loss 2226.74462890625
Reconstruction for fluence = 2.976351441631318 photons/pixel
Epoch 0: loss = 37168.19140625
Epoch 1: loss = 2897.5458984375
Epoch 2: loss = 2838.7548828125
Epoch 3: loss = 2834.56982421875
Epoch 4: loss = 2833.316650390625
Epoch 5: loss = 2833.10546875
Epoch 6: loss = 2833.08349609375
Epoch 7: loss = 2833.0830078125
Epoch 8: loss = 2833.08203125
Epoch 9: loss = 2833.0810546875
Epoch 10: loss = 2833.08056640625
Epoch 11: loss = 2833.080078125
Epoch 12: loss = 2833.0791015625
Epoch 13: loss = 2833.0791015625
Epoch 14: loss = 2833.078125
Epoch 15: loss = 2833.07763671875
Epoch 16: loss = 2833.0771484375
Epoch 17: loss = 2833.0771484375
Epoch 18: loss = 2833.076171875
Epoch 19: loss = 2833.0751953125
Epoch 20: loss = 2833.0732421875
Epoch 21: loss = 2833.0302734375
Epoch 22: loss = 2832.936767578125
Epoch 23: loss = 2832.9267578125
Epoch 24: loss = 2832.92626953125
Epoch 25: loss = 2832.92529296875
Epoch 26: loss = 2832.92529296875
Epoch 27: loss = 2832.92529296875
Epoch 28: loss = 2832.92529296875
Epoch 29: loss = 2832.92529296875
Epoch 30: loss = 2832.92529296875
Epoch 31: loss = 2832.925048828125
Epoch 32: loss = 2832.925048828125
Epoch 33: loss = 2832.9248046875
Epoch 34: loss = 2832.9248046875
Epoch 35: loss = 2832.9248046875
Epoch 36: loss = 2832.9248046875
Epoch 37: loss = 2832.9248046875
Epoch 38: loss = 2832.9248046875
Epoch 39: loss = 2832.9248046875
Epoch 40: loss = 2832.9248046875
Epoch 41: loss = 2832.9248046875
Early stopping at epoch 41 with loss 2832.9248046875
Reconstruction for fluence = 6.9519279617756045 photons/pixel
Epoch 0: loss = 83292.734375
Epoch 1: loss = 3936.6728515625
Epoch 2: loss = 3765.15380859375
Epoch 3: loss = 3754.028564453125
Epoch 4: loss = 3751.790283203125
Epoch 5: loss = 3751.216796875
Epoch 6: loss = 3751.1279296875
Epoch 7: loss = 3750.992431640625
Epoch 8: loss = 3750.93798828125
Epoch 9: loss = 3750.92138671875
Epoch 10: loss = 3750.92041015625
Epoch 11: loss = 3750.917724609375
Epoch 12: loss = 3750.9169921875
Epoch 13: loss = 3750.916015625
Epoch 14: loss = 3750.91552734375
Epoch 15: loss = 3750.9150390625
Epoch 16: loss = 3750.91455078125
Epoch 17: loss = 3750.9140625
Epoch 18: loss = 3750.9140625
Epoch 19: loss = 3750.9140625
Epoch 20: loss = 3750.9140625
Epoch 21: loss = 3750.913818359375
Epoch 22: loss = 3750.913818359375
Epoch 23: loss = 3750.91357421875
Epoch 24: loss = 3750.913330078125
Epoch 25: loss = 3750.913330078125
Epoch 26: loss = 3750.9130859375
Epoch 27: loss = 3750.9130859375
Epoch 28: loss = 3750.9130859375
Epoch 29: loss = 3750.912841796875
Epoch 30: loss = 3750.912841796875
Epoch 31: loss = 3750.912841796875
Epoch 32: loss = 3750.91259765625
Epoch 33: loss = 3750.91259765625
Epoch 34: loss = 3750.91259765625
Epoch 35: loss = 3750.91259765625
Epoch 36: loss = 3750.91259765625
Epoch 37: loss = 3750.91259765625
Epoch 38: loss = 3750.912353515625
Epoch 39: loss = 3750.912109375
Epoch 40: loss = 3750.912109375
Epoch 41: loss = 3750.912109375
Epoch 42: loss = 3750.912109375
Epoch 43: loss = 3750.912109375
Epoch 44: loss = 3750.912109375
Epoch 45: loss = 3750.912109375
Epoch 46: loss = 3750.912109375
Epoch 47: loss = 3750.912109375
Early stopping at epoch 47 with loss 3750.912109375
Reconstruction for fluence = 16.23776739188721 photons/pixel
Epoch 0: loss = 191197.140625
Epoch 1: loss = 5326.3759765625
Epoch 2: loss = 4944.1455078125
Epoch 3: loss = 4912.1005859375
Epoch 4: loss = 4901.86767578125
Epoch 5: loss = 4899.88427734375
Epoch 6: loss = 4898.8916015625
Epoch 7: loss = 4898.2822265625
Epoch 8: loss = 4897.1103515625
Epoch 9: loss = 4896.623046875
Epoch 10: loss = 4896.5244140625
Epoch 11: loss = 4896.3515625
Epoch 12: loss = 4895.771484375
Epoch 13: loss = 4895.6826171875
Epoch 14: loss = 4895.642578125
Epoch 15: loss = 4895.6376953125
Epoch 16: loss = 4895.63720703125
Epoch 17: loss = 4895.63623046875
Epoch 18: loss = 4895.6357421875
Epoch 19: loss = 4895.634765625
Epoch 20: loss = 4895.634765625
Epoch 21: loss = 4895.634765625
Epoch 22: loss = 4895.634765625
Epoch 23: loss = 4895.63427734375
Epoch 24: loss = 4895.6337890625
Epoch 25: loss = 4895.6337890625
Epoch 26: loss = 4895.6337890625
Epoch 27: loss = 4895.6337890625
Epoch 28: loss = 4895.6337890625
Epoch 29: loss = 4895.6337890625
Epoch 30: loss = 4895.6337890625
Epoch 31: loss = 4895.6337890625
Epoch 32: loss = 4895.6337890625
Early stopping at epoch 32 with loss 4895.6337890625
Reconstruction for fluence = 37.926901907322495 photons/pixel
Epoch 0: loss = 444719.71875
Epoch 1: loss = 7717.61083984375
Epoch 2: loss = 6539.291015625
Epoch 3: loss = 6398.7373046875
Epoch 4: loss = 6377.9140625
Epoch 5: loss = 6373.072265625
Epoch 6: loss = 6370.4033203125
Epoch 7: loss = 6365.798828125
Epoch 8: loss = 6364.87060546875
Epoch 9: loss = 6364.57666015625
Epoch 10: loss = 6364.39453125
Epoch 11: loss = 6364.3798828125
Epoch 12: loss = 6364.37890625
Epoch 13: loss = 6364.3779296875
Epoch 14: loss = 6364.3779296875
Epoch 15: loss = 6364.376953125
Epoch 16: loss = 6364.376953125
Epoch 17: loss = 6364.3759765625
Epoch 18: loss = 6364.3759765625
Epoch 19: loss = 6364.375
Epoch 20: loss = 6364.375
Epoch 21: loss = 6364.375
Epoch 22: loss = 6364.375
Epoch 23: loss = 6364.3740234375
Epoch 24: loss = 6364.373046875
Epoch 25: loss = 6364.373046875
Epoch 26: loss = 6364.373046875
Epoch 27: loss = 6364.373046875
Epoch 28: loss = 6364.373046875
Epoch 29: loss = 6364.373046875
Epoch 30: loss = 6364.373046875
Epoch 31: loss = 6364.37255859375
Epoch 32: loss = 6364.37255859375
Epoch 33: loss = 6364.3720703125
Epoch 34: loss = 6364.3720703125
Epoch 35: loss = 6364.3720703125
Epoch 36: loss = 6364.3720703125
Epoch 37: loss = 6364.3720703125
Epoch 38: loss = 6364.3720703125
Epoch 39: loss = 6364.3720703125
Epoch 40: loss = 6364.3720703125
Epoch 41: loss = 6364.3720703125
Early stopping at epoch 41 with loss 6364.3720703125
Reconstruction for fluence = 88.58667904100822 photons/pixel
Epoch 0: loss = 1037869.8125
Epoch 1: loss = 10354.330078125
Epoch 2: loss = 7646.1455078125
Epoch 3: loss = 7456.88427734375
Epoch 4: loss = 7421.45068359375
Epoch 5: loss = 7410.28955078125
Epoch 6: loss = 7407.837890625
Epoch 7: loss = 7407.2607421875
Epoch 8: loss = 7406.9443359375
Epoch 9: loss = 7406.43359375
Epoch 10: loss = 7406.3427734375
Epoch 11: loss = 7406.0048828125
Epoch 12: loss = 7405.4033203125
Epoch 13: loss = 7403.177734375
Epoch 14: loss = 7403.0556640625
Epoch 15: loss = 7402.59912109375
Epoch 16: loss = 7401.916015625
Epoch 17: loss = 7401.736328125
Epoch 18: loss = 7401.68359375
Epoch 19: loss = 7401.6796875
Epoch 20: loss = 7401.6767578125
Epoch 21: loss = 7401.67529296875
Epoch 22: loss = 7401.6728515625
Epoch 23: loss = 7401.671875
Epoch 24: loss = 7401.669921875
Epoch 25: loss = 7401.669921875
Epoch 26: loss = 7401.6689453125
Epoch 27: loss = 7401.6669921875
Epoch 28: loss = 7401.6650390625
Epoch 29: loss = 7401.66015625
Epoch 30: loss = 7401.65869140625
Epoch 31: loss = 7401.6572265625
Epoch 32: loss = 7401.65625
Epoch 33: loss = 7401.65625
Epoch 34: loss = 7401.6552734375
Epoch 35: loss = 7401.654296875
Epoch 36: loss = 7401.654296875
Epoch 37: loss = 7401.6533203125
Epoch 38: loss = 7401.58544921875
Epoch 39: loss = 7401.5810546875
Epoch 40: loss = 7401.580078125
Epoch 41: loss = 7401.580078125
Epoch 42: loss = 7401.578125
Epoch 43: loss = 7401.5771484375
Epoch 44: loss = 7401.5771484375
Epoch 45: loss = 7401.57666015625
Epoch 46: loss = 7401.576171875
Epoch 47: loss = 7401.5751953125
Epoch 48: loss = 7401.5751953125
Epoch 49: loss = 7401.57470703125
Epoch 50: loss = 7401.57470703125
Epoch 51: loss = 7401.57421875
Epoch 52: loss = 7401.57421875
Epoch 53: loss = 7401.57421875
Epoch 54: loss = 7401.57421875
Epoch 55: loss = 7401.57421875
Epoch 56: loss = 7401.57421875
Epoch 57: loss = 7401.57421875
Epoch 58: loss = 7401.57421875
Epoch 59: loss = 7401.57421875
Early stopping at epoch 59 with loss 7401.57421875
Reconstruction for fluence = 206.9138081114788 photons/pixel
Epoch 0: loss = 2421365.75
Epoch 1: loss = 16054.080078125
Epoch 2: loss = 9579.6103515625
Epoch 3: loss = 8506.49609375
Epoch 4: loss = 8300.236328125
Epoch 5: loss = 8239.197265625
Epoch 6: loss = 8229.580078125
Epoch 7: loss = 8217.9853515625
Epoch 8: loss = 8215.3251953125
Epoch 9: loss = 8215.0458984375
Epoch 10: loss = 8214.6689453125
Epoch 11: loss = 8214.3134765625
Epoch 12: loss = 8214.29296875
Epoch 13: loss = 8214.291015625
Epoch 14: loss = 8214.291015625
Epoch 15: loss = 8214.2880859375
Epoch 16: loss = 8214.2861328125
Epoch 17: loss = 8214.2861328125
Epoch 18: loss = 8214.28515625
Epoch 19: loss = 8214.283203125
Epoch 20: loss = 8214.283203125
Epoch 21: loss = 8214.28125
Epoch 22: loss = 8214.23046875
Epoch 23: loss = 8214.03515625
Epoch 24: loss = 8213.3056640625
Epoch 25: loss = 8212.5302734375
Epoch 26: loss = 8212.490234375
Epoch 27: loss = 8212.380859375
Epoch 28: loss = 8212.326171875
Epoch 29: loss = 8212.322265625
Epoch 30: loss = 8212.322265625
Epoch 31: loss = 8212.318359375
Epoch 32: loss = 8212.31640625
Epoch 33: loss = 8212.310546875
Epoch 34: loss = 8212.27734375
Epoch 35: loss = 8212.27734375
Epoch 36: loss = 8212.275390625
Epoch 37: loss = 8212.2734375
Epoch 38: loss = 8212.271484375
Epoch 39: loss = 8212.271484375
Epoch 40: loss = 8212.26953125
Epoch 41: loss = 8212.26953125
Epoch 42: loss = 8212.26953125
Epoch 43: loss = 8212.26953125
Epoch 44: loss = 8212.267578125
Epoch 45: loss = 8212.267578125
Epoch 46: loss = 8212.267578125
Epoch 47: loss = 8212.267578125
Epoch 48: loss = 8212.265625
Epoch 49: loss = 8212.265625
Epoch 50: loss = 8212.265625
Epoch 51: loss = 8212.265625
Epoch 52: loss = 8212.263671875
Epoch 53: loss = 8212.263671875
Epoch 54: loss = 8212.255859375
Epoch 55: loss = 8212.201171875
Epoch 56: loss = 8212.1796875
Epoch 57: loss = 8212.16796875
Epoch 58: loss = 8212.1650390625
Epoch 59: loss = 8212.1630859375
Epoch 60: loss = 8212.162109375
Epoch 61: loss = 8212.162109375
Epoch 62: loss = 8212.162109375
Epoch 63: loss = 8212.16015625
Epoch 64: loss = 8212.16015625
Epoch 65: loss = 8212.16015625
Epoch 66: loss = 8212.16015625
Epoch 67: loss = 8212.16015625
Epoch 68: loss = 8212.16015625
Epoch 69: loss = 8212.16015625
Epoch 70: loss = 8212.1591796875
Epoch 71: loss = 8212.158203125
Epoch 72: loss = 8212.158203125
Epoch 73: loss = 8212.158203125
Epoch 74: loss = 8212.158203125
Epoch 75: loss = 8212.158203125
Epoch 76: loss = 8212.158203125
Epoch 77: loss = 8212.158203125
Epoch 78: loss = 8212.158203125
Epoch 79: loss = 8212.158203125
Early stopping at epoch 79 with loss 8212.158203125
Reconstruction for fluence = 483.2930238571752 photons/pixel
Epoch 0: loss = 5646916.0
Epoch 1: loss = 25543.80859375
Epoch 2: loss = 11442.142578125
Epoch 3: loss = 9259.775390625
Epoch 4: loss = 8668.291015625
Epoch 5: loss = 8616.810546875
Epoch 6: loss = 8579.53515625
Epoch 7: loss = 8574.90625
Epoch 8: loss = 8566.162109375
Epoch 9: loss = 8553.359375
Epoch 10: loss = 8552.6611328125
Epoch 11: loss = 8552.10546875
Epoch 12: loss = 8552.015625
Epoch 13: loss = 8552.009765625
Epoch 14: loss = 8552.009765625
Epoch 15: loss = 8552.009765625
Epoch 16: loss = 8552.009765625
Epoch 17: loss = 8552.009765625
Epoch 18: loss = 8552.0087890625
Epoch 19: loss = 8552.0087890625
Epoch 20: loss = 8552.0087890625
Epoch 21: loss = 8552.0078125
Epoch 22: loss = 8552.0078125
Epoch 23: loss = 8552.0078125
Epoch 24: loss = 8552.0078125
Epoch 25: loss = 8552.0078125
Epoch 26: loss = 8552.0078125
Epoch 27: loss = 8552.0078125
Epoch 28: loss = 8552.0078125
Epoch 29: loss = 8552.0078125
Early stopping at epoch 29 with loss 8552.0078125
Reconstruction for fluence = 1128.8378916846884 photons/pixel
Epoch 0: loss = 13195804.0
Epoch 1: loss = 45720.4375
Epoch 2: loss = 16419.380859375
Epoch 3: loss = 9313.5458984375
Epoch 4: loss = 8443.095703125
Epoch 5: loss = 8416.021484375
Epoch 6: loss = 8360.84375
Epoch 7: loss = 8355.48828125
Epoch 8: loss = 8355.30078125
Epoch 9: loss = 8355.30078125
Epoch 10: loss = 8355.296875
Epoch 11: loss = 8355.294921875
Epoch 12: loss = 8355.2939453125
Epoch 13: loss = 8355.2919921875
Epoch 14: loss = 8355.291015625
Epoch 15: loss = 8355.291015625
Epoch 16: loss = 8355.291015625
Epoch 17: loss = 8355.291015625
Epoch 18: loss = 8355.291015625
Epoch 19: loss = 8355.2890625
Epoch 20: loss = 8355.2890625
Epoch 21: loss = 8355.2890625
Epoch 22: loss = 8355.2890625
Epoch 23: loss = 8355.2890625
Epoch 24: loss = 8355.2890625
Epoch 25: loss = 8355.2890625
Epoch 26: loss = 8355.2890625
Epoch 27: loss = 8355.2890625
Early stopping at epoch 27 with loss 8355.2890625
Reconstruction for fluence = 2636.6508987303555 photons/pixel
Epoch 0: loss = 30823280.0
Epoch 1: loss = 94409.015625
Epoch 2: loss = 26959.6484375
Epoch 3: loss = 13055.98828125
Epoch 4: loss = 8559.984375
Epoch 5: loss = 8412.947265625
Epoch 6: loss = 8192.39453125
Epoch 7: loss = 8152.029296875
Epoch 8: loss = 8151.1630859375
Epoch 9: loss = 8151.0576171875
Epoch 10: loss = 8151.0498046875
Epoch 11: loss = 8151.0478515625
Epoch 12: loss = 8151.0478515625
Epoch 13: loss = 8151.0458984375
Epoch 14: loss = 8151.0439453125
Epoch 15: loss = 8151.04443359375
Epoch 16: loss = 8151.044921875
Epoch 17: loss = 8151.0439453125
Epoch 18: loss = 8151.04345703125
Epoch 19: loss = 8151.0439453125
Epoch 20: loss = 8151.0390625
Epoch 21: loss = 8151.03564453125
Epoch 22: loss = 8151.0302734375
Epoch 23: loss = 8151.0302734375
Epoch 24: loss = 8151.0302734375
Epoch 25: loss = 8151.0302734375
Epoch 26: loss = 8151.0302734375
Epoch 27: loss = 8151.029296875
Epoch 28: loss = 8151.029296875
Epoch 29: loss = 8151.0283203125
Epoch 30: loss = 8151.029296875
Epoch 31: loss = 8151.029296875
Epoch 32: loss = 8151.0302734375
Epoch 33: loss = 8151.02880859375
Epoch 34: loss = 8151.02880859375
Epoch 35: loss = 8151.02880859375
Epoch 36: loss = 8151.02880859375
Epoch 37: loss = 8151.029296875
Early stopping at epoch 37 with loss 8151.0283203125
Reconstruction for fluence = 6158.482110660255 photons/pixel
Epoch 0: loss = 71980936.0
Epoch 1: loss = 205483.1875
Epoch 2: loss = 43587.12109375
Epoch 3: loss = 12076.1630859375
Epoch 4: loss = 8211.076171875
Epoch 5: loss = 7978.23046875
Epoch 6: loss = 7938.47998046875
Epoch 7: loss = 7734.736328125
Epoch 8: loss = 7695.31103515625
Epoch 9: loss = 7694.3251953125
Epoch 10: loss = 7694.2568359375
Epoch 11: loss = 7694.2529296875
Epoch 12: loss = 7694.22265625
Epoch 13: loss = 7694.220703125
Epoch 14: loss = 7694.21875
Epoch 15: loss = 7694.22021484375
Epoch 16: loss = 7694.2197265625
Epoch 17: loss = 7694.2197265625
Epoch 18: loss = 7694.2197265625
Epoch 19: loss = 7694.2197265625
Epoch 20: loss = 7694.2197265625
Epoch 21: loss = 7694.2197265625
Epoch 22: loss = 7694.2197265625
Early stopping at epoch 22 with loss 7694.21875
Reconstruction for fluence = 14384.498882876629 photons/pixel
Epoch 0: loss = 168131840.0
Epoch 1: loss = 530106.875
Epoch 2: loss = 128349.453125
Epoch 3: loss = 44620.71875
Epoch 4: loss = 14592.810546875
Epoch 5: loss = 12677.5458984375
Epoch 6: loss = 8660.482421875
Epoch 7: loss = 7539.44384765625
Epoch 8: loss = 7486.146484375
Epoch 9: loss = 7484.0703125
Epoch 10: loss = 7483.98388671875
Epoch 11: loss = 7483.9619140625
Epoch 12: loss = 7483.962890625
Epoch 13: loss = 7483.96240234375
Epoch 14: loss = 7483.962890625
Epoch 15: loss = 7483.96484375
Epoch 16: loss = 7483.96484375
Epoch 17: loss = 7483.96484375
Epoch 18: loss = 7483.96484375
Epoch 19: loss = 7483.962890625
Early stopping at epoch 19 with loss 7483.9619140625
Reconstruction for fluence = 33598.18286283781 photons/pixel
Epoch 0: loss = 392677248.0
Epoch 1: loss = 1094556.25
Epoch 2: loss = 334843.59375
Epoch 3: loss = 140248.71875
Epoch 4: loss = 30550.974609375
Epoch 5: loss = 15336.08984375
Epoch 6: loss = 10879.3193359375
Epoch 7: loss = 10246.640625
Epoch 8: loss = 7613.875
Epoch 9: loss = 7331.6904296875
Epoch 10: loss = 7326.5546875
Epoch 11: loss = 7326.2275390625
Epoch 12: loss = 7326.2216796875
Epoch 13: loss = 7326.20703125
Epoch 14: loss = 7326.20703125
Epoch 15: loss = 7326.208984375
Epoch 16: loss = 7326.2109375
Epoch 17: loss = 7326.2109375
Epoch 18: loss = 7326.2080078125
Epoch 19: loss = 7326.21484375
Epoch 20: loss = 7326.20849609375
Epoch 21: loss = 7326.20849609375
Early stopping at epoch 21 with loss 7326.20703125
Reconstruction for fluence = 78475.99703514607 photons/pixel
Epoch 0: loss = 917193472.0
Epoch 1: loss = 2528157.5
Epoch 2: loss = 547521.75
Epoch 3: loss = 323449.21875
Epoch 4: loss = 72549.1640625
Epoch 5: loss = 12997.875
Epoch 6: loss = 11063.185546875
Epoch 7: loss = 10930.345703125
Epoch 8: loss = 10851.3427734375
Epoch 9: loss = 7998.13671875
Epoch 10: loss = 7361.8828125
Epoch 11: loss = 7348.3818359375
Epoch 12: loss = 7347.4814453125
Epoch 13: loss = 7347.4814453125
Epoch 14: loss = 7347.443359375
Epoch 15: loss = 7347.44384765625
Epoch 16: loss = 7347.43701171875
Epoch 17: loss = 7347.44091796875
Epoch 18: loss = 7347.43212890625
Epoch 19: loss = 7347.43798828125
Epoch 20: loss = 7347.4384765625
Epoch 21: loss = 7347.43408203125
Epoch 22: loss = 7347.43359375
Epoch 23: loss = 7347.439453125
Epoch 24: loss = 7347.44140625
Epoch 25: loss = 7347.4404296875
Epoch 26: loss = 7347.44189453125
Early stopping at epoch 26 with loss 7347.43212890625
Reconstruction for fluence = 183298.07108324335 photons/pixel
Epoch 0: loss = 2142227840.0
Epoch 1: loss = 5967684.5
Epoch 2: loss = 952828.1875
Epoch 3: loss = 185902.734375
Epoch 4: loss = 43187.5390625
Epoch 5: loss = 12759.255859375
Epoch 6: loss = 7382.96875
Epoch 7: loss = 7227.9599609375
Epoch 8: loss = 7219.0947265625
Epoch 9: loss = 7218.453125
Epoch 10: loss = 7218.4140625
Epoch 11: loss = 7218.4130859375
Epoch 12: loss = 7218.40966796875
Epoch 13: loss = 7218.4130859375
Epoch 14: loss = 7218.4072265625
Epoch 15: loss = 7218.4091796875
Epoch 16: loss = 7218.41162109375
Epoch 17: loss = 7218.41015625
Epoch 18: loss = 7218.4111328125
Epoch 19: loss = 7218.4111328125
Epoch 20: loss = 7218.4111328125
Epoch 21: loss = 7218.41015625
Epoch 22: loss = 7218.4052734375
Epoch 23: loss = 7218.4111328125
Epoch 24: loss = 7218.40869140625
Epoch 25: loss = 7218.40478515625
Epoch 26: loss = 7218.41015625
Epoch 27: loss = 7218.4013671875
Epoch 28: loss = 7218.41015625
Epoch 29: loss = 7218.4150390625
Epoch 30: loss = 7218.416015625
Epoch 31: loss = 7218.416015625
Epoch 32: loss = 7218.4111328125
Epoch 33: loss = 7218.40625
Epoch 34: loss = 7218.416015625
Epoch 35: loss = 7218.412109375
Early stopping at epoch 35 with loss 7218.4013671875
Reconstruction for fluence = 428133.2398719387 photons/pixel
Epoch 0: loss = 5003823104.0
Epoch 1: loss = 14882220.0
Epoch 2: loss = 3090656.75
Epoch 3: loss = 673459.9375
Epoch 4: loss = 221551.234375
Epoch 5: loss = 13545.7431640625
Epoch 6: loss = 7498.1318359375
Epoch 7: loss = 7187.6669921875
Epoch 8: loss = 7169.51904296875
Epoch 9: loss = 7168.1201171875
Epoch 10: loss = 7168.0205078125
Epoch 11: loss = 7168.0029296875
Epoch 12: loss = 7168.0302734375
Epoch 13: loss = 7168.01953125
Epoch 14: loss = 7168.02197265625
Epoch 15: loss = 7168.0224609375
Epoch 16: loss = 7168.00732421875
Epoch 17: loss = 7168.0146484375
Epoch 18: loss = 7168.01220703125
Epoch 19: loss = 7168.0107421875
Early stopping at epoch 19 with loss 7168.0029296875
Reconstruction for fluence = 1000000.0 photons/pixel
Epoch 0: loss = 11687493632.0
Epoch 1: loss = 35731440.0
Epoch 2: loss = 7312744.5
Epoch 3: loss = 1981772.25
Epoch 4: loss = 202993.609375
Epoch 5: loss = 14726.4931640625
Epoch 6: loss = 7671.744140625
Epoch 7: loss = 7245.8212890625
Epoch 8: loss = 7217.1962890625
Epoch 9: loss = 7215.14697265625
Epoch 10: loss = 7215.0498046875
Epoch 11: loss = 7214.9775390625
Epoch 12: loss = 7214.9580078125
Epoch 13: loss = 7214.994140625
Epoch 14: loss = 7214.9609375
Epoch 15: loss = 7214.97607421875
Epoch 16: loss = 7214.97509765625
Epoch 17: loss = 7214.95654296875
Epoch 18: loss = 7214.96044921875
Epoch 19: loss = 7214.955078125
Epoch 20: loss = 7214.96435546875
Epoch 21: loss = 7214.9501953125
Epoch 22: loss = 7214.9619140625
Epoch 23: loss = 7214.9560546875
Epoch 24: loss = 7214.98876953125
Epoch 25: loss = 7214.96875
Epoch 26: loss = 7214.953125
Epoch 27: loss = 7214.94970703125
Epoch 28: loss = 7214.96826171875
Epoch 29: loss = 7214.96826171875
Epoch 30: loss = 7214.9501953125
Epoch 31: loss = 7214.96826171875
Epoch 32: loss = 7214.97802734375
Epoch 33: loss = 7214.9501953125
Epoch 34: loss = 7214.943359375
Epoch 35: loss = 7214.95703125
Epoch 36: loss = 7214.962890625
Epoch 37: loss = 7214.958984375
Epoch 38: loss = 7214.9482421875
Epoch 39: loss = 7214.9736328125
Epoch 40: loss = 7214.955078125
Epoch 41: loss = 7214.9638671875
Epoch 42: loss = 7214.951171875
Early stopping at epoch 42 with loss 7214.943359375
Tensors initialization on device cuda
Multiprobe = band_lim
torch.Size([1, 64, 64])

('MSE', 'PoissonNLL') RECONSTRUCTIONS

Reconstruction for fluence = 0.09999999999999999 photons/pixel
Epoch 0: loss = 3199.407958984375
Epoch 1: loss = 1266.467529296875
Epoch 2: loss = 1255.5267333984375
Epoch 3: loss = 1254.6845703125
Epoch 4: loss = 1254.562744140625
Epoch 5: loss = 1254.5391845703125
Epoch 6: loss = 1254.53564453125
Epoch 7: loss = 1254.53515625
Epoch 8: loss = 1254.53466796875
Epoch 9: loss = 1254.5345458984375
Epoch 10: loss = 1254.534423828125
Epoch 11: loss = 1254.5341796875
Epoch 12: loss = 1254.5340576171875
Epoch 13: loss = 1254.533935546875
Epoch 14: loss = 1254.533935546875
Epoch 0: loss = 0.09035536646842957
Epoch 1: loss = 0.0792936459183693
Epoch 2: loss = 0.07920733839273453
Epoch 3: loss = 0.07919715344905853
Epoch 4: loss = 0.07919328659772873
Epoch 5: loss = 0.07918579131364822
Epoch 6: loss = 0.07917723804712296
Epoch 7: loss = 0.07917308062314987
Epoch 8: loss = 0.07917019724845886
Epoch 9: loss = 0.07916658371686935
Epoch 10: loss = 0.07916436344385147
Epoch 11: loss = 0.07916282117366791
Epoch 12: loss = 0.07916229218244553
Early stopping at epoch 12 with loss 0.07919328659772873
Reconstruction for fluence = 0.23357214690901223 photons/pixel
Epoch 0: loss = 4728.3056640625
Epoch 1: loss = 1558.1146240234375
Epoch 2: loss = 1534.80859375
Epoch 3: loss = 1533.431640625
Epoch 4: loss = 1533.1844482421875
Epoch 5: loss = 1533.12548828125
Epoch 6: loss = 1533.1162109375
Epoch 7: loss = 1533.11572265625
Epoch 8: loss = 1533.115234375
Epoch 9: loss = 1533.114990234375
Epoch 10: loss = 1533.11474609375
Epoch 11: loss = 1533.11474609375
Epoch 12: loss = 1533.11474609375
Epoch 13: loss = 1533.114501953125
Epoch 14: loss = 1533.1143798828125
Epoch 0: loss = 0.01312468945980072
Epoch 1: loss = 0.0030605895444750786
Epoch 2: loss = 0.0029359066393226385
Epoch 3: loss = 0.0029001336079090834
Epoch 4: loss = 0.0028874087147414684
Epoch 5: loss = 0.0028833879623562098
Epoch 6: loss = 0.002881645690649748
Epoch 7: loss = 0.0028810803778469563
Epoch 8: loss = 0.0028799523133784533
Epoch 9: loss = 0.002877012360841036
Epoch 10: loss = 0.0028764531016349792
Early stopping at epoch 10 with loss 0.0029359066393226385
Reconstruction for fluence = 0.5455594781168519 photons/pixel
Epoch 0: loss = 7793.42431640625
Epoch 1: loss = 1838.85693359375
Epoch 2: loss = 1795.7037353515625
Epoch 3: loss = 1792.3470458984375
Epoch 4: loss = 1791.778076171875
Epoch 5: loss = 1791.638427734375
Epoch 6: loss = 1791.61572265625
Epoch 7: loss = 1791.61376953125
Epoch 8: loss = 1791.61181640625
Epoch 9: loss = 1791.61083984375
Epoch 10: loss = 1791.610595703125
Epoch 11: loss = 1791.6104736328125
Epoch 12: loss = 1791.6103515625
Epoch 13: loss = 1791.610107421875
Epoch 14: loss = 1791.610107421875
Epoch 0: loss = -0.4297577440738678
Epoch 1: loss = -0.44066545367240906
Epoch 2: loss = -0.4408496022224426
Epoch 3: loss = -0.4409002661705017
Epoch 4: loss = -0.4409177899360657
Epoch 5: loss = -0.44092437624931335
Epoch 6: loss = -0.4409264028072357
Epoch 7: loss = -0.4409264624118805
Epoch 8: loss = -0.44092658162117004
Epoch 9: loss = -0.4409267008304596
Epoch 10: loss = -0.4409267008304596
Early stopping at epoch 10 with loss -0.4408496022224426
Reconstruction for fluence = 1.2742749857031335 photons/pixel
Epoch 0: loss = 15087.697265625
Epoch 1: loss = 2250.251953125
Epoch 2: loss = 2153.7919921875
Epoch 3: loss = 2147.2890625
Epoch 4: loss = 2144.85546875
Epoch 5: loss = 2143.696044921875
Epoch 6: loss = 2143.447265625
Epoch 7: loss = 2143.396728515625
Epoch 8: loss = 2143.37451171875
Epoch 9: loss = 2143.340087890625
Epoch 10: loss = 2143.318359375
Epoch 11: loss = 2143.296875
Epoch 12: loss = 2143.263671875
Epoch 13: loss = 2143.2529296875
Epoch 14: loss = 2143.2529296875
Epoch 0: loss = -2.0335536003112793
Epoch 1: loss = -2.0495059490203857
Epoch 2: loss = -2.049727439880371
Epoch 3: loss = -2.0497775077819824
Epoch 4: loss = -2.0498201847076416
Epoch 5: loss = -2.0498554706573486
Epoch 6: loss = -2.049862861633301
Epoch 7: loss = -2.0498645305633545
Epoch 8: loss = -2.0498650074005127
Epoch 9: loss = -2.0498650074005127
Epoch 10: loss = -2.049865245819092
Epoch 11: loss = -2.04986572265625
Epoch 12: loss = -2.04986572265625
Epoch 13: loss = -2.0498664379119873
Early stopping at epoch 13 with loss -2.0498554706573486
Reconstruction for fluence = 2.976351441631318 photons/pixel
Epoch 0: loss = 32386.7890625
Epoch 1: loss = 3004.640625
Epoch 2: loss = 2854.25390625
Epoch 3: loss = 2839.2841796875
Epoch 4: loss = 2836.4609375
Epoch 5: loss = 2835.304443359375
Epoch 6: loss = 2834.71533203125
Epoch 7: loss = 2834.43603515625
Epoch 8: loss = 2834.1640625
Epoch 9: loss = 2833.943603515625
Epoch 10: loss = 2833.8544921875
Epoch 11: loss = 2833.64013671875
Epoch 12: loss = 2833.52734375
Epoch 13: loss = 2833.396728515625
Epoch 14: loss = 2833.34423828125
Epoch 0: loss = -7.242578983306885
Epoch 1: loss = -7.2645721435546875
Epoch 2: loss = -7.264936923980713
Epoch 3: loss = -7.265036582946777
Epoch 4: loss = -7.265074253082275
Epoch 5: loss = -7.265077590942383
Epoch 6: loss = -7.26508092880249
Epoch 7: loss = -7.265082359313965
Epoch 8: loss = -7.265082359313965
Epoch 9: loss = -7.265084266662598
Epoch 10: loss = -7.265085697174072
Epoch 11: loss = -7.265087604522705
Epoch 12: loss = -7.2650885581970215
Early stopping at epoch 12 with loss -7.265074253082275
Reconstruction for fluence = 6.9519279617756045 photons/pixel
Epoch 0: loss = 72694.9765625
Epoch 1: loss = 4148.654296875
Epoch 2: loss = 3796.4951171875
Epoch 3: loss = 3759.07177734375
Epoch 4: loss = 3747.927490234375
Epoch 5: loss = 3744.56494140625
Epoch 6: loss = 3743.2099609375
Epoch 7: loss = 3741.605224609375
Epoch 8: loss = 3740.641357421875
Epoch 9: loss = 3738.48095703125
Epoch 10: loss = 3737.5
Epoch 11: loss = 3737.01171875
Epoch 12: loss = 3736.371826171875
Epoch 13: loss = 3735.63818359375
Epoch 14: loss = 3735.078125
Epoch 0: loss = -22.761409759521484
Epoch 1: loss = -22.78956413269043
Epoch 2: loss = -22.78997039794922
Epoch 3: loss = -22.79012107849121
Epoch 4: loss = -22.790170669555664
Epoch 5: loss = -22.790185928344727
Epoch 6: loss = -22.790185928344727
Epoch 7: loss = -22.790191650390625
Epoch 8: loss = -22.790199279785156
Epoch 9: loss = -22.79020118713379
Epoch 10: loss = -22.790205001831055
Epoch 11: loss = -22.79020881652832
Early stopping at epoch 11 with loss -22.79012107849121
Reconstruction for fluence = 16.23776739188721 photons/pixel
Epoch 0: loss = 167595.15625
Epoch 1: loss = 5883.9521484375
Epoch 2: loss = 4917.6748046875
Epoch 3: loss = 4836.3369140625
Epoch 4: loss = 4823.16015625
Epoch 5: loss = 4818.65625
Epoch 6: loss = 4817.248046875
Epoch 7: loss = 4816.107421875
Epoch 8: loss = 4815.0986328125
Epoch 9: loss = 4814.4423828125
Epoch 10: loss = 4814.2197265625
Epoch 11: loss = 4814.046875
Epoch 12: loss = 4813.958984375
Epoch 13: loss = 4813.9326171875
Epoch 14: loss = 4813.89990234375
Epoch 0: loss = -66.90040588378906
Epoch 1: loss = -66.9330825805664
Epoch 2: loss = -66.93363189697266
Epoch 3: loss = -66.93370056152344
Epoch 4: loss = -66.93370056152344
Epoch 5: loss = -66.93373107910156
Epoch 6: loss = -66.93374633789062
Epoch 7: loss = -66.93375396728516
Epoch 8: loss = -66.93375396728516
Epoch 9: loss = -66.93377685546875
Epoch 10: loss = -66.93378448486328
Epoch 11: loss = -66.93379974365234
Epoch 12: loss = -66.93379974365234
Epoch 13: loss = -66.93379974365234
Epoch 14: loss = -66.9338150024414
Early stopping at epoch 14 with loss -66.93374633789062
Reconstruction for fluence = 37.926901907322495 photons/pixel
Epoch 0: loss = 390712.90625
Epoch 1: loss = 8926.0068359375
Epoch 2: loss = 6597.8125
Epoch 3: loss = 6173.7607421875
Epoch 4: loss = 6058.9208984375
Epoch 5: loss = 6031.63330078125
Epoch 6: loss = 6017.458984375
Epoch 7: loss = 6010.5732421875
Epoch 8: loss = 6005.93994140625
Epoch 9: loss = 6004.0283203125
Epoch 10: loss = 6003.060546875
Epoch 11: loss = 6002.6044921875
Epoch 12: loss = 6002.4462890625
Epoch 13: loss = 6002.35986328125
Epoch 14: loss = 6002.1396484375
Epoch 0: loss = -188.18035888671875
Epoch 1: loss = -188.214111328125
Epoch 2: loss = -188.2141876220703
Epoch 3: loss = -188.2144317626953
Epoch 4: loss = -188.21453857421875
Epoch 5: loss = -188.214599609375
Epoch 6: loss = -188.21463012695312
Epoch 7: loss = -188.21466064453125
Epoch 8: loss = -188.2146759033203
Epoch 9: loss = -188.2146759033203
Epoch 10: loss = -188.2146759033203
Epoch 11: loss = -188.21470642089844
Epoch 12: loss = -188.2147216796875
Epoch 13: loss = -188.21473693847656
Epoch 14: loss = -188.21473693847656
Epoch 15: loss = -188.21473693847656
Epoch 16: loss = -188.21473693847656
Epoch 17: loss = -188.21475219726562
Epoch 18: loss = -188.2147674560547
Epoch 19: loss = -188.2147674560547
Epoch 20: loss = -188.2147674560547
Early stopping at epoch 20 with loss -188.2147216796875
Reconstruction for fluence = 88.58667904100822 photons/pixel
Epoch 0: loss = 908049.625
Epoch 1: loss = 14087.615234375
Epoch 2: loss = 8618.4208984375
Epoch 3: loss = 7701.87890625
Epoch 4: loss = 7450.2255859375
Epoch 5: loss = 7338.30517578125
Epoch 6: loss = 7267.7060546875
Epoch 7: loss = 7255.3310546875
Epoch 8: loss = 7246.4375
Epoch 9: loss = 7241.947265625
Epoch 10: loss = 7240.50048828125
Epoch 11: loss = 7240.044921875
Epoch 12: loss = 7239.923828125
Epoch 13: loss = 7239.87109375
Epoch 14: loss = 7239.8642578125
Epoch 0: loss = -515.2529907226562
Epoch 1: loss = -515.2854614257812
Epoch 2: loss = -515.2854614257812
Epoch 3: loss = -515.2854614257812
Epoch 4: loss = -515.28564453125
Epoch 5: loss = -515.285888671875
Epoch 6: loss = -515.2859497070312
Epoch 7: loss = -515.2859497070312
Epoch 8: loss = -515.2859497070312
Epoch 9: loss = -515.2859497070312
Epoch 10: loss = -515.2859497070312
Epoch 11: loss = -515.2859497070312
Epoch 12: loss = -515.2860107421875
Epoch 13: loss = -515.2860107421875
Early stopping at epoch 13 with loss -515.285888671875
Reconstruction for fluence = 206.9138081114788 photons/pixel
Epoch 0: loss = 2120005.0
Epoch 1: loss = 24426.134765625
Epoch 2: loss = 11942.828125
Epoch 3: loss = 9383.46875
Epoch 4: loss = 8653.6787109375
Epoch 5: loss = 8348.4970703125
Epoch 6: loss = 8137.39599609375
Epoch 7: loss = 8122.34716796875
Epoch 8: loss = 8119.0556640625
Epoch 9: loss = 8116.837890625
Epoch 10: loss = 8114.427734375
Epoch 11: loss = 8112.6669921875
Epoch 12: loss = 8112.087890625
Epoch 13: loss = 8111.7861328125
Epoch 14: loss = 8111.345703125
Epoch 0: loss = -1377.9874267578125
Epoch 1: loss = -1378.0133056640625
Epoch 2: loss = -1378.013671875
Epoch 3: loss = -1378.013916015625
Epoch 4: loss = -1378.01416015625
Epoch 5: loss = -1378.0142822265625
Epoch 6: loss = -1378.014404296875
Epoch 7: loss = -1378.014404296875
Epoch 8: loss = -1378.0145263671875
Epoch 9: loss = -1378.0145263671875
Epoch 10: loss = -1378.0145263671875
Epoch 11: loss = -1378.0146484375
Epoch 12: loss = -1378.0146484375
Epoch 13: loss = -1378.0146484375
Epoch 14: loss = -1378.0146484375
Epoch 15: loss = -1378.0147705078125
Epoch 16: loss = -1378.0147705078125
Epoch 17: loss = -1378.0147705078125
Epoch 18: loss = -1378.0147705078125
Epoch 19: loss = -1378.0147705078125
Early stopping at epoch 19 with loss -1378.0146484375
Reconstruction for fluence = 483.2930238571752 photons/pixel
Epoch 0: loss = 4946357.0
Epoch 1: loss = 47860.3359375
Epoch 2: loss = 19025.0234375
Epoch 3: loss = 11160.2021484375
Epoch 4: loss = 8834.6025390625
Epoch 5: loss = 8596.16796875
Epoch 6: loss = 8567.5185546875
Epoch 7: loss = 8562.14453125
Epoch 8: loss = 8561.140625
Epoch 9: loss = 8560.8505859375
Epoch 10: loss = 8560.6015625
Epoch 11: loss = 8559.8203125
Epoch 12: loss = 8558.505859375
Epoch 13: loss = 8558.2734375
Epoch 14: loss = 8558.248046875
Epoch 0: loss = -3632.162841796875
Epoch 1: loss = -3632.18212890625
Epoch 2: loss = -3632.182373046875
Epoch 3: loss = -3632.182373046875
Epoch 4: loss = -3632.182861328125
Epoch 5: loss = -3632.182861328125
Epoch 6: loss = -3632.182861328125
Epoch 7: loss = -3632.182861328125
Epoch 8: loss = -3632.182861328125
Epoch 9: loss = -3632.182861328125
Epoch 10: loss = -3632.182861328125
Epoch 11: loss = -3632.182861328125
Epoch 12: loss = -3632.18310546875
Epoch 13: loss = -3632.182861328125
Epoch 14: loss = -3632.182861328125
Epoch 15: loss = -3632.182861328125
Epoch 16: loss = -3632.182861328125
Epoch 17: loss = -3632.18310546875
Epoch 18: loss = -3632.18310546875
Epoch 19: loss = -3632.18310546875
Epoch 20: loss = -3632.18310546875
Early stopping at epoch 20 with loss -3632.18310546875
Reconstruction for fluence = 1128.8378916846884 photons/pixel
Epoch 0: loss = 11545129.0
Epoch 1: loss = 92800.359375
Epoch 2: loss = 26726.94921875
Epoch 3: loss = 14587.8701171875
Epoch 4: loss = 10090.4765625
Epoch 5: loss = 8619.685546875
Epoch 6: loss = 8404.0859375
Epoch 7: loss = 8367.78515625
Epoch 8: loss = 8337.666015625
Epoch 9: loss = 8334.7138671875
Epoch 10: loss = 8333.9404296875
Epoch 11: loss = 8329.1298828125
Epoch 12: loss = 8323.359375
Epoch 13: loss = 8323.0341796875
Epoch 14: loss = 8322.8544921875
Epoch 0: loss = -9437.814453125
Epoch 1: loss = -9437.8251953125
Epoch 2: loss = -9437.826171875
Epoch 3: loss = -9437.826171875
Epoch 4: loss = -9437.826171875
Epoch 5: loss = -9437.828125
Epoch 6: loss = -9437.828125
Epoch 7: loss = -9437.828125
Epoch 8: loss = -9437.828125
Epoch 9: loss = -9437.828125
Epoch 10: loss = -9437.828125
Epoch 11: loss = -9437.828125
Epoch 12: loss = -9437.828125
Epoch 13: loss = -9437.828125
Early stopping at epoch 13 with loss -9437.828125
Reconstruction for fluence = 2636.6508987303555 photons/pixel
Epoch 0: loss = 26981220.0
Epoch 1: loss = 204551.375
Epoch 2: loss = 58416.5390625
Epoch 3: loss = 23072.6328125
Epoch 4: loss = 12272.0712890625
Epoch 5: loss = 9054.7158203125
Epoch 6: loss = 8718.779296875
Epoch 7: loss = 8448.3857421875
Epoch 8: loss = 8166.90478515625
Epoch 9: loss = 8156.69921875
Epoch 10: loss = 8155.5107421875
Epoch 11: loss = 8155.2548828125
Epoch 12: loss = 8155.189453125
Epoch 13: loss = 8155.17431640625
Epoch 14: loss = 8155.171875
Epoch 0: loss = -24277.03515625
Epoch 1: loss = -24277.041015625
Epoch 2: loss = -24277.041015625
Epoch 3: loss = -24277.041015625
Epoch 4: loss = -24277.041015625
Epoch 5: loss = -24277.041015625
Epoch 6: loss = -24277.041015625
Epoch 7: loss = -24277.041015625
Epoch 8: loss = -24277.041015625
Epoch 9: loss = -24277.041015625
Early stopping at epoch 9 with loss -24277.041015625
Reconstruction for fluence = 6158.482110660255 photons/pixel
Epoch 0: loss = 63010524.0
Epoch 1: loss = 433208.0
Epoch 2: loss = 95976.28125
Epoch 3: loss = 29807.56640625
Epoch 4: loss = 14921.7255859375
Epoch 5: loss = 8397.486328125
Epoch 6: loss = 7797.564453125
Epoch 7: loss = 7714.13671875
Epoch 8: loss = 7701.375
Epoch 9: loss = 7699.46484375
Epoch 10: loss = 7699.0400390625
Epoch 11: loss = 7698.98779296875
Epoch 12: loss = 7698.9853515625
Epoch 13: loss = 7698.98046875
Epoch 14: loss = 7698.98046875
Epoch 0: loss = -61929.66796875
Epoch 1: loss = -61929.66796875
Epoch 2: loss = -61929.66796875
Epoch 3: loss = -61929.66796875
Epoch 4: loss = -61929.66796875
Epoch 5: loss = -61929.66796875
Epoch 6: loss = -61929.66796875
Epoch 7: loss = -61929.66796875
Epoch 8: loss = -61929.67578125
Epoch 9: loss = -61929.67578125
Epoch 10: loss = -61929.66796875
Epoch 11: loss = -61929.66796875
Epoch 12: loss = -61929.66796875
Epoch 13: loss = -61929.66796875
Epoch 14: loss = -61929.66796875
Epoch 15: loss = -61929.66796875
Epoch 16: loss = -61929.66796875
Early stopping at epoch 16 with loss -61929.67578125
Reconstruction for fluence = 14384.498882876629 photons/pixel
Epoch 0: loss = 147184336.0
Epoch 1: loss = 901023.0
Epoch 2: loss = 190757.09375
Epoch 3: loss = 75267.546875
Epoch 4: loss = 30041.849609375
Epoch 5: loss = 11261.3349609375
Epoch 6: loss = 8690.7158203125
Epoch 7: loss = 7664.533203125
Epoch 8: loss = 7566.896484375
Epoch 9: loss = 7555.69580078125
Epoch 10: loss = 7553.9833984375
Epoch 11: loss = 7553.6845703125
Epoch 12: loss = 7553.6591796875
Epoch 13: loss = 7553.64453125
Epoch 14: loss = 7553.6416015625
Epoch 0: loss = -156834.21875
Epoch 1: loss = -156834.21875
Epoch 2: loss = -156834.21875
Epoch 3: loss = -156834.21875
Epoch 4: loss = -156834.21875
Epoch 5: loss = -156834.21875
Epoch 6: loss = -156834.21875
Epoch 7: loss = -156834.21875
Epoch 8: loss = -156834.21875
Early stopping at epoch 8 with loss -156834.21875
Reconstruction for fluence = 33598.18286283781 photons/pixel
Epoch 0: loss = 343780416.0
Epoch 1: loss = 1996727.0
Epoch 2: loss = 388511.1875
Epoch 3: loss = 153942.9375
Epoch 4: loss = 81734.6328125
Epoch 5: loss = 17695.59375
Epoch 6: loss = 8920.62109375
Epoch 7: loss = 7500.62109375
Epoch 8: loss = 7373.9326171875
Epoch 9: loss = 7351.81640625
Epoch 10: loss = 7347.64599609375
Epoch 11: loss = 7347.05517578125
Epoch 12: loss = 7346.9951171875
Epoch 13: loss = 7346.9892578125
Epoch 14: loss = 7346.98046875
Epoch 0: loss = -394827.40625
Epoch 1: loss = -394827.40625
Epoch 2: loss = -394827.40625
Epoch 3: loss = -394827.40625
Epoch 4: loss = -394827.40625
Epoch 5: loss = -394827.40625
Epoch 6: loss = -394827.40625
Epoch 7: loss = -394827.40625
Epoch 8: loss = -394827.40625
Early stopping at epoch 8 with loss -394827.40625
Reconstruction for fluence = 78475.99703514607 photons/pixel
Epoch 0: loss = 802937088.0
Epoch 1: loss = 6396747.0
Epoch 2: loss = 1450342.25
Epoch 3: loss = 384588.03125
Epoch 4: loss = 79968.8828125
Epoch 5: loss = 28690.033203125
Epoch 6: loss = 9048.390625
Epoch 7: loss = 7326.2890625
Epoch 8: loss = 7133.91845703125
Epoch 9: loss = 7100.70703125
Epoch 10: loss = 7095.3330078125
Epoch 11: loss = 7094.6640625
Epoch 12: loss = 7094.5673828125
Epoch 13: loss = 7094.5537109375
Epoch 14: loss = 7094.55224609375
Epoch 0: loss = -988784.875
Epoch 1: loss = -988784.875
Epoch 2: loss = -988784.875
Epoch 3: loss = -988784.875
Epoch 4: loss = -988784.875
Epoch 5: loss = -988784.875
Epoch 6: loss = -988784.875
Epoch 7: loss = -988784.875
Epoch 8: loss = -988784.875
Early stopping at epoch 8 with loss -988784.875
Reconstruction for fluence = 183298.07108324335 photons/pixel
Epoch 0: loss = 1875513600.0
Epoch 1: loss = 12563440.0
Epoch 2: loss = 1783795.125
Epoch 3: loss = 404909.65625
Epoch 4: loss = 70154.765625
Epoch 5: loss = 14715.10546875
Epoch 6: loss = 8204.953125
Epoch 7: loss = 7312.970703125
Epoch 8: loss = 7199.5849609375
Epoch 9: loss = 7180.087890625
Epoch 10: loss = 7176.7578125
Epoch 11: loss = 7176.22705078125
Epoch 12: loss = 7176.1767578125
Epoch 13: loss = 7176.16796875
Epoch 14: loss = 7176.16796875
Epoch 0: loss = -2465006.25
Epoch 1: loss = -2465006.25
Epoch 2: loss = -2465006.25
Epoch 3: loss = -2465006.25
Epoch 4: loss = -2465006.25
Epoch 5: loss = -2465006.25
Epoch 6: loss = -2465006.25
Epoch 7: loss = -2465006.25
Epoch 8: loss = -2465006.25
Early stopping at epoch 8 with loss -2465006.25
Reconstruction for fluence = 428133.2398719387 photons/pixel
Epoch 0: loss = 4380541952.0
Epoch 1: loss = 32730860.0
Epoch 2: loss = 6976922.0
Epoch 3: loss = 3012726.5
Epoch 4: loss = 1106235.5
Epoch 5: loss = 87480.71875
Epoch 6: loss = 15621.46484375
Epoch 7: loss = 8415.80078125
Epoch 8: loss = 7314.79296875
Epoch 9: loss = 7155.9462890625
Epoch 10: loss = 7128.154296875
Epoch 11: loss = 7123.09375
Epoch 12: loss = 7122.4892578125
Epoch 13: loss = 7122.4111328125
Epoch 14: loss = 7122.40478515625
Epoch 0: loss = -6120926.5
Epoch 1: loss = -6120926.5
Epoch 2: loss = -6120926.0
Epoch 3: loss = -6120926.0
Epoch 4: loss = -6120926.0
Epoch 5: loss = -6120926.0
Epoch 6: loss = -6120926.0
Epoch 7: loss = -6120926.0
Epoch 8: loss = -6120926.0
Early stopping at epoch 8 with loss -6120926.5
Reconstruction for fluence = 1000000.0 photons/pixel
Epoch 0: loss = 10231767040.0
Epoch 1: loss = 80036056.0
Epoch 2: loss = 13343119.0
Epoch 3: loss = 3697053.75
Epoch 4: loss = 717110.125
Epoch 5: loss = 240800.734375
Epoch 6: loss = 173989.734375
Epoch 7: loss = 74917.9453125
Epoch 8: loss = 9569.515625
Epoch 9: loss = 7413.12451171875
Epoch 10: loss = 7173.9033203125
Epoch 11: loss = 7134.4921875
Epoch 12: loss = 7127.5751953125
Epoch 13: loss = 7126.6708984375
Epoch 14: loss = 7126.58740234375
Epoch 0: loss = -15145026.0
Epoch 1: loss = -15145026.0
Epoch 2: loss = -15145024.0
Epoch 3: loss = -15145024.0
Epoch 4: loss = -15145026.0
Epoch 5: loss = -15145026.0
Epoch 6: loss = -15145024.0
Epoch 7: loss = -15145024.0
Epoch 8: loss = -15145024.0
Early stopping at epoch 8 with loss -15145026.0
Simulation for steps_size=23 and n_fluences=20 completed!
