Running simulation for n_modes=5 and n_fluences=20
Tensors initialization on device cuda
Multiprobe = band_lim
torch.Size([5, 64, 64])

('MSE', None) RECONSTRUCTIONS

Reconstruction for fluence = 0.09999999999999999 photons/pixel
Epoch 0: loss = 10557.306640625
Epoch 1: loss = 3703.15234375
Epoch 2: loss = 3577.844970703125
Epoch 3: loss = 3575.9111328125
Epoch 4: loss = 3575.876708984375
Epoch 5: loss = 3575.87646484375
Epoch 6: loss = 3575.87646484375
Epoch 7: loss = 3575.8759765625
Epoch 8: loss = 3575.8759765625
Epoch 9: loss = 3575.8759765625
Epoch 10: loss = 3575.8759765625
Epoch 11: loss = 3575.8759765625
Epoch 12: loss = 3575.8759765625
Early stopping at epoch 12 with loss 3575.8759765625
Reconstruction for fluence = 0.23357214690901223 photons/pixel
Epoch 0: loss = 24226.01953125
Epoch 1: loss = 8745.205078125
Epoch 2: loss = 8461.0712890625
Epoch 3: loss = 8456.6494140625
Epoch 4: loss = 8456.57421875
Epoch 5: loss = 8456.572265625
Epoch 6: loss = 8456.572265625
Epoch 7: loss = 8456.572265625
Epoch 8: loss = 8456.5703125
Epoch 9: loss = 8456.5703125
Epoch 10: loss = 8456.5703125
Epoch 11: loss = 8456.5703125
Epoch 12: loss = 8456.5703125
Epoch 13: loss = 8456.5703125
Early stopping at epoch 13 with loss 8456.5703125
Reconstruction for fluence = 0.5455594781168519 photons/pixel
Epoch 0: loss = 55015.11328125
Epoch 1: loss = 20836.87890625
Epoch 2: loss = 20208.712890625
Epoch 3: loss = 20198.837890625
Epoch 4: loss = 20198.67578125
Epoch 5: loss = 20198.671875
Epoch 6: loss = 20198.671875
Epoch 7: loss = 20198.66796875
Epoch 8: loss = 20198.669921875
Epoch 9: loss = 20198.66796875
Epoch 10: loss = 20198.66796875
Epoch 11: loss = 20198.66796875
Epoch 12: loss = 20198.66796875
Early stopping at epoch 12 with loss 20198.66796875
Reconstruction for fluence = 1.2742749857031335 photons/pixel
Epoch 0: loss = 120863.1796875
Epoch 1: loss = 46863.90625
Epoch 2: loss = 45498.484375
Epoch 3: loss = 45476.53125
Epoch 4: loss = 45476.1640625
Epoch 5: loss = 45476.15625
Epoch 6: loss = 45476.1484375
Epoch 7: loss = 45476.1484375
Epoch 8: loss = 45476.1484375
Epoch 9: loss = 45476.1484375
Epoch 10: loss = 45476.1484375
Epoch 11: loss = 45476.1484375
Early stopping at epoch 11 with loss 45476.1484375
Reconstruction for fluence = 2.976351441631318 photons/pixel
Epoch 0: loss = 258243.1875
Epoch 1: loss = 106280.78125
Epoch 2: loss = 103453.234375
Epoch 3: loss = 103406.671875
Epoch 4: loss = 103405.890625
Epoch 5: loss = 103405.875
Epoch 6: loss = 103405.875
Epoch 7: loss = 103405.859375
Epoch 8: loss = 103405.859375
Epoch 9: loss = 103405.859375
Epoch 10: loss = 103405.859375
Epoch 11: loss = 103405.859375
Epoch 12: loss = 103405.859375
Early stopping at epoch 12 with loss 103405.859375
Reconstruction for fluence = 6.9519279617756045 photons/pixel
Epoch 0: loss = 521434.46875
Epoch 1: loss = 230302.84375
Epoch 2: loss = 224810.53125
Epoch 3: loss = 224718.71875
Epoch 4: loss = 224717.21875
Epoch 5: loss = 224717.21875
Epoch 6: loss = 224717.1875
Epoch 7: loss = 224717.1875
Epoch 8: loss = 224717.1875
Epoch 9: loss = 224717.1875
Epoch 10: loss = 224717.1875
Epoch 11: loss = 224717.1875
Early stopping at epoch 11 with loss 224717.1875
Reconstruction for fluence = 16.23776739188721 photons/pixel
Epoch 0: loss = 957767.25
Epoch 1: loss = 455496.625
Epoch 2: loss = 445790.0
Epoch 3: loss = 445624.90625
Epoch 4: loss = 445622.3125
Epoch 5: loss = 445622.3125
Epoch 6: loss = 445622.25
Epoch 7: loss = 445622.1875
Epoch 8: loss = 445622.1875
Epoch 9: loss = 445622.1875
Epoch 10: loss = 445622.1875
Epoch 11: loss = 445622.1875
Epoch 12: loss = 445622.1875
Early stopping at epoch 12 with loss 445622.1875
Reconstruction for fluence = 37.926901907322495 photons/pixel
Epoch 0: loss = 1529653.5
Epoch 1: loss = 757531.4375
Epoch 2: loss = 742170.875
Epoch 3: loss = 741903.5
Epoch 4: loss = 741899.25
Epoch 5: loss = 741899.25
Epoch 6: loss = 741899.125
Epoch 7: loss = 741899.125
Epoch 8: loss = 741899.125
Epoch 9: loss = 741899.125
Epoch 10: loss = 741899.125
Epoch 11: loss = 741899.125
Early stopping at epoch 11 with loss 741899.125
Reconstruction for fluence = 88.58667904100822 photons/pixel
Epoch 0: loss = 2126391.75
Epoch 1: loss = 972266.75
Epoch 2: loss = 948870.3125
Epoch 3: loss = 948455.375
Epoch 4: loss = 948448.75
Epoch 5: loss = 948448.625
Epoch 6: loss = 948448.5625
Epoch 7: loss = 948448.5625
Epoch 8: loss = 948448.5
Epoch 9: loss = 948448.5
Epoch 10: loss = 948448.5
Epoch 11: loss = 948448.5
Epoch 12: loss = 948448.5
Epoch 13: loss = 948448.5
Early stopping at epoch 13 with loss 948448.5
Reconstruction for fluence = 206.9138081114788 photons/pixel
Epoch 0: loss = 3023550.0
Epoch 1: loss = 23857498112.0
Epoch 2: loss = 353799360.0
Epoch 3: loss = 6351354.0
Epoch 4: loss = 1086893.375
Epoch 5: loss = 998354.25
Epoch 6: loss = 996785.875
Epoch 7: loss = 996759.5
Epoch 8: loss = 996759.25
Epoch 9: loss = 996759.25
Epoch 10: loss = 996759.125
Epoch 11: loss = 996759.125
Epoch 12: loss = 996759.125
Epoch 13: loss = 996759.125
Epoch 14: loss = 996759.125
Epoch 15: loss = 996759.125
Early stopping at epoch 15 with loss 996759.125
Reconstruction for fluence = 483.2930238571752 photons/pixel
Epoch 0: loss = 5402917.5
Epoch 1: loss = 268423495680.0
Epoch 2: loss = 3969188608.0
Epoch 3: loss = 60254436.0
Epoch 4: loss = 2264598.5
Epoch 5: loss = 1155837.25
Epoch 6: loss = 1143715.875
Epoch 7: loss = 1143502.0
Epoch 8: loss = 1143499.125
Epoch 9: loss = 1143499.0
Epoch 10: loss = 1143498.875
Epoch 11: loss = 1143498.875
Epoch 12: loss = 1143498.75
Epoch 13: loss = 1143498.75
Epoch 14: loss = 1143498.75
Epoch 15: loss = 1143498.75
Epoch 16: loss = 1143498.75
Epoch 17: loss = 1143498.75
Early stopping at epoch 17 with loss 1143498.75
Reconstruction for fluence = 1128.8378916846884 photons/pixel
Epoch 0: loss = 11384056.0
Epoch 1: loss = 3301459886080.0
Epoch 2: loss = 48801529856.0
Epoch 3: loss = 724288512.0
Epoch 4: loss = 13250748.0
Epoch 5: loss = 2040237.125
Epoch 6: loss = 1549233.25
Epoch 7: loss = 1544102.0
Epoch 8: loss = 1544019.625
Epoch 9: loss = 1544019.0
Epoch 10: loss = 1544018.75
Epoch 11: loss = 1544018.75
Epoch 12: loss = 1544018.625
Epoch 13: loss = 1544018.5
Epoch 14: loss = 1544018.5
Epoch 15: loss = 1544018.5
Epoch 16: loss = 1544018.375
Epoch 17: loss = 1544018.5
Epoch 18: loss = 1544018.5
Epoch 19: loss = 1544018.25
Epoch 20: loss = 1544018.25
Epoch 21: loss = 1544018.25
Epoch 22: loss = 1544018.375
Epoch 23: loss = 1544018.375
Epoch 24: loss = 1544018.375
Early stopping at epoch 24 with loss 1544018.25
Reconstruction for fluence = 2636.6508987303555 photons/pixel
Epoch 0: loss = 25506926.0
Epoch 1: loss = 41685115469824.0
Epoch 2: loss = 616149090304.0
Epoch 3: loss = 9113346048.0
Epoch 4: loss = 140095584.0
Epoch 5: loss = 6055091.0
Epoch 6: loss = 2448929.5
Epoch 7: loss = 2146359.5
Epoch 8: loss = 2137721.25
Epoch 9: loss = 2137601.0
Epoch 10: loss = 2137599.75
Epoch 11: loss = 2137599.5
Epoch 12: loss = 2137599.5
Epoch 13: loss = 2137599.5
Epoch 14: loss = 2137599.5
Epoch 15: loss = 2137599.5
Epoch 16: loss = 2137599.5
Early stopping at epoch 16 with loss 2137599.5
Reconstruction for fluence = 6158.482110660255 photons/pixel
Epoch 0: loss = 58531960.0
Epoch 1: loss = 532809751986176.0
Epoch 2: loss = 7875409215488.0
Epoch 3: loss = 116418412544.0
Epoch 4: loss = 1732684032.0
Epoch 5: loss = 34508668.0
Epoch 6: loss = 6174508.0
Epoch 7: loss = 3158251.0
Epoch 8: loss = 2881450.0
Epoch 9: loss = 2876923.25
Epoch 10: loss = 2876868.0
Epoch 11: loss = 2876867.5
Epoch 12: loss = 2876867.25
Epoch 13: loss = 2876867.25
Epoch 14: loss = 2876867.0
Epoch 15: loss = 2876867.0
Epoch 16: loss = 2876867.0
Epoch 17: loss = 2876867.0
Epoch 18: loss = 2876867.0
Epoch 19: loss = 2876867.0
Early stopping at epoch 19 with loss 2876867.0
Reconstruction for fluence = 14384.498882876629 photons/pixel
Epoch 0: loss = 135654336.0
Epoch 1: loss = 6844449682358272.0
Epoch 2: loss = 101167031910400.0
Epoch 3: loss = 1495365320704.0
Epoch 4: loss = 22129250304.0
Epoch 5: loss = 348269056.0
Early stopping at epoch 5 with loss 135654336.0
Reconstruction for fluence = 33598.18286283781 photons/pixel
Epoch 0: loss = 315823936.0
Epoch 1: loss = 8.79814343959511e+16
Epoch 2: loss = 1300443485437952.0
Epoch 3: loss = 19221761228800.0
Epoch 4: loss = 284173467648.0
Epoch 5: loss = 4251861504.0
Early stopping at epoch 5 with loss 315823936.0
Reconstruction for fluence = 78475.99703514607 photons/pixel
Epoch 0: loss = 736636544.0
Epoch 1: loss = 1.1295611431241646e+18
