Running simulation for n_modes=6 and n_fluences=20
Tensors initialization on device cuda
Multiprobe = band_lim
torch.Size([6, 64, 64])

('MSE', None) RECONSTRUCTIONS

Reconstruction for fluence = 0.09999999999999999 photons/pixel
Epoch 0: loss = 10606.2099609375
Epoch 1: loss = 3748.720703125
Epoch 2: loss = 3622.944580078125
Epoch 3: loss = 3620.9970703125
Epoch 4: loss = 3620.96142578125
Epoch 5: loss = 3620.9609375
Epoch 6: loss = 3620.9609375
Epoch 7: loss = 3620.960693359375
Epoch 8: loss = 3620.96044921875
Epoch 9: loss = 3620.96044921875
Epoch 10: loss = 3620.96044921875
Epoch 11: loss = 3620.96044921875
Epoch 12: loss = 3620.96044921875
Epoch 13: loss = 3620.96044921875
Epoch 14: loss = 3620.96044921875
Epoch 15: loss = 3620.96044921875
Epoch 16: loss = 3620.96044921875
Epoch 17: loss = 3620.96044921875
Epoch 18: loss = 3620.96044921875
Early stopping at epoch 18 with loss 3620.96044921875
Reconstruction for fluence = 0.23357214690901223 photons/pixel
Epoch 0: loss = 24240.2734375
Epoch 1: loss = 8726.673828125
Epoch 2: loss = 8441.7939453125
Epoch 3: loss = 8437.353515625
Epoch 4: loss = 8437.275390625
Epoch 5: loss = 8437.275390625
Epoch 6: loss = 8437.2744140625
Epoch 7: loss = 8437.2734375
Epoch 8: loss = 8437.2734375
Epoch 9: loss = 8437.2734375
Epoch 10: loss = 8437.2734375
Epoch 11: loss = 8437.2734375
Epoch 12: loss = 8437.2734375
Epoch 13: loss = 8437.2734375
Epoch 14: loss = 8437.2734375
Epoch 15: loss = 8437.2734375
Epoch 16: loss = 8437.2734375
Epoch 17: loss = 8437.2734375
Early stopping at epoch 17 with loss 8437.2734375
Reconstruction for fluence = 0.5455594781168519 photons/pixel
Epoch 0: loss = 54888.6015625
