Running simulation for n_fluences=10
Tensors initialization on device cuda
Multiprobe = None

('MSE', None) RECONSTRUCTIONS

Reconstruction for fluence = 0.09999999999999999 photons/pixel
Epoch 0: loss = 10623.20703125
Epoch 1: loss = 3619.90771484375
Epoch 2: loss = 3619.884765625
Epoch 3: loss = 3619.88427734375
Epoch 4: loss = 3619.88427734375
Epoch 5: loss = 3619.88427734375
Epoch 6: loss = 3619.884521484375
Epoch 7: loss = 3619.884521484375
Epoch 8: loss = 3619.88427734375
Early stopping at epoch 8 with loss 3619.88427734375
Reconstruction for fluence = 0.599484250318941 photons/pixel
Epoch 0: loss = 60435.73828125
Epoch 1: loss = 21926.3828125
Epoch 2: loss = 21926.3828125
Epoch 3: loss = 21926.3828125
Epoch 4: loss = 21926.3828125
Epoch 5: loss = 21926.384765625
Epoch 6: loss = 21926.3828125
Early stopping at epoch 6 with loss 21926.3828125
Reconstruction for fluence = 3.5938136638046276 photons/pixel
Epoch 0: loss = 309818.6875
Epoch 1: loss = 123756.9453125
Epoch 2: loss = 123756.9375
Epoch 3: loss = 123756.9453125
Epoch 4: loss = 123756.9453125
Epoch 5: loss = 123756.9375
Epoch 6: loss = 123756.9375
Epoch 7: loss = 123756.9375
Early stopping at epoch 7 with loss 123756.9375
Reconstruction for fluence = 21.544346900318843 photons/pixel
Epoch 0: loss = 1206544.0
Epoch 1: loss = 545714.5625
Epoch 2: loss = 545714.5
Epoch 3: loss = 545714.5
Epoch 4: loss = 545714.5
Epoch 5: loss = 545714.5
Epoch 6: loss = 545714.5
Epoch 7: loss = 545714.5
Early stopping at epoch 7 with loss 545714.5
Reconstruction for fluence = 129.1549665014884 photons/pixel
Epoch 0: loss = 2764042.5
Epoch 1: loss = 985494.25
Epoch 2: loss = 985494.25
Epoch 3: loss = 985494.25
Epoch 4: loss = 985494.25
Epoch 5: loss = 985494.25
Epoch 6: loss = 985494.25
Early stopping at epoch 6 with loss 985494.25
Reconstruction for fluence = 774.263682681127 photons/pixel
Epoch 0: loss = 9530371.0
Epoch 1: loss = 1294665.375
Epoch 2: loss = 1294665.375
Epoch 3: loss = 1294665.25
Epoch 4: loss = 1294665.25
Epoch 5: loss = 1294665.25
Epoch 6: loss = 1294665.25
Epoch 7: loss = 1294665.25
Epoch 8: loss = 1294665.25
Early stopping at epoch 8 with loss 1294665.25
Reconstruction for fluence = 4641.588833612782 photons/pixel
Epoch 0: loss = 52596184.0
Epoch 1: loss = 2417310.5
Epoch 2: loss = 2417309.5
Epoch 3: loss = 2417309.5
Epoch 4: loss = 2417309.5
Epoch 5: loss = 2417309.5
Epoch 6: loss = 2417309.5
Epoch 7: loss = 2417309.5
Early stopping at epoch 7 with loss 2417309.5
Reconstruction for fluence = 27825.59402207126 photons/pixel
Epoch 0: loss = 311209664.0
Epoch 1: loss = 3969512.5
Epoch 2: loss = 3969502.0
Epoch 3: loss = 3969501.0
Epoch 4: loss = 3969501.0
Epoch 5: loss = 3969501.0
Epoch 6: loss = 3969501.0
Epoch 7: loss = 3969501.0
Epoch 8: loss = 3969501.0
Early stopping at epoch 8 with loss 3969501.0
Reconstruction for fluence = 166810.0537200059 photons/pixel
Epoch 0: loss = 1861176576.0
Epoch 1: loss = 4869852.0
Epoch 2: loss = 4869674.0
Epoch 3: loss = 4869673.5
Epoch 4: loss = 4869673.5
Epoch 5: loss = 4869673.5
Epoch 6: loss = 4869673.5
Epoch 7: loss = 4869673.5
Epoch 8: loss = 4869673.5
Early stopping at epoch 8 with loss 4869673.5
Reconstruction for fluence = 1000000.0 photons/pixel
Epoch 0: loss = 11154264064.0
Epoch 1: loss = 4737975.5
Epoch 2: loss = 4735621.5
Epoch 3: loss = 4735621.5
Epoch 4: loss = 4735621.5
Epoch 5: loss = 4735621.5
Epoch 6: loss = 4735621.5
Epoch 7: loss = 4735621.5
Early stopping at epoch 7 with loss 4735621.5
Tensors initialization on device cuda
Multiprobe = None

('MSE', 'PoissonNLL') RECONSTRUCTIONS

Reconstruction for fluence = 0.09999999999999999 photons/pixel
Epoch 0: loss = 10683.486328125
Epoch 1: loss = 3686.80908203125
Epoch 2: loss = 3686.80908203125
Epoch 3: loss = 3686.80908203125
Epoch 4: loss = 3686.80908203125
Epoch 5: loss = 3686.80908203125
Epoch 6: loss = 3686.80908203125
Early stopping at epoch 6 with loss 3686.80908203125
Epoch 0: loss = 0.0027279015630483627
Epoch 1: loss = 0.002726968377828598
Epoch 2: loss = 0.0027260398492217064
Epoch 3: loss = 0.0027251155115664005
Epoch 4: loss = 0.002724195597693324
Epoch 5: loss = 0.0027232798747718334
Early stopping at epoch 5 with loss 0.0027279015630483627
Reconstruction for fluence = 0.599484250318941 photons/pixel
Epoch 0: loss = 60495.9609375
Epoch 1: loss = 22013.96484375
Epoch 2: loss = 22013.96484375
Epoch 3: loss = 22013.96484375
Epoch 4: loss = 22013.96484375
Epoch 5: loss = 22013.96484375
Epoch 6: loss = 22013.962890625
Epoch 7: loss = 22013.962890625
Epoch 8: loss = 22013.962890625
Epoch 9: loss = 22013.962890625
Epoch 10: loss = 22013.962890625
Epoch 11: loss = 22013.962890625
Early stopping at epoch 11 with loss 22013.962890625
Epoch 0: loss = 0.012050014920532703
Epoch 1: loss = 0.012043473310768604
Epoch 2: loss = 0.012036982923746109
Epoch 3: loss = 0.012030541896820068
Epoch 4: loss = 0.012024146504700184
