Running simulation for steps_size=3 and n_fluences=20
Steps size: 3
Tensors initialization on device cuda
Multiprobe = band_lim
torch.Size([1, 64, 64])

('MSE', None) RECONSTRUCTIONS

Reconstruction for fluence = 0.09999999999999999 photons/pixel
Epoch 0: loss = 0.001861513126641512
Epoch 1: loss = 0.001861513126641512
Epoch 2: loss = 0.001861513126641512
Epoch 3: loss = 0.001861513126641512
Epoch 4: loss = 0.001861513126641512
Epoch 5: loss = 0.001861513126641512
Early stopping at epoch 5 with loss 0.001861513126641512
Reconstruction for fluence = 0.23357214690901223 photons/pixel
Epoch 0: loss = 0.00466760853305459
Epoch 1: loss = 0.004667602013796568
Epoch 2: loss = 0.004667589440941811
Epoch 3: loss = 0.00466758431866765
Epoch 4: loss = 0.004667573608458042
Epoch 5: loss = 0.004667568486183882
Early stopping at epoch 5 with loss 0.00466760853305459
Reconstruction for fluence = 0.5455594781168519 photons/pixel
Epoch 0: loss = 0.012141433544456959
Epoch 1: loss = 0.012140515260398388
Epoch 2: loss = 0.012139597907662392
Epoch 3: loss = 0.01213868148624897
Epoch 4: loss = 0.012137765064835548
Epoch 5: loss = 0.012136848643422127
Early stopping at epoch 5 with loss 0.012141433544456959
Reconstruction for fluence = 1.2742749857031335 photons/pixel
Epoch 0: loss = 0.03466678783297539
Epoch 1: loss = 0.023305365815758705
Epoch 2: loss = 0.023305365815758705
Epoch 3: loss = 0.023305365815758705
Epoch 4: loss = 0.023305365815758705
Epoch 5: loss = 0.023305365815758705
Epoch 6: loss = 0.023305365815758705
Early stopping at epoch 6 with loss 0.023305365815758705
Reconstruction for fluence = 2.976351441631318 photons/pixel
Epoch 0: loss = 0.11516055464744568
Epoch 1: loss = 0.05371932312846184
Epoch 2: loss = 0.053716991096735
Epoch 3: loss = 0.053716991096735
Epoch 4: loss = 0.053716991096735
Epoch 5: loss = 0.053716991096735
Epoch 6: loss = 0.053716991096735
Early stopping at epoch 6 with loss 0.05371932312846184
Reconstruction for fluence = 6.9519279617756045 photons/pixel
Epoch 0: loss = 0.4548119902610779
Epoch 1: loss = 0.126671701669693
Epoch 2: loss = 0.1266579031944275
Epoch 3: loss = 0.12665779888629913
Epoch 4: loss = 0.12665779888629913
Epoch 5: loss = 0.12665779888629913
Epoch 6: loss = 0.12665779888629913
Early stopping at epoch 6 with loss 0.126671701669693
Reconstruction for fluence = 16.23776739188721 photons/pixel
Epoch 0: loss = 2.082468032836914
Epoch 1: loss = 0.29403334856033325
Epoch 2: loss = 0.29396626353263855
Epoch 3: loss = 0.29396459460258484
Epoch 4: loss = 0.2939645051956177
Epoch 5: loss = 0.2939644753932953
Epoch 6: loss = 0.2939644753932953
Early stopping at epoch 6 with loss 0.29403334856033325
Reconstruction for fluence = 37.926901907322495 photons/pixel
Epoch 0: loss = 10.404067993164062
Epoch 1: loss = 0.6867932677268982
Epoch 2: loss = 0.6864838600158691
Epoch 3: loss = 0.686476469039917
Epoch 4: loss = 0.6864745020866394
Epoch 5: loss = 0.6864722371101379
Epoch 6: loss = 0.6864719390869141
Epoch 7: loss = 0.6864718198776245
Early stopping at epoch 7 with loss 0.6864838600158691
Reconstruction for fluence = 88.58667904100822 photons/pixel
Epoch 0: loss = 54.57992172241211
Epoch 1: loss = 1.6100021600723267
Epoch 2: loss = 1.6088846921920776
Epoch 3: loss = 1.6088122129440308
Epoch 4: loss = 1.6088099479675293
Epoch 5: loss = 1.6088067293167114
Epoch 6: loss = 1.6088049411773682
Epoch 7: loss = 1.6088038682937622
Early stopping at epoch 7 with loss 1.6088846921920776
Reconstruction for fluence = 206.9138081114788 photons/pixel
Epoch 0: loss = 292.619140625
Epoch 1: loss = 3.776902198791504
Epoch 2: loss = 3.7720723152160645
Epoch 3: loss = 3.7717294692993164
Epoch 4: loss = 3.7716848850250244
Epoch 5: loss = 3.7716784477233887
Epoch 6: loss = 3.771677017211914
Epoch 7: loss = 3.7716763019561768
Epoch 8: loss = 3.7716753482818604
Early stopping at epoch 8 with loss 3.7717294692993164
Reconstruction for fluence = 483.2930238571752 photons/pixel
Epoch 0: loss = 1585.7489013671875
Epoch 1: loss = 8.786126136779785
Epoch 2: loss = 8.767260551452637
Epoch 3: loss = 8.763998985290527
Epoch 4: loss = 8.763710975646973
Epoch 5: loss = 8.763648986816406
Epoch 6: loss = 8.763647079467773
Epoch 7: loss = 8.76364517211914
Epoch 8: loss = 8.763643264770508
Epoch 9: loss = 8.763642311096191
Early stopping at epoch 9 with loss 8.763710975646973
Reconstruction for fluence = 1128.8378916846884 photons/pixel
Epoch 0: loss = 8618.2646484375
Epoch 1: loss = 20.7752685546875
Epoch 2: loss = 20.686208724975586
Epoch 3: loss = 20.67207145690918
Epoch 4: loss = 20.670469284057617
Epoch 5: loss = 20.67009162902832
Epoch 6: loss = 20.670034408569336
Epoch 7: loss = 20.670005798339844
Epoch 8: loss = 20.669998168945312
Epoch 9: loss = 20.669998168945312
Epoch 10: loss = 20.66999053955078
Epoch 11: loss = 20.66999053955078
Epoch 12: loss = 20.669984817504883
Epoch 13: loss = 20.669981002807617
Epoch 14: loss = 20.669981002807617
Epoch 15: loss = 20.669981002807617
Early stopping at epoch 15 with loss 20.66999053955078
Reconstruction for fluence = 2636.6508987303555 photons/pixel
Epoch 0: loss = 46938.80078125
Epoch 1: loss = 48.288761138916016
Epoch 2: loss = 47.815887451171875
Epoch 3: loss = 47.755287170410156
Epoch 4: loss = 47.74754333496094
Epoch 5: loss = 47.74568557739258
Epoch 6: loss = 47.745262145996094
Epoch 7: loss = 47.745155334472656
Epoch 8: loss = 47.745140075683594
Epoch 9: loss = 47.7451057434082
Epoch 10: loss = 47.74507522583008
Epoch 11: loss = 47.74507522583008
Epoch 12: loss = 47.745059967041016
Early stopping at epoch 12 with loss 47.745155334472656
Reconstruction for fluence = 6158.482110660255 photons/pixel
Epoch 0: loss = 255955.859375
Epoch 1: loss = 114.59918975830078
Epoch 2: loss = 112.114990234375
Epoch 3: loss = 111.80852508544922
Epoch 4: loss = 111.76986694335938
Epoch 5: loss = 111.76100158691406
Epoch 6: loss = 111.7588119506836
Epoch 7: loss = 111.75804901123047
Epoch 8: loss = 111.75774383544922
Epoch 9: loss = 111.75770568847656
Epoch 10: loss = 111.75770568847656
Epoch 11: loss = 111.75767517089844
Epoch 12: loss = 111.7576675415039
Epoch 13: loss = 111.75764465332031
Early stopping at epoch 13 with loss 111.75774383544922
Reconstruction for fluence = 14384.498882876629 photons/pixel
Epoch 0: loss = 1395879.125
Epoch 1: loss = 276.31402587890625
Epoch 2: loss = 263.0401916503906
Epoch 3: loss = 261.29058837890625
Epoch 4: loss = 261.0578308105469
Epoch 5: loss = 261.0068664550781
Epoch 6: loss = 260.9951171875
Epoch 7: loss = 260.99102783203125
Epoch 8: loss = 260.9900207519531
Epoch 9: loss = 260.9894104003906
Epoch 10: loss = 260.9893493652344
Epoch 11: loss = 260.9892578125
Epoch 12: loss = 260.9891357421875
Epoch 13: loss = 260.9891357421875
Epoch 14: loss = 260.98907470703125
Epoch 15: loss = 260.989013671875
Epoch 16: loss = 260.9889831542969
Epoch 17: loss = 260.9889221191406
Epoch 18: loss = 260.9889221191406
Epoch 19: loss = 260.9889221191406
Epoch 20: loss = 260.9889221191406
Early stopping at epoch 20 with loss 260.989013671875
Reconstruction for fluence = 33598.18286283781 photons/pixel
Epoch 0: loss = 7614904.5
Epoch 1: loss = 692.0801391601562
Epoch 2: loss = 619.84521484375
Epoch 3: loss = 610.6351928710938
Epoch 4: loss = 609.45068359375
Epoch 5: loss = 609.1798706054688
Epoch 6: loss = 609.1261596679688
Epoch 7: loss = 609.1030883789062
Epoch 8: loss = 609.0938110351562
Epoch 9: loss = 609.0907592773438
Epoch 10: loss = 609.0906372070312
Epoch 11: loss = 609.0903930664062
Epoch 12: loss = 609.0902099609375
Epoch 13: loss = 609.0899658203125
Epoch 14: loss = 609.0899047851562
Epoch 15: loss = 609.08984375
Epoch 16: loss = 609.089599609375
Epoch 17: loss = 609.089599609375
Epoch 18: loss = 609.0895385742188
Epoch 19: loss = 609.0894775390625
Epoch 20: loss = 609.0894775390625
Epoch 21: loss = 609.0894775390625
Early stopping at epoch 21 with loss 609.089599609375
Reconstruction for fluence = 78475.99703514607 photons/pixel
Epoch 0: loss = 41539264.0
Epoch 1: loss = 1886.897216796875
Epoch 2: loss = 1498.130126953125
Epoch 3: loss = 1445.7974853515625
Epoch 4: loss = 1439.2437744140625
Epoch 5: loss = 1437.6678466796875
Epoch 6: loss = 1437.3179931640625
Epoch 7: loss = 1437.1995849609375
Epoch 8: loss = 1437.138671875
Epoch 9: loss = 1437.12109375
Epoch 10: loss = 1437.1171875
Epoch 11: loss = 1437.1146240234375
Epoch 12: loss = 1437.1143798828125
Epoch 13: loss = 1437.1143798828125
Epoch 14: loss = 1437.1143798828125
Epoch 15: loss = 1437.1141357421875
Epoch 16: loss = 1437.1138916015625
Epoch 17: loss = 1437.1138916015625
Epoch 18: loss = 1437.1138916015625
Epoch 19: loss = 1437.1138916015625
Epoch 20: loss = 1437.1136474609375
Epoch 21: loss = 1437.11328125
Epoch 22: loss = 1437.11328125
Epoch 23: loss = 1437.113037109375
Epoch 24: loss = 1437.113037109375
Epoch 25: loss = 1437.1129150390625
Epoch 26: loss = 1437.113037109375
Epoch 27: loss = 1437.113037109375
Epoch 28: loss = 1437.11279296875
Epoch 29: loss = 1437.11279296875
Epoch 30: loss = 1437.11279296875
Epoch 31: loss = 1437.11279296875
Epoch 32: loss = 1437.11279296875
Epoch 33: loss = 1437.11279296875
Early stopping at epoch 33 with loss 1437.11279296875
Reconstruction for fluence = 183298.07108324335 photons/pixel
Epoch 0: loss = 226638384.0
Epoch 1: loss = 5786.33544921875
Epoch 2: loss = 3659.221435546875
Epoch 3: loss = 3372.908935546875
Epoch 4: loss = 3338.181884765625
Epoch 5: loss = 3329.63623046875
Epoch 6: loss = 3327.738525390625
Epoch 7: loss = 3327.061279296875
Epoch 8: loss = 3326.742919921875
Epoch 9: loss = 3326.649169921875
Epoch 10: loss = 3326.628662109375
Epoch 11: loss = 3326.614013671875
Epoch 12: loss = 3326.612548828125
Epoch 13: loss = 3326.61083984375
Epoch 14: loss = 3326.60888671875
Epoch 15: loss = 3326.60791015625
Epoch 16: loss = 3326.606689453125
Epoch 17: loss = 3326.606689453125
Epoch 18: loss = 3326.60595703125
Epoch 19: loss = 3326.606689453125
Epoch 20: loss = 3326.605224609375
Epoch 21: loss = 3326.605712890625
Epoch 22: loss = 3326.605712890625
Epoch 23: loss = 3326.60595703125
Epoch 24: loss = 3326.605224609375
Epoch 25: loss = 3326.60546875
Early stopping at epoch 25 with loss 3326.605224609375
Reconstruction for fluence = 428133.2398719387 photons/pixel
Epoch 0: loss = 1236368896.0
Epoch 1: loss = 21155.435546875
Epoch 2: loss = 9572.9521484375
Epoch 3: loss = 8021.06005859375
Epoch 4: loss = 7830.79638671875
Epoch 5: loss = 7786.64892578125
Epoch 6: loss = 7777.12255859375
Epoch 7: loss = 7773.66796875
Epoch 8: loss = 7772.43896484375
Epoch 9: loss = 7772.04443359375
Epoch 10: loss = 7771.919921875
Epoch 11: loss = 7771.88916015625
Epoch 12: loss = 7771.8798828125
Epoch 13: loss = 7771.8798828125
Epoch 14: loss = 7771.87060546875
Epoch 15: loss = 7771.86962890625
Epoch 16: loss = 7771.86328125
Epoch 17: loss = 7771.8642578125
Epoch 18: loss = 7771.859375
Epoch 19: loss = 7771.8603515625
Epoch 20: loss = 7771.8603515625
Epoch 21: loss = 7771.857421875
Epoch 22: loss = 7771.85546875
Epoch 23: loss = 7771.85498046875
Epoch 24: loss = 7771.85400390625
Epoch 25: loss = 7771.85498046875
Epoch 26: loss = 7771.85400390625
Epoch 27: loss = 7771.85498046875
Epoch 28: loss = 7771.85595703125
Epoch 29: loss = 7771.85498046875
Early stopping at epoch 29 with loss 7771.85400390625
Reconstruction for fluence = 1000000.0 photons/pixel
Epoch 0: loss = 6745256448.0
Epoch 1: loss = 91084.2734375
Epoch 2: loss = 28028.998046875
Epoch 3: loss = 19483.3828125
Epoch 4: loss = 18453.15625
Epoch 5: loss = 18211.576171875
Epoch 6: loss = 18152.9453125
Epoch 7: loss = 18133.443359375
Epoch 8: loss = 18126.814453125
Epoch 9: loss = 18124.333984375
Epoch 10: loss = 18123.58984375
Epoch 11: loss = 18123.453125
