Running simulation for principal_mode_weight=1 and n_fluences=20
Tensors initialization on device cuda
Multiprobe = grad

('MSE', None) RECONSTRUCTIONS

Reconstruction for fluence = 0.09999999999999999 photons/pixel
Epoch 0: loss = 0.00021575178834609687
Epoch 1: loss = 0.00021575178834609687
Epoch 2: loss = 0.00021575178834609687
Epoch 3: loss = 0.00021575178834609687
Epoch 4: loss = 0.00021575178834609687
Epoch 5: loss = 0.00021575178834609687
Early stopping at epoch 5 with loss 0.00021575178834609687
Reconstruction for fluence = 0.23357214690901223 photons/pixel
Epoch 0: loss = 0.0005172487581148744
Epoch 1: loss = 0.0005172487581148744
Epoch 2: loss = 0.0005172487581148744
Epoch 3: loss = 0.0005172487581148744
Epoch 4: loss = 0.0005172487581148744
Epoch 5: loss = 0.0005172487581148744
Early stopping at epoch 5 with loss 0.0005172487581148744
Reconstruction for fluence = 0.5455594781168519 photons/pixel
Epoch 0: loss = 0.0012114999117329717
Epoch 1: loss = 0.0012114999117329717
Epoch 2: loss = 0.0012114999117329717
Epoch 3: loss = 0.0012114999117329717
Epoch 4: loss = 0.0012114999117329717
Epoch 5: loss = 0.0012114999117329717
Early stopping at epoch 5 with loss 0.0012114999117329717
Reconstruction for fluence = 1.2742749857031335 photons/pixel
Epoch 0: loss = 0.0028729906771332026
Epoch 1: loss = 0.0028729906771332026
Epoch 2: loss = 0.0028729906771332026
Epoch 3: loss = 0.0028729906771332026
Epoch 4: loss = 0.0028729906771332026
Epoch 5: loss = 0.0028729906771332026
Early stopping at epoch 5 with loss 0.0028729906771332026
Reconstruction for fluence = 2.976351441631318 photons/pixel
Epoch 0: loss = 0.006998444441705942
Epoch 1: loss = 0.0069984435103833675
Epoch 2: loss = 0.006998396944254637
Epoch 3: loss = 0.006998350843787193
Epoch 4: loss = 0.006998305208981037
