Running simulation for principal_mode_weight=6 and n_fluences=20
Weights: [50. 25. 25.]
Tensors initialization on device cuda
Multiprobe = grad

('MSE', None) RECONSTRUCTIONS

Reconstruction for fluence = 0.09999999999999999 photons/pixel
Epoch 0: loss = 0.00021280840155668557
Epoch 1: loss = 0.00021280840155668557
Epoch 2: loss = 0.00021280840155668557
Epoch 3: loss = 0.00021280840155668557
Epoch 4: loss = 0.00021280840155668557
Epoch 5: loss = 0.00021280840155668557
Early stopping at epoch 5 with loss 0.00021280840155668557
Reconstruction for fluence = 0.23357214690901223 photons/pixel
Epoch 0: loss = 0.0005194380064494908
Epoch 1: loss = 0.0005194380064494908
Epoch 2: loss = 0.0005194380064494908
Epoch 3: loss = 0.0005194380064494908
Epoch 4: loss = 0.0005194380064494908
Epoch 5: loss = 0.0005194380064494908
Early stopping at epoch 5 with loss 0.0005194380064494908
Reconstruction for fluence = 0.5455594781168519 photons/pixel
Epoch 0: loss = 0.0012127258814871311
Epoch 1: loss = 0.0012127258814871311
Epoch 2: loss = 0.0012127258814871311
Epoch 3: loss = 0.0012127258814871311
Epoch 4: loss = 0.0012127258814871311
Epoch 5: loss = 0.0012127258814871311
Early stopping at epoch 5 with loss 0.0012127258814871311
Reconstruction for fluence = 1.2742749857031335 photons/pixel
Epoch 0: loss = 0.002877357881516218
Epoch 1: loss = 0.002877357881516218
Epoch 2: loss = 0.002877357881516218
Epoch 3: loss = 0.002877357881516218
Epoch 4: loss = 0.002877357881516218
Epoch 5: loss = 0.002877357881516218
Early stopping at epoch 5 with loss 0.002877357881516218
Reconstruction for fluence = 2.976351441631318 photons/pixel
Epoch 0: loss = 0.0069753797724843025
Epoch 1: loss = 0.00697533180937171
Epoch 2: loss = 0.0069752843119204044
Epoch 3: loss = 0.006975236814469099
Epoch 4: loss = 0.006975188385695219
Epoch 5: loss = 0.006975140888243914
Early stopping at epoch 5 with loss 0.0069753797724843025
Reconstruction for fluence = 6.9519279617756045 photons/pixel
Epoch 0: loss = 0.017750728875398636
Epoch 1: loss = 0.01774931512773037
Epoch 2: loss = 0.017747901380062103
Epoch 3: loss = 0.017746489495038986
Epoch 4: loss = 0.01774507761001587
Epoch 5: loss = 0.01774366945028305
Early stopping at epoch 5 with loss 0.017750728875398636
Reconstruction for fluence = 16.23776739188721 photons/pixel
Epoch 0: loss = 0.049231745302677155
Epoch 1: loss = 0.03571527823805809
Epoch 2: loss = 0.035713523626327515
Epoch 3: loss = 0.035713523626327515
Epoch 4: loss = 0.035713523626327515
Epoch 5: loss = 0.035713523626327515
Epoch 6: loss = 0.035713523626327515
Early stopping at epoch 6 with loss 0.03571527823805809
Reconstruction for fluence = 37.926901907322495 photons/pixel
Epoch 0: loss = 0.15687605738639832
Epoch 1: loss = 0.08322690427303314
Epoch 2: loss = 0.08321506530046463
Epoch 3: loss = 0.08321506530046463
Epoch 4: loss = 0.08321506530046463
Epoch 5: loss = 0.08321506530046463
Epoch 6: loss = 0.08321506530046463
Early stopping at epoch 6 with loss 0.08322690427303314
Reconstruction for fluence = 88.58667904100822 photons/pixel
Epoch 0: loss = 0.5961272120475769
Epoch 1: loss = 0.19447249174118042
Epoch 2: loss = 0.19443047046661377
Epoch 3: loss = 0.19442705810070038
Epoch 4: loss = 0.1944267749786377
Epoch 5: loss = 0.1944267749786377
Epoch 6: loss = 0.1944267749786377
Early stopping at epoch 6 with loss 0.19447249174118042
Reconstruction for fluence = 206.9138081114788 photons/pixel
Epoch 0: loss = 2.64511775970459
Epoch 1: loss = 0.4531245231628418
Epoch 2: loss = 0.45297425985336304
Epoch 3: loss = 0.4529591500759125
Epoch 4: loss = 0.4529563784599304
Epoch 5: loss = 0.45295608043670654
Epoch 6: loss = 0.45295602083206177
Epoch 7: loss = 0.452955961227417
Early stopping at epoch 7 with loss 0.45297425985336304
Reconstruction for fluence = 483.2930238571752 photons/pixel
Epoch 0: loss = 13.015342712402344
Epoch 1: loss = 1.05879807472229
Epoch 2: loss = 1.058242678642273
Epoch 3: loss = 1.058173418045044
Epoch 4: loss = 1.0581574440002441
Epoch 5: loss = 1.0581543445587158
Epoch 6: loss = 1.0581538677215576
Epoch 7: loss = 1.0581531524658203
Early stopping at epoch 7 with loss 1.058242678642273
Reconstruction for fluence = 1128.8378916846884 photons/pixel
Epoch 0: loss = 67.67697143554688
Epoch 1: loss = 2.479919195175171
Epoch 2: loss = 2.4775230884552
Epoch 3: loss = 2.4772348403930664
Epoch 4: loss = 2.477142572402954
Epoch 5: loss = 2.477118730545044
Epoch 6: loss = 2.477113723754883
Epoch 7: loss = 2.4771127700805664
Epoch 8: loss = 2.477111339569092
Epoch 9: loss = 2.477108955383301
Epoch 10: loss = 2.477108955383301
Early stopping at epoch 10 with loss 2.477118730545044
Reconstruction for fluence = 2636.6508987303555 photons/pixel
Epoch 0: loss = 361.3798522949219
Epoch 1: loss = 5.799796104431152
Epoch 2: loss = 5.7888360023498535
Epoch 3: loss = 5.787564277648926
Epoch 4: loss = 5.787022590637207
Epoch 5: loss = 5.786831378936768
Epoch 6: loss = 5.786765098571777
Epoch 7: loss = 5.786736488342285
Epoch 8: loss = 5.786725044250488
Epoch 9: loss = 5.786721229553223
Epoch 10: loss = 5.786720275878906
Epoch 11: loss = 5.78671932220459
Epoch 12: loss = 5.786718845367432
Epoch 13: loss = 5.786716938018799
Early stopping at epoch 13 with loss 5.786725044250488
Reconstruction for fluence = 6158.482110660255 photons/pixel
Epoch 0: loss = 1953.5284423828125
Epoch 1: loss = 13.565166473388672
Epoch 2: loss = 13.512289047241211
Epoch 3: loss = 13.505213737487793
Epoch 4: loss = 13.502635955810547
Epoch 5: loss = 13.501712799072266
Epoch 6: loss = 13.501363754272461
Epoch 7: loss = 13.501208305358887
Epoch 8: loss = 13.501126289367676
Epoch 9: loss = 13.501106262207031
Epoch 10: loss = 13.501079559326172
Epoch 11: loss = 13.50107192993164
Epoch 12: loss = 13.501068115234375
Epoch 13: loss = 13.501066207885742
Epoch 14: loss = 13.501063346862793
Early stopping at epoch 14 with loss 13.501106262207031
Reconstruction for fluence = 14384.498882876629 photons/pixel
Epoch 0: loss = 10616.0859375
Epoch 1: loss = 31.817787170410156
Epoch 2: loss = 31.53870391845703
Epoch 3: loss = 31.50604820251465
Epoch 4: loss = 31.492183685302734
Epoch 5: loss = 31.487144470214844
Epoch 6: loss = 31.48525619506836
Epoch 7: loss = 31.484411239624023
Epoch 8: loss = 31.484018325805664
Epoch 9: loss = 31.48400115966797
Epoch 10: loss = 31.48377227783203
Epoch 11: loss = 31.483644485473633
Epoch 12: loss = 31.483591079711914
Epoch 13: loss = 31.483566284179688
Epoch 14: loss = 31.483562469482422
Epoch 15: loss = 31.483562469482422
Epoch 16: loss = 31.483531951904297
Epoch 17: loss = 31.483531951904297
Epoch 18: loss = 31.48352813720703
Epoch 19: loss = 31.483524322509766
Epoch 20: loss = 31.483522415161133
Epoch 21: loss = 31.483518600463867
Early stopping at epoch 21 with loss 31.483531951904297
Reconstruction for fluence = 33598.18286283781 photons/pixel
Epoch 0: loss = 57817.46875
Epoch 1: loss = 75.53823852539062
Epoch 2: loss = 74.03302001953125
Epoch 3: loss = 73.86137390136719
Epoch 4: loss = 73.78695678710938
Epoch 5: loss = 73.75872802734375
Epoch 6: loss = 73.74839782714844
Epoch 7: loss = 73.74463653564453
Epoch 8: loss = 73.74162292480469
Epoch 9: loss = 73.74024963378906
Epoch 10: loss = 73.73948669433594
Epoch 11: loss = 73.73922729492188
Epoch 12: loss = 73.739013671875
Epoch 13: loss = 73.73896789550781
Epoch 14: loss = 73.73878479003906
Epoch 15: loss = 73.73872375488281
Epoch 16: loss = 73.73870849609375
Epoch 17: loss = 73.7386703491211
Epoch 18: loss = 73.7386474609375
Epoch 19: loss = 73.73863983154297
Epoch 20: loss = 73.73861694335938
Epoch 21: loss = 73.73861694335938
Epoch 22: loss = 73.73860168457031
Early stopping at epoch 22 with loss 73.7386703491211
Reconstruction for fluence = 78475.99703514607 photons/pixel
Epoch 0: loss = 315198.125
Epoch 1: loss = 180.92648315429688
Epoch 2: loss = 172.9512939453125
Epoch 3: loss = 172.0364990234375
Epoch 4: loss = 171.62420654296875
Epoch 5: loss = 171.4713134765625
Epoch 6: loss = 171.4176788330078
Epoch 7: loss = 171.39193725585938
Epoch 8: loss = 171.3777313232422
Epoch 9: loss = 171.3695526123047
Epoch 10: loss = 171.36502075195312
Epoch 11: loss = 171.36256408691406
Epoch 12: loss = 171.36117553710938
Epoch 13: loss = 171.36032104492188
Epoch 14: loss = 171.3602294921875
Epoch 15: loss = 171.36013793945312
Epoch 16: loss = 171.35964965820312
Epoch 17: loss = 171.35952758789062
Epoch 18: loss = 171.3594970703125
Epoch 19: loss = 171.35940551757812
Epoch 20: loss = 171.359375
Epoch 21: loss = 171.359375
Epoch 22: loss = 171.35931396484375
Epoch 23: loss = 171.35931396484375
Epoch 24: loss = 171.35926818847656
Epoch 25: loss = 171.3592529296875
Epoch 26: loss = 171.35922241210938
Epoch 27: loss = 171.35919189453125
Epoch 28: loss = 171.35911560058594
Epoch 29: loss = 171.35910034179688
Epoch 30: loss = 171.35910034179688
Epoch 31: loss = 171.35906982421875
Epoch 32: loss = 171.35906982421875
Epoch 33: loss = 171.35906982421875
Early stopping at epoch 33 with loss 171.35911560058594
Reconstruction for fluence = 183298.07108324335 photons/pixel
Epoch 0: loss = 1718889.0
Epoch 1: loss = 452.49066162109375
Epoch 2: loss = 408.9744873046875
Epoch 3: loss = 403.8575744628906
Epoch 4: loss = 401.5909423828125
Epoch 5: loss = 400.7992248535156
Epoch 6: loss = 400.52130126953125
Epoch 7: loss = 400.39459228515625
Epoch 8: loss = 400.3255310058594
Epoch 9: loss = 400.28778076171875
Epoch 10: loss = 400.2657775878906
Epoch 11: loss = 400.25396728515625
Epoch 12: loss = 400.24737548828125
Epoch 13: loss = 400.24267578125
Epoch 14: loss = 400.2400817871094
Epoch 15: loss = 400.23773193359375
Epoch 16: loss = 400.237548828125
Epoch 17: loss = 400.2374267578125
Epoch 18: loss = 400.23651123046875
Epoch 19: loss = 400.2364501953125
Epoch 20: loss = 400.236328125
Epoch 21: loss = 400.2362060546875
Epoch 22: loss = 400.2361145019531
Epoch 23: loss = 400.2359619140625
Epoch 24: loss = 400.2358093261719
Epoch 25: loss = 400.2358093261719
Epoch 26: loss = 400.23577880859375
Epoch 27: loss = 400.23565673828125
Epoch 28: loss = 400.23565673828125
Epoch 29: loss = 400.23565673828125
Epoch 30: loss = 400.235595703125
Epoch 31: loss = 400.23553466796875
Epoch 32: loss = 400.23553466796875
Epoch 33: loss = 400.23553466796875
Epoch 34: loss = 400.2354736328125
Epoch 35: loss = 400.2354736328125
Epoch 36: loss = 400.23541259765625
Epoch 37: loss = 400.23541259765625
Epoch 38: loss = 400.2353820800781
Epoch 39: loss = 400.2353515625
Epoch 40: loss = 400.2353515625
Epoch 41: loss = 400.2353210449219
Early stopping at epoch 41 with loss 400.23541259765625
Reconstruction for fluence = 428133.2398719387 photons/pixel
Epoch 0: loss = 9377402.0
Epoch 1: loss = 1223.3857421875
Epoch 2: loss = 986.9339599609375
Epoch 3: loss = 958.90576171875
Epoch 4: loss = 946.7935791015625
Epoch 5: loss = 942.15869140625
Epoch 6: loss = 940.3990478515625
Epoch 7: loss = 939.621337890625
Epoch 8: loss = 939.212890625
Epoch 9: loss = 938.977783203125
Epoch 10: loss = 938.8500366210938
Epoch 11: loss = 938.7666015625
Epoch 12: loss = 938.7273559570312
Epoch 13: loss = 938.6990356445312
Epoch 14: loss = 938.6810913085938
Epoch 15: loss = 938.669921875
Epoch 16: loss = 938.6627197265625
Epoch 17: loss = 938.661865234375
Epoch 18: loss = 938.6585693359375
Epoch 19: loss = 938.6572875976562
Epoch 20: loss = 938.656005859375
Epoch 21: loss = 938.655517578125
Epoch 22: loss = 938.6551513671875
Epoch 23: loss = 938.6549072265625
Epoch 24: loss = 938.6549072265625
Epoch 25: loss = 938.6546630859375
Epoch 26: loss = 938.654296875
Epoch 27: loss = 938.65380859375
Epoch 28: loss = 938.6536865234375
Epoch 29: loss = 938.6536865234375
Epoch 30: loss = 938.653564453125
Epoch 31: loss = 938.6534423828125
Epoch 32: loss = 938.6533813476562
Epoch 33: loss = 938.6533203125
Epoch 34: loss = 938.6531982421875
Epoch 35: loss = 938.653076171875
Epoch 36: loss = 938.6529541015625
Epoch 37: loss = 938.65283203125
Epoch 38: loss = 938.65283203125
Epoch 39: loss = 938.6527099609375
Epoch 40: loss = 938.6527099609375
Epoch 41: loss = 938.6527099609375
Epoch 42: loss = 938.6527099609375
Epoch 43: loss = 938.652587890625
Epoch 44: loss = 938.652587890625
Early stopping at epoch 44 with loss 938.6527099609375
Reconstruction for fluence = 1000000.0 photons/pixel
Epoch 0: loss = 51156136.0
Epoch 1: loss = 3739.42822265625
Epoch 2: loss = 2460.8837890625
Epoch 3: loss = 2306.86865234375
Epoch 4: loss = 2244.9365234375
Epoch 5: loss = 2212.95703125
Epoch 6: loss = 2202.8583984375
Epoch 7: loss = 2199.001953125
Epoch 8: loss = 2196.586181640625
Epoch 9: loss = 2195.31787109375
Epoch 10: loss = 2194.61962890625
Epoch 11: loss = 2194.21923828125
Epoch 12: loss = 2194.002197265625
Epoch 13: loss = 2193.851806640625
Epoch 14: loss = 2193.7587890625
Epoch 15: loss = 2193.69921875
Epoch 16: loss = 2193.65869140625
Epoch 17: loss = 2193.63916015625
Epoch 18: loss = 2193.62451171875
Epoch 19: loss = 2193.623046875
Epoch 20: loss = 2193.619140625
Epoch 21: loss = 2193.61474609375
Epoch 22: loss = 2193.61181640625
Epoch 23: loss = 2193.609375
Epoch 24: loss = 2193.6083984375
Epoch 25: loss = 2193.60791015625
Epoch 26: loss = 2193.607421875
Epoch 27: loss = 2193.607177734375
Epoch 28: loss = 2193.606201171875
Epoch 29: loss = 2193.60546875
Epoch 30: loss = 2193.6044921875
Epoch 31: loss = 2193.6044921875
Epoch 32: loss = 2193.60302734375
Epoch 33: loss = 2193.6025390625
Epoch 34: loss = 2193.6025390625
Epoch 35: loss = 2193.60205078125
Epoch 36: loss = 2193.60205078125
Epoch 37: loss = 2193.6015625
Epoch 38: loss = 2193.601318359375
Epoch 39: loss = 2193.600830078125
Epoch 40: loss = 2193.6005859375
Epoch 41: loss = 2193.6005859375
Epoch 42: loss = 2193.6005859375
Epoch 43: loss = 2193.600341796875
Epoch 44: loss = 2193.60009765625
Epoch 45: loss = 2193.60009765625
Epoch 46: loss = 2193.599609375
Epoch 47: loss = 2193.599609375
Epoch 48: loss = 2193.599365234375
Epoch 49: loss = 2193.59912109375
Epoch 50: loss = 2193.59912109375
Epoch 51: loss = 2193.59912109375
Epoch 52: loss = 2193.598876953125
Epoch 53: loss = 2193.5986328125
Epoch 54: loss = 2193.5986328125
Epoch 55: loss = 2193.598388671875
Epoch 56: loss = 2193.59814453125
Epoch 57: loss = 2193.59814453125
Epoch 58: loss = 2193.59814453125
Epoch 59: loss = 2193.59814453125
Epoch 60: loss = 2193.59814453125
Epoch 61: loss = 2193.597900390625
Epoch 62: loss = 2193.59765625
Epoch 63: loss = 2193.59765625
Epoch 64: loss = 2193.597412109375
Epoch 65: loss = 2193.597412109375
Epoch 66: loss = 2193.597412109375
Epoch 67: loss = 2193.597412109375
Epoch 68: loss = 2193.59716796875
Epoch 69: loss = 2193.596923828125
Epoch 70: loss = 2193.596923828125
Epoch 71: loss = 2193.5966796875
Epoch 72: loss = 2193.5966796875
Epoch 73: loss = 2193.5966796875
Epoch 74: loss = 2193.5966796875
Epoch 75: loss = 2193.5966796875
Epoch 76: loss = 2193.5966796875
Early stopping at epoch 76 with loss 2193.5966796875
Tensors initialization on device cuda
Multiprobe = grad

('MSE', 'PoissonNLL') RECONSTRUCTIONS

Reconstruction for fluence = 0.09999999999999999 photons/pixel
Epoch 0: loss = 0.00022132130106911063
Epoch 1: loss = 0.00022132130106911063
Epoch 2: loss = 0.00022132130106911063
Epoch 3: loss = 0.00022132130106911063
Epoch 4: loss = 0.00022132130106911063
Epoch 5: loss = 0.00022132130106911063
Early stopping at epoch 5 with loss 0.00022132130106911063
Epoch 0: loss = 0.0017700496828183532
Epoch 1: loss = 0.0017700496828183532
Epoch 2: loss = 0.0017700496828183532
Epoch 3: loss = 0.0017700496828183532
Epoch 4: loss = 0.0017700496828183532
Epoch 5: loss = 0.0017700496828183532
Early stopping at epoch 5 with loss 0.0017700496828183532
Reconstruction for fluence = 0.23357214690901223 photons/pixel
Epoch 0: loss = 0.0005162712768651545
Epoch 1: loss = 0.0005162712768651545
Epoch 2: loss = 0.0005162712768651545
Epoch 3: loss = 0.0005162712768651545
Epoch 4: loss = 0.0005162712768651545
Epoch 5: loss = 0.0005162712768651545
Early stopping at epoch 5 with loss 0.0005162712768651545
Epoch 0: loss = 0.0037131391000002623
Epoch 1: loss = 0.003713072743266821
Epoch 2: loss = 0.0037130059208720922
Epoch 3: loss = 0.0037129386328160763
Epoch 4: loss = 0.0037128706462681293
Epoch 5: loss = 0.003712801728397608
Early stopping at epoch 5 with loss 0.0037131391000002623
Reconstruction for fluence = 0.5455594781168519 photons/pixel
Epoch 0: loss = 0.001211250084452331
Epoch 1: loss = 0.001211250084452331
Epoch 2: loss = 0.001211250084452331
Epoch 3: loss = 0.001211250084452331
Epoch 4: loss = 0.001211250084452331
Epoch 5: loss = 0.001211250084452331
Early stopping at epoch 5 with loss 0.001211250084452331
Epoch 0: loss = 0.007645275443792343
Epoch 1: loss = 0.007645071484148502
Epoch 2: loss = 0.007644860539585352
Epoch 3: loss = 0.007644635625183582
Epoch 4: loss = 0.007644381839782
Epoch 5: loss = 0.0076440745033323765
Early stopping at epoch 5 with loss 0.007645275443792343
Reconstruction for fluence = 1.2742749857031335 photons/pixel
Epoch 0: loss = 0.0028786000330001116
Epoch 1: loss = 0.0028786000330001116
Epoch 2: loss = 0.0028786000330001116
Epoch 3: loss = 0.0028786000330001116
Epoch 4: loss = 0.0028786000330001116
Epoch 5: loss = 0.0028786000330001116
Early stopping at epoch 5 with loss 0.0028786000330001116
Epoch 0: loss = 0.01551336795091629
Epoch 1: loss = 0.015512745827436447
Epoch 2: loss = 0.015511640347540379
Epoch 3: loss = 0.015509119257330894
Epoch 4: loss = 0.015504729002714157
Epoch 5: loss = 0.013597594574093819
Epoch 6: loss = 0.013591972179710865
Epoch 7: loss = 0.013591972179710865
Epoch 8: loss = 0.013591972179710865
Epoch 9: loss = 0.013591972179710865
Epoch 10: loss = 0.013591972179710865
Early stopping at epoch 10 with loss 0.013597594574093819
Reconstruction for fluence = 2.976351441631318 photons/pixel
Epoch 0: loss = 0.006998658645898104
Epoch 1: loss = 0.006998611148446798
Epoch 2: loss = 0.006998563650995493
Epoch 3: loss = 0.0069985156878829
Epoch 4: loss = 0.006998468190431595
Epoch 5: loss = 0.0069984206929802895
Early stopping at epoch 5 with loss 0.006998658645898104
Epoch 0: loss = 0.030711721628904343
Epoch 1: loss = 0.03070567362010479
Epoch 2: loss = 0.02640398219227791
Epoch 3: loss = 0.026342308148741722
Epoch 4: loss = 0.026342308148741722
Epoch 5: loss = 0.026342308148741722
Epoch 6: loss = 0.026342308148741722
Epoch 7: loss = 0.026342308148741722
Early stopping at epoch 7 with loss 0.02640398219227791
Reconstruction for fluence = 6.9519279617756045 photons/pixel
Epoch 0: loss = 0.017790624871850014
Epoch 1: loss = 0.017789209261536598
Epoch 2: loss = 0.017787795513868332
Epoch 3: loss = 0.017786379903554916
Epoch 4: loss = 0.0177849680185318
Epoch 5: loss = 0.017783556133508682
Early stopping at epoch 5 with loss 0.017790624871850014
Epoch 0: loss = 0.05890520662069321
Epoch 1: loss = 0.048891209065914154
Epoch 2: loss = 0.04875106364488602
Epoch 3: loss = 0.04875106364488602
Epoch 4: loss = 0.04875106364488602
Epoch 5: loss = 0.04875106364488602
Epoch 6: loss = 0.04875106364488602
Epoch 7: loss = 0.04875106364488602
Early stopping at epoch 7 with loss 0.04875106364488602
Reconstruction for fluence = 16.23776739188721 photons/pixel
Epoch 0: loss = 0.049181871116161346
Epoch 1: loss = 0.03563190624117851
Epoch 2: loss = 0.03563119098544121
Epoch 3: loss = 0.03563119098544121
Epoch 4: loss = 0.03563119098544121
Epoch 5: loss = 0.03563119098544121
Epoch 6: loss = 0.03563119098544121
Early stopping at epoch 6 with loss 0.03563190624117851
Epoch 0: loss = 0.08435922861099243
Epoch 1: loss = 0.08367122709751129
Epoch 2: loss = 0.08367082476615906
Epoch 3: loss = 0.08367082476615906
Epoch 4: loss = 0.08367082476615906
Epoch 5: loss = 0.08367082476615906
Epoch 6: loss = 0.08367082476615906
Early stopping at epoch 6 with loss 0.08367122709751129
Reconstruction for fluence = 37.926901907322495 photons/pixel
Epoch 0: loss = 0.15685178339481354
Epoch 1: loss = 0.08314801752567291
Epoch 2: loss = 0.08313793689012527
Epoch 3: loss = 0.08313793689012527
Epoch 4: loss = 0.08313793689012527
Epoch 5: loss = 0.08313793689012527
Epoch 6: loss = 0.08313793689012527
Early stopping at epoch 6 with loss 0.08314801752567291
Epoch 0: loss = 0.12614575028419495
Epoch 1: loss = 0.12501750886440277
Epoch 2: loss = 0.12501578032970428
Epoch 3: loss = 0.12501578032970428
Epoch 4: loss = 0.12501578032970428
Epoch 5: loss = 0.12501578032970428
Epoch 6: loss = 0.12501578032970428
Early stopping at epoch 6 with loss 0.12501750886440277
Reconstruction for fluence = 88.58667904100822 photons/pixel
Epoch 0: loss = 0.5957695245742798
Epoch 1: loss = 0.19440534710884094
Epoch 2: loss = 0.1943647712469101
Epoch 3: loss = 0.19436225295066833
Epoch 4: loss = 0.19436202943325043
Epoch 5: loss = 0.19436202943325043
Epoch 6: loss = 0.19436202943325043
Early stopping at epoch 6 with loss 0.19440534710884094
Epoch 0: loss = 0.12863674759864807
Epoch 1: loss = 0.12862882018089294
Epoch 2: loss = 0.1286209672689438
Epoch 3: loss = 0.1286131739616394
Epoch 4: loss = 0.128605455160141
Epoch 5: loss = 0.12859779596328735
Early stopping at epoch 5 with loss 0.12863674759864807
Reconstruction for fluence = 206.9138081114788 photons/pixel
Epoch 0: loss = 2.644761562347412
Epoch 1: loss = 0.45318615436553955
Epoch 2: loss = 0.45304107666015625
Epoch 3: loss = 0.45302629470825195
Epoch 4: loss = 0.45302367210388184
Epoch 5: loss = 0.4530234932899475
Epoch 6: loss = 0.4530233144760132
Epoch 7: loss = 0.4530232548713684
Early stopping at epoch 7 with loss 0.45304107666015625
Epoch 0: loss = -0.08664432168006897
Epoch 1: loss = -0.08863016963005066
Epoch 2: loss = -0.08863114565610886
Epoch 3: loss = -0.08863114565610886
Epoch 4: loss = -0.08863114565610886
Epoch 5: loss = -0.08863114565610886
Epoch 6: loss = -0.08863114565610886
Early stopping at epoch 6 with loss -0.08863016963005066
Reconstruction for fluence = 483.2930238571752 photons/pixel
Epoch 0: loss = 13.011751174926758
Epoch 1: loss = 1.061508059501648
Epoch 2: loss = 1.0609581470489502
Epoch 3: loss = 1.0608818531036377
Epoch 4: loss = 1.0608651638031006
Epoch 5: loss = 1.0608611106872559
Epoch 6: loss = 1.0608608722686768
Epoch 7: loss = 1.0608603954315186
Early stopping at epoch 7 with loss 1.0609581470489502
Epoch 0: loss = -1.1033070087432861
Epoch 1: loss = -1.1059577465057373
Epoch 2: loss = -1.1059579849243164
Epoch 3: loss = -1.1059579849243164
Epoch 4: loss = -1.1059579849243164
Epoch 5: loss = -1.1059582233428955
Epoch 6: loss = -1.1059582233428955
Early stopping at epoch 6 with loss -1.1059577465057373
Reconstruction for fluence = 1128.8378916846884 photons/pixel
Epoch 0: loss = 67.66603088378906
Epoch 1: loss = 2.481785774230957
Epoch 2: loss = 2.479522705078125
Epoch 3: loss = 2.4792320728302
Epoch 4: loss = 2.4792320728302
Epoch 5: loss = 2.4791479110717773
Epoch 6: loss = 2.4791228771209717
Epoch 7: loss = 2.4791150093078613
Epoch 8: loss = 2.4791135787963867
Epoch 9: loss = 2.4791131019592285
Epoch 10: loss = 2.479112148284912
Epoch 11: loss = 2.479111671447754
Early stopping at epoch 11 with loss 2.4791228771209717
Epoch 0: loss = -4.687893867492676
Epoch 1: loss = -4.691206455230713
Epoch 2: loss = -4.691206455230713
Epoch 3: loss = -4.691206455230713
Epoch 4: loss = -4.691206455230713
Epoch 5: loss = -4.691206932067871
Epoch 6: loss = -4.691206932067871
Early stopping at epoch 6 with loss -4.691206455230713
Reconstruction for fluence = 2636.6508987303555 photons/pixel
Epoch 0: loss = 361.35784912109375
Epoch 1: loss = 5.782814025878906
Epoch 2: loss = 5.772686004638672
Epoch 3: loss = 5.7711663246154785
Epoch 4: loss = 5.770707130432129
Epoch 5: loss = 5.770541191101074
Epoch 6: loss = 5.770484447479248
Epoch 7: loss = 5.770465850830078
Epoch 8: loss = 5.770453453063965
Epoch 9: loss = 5.770451545715332
Epoch 10: loss = 5.770449638366699
Early stopping at epoch 10 with loss 5.770541191101074
Epoch 0: loss = -15.864579200744629
Epoch 1: loss = -15.868618965148926
Epoch 2: loss = -15.868618965148926
Epoch 3: loss = -15.868619918823242
Epoch 4: loss = -15.868618965148926
Epoch 5: loss = -15.868618965148926
Epoch 6: loss = -15.868618965148926
Early stopping at epoch 6 with loss -15.868618965148926
Reconstruction for fluence = 6158.482110660255 photons/pixel
Epoch 0: loss = 1953.800048828125
Epoch 1: loss = 13.573486328125
Epoch 2: loss = 13.518098831176758
Epoch 3: loss = 13.511073112487793
Epoch 4: loss = 13.508312225341797
Epoch 5: loss = 13.507234573364258
Epoch 6: loss = 13.506876945495605
Epoch 7: loss = 13.506721496582031
Epoch 8: loss = 13.506645202636719
Epoch 9: loss = 13.506603240966797
Epoch 10: loss = 13.506593704223633
Epoch 11: loss = 13.506589889526367
Epoch 12: loss = 13.506586074829102
Epoch 13: loss = 13.506584167480469
Epoch 14: loss = 13.50657844543457
Early stopping at epoch 14 with loss 13.506603240966797
Epoch 0: loss = -48.53673553466797
Epoch 1: loss = -48.541465759277344
Epoch 2: loss = -48.541465759277344
Epoch 3: loss = -48.541465759277344
Epoch 4: loss = -48.541465759277344
Epoch 5: loss = -48.541465759277344
Epoch 6: loss = -48.541465759277344
Early stopping at epoch 6 with loss -48.541465759277344
Reconstruction for fluence = 14384.498882876629 photons/pixel
Epoch 0: loss = 10616.5302734375
Epoch 1: loss = 31.84822654724121
Epoch 2: loss = 31.576396942138672
Epoch 3: loss = 31.543149948120117
Epoch 4: loss = 31.52876853942871
Epoch 5: loss = 31.523847579956055
Epoch 6: loss = 31.521831512451172
Epoch 7: loss = 31.52100944519043
Epoch 8: loss = 31.52057456970215
Epoch 9: loss = 31.520328521728516
Epoch 10: loss = 31.52020263671875
Epoch 11: loss = 31.520145416259766
Epoch 12: loss = 31.520137786865234
Epoch 13: loss = 31.520126342773438
Epoch 14: loss = 31.520122528076172
Epoch 0: loss = -140.19891357421875
Epoch 1: loss = -140.2039031982422
Epoch 2: loss = -140.2039031982422
Epoch 3: loss = -140.2039031982422
Epoch 4: loss = -140.2039031982422
Epoch 5: loss = -140.2039031982422
Epoch 6: loss = -140.2039031982422
Early stopping at epoch 6 with loss -140.2039031982422
Reconstruction for fluence = 33598.18286283781 photons/pixel
Epoch 0: loss = 57818.3515625
Epoch 1: loss = 75.56568908691406
Epoch 2: loss = 74.03250885009766
Epoch 3: loss = 73.876953125
Epoch 4: loss = 73.77487182617188
Epoch 5: loss = 73.74717712402344
Epoch 6: loss = 73.7355728149414
Epoch 7: loss = 73.73104095458984
Epoch 8: loss = 73.72830963134766
Epoch 9: loss = 73.72683715820312
Epoch 10: loss = 73.72601318359375
Epoch 11: loss = 73.72557067871094
Epoch 12: loss = 73.72554016113281
Epoch 13: loss = 73.72545623779297
Epoch 14: loss = 73.72543334960938
Epoch 0: loss = -390.11053466796875
Epoch 1: loss = -390.11676025390625
Epoch 2: loss = -390.1167907714844
Epoch 3: loss = -390.1167907714844
Epoch 4: loss = -390.1167907714844
Epoch 5: loss = -390.1167907714844
Epoch 6: loss = -390.1167907714844
Early stopping at epoch 6 with loss -390.11676025390625
Reconstruction for fluence = 78475.99703514607 photons/pixel
Epoch 0: loss = 315180.34375
Epoch 1: loss = 181.09690856933594
Epoch 2: loss = 173.09930419921875
Epoch 3: loss = 172.11978149414062
Epoch 4: loss = 171.70474243164062
Epoch 5: loss = 171.55618286132812
Epoch 6: loss = 171.49703979492188
Epoch 7: loss = 171.4711456298828
Epoch 8: loss = 171.45632934570312
Epoch 9: loss = 171.4485626220703
Epoch 10: loss = 171.4440155029297
Epoch 11: loss = 171.44155883789062
Epoch 12: loss = 171.44021606445312
Epoch 13: loss = 171.43960571289062
Epoch 14: loss = 171.43899536132812
Epoch 0: loss = -1057.509521484375
Epoch 1: loss = -1057.515869140625
Epoch 2: loss = -1057.515869140625
Epoch 3: loss = -1057.515869140625
Epoch 4: loss = -1057.515869140625
Epoch 5: loss = -1057.515869140625
Epoch 6: loss = -1057.515869140625
Early stopping at epoch 6 with loss -1057.515869140625
Reconstruction for fluence = 183298.07108324335 photons/pixel
Epoch 0: loss = 1718949.0
Epoch 1: loss = 451.82647705078125
Epoch 2: loss = 409.17547607421875
Epoch 3: loss = 403.792236328125
Epoch 4: loss = 401.604248046875
Epoch 5: loss = 400.7310485839844
Epoch 6: loss = 400.40802001953125
Epoch 7: loss = 400.269775390625
Epoch 8: loss = 400.1939392089844
Epoch 9: loss = 400.15374755859375
Epoch 10: loss = 400.13067626953125
Epoch 11: loss = 400.1175537109375
Epoch 12: loss = 400.11077880859375
Epoch 13: loss = 400.10601806640625
Epoch 14: loss = 400.1032409667969
Epoch 0: loss = -2811.6865234375
Epoch 1: loss = -2811.693359375
Epoch 2: loss = -2811.693603515625
Epoch 3: loss = -2811.693603515625
Epoch 4: loss = -2811.693603515625
Epoch 5: loss = -2811.693603515625
Epoch 6: loss = -2811.693603515625
Epoch 7: loss = -2811.693603515625
Early stopping at epoch 7 with loss -2811.693603515625
Reconstruction for fluence = 428133.2398719387 photons/pixel
Epoch 0: loss = 9377344.0
Epoch 1: loss = 1221.640380859375
Epoch 2: loss = 987.4951171875
Epoch 3: loss = 959.020263671875
Epoch 4: loss = 945.6219482421875
Epoch 5: loss = 941.4694213867188
Epoch 6: loss = 939.777587890625
Epoch 7: loss = 938.9883422851562
Epoch 8: loss = 938.5676879882812
Epoch 9: loss = 938.3390502929688
Epoch 10: loss = 938.2169189453125
Epoch 11: loss = 938.142333984375
Epoch 12: loss = 938.1019287109375
Epoch 13: loss = 938.0758056640625
Epoch 14: loss = 938.0604248046875
Epoch 0: loss = -7365.0712890625
Epoch 1: loss = -7365.080078125
Epoch 2: loss = -7365.07958984375
Epoch 3: loss = -7365.07958984375
Epoch 4: loss = -7365.07958984375
Epoch 5: loss = -7365.07958984375
Epoch 6: loss = -7365.07958984375
Early stopping at epoch 6 with loss -7365.080078125
Reconstruction for fluence = 1000000.0 photons/pixel
Epoch 0: loss = 51155824.0
Epoch 1: loss = 3733.969970703125
Epoch 2: loss = 2457.045166015625
Epoch 3: loss = 2299.23876953125
Epoch 4: loss = 2233.56005859375
Epoch 5: loss = 2209.524169921875
Epoch 6: loss = 2200.60498046875
Epoch 7: loss = 2196.762939453125
Epoch 8: loss = 2194.5126953125
Epoch 9: loss = 2193.2265625
Epoch 10: loss = 2192.5185546875
Epoch 11: loss = 2192.11328125
Epoch 12: loss = 2191.89697265625
Epoch 13: loss = 2191.75732421875
Epoch 14: loss = 2191.67236328125
Epoch 0: loss = -19066.8046875
Epoch 1: loss = -19066.8046875
Epoch 2: loss = -19066.81640625
Epoch 3: loss = -19066.81640625
Epoch 4: loss = -19066.81640625
Epoch 5: loss = -19066.81640625
Epoch 6: loss = -19066.81640625
Epoch 7: loss = -19066.81640625
Early stopping at epoch 7 with loss -19066.81640625
Simulation for principal_mode_weight=6 and n_fluences=20 completed!
