Running simulation for steps_size=2 and n_fluences=20
Steps size: 2
Tensors initialization on device cuda
Multiprobe = None

('MSE', None) RECONSTRUCTIONS

Reconstruction for fluence = 0.09999999999999999 photons/pixel
Epoch 0: loss = 0.0008775996975600719
Epoch 1: loss = 0.0008775996975600719
Epoch 2: loss = 0.0008775996975600719
Epoch 3: loss = 0.0008775996975600719
Epoch 4: loss = 0.0008775996975600719
Epoch 5: loss = 0.0008775996975600719
Early stopping at epoch 5 with loss 0.0008775996975600719
Reconstruction for fluence = 0.23357214690901223 photons/pixel
Epoch 0: loss = 0.0020812228322029114
Epoch 1: loss = 0.0020812228322029114
Epoch 2: loss = 0.0020812228322029114
Epoch 3: loss = 0.0020812228322029114
Epoch 4: loss = 0.0020812228322029114
Epoch 5: loss = 0.0020812228322029114
Early stopping at epoch 5 with loss 0.0020812228322029114
Reconstruction for fluence = 0.5455594781168519 photons/pixel
Epoch 0: loss = 0.005102985538542271
Epoch 1: loss = 0.005102985538542271
Epoch 2: loss = 0.005102985538542271
Epoch 3: loss = 0.005102985538542271
Epoch 4: loss = 0.005102985538542271
Epoch 5: loss = 0.005102985538542271
Early stopping at epoch 5 with loss 0.005102985538542271
Reconstruction for fluence = 1.2742749857031335 photons/pixel
Epoch 0: loss = 0.012473152950406075
Epoch 1: loss = 0.012472757138311863
Epoch 2: loss = 0.012472361326217651
Epoch 3: loss = 0.012471966445446014
Epoch 4: loss = 0.012471571564674377
Epoch 5: loss = 0.01247117668390274
Early stopping at epoch 5 with loss 0.012473152950406075
Reconstruction for fluence = 2.976351441631318 photons/pixel
Epoch 0: loss = 0.03328249230980873
Epoch 1: loss = 0.03327071666717529
Epoch 2: loss = 0.03325895965099335
Epoch 3: loss = 0.03324723616242409
Epoch 4: loss = 0.03323553502559662
Epoch 5: loss = 0.03322385996580124
Early stopping at epoch 5 with loss 0.03328249230980873
Reconstruction for fluence = 6.9519279617756045 photons/pixel
Epoch 0: loss = 0.10014928877353668
Epoch 1: loss = 0.06085694953799248
Epoch 2: loss = 0.0608535036444664
Epoch 3: loss = 0.0608535036444664
Epoch 4: loss = 0.0608535036444664
Epoch 5: loss = 0.0608535036444664
Epoch 6: loss = 0.0608535036444664
Early stopping at epoch 6 with loss 0.06085694953799248
Reconstruction for fluence = 16.23776739188721 photons/pixel
Epoch 0: loss = 0.3557431101799011
Epoch 1: loss = 0.14214161038398743
Epoch 2: loss = 0.14212512969970703
Epoch 3: loss = 0.1421244740486145
Epoch 4: loss = 0.14212441444396973
Epoch 5: loss = 0.14212441444396973
Epoch 6: loss = 0.14212441444396973
Early stopping at epoch 6 with loss 0.14214161038398743
Reconstruction for fluence = 37.926901907322495 photons/pixel
Epoch 0: loss = 1.4950569868087769
Epoch 1: loss = 0.3309568166732788
Epoch 2: loss = 0.33086588978767395
Epoch 3: loss = 0.3308614492416382
Epoch 4: loss = 0.3308614492416382
Epoch 5: loss = 0.33086127042770386
Epoch 6: loss = 0.3308612108230591
Early stopping at epoch 6 with loss 0.3309568166732788
Reconstruction for fluence = 88.58667904100822 photons/pixel
Epoch 0: loss = 7.112502098083496
Epoch 1: loss = 0.7725444436073303
Epoch 2: loss = 0.7722664475440979
Epoch 3: loss = 0.7722396850585938
Epoch 4: loss = 0.7722355127334595
Epoch 5: loss = 0.7722350358963013
Epoch 6: loss = 0.7722349166870117
Epoch 7: loss = 0.7722349166870117
Early stopping at epoch 7 with loss 0.7722664475440979
Reconstruction for fluence = 206.9138081114788 photons/pixel
Epoch 0: loss = 36.37924575805664
Epoch 1: loss = 1.8091042041778564
Epoch 2: loss = 1.8079437017440796
Epoch 3: loss = 1.8078261613845825
Epoch 4: loss = 1.8078055381774902
Epoch 5: loss = 1.80780029296875
Epoch 6: loss = 1.807800054550171
Epoch 7: loss = 1.8077998161315918
Epoch 8: loss = 1.8077998161315918
Early stopping at epoch 8 with loss 1.8078261613845825
Reconstruction for fluence = 483.2930238571752 photons/pixel
Epoch 0: loss = 192.80123901367188
Epoch 1: loss = 4.2273406982421875
Epoch 2: loss = 4.222599983215332
Epoch 3: loss = 4.221920967102051
Epoch 4: loss = 4.22177791595459
Epoch 5: loss = 4.221741199493408
Epoch 6: loss = 4.221739768981934
Epoch 7: loss = 4.221737861633301
Epoch 8: loss = 4.221733093261719
Epoch 9: loss = 4.221732139587402
Early stopping at epoch 9 with loss 4.22177791595459
Reconstruction for fluence = 1128.8378916846884 photons/pixel
Epoch 0: loss = 1038.748779296875
Epoch 1: loss = 9.866500854492188
Epoch 2: loss = 9.842744827270508
Epoch 3: loss = 9.839466094970703
Epoch 4: loss = 9.838644027709961
Epoch 5: loss = 9.83843994140625
Epoch 6: loss = 9.838376998901367
Epoch 7: loss = 9.838375091552734
Epoch 8: loss = 9.838361740112305
Epoch 9: loss = 9.838359832763672
Epoch 10: loss = 9.838356018066406
Early stopping at epoch 10 with loss 9.83843994140625
Reconstruction for fluence = 2636.6508987303555 photons/pixel
Epoch 0: loss = 5635.0927734375
Epoch 1: loss = 23.12415885925293
Epoch 2: loss = 23.000938415527344
Epoch 3: loss = 22.985313415527344
Epoch 4: loss = 22.980918884277344
Epoch 5: loss = 22.979827880859375
Epoch 6: loss = 22.97946548461914
Epoch 7: loss = 22.979354858398438
Epoch 8: loss = 22.979272842407227
Epoch 9: loss = 22.979259490966797
Epoch 10: loss = 22.97925567626953
Epoch 11: loss = 22.979248046875
Epoch 12: loss = 22.97924041748047
Epoch 13: loss = 22.979236602783203
Epoch 14: loss = 22.979232788085938
Epoch 15: loss = 22.979232788085938
Epoch 16: loss = 22.979228973388672
Early stopping at epoch 16 with loss 22.979248046875
Reconstruction for fluence = 6158.482110660255 photons/pixel
Epoch 0: loss = 30668.162109375
Epoch 1: loss = 54.56684875488281
Epoch 2: loss = 53.903045654296875
Epoch 3: loss = 53.81619644165039
Epoch 4: loss = 53.7952880859375
Epoch 5: loss = 53.78955841064453
Epoch 6: loss = 53.7876091003418
Epoch 7: loss = 53.786895751953125
Epoch 8: loss = 53.78655242919922
Epoch 9: loss = 53.786476135253906
Epoch 10: loss = 53.78639221191406
Epoch 11: loss = 53.78636169433594
Epoch 12: loss = 53.786346435546875
Epoch 13: loss = 53.786338806152344
Epoch 14: loss = 53.78631591796875
Epoch 15: loss = 53.78630065917969
Early stopping at epoch 15 with loss 53.78639221191406
Reconstruction for fluence = 14384.498882876629 photons/pixel
Epoch 0: loss = 167156.046875
Epoch 1: loss = 129.2535400390625
Epoch 2: loss = 125.72830963134766
Epoch 3: loss = 125.25464630126953
Epoch 4: loss = 125.12986755371094
Epoch 5: loss = 125.09841918945312
Epoch 6: loss = 125.08802032470703
Epoch 7: loss = 125.08370971679688
Epoch 8: loss = 125.08168029785156
Epoch 9: loss = 125.08068084716797
Epoch 10: loss = 125.08023071289062
Epoch 11: loss = 125.08003234863281
Epoch 12: loss = 125.07999420166016
Epoch 13: loss = 125.07997131347656
Epoch 14: loss = 125.07997131347656
Epoch 15: loss = 125.07994842529297
Epoch 16: loss = 125.07994079589844
Early stopping at epoch 16 with loss 125.08003234863281
Reconstruction for fluence = 33598.18286283781 photons/pixel
Epoch 0: loss = 911482.9375
Epoch 1: loss = 314.66265869140625
Epoch 2: loss = 295.41802978515625
Epoch 3: loss = 292.9298095703125
Epoch 4: loss = 292.31829833984375
Epoch 5: loss = 292.1611328125
Epoch 6: loss = 292.107421875
Epoch 7: loss = 292.0851135253906
Epoch 8: loss = 292.0752258300781
Epoch 9: loss = 292.07012939453125
Epoch 10: loss = 292.0677490234375
Epoch 11: loss = 292.06707763671875
Epoch 12: loss = 292.06671142578125
Epoch 13: loss = 292.0665283203125
Epoch 14: loss = 292.0665283203125
Epoch 15: loss = 292.06640625
Epoch 16: loss = 292.06634521484375
Epoch 17: loss = 292.0662841796875
Epoch 18: loss = 292.0662841796875
Epoch 19: loss = 292.066162109375
Epoch 20: loss = 292.06610107421875
Epoch 21: loss = 292.06610107421875
Epoch 22: loss = 292.0660400390625
Epoch 23: loss = 292.0660095214844
Epoch 24: loss = 292.0659484863281
Epoch 25: loss = 292.06591796875
Epoch 26: loss = 292.06591796875
Epoch 27: loss = 292.06585693359375
Epoch 28: loss = 292.06585693359375
Epoch 29: loss = 292.0657958984375
Epoch 30: loss = 292.0657958984375
Epoch 31: loss = 292.06573486328125
Epoch 32: loss = 292.06573486328125
Epoch 33: loss = 292.06573486328125
Epoch 34: loss = 292.06573486328125
Early stopping at epoch 34 with loss 292.0657958984375
Reconstruction for fluence = 78475.99703514607 photons/pixel
Epoch 0: loss = 4972251.0
Epoch 1: loss = 806.0223388671875
Epoch 2: loss = 701.038818359375
Epoch 3: loss = 687.5881958007812
Epoch 4: loss = 684.2501220703125
Epoch 5: loss = 683.3565063476562
Epoch 6: loss = 683.0428466796875
Epoch 7: loss = 682.9172973632812
Epoch 8: loss = 682.85546875
Epoch 9: loss = 682.825927734375
Epoch 10: loss = 682.812744140625
Epoch 11: loss = 682.80615234375
Epoch 12: loss = 682.803466796875
Epoch 13: loss = 682.802490234375
Epoch 14: loss = 682.802490234375
Epoch 15: loss = 682.8013916015625
Epoch 16: loss = 682.8013916015625
Epoch 17: loss = 682.80126953125
Epoch 18: loss = 682.801025390625
Epoch 19: loss = 682.8009033203125
Epoch 20: loss = 682.80078125
Epoch 21: loss = 682.8006591796875
Epoch 22: loss = 682.800537109375
Epoch 23: loss = 682.800537109375
Epoch 24: loss = 682.8004150390625
Epoch 25: loss = 682.8004150390625
Epoch 26: loss = 682.8004150390625
Epoch 27: loss = 682.80029296875
Epoch 28: loss = 682.80029296875
Epoch 29: loss = 682.8002319335938
Epoch 30: loss = 682.8001708984375
Epoch 31: loss = 682.8001098632812
Epoch 32: loss = 682.800048828125
Epoch 33: loss = 682.800048828125
Epoch 34: loss = 682.800048828125
Epoch 35: loss = 682.800048828125
Epoch 36: loss = 682.7999877929688
Early stopping at epoch 36 with loss 682.8001098632812
Reconstruction for fluence = 183298.07108324335 photons/pixel
Epoch 0: loss = 27124932.0
Epoch 1: loss = 2268.216796875
Epoch 2: loss = 1695.2601318359375
Epoch 3: loss = 1621.48486328125
Epoch 4: loss = 1603.8668212890625
Epoch 5: loss = 1599.21435546875
Epoch 6: loss = 1597.6068115234375
Epoch 7: loss = 1596.903564453125
Epoch 8: loss = 1596.58251953125
Epoch 9: loss = 1596.442138671875
Epoch 10: loss = 1596.3487548828125
Epoch 11: loss = 1596.3101806640625
Epoch 12: loss = 1596.291748046875
Epoch 13: loss = 1596.2821044921875
Epoch 14: loss = 1596.2779541015625
Epoch 15: loss = 1596.276123046875
Epoch 16: loss = 1596.275146484375
Epoch 17: loss = 1596.2747802734375
Epoch 18: loss = 1596.27392578125
Epoch 19: loss = 1596.273681640625
Epoch 20: loss = 1596.2735595703125
Epoch 21: loss = 1596.2734375
Epoch 22: loss = 1596.2733154296875
Epoch 23: loss = 1596.273193359375
Epoch 24: loss = 1596.27294921875
Epoch 25: loss = 1596.27294921875
Epoch 26: loss = 1596.27294921875
Epoch 27: loss = 1596.272705078125
Epoch 28: loss = 1596.272705078125
Epoch 29: loss = 1596.272705078125
Epoch 30: loss = 1596.2724609375
Epoch 31: loss = 1596.272216796875
Epoch 32: loss = 1596.2723388671875
Epoch 33: loss = 1596.272216796875
Epoch 34: loss = 1596.272216796875
Epoch 35: loss = 1596.272216796875
Epoch 36: loss = 1596.27197265625
Epoch 37: loss = 1596.27197265625
Epoch 38: loss = 1596.27197265625
Epoch 39: loss = 1596.2718505859375
Epoch 40: loss = 1596.2718505859375
Epoch 41: loss = 1596.271728515625
Epoch 42: loss = 1596.2716064453125
Epoch 43: loss = 1596.2716064453125
Epoch 44: loss = 1596.2716064453125
Epoch 45: loss = 1596.2716064453125
Epoch 46: loss = 1596.2716064453125
Early stopping at epoch 46 with loss 1596.271728515625
Reconstruction for fluence = 428133.2398719387 photons/pixel
Epoch 0: loss = 147978240.0
Epoch 1: loss = 7394.8203125
Epoch 2: loss = 4274.30078125
Epoch 3: loss = 3872.4970703125
Epoch 4: loss = 3775.699951171875
Epoch 5: loss = 3751.40576171875
Epoch 6: loss = 3740.5
Epoch 7: loss = 3736.71728515625
Epoch 8: loss = 3735.08642578125
Epoch 9: loss = 3734.229248046875
Epoch 10: loss = 3733.84765625
Epoch 11: loss = 3733.6494140625
Epoch 12: loss = 3733.55322265625
Epoch 13: loss = 3733.50537109375
Epoch 14: loss = 3733.47802734375
Epoch 15: loss = 3733.46533203125
Epoch 16: loss = 3733.463134765625
Epoch 17: loss = 3733.46240234375
Epoch 18: loss = 3733.458984375
Epoch 19: loss = 3733.4580078125
Epoch 20: loss = 3733.45654296875
Epoch 21: loss = 3733.45654296875
Epoch 22: loss = 3733.4560546875
Epoch 23: loss = 3733.45556640625
Epoch 24: loss = 3733.45458984375
Epoch 25: loss = 3733.45458984375
Epoch 26: loss = 3733.453125
Epoch 27: loss = 3733.453125
Epoch 28: loss = 3733.45361328125
Epoch 29: loss = 3733.45263671875
Epoch 30: loss = 3733.4521484375
Epoch 31: loss = 3733.4521484375
Epoch 32: loss = 3733.4521484375
Epoch 33: loss = 3733.4521484375
Epoch 34: loss = 3733.4521484375
Epoch 35: loss = 3733.45166015625
Epoch 36: loss = 3733.451171875
Epoch 37: loss = 3733.451171875
Epoch 38: loss = 3733.451171875
Epoch 39: loss = 3733.451171875
Epoch 40: loss = 3733.450927734375
Epoch 41: loss = 3733.451171875
Epoch 42: loss = 3733.450439453125
Epoch 43: loss = 3733.450439453125
Epoch 44: loss = 3733.4501953125
Epoch 45: loss = 3733.4501953125
Epoch 46: loss = 3733.44970703125
Epoch 47: loss = 3733.44970703125
Epoch 48: loss = 3733.44970703125
Epoch 49: loss = 3733.44970703125
Epoch 50: loss = 3733.44970703125
Epoch 51: loss = 3733.44970703125
Early stopping at epoch 51 with loss 3733.44970703125
Reconstruction for fluence = 1000000.0 photons/pixel
Epoch 0: loss = 807289472.0
Epoch 1: loss = 28726.765625
Epoch 2: loss = 11679.0322265625
Epoch 3: loss = 9537.3779296875
Epoch 4: loss = 8965.20703125
Epoch 5: loss = 8820.6015625
Epoch 6: loss = 8769.322265625
Epoch 7: loss = 8750.294921875
Epoch 8: loss = 8741.033203125
Epoch 9: loss = 8736.5625
Epoch 10: loss = 8734.69921875
Epoch 11: loss = 8733.36328125
Epoch 12: loss = 8732.8798828125
Epoch 13: loss = 8732.60546875
Epoch 14: loss = 8732.4697265625
Epoch 15: loss = 8732.40625
Epoch 16: loss = 8732.390625
Epoch 17: loss = 8732.380859375
Epoch 18: loss = 8732.3779296875
Epoch 19: loss = 8732.365234375
Epoch 20: loss = 8732.359375
Epoch 21: loss = 8732.3486328125
Epoch 22: loss = 8732.345703125
Epoch 23: loss = 8732.33984375
Epoch 24: loss = 8732.337890625
Epoch 25: loss = 8732.3359375
Epoch 26: loss = 8732.333984375
Epoch 27: loss = 8732.3359375
Epoch 28: loss = 8732.333984375
Epoch 29: loss = 8732.333984375
Epoch 30: loss = 8732.33203125
Epoch 31: loss = 8732.3330078125
Epoch 32: loss = 8732.3291015625
Epoch 33: loss = 8732.328125
Epoch 34: loss = 8732.328125
Epoch 35: loss = 8732.326171875
Epoch 36: loss = 8732.326171875
Epoch 37: loss = 8732.326171875
Epoch 38: loss = 8732.326171875
Epoch 39: loss = 8732.326171875
Epoch 40: loss = 8732.32421875
Epoch 41: loss = 8732.32421875
Epoch 42: loss = 8732.32421875
Epoch 43: loss = 8732.32421875
Epoch 44: loss = 8732.32421875
Epoch 45: loss = 8732.32421875
Early stopping at epoch 45 with loss 8732.32421875
Tensors initialization on device cuda
Multiprobe = None

('MSE', 'PoissonNLL') RECONSTRUCTIONS

Reconstruction for fluence = 0.09999999999999999 photons/pixel
Epoch 0: loss = 0.000886919442564249
Epoch 1: loss = 0.000886919442564249
Epoch 2: loss = 0.000886919442564249
Epoch 3: loss = 0.000886919442564249
Epoch 4: loss = 0.000886919442564249
Epoch 5: loss = 0.000886919442564249
Early stopping at epoch 5 with loss 0.000886919442564249
Epoch 0: loss = 0.006024236790835857
Epoch 1: loss = 0.006024235859513283
Epoch 2: loss = 0.006024234928190708
Epoch 3: loss = 0.0060242339968681335
Epoch 4: loss = 0.006024233065545559
Epoch 5: loss = 0.006024232134222984
Early stopping at epoch 5 with loss 0.006024236790835857
Reconstruction for fluence = 0.23357214690901223 photons/pixel
Epoch 0: loss = 0.0020940848626196384
Epoch 1: loss = 0.0020940848626196384
Epoch 2: loss = 0.0020940848626196384
Epoch 3: loss = 0.0020940848626196384
Epoch 4: loss = 0.0020940848626196384
Epoch 5: loss = 0.0020940848626196384
Early stopping at epoch 5 with loss 0.0020940848626196384
Epoch 0: loss = 0.012369303032755852
Epoch 1: loss = 0.012359404936432838
Epoch 2: loss = 0.010422175750136375
Epoch 3: loss = 0.01042084489017725
Epoch 4: loss = 0.01042084489017725
Epoch 5: loss = 0.01042084489017725
Epoch 6: loss = 0.01042084489017725
Epoch 7: loss = 0.01042084489017725
Early stopping at epoch 7 with loss 0.010422175750136375
Reconstruction for fluence = 0.5455594781168519 photons/pixel
Epoch 0: loss = 0.005043316632509232
Epoch 1: loss = 0.005043316632509232
Epoch 2: loss = 0.005043316632509232
Epoch 3: loss = 0.005043316632509232
Epoch 4: loss = 0.005043316632509232
Epoch 5: loss = 0.005043316632509232
Early stopping at epoch 5 with loss 0.005043316632509232
Epoch 0: loss = 0.024998046457767487
Epoch 1: loss = 0.020621540024876595
Epoch 2: loss = 0.020537786185741425
Epoch 3: loss = 0.020537786185741425
Epoch 4: loss = 0.020537786185741425
Epoch 5: loss = 0.020537786185741425
Epoch 6: loss = 0.020537786185741425
Early stopping at epoch 6 with loss 0.020621540024876595
Reconstruction for fluence = 1.2742749857031335 photons/pixel
Epoch 0: loss = 0.012430408969521523
Epoch 1: loss = 0.012430008500814438
Epoch 2: loss = 0.012429608032107353
Epoch 3: loss = 0.012429207563400269
Epoch 4: loss = 0.012428807094693184
Epoch 5: loss = 0.0124284066259861
Early stopping at epoch 5 with loss 0.012430408969521523
Epoch 0: loss = 0.04902145266532898
Epoch 1: loss = 0.03853835165500641
Epoch 2: loss = 0.03853613883256912
Epoch 3: loss = 0.03853613883256912
Epoch 4: loss = 0.03853613883256912
Epoch 5: loss = 0.03853613883256912
Epoch 6: loss = 0.03853613883256912
Early stopping at epoch 6 with loss 0.03853835165500641
Reconstruction for fluence = 2.976351441631318 photons/pixel
Epoch 0: loss = 0.03344392031431198
Epoch 1: loss = 0.033432163298130035
Epoch 2: loss = 0.03342043608427048
Epoch 3: loss = 0.03340873122215271
Epoch 4: loss = 0.03339704871177673
Epoch 5: loss = 0.033385396003723145
Early stopping at epoch 5 with loss 0.03344392031431198
Epoch 0: loss = 0.09254533797502518
Epoch 1: loss = 0.06864149123430252
Epoch 2: loss = 0.06864020973443985
Epoch 3: loss = 0.06864020973443985
Epoch 4: loss = 0.06864020973443985
Epoch 5: loss = 0.06864020973443985
Epoch 6: loss = 0.06864020973443985
Early stopping at epoch 6 with loss 0.06864149123430252
Reconstruction for fluence = 6.9519279617756045 photons/pixel
Epoch 0: loss = 0.09995663166046143
Epoch 1: loss = 0.060583941638469696
Epoch 2: loss = 0.06058011204004288
Epoch 3: loss = 0.06058011204004288
Epoch 4: loss = 0.06058011204004288
Epoch 5: loss = 0.06058011204004288
Epoch 6: loss = 0.06058011204004288
Early stopping at epoch 6 with loss 0.060583941638469696
Epoch 0: loss = 0.11115080118179321
Epoch 1: loss = 0.10895033925771713
Epoch 2: loss = 0.10894466191530228
Epoch 3: loss = 0.10894380509853363
Epoch 4: loss = 0.10894380509853363
Epoch 5: loss = 0.10894380509853363
Epoch 6: loss = 0.10894380509853363
Early stopping at epoch 6 with loss 0.10895033925771713
Reconstruction for fluence = 16.23776739188721 photons/pixel
Epoch 0: loss = 0.3562995195388794
Epoch 1: loss = 0.141274094581604
Epoch 2: loss = 0.14125439524650574
Epoch 3: loss = 0.14125382900238037
Epoch 4: loss = 0.14125379920005798
Epoch 5: loss = 0.14125379920005798
Epoch 6: loss = 0.14125379920005798
Early stopping at epoch 6 with loss 0.141274094581604
Epoch 0: loss = 0.13697493076324463
Epoch 1: loss = 0.1340750753879547
Epoch 2: loss = 0.13406027853488922
Epoch 3: loss = 0.134057879447937
Epoch 4: loss = 0.134057879447937
Epoch 5: loss = 0.134057879447937
Epoch 6: loss = 0.134057879447937
Early stopping at epoch 6 with loss 0.1340750753879547
Reconstruction for fluence = 37.926901907322495 photons/pixel
Epoch 0: loss = 1.4943997859954834
Epoch 1: loss = 0.3314468264579773
Epoch 2: loss = 0.3313748836517334
Epoch 3: loss = 0.3313713073730469
Epoch 4: loss = 0.33137083053588867
Epoch 5: loss = 0.3313705325126648
Epoch 6: loss = 0.33137035369873047
Early stopping at epoch 6 with loss 0.3314468264579773
Epoch 0: loss = 0.03509410470724106
Epoch 1: loss = 0.03133317828178406
Epoch 2: loss = 0.03131874278187752
Epoch 3: loss = 0.031316954642534256
Epoch 4: loss = 0.03131541237235069
Epoch 5: loss = 0.031314749270677567
Epoch 6: loss = 0.031314749270677567
Early stopping at epoch 6 with loss 0.03133317828178406
Reconstruction for fluence = 88.58667904100822 photons/pixel
Epoch 0: loss = 7.1170125007629395
Epoch 1: loss = 0.7713882923126221
Epoch 2: loss = 0.771123468875885
Epoch 3: loss = 0.7711000442504883
Epoch 4: loss = 0.7710962295532227
Epoch 5: loss = 0.771095871925354
Epoch 6: loss = 0.771095871925354
Epoch 7: loss = 0.7710956931114197
Early stopping at epoch 7 with loss 0.771123468875885
Epoch 0: loss = -0.5806630253791809
Epoch 1: loss = -0.5854827165603638
Epoch 2: loss = -0.5854928493499756
Epoch 3: loss = -0.5854930877685547
Epoch 4: loss = -0.5854930877685547
Epoch 5: loss = -0.5854930877685547
Epoch 6: loss = -0.5854931473731995
Early stopping at epoch 6 with loss -0.5854827165603638
Reconstruction for fluence = 206.9138081114788 photons/pixel
Epoch 0: loss = 36.38457489013672
Epoch 1: loss = 1.8053865432739258
Epoch 2: loss = 1.8042681217193604
Epoch 3: loss = 1.8041470050811768
Epoch 4: loss = 1.8041250705718994
Epoch 5: loss = 1.804121494293213
Epoch 6: loss = 1.8041189908981323
Epoch 7: loss = 1.8041185140609741
Epoch 8: loss = 1.8041183948516846
Early stopping at epoch 8 with loss 1.8041470050811768
Epoch 0: loss = -2.9043469429016113
Epoch 1: loss = -2.9100537300109863
Epoch 2: loss = -2.910054922103882
Epoch 3: loss = -2.910055637359619
Epoch 4: loss = -2.9100561141967773
Epoch 5: loss = -2.9100561141967773
Epoch 6: loss = -2.9100561141967773
Early stopping at epoch 6 with loss -2.9100537300109863
Reconstruction for fluence = 483.2930238571752 photons/pixel
Epoch 0: loss = 192.88629150390625
Epoch 1: loss = 4.2231011390686035
Epoch 2: loss = 4.218120574951172
Epoch 3: loss = 4.217533111572266
Epoch 4: loss = 4.217381477355957
Epoch 5: loss = 4.217345237731934
Epoch 6: loss = 4.217342376708984
Epoch 7: loss = 4.217340469360352
Epoch 8: loss = 4.217336654663086
Epoch 9: loss = 4.2173357009887695
Early stopping at epoch 9 with loss 4.217381477355957
Epoch 0: loss = -10.391300201416016
Epoch 1: loss = -10.398197174072266
Epoch 2: loss = -10.398197174072266
Epoch 3: loss = -10.398199081420898
Epoch 4: loss = -10.398199081420898
Epoch 5: loss = -10.398199081420898
Epoch 6: loss = -10.398199081420898
Early stopping at epoch 6 with loss -10.398197174072266
Reconstruction for fluence = 1128.8378916846884 photons/pixel
Epoch 0: loss = 1038.443359375
Epoch 1: loss = 9.894012451171875
Epoch 2: loss = 9.869919776916504
Epoch 3: loss = 9.866813659667969
Epoch 4: loss = 9.866132736206055
Epoch 5: loss = 9.865954399108887
Epoch 6: loss = 9.865907669067383
Epoch 7: loss = 9.865901947021484
Epoch 8: loss = 9.865898132324219
Epoch 9: loss = 9.86589527130127
Epoch 10: loss = 9.865888595581055
Early stopping at epoch 10 with loss 9.865954399108887
Epoch 0: loss = -32.702186584472656
Epoch 1: loss = -32.70982360839844
Epoch 2: loss = -32.70983123779297
Epoch 3: loss = -32.70983123779297
Epoch 4: loss = -32.70983123779297
Epoch 5: loss = -32.7098274230957
Epoch 6: loss = -32.7098274230957
Early stopping at epoch 6 with loss -32.70982360839844
Reconstruction for fluence = 2636.6508987303555 photons/pixel
Epoch 0: loss = 5635.55859375
Epoch 1: loss = 23.054073333740234
Epoch 2: loss = 22.93262481689453
Epoch 3: loss = 22.915512084960938
Epoch 4: loss = 22.910978317260742
Epoch 5: loss = 22.909912109375
Epoch 6: loss = 22.909576416015625
Epoch 7: loss = 22.909442901611328
Epoch 8: loss = 22.909404754638672
Epoch 9: loss = 22.909393310546875
Epoch 10: loss = 22.909381866455078
Epoch 11: loss = 22.90937042236328
Epoch 12: loss = 22.909358978271484
Early stopping at epoch 12 with loss 22.909442901611328
Epoch 0: loss = -96.03868103027344
Epoch 1: loss = -96.04618835449219
Epoch 2: loss = -96.04618835449219
Epoch 3: loss = -96.04618835449219
Epoch 4: loss = -96.04618835449219
Epoch 5: loss = -96.04618835449219
Epoch 6: loss = -96.04618835449219
Early stopping at epoch 6 with loss -96.04618835449219
Reconstruction for fluence = 6158.482110660255 photons/pixel
Epoch 0: loss = 30669.70703125
Epoch 1: loss = 54.534423828125
Epoch 2: loss = 53.87632751464844
Epoch 3: loss = 53.78544616699219
Epoch 4: loss = 53.761741638183594
Epoch 5: loss = 53.755958557128906
Epoch 6: loss = 53.754066467285156
Epoch 7: loss = 53.753265380859375
Epoch 8: loss = 53.75290298461914
Epoch 9: loss = 53.75281524658203
Epoch 10: loss = 53.752723693847656
Epoch 11: loss = 53.752708435058594
Epoch 12: loss = 53.75270080566406
Epoch 13: loss = 53.752662658691406
Epoch 14: loss = 53.752655029296875
Epoch 0: loss = -270.2785949707031
Epoch 1: loss = -270.28704833984375
Epoch 2: loss = -270.287109375
Epoch 3: loss = -270.287109375
Epoch 4: loss = -270.287109375
Epoch 5: loss = -270.287109375
Epoch 6: loss = -270.2870788574219
Early stopping at epoch 6 with loss -270.28704833984375
Reconstruction for fluence = 14384.498882876629 photons/pixel
Epoch 0: loss = 167157.03125
Epoch 1: loss = 128.48622131347656
Epoch 2: loss = 124.97602844238281
Epoch 3: loss = 124.49867248535156
Epoch 4: loss = 124.37516784667969
Epoch 5: loss = 124.34351348876953
Epoch 6: loss = 124.33338928222656
Epoch 7: loss = 124.32926177978516
Epoch 8: loss = 124.32740783691406
Epoch 9: loss = 124.32643127441406
Epoch 10: loss = 124.32601165771484
Epoch 11: loss = 124.32591247558594
Epoch 12: loss = 124.32586669921875
Epoch 13: loss = 124.32582092285156
Epoch 14: loss = 124.32579040527344
Epoch 0: loss = -738.49462890625
Epoch 1: loss = -738.50341796875
Epoch 2: loss = -738.50341796875
Epoch 3: loss = -738.50341796875
Epoch 4: loss = -738.50341796875
Epoch 5: loss = -738.50341796875
Epoch 6: loss = -738.50341796875
Early stopping at epoch 6 with loss -738.50341796875
Reconstruction for fluence = 33598.18286283781 photons/pixel
Epoch 0: loss = 911527.5
Epoch 1: loss = 313.5475158691406
Epoch 2: loss = 294.29840087890625
Epoch 3: loss = 291.830322265625
Epoch 4: loss = 291.19061279296875
Epoch 5: loss = 291.02911376953125
Epoch 6: loss = 290.97186279296875
Epoch 7: loss = 290.9492492675781
Epoch 8: loss = 290.93890380859375
Epoch 9: loss = 290.93402099609375
Epoch 10: loss = 290.93170166015625
Epoch 11: loss = 290.9307861328125
Epoch 12: loss = 290.93060302734375
Epoch 13: loss = 290.93048095703125
Epoch 14: loss = 290.93035888671875
Epoch 0: loss = -1975.488037109375
Epoch 1: loss = -1975.496826171875
Epoch 2: loss = -1975.496826171875
Epoch 3: loss = -1975.496826171875
Epoch 4: loss = -1975.496826171875
Epoch 5: loss = -1975.496826171875
Epoch 6: loss = -1975.496826171875
Early stopping at epoch 6 with loss -1975.496826171875
Reconstruction for fluence = 78475.99703514607 photons/pixel
Epoch 0: loss = 4972206.0
Epoch 1: loss = 807.49609375
Epoch 2: loss = 702.4407958984375
Epoch 3: loss = 688.949951171875
Epoch 4: loss = 685.588134765625
Epoch 5: loss = 684.666259765625
Epoch 6: loss = 684.3634033203125
Epoch 7: loss = 684.234375
Epoch 8: loss = 684.175537109375
Epoch 9: loss = 684.1469116210938
Epoch 10: loss = 684.1326293945312
Epoch 11: loss = 684.1260986328125
Epoch 12: loss = 684.122314453125
Epoch 13: loss = 684.12158203125
Epoch 14: loss = 684.12109375
Epoch 0: loss = -5199.068359375
Epoch 1: loss = -5199.0771484375
Epoch 2: loss = -5199.0771484375
Epoch 3: loss = -5199.0771484375
Epoch 4: loss = -5199.0771484375
Epoch 5: loss = -5199.0771484375
Epoch 6: loss = -5199.0771484375
Early stopping at epoch 6 with loss -5199.0771484375
Reconstruction for fluence = 183298.07108324335 photons/pixel
Epoch 0: loss = 27125820.0
Epoch 1: loss = 2268.8837890625
Epoch 2: loss = 1694.81787109375
Epoch 3: loss = 1621.2294921875
Epoch 4: loss = 1603.325439453125
Epoch 5: loss = 1598.65869140625
Epoch 6: loss = 1596.987548828125
Epoch 7: loss = 1596.270751953125
Epoch 8: loss = 1595.9510498046875
Epoch 9: loss = 1595.783935546875
Epoch 10: loss = 1595.7080078125
Epoch 11: loss = 1595.670654296875
Epoch 12: loss = 1595.65380859375
Epoch 13: loss = 1595.644287109375
Epoch 14: loss = 1595.641845703125
Epoch 0: loss = -13510.064453125
Epoch 1: loss = -13510.07421875
Epoch 2: loss = -13510.07421875
Epoch 3: loss = -13510.07421875
Epoch 4: loss = -13510.07421875
Epoch 5: loss = -13510.07421875
Epoch 6: loss = -13510.07421875
Early stopping at epoch 6 with loss -13510.07421875
Reconstruction for fluence = 428133.2398719387 photons/pixel
Epoch 0: loss = 147974896.0
Epoch 1: loss = 7389.5732421875
Epoch 2: loss = 4282.47265625
Epoch 3: loss = 3874.14013671875
Epoch 4: loss = 3771.357421875
Epoch 5: loss = 3745.590576171875
Epoch 6: loss = 3737.1416015625
Epoch 7: loss = 3733.707275390625
Epoch 8: loss = 3732.00244140625
Epoch 9: loss = 3731.2255859375
Epoch 10: loss = 3730.856689453125
Epoch 11: loss = 3730.6826171875
Epoch 12: loss = 3730.60107421875
Epoch 13: loss = 3730.55810546875
Epoch 14: loss = 3730.534423828125
Epoch 0: loss = -34748.55859375
Epoch 1: loss = -34748.5703125
Epoch 2: loss = -34748.5703125
Epoch 3: loss = -34748.5703125
Epoch 4: loss = -34748.5703125
Epoch 5: loss = -34748.5703125
Epoch 6: loss = -34748.5703125
Early stopping at epoch 6 with loss -34748.5703125
Reconstruction for fluence = 1000000.0 photons/pixel
Epoch 0: loss = 807305408.0
Epoch 1: loss = 28730.0859375
Epoch 2: loss = 11665.0478515625
Epoch 3: loss = 9500.29296875
Epoch 4: loss = 8963.90625
Epoch 5: loss = 8814.091796875
Epoch 6: loss = 8763.86328125
Epoch 7: loss = 8742.6015625
Epoch 8: loss = 8732.95703125
Epoch 9: loss = 8728.1337890625
Epoch 10: loss = 8725.9365234375
Epoch 11: loss = 8724.765625
Epoch 12: loss = 8724.2880859375
Epoch 13: loss = 8724.0185546875
Epoch 14: loss = 8723.8779296875
Epoch 0: loss = -88617.5
Epoch 1: loss = -88617.5
Epoch 2: loss = -88617.5
Epoch 3: loss = -88617.5
Epoch 4: loss = -88617.5
Epoch 5: loss = -88617.5
Early stopping at epoch 5 with loss -88617.5
Simulation for steps_size=2 and n_fluences=20 completed!
