Running simulation for steps_size=25 and n_fluences=20
Steps size: 25
Tensors initialization on device cuda
Multiprobe = band_lim
torch.Size([1, 64, 64])

('MSE', None) RECONSTRUCTIONS

Reconstruction for fluence = 0.09999999999999999 photons/pixel
Epoch 0: loss = 0.23552311956882477
Epoch 1: loss = 0.05514637008309364
Epoch 2: loss = 0.04828055575489998
Epoch 3: loss = 0.0465732105076313
Epoch 4: loss = 0.04592323303222656
Epoch 5: loss = 0.045581720769405365
Epoch 6: loss = 0.04542245343327522
Epoch 7: loss = 0.04534141719341278
Epoch 8: loss = 0.04527497664093971
Epoch 9: loss = 0.0452151857316494
Epoch 10: loss = 0.04517253860831261
Epoch 11: loss = 0.045155689120292664
Epoch 12: loss = 0.045146677643060684
Epoch 13: loss = 0.0451403446495533
Epoch 14: loss = 0.04513178765773773
Epoch 15: loss = 0.04512264207005501
Early stopping at epoch 15 with loss 0.04517253860831261
Reconstruction for fluence = 0.23357214690901223 photons/pixel
Epoch 0: loss = 1.0106756687164307
Epoch 1: loss = 0.1278637796640396
Epoch 2: loss = 0.10924584418535233
Epoch 3: loss = 0.10491016507148743
Epoch 4: loss = 0.10349578410387039
Epoch 5: loss = 0.10288010537624359
Epoch 6: loss = 0.1025858074426651
Epoch 7: loss = 0.10245797038078308
Epoch 8: loss = 0.10237380117177963
Epoch 9: loss = 0.1023041158914566
Epoch 10: loss = 0.10222911834716797
Epoch 11: loss = 0.1021559089422226
Epoch 12: loss = 0.10211912542581558
Epoch 13: loss = 0.10209838300943375
Epoch 14: loss = 0.10208506137132645
Epoch 15: loss = 0.10207340866327286
Epoch 16: loss = 0.10206117480993271
Early stopping at epoch 16 with loss 0.1021559089422226
Reconstruction for fluence = 0.5455594781168519 photons/pixel
Epoch 0: loss = 4.738248348236084
Epoch 1: loss = 0.28904831409454346
Epoch 2: loss = 0.2361709028482437
Epoch 3: loss = 0.2223084270954132
Epoch 4: loss = 0.21832993626594543
Epoch 5: loss = 0.2169194370508194
Epoch 6: loss = 0.21641570329666138
Epoch 7: loss = 0.2161947637796402
Epoch 8: loss = 0.21606822311878204
Epoch 9: loss = 0.21600544452667236
Epoch 10: loss = 0.21597322821617126
Epoch 11: loss = 0.21595756709575653
Epoch 12: loss = 0.21594436466693878
Epoch 13: loss = 0.21592143177986145
Epoch 14: loss = 0.21590186655521393
Epoch 15: loss = 0.21588723361492157
Epoch 16: loss = 0.21587906777858734
Early stopping at epoch 16 with loss 0.21595756709575653
Reconstruction for fluence = 1.2742749857031335 photons/pixel
Epoch 0: loss = 24.257884979248047
Epoch 1: loss = 0.7077918648719788
Epoch 2: loss = 0.5499129891395569
Epoch 3: loss = 0.5013294219970703
Epoch 4: loss = 0.4890260696411133
Epoch 5: loss = 0.4848015606403351
Epoch 6: loss = 0.48334312438964844
Epoch 7: loss = 0.48264995217323303
Epoch 8: loss = 0.48229706287384033
Epoch 9: loss = 0.4821065366268158
Epoch 10: loss = 0.48196735978126526
Epoch 11: loss = 0.48184934258461
Epoch 12: loss = 0.4817727506160736
Epoch 13: loss = 0.4817291498184204
Epoch 14: loss = 0.48170778155326843
Epoch 15: loss = 0.4816981852054596
Epoch 16: loss = 0.4816940724849701
Epoch 17: loss = 0.4816933870315552
Epoch 18: loss = 0.4816923141479492
Early stopping at epoch 18 with loss 0.4817291498184204
Reconstruction for fluence = 2.976351441631318 photons/pixel
Epoch 0: loss = 129.04383850097656
Epoch 1: loss = 1.6438766717910767
Epoch 2: loss = 1.1669005155563354
Epoch 3: loss = 1.0467272996902466
Epoch 4: loss = 1.003577709197998
Epoch 5: loss = 0.9862374067306519
Epoch 6: loss = 0.9793205261230469
Epoch 7: loss = 0.9759695529937744
Epoch 8: loss = 0.9743998050689697
Epoch 9: loss = 0.9734389185905457
Epoch 10: loss = 0.9730379581451416
Epoch 11: loss = 0.9728430509567261
Epoch 12: loss = 0.9727466702461243
Epoch 13: loss = 0.9726964235305786
Epoch 14: loss = 0.9726703763008118
Epoch 15: loss = 0.972656786441803
Epoch 16: loss = 0.9726526737213135
Epoch 17: loss = 0.9726470112800598
Epoch 18: loss = 0.9726465344429016
Early stopping at epoch 18 with loss 0.9726964235305786
Reconstruction for fluence = 6.9519279617756045 photons/pixel
Epoch 0: loss = 690.4224243164062
Epoch 1: loss = 4.262430667877197
Epoch 2: loss = 2.6727054119110107
Epoch 3: loss = 2.287389039993286
Epoch 4: loss = 2.156249523162842
Epoch 5: loss = 2.102741241455078
Epoch 6: loss = 2.078044891357422
Epoch 7: loss = 2.0659282207489014
Epoch 8: loss = 2.058783769607544
Epoch 9: loss = 2.0552940368652344
Epoch 10: loss = 2.0534303188323975
Epoch 11: loss = 2.052417278289795
Epoch 12: loss = 2.0519356727600098
Epoch 13: loss = 2.051623821258545
Epoch 14: loss = 2.051435947418213
Epoch 15: loss = 2.0513312816619873
Epoch 16: loss = 2.051264524459839
Epoch 17: loss = 2.051229476928711
Epoch 18: loss = 2.051208972930908
Epoch 19: loss = 2.0511982440948486
Epoch 20: loss = 2.051196575164795
Epoch 21: loss = 2.051191568374634
Epoch 22: loss = 2.0511906147003174
Early stopping at epoch 22 with loss 2.051229476928711
Reconstruction for fluence = 16.23776739188721 photons/pixel
Epoch 0: loss = 3730.619873046875
Epoch 1: loss = 12.409771919250488
Epoch 2: loss = 6.37138557434082
Epoch 3: loss = 5.115691184997559
Epoch 4: loss = 4.703557014465332
Epoch 5: loss = 4.510896682739258
Epoch 6: loss = 4.433071136474609
Epoch 7: loss = 4.390997409820557
Epoch 8: loss = 4.367001533508301
Epoch 9: loss = 4.352585792541504
Epoch 10: loss = 4.343173503875732
Epoch 11: loss = 4.338018894195557
Epoch 12: loss = 4.334733486175537
Epoch 13: loss = 4.332767963409424
Epoch 14: loss = 4.331440448760986
Epoch 15: loss = 4.33060884475708
Epoch 16: loss = 4.330108642578125
Epoch 17: loss = 4.329814434051514
Epoch 18: loss = 4.329622745513916
Epoch 19: loss = 4.329499244689941
Epoch 20: loss = 4.329415321350098
Epoch 21: loss = 4.329355716705322
Epoch 22: loss = 4.32934045791626
Epoch 23: loss = 4.329306602478027
Epoch 24: loss = 4.32930326461792
Epoch 25: loss = 4.329277038574219
Epoch 26: loss = 4.32926607131958
Early stopping at epoch 26 with loss 4.329355716705322
Reconstruction for fluence = 37.926901907322495 photons/pixel
Epoch 0: loss = 20312.091796875
Epoch 1: loss = 44.06045150756836
Epoch 2: loss = 18.038999557495117
Epoch 3: loss = 13.390990257263184
Epoch 4: loss = 11.838948249816895
Epoch 5: loss = 11.130818367004395
Epoch 6: loss = 10.833698272705078
Epoch 7: loss = 10.659311294555664
Epoch 8: loss = 10.564210891723633
Epoch 9: loss = 10.505857467651367
Epoch 10: loss = 10.466468811035156
Epoch 11: loss = 10.444934844970703
Epoch 12: loss = 10.433405876159668
Epoch 13: loss = 10.42365837097168
Epoch 14: loss = 10.417946815490723
Epoch 15: loss = 10.413846969604492
Epoch 16: loss = 10.411294937133789
Epoch 17: loss = 10.409854888916016
Epoch 18: loss = 10.408596992492676
Epoch 19: loss = 10.407692909240723
Epoch 20: loss = 10.407088279724121
Epoch 21: loss = 10.406641960144043
Epoch 22: loss = 10.406329154968262
Epoch 23: loss = 10.406062126159668
Epoch 24: loss = 10.405991554260254
Epoch 25: loss = 10.40575885772705
Epoch 26: loss = 10.405559539794922
Epoch 27: loss = 10.40537166595459
Epoch 28: loss = 10.405204772949219
Epoch 29: loss = 10.40503978729248
Epoch 30: loss = 10.404887199401855
Epoch 31: loss = 10.404767036437988
Epoch 32: loss = 10.404683113098145
Epoch 33: loss = 10.404664993286133
Epoch 34: loss = 10.40466022491455
Epoch 35: loss = 10.404645919799805
Epoch 36: loss = 10.404627799987793
Epoch 37: loss = 10.404606819152832
Epoch 38: loss = 10.404606819152832
Early stopping at epoch 38 with loss 10.404664993286133
Reconstruction for fluence = 88.58667904100822 photons/pixel
Epoch 0: loss = 110622.265625
Epoch 1: loss = 176.39820861816406
Epoch 2: loss = 52.160926818847656
Epoch 3: loss = 33.67927169799805
Epoch 4: loss = 28.18898582458496
Epoch 5: loss = 25.662784576416016
Epoch 6: loss = 24.58561897277832
Epoch 7: loss = 23.925228118896484
Epoch 8: loss = 23.526235580444336
Epoch 9: loss = 23.2738094329834
Epoch 10: loss = 23.109352111816406
Epoch 11: loss = 23.007488250732422
Epoch 12: loss = 22.94349479675293
Epoch 13: loss = 22.894197463989258
Epoch 14: loss = 22.860673904418945
Epoch 15: loss = 22.837322235107422
Epoch 16: loss = 22.822843551635742
Epoch 17: loss = 22.81449317932129
Epoch 18: loss = 22.807594299316406
Epoch 19: loss = 22.80236053466797
Epoch 20: loss = 22.798887252807617
Epoch 21: loss = 22.79625129699707
Epoch 22: loss = 22.794567108154297
Epoch 23: loss = 22.79317283630371
Epoch 24: loss = 22.79216194152832
Epoch 25: loss = 22.79136085510254
Epoch 26: loss = 22.790760040283203
Epoch 27: loss = 22.790313720703125
Epoch 28: loss = 22.790313720703125
Epoch 29: loss = 22.78998565673828
Epoch 30: loss = 22.78972816467285
Epoch 31: loss = 22.789506912231445
Epoch 32: loss = 22.789466857910156
Epoch 33: loss = 22.78940200805664
Epoch 34: loss = 22.789350509643555
Epoch 35: loss = 22.789234161376953
Epoch 36: loss = 22.789203643798828
Epoch 37: loss = 22.7891788482666
Epoch 38: loss = 22.7891788482666
Epoch 39: loss = 22.78911781311035
Epoch 40: loss = 22.78911781311035
Epoch 41: loss = 22.78911781311035
Epoch 42: loss = 22.78907012939453
Epoch 43: loss = 22.78902244567871
Epoch 44: loss = 22.78899574279785
Epoch 45: loss = 22.78897476196289
Epoch 46: loss = 22.788957595825195
Epoch 47: loss = 22.78895378112793
Epoch 48: loss = 22.78892707824707
Epoch 49: loss = 22.788904190063477
Early stopping at epoch 49 with loss 22.78899574279785
Reconstruction for fluence = 206.9138081114788 photons/pixel
Epoch 0: loss = 604193.6875
Epoch 1: loss = 803.7854614257812
Epoch 2: loss = 170.6989288330078
Epoch 3: loss = 88.40391540527344
Epoch 4: loss = 66.61493682861328
Epoch 5: loss = 58.74465560913086
Epoch 6: loss = 54.81792449951172
Epoch 7: loss = 52.76696014404297
Epoch 8: loss = 51.54745101928711
Epoch 9: loss = 50.80376052856445
Epoch 10: loss = 50.26137161254883
Epoch 11: loss = 49.936397552490234
Epoch 12: loss = 49.71965408325195
Epoch 13: loss = 49.542903900146484
Epoch 14: loss = 49.42652893066406
Epoch 15: loss = 49.3388557434082
Epoch 16: loss = 49.28022003173828
Epoch 17: loss = 49.23891830444336
Epoch 18: loss = 49.208473205566406
Epoch 19: loss = 49.18406677246094
Epoch 20: loss = 49.16637420654297
Epoch 21: loss = 49.15286636352539
Epoch 22: loss = 49.14405822753906
Epoch 23: loss = 49.13609313964844
Epoch 24: loss = 49.12953567504883
Epoch 25: loss = 49.12437438964844
Epoch 26: loss = 49.1203727722168
Epoch 27: loss = 49.11724090576172
Epoch 28: loss = 49.11474609375
Epoch 29: loss = 49.11265182495117
Epoch 30: loss = 49.110633850097656
Epoch 31: loss = 49.10898208618164
Epoch 32: loss = 49.1075325012207
Epoch 33: loss = 49.10628890991211
Epoch 34: loss = 49.10567092895508
Epoch 35: loss = 49.10441207885742
Epoch 36: loss = 49.1030158996582
Epoch 37: loss = 49.1015625
Epoch 38: loss = 49.100379943847656
Epoch 39: loss = 49.09920883178711
Epoch 40: loss = 49.09822082519531
Epoch 41: loss = 49.09730529785156
Epoch 42: loss = 49.09651565551758
Epoch 43: loss = 49.09572219848633
Epoch 44: loss = 49.09504699707031
Epoch 45: loss = 49.094512939453125
Epoch 46: loss = 49.09414291381836
Epoch 47: loss = 49.09400177001953
Epoch 48: loss = 49.093753814697266
Epoch 49: loss = 49.093605041503906
Epoch 50: loss = 49.0933837890625
Epoch 51: loss = 49.09323501586914
Epoch 52: loss = 49.0931396484375
Epoch 53: loss = 49.0931282043457
Epoch 54: loss = 49.09302520751953
Epoch 55: loss = 49.09299850463867
Epoch 56: loss = 49.09296417236328
Epoch 57: loss = 49.09294128417969
Epoch 58: loss = 49.09288024902344
Epoch 59: loss = 49.09282684326172
Epoch 60: loss = 49.09280776977539
Epoch 61: loss = 49.09280776977539
Epoch 62: loss = 49.09280014038086
Epoch 63: loss = 49.0927619934082
Epoch 64: loss = 49.09273910522461
Epoch 65: loss = 49.0927734375
Epoch 66: loss = 49.09273910522461
Epoch 67: loss = 49.09273147583008
Epoch 68: loss = 49.09275436401367
Early stopping at epoch 68 with loss 49.0927619934082
Reconstruction for fluence = 483.2930238571752 photons/pixel
Epoch 0: loss = 3294730.25
Epoch 1: loss = 4101.162109375
Epoch 2: loss = 747.8611450195312
Epoch 3: loss = 309.53619384765625
Epoch 4: loss = 203.20431518554688
Epoch 5: loss = 159.84214782714844
Epoch 6: loss = 143.8681182861328
Epoch 7: loss = 135.2266387939453
Epoch 8: loss = 129.712646484375
Epoch 9: loss = 126.20746612548828
Epoch 10: loss = 123.83560943603516
Epoch 11: loss = 122.50344848632812
Epoch 12: loss = 121.56977081298828
Epoch 13: loss = 120.8279800415039
Epoch 14: loss = 120.34483337402344
Epoch 15: loss = 119.96426391601562
Epoch 16: loss = 119.68085479736328
Epoch 17: loss = 119.48831176757812
Epoch 18: loss = 119.326904296875
Epoch 19: loss = 119.20095825195312
Epoch 20: loss = 119.10762786865234
Epoch 21: loss = 119.03590393066406
Epoch 22: loss = 118.98326110839844
Epoch 23: loss = 118.94071197509766
Epoch 24: loss = 118.90973663330078
Epoch 25: loss = 118.87767028808594
Epoch 26: loss = 118.85639190673828
Epoch 27: loss = 118.84139251708984
Epoch 28: loss = 118.82915496826172
Epoch 29: loss = 118.81891632080078
Epoch 30: loss = 118.81038665771484
Epoch 31: loss = 118.80320739746094
Epoch 32: loss = 118.79771423339844
Epoch 33: loss = 118.794189453125
Epoch 34: loss = 118.7908935546875
Epoch 35: loss = 118.78819274902344
Epoch 36: loss = 118.78607940673828
Epoch 37: loss = 118.78431701660156
Epoch 38: loss = 118.7830581665039
Epoch 39: loss = 118.78215789794922
Epoch 40: loss = 118.78201293945312
Epoch 41: loss = 118.78163146972656
Epoch 42: loss = 118.78070831298828
Epoch 43: loss = 118.78038024902344
Epoch 44: loss = 118.77964782714844
Epoch 45: loss = 118.77938079833984
Epoch 46: loss = 118.77884674072266
Epoch 47: loss = 118.77852630615234
Epoch 48: loss = 118.77835083007812
Epoch 49: loss = 118.77821350097656
Epoch 50: loss = 118.77786254882812
Epoch 51: loss = 118.77786254882812
Epoch 52: loss = 118.77783203125
Epoch 53: loss = 118.77774810791016
Epoch 54: loss = 118.7775650024414
Epoch 55: loss = 118.77738189697266
Epoch 56: loss = 118.7771987915039
Epoch 57: loss = 118.7770767211914
Epoch 58: loss = 118.77696228027344
Epoch 59: loss = 118.77696228027344
Epoch 60: loss = 118.77699279785156
Epoch 61: loss = 118.77674865722656
Epoch 62: loss = 118.77664184570312
Epoch 63: loss = 118.776611328125
Epoch 64: loss = 118.77650451660156
Epoch 65: loss = 118.77645111083984
Epoch 66: loss = 118.77639770507812
Epoch 67: loss = 118.77645111083984
Epoch 68: loss = 118.77632904052734
Epoch 69: loss = 118.7763671875
Epoch 70: loss = 118.77620697021484
Epoch 71: loss = 118.77620697021484
Epoch 72: loss = 118.776123046875
Epoch 73: loss = 118.776123046875
Epoch 74: loss = 118.776123046875
Epoch 75: loss = 118.77598571777344
Epoch 76: loss = 118.77598571777344
Epoch 77: loss = 118.77598571777344
Epoch 78: loss = 118.77591705322266
Epoch 79: loss = 118.77590942382812
Epoch 80: loss = 118.77590942382812
Early stopping at epoch 80 with loss 118.77598571777344
Reconstruction for fluence = 1128.8378916846884 photons/pixel
Epoch 0: loss = 17972798.0
Epoch 1: loss = 21535.64453125
Epoch 2: loss = 3500.725830078125
Epoch 3: loss = 1186.265625
Epoch 4: loss = 614.424072265625
Epoch 5: loss = 431.035400390625
Epoch 6: loss = 363.65313720703125
Epoch 7: loss = 324.6917724609375
Epoch 8: loss = 304.45391845703125
Epoch 9: loss = 292.02490234375
Epoch 10: loss = 283.6236267089844
Epoch 11: loss = 278.7049255371094
Epoch 12: loss = 275.7740783691406
Epoch 13: loss = 273.5146179199219
Epoch 14: loss = 271.8938293457031
Epoch 15: loss = 270.7635498046875
Epoch 16: loss = 269.9364929199219
Epoch 17: loss = 269.3771667480469
Epoch 18: loss = 268.9390563964844
Epoch 19: loss = 268.5862731933594
Epoch 20: loss = 268.2913513183594
Epoch 21: loss = 268.080078125
Epoch 22: loss = 267.9317626953125
Epoch 23: loss = 267.8060607910156
Epoch 24: loss = 267.70245361328125
Epoch 25: loss = 267.6151428222656
Epoch 26: loss = 267.5466613769531
Epoch 27: loss = 267.4964904785156
Epoch 28: loss = 267.4554748535156
Epoch 29: loss = 267.4185485839844
Epoch 30: loss = 267.3897705078125
Epoch 31: loss = 267.3627014160156
Epoch 32: loss = 267.3416442871094
Epoch 33: loss = 267.325927734375
Epoch 34: loss = 267.3119201660156
Epoch 35: loss = 267.29876708984375
Epoch 36: loss = 267.2879333496094
Epoch 37: loss = 267.27880859375
Epoch 38: loss = 267.27069091796875
Epoch 39: loss = 267.26348876953125
Epoch 40: loss = 267.25726318359375
Epoch 41: loss = 267.2527770996094
Epoch 42: loss = 267.24822998046875
Epoch 43: loss = 267.24713134765625
Epoch 44: loss = 267.2452697753906
Epoch 45: loss = 267.2440490722656
Epoch 46: loss = 267.24359130859375
Epoch 47: loss = 267.2395324707031
Epoch 48: loss = 267.23638916015625
Epoch 49: loss = 267.23638916015625
Epoch 50: loss = 267.2332763671875
Epoch 51: loss = 267.23223876953125
Epoch 52: loss = 267.23187255859375
Epoch 53: loss = 267.2305908203125
Epoch 54: loss = 267.2291564941406
Epoch 55: loss = 267.2281799316406
Epoch 56: loss = 267.2264099121094
Epoch 57: loss = 267.2262878417969
Epoch 58: loss = 267.2252197265625
Epoch 59: loss = 267.2247619628906
Epoch 60: loss = 267.2247619628906
Epoch 61: loss = 267.2247619628906
Epoch 62: loss = 267.2239685058594
Epoch 63: loss = 267.2227783203125
Epoch 64: loss = 267.2225646972656
Epoch 65: loss = 267.2218933105469
Epoch 66: loss = 267.2210388183594
Epoch 67: loss = 267.22027587890625
Epoch 68: loss = 267.22027587890625
Epoch 69: loss = 267.2198791503906
Epoch 70: loss = 267.21978759765625
Epoch 71: loss = 267.2192077636719
Epoch 72: loss = 267.2191467285156
Epoch 73: loss = 267.2190856933594
Epoch 74: loss = 267.2186584472656
Epoch 75: loss = 267.2185974121094
Epoch 76: loss = 267.21832275390625
Epoch 77: loss = 267.2181701660156
Epoch 78: loss = 267.2176818847656
Epoch 79: loss = 267.21771240234375
Epoch 80: loss = 267.21783447265625
Epoch 81: loss = 267.2176818847656
Epoch 82: loss = 267.21728515625
Epoch 83: loss = 267.2170715332031
Epoch 84: loss = 267.2170104980469
Epoch 85: loss = 267.2169494628906
Epoch 86: loss = 267.2169494628906
Epoch 87: loss = 267.2167053222656
Epoch 88: loss = 267.2169189453125
Epoch 89: loss = 267.2165832519531
Epoch 90: loss = 267.2165832519531
Epoch 91: loss = 267.21649169921875
Epoch 92: loss = 267.2164611816406
Epoch 93: loss = 267.21636962890625
Epoch 94: loss = 267.21636962890625
Epoch 95: loss = 267.2162170410156
Epoch 96: loss = 267.21624755859375
Epoch 97: loss = 267.21624755859375
Epoch 98: loss = 267.21630859375
Epoch 99: loss = 267.2161560058594
Epoch 100: loss = 267.2161560058594
Early stopping at epoch 100 with loss 267.2162170410156
Reconstruction for fluence = 2636.6508987303555 photons/pixel
Epoch 0: loss = 98071080.0
Epoch 1: loss = 115341.5390625
Epoch 2: loss = 17566.896484375
Epoch 3: loss = 5371.08935546875
Epoch 4: loss = 2445.703125
Epoch 5: loss = 1513.455078125
Epoch 6: loss = 1125.6842041015625
Epoch 7: loss = 941.6401977539062
Epoch 8: loss = 830.74853515625
Epoch 9: loss = 765.4140625
Epoch 10: loss = 724.7091064453125
Epoch 11: loss = 700.180908203125
Epoch 12: loss = 684.6810913085938
Epoch 13: loss = 673.7655029296875
Epoch 14: loss = 665.764892578125
Epoch 15: loss = 660.4015502929688
Epoch 16: loss = 655.7615966796875
Epoch 17: loss = 652.7865600585938
Epoch 18: loss = 650.5055541992188
Epoch 19: loss = 648.6615600585938
Epoch 20: loss = 647.3197631835938
Epoch 21: loss = 646.2417602539062
Epoch 22: loss = 645.5260620117188
Epoch 23: loss = 644.9335327148438
Epoch 24: loss = 644.423095703125
Epoch 25: loss = 644.0192260742188
Epoch 26: loss = 643.6951904296875
Epoch 27: loss = 643.4522705078125
Epoch 28: loss = 643.2551879882812
Epoch 29: loss = 643.0939331054688
Epoch 30: loss = 642.9638671875
Epoch 31: loss = 642.8591918945312
Epoch 32: loss = 642.7781372070312
Epoch 33: loss = 642.7075805664062
Epoch 34: loss = 642.6513671875
Epoch 35: loss = 642.6022338867188
Epoch 36: loss = 642.5601806640625
Epoch 37: loss = 642.5258178710938
Epoch 38: loss = 642.4988403320312
Epoch 39: loss = 642.475830078125
Epoch 40: loss = 642.4545288085938
Epoch 41: loss = 642.4382934570312
Epoch 42: loss = 642.4232788085938
Epoch 43: loss = 642.411376953125
Epoch 44: loss = 642.4031982421875
Epoch 45: loss = 642.3967895507812
Epoch 46: loss = 642.3956909179688
Epoch 47: loss = 642.3880004882812
Epoch 48: loss = 642.3811645507812
Epoch 49: loss = 642.3758544921875
Epoch 50: loss = 642.3705444335938
Epoch 51: loss = 642.3660278320312
Epoch 52: loss = 642.362548828125
Epoch 53: loss = 642.3596801757812
Epoch 54: loss = 642.3596801757812
Epoch 55: loss = 642.3582763671875
Epoch 56: loss = 642.3552856445312
Epoch 57: loss = 642.353759765625
Epoch 58: loss = 642.3529663085938
Epoch 59: loss = 642.3522338867188
Epoch 60: loss = 642.3499145507812
Epoch 61: loss = 642.3492431640625
Epoch 62: loss = 642.3489379882812
Epoch 63: loss = 642.3468017578125
Epoch 64: loss = 642.345703125
Epoch 65: loss = 642.3449096679688
Epoch 66: loss = 642.3442993164062
Epoch 67: loss = 642.34423828125
Epoch 68: loss = 642.3435668945312
Epoch 69: loss = 642.343017578125
Epoch 70: loss = 642.343017578125
Epoch 71: loss = 642.342041015625
Epoch 72: loss = 642.341796875
Epoch 73: loss = 642.3412475585938
Epoch 74: loss = 642.3412475585938
Epoch 75: loss = 642.3414916992188
Epoch 76: loss = 642.3401489257812
Epoch 77: loss = 642.3405151367188
Epoch 78: loss = 642.3396606445312
Epoch 79: loss = 642.3397216796875
Epoch 80: loss = 642.34033203125
Epoch 81: loss = 642.3386840820312
Epoch 82: loss = 642.3397827148438
Epoch 83: loss = 642.3397827148438
Epoch 84: loss = 642.3394165039062
Epoch 85: loss = 642.3387451171875
Epoch 86: loss = 642.3383178710938
Epoch 87: loss = 642.33837890625
Epoch 88: loss = 642.3384399414062
Epoch 89: loss = 642.3388671875
Epoch 90: loss = 642.3388671875
Epoch 91: loss = 642.3367919921875
Epoch 92: loss = 642.3385009765625
Epoch 93: loss = 642.3379516601562
Epoch 94: loss = 642.3388061523438
Epoch 95: loss = 642.3389892578125
Epoch 96: loss = 642.3380126953125
Early stopping at epoch 96 with loss 642.3367919921875
Reconstruction for fluence = 6158.482110660255 photons/pixel
Epoch 0: loss = 535050240.0
Epoch 1: loss = 627274.625
Epoch 2: loss = 97435.3515625
Epoch 3: loss = 28278.814453125
Epoch 4: loss = 11682.6201171875
Epoch 5: loss = 6266.26025390625
Epoch 6: loss = 3988.009033203125
Epoch 7: loss = 2924.828125
Epoch 8: loss = 2328.83251953125
Epoch 9: loss = 1970.50439453125
Epoch 10: loss = 1763.822265625
Epoch 11: loss = 1637.706298828125
Epoch 12: loss = 1561.269775390625
Epoch 13: loss = 1500.580322265625
Epoch 14: loss = 1460.9630126953125
Epoch 15: loss = 1434.5574951171875
Epoch 16: loss = 1416.68798828125
Epoch 17: loss = 1403.9654541015625
Epoch 18: loss = 1394.6358642578125
Epoch 19: loss = 1386.5855712890625
Epoch 20: loss = 1380.81689453125
Epoch 21: loss = 1376.2086181640625
Epoch 22: loss = 1373.19970703125
Epoch 23: loss = 1370.9857177734375
Epoch 24: loss = 1368.9918212890625
Epoch 25: loss = 1367.400390625
Epoch 26: loss = 1366.131103515625
Epoch 27: loss = 1365.1727294921875
Epoch 28: loss = 1364.4793701171875
Epoch 29: loss = 1363.826171875
Epoch 30: loss = 1363.3138427734375
Epoch 31: loss = 1362.8800048828125
Epoch 32: loss = 1362.55859375
Epoch 33: loss = 1362.3131103515625
Epoch 34: loss = 1362.0748291015625
Epoch 35: loss = 1361.8709716796875
Epoch 36: loss = 1361.7156982421875
Epoch 37: loss = 1361.57568359375
Epoch 38: loss = 1361.4683837890625
Epoch 39: loss = 1361.3828125
Epoch 40: loss = 1361.295166015625
Epoch 41: loss = 1361.22998046875
Epoch 42: loss = 1361.1744384765625
Epoch 43: loss = 1361.13134765625
Epoch 44: loss = 1361.1019287109375
Epoch 45: loss = 1361.0711669921875
Epoch 46: loss = 1361.0423583984375
Epoch 47: loss = 1361.015380859375
Epoch 48: loss = 1361.0074462890625
Epoch 49: loss = 1360.9891357421875
Epoch 50: loss = 1360.9683837890625
Epoch 51: loss = 1360.9619140625
Epoch 52: loss = 1360.949951171875
Epoch 53: loss = 1360.9390869140625
Epoch 54: loss = 1360.93017578125
Epoch 55: loss = 1360.92626953125
Epoch 56: loss = 1360.916015625
Epoch 57: loss = 1360.9097900390625
Epoch 58: loss = 1360.90087890625
Epoch 59: loss = 1360.904052734375
Epoch 60: loss = 1360.8980712890625
Epoch 61: loss = 1360.891357421875
Epoch 62: loss = 1360.8931884765625
Epoch 63: loss = 1360.8941650390625
Epoch 64: loss = 1360.8883056640625
Epoch 65: loss = 1360.8883056640625
Epoch 66: loss = 1360.8878173828125
Epoch 67: loss = 1360.8878173828125
Epoch 68: loss = 1360.8863525390625
Epoch 69: loss = 1360.885009765625
Epoch 70: loss = 1360.885009765625
Epoch 71: loss = 1360.8853759765625
Epoch 72: loss = 1360.880859375
Epoch 73: loss = 1360.8800048828125
Epoch 74: loss = 1360.8834228515625
Epoch 75: loss = 1360.8807373046875
Epoch 76: loss = 1360.8848876953125
Epoch 77: loss = 1360.8785400390625
Epoch 78: loss = 1360.8807373046875
Epoch 79: loss = 1360.8785400390625
Epoch 80: loss = 1360.8853759765625
Epoch 81: loss = 1360.881103515625
Epoch 82: loss = 1360.8760986328125
Epoch 83: loss = 1360.8795166015625
Epoch 84: loss = 1360.878173828125
Epoch 85: loss = 1360.884521484375
Epoch 86: loss = 1360.8795166015625
Epoch 87: loss = 1360.87646484375
Early stopping at epoch 87 with loss 1360.8760986328125
Reconstruction for fluence = 14384.498882876629 photons/pixel
Epoch 0: loss = 2918710784.0
Epoch 1: loss = 3408243.5
Epoch 2: loss = 516042.625
Epoch 3: loss = 142295.109375
Epoch 4: loss = 55889.6875
Epoch 5: loss = 27464.5234375
Epoch 6: loss = 16615.875
Epoch 7: loss = 11331.1318359375
Epoch 8: loss = 8371.0478515625
Epoch 9: loss = 6605.09912109375
Epoch 10: loss = 5542.55712890625
Epoch 11: loss = 4920.7978515625
Epoch 12: loss = 4517.9775390625
Epoch 13: loss = 4221.470703125
Epoch 14: loss = 4033.66845703125
Epoch 15: loss = 3896.4462890625
Epoch 16: loss = 3806.52685546875
Epoch 17: loss = 3751.268310546875
Epoch 18: loss = 3703.432861328125
Epoch 19: loss = 3663.09033203125
Epoch 20: loss = 3634.448974609375
Epoch 21: loss = 3612.14697265625
Epoch 22: loss = 3596.69677734375
Epoch 23: loss = 3584.62548828125
Epoch 24: loss = 3574.7099609375
Epoch 25: loss = 3566.5419921875
Epoch 26: loss = 3560.35595703125
Epoch 27: loss = 3555.786865234375
Epoch 28: loss = 3552.368408203125
Epoch 29: loss = 3549.488037109375
Epoch 30: loss = 3546.919189453125
Epoch 31: loss = 3544.941650390625
Epoch 32: loss = 3543.295166015625
Epoch 33: loss = 3542.064208984375
Epoch 34: loss = 3540.96533203125
Epoch 35: loss = 3540.049560546875
Epoch 36: loss = 3539.270751953125
Epoch 37: loss = 3538.642822265625
Epoch 38: loss = 3538.142333984375
Epoch 39: loss = 3537.749267578125
Epoch 40: loss = 3537.40283203125
Epoch 41: loss = 3537.112548828125
Epoch 42: loss = 3536.857177734375
Epoch 43: loss = 3536.65673828125
Epoch 44: loss = 3536.502685546875
Epoch 45: loss = 3536.36181640625
Epoch 46: loss = 3536.2431640625
Epoch 47: loss = 3536.12158203125
Epoch 48: loss = 3536.053466796875
Epoch 49: loss = 3535.96142578125
Epoch 50: loss = 3535.918212890625
Epoch 51: loss = 3535.877197265625
Epoch 52: loss = 3535.8115234375
Epoch 53: loss = 3535.79150390625
Epoch 54: loss = 3535.760986328125
Epoch 55: loss = 3535.727783203125
Epoch 56: loss = 3535.72216796875
Epoch 57: loss = 3535.689697265625
Epoch 58: loss = 3535.66845703125
Epoch 59: loss = 3535.6494140625
Epoch 60: loss = 3535.658935546875
Epoch 61: loss = 3535.63525390625
Epoch 62: loss = 3535.641845703125
Epoch 63: loss = 3535.620361328125
Epoch 64: loss = 3535.61279296875
Epoch 65: loss = 3535.608154296875
Epoch 66: loss = 3535.591064453125
Epoch 67: loss = 3535.591064453125
Epoch 68: loss = 3535.59716796875
Epoch 69: loss = 3535.579345703125
Epoch 70: loss = 3535.584716796875
Epoch 71: loss = 3535.5791015625
Epoch 72: loss = 3535.570556640625
Epoch 73: loss = 3535.559326171875
Epoch 74: loss = 3535.584228515625
Epoch 75: loss = 3535.5751953125
Epoch 76: loss = 3535.572509765625
Epoch 77: loss = 3535.57421875
Epoch 78: loss = 3535.573974609375
Early stopping at epoch 78 with loss 3535.559326171875
Reconstruction for fluence = 33598.18286283781 photons/pixel
Epoch 0: loss = 15922626560.0
Epoch 1: loss = 18594042.0
Epoch 2: loss = 2748064.75
Epoch 3: loss = 720425.9375
Epoch 4: loss = 270692.5625
Epoch 5: loss = 124810.3359375
Epoch 6: loss = 73515.625
Epoch 7: loss = 45464.80078125
Epoch 8: loss = 31065.357421875
Epoch 9: loss = 22255.685546875
Epoch 10: loss = 17066.94921875
Epoch 11: loss = 14108.9443359375
Epoch 12: loss = 12298.048828125
Epoch 13: loss = 10994.3701171875
Epoch 14: loss = 10023.5048828125
Epoch 15: loss = 9378.9736328125
Epoch 16: loss = 8923.3466796875
Epoch 17: loss = 8654.4443359375
Epoch 18: loss = 8428.1982421875
Epoch 19: loss = 8247.8271484375
Epoch 20: loss = 8114.0556640625
Epoch 21: loss = 8012.39599609375
Epoch 22: loss = 7942.30224609375
Epoch 23: loss = 7888.76904296875
Epoch 24: loss = 7847.03662109375
Epoch 25: loss = 7813.3046875
Epoch 26: loss = 7786.5791015625
Epoch 27: loss = 7766.75537109375
Epoch 28: loss = 7751.5849609375
Epoch 29: loss = 7739.671875
Epoch 30: loss = 7728.384765625
Epoch 31: loss = 7719.54541015625
Epoch 32: loss = 7712.9140625
Epoch 33: loss = 7707.580078125
Epoch 34: loss = 7703.88720703125
Epoch 35: loss = 7699.74462890625
Epoch 36: loss = 7696.642578125
Epoch 37: loss = 7694.033203125
Epoch 38: loss = 7692.291015625
Epoch 39: loss = 7690.59716796875
Epoch 40: loss = 7689.2880859375
Epoch 41: loss = 7688.1474609375
Epoch 42: loss = 7687.57470703125
Epoch 43: loss = 7686.7744140625
Epoch 44: loss = 7686.109375
Epoch 45: loss = 7685.59130859375
Epoch 46: loss = 7685.13916015625
Epoch 47: loss = 7684.7509765625
Epoch 48: loss = 7684.68603515625
Epoch 49: loss = 7684.34814453125
Epoch 50: loss = 7684.18408203125
Epoch 51: loss = 7683.99462890625
Epoch 52: loss = 7683.8046875
Epoch 53: loss = 7683.65380859375
Epoch 54: loss = 7683.62353515625
Epoch 55: loss = 7683.45849609375
Epoch 56: loss = 7683.38720703125
Epoch 57: loss = 7683.33935546875
Epoch 58: loss = 7683.29541015625
Epoch 59: loss = 7683.2431640625
Epoch 60: loss = 7683.20654296875
Epoch 61: loss = 7683.171875
Epoch 62: loss = 7683.20166015625
Epoch 63: loss = 7683.11181640625
Epoch 64: loss = 7683.07275390625
Epoch 65: loss = 7683.0556640625
Epoch 66: loss = 7683.07275390625
Epoch 67: loss = 7683.04541015625
Epoch 68: loss = 7683.05224609375
Epoch 69: loss = 7683.0166015625
Epoch 70: loss = 7683.0625
Epoch 71: loss = 7683.03759765625
Epoch 72: loss = 7683.01025390625
Epoch 73: loss = 7683.0400390625
Epoch 74: loss = 7682.978515625
Epoch 75: loss = 7682.984375
Epoch 76: loss = 7682.95654296875
Epoch 77: loss = 7683.00537109375
Epoch 78: loss = 7683.0068359375
Epoch 79: loss = 7682.99462890625
Epoch 80: loss = 7683.064453125
Epoch 81: loss = 7683.0380859375
Early stopping at epoch 81 with loss 7682.95654296875
Reconstruction for fluence = 78475.99703514607 photons/pixel
Epoch 0: loss = 86869950464.0
Epoch 1: loss = 101287496.0
Epoch 2: loss = 15010478.0
Epoch 3: loss = 3941917.25
Epoch 4: loss = 1518287.375
Epoch 5: loss = 691305.0625
Epoch 6: loss = 389879.4375
Epoch 7: loss = 236317.109375
Epoch 8: loss = 151786.890625
Epoch 9: loss = 106298.7890625
Epoch 10: loss = 72056.4453125
Epoch 11: loss = 55296.671875
Epoch 12: loss = 43633.83203125
Epoch 13: loss = 35937.23046875
Epoch 14: loss = 30478.87890625
Epoch 15: loss = 26711.181640625
Epoch 16: loss = 24098.7578125
Epoch 17: loss = 22505.04296875
Epoch 18: loss = 21129.087890625
Epoch 19: loss = 20158.177734375
Epoch 20: loss = 19408.59375
Epoch 21: loss = 18808.47265625
Epoch 22: loss = 18402.900390625
Epoch 23: loss = 18082.314453125
Epoch 24: loss = 17841.5390625
Epoch 25: loss = 17644.68359375
Epoch 26: loss = 17491.65625
Epoch 27: loss = 17366.40625
Epoch 28: loss = 17281.0703125
Epoch 29: loss = 17207.322265625
Epoch 30: loss = 17146.634765625
Epoch 31: loss = 17098.3984375
Epoch 32: loss = 17061.90234375
Epoch 33: loss = 17032.392578125
Epoch 34: loss = 17009.103515625
Epoch 35: loss = 16988.58984375
Epoch 36: loss = 16972.306640625
Epoch 37: loss = 16958.658203125
Epoch 38: loss = 16948.71484375
Epoch 39: loss = 16940.66015625
Epoch 40: loss = 16933.6796875
Epoch 41: loss = 16927.80859375
Epoch 42: loss = 16922.58203125
Epoch 43: loss = 16918.8203125
Epoch 44: loss = 16915.904296875
Epoch 45: loss = 16912.97265625
Epoch 46: loss = 16910.951171875
Epoch 47: loss = 16910.705078125
Epoch 48: loss = 16908.92578125
Epoch 49: loss = 16907.673828125
Epoch 50: loss = 16906.580078125
Epoch 51: loss = 16905.490234375
Epoch 52: loss = 16904.916015625
Epoch 53: loss = 16904.31640625
Epoch 54: loss = 16903.732421875
Epoch 55: loss = 16903.326171875
Epoch 56: loss = 16903.080078125
Epoch 57: loss = 16902.74609375
Epoch 58: loss = 16902.34375
Epoch 59: loss = 16902.375
Epoch 60: loss = 16901.994140625
Epoch 61: loss = 16901.796875
Epoch 62: loss = 16901.771484375
Epoch 63: loss = 16901.634765625
Epoch 64: loss = 16901.544921875
Epoch 65: loss = 16901.267578125
Epoch 66: loss = 16901.396484375
Epoch 67: loss = 16901.384765625
Epoch 68: loss = 16901.30859375
Epoch 69: loss = 16901.337890625
Epoch 70: loss = 16901.294921875
Early stopping at epoch 70 with loss 16901.267578125
Reconstruction for fluence = 183298.07108324335 photons/pixel
Epoch 0: loss = 473926828032.0
Epoch 1: loss = 553392576.0
Epoch 2: loss = 81576248.0
Epoch 3: loss = 22075684.0
Epoch 4: loss = 8464667.0
Epoch 5: loss = 3817414.25
Epoch 6: loss = 2101742.75
Epoch 7: loss = 1276334.625
Epoch 8: loss = 795364.25
Epoch 9: loss = 521627.84375
Epoch 10: loss = 354534.71875
Epoch 11: loss = 257192.5625
Epoch 12: loss = 194928.375
Epoch 13: loss = 150781.953125
Epoch 14: loss = 119539.4296875
Epoch 15: loss = 97947.0390625
Epoch 16: loss = 84195.40625
Epoch 17: loss = 74691.0625
Epoch 18: loss = 67834.484375
Epoch 19: loss = 62372.5625
Epoch 20: loss = 58176.65625
Epoch 21: loss = 54824.3359375
Epoch 22: loss = 52788.2578125
Epoch 23: loss = 51143.41796875
Epoch 24: loss = 49813.79296875
Epoch 25: loss = 48773.03515625
Epoch 26: loss = 47970.19921875
Epoch 27: loss = 47362.74609375
Epoch 28: loss = 46902.89453125
Epoch 29: loss = 46498.90234375
Epoch 30: loss = 46174.828125
Epoch 31: loss = 45942.74609375
Epoch 32: loss = 45782.515625
Epoch 33: loss = 45614.72265625
Epoch 34: loss = 45493.75
Epoch 35: loss = 45390.53515625
Epoch 36: loss = 45304.015625
Epoch 37: loss = 45237.47265625
Epoch 38: loss = 45183.5390625
Epoch 39: loss = 45138.05859375
Epoch 40: loss = 45101.5859375
Epoch 41: loss = 45069.88671875
Epoch 42: loss = 45042.77734375
Epoch 43: loss = 45021.59375
Epoch 44: loss = 45003.640625
Epoch 45: loss = 44989.45703125
Epoch 46: loss = 44977.76171875
Epoch 47: loss = 44968.02734375
Epoch 48: loss = 44960.04296875
Epoch 49: loss = 44954.51171875
Epoch 50: loss = 44948.91015625
Epoch 51: loss = 44944.01953125
Epoch 52: loss = 44940.31640625
Epoch 53: loss = 44936.87109375
Epoch 54: loss = 44935.7734375
Epoch 55: loss = 44933.60546875
Epoch 56: loss = 44931.5703125
Epoch 57: loss = 44929.99609375
Epoch 58: loss = 44928.85546875
Epoch 59: loss = 44927.73046875
Epoch 60: loss = 44926.41796875
Epoch 61: loss = 44926.61328125
Epoch 62: loss = 44925.703125
Epoch 63: loss = 44925.5546875
Epoch 64: loss = 44925.1796875
Epoch 65: loss = 44924.8828125
Epoch 66: loss = 44924.18359375
Epoch 67: loss = 44923.73046875
Epoch 68: loss = 44923.73046875
Epoch 69: loss = 44924.43359375
Epoch 70: loss = 44924.22265625
Epoch 71: loss = 44923.63671875
Epoch 72: loss = 44923.390625
Epoch 73: loss = 44923.49609375
Epoch 74: loss = 44923.4375
Epoch 75: loss = 44923.2109375
Epoch 76: loss = 44922.93359375
Epoch 77: loss = 44922.8671875
Epoch 78: loss = 44923.8125
Epoch 79: loss = 44922.640625
Epoch 80: loss = 44922.9296875
Epoch 81: loss = 44922.64453125
Epoch 82: loss = 44922.38671875
Epoch 83: loss = 44922.8125
Epoch 84: loss = 44923.140625
Epoch 85: loss = 44922.1953125
Epoch 86: loss = 44922.375
Epoch 87: loss = 44922.6171875
Epoch 88: loss = 44922.71484375
Epoch 89: loss = 44922.6328125
Epoch 90: loss = 44922.1171875
Epoch 91: loss = 44922.93359375
Epoch 92: loss = 44922.35546875
Epoch 93: loss = 44922.84375
Epoch 94: loss = 44921.93359375
Epoch 95: loss = 44922.68359375
Epoch 96: loss = 44922.64453125
Epoch 97: loss = 44922.25390625
Epoch 98: loss = 44922.78515625
Epoch 99: loss = 44922.4453125
Early stopping at epoch 99 with loss 44921.93359375
Reconstruction for fluence = 428133.2398719387 photons/pixel
Epoch 0: loss = 2585506611200.0
Epoch 1: loss = 3017396736.0
Epoch 2: loss = 443945248.0
Epoch 3: loss = 116926848.0
Epoch 4: loss = 43333752.0
Epoch 5: loss = 20331592.0
Epoch 6: loss = 11165609.0
Epoch 7: loss = 6401874.0
Epoch 8: loss = 4071128.0
Epoch 9: loss = 2643772.0
Epoch 10: loss = 1757646.5
Epoch 11: loss = 1228828.25
Epoch 12: loss = 904844.6875
Epoch 13: loss = 666080.8125
Epoch 14: loss = 501515.84375
Epoch 15: loss = 390412.65625
Epoch 16: loss = 318242.46875
Epoch 17: loss = 262806.90625
Epoch 18: loss = 220671.71875
Epoch 19: loss = 191847.25
Epoch 20: loss = 169718.328125
Epoch 21: loss = 153419.453125
Epoch 22: loss = 141993.609375
Epoch 23: loss = 133286.09375
Epoch 24: loss = 126202.2890625
Epoch 25: loss = 120293.0546875
Epoch 26: loss = 115838.5546875
Epoch 27: loss = 112712.7265625
Epoch 28: loss = 110012.7578125
Epoch 29: loss = 107811.7109375
Epoch 30: loss = 106095.0
Epoch 31: loss = 104678.390625
Epoch 32: loss = 103639.3984375
Epoch 33: loss = 102824.4296875
Epoch 34: loss = 102146.609375
Epoch 35: loss = 101593.7265625
Epoch 36: loss = 101138.5703125
Epoch 37: loss = 100768.625
Epoch 38: loss = 100469.375
Epoch 39: loss = 100230.7421875
Epoch 40: loss = 100012.0859375
Epoch 41: loss = 99828.84375
Epoch 42: loss = 99678.609375
Epoch 43: loss = 99572.3203125
Epoch 44: loss = 99480.6640625
Epoch 45: loss = 99403.9765625
Epoch 46: loss = 99344.734375
Epoch 47: loss = 99291.484375
Epoch 48: loss = 99252.7734375
Epoch 49: loss = 99219.4765625
Epoch 50: loss = 99188.5
Epoch 51: loss = 99162.0234375
Epoch 52: loss = 99143.75
Epoch 53: loss = 99131.09375
Epoch 54: loss = 99118.7421875
Epoch 55: loss = 99105.65625
Epoch 56: loss = 99095.0546875
Epoch 57: loss = 99090.3046875
Epoch 58: loss = 99084.015625
Epoch 59: loss = 99078.328125
Epoch 60: loss = 99073.2265625
Epoch 61: loss = 99070.453125
Epoch 62: loss = 99067.9765625
Epoch 63: loss = 99062.296875
Epoch 64: loss = 99061.453125
Epoch 65: loss = 99062.5546875
Epoch 66: loss = 99058.640625
Epoch 67: loss = 99057.703125
Epoch 68: loss = 99056.5703125
Epoch 69: loss = 99053.65625
Epoch 70: loss = 99057.109375
Epoch 71: loss = 99053.859375
Epoch 72: loss = 99054.8984375
Epoch 73: loss = 99053.5390625
Epoch 74: loss = 99051.3984375
Epoch 75: loss = 99052.0859375
Epoch 76: loss = 99052.4921875
Epoch 77: loss = 99053.0390625
Epoch 78: loss = 99052.015625
Epoch 79: loss = 99048.9609375
Epoch 80: loss = 99051.6953125
Epoch 81: loss = 99049.140625
Epoch 82: loss = 99050.0
Epoch 83: loss = 99050.78125
Epoch 84: loss = 99051.1796875
Early stopping at epoch 84 with loss 99048.9609375
Reconstruction for fluence = 1000000.0 photons/pixel
Epoch 0: loss = 14105298599936.0
Epoch 1: loss = 16455379968.0
Epoch 2: loss = 2423849984.0
Epoch 3: loss = 657485632.0
Epoch 4: loss = 251670128.0
Epoch 5: loss = 112835256.0
Epoch 6: loss = 63242668.0
Epoch 7: loss = 37820380.0
Epoch 8: loss = 22907340.0
Epoch 9: loss = 14136981.0
Epoch 10: loss = 9215496.0
Epoch 11: loss = 6357851.0
Epoch 12: loss = 4946402.5
Epoch 13: loss = 3315883.25
Epoch 14: loss = 2425244.0
Epoch 15: loss = 1791636.875
Epoch 16: loss = 1398955.75
Epoch 17: loss = 1111311.375
Epoch 18: loss = 891943.875
Epoch 19: loss = 729216.125
Epoch 20: loss = 611262.6875
Epoch 21: loss = 524214.78125
Epoch 22: loss = 463456.0
Epoch 23: loss = 414050.5625
Epoch 24: loss = 376603.40625
Epoch 25: loss = 345274.90625
Epoch 26: loss = 322496.0
Epoch 27: loss = 306980.65625
Epoch 28: loss = 292774.6875
Epoch 29: loss = 281682.65625
Epoch 30: loss = 272754.4375
Epoch 31: loss = 265606.3125
Epoch 32: loss = 260139.109375
Epoch 33: loss = 255742.109375
Epoch 34: loss = 252293.859375
Epoch 35: loss = 249352.25
Epoch 36: loss = 246760.21875
Epoch 37: loss = 244667.171875
Epoch 38: loss = 243104.5625
Epoch 39: loss = 241846.28125
Epoch 40: loss = 240706.21875
Epoch 41: loss = 239777.953125
Epoch 42: loss = 239011.28125
Epoch 43: loss = 238417.328125
Epoch 44: loss = 237925.0625
Epoch 45: loss = 237542.0
Epoch 46: loss = 237194.96875
Epoch 47: loss = 236920.5625
Epoch 48: loss = 236724.671875
Epoch 49: loss = 236534.21875
Epoch 50: loss = 236397.671875
Epoch 51: loss = 236257.609375
Epoch 52: loss = 236162.828125
Epoch 53: loss = 236086.71875
Epoch 54: loss = 236017.71875
Epoch 55: loss = 235954.390625
Epoch 56: loss = 235910.53125
Epoch 57: loss = 235870.890625
Epoch 58: loss = 235835.953125
Epoch 59: loss = 235796.5625
Epoch 60: loss = 235777.640625
Epoch 61: loss = 235763.578125
Epoch 62: loss = 235739.671875
Epoch 63: loss = 235731.25
Epoch 64: loss = 235714.140625
Epoch 65: loss = 235716.53125
Epoch 66: loss = 235699.453125
Epoch 67: loss = 235686.28125
Epoch 68: loss = 235687.21875
Epoch 69: loss = 235682.453125
Epoch 70: loss = 235680.78125
Epoch 71: loss = 235679.5
Epoch 72: loss = 235675.71875
Epoch 73: loss = 235669.75
Epoch 74: loss = 235668.421875
Epoch 75: loss = 235664.21875
Epoch 76: loss = 235660.421875
Epoch 77: loss = 235660.421875
Epoch 78: loss = 235656.390625
Epoch 79: loss = 235649.46875
Epoch 80: loss = 235657.359375
Epoch 81: loss = 235666.109375
Epoch 82: loss = 235652.671875
Epoch 83: loss = 235652.21875
Epoch 84: loss = 235644.21875
Epoch 85: loss = 235655.21875
Epoch 86: loss = 235644.953125
Epoch 87: loss = 235655.03125
Epoch 88: loss = 235647.78125
Epoch 89: loss = 235642.421875
Epoch 90: loss = 235638.96875
Epoch 91: loss = 235651.609375
Epoch 92: loss = 235644.578125
Epoch 93: loss = 235650.28125
Epoch 94: loss = 235644.890625
Epoch 95: loss = 235653.5
Early stopping at epoch 95 with loss 235638.96875
Tensors initialization on device cuda
Multiprobe = band_lim
torch.Size([1, 64, 64])

('MSE', 'PoissonNLL') RECONSTRUCTIONS

Reconstruction for fluence = 0.09999999999999999 photons/pixel
Epoch 0: loss = 0.2873013913631439
Epoch 1: loss = 0.04949042573571205
Epoch 2: loss = 0.04295404627919197
Epoch 3: loss = 0.04172446206212044
Epoch 4: loss = 0.041441384702920914
Epoch 5: loss = 0.041348207741975784
Epoch 6: loss = 0.04131138697266579
Epoch 7: loss = 0.04128433018922806
Epoch 8: loss = 0.041216783225536346
Epoch 9: loss = 0.04118066281080246
Epoch 10: loss = 0.04114067181944847
Epoch 11: loss = 0.04110340401530266
Epoch 12: loss = 0.04105890169739723
Epoch 13: loss = 0.0410035066306591
Epoch 14: loss = 0.040925879031419754
Epoch 0: loss = 0.11850966513156891
Epoch 1: loss = 0.07666829228401184
Epoch 2: loss = 0.0753791332244873
Epoch 3: loss = 0.0751931443810463
Epoch 4: loss = 0.0751476138830185
Epoch 5: loss = 0.07509155571460724
Epoch 6: loss = 0.07504504919052124
Epoch 7: loss = 0.07504282146692276
Epoch 8: loss = 0.075042724609375
Epoch 9: loss = 0.07504258304834366
Epoch 10: loss = 0.07504254579544067
Early stopping at epoch 10 with loss 0.07509155571460724
Reconstruction for fluence = 0.23357214690901223 photons/pixel
Epoch 0: loss = 1.2791756391525269
Epoch 1: loss = 0.11216868460178375
Epoch 2: loss = 0.09311109036207199
Epoch 3: loss = 0.08957096934318542
Epoch 4: loss = 0.08865538239479065
Epoch 5: loss = 0.08837813884019852
Epoch 6: loss = 0.08825806528329849
Epoch 7: loss = 0.08820409327745438
Epoch 8: loss = 0.08818449079990387
Epoch 9: loss = 0.08817815035581589
Epoch 10: loss = 0.0881754457950592
Epoch 11: loss = 0.08817445486783981
Early stopping at epoch 11 with loss 0.08825806528329849
Epoch 0: loss = 0.06421128660440445
Epoch 1: loss = 0.002027276437729597
Epoch 2: loss = 0.0004918177728541195
Epoch 3: loss = 0.0003397050895728171
Epoch 4: loss = 0.00030668245744891465
Epoch 5: loss = 0.00029592300415970385
Epoch 6: loss = 0.000291106611257419
Epoch 7: loss = 0.0002904989814851433
Epoch 8: loss = 0.0002902779378928244
Early stopping at epoch 8 with loss 0.0003397050895728171
Reconstruction for fluence = 0.5455594781168519 photons/pixel
Epoch 0: loss = 6.412581443786621
Epoch 1: loss = 0.27321845293045044
Epoch 2: loss = 0.21873213350772858
Epoch 3: loss = 0.20833002030849457
Epoch 4: loss = 0.20564903318881989
Epoch 5: loss = 0.20479165017604828
Epoch 6: loss = 0.20457427203655243
Epoch 7: loss = 0.20448099076747894
Epoch 8: loss = 0.2044477015733719
Epoch 9: loss = 0.2044338881969452
Epoch 10: loss = 0.20443031191825867
Epoch 11: loss = 0.20442679524421692
Epoch 12: loss = 0.20442555844783783
Epoch 13: loss = 0.2044246941804886
Early stopping at epoch 13 with loss 0.2044477015733719
Epoch 0: loss = -0.3282240927219391
Epoch 1: loss = -0.42422884702682495
Epoch 2: loss = -0.4270661771297455
Epoch 3: loss = -0.42739138007164
Epoch 4: loss = -0.42743223905563354
Epoch 5: loss = -0.42745521664619446
Epoch 6: loss = -0.4274761974811554
Epoch 7: loss = -0.4274887144565582
Epoch 8: loss = -0.4274994134902954
Epoch 9: loss = -0.4275158941745758
Epoch 10: loss = -0.42752331495285034
Epoch 11: loss = -0.4275297224521637
Epoch 12: loss = -0.4275332987308502
Epoch 13: loss = -0.4275375008583069
Early stopping at epoch 13 with loss -0.4274994134902954
Reconstruction for fluence = 1.2742749857031335 photons/pixel
Epoch 0: loss = 32.269325256347656
Epoch 1: loss = 0.6019775867462158
Epoch 2: loss = 0.4504587948322296
Epoch 3: loss = 0.41667836904525757
Epoch 4: loss = 0.407366007566452
Epoch 5: loss = 0.4046993851661682
Epoch 6: loss = 0.4037979543209076
Epoch 7: loss = 0.40344181656837463
Epoch 8: loss = 0.40327027440071106
Epoch 9: loss = 0.4031966030597687
Epoch 10: loss = 0.40316513180732727
Epoch 11: loss = 0.4031541645526886
Epoch 12: loss = 0.40314996242523193
Epoch 13: loss = 0.40314802527427673
Epoch 14: loss = 0.4031476676464081
Epoch 0: loss = -1.9267826080322266
Epoch 1: loss = -2.0608513355255127
Epoch 2: loss = -2.0649795532226562
Epoch 3: loss = -2.065678596496582
Epoch 4: loss = -2.0659451484680176
Epoch 5: loss = -2.066105842590332
Epoch 6: loss = -2.0662105083465576
Epoch 7: loss = -2.0662624835968018
Epoch 8: loss = -2.066274642944336
Epoch 9: loss = -2.0662834644317627
Epoch 10: loss = -2.0662851333618164
Epoch 11: loss = -2.0662853717803955
Early stopping at epoch 11 with loss -2.0662105083465576
Reconstruction for fluence = 2.976351441631318 photons/pixel
Epoch 0: loss = 172.85595703125
Epoch 1: loss = 1.5756727457046509
Epoch 2: loss = 1.007287621498108
Epoch 3: loss = 0.911498486995697
Epoch 4: loss = 0.8843324184417725
Epoch 5: loss = 0.8710750937461853
Epoch 6: loss = 0.8676484823226929
Epoch 7: loss = 0.8659335374832153
Epoch 8: loss = 0.8652201890945435
Epoch 9: loss = 0.8648568391799927
Epoch 10: loss = 0.864711582660675
Epoch 11: loss = 0.8646472096443176
Epoch 12: loss = 0.8646174073219299
Epoch 13: loss = 0.8646016716957092
Epoch 14: loss = 0.8645936250686646
Epoch 0: loss = -7.059473037719727
Epoch 1: loss = -7.248663902282715
Epoch 2: loss = -7.255674839019775
Epoch 3: loss = -7.25689172744751
Epoch 4: loss = -7.257241249084473
Epoch 5: loss = -7.25734806060791
Epoch 6: loss = -7.257414817810059
Epoch 7: loss = -7.257480144500732
Epoch 8: loss = -7.257532596588135
Epoch 9: loss = -7.257532596588135
Epoch 10: loss = -7.257543087005615
Epoch 11: loss = -7.257547855377197
Epoch 12: loss = -7.257562637329102
Early stopping at epoch 12 with loss -7.257480144500732
Reconstruction for fluence = 6.9519279617756045 photons/pixel
Epoch 0: loss = 938.0408325195312
Epoch 1: loss = 3.889941692352295
Epoch 2: loss = 2.3331942558288574
Epoch 3: loss = 1.9927438497543335
Epoch 4: loss = 1.8871939182281494
Epoch 5: loss = 1.8451478481292725
Epoch 6: loss = 1.830486536026001
Epoch 7: loss = 1.8239293098449707
Epoch 8: loss = 1.819201111793518
Epoch 9: loss = 1.817050576210022
Epoch 10: loss = 1.8158531188964844
Epoch 11: loss = 1.8152929544448853
Epoch 12: loss = 1.8149808645248413
Epoch 13: loss = 1.8147413730621338
Epoch 14: loss = 1.814583659172058
Epoch 0: loss = -22.54476547241211
Epoch 1: loss = -22.801759719848633
Epoch 2: loss = -22.811866760253906
Epoch 3: loss = -22.81374740600586
Epoch 4: loss = -22.81459617614746
Epoch 5: loss = -22.8150634765625
Epoch 6: loss = -22.815235137939453
Epoch 7: loss = -22.815378189086914
Epoch 8: loss = -22.81541633605957
Epoch 9: loss = -22.8154239654541
Epoch 10: loss = -22.815454483032227
Epoch 11: loss = -22.81545639038086
Epoch 12: loss = -22.815460205078125
Early stopping at epoch 12 with loss -22.815378189086914
Reconstruction for fluence = 16.23776739188721 photons/pixel
Epoch 0: loss = 5107.56884765625
Epoch 1: loss = 14.350199699401855
Epoch 2: loss = 6.085104465484619
Epoch 3: loss = 4.931379318237305
Epoch 4: loss = 4.523874759674072
Epoch 5: loss = 4.349256992340088
Epoch 6: loss = 4.284922122955322
Epoch 7: loss = 4.251158714294434
Epoch 8: loss = 4.231169700622559
Epoch 9: loss = 4.220514297485352
Epoch 10: loss = 4.214954853057861
Epoch 11: loss = 4.210964679718018
Epoch 12: loss = 4.208952903747559
Epoch 13: loss = 4.207615852355957
Epoch 14: loss = 4.206874370574951
Epoch 0: loss = -66.55734252929688
Epoch 1: loss = -66.93130493164062
Epoch 2: loss = -66.9452896118164
Epoch 3: loss = -66.94810485839844
Epoch 4: loss = -66.94922637939453
Epoch 5: loss = -66.9498062133789
Epoch 6: loss = -66.95046997070312
Epoch 7: loss = -66.9505615234375
Epoch 8: loss = -66.95072174072266
Epoch 9: loss = -66.95075225830078
Epoch 10: loss = -66.9507827758789
Epoch 11: loss = -66.95079040527344
Epoch 12: loss = -66.95084381103516
Epoch 13: loss = -66.9510269165039
Epoch 14: loss = -66.95110321044922
Epoch 15: loss = -66.95111083984375
Epoch 16: loss = -66.95111846923828
Epoch 17: loss = -66.95111846923828
Epoch 18: loss = -66.95112609863281
Early stopping at epoch 18 with loss -66.9510269165039
Reconstruction for fluence = 37.926901907322495 photons/pixel
Epoch 0: loss = 27734.0859375
Epoch 1: loss = 42.88359832763672
Epoch 2: loss = 14.720001220703125
Epoch 3: loss = 11.217639923095703
Epoch 4: loss = 9.856598854064941
Epoch 5: loss = 9.35678482055664
Epoch 6: loss = 9.183884620666504
Epoch 7: loss = 9.05505657196045
Epoch 8: loss = 8.988025665283203
Epoch 9: loss = 8.945392608642578
Epoch 10: loss = 8.922104835510254
Epoch 11: loss = 8.910093307495117
Epoch 12: loss = 8.902984619140625
Epoch 13: loss = 8.897276878356934
Epoch 14: loss = 8.893798828125
Epoch 0: loss = -188.03054809570312
Epoch 1: loss = -188.4990234375
Epoch 2: loss = -188.52296447753906
Epoch 3: loss = -188.52659606933594
Epoch 4: loss = -188.5281982421875
Epoch 5: loss = -188.52915954589844
Epoch 6: loss = -188.5298614501953
Epoch 7: loss = -188.53009033203125
Epoch 8: loss = -188.53018188476562
Epoch 9: loss = -188.5302276611328
Epoch 10: loss = -188.5304412841797
Epoch 11: loss = -188.5304718017578
Epoch 12: loss = -188.53048706054688
Epoch 13: loss = -188.53048706054688
Epoch 14: loss = -188.53048706054688
Epoch 15: loss = -188.530517578125
Early stopping at epoch 15 with loss -188.5304412841797
Reconstruction for fluence = 88.58667904100822 photons/pixel
Epoch 0: loss = 151097.53125
Epoch 1: loss = 191.41456604003906
Epoch 2: loss = 46.07439041137695
Epoch 3: loss = 29.15643310546875
Epoch 4: loss = 23.335493087768555
Epoch 5: loss = 21.201679229736328
Epoch 6: loss = 20.33380126953125
Epoch 7: loss = 19.8676700592041
Epoch 8: loss = 19.59421730041504
Epoch 9: loss = 19.41790008544922
Epoch 10: loss = 19.299144744873047
Epoch 11: loss = 19.23797607421875
Epoch 12: loss = 19.200754165649414
Epoch 13: loss = 19.17285919189453
Epoch 14: loss = 19.153812408447266
Epoch 0: loss = -515.2610473632812
Epoch 1: loss = -515.8935546875
Epoch 2: loss = -515.927490234375
Epoch 3: loss = -515.9352416992188
Epoch 4: loss = -515.937744140625
Epoch 5: loss = -515.9382934570312
Epoch 6: loss = -515.9385986328125
Epoch 7: loss = -515.9387817382812
Epoch 8: loss = -515.9390258789062
Epoch 9: loss = -515.9390869140625
Epoch 10: loss = -515.9392700195312
Epoch 11: loss = -515.9392700195312
Epoch 12: loss = -515.9395751953125
Epoch 13: loss = -515.9397583007812
Epoch 14: loss = -515.9400024414062
Epoch 15: loss = -515.9401245117188
Epoch 16: loss = -515.9401245117188
Epoch 17: loss = -515.9402465820312
Epoch 18: loss = -515.9402465820312
Epoch 19: loss = -515.9403076171875
Epoch 20: loss = -515.9403686523438
Epoch 21: loss = -515.9404296875
Epoch 22: loss = -515.9405517578125
Epoch 23: loss = -515.9407348632812
Epoch 24: loss = -515.9407348632812
Epoch 25: loss = -515.9411010742188
Epoch 26: loss = -515.9411010742188
Epoch 27: loss = -515.9412231445312
Epoch 28: loss = -515.9412231445312
Epoch 29: loss = -515.9412841796875
Epoch 30: loss = -515.9412841796875
Epoch 31: loss = -515.9413452148438
Epoch 32: loss = -515.94140625
Epoch 33: loss = -515.94140625
Epoch 34: loss = -515.94140625
Early stopping at epoch 34 with loss -515.9412841796875
Reconstruction for fluence = 206.9138081114788 photons/pixel
Epoch 0: loss = 825488.5625
Epoch 1: loss = 894.2625732421875
Epoch 2: loss = 161.4367218017578
Epoch 3: loss = 79.2547378540039
Epoch 4: loss = 59.47347640991211
Epoch 5: loss = 51.49411392211914
Epoch 6: loss = 48.1928825378418
Epoch 7: loss = 46.64468002319336
Epoch 8: loss = 45.679176330566406
Epoch 9: loss = 45.08501434326172
Epoch 10: loss = 44.70450210571289
Epoch 11: loss = 44.49052810668945
Epoch 12: loss = 44.34691619873047
Epoch 13: loss = 44.24710464477539
Epoch 14: loss = 44.17613983154297
Epoch 0: loss = -1378.3253173828125
Epoch 1: loss = -1379.134765625
Epoch 2: loss = -1379.1805419921875
Epoch 3: loss = -1379.189697265625
Epoch 4: loss = -1379.1939697265625
Epoch 5: loss = -1379.1947021484375
Epoch 6: loss = -1379.1949462890625
Epoch 7: loss = -1379.1949462890625
Epoch 8: loss = -1379.1949462890625
Epoch 9: loss = -1379.1949462890625
Epoch 10: loss = -1379.195068359375
Epoch 11: loss = -1379.195068359375
Early stopping at epoch 11 with loss -1379.1949462890625
Reconstruction for fluence = 483.2930238571752 photons/pixel
Epoch 0: loss = 4501299.5
Epoch 1: loss = 4372.07373046875
Epoch 2: loss = 657.3251342773438
Epoch 3: loss = 243.96533203125
Epoch 4: loss = 152.37527465820312
Epoch 5: loss = 120.09566497802734
Epoch 6: loss = 108.80402374267578
Epoch 7: loss = 102.76338958740234
Epoch 8: loss = 98.6999282836914
Epoch 9: loss = 96.47367858886719
Epoch 10: loss = 95.01539611816406
Epoch 11: loss = 94.18375396728516
Epoch 12: loss = 93.63662719726562
Epoch 13: loss = 93.19066619873047
Epoch 14: loss = 92.84619903564453
Epoch 0: loss = -3629.59423828125
Epoch 1: loss = -3630.569580078125
Epoch 2: loss = -3630.611328125
Epoch 3: loss = -3630.61279296875
Epoch 4: loss = -3630.614501953125
Epoch 5: loss = -3630.61572265625
Epoch 6: loss = -3630.615966796875
Epoch 7: loss = -3630.616455078125
Epoch 8: loss = -3630.616455078125
Epoch 9: loss = -3630.616455078125
Epoch 10: loss = -3630.6171875
Epoch 11: loss = -3630.61767578125
Epoch 12: loss = -3630.6181640625
Epoch 13: loss = -3630.618408203125
Epoch 14: loss = -3630.618408203125
Epoch 15: loss = -3630.618408203125
Epoch 16: loss = -3630.618408203125
Epoch 17: loss = -3630.618408203125
Epoch 18: loss = -3630.618408203125
Early stopping at epoch 18 with loss -3630.618408203125
Reconstruction for fluence = 1128.8378916846884 photons/pixel
Epoch 0: loss = 24567968.0
Epoch 1: loss = 23397.791015625
Epoch 2: loss = 3214.360595703125
Epoch 3: loss = 1066.8941650390625
Epoch 4: loss = 562.2592163085938
Epoch 5: loss = 381.87591552734375
Epoch 6: loss = 315.93365478515625
Epoch 7: loss = 286.2756042480469
Epoch 8: loss = 269.28753662109375
Epoch 9: loss = 257.9280090332031
Epoch 10: loss = 251.62185668945312
Epoch 11: loss = 248.1649932861328
Epoch 12: loss = 245.62966918945312
Epoch 13: loss = 243.9447784423828
Epoch 14: loss = 242.7420196533203
Epoch 0: loss = -9438.169921875
Epoch 1: loss = -9439.4814453125
Epoch 2: loss = -9439.5048828125
Epoch 3: loss = -9439.5068359375
Epoch 4: loss = -9439.5068359375
Epoch 5: loss = -9439.5068359375
Epoch 6: loss = -9439.5087890625
Epoch 7: loss = -9439.5087890625
Epoch 8: loss = -9439.509765625
Epoch 9: loss = -9439.509765625
Epoch 10: loss = -9439.509765625
Epoch 11: loss = -9439.5107421875
Epoch 12: loss = -9439.5107421875
Epoch 13: loss = -9439.5107421875
Epoch 14: loss = -9439.5107421875
Epoch 15: loss = -9439.5107421875
Epoch 16: loss = -9439.5107421875
Early stopping at epoch 16 with loss -9439.5107421875
Reconstruction for fluence = 2636.6508987303555 photons/pixel
Epoch 0: loss = 134012456.0
Epoch 1: loss = 129189.53125
Epoch 2: loss = 16236.03515625
Epoch 3: loss = 4923.74658203125
Epoch 4: loss = 2157.04296875
Epoch 5: loss = 1211.7325439453125
Epoch 6: loss = 906.3230590820312
Epoch 7: loss = 743.3966674804688
Epoch 8: loss = 651.7318725585938
Epoch 9: loss = 597.8917236328125
Epoch 10: loss = 563.8591918945312
Epoch 11: loss = 547.2456665039062
Epoch 12: loss = 536.2197265625
Epoch 13: loss = 528.2659912109375
Epoch 14: loss = 522.9249267578125
Epoch 0: loss = -24279.958984375
Epoch 1: loss = -24281.404296875
Epoch 2: loss = -24281.416015625
Epoch 3: loss = -24281.416015625
Epoch 4: loss = -24281.419921875
Epoch 5: loss = -24281.423828125
Epoch 6: loss = -24281.423828125
Epoch 7: loss = -24281.423828125
Epoch 8: loss = -24281.42578125
Epoch 9: loss = -24281.427734375
Epoch 10: loss = -24281.427734375
Epoch 11: loss = -24281.427734375
Epoch 12: loss = -24281.427734375
Epoch 13: loss = -24281.4296875
Epoch 14: loss = -24281.4296875
Epoch 15: loss = -24281.427734375
Epoch 16: loss = -24281.427734375
Epoch 17: loss = -24281.4296875
Epoch 18: loss = -24281.4296875
Early stopping at epoch 18 with loss -24281.4296875
Reconstruction for fluence = 6158.482110660255 photons/pixel
Epoch 0: loss = 730747648.0
Epoch 1: loss = 713343.5
Epoch 2: loss = 83175.3203125
Epoch 3: loss = 24007.634765625
Epoch 4: loss = 9528.4501953125
Epoch 5: loss = 4929.2119140625
Epoch 6: loss = 3209.8466796875
Epoch 7: loss = 2415.7197265625
Epoch 8: loss = 1914.4815673828125
Epoch 9: loss = 1633.548583984375
Epoch 10: loss = 1470.7532958984375
Epoch 11: loss = 1383.023681640625
Epoch 12: loss = 1334.6649169921875
Epoch 13: loss = 1299.1724853515625
Epoch 14: loss = 1272.9168701171875
Epoch 0: loss = -61947.29296875
Epoch 1: loss = -61949.125
Epoch 2: loss = -61949.125
Epoch 3: loss = -61949.140625
Epoch 4: loss = -61949.140625
Epoch 5: loss = -61949.140625
Epoch 6: loss = -61949.140625
Epoch 7: loss = -61949.14453125
Epoch 8: loss = -61949.14453125
Epoch 9: loss = -61949.14453125
Epoch 10: loss = -61949.140625
Epoch 11: loss = -61949.15234375
Epoch 12: loss = -61949.15234375
Epoch 13: loss = -61949.15234375
Epoch 14: loss = -61949.15234375
Epoch 15: loss = -61949.15234375
Epoch 16: loss = -61949.15234375
Early stopping at epoch 16 with loss -61949.15234375
Reconstruction for fluence = 14384.498882876629 photons/pixel
Epoch 0: loss = 3986428928.0
Epoch 1: loss = 3810323.5
Epoch 2: loss = 478970.65625
Epoch 3: loss = 133929.71875
Epoch 4: loss = 49773.22265625
Epoch 5: loss = 23040.607421875
Epoch 6: loss = 13615.1484375
Epoch 7: loss = 8917.2392578125
Epoch 8: loss = 6502.775390625
Epoch 9: loss = 5001.08447265625
Epoch 10: loss = 4131.27001953125
Epoch 11: loss = 3720.725830078125
Epoch 12: loss = 3459.76171875
Epoch 13: loss = 3273.0244140625
Epoch 14: loss = 3135.514404296875
Epoch 0: loss = -156900.671875
Epoch 1: loss = -156903.09375
Epoch 2: loss = -156903.09375
Epoch 3: loss = -156903.109375
Epoch 4: loss = -156903.109375
Epoch 5: loss = -156903.109375
Epoch 6: loss = -156903.125
Epoch 7: loss = -156903.125
Epoch 8: loss = -156903.125
Epoch 9: loss = -156903.140625
Epoch 10: loss = -156903.140625
Epoch 11: loss = -156903.140625
Epoch 12: loss = -156903.140625
Epoch 13: loss = -156903.140625
Epoch 14: loss = -156903.140625
Early stopping at epoch 14 with loss -156903.140625
Reconstruction for fluence = 33598.18286283781 photons/pixel
Epoch 0: loss = 21747462144.0
Epoch 1: loss = 21167958.0
Epoch 2: loss = 2477973.0
Epoch 3: loss = 676363.0
Epoch 4: loss = 247146.96875
Epoch 5: loss = 107864.5234375
Epoch 6: loss = 62811.09765625
Epoch 7: loss = 40315.9375
Epoch 8: loss = 26420.416015625
Epoch 9: loss = 18239.103515625
Epoch 10: loss = 13829.240234375
Epoch 11: loss = 11661.92578125
Epoch 12: loss = 10341.4794921875
Epoch 13: loss = 9445.64453125
Epoch 14: loss = 8587.8505859375
Epoch 0: loss = -394985.65625
Epoch 1: loss = -394989.65625
Epoch 2: loss = -394989.65625
Epoch 3: loss = -394989.65625
Epoch 4: loss = -394989.71875
Epoch 5: loss = -394989.71875
Epoch 6: loss = -394989.71875
Epoch 7: loss = -394989.71875
Epoch 8: loss = -394989.71875
Epoch 9: loss = -394989.71875
Early stopping at epoch 9 with loss -394989.71875
Reconstruction for fluence = 78475.99703514607 photons/pixel
Epoch 0: loss = 118659514368.0
Epoch 1: loss = 115864504.0
Epoch 2: loss = 13842796.0
Epoch 3: loss = 3733410.25
Epoch 4: loss = 1375618.25
Epoch 5: loss = 569554.625
Epoch 6: loss = 320474.34375
Epoch 7: loss = 191667.46875
Epoch 8: loss = 115853.5859375
Epoch 9: loss = 77263.4765625
Epoch 10: loss = 53124.2421875
Epoch 11: loss = 40920.17578125
Epoch 12: loss = 33617.21875
Epoch 13: loss = 28281.275390625
Epoch 14: loss = 24604.642578125
Epoch 0: loss = -989101.125
Epoch 1: loss = -989108.125
Epoch 2: loss = -989108.125
Epoch 3: loss = -989108.25
Epoch 4: loss = -989108.25
Epoch 5: loss = -989108.25
Epoch 6: loss = -989108.25
Epoch 7: loss = -989108.25
Epoch 8: loss = -989108.25
Early stopping at epoch 8 with loss -989108.25
Reconstruction for fluence = 183298.07108324335 photons/pixel
Epoch 0: loss = 647375421440.0
Epoch 1: loss = 627670912.0
Epoch 2: loss = 72335976.0
Epoch 3: loss = 20168100.0
Epoch 4: loss = 7359217.0
Epoch 5: loss = 2988053.75
Epoch 6: loss = 1658347.5
Epoch 7: loss = 981208.8125
Epoch 8: loss = 589602.125
Epoch 9: loss = 375995.34375
Epoch 10: loss = 245253.171875
Epoch 11: loss = 178849.46875
Epoch 12: loss = 136283.46875
Epoch 13: loss = 106048.09375
Epoch 14: loss = 84436.0546875
Epoch 0: loss = -2465749.25
Epoch 1: loss = -2465762.75
Epoch 2: loss = -2465763.25
Epoch 3: loss = -2465763.25
Epoch 4: loss = -2465763.25
Epoch 5: loss = -2465763.5
Epoch 6: loss = -2465763.5
Epoch 7: loss = -2465763.5
Epoch 8: loss = -2465763.5
Epoch 9: loss = -2465763.5
Epoch 10: loss = -2465763.5
Early stopping at epoch 10 with loss -2465763.5
Reconstruction for fluence = 428133.2398719387 photons/pixel
Epoch 0: loss = 3531829673984.0
Epoch 1: loss = 3428448000.0
Epoch 2: loss = 396398944.0
Epoch 3: loss = 108240632.0
Epoch 4: loss = 39553292.0
Epoch 5: loss = 17447726.0
Epoch 6: loss = 9237262.0
Epoch 7: loss = 5619392.0
Epoch 8: loss = 3251936.0
Epoch 9: loss = 1954632.0
Epoch 10: loss = 1204788.125
Epoch 11: loss = 846553.125
Epoch 12: loss = 611475.4375
Epoch 13: loss = 472682.0625
Epoch 14: loss = 344596.1875
Epoch 0: loss = -6122486.5
Epoch 1: loss = -6122517.5
Epoch 2: loss = -6122517.5
Epoch 3: loss = -6122517.5
Epoch 4: loss = -6122518.5
Epoch 5: loss = -6122518.5
Epoch 6: loss = -6122518.5
Epoch 7: loss = -6122518.5
Epoch 8: loss = -6122518.5
Epoch 9: loss = -6122518.5
Early stopping at epoch 9 with loss -6122518.5
Reconstruction for fluence = 1000000.0 photons/pixel
Epoch 0: loss = 19267760160768.0
Epoch 1: loss = 18743005184.0
Epoch 2: loss = 2187267840.0
Epoch 3: loss = 589151232.0
Epoch 4: loss = 213653424.0
Epoch 5: loss = 92784176.0
Epoch 6: loss = 49299108.0
Epoch 7: loss = 27633790.0
Epoch 8: loss = 16465764.0
Epoch 9: loss = 9864723.0
Epoch 10: loss = 6088343.0
Epoch 11: loss = 4080714.25
Epoch 12: loss = 2953047.5
Epoch 13: loss = 2127383.0
Epoch 14: loss = 1514647.625
Epoch 0: loss = -15148946.0
Epoch 1: loss = -15149012.0
Epoch 2: loss = -15149013.0
Epoch 3: loss = -15149013.0
Epoch 4: loss = -15149015.0
Epoch 5: loss = -15149015.0
Epoch 6: loss = -15149015.0
Epoch 7: loss = -15149015.0
Epoch 8: loss = -15149015.0
Epoch 9: loss = -15149015.0
Early stopping at epoch 9 with loss -15149015.0
Simulation for steps_size=25 and n_fluences=20 completed!
