Running simulation for steps_size=29 and n_fluences=20
Steps size: 29
Tensors initialization on device cuda
Multiprobe = band_lim
torch.Size([1, 64, 64])

('MSE', None) RECONSTRUCTIONS

Reconstruction for fluence = 0.09999999999999999 photons/pixel
Epoch 0: loss = 0.08687382191419601
Epoch 1: loss = 0.03559185564517975
Epoch 2: loss = 0.035076700150966644
Epoch 3: loss = 0.03503035753965378
Epoch 4: loss = 0.03502112627029419
Epoch 5: loss = 0.03501887992024422
Epoch 6: loss = 0.03501845896244049
Epoch 7: loss = 0.03501836583018303
Early stopping at epoch 7 with loss 0.035076700150966644
Reconstruction for fluence = 0.23357214690901223 photons/pixel
Epoch 0: loss = 0.1313188076019287
Epoch 1: loss = 0.043867118656635284
Epoch 2: loss = 0.04316801577806473
Epoch 3: loss = 0.04310809448361397
Epoch 4: loss = 0.04309803992509842
Epoch 5: loss = 0.04309152811765671
Epoch 6: loss = 0.043087437748909
Epoch 7: loss = 0.043086014688014984
Early stopping at epoch 7 with loss 0.04316801577806473
Reconstruction for fluence = 0.5455594781168519 photons/pixel
Epoch 0: loss = 0.21558575332164764
Epoch 1: loss = 0.0524013414978981
Epoch 2: loss = 0.05139755830168724
Epoch 3: loss = 0.051310889422893524
Epoch 4: loss = 0.05129574239253998
Epoch 5: loss = 0.05129052326083183
Epoch 6: loss = 0.05128869041800499
Epoch 7: loss = 0.051288384944200516
Epoch 8: loss = 0.05128833279013634
Epoch 9: loss = 0.05128832533955574
Early stopping at epoch 9 with loss 0.05129574239253998
Reconstruction for fluence = 1.2742749857031335 photons/pixel
Epoch 0: loss = 0.41551950573921204
Epoch 1: loss = 0.06434277445077896
Epoch 2: loss = 0.06237385794520378
Epoch 3: loss = 0.06220388412475586
Epoch 4: loss = 0.06216498091816902
Epoch 5: loss = 0.062151405960321426
Epoch 6: loss = 0.06214822828769684
Epoch 7: loss = 0.062146712094545364
Epoch 8: loss = 0.06214459240436554
Early stopping at epoch 8 with loss 0.06220388412475586
Reconstruction for fluence = 2.976351441631318 photons/pixel
Epoch 0: loss = 0.8887621164321899
Epoch 1: loss = 0.08490664511919022
Epoch 2: loss = 0.08072169870138168
Epoch 3: loss = 0.08038394153118134
Epoch 4: loss = 0.08028984814882278
Epoch 5: loss = 0.08025152236223221
Epoch 6: loss = 0.08022655546665192
Epoch 7: loss = 0.08021296560764313
Epoch 8: loss = 0.08020708709955215
Epoch 9: loss = 0.08020472526550293
Epoch 10: loss = 0.08020396530628204
Early stopping at epoch 10 with loss 0.08025152236223221
Reconstruction for fluence = 6.9519279617756045 photons/pixel
Epoch 0: loss = 1.9992667436599731
Epoch 1: loss = 0.12148928642272949
Epoch 2: loss = 0.11197479814291
Epoch 3: loss = 0.11094016581773758
Epoch 4: loss = 0.11069235950708389
Epoch 5: loss = 0.11060859262943268
Epoch 6: loss = 0.11056838184595108
Epoch 7: loss = 0.11054541170597076
Epoch 8: loss = 0.11053621023893356
Epoch 9: loss = 0.11053328216075897
Epoch 10: loss = 0.1105283796787262
Epoch 11: loss = 0.11052249372005463
Early stopping at epoch 11 with loss 0.11056838184595108
Reconstruction for fluence = 16.23776739188721 photons/pixel
Epoch 0: loss = 4.605393409729004
Epoch 1: loss = 0.16446132957935333
Epoch 2: loss = 0.14488108456134796
Epoch 3: loss = 0.14266978204250336
Epoch 4: loss = 0.14230717718601227
Epoch 5: loss = 0.14214158058166504
Epoch 6: loss = 0.1420835554599762
Epoch 7: loss = 0.14206187427043915
Epoch 8: loss = 0.14204442501068115
Epoch 9: loss = 0.1420348733663559
Epoch 10: loss = 0.14203079044818878
Epoch 11: loss = 0.1420247107744217
Epoch 12: loss = 0.14202189445495605
Epoch 13: loss = 0.1420198678970337
Epoch 14: loss = 0.1420188546180725
Early stopping at epoch 14 with loss 0.1420348733663559
Reconstruction for fluence = 37.926901907322495 photons/pixel
Epoch 0: loss = 10.651249885559082
Epoch 1: loss = 0.22345219552516937
Epoch 2: loss = 0.18340502679347992
Epoch 3: loss = 0.17885248363018036
Epoch 4: loss = 0.1778629571199417
Epoch 5: loss = 0.17727184295654297
Epoch 6: loss = 0.17687103152275085
Epoch 7: loss = 0.176801398396492
Epoch 8: loss = 0.17675603926181793
Epoch 9: loss = 0.17671145498752594
Epoch 10: loss = 0.1766839325428009
Epoch 11: loss = 0.1766713261604309
Epoch 12: loss = 0.17664749920368195
Epoch 13: loss = 0.17664265632629395
Epoch 14: loss = 0.1766408085823059
Epoch 15: loss = 0.17663989961147308
Epoch 16: loss = 0.17663951218128204
Epoch 17: loss = 0.1766393929719925
Early stopping at epoch 17 with loss 0.17664749920368195
Reconstruction for fluence = 88.58667904100822 photons/pixel
Epoch 0: loss = 24.84619140625
Epoch 1: loss = 0.30113744735717773
Epoch 2: loss = 0.22192279994487762
Epoch 3: loss = 0.21347595751285553
Epoch 4: loss = 0.21092799305915833
Epoch 5: loss = 0.21058686077594757
Epoch 6: loss = 0.2102927416563034
Epoch 7: loss = 0.21013808250427246
Epoch 8: loss = 0.21006277203559875
Epoch 9: loss = 0.2100115418434143
Epoch 10: loss = 0.20994219183921814
Epoch 11: loss = 0.2099052518606186
Epoch 12: loss = 0.20989659428596497
Epoch 13: loss = 0.20989172160625458
Epoch 14: loss = 0.20944516360759735
Epoch 15: loss = 0.2092537134885788
Epoch 16: loss = 0.20921893417835236
Epoch 17: loss = 0.20920538902282715
Epoch 18: loss = 0.20920123159885406
Epoch 19: loss = 0.20919981598854065
Epoch 20: loss = 0.20919938385486603
Early stopping at epoch 20 with loss 0.2092537134885788
Reconstruction for fluence = 206.9138081114788 photons/pixel
Epoch 0: loss = 58.02392578125
Epoch 1: loss = 0.4205073416233063
Epoch 2: loss = 0.2631501257419586
Epoch 3: loss = 0.24891988933086395
Epoch 4: loss = 0.24529685080051422
Epoch 5: loss = 0.23975783586502075
Epoch 6: loss = 0.23879030346870422
Epoch 7: loss = 0.23863860964775085
Epoch 8: loss = 0.23859722912311554
Epoch 9: loss = 0.23856990039348602
Epoch 10: loss = 0.2385639101266861
Epoch 11: loss = 0.23856221139431
Epoch 12: loss = 0.2385597974061966
Early stopping at epoch 12 with loss 0.23863860964775085
Reconstruction for fluence = 483.2930238571752 photons/pixel
Epoch 0: loss = 135.3523712158203
Epoch 1: loss = 0.6587464213371277
Epoch 2: loss = 0.3057379424571991
Epoch 3: loss = 0.27617254853248596
Epoch 4: loss = 0.26763004064559937
Epoch 5: loss = 0.26499143242836
Epoch 6: loss = 0.26442357897758484
Epoch 7: loss = 0.264097660779953
Epoch 8: loss = 0.26215997338294983
Epoch 9: loss = 0.2613222897052765
Epoch 10: loss = 0.26069116592407227
Epoch 11: loss = 0.2603788375854492
Epoch 12: loss = 0.2596210241317749
Epoch 13: loss = 0.2590959072113037
Epoch 14: loss = 0.258755087852478
Epoch 15: loss = 0.25865936279296875
Epoch 16: loss = 0.25863173604011536
Epoch 17: loss = 0.25862598419189453
Epoch 18: loss = 0.25862470269203186
Epoch 19: loss = 0.25862449407577515
Epoch 20: loss = 0.25862446427345276
Epoch 21: loss = 0.2586243450641632
Early stopping at epoch 21 with loss 0.25863173604011536
Reconstruction for fluence = 1128.8378916846884 photons/pixel
Epoch 0: loss = 316.07220458984375
Epoch 1: loss = 1.4110335111618042
Epoch 2: loss = 0.43405404686927795
Epoch 3: loss = 0.3172653317451477
Epoch 4: loss = 0.29316675662994385
Epoch 5: loss = 0.28661006689071655
Epoch 6: loss = 0.27892643213272095
Epoch 7: loss = 0.27677494287490845
Epoch 8: loss = 0.2739950120449066
Epoch 9: loss = 0.27098408341407776
Epoch 10: loss = 0.26942628622055054
Epoch 11: loss = 0.2684382498264313
Epoch 12: loss = 0.26827380061149597
Epoch 13: loss = 0.2668052911758423
Epoch 14: loss = 0.2664772868156433
Epoch 15: loss = 0.26621943712234497
Epoch 16: loss = 0.2641577124595642
Epoch 17: loss = 0.2609139084815979
Epoch 18: loss = 0.2602976858615875
Epoch 19: loss = 0.2602176070213318
Epoch 20: loss = 0.2600584924221039
Epoch 21: loss = 0.26001399755477905
Epoch 22: loss = 0.2600075602531433
Epoch 23: loss = 0.2600068151950836
Epoch 24: loss = 0.26000675559043884
Epoch 25: loss = 0.26000669598579407
Early stopping at epoch 25 with loss 0.2600584924221039
Reconstruction for fluence = 2636.6508987303555 photons/pixel
Epoch 0: loss = 738.1394653320312
Epoch 1: loss = 2.907231092453003
Epoch 2: loss = 0.6242411136627197
Epoch 3: loss = 0.4541606307029724
Epoch 4: loss = 0.4289805591106415
Epoch 5: loss = 0.4144725203514099
Epoch 6: loss = 0.39844492077827454
Epoch 7: loss = 0.3933762013912201
Epoch 8: loss = 0.39201247692108154
Epoch 9: loss = 0.38975989818573
Epoch 10: loss = 0.38643679022789
Epoch 11: loss = 0.38570132851600647
Epoch 12: loss = 0.38271087408065796
Epoch 13: loss = 0.3801957666873932
Epoch 14: loss = 0.37963569164276123
Epoch 15: loss = 0.3713523745536804
Epoch 16: loss = 0.3708949089050293
Epoch 17: loss = 0.3708168566226959
Epoch 18: loss = 0.37079328298568726
Epoch 19: loss = 0.37078121304512024
Epoch 20: loss = 0.3707790970802307
Epoch 21: loss = 0.3707786798477173
Epoch 22: loss = 0.37077847123146057
Epoch 23: loss = 0.37077781558036804
Early stopping at epoch 23 with loss 0.37079328298568726
Reconstruction for fluence = 6158.482110660255 photons/pixel
Epoch 0: loss = 1724.3748779296875
Epoch 1: loss = 5.747698783874512
Epoch 2: loss = 1.346704125404358
Epoch 3: loss = 1.0408283472061157
Epoch 4: loss = 0.8603312373161316
Epoch 5: loss = 0.7613245844841003
Epoch 6: loss = 0.7459877729415894
Epoch 7: loss = 0.7305009961128235
Epoch 8: loss = 0.7210343480110168
Epoch 9: loss = 0.7005961537361145
Epoch 10: loss = 0.6660068035125732
Epoch 11: loss = 0.6563758850097656
Epoch 12: loss = 0.6421487331390381
Epoch 13: loss = 0.6402400135993958
Epoch 14: loss = 0.6395740509033203
Epoch 15: loss = 0.6381044387817383
Epoch 16: loss = 0.6378970742225647
Epoch 17: loss = 0.6377809047698975
Epoch 18: loss = 0.6365437507629395
Epoch 19: loss = 0.631856381893158
Epoch 20: loss = 0.6307855844497681
Epoch 21: loss = 0.6305320858955383
Epoch 22: loss = 0.6304733753204346
Epoch 23: loss = 0.6303955316543579
Epoch 24: loss = 0.6339741945266724
Epoch 25: loss = 0.6271551847457886
Epoch 26: loss = 0.6265799403190613
Epoch 27: loss = 0.6248329281806946
Epoch 28: loss = 0.6201913952827454
Epoch 29: loss = 0.6193264126777649
Epoch 30: loss = 0.6162183284759521
Epoch 31: loss = 0.615964412689209
Epoch 32: loss = 0.6154577732086182
Epoch 33: loss = 0.6148994565010071
Epoch 34: loss = 0.6148627400398254
Epoch 35: loss = 0.6148515343666077
Epoch 36: loss = 0.6148512959480286
Epoch 37: loss = 0.6148501634597778
Epoch 38: loss = 0.6148499846458435
Early stopping at epoch 38 with loss 0.6148994565010071
Reconstruction for fluence = 14384.498882876629 photons/pixel
Epoch 0: loss = 4027.24658203125
Epoch 1: loss = 13.2695894241333
Epoch 2: loss = 2.8107364177703857
Epoch 3: loss = 2.1219284534454346
Epoch 4: loss = 1.9434678554534912
Epoch 5: loss = 1.8667657375335693
Epoch 6: loss = 1.786741018295288
Epoch 7: loss = 1.65312659740448
Epoch 8: loss = 1.5097413063049316
Epoch 9: loss = 1.4546988010406494
Epoch 10: loss = 1.3812767267227173
Epoch 11: loss = 1.3282225131988525
Epoch 12: loss = 1.3082209825515747
Epoch 13: loss = 1.2929052114486694
Epoch 14: loss = 1.2854559421539307
Epoch 15: loss = 1.278883457183838
Epoch 16: loss = 1.2499686479568481
Epoch 17: loss = 1.2263845205307007
Epoch 18: loss = 1.2232820987701416
Epoch 19: loss = 1.2224195003509521
Epoch 20: loss = 1.2221145629882812
Epoch 21: loss = 1.2220028638839722
Epoch 22: loss = 1.2216084003448486
Epoch 23: loss = 1.2211741209030151
Epoch 24: loss = 1.220979928970337
Epoch 25: loss = 1.2208045721054077
Epoch 26: loss = 1.2207653522491455
Epoch 27: loss = 1.2207539081573486
Epoch 28: loss = 1.2207533121109009
Epoch 29: loss = 1.2207523584365845
Epoch 30: loss = 1.2207516431808472
Early stopping at epoch 30 with loss 1.2208045721054077
Reconstruction for fluence = 33598.18286283781 photons/pixel
Epoch 0: loss = 9405.6025390625
Epoch 1: loss = 30.788408279418945
Epoch 2: loss = 5.505850315093994
Epoch 3: loss = 3.586033344268799
Epoch 4: loss = 3.0806407928466797
Epoch 5: loss = 2.835906505584717
Epoch 6: loss = 2.722071647644043
Epoch 7: loss = 2.650630474090576
Epoch 8: loss = 2.5107879638671875
Epoch 9: loss = 2.478739023208618
Epoch 10: loss = 2.3998095989227295
Epoch 11: loss = 2.3311474323272705
Epoch 12: loss = 2.3107903003692627
Epoch 13: loss = 2.2983555793762207
Epoch 14: loss = 2.277556896209717
Epoch 15: loss = 2.2618892192840576
Epoch 16: loss = 2.254920244216919
Epoch 17: loss = 2.2364110946655273
Epoch 18: loss = 2.2026901245117188
Epoch 19: loss = 2.1978402137756348
Epoch 20: loss = 2.1966934204101562
Epoch 21: loss = 2.1963677406311035
Epoch 22: loss = 2.1961100101470947
Epoch 23: loss = 2.1955456733703613
Epoch 24: loss = 2.1902918815612793
Epoch 25: loss = 2.1720869541168213
Epoch 26: loss = 2.1380555629730225
Epoch 27: loss = 2.1366217136383057
Epoch 28: loss = 2.1339433193206787
Epoch 29: loss = 2.127164125442505
Epoch 30: loss = 2.1263320446014404
Epoch 31: loss = 2.120347738265991
Epoch 32: loss = 2.118534564971924
Epoch 33: loss = 2.118293046951294
Epoch 34: loss = 2.118161201477051
Epoch 35: loss = 2.1181046962738037
Epoch 36: loss = 2.1164474487304688
Epoch 37: loss = 2.114572286605835
Epoch 38: loss = 2.1145148277282715
Epoch 39: loss = 2.1144332885742188
Epoch 40: loss = 2.11442494392395
Epoch 41: loss = 2.1144235134124756
Epoch 42: loss = 2.1144227981567383
Epoch 43: loss = 2.1144211292266846
Epoch 44: loss = 2.1144211292266846
Early stopping at epoch 44 with loss 2.1144332885742188
Reconstruction for fluence = 78475.99703514607 photons/pixel
Epoch 0: loss = 21970.84375
Epoch 1: loss = 70.8890151977539
Epoch 2: loss = 10.26564884185791
Epoch 3: loss = 5.892941951751709
Epoch 4: loss = 4.554305553436279
Epoch 5: loss = 4.17971658706665
Epoch 6: loss = 3.6700901985168457
Epoch 7: loss = 3.5536158084869385
Epoch 8: loss = 3.266552448272705
Epoch 9: loss = 3.175402879714966
Epoch 10: loss = 3.1347172260284424
Epoch 11: loss = 2.995061159133911
Epoch 12: loss = 2.9337799549102783
Epoch 13: loss = 2.9056217670440674
Epoch 14: loss = 2.861220598220825
Epoch 15: loss = 2.8492367267608643
Epoch 16: loss = 2.8474981784820557
Epoch 17: loss = 2.8463075160980225
Epoch 18: loss = 2.759329319000244
Epoch 19: loss = 1.0676896572113037
Epoch 20: loss = 0.9711689352989197
Epoch 21: loss = 0.9452539086341858
Epoch 22: loss = 0.9321082234382629
Epoch 23: loss = 0.9010887145996094
Epoch 24: loss = 0.8940979838371277
Epoch 25: loss = 0.8931797742843628
Epoch 26: loss = 0.8913309574127197
Epoch 27: loss = 0.887853741645813
Epoch 28: loss = 0.8760117292404175
Epoch 29: loss = 0.8725860714912415
Epoch 30: loss = 0.8723728656768799
Epoch 31: loss = 0.8721177577972412
Epoch 32: loss = 0.8717398047447205
Epoch 33: loss = 0.8716259002685547
Epoch 34: loss = 0.8716074228286743
Epoch 35: loss = 0.8716049194335938
Epoch 36: loss = 0.8716047406196594
Epoch 37: loss = 0.8716047406196594
Epoch 38: loss = 0.8716045022010803
Early stopping at epoch 38 with loss 0.8716259002685547
Reconstruction for fluence = 183298.07108324335 photons/pixel
Epoch 0: loss = 51318.515625
Epoch 1: loss = 166.3390655517578
Epoch 2: loss = 24.99675941467285
Epoch 3: loss = 15.893247604370117
Epoch 4: loss = 14.008511543273926
Epoch 5: loss = 12.668721199035645
Epoch 6: loss = 12.118964195251465
Epoch 7: loss = 11.90615177154541
Epoch 8: loss = 11.284805297851562
Epoch 9: loss = 10.814860343933105
Epoch 10: loss = 10.64616584777832
Epoch 11: loss = 10.421940803527832
Epoch 12: loss = 10.396265983581543
Epoch 13: loss = 10.384021759033203
Epoch 14: loss = 10.382822036743164
Epoch 15: loss = 10.382293701171875
Epoch 16: loss = 10.380595207214355
Epoch 17: loss = 10.380154609680176
Epoch 18: loss = 10.380048751831055
Epoch 19: loss = 10.379961013793945
Epoch 20: loss = 10.364322662353516
Epoch 21: loss = 10.36258316040039
Epoch 22: loss = 10.362411499023438
Epoch 23: loss = 10.362382888793945
Epoch 24: loss = 10.36237907409668
Epoch 25: loss = 10.362374305725098
Epoch 26: loss = 10.362372398376465
Epoch 27: loss = 10.362372398376465
Early stopping at epoch 27 with loss 10.362411499023438
Reconstruction for fluence = 428133.2398719387 photons/pixel
Epoch 0: loss = 119865.015625
Epoch 1: loss = 408.7013244628906
Epoch 2: loss = 66.17814636230469
Epoch 3: loss = 42.44098663330078
Epoch 4: loss = 36.82636642456055
Epoch 5: loss = 35.2489013671875
Epoch 6: loss = 34.71259689331055
Epoch 7: loss = 33.62568664550781
Epoch 8: loss = 30.63106918334961
Epoch 9: loss = 29.13145637512207
Epoch 10: loss = 28.45284652709961
Epoch 11: loss = 27.780757904052734
Epoch 12: loss = 27.39502716064453
Epoch 13: loss = 27.29478645324707
Epoch 14: loss = 27.23026466369629
Epoch 15: loss = 27.119897842407227
Epoch 16: loss = 27.067747116088867
Epoch 17: loss = 27.026214599609375
Epoch 18: loss = 27.006099700927734
Epoch 19: loss = 26.98904800415039
Epoch 20: loss = 26.98792266845703
Epoch 21: loss = 26.98767852783203
Epoch 22: loss = 26.9876708984375
Epoch 23: loss = 26.98764419555664
Epoch 24: loss = 26.987634658813477
Epoch 25: loss = 26.987627029418945
Epoch 26: loss = 26.98760414123535
Early stopping at epoch 26 with loss 26.98767852783203
Reconstruction for fluence = 1000000.0 photons/pixel
Epoch 0: loss = 279961.75
Epoch 1: loss = 969.390625
Epoch 2: loss = 171.50192260742188
Epoch 3: loss = 112.11209106445312
Epoch 4: loss = 89.15967559814453
Epoch 5: loss = 79.31719970703125
Epoch 6: loss = 76.60295867919922
Epoch 7: loss = 69.93999481201172
Epoch 8: loss = 69.03759765625
Epoch 9: loss = 68.26107025146484
Epoch 10: loss = 66.72232818603516
Epoch 11: loss = 64.4024658203125
Epoch 12: loss = 63.39413833618164
Epoch 13: loss = 61.94184875488281
Epoch 14: loss = 61.81165313720703
Epoch 15: loss = 61.75078201293945
Epoch 16: loss = 61.728759765625
Epoch 17: loss = 61.71148681640625
Epoch 18: loss = 61.70734405517578
Epoch 19: loss = 61.70693588256836
Epoch 20: loss = 61.70674514770508
Epoch 21: loss = 61.7066650390625
Epoch 22: loss = 61.7066535949707
Epoch 23: loss = 61.70661163330078
Epoch 24: loss = 61.70661163330078
Epoch 25: loss = 61.70658493041992
Epoch 26: loss = 61.70658493041992
Epoch 27: loss = 61.70658493041992
Epoch 28: loss = 61.70658493041992
Early stopping at epoch 28 with loss 61.70661163330078
Tensors initialization on device cuda
Multiprobe = band_lim
torch.Size([1, 64, 64])

('MSE', 'PoissonNLL') RECONSTRUCTIONS

Reconstruction for fluence = 0.09999999999999999 photons/pixel
Epoch 0: loss = 0.08635405451059341
Epoch 1: loss = 0.03493113070726395
Epoch 2: loss = 0.034302957355976105
Epoch 3: loss = 0.034240204840898514
Epoch 4: loss = 0.034227706491947174
Epoch 5: loss = 0.034225258976221085
Epoch 6: loss = 0.034224800765514374
Epoch 7: loss = 0.03422471508383751
Early stopping at epoch 7 with loss 0.034302957355976105
Epoch 0: loss = 0.08728892356157303
Epoch 1: loss = 0.07619426399469376
Epoch 2: loss = 0.07602829486131668
Epoch 3: loss = 0.07600703835487366
Epoch 4: loss = 0.07600244134664536
Epoch 5: loss = 0.07600080966949463
Epoch 6: loss = 0.07599986344575882
Epoch 7: loss = 0.07599911093711853
Early stopping at epoch 7 with loss 0.07602829486131668
Reconstruction for fluence = 0.23357214690901223 photons/pixel
Epoch 0: loss = 0.13225574791431427
Epoch 1: loss = 0.04459439590573311
Epoch 2: loss = 0.043637216091156006
Epoch 3: loss = 0.04354514926671982
Epoch 4: loss = 0.043529607355594635
Epoch 5: loss = 0.0435260646045208
Epoch 6: loss = 0.043524760752916336
Epoch 7: loss = 0.043524086475372314
Epoch 8: loss = 0.04352372884750366
Epoch 9: loss = 0.043523602187633514
Early stopping at epoch 9 with loss 0.043529607355594635
Epoch 0: loss = 0.017955908551812172
Epoch 1: loss = 0.006979074794799089
Epoch 2: loss = 0.006731440778821707
Epoch 3: loss = 0.006676775868982077
Epoch 4: loss = 0.006653288379311562
Epoch 5: loss = 0.006645182613283396
Epoch 6: loss = 0.006642148829996586
Epoch 7: loss = 0.0066408575512468815
Early stopping at epoch 7 with loss 0.006731440778821707
Reconstruction for fluence = 0.5455594781168519 photons/pixel
Epoch 0: loss = 0.222324401140213
Epoch 1: loss = 0.05220399424433708
Epoch 2: loss = 0.05090543255209923
Epoch 3: loss = 0.05076244845986366
Epoch 4: loss = 0.05073295906186104
Epoch 5: loss = 0.05072179436683655
Epoch 6: loss = 0.05071750655770302
Epoch 7: loss = 0.050716154277324677
Epoch 8: loss = 0.05071583390235901
Early stopping at epoch 8 with loss 0.05076244845986366
Epoch 0: loss = -0.4029100239276886
Epoch 1: loss = -0.4153124988079071
Epoch 2: loss = -0.41561150550842285
Epoch 3: loss = -0.4156855046749115
Epoch 4: loss = -0.4157131016254425
Epoch 5: loss = -0.41572660207748413
Epoch 6: loss = -0.4157363474369049
Epoch 7: loss = -0.4157436192035675
Epoch 8: loss = -0.4157480001449585
Epoch 9: loss = -0.4157510995864868
Early stopping at epoch 9 with loss -0.4157131016254425
Reconstruction for fluence = 1.2742749857031335 photons/pixel
Epoch 0: loss = 0.4275672733783722
Epoch 1: loss = 0.06628873944282532
Epoch 2: loss = 0.0636833906173706
Epoch 3: loss = 0.06339255720376968
Epoch 4: loss = 0.0633264109492302
Epoch 5: loss = 0.06330496817827225
Epoch 6: loss = 0.06329582631587982
Epoch 7: loss = 0.06329166889190674
Epoch 8: loss = 0.06329042464494705
Epoch 9: loss = 0.06329003721475601
Epoch 10: loss = 0.06328996270895004
Epoch 11: loss = 0.06328993290662766
Epoch 12: loss = 0.06328979134559631
Early stopping at epoch 12 with loss 0.06329166889190674
Epoch 0: loss = -2.0147998332977295
Epoch 1: loss = -2.0320465564727783
Epoch 2: loss = -2.0325098037719727
Epoch 3: loss = -2.032640218734741
Epoch 4: loss = -2.0326762199401855
Epoch 5: loss = -2.0326929092407227
Epoch 6: loss = -2.0327200889587402
Epoch 7: loss = -2.032750368118286
Epoch 8: loss = -2.0327680110931396
Epoch 9: loss = -2.0327720642089844
Epoch 10: loss = -2.03277325630188
Epoch 11: loss = -2.0327746868133545
Epoch 12: loss = -2.032775402069092
Early stopping at epoch 12 with loss -2.032750368118286
Reconstruction for fluence = 2.976351441631318 photons/pixel
Epoch 0: loss = 0.9046253561973572
Epoch 1: loss = 0.08687565475702286
Epoch 2: loss = 0.08150036633014679
Epoch 3: loss = 0.08083367347717285
Epoch 4: loss = 0.08067287504673004
Epoch 5: loss = 0.08062378317117691
Epoch 6: loss = 0.08060421049594879
Epoch 7: loss = 0.08059704303741455
Epoch 8: loss = 0.08059421181678772
Epoch 9: loss = 0.08059203624725342
Early stopping at epoch 9 with loss 0.08067287504673004
Epoch 0: loss = -7.20955753326416
Epoch 1: loss = -7.232254981994629
Epoch 2: loss = -7.23291015625
Epoch 3: loss = -7.233107089996338
Epoch 4: loss = -7.233213901519775
Epoch 5: loss = -7.233259677886963
Epoch 6: loss = -7.233278274536133
Epoch 7: loss = -7.233283042907715
Epoch 8: loss = -7.233284950256348
Epoch 9: loss = -7.233286380767822
Early stopping at epoch 9 with loss -7.233213901519775
Reconstruction for fluence = 6.9519279617756045 photons/pixel
Epoch 0: loss = 2.036062479019165
Epoch 1: loss = 0.12183984369039536
Epoch 2: loss = 0.11039617657661438
Epoch 3: loss = 0.109157033264637
Epoch 4: loss = 0.1086098924279213
Epoch 5: loss = 0.10839714109897614
Epoch 6: loss = 0.10832681506872177
Epoch 7: loss = 0.1082904115319252
Epoch 8: loss = 0.10826107114553452
Epoch 9: loss = 0.108240507543087
Epoch 10: loss = 0.10823068022727966
Epoch 11: loss = 0.10822269320487976
Epoch 12: loss = 0.10821520537137985
Early stopping at epoch 12 with loss 0.1082904115319252
Epoch 0: loss = -22.744035720825195
Epoch 1: loss = -22.7736873626709
Epoch 2: loss = -22.774600982666016
Epoch 3: loss = -22.774858474731445
Epoch 4: loss = -22.774993896484375
Epoch 5: loss = -22.77507209777832
Epoch 6: loss = -22.775075912475586
Epoch 7: loss = -22.775110244750977
Epoch 8: loss = -22.77511978149414
Epoch 9: loss = -22.77512550354004
Epoch 10: loss = -22.775146484375
Epoch 11: loss = -22.775156021118164
Epoch 12: loss = -22.77515983581543
Early stopping at epoch 12 with loss -22.775110244750977
Reconstruction for fluence = 16.23776739188721 photons/pixel
Epoch 0: loss = 4.696174621582031
Epoch 1: loss = 0.17369432747364044
Epoch 2: loss = 0.1483253687620163
Epoch 3: loss = 0.1453624814748764
Epoch 4: loss = 0.14448346197605133
Epoch 5: loss = 0.14425362646579742
Epoch 6: loss = 0.1441900134086609
Epoch 7: loss = 0.14416347444057465
Epoch 8: loss = 0.14413948357105255
Epoch 9: loss = 0.14412207901477814
Epoch 10: loss = 0.1441134661436081
Epoch 11: loss = 0.14410904049873352
Epoch 12: loss = 0.14410458505153656
Epoch 13: loss = 0.1440974622964859
Early stopping at epoch 13 with loss 0.14413948357105255
Epoch 0: loss = -66.96434783935547
Epoch 1: loss = -66.99906921386719
Epoch 2: loss = -67.00006866455078
Epoch 3: loss = -67.00015258789062
Epoch 4: loss = -67.00029754638672
Epoch 5: loss = -67.0003433227539
Epoch 6: loss = -67.0003662109375
Epoch 7: loss = -67.00039672851562
Epoch 8: loss = -67.00042724609375
Epoch 9: loss = -67.00045776367188
Epoch 10: loss = -67.00047302246094
Epoch 11: loss = -67.00047302246094
Epoch 12: loss = -67.00048065185547
Epoch 13: loss = -67.00048828125
Early stopping at epoch 13 with loss -67.00042724609375
Reconstruction for fluence = 37.926901907322495 photons/pixel
Epoch 0: loss = 10.874787330627441
Epoch 1: loss = 0.23835508525371552
Epoch 2: loss = 0.18917520344257355
Epoch 3: loss = 0.18370705842971802
Epoch 4: loss = 0.182534858584404
Epoch 5: loss = 0.181997612118721
Epoch 6: loss = 0.1817748099565506
Epoch 7: loss = 0.1817013919353485
Epoch 8: loss = 0.1816033273935318
Epoch 9: loss = 0.18143124878406525
Epoch 10: loss = 0.18138933181762695
Epoch 11: loss = 0.1813616305589676
Epoch 12: loss = 0.1813446432352066
Epoch 13: loss = 0.1813335120677948
Epoch 14: loss = 0.18132942914962769
Epoch 0: loss = -188.3833770751953
Epoch 1: loss = -188.42005920410156
Epoch 2: loss = -188.4210662841797
Epoch 3: loss = -188.42111206054688
Epoch 4: loss = -188.4212188720703
Epoch 5: loss = -188.4213409423828
Epoch 6: loss = -188.4213409423828
Epoch 7: loss = -188.42137145996094
Epoch 8: loss = -188.4214324951172
Epoch 9: loss = -188.42144775390625
Epoch 10: loss = -188.4214630126953
Epoch 11: loss = -188.4214630126953
Epoch 12: loss = -188.42152404785156
Epoch 13: loss = -188.42152404785156
Epoch 14: loss = -188.4215545654297
Epoch 15: loss = -188.4215545654297
Early stopping at epoch 15 with loss -188.4214630126953
Reconstruction for fluence = 88.58667904100822 photons/pixel
Epoch 0: loss = 25.39547348022461
Epoch 1: loss = 0.33385857939720154
Epoch 2: loss = 0.23247729241847992
Epoch 3: loss = 0.21946187317371368
Epoch 4: loss = 0.21659693121910095
Epoch 5: loss = 0.215314581990242
Epoch 6: loss = 0.21468673646450043
Epoch 7: loss = 0.21443265676498413
Epoch 8: loss = 0.21427543461322784
Epoch 9: loss = 0.21370700001716614
Epoch 10: loss = 0.21330778300762177
Epoch 11: loss = 0.213192418217659
Epoch 12: loss = 0.21313126385211945
Epoch 13: loss = 0.21305710077285767
Epoch 14: loss = 0.21269243955612183
Epoch 0: loss = -514.356689453125
Epoch 1: loss = -514.3882446289062
Epoch 2: loss = -514.3885498046875
Epoch 3: loss = -514.3887939453125
Epoch 4: loss = -514.388916015625
Epoch 5: loss = -514.3889770507812
Epoch 6: loss = -514.3889770507812
Epoch 7: loss = -514.3892211914062
Epoch 8: loss = -514.3892211914062
Epoch 9: loss = -514.3892211914062
Epoch 10: loss = -514.3892211914062
Epoch 11: loss = -514.3893432617188
Epoch 12: loss = -514.389404296875
Epoch 13: loss = -514.3894653320312
Epoch 14: loss = -514.3894653320312
Epoch 15: loss = -514.3895263671875
Epoch 16: loss = -514.3895263671875
Epoch 17: loss = -514.3895874023438
Epoch 18: loss = -514.3896484375
Epoch 19: loss = -514.3896484375
Epoch 20: loss = -514.3897094726562
Epoch 21: loss = -514.3897094726562
Epoch 22: loss = -514.3897705078125
Epoch 23: loss = -514.3897705078125
Epoch 24: loss = -514.3897705078125
Epoch 25: loss = -514.3897705078125
Epoch 26: loss = -514.3897705078125
Epoch 27: loss = -514.3898315429688
Early stopping at epoch 27 with loss -514.3897705078125
Reconstruction for fluence = 206.9138081114788 photons/pixel
Epoch 0: loss = 59.18435287475586
Epoch 1: loss = 0.4812188744544983
Epoch 2: loss = 0.2755265235900879
Epoch 3: loss = 0.250143438577652
Epoch 4: loss = 0.24151982367038727
Epoch 5: loss = 0.23814477026462555
Epoch 6: loss = 0.23671256005764008
Epoch 7: loss = 0.23572704195976257
Epoch 8: loss = 0.23520135879516602
Epoch 9: loss = 0.23481930792331696
Epoch 10: loss = 0.23410126566886902
Epoch 11: loss = 0.23391294479370117
Epoch 12: loss = 0.23386073112487793
Epoch 13: loss = 0.2338358610868454
Epoch 14: loss = 0.23382213711738586
Epoch 0: loss = -1377.583984375
Epoch 1: loss = -1377.60986328125
Epoch 2: loss = -1377.6099853515625
Epoch 3: loss = -1377.6102294921875
Epoch 4: loss = -1377.6102294921875
Epoch 5: loss = -1377.6103515625
Epoch 6: loss = -1377.6104736328125
Epoch 7: loss = -1377.6104736328125
Epoch 8: loss = -1377.6107177734375
Epoch 9: loss = -1377.6107177734375
Epoch 10: loss = -1377.61083984375
Epoch 11: loss = -1377.6109619140625
Epoch 12: loss = -1377.6109619140625
Epoch 13: loss = -1377.6109619140625
Epoch 14: loss = -1377.6109619140625
Epoch 15: loss = -1377.6109619140625
Epoch 16: loss = -1377.6109619140625
Early stopping at epoch 16 with loss -1377.6109619140625
Reconstruction for fluence = 483.2930238571752 photons/pixel
Epoch 0: loss = 138.14443969726562
Epoch 1: loss = 0.836737334728241
Epoch 2: loss = 0.33043792843818665
Epoch 3: loss = 0.2771889269351959
Epoch 4: loss = 0.2638072967529297
Epoch 5: loss = 0.26152434945106506
Epoch 6: loss = 0.25985729694366455
Epoch 7: loss = 0.25800734758377075
Epoch 8: loss = 0.2568572461605072
Epoch 9: loss = 0.2559542655944824
Epoch 10: loss = 0.25259727239608765
Epoch 11: loss = 0.250216007232666
Epoch 12: loss = 0.24995248019695282
Epoch 13: loss = 0.2497207075357437
Epoch 14: loss = 0.2494262009859085
Epoch 0: loss = -3629.14404296875
Epoch 1: loss = -3629.162841796875
Epoch 2: loss = -3629.163330078125
Epoch 3: loss = -3629.16357421875
Epoch 4: loss = -3629.16357421875
Epoch 5: loss = -3629.16357421875
Epoch 6: loss = -3629.1640625
Epoch 7: loss = -3629.1640625
Epoch 8: loss = -3629.16455078125
Epoch 9: loss = -3629.16455078125
Epoch 10: loss = -3629.16455078125
Epoch 11: loss = -3629.16455078125
Epoch 12: loss = -3629.16455078125
Epoch 13: loss = -3629.16455078125
Early stopping at epoch 13 with loss -3629.16455078125
Reconstruction for fluence = 1128.8378916846884 photons/pixel
Epoch 0: loss = 322.6081237792969
Epoch 1: loss = 1.672774076461792
Epoch 2: loss = 0.4685167372226715
Epoch 3: loss = 0.34756842255592346
Epoch 4: loss = 0.2922959625720978
Epoch 5: loss = 0.2695675790309906
Epoch 6: loss = 0.25530242919921875
Epoch 7: loss = 0.24974213540554047
Epoch 8: loss = 0.24634011089801788
Epoch 9: loss = 0.24265581369400024
Epoch 10: loss = 0.2409399300813675
Epoch 11: loss = 0.23904159665107727
Epoch 12: loss = 0.23780778050422668
Epoch 13: loss = 0.24195343255996704
Epoch 14: loss = 0.235848531126976
Epoch 0: loss = -9432.41015625
Epoch 1: loss = -9432.4189453125
Epoch 2: loss = -9432.4189453125
Epoch 3: loss = -9432.4189453125
Epoch 4: loss = -9432.419921875
Epoch 5: loss = -9432.419921875
Epoch 6: loss = -9432.419921875
Epoch 7: loss = -9432.419921875
Epoch 8: loss = -9432.421875
Epoch 9: loss = -9432.421875
Epoch 10: loss = -9432.421875
Epoch 11: loss = -9432.421875
Epoch 12: loss = -9432.421875
Epoch 13: loss = -9432.421875
Early stopping at epoch 13 with loss -9432.421875
Reconstruction for fluence = 2636.6508987303555 photons/pixel
Epoch 0: loss = 753.4130859375
Epoch 1: loss = 3.308720827102661
Epoch 2: loss = 0.7591091990470886
Epoch 3: loss = 0.4877528250217438
Epoch 4: loss = 0.3732527494430542
Epoch 5: loss = 0.33850282430648804
Epoch 6: loss = 0.3257734775543213
Epoch 7: loss = 0.31685733795166016
Epoch 8: loss = 0.2927052080631256
Epoch 9: loss = 0.2720967233181
Epoch 10: loss = 0.26585063338279724
Epoch 11: loss = 0.26177453994750977
Epoch 12: loss = 0.25684329867362976
Epoch 13: loss = 0.24778848886489868
Epoch 14: loss = 0.24282461404800415
Epoch 0: loss = -24271.0234375
Epoch 1: loss = -24271.02734375
Epoch 2: loss = -24271.029296875
Epoch 3: loss = -24271.03125
Epoch 4: loss = -24271.03125
Epoch 5: loss = -24271.03125
Epoch 6: loss = -24271.03125
Epoch 7: loss = -24271.03125
Epoch 8: loss = -24271.03125
Early stopping at epoch 8 with loss -24271.03125
Reconstruction for fluence = 6158.482110660255 photons/pixel
Epoch 0: loss = 1759.778076171875
Epoch 1: loss = 6.96572732925415
Epoch 2: loss = 1.357813835144043
Epoch 3: loss = 0.7446549534797668
Epoch 4: loss = 0.5343782901763916
Epoch 5: loss = 0.4348238408565521
Epoch 6: loss = 0.40543854236602783
Epoch 7: loss = 0.3834139406681061
Epoch 8: loss = 0.3583674430847168
Epoch 9: loss = 0.34272968769073486
Epoch 10: loss = 0.33228012919425964
Epoch 11: loss = 0.31718966364860535
Epoch 12: loss = 0.3047955334186554
Epoch 13: loss = 0.299606591463089
Epoch 14: loss = 0.2742559313774109
Epoch 0: loss = -61914.08203125
Epoch 1: loss = -61914.08203125
Epoch 2: loss = -61914.08203125
Epoch 3: loss = -61914.08203125
Epoch 4: loss = -61914.08203125
Epoch 5: loss = -61914.08203125
Early stopping at epoch 5 with loss -61914.08203125
Reconstruction for fluence = 14384.498882876629 photons/pixel
Epoch 0: loss = 4110.79541015625
Epoch 1: loss = 16.241458892822266
Epoch 2: loss = 3.0140182971954346
Epoch 3: loss = 1.6067979335784912
Epoch 4: loss = 1.1854188442230225
Epoch 5: loss = 0.9884752631187439
Epoch 6: loss = 0.926447331905365
Epoch 7: loss = 0.8679667711257935
Epoch 8: loss = 0.8112368583679199
Epoch 9: loss = 0.7673700451850891
Epoch 10: loss = 0.7479352951049805
Epoch 11: loss = 0.696573793888092
Epoch 12: loss = 0.6011882424354553
Epoch 13: loss = 0.5089157819747925
Epoch 14: loss = 0.46397125720977783
Epoch 0: loss = -156809.359375
Epoch 1: loss = -156809.359375
Epoch 2: loss = -156809.359375
Epoch 3: loss = -156809.359375
Epoch 4: loss = -156809.359375
Epoch 5: loss = -156809.359375
Early stopping at epoch 5 with loss -156809.359375
Reconstruction for fluence = 33598.18286283781 photons/pixel
Epoch 0: loss = 9601.4814453125
Epoch 1: loss = 36.80485916137695
Epoch 2: loss = 6.983768939971924
Epoch 3: loss = 3.714528799057007
Epoch 4: loss = 2.2286102771759033
Epoch 5: loss = 1.8447433710098267
Epoch 6: loss = 1.6677513122558594
Epoch 7: loss = 1.5733953714370728
Epoch 8: loss = 1.429376244544983
Epoch 9: loss = 1.126161813735962
Epoch 10: loss = 1.0271273851394653
Epoch 11: loss = 0.9640734195709229
Epoch 12: loss = 0.9201534986495972
Epoch 13: loss = 0.8827444911003113
Epoch 14: loss = 0.7093193531036377
Epoch 0: loss = -394767.28125
Epoch 1: loss = -394767.28125
Epoch 2: loss = -394767.34375
Epoch 3: loss = -394767.34375
Epoch 4: loss = -394767.34375
Epoch 5: loss = -394767.34375
Epoch 6: loss = -394767.34375
Epoch 7: loss = -394767.34375
Early stopping at epoch 7 with loss -394767.34375
Reconstruction for fluence = 78475.99703514607 photons/pixel
Epoch 0: loss = 22425.7578125
Epoch 1: loss = 87.82169342041016
Epoch 2: loss = 15.256367683410645
Epoch 3: loss = 7.866743564605713
Epoch 4: loss = 4.862602233886719
Epoch 5: loss = 3.997523069381714
Epoch 6: loss = 3.623082399368286
Epoch 7: loss = 3.3010852336883545
Epoch 8: loss = 2.8353986740112305
Epoch 9: loss = 2.3402979373931885
Epoch 10: loss = 2.1192545890808105
Epoch 11: loss = 1.965181589126587
Epoch 12: loss = 1.7561959028244019
Epoch 13: loss = 1.6085655689239502
Epoch 14: loss = 1.5069307088851929
Epoch 0: loss = -988619.6875
Epoch 1: loss = -988619.8125
Epoch 2: loss = -988619.8125
Epoch 3: loss = -988619.8125
Epoch 4: loss = -988619.8125
Epoch 5: loss = -988619.8125
Epoch 6: loss = -988619.8125
Early stopping at epoch 6 with loss -988619.8125
Reconstruction for fluence = 183298.07108324335 photons/pixel
Epoch 0: loss = 52378.890625
Epoch 1: loss = 204.98057556152344
Epoch 2: loss = 36.117122650146484
Epoch 3: loss = 19.04660987854004
Epoch 4: loss = 11.084080696105957
Epoch 5: loss = 8.71812915802002
Epoch 6: loss = 7.842722415924072
Epoch 7: loss = 7.457446575164795
Epoch 8: loss = 6.658857822418213
Epoch 9: loss = 5.168654441833496
Epoch 10: loss = 4.688267230987549
Epoch 11: loss = 4.440155506134033
Epoch 12: loss = 4.218138694763184
Epoch 13: loss = 3.9318134784698486
Epoch 14: loss = 3.2026610374450684
Epoch 0: loss = -2464714.75
Epoch 1: loss = -2464714.75
Epoch 2: loss = -2464714.75
Epoch 3: loss = -2464715.0
Epoch 4: loss = -2464715.0
Epoch 5: loss = -2464715.0
Epoch 6: loss = -2464715.0
Epoch 7: loss = -2464715.0
Epoch 8: loss = -2464715.0
Early stopping at epoch 8 with loss -2464715.0
Reconstruction for fluence = 428133.2398719387 photons/pixel
Epoch 0: loss = 122346.1796875
Epoch 1: loss = 481.4236755371094
Epoch 2: loss = 81.38136291503906
Epoch 3: loss = 40.83670425415039
Epoch 4: loss = 26.448015213012695
Epoch 5: loss = 21.171369552612305
Epoch 6: loss = 19.478187561035156
Epoch 7: loss = 18.40580177307129
Epoch 8: loss = 17.274051666259766
Epoch 9: loss = 13.845746994018555
Epoch 10: loss = 11.287321090698242
Epoch 11: loss = 9.936724662780762
Epoch 12: loss = 8.69085693359375
Epoch 13: loss = 7.746225833892822
Epoch 14: loss = 5.870025634765625
Epoch 0: loss = -6120022.5
Epoch 1: loss = -6120022.5
Epoch 2: loss = -6120022.5
Epoch 3: loss = -6120022.5
Epoch 4: loss = -6120022.5
Epoch 5: loss = -6120022.5
Early stopping at epoch 5 with loss -6120022.5
Reconstruction for fluence = 1000000.0 photons/pixel
Epoch 0: loss = 285759.5
Epoch 1: loss = 1132.4595947265625
Epoch 2: loss = 189.4945831298828
Epoch 3: loss = 94.55684661865234
Epoch 4: loss = 59.30722427368164
Epoch 5: loss = 48.62298583984375
Epoch 6: loss = 42.98575973510742
Epoch 7: loss = 38.1765022277832
Epoch 8: loss = 29.383710861206055
Epoch 9: loss = 26.747161865234375
Epoch 10: loss = 24.138343811035156
Epoch 11: loss = 22.046579360961914
Epoch 12: loss = 19.798763275146484
Epoch 13: loss = 18.64969825744629
Epoch 14: loss = 17.57528305053711
Epoch 0: loss = -15142905.0
Epoch 1: loss = -15142905.0
Epoch 2: loss = -15142905.0
Epoch 3: loss = -15142905.0
Epoch 4: loss = -15142905.0
Epoch 5: loss = -15142905.0
Early stopping at epoch 5 with loss -15142905.0
Simulation for steps_size=29 and n_fluences=20 completed!
