Running simulation for steps_size=16 and n_fluences=20
Steps size: 16
Tensors initialization on device cuda
Multiprobe = band_lim
torch.Size([1, 64, 64])

('MSE', None) RECONSTRUCTIONS

Reconstruction for fluence = 0.09999999999999999 photons/pixel
Epoch 0: loss = 0.11030478030443192
Epoch 1: loss = 0.03781275823712349
Epoch 2: loss = 0.0364043302834034
Epoch 3: loss = 0.03618402034044266
Epoch 4: loss = 0.03611476719379425
Epoch 5: loss = 0.03609520196914673
Epoch 6: loss = 0.036090049892663956
Epoch 7: loss = 0.03608919680118561
Epoch 8: loss = 0.03608919680118561
Early stopping at epoch 8 with loss 0.03618402034044266
Reconstruction for fluence = 0.23357214690901223 photons/pixel
Epoch 0: loss = 0.42664897441864014
Epoch 1: loss = 0.09037060290575027
Epoch 2: loss = 0.08660474419593811
Epoch 3: loss = 0.08590100705623627
Epoch 4: loss = 0.08580164611339569
Epoch 5: loss = 0.08578029274940491
Epoch 6: loss = 0.08577626943588257
Epoch 7: loss = 0.08577457070350647
Epoch 8: loss = 0.08577421307563782
Epoch 9: loss = 0.08577421307563782
Epoch 10: loss = 0.08577421307563782
Early stopping at epoch 10 with loss 0.08578029274940491
Reconstruction for fluence = 0.5455594781168519 photons/pixel
Epoch 0: loss = 2.0104458332061768
Epoch 1: loss = 0.20367027819156647
Epoch 2: loss = 0.19184547662734985
Epoch 3: loss = 0.1900220513343811
Epoch 4: loss = 0.18966704607009888
Epoch 5: loss = 0.18959933519363403
Epoch 6: loss = 0.18958669900894165
Epoch 7: loss = 0.18958449363708496
Epoch 8: loss = 0.18958407640457153
Epoch 9: loss = 0.18958397209644318
Early stopping at epoch 9 with loss 0.18966704607009888
Reconstruction for fluence = 1.2742749857031335 photons/pixel
Epoch 0: loss = 9.897587776184082
Epoch 1: loss = 0.48591187596321106
Epoch 2: loss = 0.4485839009284973
Epoch 3: loss = 0.442607581615448
Epoch 4: loss = 0.44153445959091187
Epoch 5: loss = 0.44128328561782837
Epoch 6: loss = 0.4412122666835785
Epoch 7: loss = 0.4411931037902832
Epoch 8: loss = 0.44118836522102356
Epoch 9: loss = 0.4411880075931549
Epoch 10: loss = 0.4411870837211609
Early stopping at epoch 10 with loss 0.44128328561782837
Reconstruction for fluence = 2.976351441631318 photons/pixel
Epoch 0: loss = 51.639068603515625
Epoch 1: loss = 1.1078790426254272
Epoch 2: loss = 0.9918837547302246
Epoch 3: loss = 0.9718245267868042
Epoch 4: loss = 0.9674825072288513
Epoch 5: loss = 0.9661998152732849
Epoch 6: loss = 0.9658493995666504
Epoch 7: loss = 0.9657189846038818
Epoch 8: loss = 0.9656679034233093
Epoch 9: loss = 0.9656511545181274
Epoch 10: loss = 0.9656452536582947
Epoch 11: loss = 0.9656438827514648
Epoch 12: loss = 0.9656433463096619
Early stopping at epoch 12 with loss 0.9657189846038818
Reconstruction for fluence = 6.9519279617756045 photons/pixel
Epoch 0: loss = 278.3634948730469
Epoch 1: loss = 2.734264850616455
Epoch 2: loss = 2.3516054153442383
Epoch 3: loss = 2.280212640762329
Epoch 4: loss = 2.2623090744018555
Epoch 5: loss = 2.256718158721924
Epoch 6: loss = 2.254640579223633
Epoch 7: loss = 2.253809928894043
Epoch 8: loss = 2.2533631324768066
Epoch 9: loss = 2.253171920776367
Epoch 10: loss = 2.2530932426452637
Epoch 11: loss = 2.2530674934387207
Epoch 12: loss = 2.2530579566955566
Epoch 13: loss = 2.253053665161133
Epoch 14: loss = 2.253052234649658
Epoch 15: loss = 2.253052234649658
Epoch 16: loss = 2.2530517578125
Early stopping at epoch 16 with loss 2.2530674934387207
Reconstruction for fluence = 16.23776739188721 photons/pixel
Epoch 0: loss = 1498.9420166015625
Epoch 1: loss = 6.80635404586792
Epoch 2: loss = 5.52131462097168
Epoch 3: loss = 5.262354850769043
Epoch 4: loss = 5.196634292602539
Epoch 5: loss = 5.174660682678223
Epoch 6: loss = 5.166836738586426
Epoch 7: loss = 5.163020610809326
Epoch 8: loss = 5.161069869995117
Epoch 9: loss = 5.160097599029541
Epoch 10: loss = 5.159579753875732
Epoch 11: loss = 5.159348964691162
Epoch 12: loss = 5.159235954284668
Epoch 13: loss = 5.159172058105469
Epoch 14: loss = 5.159138202667236
Epoch 15: loss = 5.159132957458496
Epoch 16: loss = 5.1591291427612305
Epoch 17: loss = 5.159122467041016
Epoch 18: loss = 5.159120559692383
Epoch 19: loss = 5.159117698669434
Epoch 20: loss = 5.159110069274902
Early stopping at epoch 20 with loss 5.159132957458496
Reconstruction for fluence = 37.926901907322495 photons/pixel
Epoch 0: loss = 8149.18408203125
Epoch 1: loss = 17.93012809753418
Epoch 2: loss = 12.488321304321289
Epoch 3: loss = 11.600257873535156
Epoch 4: loss = 11.362857818603516
Epoch 5: loss = 11.285524368286133
Epoch 6: loss = 11.256940841674805
Epoch 7: loss = 11.244282722473145
Epoch 8: loss = 11.23544979095459
Epoch 9: loss = 11.231054306030273
Epoch 10: loss = 11.228574752807617
Epoch 11: loss = 11.227314949035645
Epoch 12: loss = 11.226557731628418
Epoch 13: loss = 11.22613525390625
Epoch 14: loss = 11.22586727142334
Epoch 15: loss = 11.225712776184082
Epoch 16: loss = 11.225643157958984
Epoch 17: loss = 11.225582122802734
Epoch 18: loss = 11.225547790527344
Epoch 19: loss = 11.225543975830078
Epoch 20: loss = 11.225543975830078
Epoch 21: loss = 11.22553825378418
Epoch 22: loss = 11.225534439086914
Early stopping at epoch 22 with loss 11.225582122802734
Reconstruction for fluence = 88.58667904100822 photons/pixel
Epoch 0: loss = 44412.3515625
Epoch 1: loss = 54.49361038208008
Epoch 2: loss = 29.894020080566406
Epoch 3: loss = 26.785297393798828
Epoch 4: loss = 25.9394474029541
Epoch 5: loss = 25.671146392822266
Epoch 6: loss = 25.56974983215332
Epoch 7: loss = 25.517105102539062
Epoch 8: loss = 25.486469268798828
Epoch 9: loss = 25.465538024902344
Epoch 10: loss = 25.453540802001953
Epoch 11: loss = 25.44629669189453
Epoch 12: loss = 25.44304656982422
Epoch 13: loss = 25.439268112182617
Epoch 14: loss = 25.43741798400879
Epoch 15: loss = 25.436092376708984
Epoch 16: loss = 25.43531036376953
Epoch 17: loss = 25.43496322631836
Epoch 18: loss = 25.43459129333496
Epoch 19: loss = 25.434513092041016
Epoch 20: loss = 25.434261322021484
Epoch 21: loss = 25.434162139892578
Epoch 22: loss = 25.434125900268555
Epoch 23: loss = 25.434001922607422
Epoch 24: loss = 25.43399429321289
Epoch 25: loss = 25.433975219726562
Epoch 26: loss = 25.4339599609375
Epoch 27: loss = 25.433897018432617
Epoch 28: loss = 25.43389129638672
Epoch 29: loss = 25.433887481689453
Epoch 30: loss = 25.43386459350586
Epoch 31: loss = 25.43386459350586
Epoch 32: loss = 25.433856964111328
Early stopping at epoch 32 with loss 25.433897018432617
Reconstruction for fluence = 206.9138081114788 photons/pixel
Epoch 0: loss = 241704.0
Epoch 1: loss = 207.209716796875
Epoch 2: loss = 81.48768615722656
Epoch 3: loss = 65.91410827636719
Epoch 4: loss = 62.585227966308594
Epoch 5: loss = 61.435951232910156
Epoch 6: loss = 61.03773880004883
Epoch 7: loss = 60.83793258666992
Epoch 8: loss = 60.719993591308594
Epoch 9: loss = 60.651859283447266
Epoch 10: loss = 60.608116149902344
Epoch 11: loss = 60.58305358886719
Epoch 12: loss = 60.566402435302734
Epoch 13: loss = 60.55574035644531
Epoch 14: loss = 60.54814147949219
Epoch 15: loss = 60.54249954223633
Epoch 16: loss = 60.53901672363281
Epoch 17: loss = 60.53656768798828
Epoch 18: loss = 60.53459548950195
Epoch 19: loss = 60.5332145690918
Epoch 20: loss = 60.5321044921875
Epoch 21: loss = 60.5313606262207
Epoch 22: loss = 60.531192779541016
Epoch 23: loss = 60.530906677246094
Epoch 24: loss = 60.530479431152344
Epoch 25: loss = 60.530311584472656
Epoch 26: loss = 60.530242919921875
Epoch 27: loss = 60.53000259399414
Epoch 28: loss = 60.52991485595703
Epoch 29: loss = 60.529884338378906
Epoch 30: loss = 60.529808044433594
Epoch 31: loss = 60.529808044433594
Epoch 32: loss = 60.529808044433594
Epoch 33: loss = 60.529693603515625
Epoch 34: loss = 60.5296630859375
Epoch 35: loss = 60.5296630859375
Epoch 36: loss = 60.52965545654297
Epoch 37: loss = 60.52961730957031
Epoch 38: loss = 60.529571533203125
Epoch 39: loss = 60.52956771850586
Epoch 40: loss = 60.529483795166016
Epoch 41: loss = 60.52949523925781
Epoch 42: loss = 60.529476165771484
Epoch 43: loss = 60.529449462890625
Epoch 44: loss = 60.529441833496094
Epoch 45: loss = 60.52940368652344
Epoch 46: loss = 60.5294075012207
Epoch 47: loss = 60.529380798339844
Epoch 48: loss = 60.529380798339844
Early stopping at epoch 48 with loss 60.529449462890625
Reconstruction for fluence = 483.2930238571752 photons/pixel
Epoch 0: loss = 1319404.125
Epoch 1: loss = 884.8450317382812
Epoch 2: loss = 236.57537841796875
Epoch 3: loss = 161.76699829101562
Epoch 4: loss = 146.72341918945312
Epoch 5: loss = 142.25213623046875
Epoch 6: loss = 140.77645874023438
Epoch 7: loss = 140.0507354736328
Epoch 8: loss = 139.58026123046875
Epoch 9: loss = 139.29940795898438
Epoch 10: loss = 139.12237548828125
Epoch 11: loss = 139.02725219726562
Epoch 12: loss = 138.965087890625
Epoch 13: loss = 138.9201202392578
Epoch 14: loss = 138.89035034179688
Epoch 15: loss = 138.861572265625
Epoch 16: loss = 138.84780883789062
Epoch 17: loss = 138.8380584716797
Epoch 18: loss = 138.83099365234375
Epoch 19: loss = 138.82582092285156
Epoch 20: loss = 138.8218994140625
Epoch 21: loss = 138.81898498535156
Epoch 22: loss = 138.8175048828125
Epoch 23: loss = 138.81735229492188
Epoch 24: loss = 138.8165740966797
Epoch 25: loss = 138.81634521484375
Epoch 26: loss = 138.81588745117188
Epoch 27: loss = 138.81459045410156
Epoch 28: loss = 138.81414794921875
Epoch 29: loss = 138.81414794921875
Epoch 30: loss = 138.813720703125
Epoch 31: loss = 138.813720703125
Epoch 32: loss = 138.81280517578125
Epoch 33: loss = 138.812744140625
Epoch 34: loss = 138.8125457763672
Epoch 35: loss = 138.81253051757812
Epoch 36: loss = 138.8124542236328
Epoch 37: loss = 138.81234741210938
Epoch 38: loss = 138.81210327148438
Epoch 39: loss = 138.81199645996094
Epoch 40: loss = 138.81192016601562
Epoch 41: loss = 138.81187438964844
Epoch 42: loss = 138.8115234375
Epoch 43: loss = 138.81146240234375
Epoch 44: loss = 138.81130981445312
Epoch 45: loss = 138.81121826171875
Epoch 46: loss = 138.81121826171875
Epoch 47: loss = 138.8112030029297
Epoch 48: loss = 138.81088256835938
Epoch 49: loss = 138.81085205078125
Epoch 50: loss = 138.81085205078125
Epoch 51: loss = 138.81072998046875
Epoch 52: loss = 138.8106689453125
Epoch 53: loss = 138.81063842773438
Epoch 54: loss = 138.81057739257812
Epoch 55: loss = 138.81048583984375
Epoch 56: loss = 138.81048583984375
Epoch 57: loss = 138.81048583984375
Epoch 58: loss = 138.81039428710938
Epoch 59: loss = 138.81036376953125
Epoch 60: loss = 138.81036376953125
Epoch 61: loss = 138.81036376953125
Epoch 62: loss = 138.81024169921875
Epoch 63: loss = 138.81024169921875
Epoch 64: loss = 138.81027221679688
Epoch 65: loss = 138.81027221679688
Epoch 66: loss = 138.81027221679688
Epoch 67: loss = 138.8102264404297
Early stopping at epoch 67 with loss 138.81024169921875
Reconstruction for fluence = 1128.8378916846884 photons/pixel
Epoch 0: loss = 7196355.5
Epoch 1: loss = 4322.73583984375
Epoch 2: loss = 814.0736083984375
Epoch 3: loss = 438.2176208496094
Epoch 4: loss = 367.4117736816406
Epoch 5: loss = 346.351318359375
Epoch 6: loss = 340.3226623535156
Epoch 7: loss = 337.205322265625
Epoch 8: loss = 335.350341796875
Epoch 9: loss = 334.30218505859375
Epoch 10: loss = 333.5868835449219
Epoch 11: loss = 333.1793212890625
Epoch 12: loss = 332.9234924316406
Epoch 13: loss = 332.753662109375
Epoch 14: loss = 332.61871337890625
Epoch 15: loss = 332.5198669433594
Epoch 16: loss = 332.4580078125
Epoch 17: loss = 332.4146728515625
Epoch 18: loss = 332.38177490234375
Epoch 19: loss = 332.3562316894531
Epoch 20: loss = 332.33734130859375
Epoch 21: loss = 332.3280029296875
Epoch 22: loss = 332.3178405761719
Epoch 23: loss = 332.30926513671875
Epoch 24: loss = 332.3025817871094
Epoch 25: loss = 332.296630859375
Epoch 26: loss = 332.2919921875
Epoch 27: loss = 332.28826904296875
Epoch 28: loss = 332.287109375
Epoch 29: loss = 332.2843933105469
Epoch 30: loss = 332.28240966796875
Epoch 31: loss = 332.2823486328125
Epoch 32: loss = 332.28179931640625
Epoch 33: loss = 332.28021240234375
Epoch 34: loss = 332.27911376953125
Epoch 35: loss = 332.27813720703125
Epoch 36: loss = 332.27703857421875
Epoch 37: loss = 332.27691650390625
Epoch 38: loss = 332.2764892578125
Epoch 39: loss = 332.2764892578125
Epoch 40: loss = 332.27569580078125
Epoch 41: loss = 332.2755126953125
Epoch 42: loss = 332.27508544921875
Epoch 43: loss = 332.27490234375
Epoch 44: loss = 332.27496337890625
Epoch 45: loss = 332.27459716796875
Epoch 46: loss = 332.274658203125
Epoch 47: loss = 332.274658203125
Epoch 48: loss = 332.2745361328125
Epoch 49: loss = 332.2742919921875
Epoch 50: loss = 332.27423095703125
Epoch 51: loss = 332.27392578125
Epoch 52: loss = 332.27386474609375
Epoch 53: loss = 332.2738342285156
Epoch 54: loss = 332.2740478515625
Epoch 55: loss = 332.2737731933594
Epoch 56: loss = 332.27374267578125
Epoch 57: loss = 332.2735595703125
Epoch 58: loss = 332.273681640625
Epoch 59: loss = 332.2735595703125
Epoch 60: loss = 332.2735595703125
Epoch 61: loss = 332.2734680175781
Epoch 62: loss = 332.2734375
Epoch 63: loss = 332.2734375
Epoch 64: loss = 332.2732849121094
Epoch 65: loss = 332.2732238769531
Epoch 66: loss = 332.27313232421875
Epoch 67: loss = 332.27337646484375
Epoch 68: loss = 332.273193359375
Epoch 69: loss = 332.273193359375
Epoch 70: loss = 332.27325439453125
Epoch 71: loss = 332.2732238769531
Early stopping at epoch 71 with loss 332.27313232421875
Reconstruction for fluence = 2636.6508987303555 photons/pixel
Epoch 0: loss = 39260136.0
Epoch 1: loss = 22204.376953125
Epoch 2: loss = 3302.6728515625
Epoch 3: loss = 1239.348388671875
Epoch 4: loss = 901.5537109375
Epoch 5: loss = 809.8909912109375
Epoch 6: loss = 781.1234130859375
Epoch 7: loss = 768.5115966796875
Epoch 8: loss = 761.4248657226562
Epoch 9: loss = 757.711669921875
Epoch 10: loss = 755.583740234375
Epoch 11: loss = 754.3074951171875
Epoch 12: loss = 753.4488525390625
Epoch 13: loss = 752.8204345703125
Epoch 14: loss = 752.3939819335938
Epoch 15: loss = 752.0887451171875
Epoch 16: loss = 751.8848876953125
Epoch 17: loss = 751.742919921875
Epoch 18: loss = 751.6421508789062
Epoch 19: loss = 751.5662231445312
Epoch 20: loss = 751.5028076171875
Epoch 21: loss = 751.4581298828125
Epoch 22: loss = 751.427001953125
Epoch 23: loss = 751.402099609375
Epoch 24: loss = 751.3822631835938
Epoch 25: loss = 751.36474609375
Epoch 26: loss = 751.3517456054688
Epoch 27: loss = 751.34326171875
Epoch 28: loss = 751.334716796875
Epoch 29: loss = 751.33447265625
Epoch 30: loss = 751.3321533203125
Epoch 31: loss = 751.3262939453125
Epoch 32: loss = 751.3226318359375
Epoch 33: loss = 751.3177490234375
Epoch 34: loss = 751.3148193359375
Epoch 35: loss = 751.3121337890625
Epoch 36: loss = 751.3097534179688
Epoch 37: loss = 751.310302734375
Epoch 38: loss = 751.30810546875
Epoch 39: loss = 751.307373046875
Epoch 40: loss = 751.3053588867188
Epoch 41: loss = 751.30517578125
Epoch 42: loss = 751.30517578125
Epoch 43: loss = 751.3040161132812
Epoch 44: loss = 751.303466796875
Epoch 45: loss = 751.3035888671875
Epoch 46: loss = 751.3035888671875
Epoch 47: loss = 751.302978515625
Epoch 48: loss = 751.303466796875
Epoch 49: loss = 751.3035888671875
Epoch 50: loss = 751.3024291992188
Epoch 51: loss = 751.3017578125
Epoch 52: loss = 751.3016357421875
Epoch 53: loss = 751.3012084960938
Epoch 54: loss = 751.301025390625
Epoch 55: loss = 751.3009033203125
Epoch 56: loss = 751.3001708984375
Epoch 57: loss = 751.3001708984375
Epoch 58: loss = 751.3001708984375
Epoch 59: loss = 751.2997436523438
Epoch 60: loss = 751.2997436523438
Epoch 61: loss = 751.2991943359375
Epoch 62: loss = 751.2991943359375
Epoch 63: loss = 751.299560546875
Epoch 64: loss = 751.2994995117188
Epoch 65: loss = 751.2989501953125
Epoch 66: loss = 751.29931640625
Epoch 67: loss = 751.2987060546875
Epoch 68: loss = 751.298828125
Epoch 69: loss = 751.2994384765625
Epoch 70: loss = 751.2985229492188
Epoch 71: loss = 751.2984619140625
Epoch 72: loss = 751.2988891601562
Epoch 73: loss = 751.299072265625
Epoch 74: loss = 751.2989501953125
Epoch 75: loss = 751.2985229492188
Early stopping at epoch 75 with loss 751.2985229492188
Reconstruction for fluence = 6158.482110660255 photons/pixel
Epoch 0: loss = 214223072.0
Epoch 1: loss = 117869.5
Epoch 2: loss = 14498.2275390625
Epoch 3: loss = 4509.806640625
Epoch 4: loss = 2671.0068359375
Epoch 5: loss = 2123.0146484375
Epoch 6: loss = 1963.035400390625
Epoch 7: loss = 1886.6448974609375
Epoch 8: loss = 1849.99560546875
Epoch 9: loss = 1829.512451171875
Epoch 10: loss = 1816.9263916015625
Epoch 11: loss = 1811.476806640625
Epoch 12: loss = 1806.626953125
Epoch 13: loss = 1803.932861328125
Epoch 14: loss = 1802.003173828125
Epoch 15: loss = 1800.64599609375
Epoch 16: loss = 1799.813720703125
Epoch 17: loss = 1799.267822265625
Epoch 18: loss = 1798.867431640625
Epoch 19: loss = 1798.564453125
Epoch 20: loss = 1798.320068359375
Epoch 21: loss = 1798.1427001953125
Epoch 22: loss = 1798.0462646484375
Epoch 23: loss = 1797.947021484375
Epoch 24: loss = 1797.870361328125
Epoch 25: loss = 1797.8062744140625
Epoch 26: loss = 1797.7587890625
Epoch 27: loss = 1797.743408203125
Epoch 28: loss = 1797.716796875
Epoch 29: loss = 1797.710205078125
Epoch 30: loss = 1797.6875
Epoch 31: loss = 1797.660400390625
Epoch 32: loss = 1797.6383056640625
Epoch 33: loss = 1797.61865234375
Epoch 34: loss = 1797.6033935546875
Epoch 35: loss = 1797.6044921875
Epoch 36: loss = 1797.599365234375
Epoch 37: loss = 1797.5906982421875
Epoch 38: loss = 1797.583251953125
Epoch 39: loss = 1797.57568359375
Epoch 40: loss = 1797.566162109375
Epoch 41: loss = 1797.5626220703125
Epoch 42: loss = 1797.5577392578125
Epoch 43: loss = 1797.553466796875
Epoch 44: loss = 1797.55078125
Epoch 45: loss = 1797.544921875
Epoch 46: loss = 1797.545166015625
Epoch 47: loss = 1797.54638671875
Epoch 48: loss = 1797.545654296875
Epoch 49: loss = 1797.54345703125
Epoch 50: loss = 1797.5418701171875
Epoch 51: loss = 1797.541015625
Epoch 52: loss = 1797.541015625
Epoch 53: loss = 1797.541259765625
Epoch 54: loss = 1797.539794921875
Epoch 55: loss = 1797.53759765625
Epoch 56: loss = 1797.541259765625
Epoch 57: loss = 1797.53564453125
Epoch 58: loss = 1797.5404052734375
Epoch 59: loss = 1797.536865234375
Epoch 60: loss = 1797.5362548828125
Epoch 61: loss = 1797.535888671875
Epoch 62: loss = 1797.537109375
Early stopping at epoch 62 with loss 1797.53564453125
Reconstruction for fluence = 14384.498882876629 photons/pixel
Epoch 0: loss = 1168955776.0
Epoch 1: loss = 635819.875
Epoch 2: loss = 77506.015625
Epoch 3: loss = 19447.34375
Epoch 4: loss = 9412.2158203125
Epoch 5: loss = 5820.1572265625
Epoch 6: loss = 4927.666015625
Epoch 7: loss = 4557.697265625
Epoch 8: loss = 4352.927734375
Epoch 9: loss = 4249.31640625
Epoch 10: loss = 4190.2607421875
Epoch 11: loss = 4157.294921875
Epoch 12: loss = 4138.77392578125
Epoch 13: loss = 4125.4892578125
Epoch 14: loss = 4115.9912109375
Epoch 15: loss = 4109.3525390625
Epoch 16: loss = 4104.75048828125
Epoch 17: loss = 4101.958984375
Epoch 18: loss = 4099.78466796875
Epoch 19: loss = 4098.189453125
Epoch 20: loss = 4096.953125
Epoch 21: loss = 4096.02197265625
Epoch 22: loss = 4095.42236328125
Epoch 23: loss = 4094.889404296875
Epoch 24: loss = 4094.519775390625
Epoch 25: loss = 4094.23193359375
Epoch 26: loss = 4093.982421875
Epoch 27: loss = 4093.826904296875
Epoch 28: loss = 4093.67529296875
Epoch 29: loss = 4093.575439453125
Epoch 30: loss = 4093.529541015625
Epoch 31: loss = 4093.439697265625
Epoch 32: loss = 4093.373779296875
Epoch 33: loss = 4093.35791015625
Epoch 34: loss = 4093.314208984375
Epoch 35: loss = 4093.27587890625
Epoch 36: loss = 4093.2412109375
Epoch 37: loss = 4093.21826171875
Epoch 38: loss = 4093.184814453125
Epoch 39: loss = 4093.15673828125
Epoch 40: loss = 4093.149658203125
Epoch 41: loss = 4093.134033203125
Epoch 42: loss = 4093.10986328125
Epoch 43: loss = 4093.099609375
Epoch 44: loss = 4093.0966796875
Epoch 45: loss = 4093.08837890625
Epoch 46: loss = 4093.077880859375
Epoch 47: loss = 4093.07568359375
Epoch 48: loss = 4093.07275390625
Epoch 49: loss = 4093.0615234375
Epoch 50: loss = 4093.06689453125
Epoch 51: loss = 4093.060546875
Epoch 52: loss = 4093.059814453125
Epoch 53: loss = 4093.056640625
Epoch 54: loss = 4093.058349609375
Epoch 55: loss = 4093.0576171875
Epoch 56: loss = 4093.05908203125
Epoch 57: loss = 4093.05322265625
Epoch 58: loss = 4093.0498046875
Epoch 59: loss = 4093.0498046875
Epoch 60: loss = 4093.0546875
Epoch 61: loss = 4093.03955078125
Epoch 62: loss = 4093.050048828125
Epoch 63: loss = 4093.0361328125
Epoch 64: loss = 4093.0439453125
Epoch 65: loss = 4093.03955078125
Epoch 66: loss = 4093.046142578125
Epoch 67: loss = 4093.0478515625
Epoch 68: loss = 4093.04833984375
Early stopping at epoch 68 with loss 4093.0361328125
Reconstruction for fluence = 33598.18286283781 photons/pixel
Epoch 0: loss = 6376503296.0
Epoch 1: loss = 3460913.75
Epoch 2: loss = 412957.0625
Epoch 3: loss = 91422.125
Epoch 4: loss = 33088.8125
Epoch 5: loss = 18055.50390625
Epoch 6: loss = 13644.4912109375
Epoch 7: loss = 11851.83203125
Epoch 8: loss = 11049.255859375
Epoch 9: loss = 10489.091796875
Epoch 10: loss = 10219.2197265625
Epoch 11: loss = 10063.759765625
Epoch 12: loss = 9978.359375
Epoch 13: loss = 9926.439453125
Epoch 14: loss = 9908.63671875
Epoch 15: loss = 9869.333984375
Epoch 16: loss = 9844.927734375
Epoch 17: loss = 9832.5654296875
Epoch 18: loss = 9818.6640625
Epoch 19: loss = 9810.572265625
Epoch 20: loss = 9804.26171875
Epoch 21: loss = 9800.037109375
Epoch 22: loss = 9797.0380859375
Epoch 23: loss = 9794.8515625
Epoch 24: loss = 9793.234375
Epoch 25: loss = 9791.84765625
Epoch 26: loss = 9790.779296875
Epoch 27: loss = 9790.001953125
Epoch 28: loss = 9789.2880859375
Epoch 29: loss = 9788.8134765625
Epoch 30: loss = 9788.455078125
Epoch 31: loss = 9788.0966796875
Epoch 32: loss = 9788.0478515625
Epoch 33: loss = 9787.779296875
Epoch 34: loss = 9787.736328125
Epoch 35: loss = 9787.4765625
Epoch 36: loss = 9787.37109375
Epoch 37: loss = 9787.2587890625
Epoch 38: loss = 9787.125
Epoch 39: loss = 9787.044921875
Epoch 40: loss = 9786.962890625
Epoch 41: loss = 9786.888671875
Epoch 42: loss = 9786.86328125
Epoch 43: loss = 9786.794921875
Epoch 44: loss = 9786.7578125
Epoch 45: loss = 9786.7421875
Epoch 46: loss = 9786.71875
Epoch 47: loss = 9786.71875
Epoch 48: loss = 9786.685546875
Epoch 49: loss = 9786.67578125
Epoch 50: loss = 9786.658203125
Epoch 51: loss = 9786.6552734375
Epoch 52: loss = 9786.578125
Epoch 53: loss = 9786.5927734375
Epoch 54: loss = 9786.576171875
Epoch 55: loss = 9786.611328125
Epoch 56: loss = 9786.5751953125
Epoch 57: loss = 9786.5927734375
Epoch 58: loss = 9786.57421875
Epoch 59: loss = 9786.5849609375
Epoch 60: loss = 9786.57421875
Epoch 61: loss = 9786.55078125
Epoch 62: loss = 9786.548828125
Epoch 63: loss = 9786.5625
Epoch 64: loss = 9786.5458984375
Epoch 65: loss = 9786.5859375
Epoch 66: loss = 9786.56640625
Epoch 67: loss = 9786.5546875
Epoch 68: loss = 9786.58203125
Epoch 69: loss = 9786.5322265625
Epoch 70: loss = 9786.5693359375
Epoch 71: loss = 9786.54296875
Epoch 72: loss = 9786.552734375
Epoch 73: loss = 9786.5615234375
Epoch 74: loss = 9786.568359375
Early stopping at epoch 74 with loss 9786.5322265625
Reconstruction for fluence = 78475.99703514607 photons/pixel
Epoch 0: loss = 34788704256.0
Epoch 1: loss = 18821650.0
Epoch 2: loss = 2114469.25
Epoch 3: loss = 441933.25
Epoch 4: loss = 145374.21875
Epoch 5: loss = 67325.03125
Epoch 6: loss = 44268.578125
Epoch 7: loss = 34072.5703125
Epoch 8: loss = 29184.765625
Epoch 9: loss = 26403.611328125
Epoch 10: loss = 24926.07421875
Epoch 11: loss = 24152.048828125
Epoch 12: loss = 23641.359375
Epoch 13: loss = 23324.3125
Epoch 14: loss = 23104.19140625
Epoch 15: loss = 22962.345703125
Epoch 16: loss = 22871.25390625
Epoch 17: loss = 22811.34375
Epoch 18: loss = 22769.41796875
Epoch 19: loss = 22735.9609375
Epoch 20: loss = 22712.46484375
Epoch 21: loss = 22696.19921875
Epoch 22: loss = 22684.48828125
Epoch 23: loss = 22675.5234375
Epoch 24: loss = 22668.994140625
Epoch 25: loss = 22663.361328125
Epoch 26: loss = 22659.0859375
Epoch 27: loss = 22656.3125
Epoch 28: loss = 22654.158203125
Epoch 29: loss = 22652.28515625
Epoch 30: loss = 22651.669921875
Epoch 31: loss = 22650.162109375
Epoch 32: loss = 22648.6953125
Epoch 33: loss = 22647.83203125
Epoch 34: loss = 22647.10546875
Epoch 35: loss = 22646.41015625
Epoch 36: loss = 22645.84375
Epoch 37: loss = 22645.26953125
Epoch 38: loss = 22644.833984375
Epoch 39: loss = 22644.484375
Epoch 40: loss = 22644.3515625
Epoch 41: loss = 22644.10546875
Epoch 42: loss = 22644.0
Epoch 43: loss = 22643.71875
Epoch 44: loss = 22643.685546875
Epoch 45: loss = 22643.5
Epoch 46: loss = 22643.3359375
Epoch 47: loss = 22643.19921875
Epoch 48: loss = 22643.095703125
Epoch 49: loss = 22643.12109375
Epoch 50: loss = 22643.1328125
Epoch 51: loss = 22643.0546875
Epoch 52: loss = 22643.068359375
Epoch 53: loss = 22643.044921875
Epoch 54: loss = 22643.025390625
Epoch 55: loss = 22643.015625
Epoch 56: loss = 22642.884765625
Epoch 57: loss = 22642.97265625
Epoch 58: loss = 22642.935546875
Epoch 59: loss = 22642.94140625
Epoch 60: loss = 22642.7890625
Epoch 61: loss = 22642.8984375
Epoch 62: loss = 22642.953125
Epoch 63: loss = 22642.921875
Epoch 64: loss = 22642.875
Epoch 65: loss = 22642.8828125
Early stopping at epoch 65 with loss 22642.7890625
Reconstruction for fluence = 183298.07108324335 photons/pixel
Epoch 0: loss = 189773807616.0
Epoch 1: loss = 102437456.0
Epoch 2: loss = 11586270.0
Epoch 3: loss = 2406413.5
Epoch 4: loss = 719009.125
Epoch 5: loss = 287053.875
Epoch 6: loss = 164128.015625
Epoch 7: loss = 115718.5625
Epoch 8: loss = 87781.84375
Epoch 9: loss = 72707.3359375
Epoch 10: loss = 64509.375
Epoch 11: loss = 60225.1796875
Epoch 12: loss = 57686.53515625
Epoch 13: loss = 55993.48046875
Epoch 14: loss = 54783.31640625
Epoch 15: loss = 54028.8046875
Epoch 16: loss = 53519.60546875
Epoch 17: loss = 53186.39453125
Epoch 18: loss = 52968.625
Epoch 19: loss = 52793.3125
Epoch 20: loss = 52656.23046875
Epoch 21: loss = 52569.95703125
Epoch 22: loss = 52500.7421875
Epoch 23: loss = 52456.1328125
Epoch 24: loss = 52421.26953125
Epoch 25: loss = 52393.109375
Epoch 26: loss = 52369.546875
Epoch 27: loss = 52352.8984375
Epoch 28: loss = 52339.7265625
Epoch 29: loss = 52329.109375
Epoch 30: loss = 52320.5703125
Epoch 31: loss = 52313.03125
Epoch 32: loss = 52307.24609375
Epoch 33: loss = 52303.6484375
Epoch 34: loss = 52299.6640625
Epoch 35: loss = 52296.3828125
Epoch 36: loss = 52293.97265625
Epoch 37: loss = 52293.5078125
Epoch 38: loss = 52291.9609375
Epoch 39: loss = 52290.49609375
Epoch 40: loss = 52289.2578125
Epoch 41: loss = 52287.75
Epoch 42: loss = 52286.640625
Epoch 43: loss = 52286.2890625
Epoch 44: loss = 52285.375
Epoch 45: loss = 52285.375
Epoch 46: loss = 52285.01953125
Epoch 47: loss = 52284.55078125
Epoch 48: loss = 52283.828125
Epoch 49: loss = 52283.34765625
Epoch 50: loss = 52283.28515625
Epoch 51: loss = 52282.99609375
Epoch 52: loss = 52282.78515625
Epoch 53: loss = 52282.328125
Epoch 54: loss = 52282.39453125
Epoch 55: loss = 52281.546875
Epoch 56: loss = 52281.74609375
Epoch 57: loss = 52281.61328125
Epoch 58: loss = 52282.109375
Epoch 59: loss = 52280.96484375
Epoch 60: loss = 52281.5234375
Epoch 61: loss = 52281.4375
Epoch 62: loss = 52281.48828125
Epoch 63: loss = 52281.26953125
Epoch 64: loss = 52281.140625
Early stopping at epoch 64 with loss 52280.96484375
Reconstruction for fluence = 428133.2398719387 photons/pixel
Epoch 0: loss = 1035372003328.0
Epoch 1: loss = 559133312.0
Epoch 2: loss = 60982440.0
Epoch 3: loss = 13127129.0
Epoch 4: loss = 3752128.0
Epoch 5: loss = 1439920.5
Epoch 6: loss = 746109.125
Epoch 7: loss = 455773.625
Epoch 8: loss = 306945.46875
Epoch 9: loss = 226561.4375
Epoch 10: loss = 184502.71875
Epoch 11: loss = 159701.015625
Epoch 12: loss = 146424.953125
Epoch 13: loss = 137787.75
Epoch 14: loss = 131533.453125
Epoch 15: loss = 127389.453125
Epoch 16: loss = 124613.984375
Epoch 17: loss = 122974.3125
Epoch 18: loss = 121806.03125
Epoch 19: loss = 120922.4375
Epoch 20: loss = 120296.203125
Epoch 21: loss = 119852.546875
Epoch 22: loss = 119563.1875
Epoch 23: loss = 119330.21875
Epoch 24: loss = 119137.78125
Epoch 25: loss = 118990.890625
Epoch 26: loss = 118872.4375
Epoch 27: loss = 118799.1015625
Epoch 28: loss = 118729.796875
Epoch 29: loss = 118680.5703125
Epoch 30: loss = 118637.359375
Epoch 31: loss = 118604.9375
Epoch 32: loss = 118578.859375
Epoch 33: loss = 118558.0
Epoch 34: loss = 118542.890625
Epoch 35: loss = 118525.75
Epoch 36: loss = 118514.1953125
Epoch 37: loss = 118505.328125
Epoch 38: loss = 118497.7421875
Epoch 39: loss = 118489.6953125
Epoch 40: loss = 118484.4609375
Epoch 41: loss = 118477.8125
Epoch 42: loss = 118474.046875
Epoch 43: loss = 118473.046875
Epoch 44: loss = 118469.234375
Epoch 45: loss = 118466.7734375
Epoch 46: loss = 118463.1484375
Epoch 47: loss = 118462.046875
Epoch 48: loss = 118460.1171875
Epoch 49: loss = 118458.46875
Epoch 50: loss = 118457.9765625
Epoch 51: loss = 118458.234375
Epoch 52: loss = 118457.0703125
Epoch 53: loss = 118456.609375
Epoch 54: loss = 118456.9765625
Epoch 55: loss = 118456.0234375
Epoch 56: loss = 118456.21875
Epoch 57: loss = 118454.53125
Epoch 58: loss = 118454.734375
Epoch 59: loss = 118454.390625
Epoch 60: loss = 118453.34375
Epoch 61: loss = 118454.265625
Epoch 62: loss = 118453.921875
Epoch 63: loss = 118456.0546875
Epoch 64: loss = 118454.8515625
Epoch 65: loss = 118455.15625
Early stopping at epoch 65 with loss 118453.34375
Reconstruction for fluence = 1000000.0 photons/pixel
Epoch 0: loss = 5648572481536.0
Epoch 1: loss = 3048670208.0
Epoch 2: loss = 323803200.0
Epoch 3: loss = 72092392.0
Epoch 4: loss = 20723324.0
Epoch 5: loss = 7560209.0
Epoch 6: loss = 3771334.0
Epoch 7: loss = 2152393.75
Epoch 8: loss = 1351720.75
Epoch 9: loss = 885064.0
Epoch 10: loss = 639969.625
Epoch 11: loss = 512708.375
Epoch 12: loss = 437095.8125
Epoch 13: loss = 386900.71875
Epoch 14: loss = 351718.75
Epoch 15: loss = 328786.375
Epoch 16: loss = 313860.0
Epoch 17: loss = 304578.5625
Epoch 18: loss = 297723.625
Epoch 19: loss = 292474.25
Epoch 20: loss = 288667.65625
Epoch 21: loss = 286019.875
Epoch 22: loss = 284308.3125
Epoch 23: loss = 282941.8125
Epoch 24: loss = 281879.875
Epoch 25: loss = 281062.03125
Epoch 26: loss = 280387.25
Epoch 27: loss = 279927.78125
Epoch 28: loss = 279594.875
Epoch 29: loss = 279323.625
Epoch 30: loss = 279075.375
Epoch 31: loss = 278877.6875
Epoch 32: loss = 278733.25
Epoch 33: loss = 278617.03125
Epoch 34: loss = 278520.75
Epoch 35: loss = 278440.0625
Epoch 36: loss = 278365.96875
Epoch 37: loss = 278317.1875
Epoch 38: loss = 278274.21875
Epoch 39: loss = 278236.125
Epoch 40: loss = 278206.78125
Epoch 41: loss = 278178.1875
Epoch 42: loss = 278154.9375
Epoch 43: loss = 278132.40625
Epoch 44: loss = 278118.5
Epoch 45: loss = 278108.5
Epoch 46: loss = 278095.1875
Epoch 47: loss = 278087.5625
Epoch 48: loss = 278075.0
Epoch 49: loss = 278073.96875
Epoch 50: loss = 278068.125
Epoch 51: loss = 278062.15625
Epoch 52: loss = 278059.5625
Epoch 53: loss = 278055.6875
Epoch 54: loss = 278057.75
Epoch 55: loss = 278048.09375
Epoch 56: loss = 278047.375
Epoch 57: loss = 278040.90625
Epoch 58: loss = 278041.875
Epoch 59: loss = 278040.1875
Epoch 60: loss = 278039.71875
Epoch 61: loss = 278041.0625
Epoch 62: loss = 278039.9375
Epoch 63: loss = 278046.09375
Epoch 64: loss = 278042.1875
Epoch 65: loss = 278041.75
Early stopping at epoch 65 with loss 278039.71875
Tensors initialization on device cuda
Multiprobe = band_lim
torch.Size([1, 64, 64])

('MSE', 'PoissonNLL') RECONSTRUCTIONS

Reconstruction for fluence = 0.09999999999999999 photons/pixel
Epoch 0: loss = 0.12505650520324707
Epoch 1: loss = 0.03906584531068802
Epoch 2: loss = 0.037397488951683044
Epoch 3: loss = 0.037144631147384644
Epoch 4: loss = 0.037102147936820984
Epoch 5: loss = 0.03709406033158302
Epoch 6: loss = 0.0370926558971405
Epoch 7: loss = 0.03709254413843155
Epoch 8: loss = 0.03709254413843155
Early stopping at epoch 8 with loss 0.037144631147384644
Epoch 0: loss = 0.0999564528465271
Epoch 1: loss = 0.07458718121051788
Epoch 2: loss = 0.07434645295143127
Epoch 3: loss = 0.07433287054300308
Epoch 4: loss = 0.07432844489812851
Epoch 5: loss = 0.07432473450899124
Epoch 6: loss = 0.07432464510202408
Epoch 7: loss = 0.07432464510202408
Early stopping at epoch 7 with loss 0.07434645295143127
Reconstruction for fluence = 0.23357214690901223 photons/pixel
Epoch 0: loss = 0.5075390934944153
Epoch 1: loss = 0.09233962744474411
Epoch 2: loss = 0.08741284161806107
Epoch 3: loss = 0.08673544228076935
Epoch 4: loss = 0.08659259974956512
Epoch 5: loss = 0.08655253797769547
Epoch 6: loss = 0.08653316646814346
Epoch 7: loss = 0.08653099834918976
Epoch 8: loss = 0.08652926981449127
Epoch 9: loss = 0.08652888238430023
Early stopping at epoch 9 with loss 0.08659259974956512
Epoch 0: loss = 0.10920274257659912
Epoch 1: loss = 0.06928443908691406
Epoch 2: loss = 0.0689203068614006
Epoch 3: loss = 0.06888134777545929
Epoch 4: loss = 0.06883828341960907
Epoch 5: loss = 0.06883624196052551
Epoch 6: loss = 0.0688360184431076
Epoch 7: loss = 0.06883598864078522
Early stopping at epoch 7 with loss 0.0689203068614006
Reconstruction for fluence = 0.5455594781168519 photons/pixel
Epoch 0: loss = 2.334331750869751
Epoch 1: loss = 0.20376434922218323
Epoch 2: loss = 0.19039618968963623
Epoch 3: loss = 0.18798322975635529
Epoch 4: loss = 0.18747198581695557
Epoch 5: loss = 0.18735460937023163
Epoch 6: loss = 0.18733279407024384
Epoch 7: loss = 0.18732792139053345
Epoch 8: loss = 0.1873265951871872
Epoch 9: loss = 0.18732646107673645
Epoch 10: loss = 0.18732643127441406
Early stopping at epoch 10 with loss 0.18735460937023163
Epoch 0: loss = -0.024121293798089027
Epoch 1: loss = -0.0820765569806099
Epoch 2: loss = -0.08280303329229355
Epoch 3: loss = -0.0828377902507782
Epoch 4: loss = -0.08285542577505112
Epoch 5: loss = -0.08285830914974213
Epoch 6: loss = -0.08286014199256897
Epoch 7: loss = -0.08286124467849731
Early stopping at epoch 7 with loss -0.08280303329229355
Reconstruction for fluence = 1.2742749857031335 photons/pixel
Epoch 0: loss = 11.606526374816895
Epoch 1: loss = 0.48696017265319824
Epoch 2: loss = 0.44285058975219727
Epoch 3: loss = 0.4342060089111328
Epoch 4: loss = 0.43220412731170654
Epoch 5: loss = 0.4315318465232849
Epoch 6: loss = 0.43139761686325073
Epoch 7: loss = 0.43135520815849304
Epoch 8: loss = 0.4313437342643738
Epoch 9: loss = 0.43134045600891113
Epoch 10: loss = 0.4313398599624634
Epoch 11: loss = 0.4313396215438843
Early stopping at epoch 11 with loss 0.43139761686325073
Epoch 0: loss = -0.7002322673797607
Epoch 1: loss = -0.7878564596176147
Epoch 2: loss = -0.7893449068069458
Epoch 3: loss = -0.7895308136940002
Epoch 4: loss = -0.7895913124084473
Epoch 5: loss = -0.7896049618721008
Epoch 6: loss = -0.7896087765693665
Epoch 7: loss = -0.7896129488945007
Epoch 8: loss = -0.7896182537078857
Early stopping at epoch 8 with loss -0.7895308136940002
Reconstruction for fluence = 2.976351441631318 photons/pixel
Epoch 0: loss = 60.94835662841797
Epoch 1: loss = 1.1109249591827393
Epoch 2: loss = 0.9816560745239258
Epoch 3: loss = 0.954234778881073
Epoch 4: loss = 0.9473063945770264
Epoch 5: loss = 0.9451333284378052
Epoch 6: loss = 0.9444860219955444
Epoch 7: loss = 0.9442481994628906
Epoch 8: loss = 0.9441571235656738
Epoch 9: loss = 0.9441239833831787
Epoch 10: loss = 0.9441131353378296
Epoch 11: loss = 0.9441098570823669
Epoch 12: loss = 0.9441089630126953
Epoch 13: loss = 0.9441087245941162
Epoch 14: loss = 0.9441086053848267
Early stopping at epoch 14 with loss 0.9441239833831787
Epoch 0: loss = -3.1265182495117188
Epoch 1: loss = -3.2472469806671143
Epoch 2: loss = -3.249511480331421
Epoch 3: loss = -3.249833583831787
Epoch 4: loss = -3.2499189376831055
Epoch 5: loss = -3.2499756813049316
Epoch 6: loss = -3.249995708465576
Epoch 7: loss = -3.250081777572632
Epoch 8: loss = -3.2501001358032227
Epoch 9: loss = -3.2501039505004883
Epoch 10: loss = -3.2501070499420166
Epoch 11: loss = -3.250107765197754
Epoch 12: loss = -3.2501087188720703
Early stopping at epoch 12 with loss -3.250081777572632
Reconstruction for fluence = 6.9519279617756045 photons/pixel
Epoch 0: loss = 326.76568603515625
Epoch 1: loss = 2.770796060562134
Epoch 2: loss = 2.280343532562256
Epoch 3: loss = 2.187528610229492
Epoch 4: loss = 2.1615755558013916
Epoch 5: loss = 2.1538681983947754
Epoch 6: loss = 2.150507688522339
Epoch 7: loss = 2.1494393348693848
Epoch 8: loss = 2.148906946182251
Epoch 9: loss = 2.148685932159424
Epoch 10: loss = 2.148592948913574
Epoch 11: loss = 2.1485581398010254
Epoch 12: loss = 2.148554801940918
Epoch 13: loss = 2.148550033569336
Epoch 14: loss = 2.1485486030578613
Epoch 0: loss = -10.669282913208008
Epoch 1: loss = -10.839982032775879
Epoch 2: loss = -10.844106674194336
Epoch 3: loss = -10.844746589660645
Epoch 4: loss = -10.84493637084961
Epoch 5: loss = -10.844999313354492
Epoch 6: loss = -10.845052719116211
Epoch 7: loss = -10.845102310180664
Epoch 8: loss = -10.84512710571289
Epoch 9: loss = -10.845207214355469
Epoch 10: loss = -10.845207214355469
Epoch 11: loss = -10.845236778259277
Epoch 12: loss = -10.84524154663086
Epoch 13: loss = -10.84524917602539
Epoch 14: loss = -10.845252990722656
Early stopping at epoch 14 with loss -10.845207214355469
Reconstruction for fluence = 16.23776739188721 photons/pixel
Epoch 0: loss = 1786.092041015625
Epoch 1: loss = 7.243149757385254
Epoch 2: loss = 5.426944732666016
Epoch 3: loss = 5.1160688400268555
Epoch 4: loss = 5.022294044494629
Epoch 5: loss = 4.988384246826172
Epoch 6: loss = 4.975376605987549
Epoch 7: loss = 4.969513893127441
Epoch 8: loss = 4.966734886169434
Epoch 9: loss = 4.965304374694824
Epoch 10: loss = 4.96464729309082
Epoch 11: loss = 4.964329719543457
Epoch 12: loss = 4.964179992675781
Epoch 13: loss = 4.964179992675781
Epoch 14: loss = 4.964097499847412
Epoch 0: loss = -32.652793884277344
Epoch 1: loss = -32.890357971191406
Epoch 2: loss = -32.8974609375
Epoch 3: loss = -32.89848327636719
Epoch 4: loss = -32.89872741699219
Epoch 5: loss = -32.89883041381836
Epoch 6: loss = -32.89883041381836
Epoch 7: loss = -32.89883804321289
Epoch 8: loss = -32.89883804321289
Epoch 9: loss = -32.898841857910156
Epoch 10: loss = -32.898841857910156
Early stopping at epoch 10 with loss -32.89883041381836
Reconstruction for fluence = 37.926901907322495 photons/pixel
Epoch 0: loss = 9685.599609375
Epoch 1: loss = 19.85699462890625
Epoch 2: loss = 12.441494941711426
Epoch 3: loss = 11.351385116577148
Epoch 4: loss = 11.066280364990234
Epoch 5: loss = 10.95880126953125
Epoch 6: loss = 10.914178848266602
Epoch 7: loss = 10.891801834106445
Epoch 8: loss = 10.8803071975708
Epoch 9: loss = 10.87331771850586
Epoch 10: loss = 10.869382858276367
Epoch 11: loss = 10.867330551147461
Epoch 12: loss = 10.866106033325195
Epoch 13: loss = 10.865376472473145
Epoch 14: loss = 10.864920616149902
Epoch 0: loss = -94.71215057373047
Epoch 1: loss = -95.03006744384766
Epoch 2: loss = -95.03987121582031
Epoch 3: loss = -95.0418930053711
Epoch 4: loss = -95.04264831542969
Epoch 5: loss = -95.04316711425781
Epoch 6: loss = -95.04359436035156
Epoch 7: loss = -95.04377746582031
Epoch 8: loss = -95.04379272460938
Epoch 9: loss = -95.04380798339844
Epoch 10: loss = -95.0438232421875
Epoch 11: loss = -95.04383850097656
Epoch 12: loss = -95.04386901855469
Early stopping at epoch 12 with loss -95.04377746582031
Reconstruction for fluence = 88.58667904100822 photons/pixel
Epoch 0: loss = 52695.5234375
Epoch 1: loss = 70.07625579833984
Epoch 2: loss = 33.331058502197266
Epoch 3: loss = 28.831933975219727
Epoch 4: loss = 27.71833038330078
Epoch 5: loss = 27.31112289428711
Epoch 6: loss = 27.160484313964844
Epoch 7: loss = 27.056575775146484
Epoch 8: loss = 27.009933471679688
Epoch 9: loss = 26.981462478637695
Epoch 10: loss = 26.963144302368164
Epoch 11: loss = 26.952816009521484
Epoch 12: loss = 26.94599723815918
Epoch 13: loss = 26.941762924194336
Epoch 14: loss = 26.938846588134766
Epoch 0: loss = -264.0809631347656
Epoch 1: loss = -264.5404052734375
Epoch 2: loss = -264.5606689453125
Epoch 3: loss = -264.5628662109375
Epoch 4: loss = -264.56304931640625
Epoch 5: loss = -264.5631103515625
Epoch 6: loss = -264.56341552734375
Epoch 7: loss = -264.56365966796875
Epoch 8: loss = -264.563720703125
Epoch 9: loss = -264.56378173828125
Epoch 10: loss = -264.5638427734375
Epoch 11: loss = -264.56390380859375
Epoch 12: loss = -264.56390380859375
Epoch 13: loss = -264.56396484375
Epoch 14: loss = -264.56396484375
Epoch 15: loss = -264.56396484375
Epoch 16: loss = -264.56396484375
Early stopping at epoch 16 with loss -264.56390380859375
Reconstruction for fluence = 206.9138081114788 photons/pixel
Epoch 0: loss = 287471.21875
Epoch 1: loss = 261.77130126953125
Epoch 2: loss = 85.78302001953125
Epoch 3: loss = 67.39347839355469
Epoch 4: loss = 61.26044464111328
Epoch 5: loss = 59.68903350830078
Epoch 6: loss = 59.08493423461914
Epoch 7: loss = 58.77235412597656
Epoch 8: loss = 58.58576202392578
Epoch 9: loss = 58.45576095581055
Epoch 10: loss = 58.380496978759766
Epoch 11: loss = 58.33392333984375
Epoch 12: loss = 58.31269073486328
Epoch 13: loss = 58.289306640625
Epoch 14: loss = 58.27460479736328
Epoch 0: loss = -715.754638671875
Epoch 1: loss = -716.327392578125
Epoch 2: loss = -716.350341796875
Epoch 3: loss = -716.353515625
Epoch 4: loss = -716.353515625
Epoch 5: loss = -716.353515625
Epoch 6: loss = -716.3536376953125
Epoch 7: loss = -716.3536376953125
Epoch 8: loss = -716.353759765625
Epoch 9: loss = -716.353759765625
Epoch 10: loss = -716.3538208007812
Epoch 11: loss = -716.3538208007812
Epoch 12: loss = -716.3538818359375
Epoch 13: loss = -716.3538818359375
Early stopping at epoch 13 with loss -716.353759765625
Reconstruction for fluence = 483.2930238571752 photons/pixel
Epoch 0: loss = 1567457.5
Epoch 1: loss = 1216.1602783203125
Epoch 2: loss = 274.7383728027344
Epoch 3: loss = 173.44973754882812
Epoch 4: loss = 150.41696166992188
Epoch 5: loss = 143.2580108642578
Epoch 6: loss = 140.7542724609375
Epoch 7: loss = 139.5530242919922
Epoch 8: loss = 138.86038208007812
Epoch 9: loss = 138.42823791503906
Epoch 10: loss = 138.1514892578125
Epoch 11: loss = 137.98281860351562
Epoch 12: loss = 137.86904907226562
Epoch 13: loss = 137.78616333007812
Epoch 14: loss = 137.72665405273438
Epoch 0: loss = -1903.353759765625
Epoch 1: loss = -1904.101318359375
Epoch 2: loss = -1904.11669921875
Epoch 3: loss = -1904.116943359375
Epoch 4: loss = -1904.1171875
Epoch 5: loss = -1904.1175537109375
Epoch 6: loss = -1904.1175537109375
Epoch 7: loss = -1904.11767578125
Epoch 8: loss = -1904.11767578125
Epoch 9: loss = -1904.11767578125
Epoch 10: loss = -1904.11767578125
Early stopping at epoch 10 with loss -1904.1175537109375
Reconstruction for fluence = 1128.8378916846884 photons/pixel
Epoch 0: loss = 8553205.0
Epoch 1: loss = 6102.451171875
Epoch 2: loss = 1001.1881713867188
Epoch 3: loss = 467.0869140625
Epoch 4: loss = 357.9212341308594
Epoch 5: loss = 328.11248779296875
Epoch 6: loss = 317.87646484375
Epoch 7: loss = 312.9464111328125
Epoch 8: loss = 310.0850524902344
Epoch 9: loss = 308.44927978515625
Epoch 10: loss = 307.36810302734375
Epoch 11: loss = 306.73626708984375
Epoch 12: loss = 306.35882568359375
Epoch 13: loss = 306.07794189453125
Epoch 14: loss = 305.8670959472656
Epoch 0: loss = -4985.19775390625
Epoch 1: loss = -4986.1181640625
Epoch 2: loss = -4986.125
Epoch 3: loss = -4986.12744140625
Epoch 4: loss = -4986.12744140625
Epoch 5: loss = -4986.1279296875
Epoch 6: loss = -4986.12890625
Epoch 7: loss = -4986.12890625
Epoch 8: loss = -4986.12890625
Epoch 9: loss = -4986.12890625
Epoch 10: loss = -4986.12890625
Epoch 11: loss = -4986.12890625
Early stopping at epoch 11 with loss -4986.12890625
Reconstruction for fluence = 2636.6508987303555 photons/pixel
Epoch 0: loss = 46650936.0
Epoch 1: loss = 31667.73828125
Epoch 2: loss = 4350.3603515625
Epoch 3: loss = 1614.2490234375
Epoch 4: loss = 1050.57421875
Epoch 5: loss = 880.3026123046875
Epoch 6: loss = 829.2021484375
Epoch 7: loss = 801.415283203125
Epoch 8: loss = 787.6824951171875
Epoch 9: loss = 779.4280395507812
Epoch 10: loss = 774.4990234375
Epoch 11: loss = 771.9708862304688
Epoch 12: loss = 770.2081298828125
Epoch 13: loss = 769.0564575195312
Epoch 14: loss = 768.154296875
Epoch 0: loss = -12900.943359375
Epoch 1: loss = -12902.11328125
Epoch 2: loss = -12902.115234375
Epoch 3: loss = -12902.1171875
Epoch 4: loss = -12902.119140625
Epoch 5: loss = -12902.119140625
Epoch 6: loss = -12902.119140625
Epoch 7: loss = -12902.119140625
Epoch 8: loss = -12902.119140625
Epoch 9: loss = -12902.119140625
Early stopping at epoch 9 with loss -12902.119140625
Reconstruction for fluence = 6158.482110660255 photons/pixel
Epoch 0: loss = 254422560.0
Epoch 1: loss = 171176.953125
Epoch 2: loss = 21341.86328125
Epoch 3: loss = 6007.55859375
Epoch 4: loss = 3027.410400390625
Epoch 5: loss = 2246.775390625
Epoch 6: loss = 1986.943603515625
Epoch 7: loss = 1884.3782958984375
Epoch 8: loss = 1821.35693359375
Epoch 9: loss = 1786.4205322265625
Epoch 10: loss = 1765.7579345703125
Epoch 11: loss = 1754.9296875
Epoch 12: loss = 1748.625732421875
Epoch 13: loss = 1743.791748046875
Epoch 14: loss = 1740.216796875
Epoch 0: loss = -33077.3515625
Epoch 1: loss = -33078.765625
Epoch 2: loss = -33078.765625
Epoch 3: loss = -33078.76953125
Epoch 4: loss = -33078.76953125
Epoch 5: loss = -33078.76953125
Epoch 6: loss = -33078.7734375
Epoch 7: loss = -33078.7734375
Epoch 8: loss = -33078.7734375
Epoch 9: loss = -33078.7734375
Epoch 10: loss = -33078.76953125
Epoch 11: loss = -33078.7734375
Early stopping at epoch 11 with loss -33078.7734375
Reconstruction for fluence = 14384.498882876629 photons/pixel
Epoch 0: loss = 1388038784.0
Epoch 1: loss = 929001.9375
Epoch 2: loss = 110884.8046875
Epoch 3: loss = 28178.73046875
Epoch 4: loss = 10689.9755859375
Epoch 5: loss = 6727.83349609375
Epoch 6: loss = 5396.59521484375
Epoch 7: loss = 4773.09326171875
Epoch 8: loss = 4437.970703125
Epoch 9: loss = 4255.42236328125
Epoch 10: loss = 4150.89013671875
Epoch 11: loss = 4090.505615234375
Epoch 12: loss = 4059.028076171875
Epoch 13: loss = 4032.68896484375
Epoch 14: loss = 4014.230224609375
Epoch 0: loss = -84123.9765625
Epoch 1: loss = -84125.5859375
Epoch 2: loss = -84125.59375
Epoch 3: loss = -84125.59375
Epoch 4: loss = -84125.6015625
Epoch 5: loss = -84125.6015625
Epoch 6: loss = -84125.6015625
Epoch 7: loss = -84125.6015625
Epoch 8: loss = -84125.6015625
Epoch 9: loss = -84125.6015625
Early stopping at epoch 9 with loss -84125.6015625
Reconstruction for fluence = 33598.18286283781 photons/pixel
Epoch 0: loss = 7573411840.0
Epoch 1: loss = 5023037.0
Epoch 2: loss = 583194.125
Epoch 3: loss = 137966.875
Epoch 4: loss = 49167.6953125
Epoch 5: loss = 23682.19140625
Epoch 6: loss = 17362.171875
Epoch 7: loss = 13675.6474609375
Epoch 8: loss = 11875.7265625
Epoch 9: loss = 10884.6318359375
Epoch 10: loss = 10323.296875
Epoch 11: loss = 10017.865234375
Epoch 12: loss = 9842.20703125
Epoch 13: loss = 9707.625
Epoch 14: loss = 9614.5615234375
Epoch 0: loss = -212519.3125
Epoch 1: loss = -212521.4375
Epoch 2: loss = -212521.4375
Epoch 3: loss = -212521.4375
Epoch 4: loss = -212521.4375
Epoch 5: loss = -212521.4375
Epoch 6: loss = -212521.453125
Epoch 7: loss = -212521.453125
Epoch 8: loss = -212521.46875
Epoch 9: loss = -212521.46875
Epoch 10: loss = -212521.46875
Epoch 11: loss = -212521.46875
Epoch 12: loss = -212521.46875
Epoch 13: loss = -212521.46875
Early stopping at epoch 13 with loss -212521.46875
Reconstruction for fluence = 78475.99703514607 photons/pixel
Epoch 0: loss = 41315368960.0
Epoch 1: loss = 27394848.0
Epoch 2: loss = 3160763.25
Epoch 3: loss = 784213.375
Epoch 4: loss = 234323.40625
Epoch 5: loss = 103848.453125
Epoch 6: loss = 62602.328125
Epoch 7: loss = 45014.62890625
Epoch 8: loss = 35327.4609375
Epoch 9: loss = 30441.515625
Epoch 10: loss = 27610.9375
Epoch 11: loss = 26067.6484375
Epoch 12: loss = 25131.1015625
Epoch 13: loss = 24474.38671875
Epoch 14: loss = 24019.94921875
Epoch 0: loss = -533867.5
Epoch 1: loss = -533870.75
Epoch 2: loss = -533870.75
Epoch 3: loss = -533870.75
Epoch 4: loss = -533870.75
Epoch 5: loss = -533870.75
Epoch 6: loss = -533870.875
Epoch 7: loss = -533870.875
Epoch 8: loss = -533870.875
Epoch 9: loss = -533870.875
Epoch 10: loss = -533870.875
Epoch 11: loss = -533870.875
Early stopping at epoch 11 with loss -533870.875
Reconstruction for fluence = 183298.07108324335 photons/pixel
Epoch 0: loss = 225396490240.0
Epoch 1: loss = 149483552.0
Epoch 2: loss = 17218028.0
Epoch 3: loss = 4018543.0
Epoch 4: loss = 1169886.625
Epoch 5: loss = 480097.0625
Epoch 6: loss = 265241.875
Epoch 7: loss = 171710.59375
Epoch 8: loss = 121637.828125
Epoch 9: loss = 93611.6015625
Epoch 10: loss = 77529.2109375
Epoch 11: loss = 68900.4921875
Epoch 12: loss = 63559.28125
Epoch 13: loss = 60160.75390625
Epoch 14: loss = 57547.55859375
Epoch 0: loss = -1334394.875
Epoch 1: loss = -1334400.625
Epoch 2: loss = -1334400.75
Epoch 3: loss = -1334400.75
Epoch 4: loss = -1334400.75
Epoch 5: loss = -1334400.75
Epoch 6: loss = -1334400.75
Epoch 7: loss = -1334400.75
Early stopping at epoch 7 with loss -1334400.75
Reconstruction for fluence = 428133.2398719387 photons/pixel
Epoch 0: loss = 1229691420672.0
Epoch 1: loss = 814757056.0
Epoch 2: loss = 93447320.0
Epoch 3: loss = 20750052.0
Epoch 4: loss = 6070164.0
Epoch 5: loss = 2473322.75
Epoch 6: loss = 1257956.0
Epoch 7: loss = 751334.75
Epoch 8: loss = 490739.4375
Epoch 9: loss = 342820.65625
Epoch 10: loss = 255005.625
Epoch 11: loss = 209451.46875
Epoch 12: loss = 180509.15625
Epoch 13: loss = 161306.40625
Epoch 14: loss = 148660.96875
Epoch 0: loss = -3321080.5
Epoch 1: loss = -3321092.0
Epoch 2: loss = -3321092.0
Epoch 3: loss = -3321092.0
Epoch 4: loss = -3321092.0
Epoch 5: loss = -3321092.0
Epoch 6: loss = -3321092.0
Early stopping at epoch 6 with loss -3321092.0
Reconstruction for fluence = 1000000.0 photons/pixel
Epoch 0: loss = 6708635107328.0
Epoch 1: loss = 4445768704.0
Epoch 2: loss = 510126528.0
Epoch 3: loss = 130430480.0
Epoch 4: loss = 33113884.0
Epoch 5: loss = 12772918.0
Epoch 6: loss = 6380117.0
Epoch 7: loss = 3704482.5
Epoch 8: loss = 2270661.5
Epoch 9: loss = 1476297.5
Epoch 10: loss = 1012512.625
Epoch 11: loss = 773114.375
Epoch 12: loss = 636228.125
Epoch 13: loss = 534240.875
Epoch 14: loss = 459002.75
Epoch 0: loss = -8234358.5
Epoch 1: loss = -8234385.0
Epoch 2: loss = -8234385.0
Epoch 3: loss = -8234385.0
Epoch 4: loss = -8234386.0
Epoch 5: loss = -8234385.0
Epoch 6: loss = -8234385.0
Epoch 7: loss = -8234385.5
Epoch 8: loss = -8234385.0
Epoch 9: loss = -8234385.0
Early stopping at epoch 9 with loss -8234386.0
Simulation for steps_size=16 and n_fluences=20 completed!
