Running simulation for steps_size=1 and n_fluences=20
Steps size: 1
Tensors initialization on device cuda
Multiprobe = band_lim
torch.Size([1, 64, 64])

('MSE', None) RECONSTRUCTIONS

Reconstruction for fluence = 0.09999999999999999 photons/pixel
Epoch 0: loss = 10553.962890625
Epoch 1: loss = 3680.60302734375
Epoch 2: loss = 3680.60302734375
Epoch 3: loss = 3680.602783203125
Epoch 4: loss = 3680.60302734375
Epoch 5: loss = 3680.60302734375
Epoch 6: loss = 3680.60302734375
Epoch 7: loss = 3680.60302734375
Epoch 8: loss = 3680.60302734375
Epoch 9: loss = 3680.60302734375
Epoch 10: loss = 3680.60302734375
Epoch 11: loss = 3680.60302734375
Early stopping at epoch 11 with loss 3680.602783203125
Reconstruction for fluence = 0.23357214690901223 photons/pixel
Epoch 0: loss = 23905.27734375
Epoch 1: loss = 8525.97265625
Epoch 2: loss = 8525.9716796875
Epoch 3: loss = 8525.9716796875
Epoch 4: loss = 8525.970703125
Epoch 5: loss = 8525.970703125
Epoch 6: loss = 8525.970703125
Epoch 7: loss = 8525.9716796875
Epoch 8: loss = 8525.9716796875
Epoch 9: loss = 8525.9716796875
Epoch 10: loss = 8525.9716796875
Epoch 11: loss = 8525.9716796875
Epoch 12: loss = 8525.9716796875
Early stopping at epoch 12 with loss 8525.970703125
Reconstruction for fluence = 0.5455594781168519 photons/pixel
Epoch 0: loss = 53510.1328125
Epoch 1: loss = 19833.99609375
Epoch 2: loss = 19833.99609375
Epoch 3: loss = 19833.99609375
Epoch 4: loss = 19833.99609375
Epoch 5: loss = 19833.99609375
Epoch 6: loss = 19833.99609375
Epoch 7: loss = 19833.99609375
Epoch 8: loss = 19833.99609375
Epoch 9: loss = 19833.99609375
Early stopping at epoch 9 with loss 19833.99609375
Reconstruction for fluence = 1.2742749857031335 photons/pixel
Epoch 0: loss = 116262.84375
Epoch 1: loss = 45095.69921875
Epoch 2: loss = 45095.69921875
Epoch 3: loss = 45095.69921875
Epoch 4: loss = 45095.69921875
Epoch 5: loss = 45095.69921875
Epoch 6: loss = 45095.69921875
Epoch 7: loss = 45095.69921875
Epoch 8: loss = 45095.69921875
Epoch 9: loss = 45095.69921875
Early stopping at epoch 9 with loss 45095.69921875
Reconstruction for fluence = 2.976351441631318 photons/pixel
Epoch 0: loss = 242809.859375
Epoch 1: loss = 100147.671875
Epoch 2: loss = 100147.671875
Epoch 3: loss = 100147.671875
Epoch 4: loss = 100147.671875
Epoch 5: loss = 100147.671875
Epoch 6: loss = 100147.671875
Epoch 7: loss = 100147.671875
Epoch 8: loss = 100147.671875
Epoch 9: loss = 100147.671875
Early stopping at epoch 9 with loss 100147.671875
Reconstruction for fluence = 6.9519279617756045 photons/pixel
Epoch 0: loss = 473126.65625
Epoch 1: loss = 209590.03125
Epoch 2: loss = 209590.03125
Epoch 3: loss = 209590.03125
Epoch 4: loss = 209590.03125
Epoch 5: loss = 209590.03125
Epoch 6: loss = 209590.03125
Epoch 7: loss = 209590.03125
Epoch 8: loss = 209590.03125
Epoch 9: loss = 209590.03125
Early stopping at epoch 9 with loss 209590.03125
Reconstruction for fluence = 16.23776739188721 photons/pixel
Epoch 0: loss = 837698.625
Epoch 1: loss = 391103.125
Epoch 2: loss = 391103.125
Epoch 3: loss = 391103.125
Epoch 4: loss = 391103.125
Epoch 5: loss = 391103.125
Epoch 6: loss = 391103.125
Epoch 7: loss = 391103.125
Epoch 8: loss = 391103.125
Epoch 9: loss = 391103.125
Early stopping at epoch 9 with loss 391103.125
Reconstruction for fluence = 37.926901907322495 photons/pixel
Epoch 0: loss = 1331467.5
Epoch 1: loss = 613036.375
Epoch 2: loss = 613036.375
Epoch 3: loss = 613036.375
Epoch 4: loss = 613036.375
Epoch 5: loss = 613036.375
Epoch 6: loss = 613036.375
Epoch 7: loss = 613036.375
Epoch 8: loss = 613036.375
Epoch 9: loss = 613036.375
Early stopping at epoch 9 with loss 613036.375
Reconstruction for fluence = 88.58667904100822 photons/pixel
Epoch 0: loss = 2038771.25
Epoch 1: loss = 809749.75
Epoch 2: loss = 809749.75
Epoch 3: loss = 809749.75
Epoch 4: loss = 809749.75
Epoch 5: loss = 809749.75
Epoch 6: loss = 809749.75
Epoch 7: loss = 809749.75
Epoch 8: loss = 809749.75
Epoch 9: loss = 809749.75
Early stopping at epoch 9 with loss 809749.75
Reconstruction for fluence = 206.9138081114788 photons/pixel
Epoch 0: loss = 3369666.25
Epoch 1: loss = 972878.875
Epoch 2: loss = 972878.875
Epoch 3: loss = 972878.9375
Epoch 4: loss = 972878.9375
Epoch 5: loss = 972878.9375
Epoch 6: loss = 972878.9375
Epoch 7: loss = 972878.9375
Epoch 8: loss = 972878.9375
Epoch 9: loss = 972878.9375
Early stopping at epoch 9 with loss 972878.875
Reconstruction for fluence = 483.2930238571752 photons/pixel
Epoch 0: loss = 6403545.0
Epoch 1: loss = 1186981.5
Epoch 2: loss = 1186981.5
Epoch 3: loss = 1186981.5
Epoch 4: loss = 1186981.5
Epoch 5: loss = 1186981.5
Epoch 6: loss = 1186981.5
Epoch 7: loss = 1186981.5
Epoch 8: loss = 1186981.5
Epoch 9: loss = 1186981.5
Early stopping at epoch 9 with loss 1186981.5
Reconstruction for fluence = 1128.8378916846884 photons/pixel
Epoch 0: loss = 13555861.0
Epoch 1: loss = 1534233.75
Epoch 2: loss = 1534233.75
Epoch 3: loss = 1534233.75
Epoch 4: loss = 1534233.75
Epoch 5: loss = 1534233.75
Epoch 6: loss = 1534233.75
Epoch 7: loss = 1534233.75
Epoch 8: loss = 1534233.75
Epoch 9: loss = 1534233.75
Early stopping at epoch 9 with loss 1534233.75
Reconstruction for fluence = 2636.6508987303555 photons/pixel
Epoch 0: loss = 30359328.0
Epoch 1: loss = 2046863.0
Epoch 2: loss = 2046863.125
Epoch 3: loss = 2046863.125
Epoch 4: loss = 2046863.125
Epoch 5: loss = 2046863.125
Epoch 6: loss = 2046863.125
Epoch 7: loss = 2046863.125
Epoch 8: loss = 2046863.125
Epoch 9: loss = 2046863.125
Early stopping at epoch 9 with loss 2046863.0
Reconstruction for fluence = 6158.482110660255 photons/pixel
Epoch 0: loss = 69668496.0
Epoch 1: loss = 2705292.25
Epoch 2: loss = 2705292.25
Epoch 3: loss = 2705292.0
Epoch 4: loss = 2705292.0
Epoch 5: loss = 2705292.0
Epoch 6: loss = 2705292.0
Epoch 7: loss = 2705292.0
Epoch 8: loss = 2705292.0
Epoch 9: loss = 2705292.0
Epoch 10: loss = 2705292.0
Epoch 11: loss = 2705292.0
Early stopping at epoch 11 with loss 2705292.0
Reconstruction for fluence = 14384.498882876629 photons/pixel
Epoch 0: loss = 161582304.0
Epoch 1: loss = 3451870.0
Epoch 2: loss = 3451870.0
Epoch 3: loss = 3451870.0
Epoch 4: loss = 3451870.0
Epoch 5: loss = 3451870.0
Epoch 6: loss = 3451870.0
Epoch 7: loss = 3451870.0
Epoch 8: loss = 3451870.0
Epoch 9: loss = 3451870.0
Early stopping at epoch 9 with loss 3451870.0
Reconstruction for fluence = 33598.18286283781 photons/pixel
Epoch 0: loss = 376222880.0
Epoch 1: loss = 4159422.0
Epoch 2: loss = 4159422.0
Epoch 3: loss = 4159422.0
Epoch 4: loss = 4159422.0
Epoch 5: loss = 4159422.0
Epoch 6: loss = 4159422.0
Epoch 7: loss = 4159422.0
Epoch 8: loss = 4159422.0
Epoch 9: loss = 4159422.0
Early stopping at epoch 9 with loss 4159422.0
Reconstruction for fluence = 78475.99703514607 photons/pixel
Epoch 0: loss = 877696640.0
Epoch 1: loss = 4668573.0
Epoch 2: loss = 4668573.0
Epoch 3: loss = 4668573.0
Epoch 4: loss = 4668573.0
Epoch 5: loss = 4668573.0
Epoch 6: loss = 4668573.0
Epoch 7: loss = 4668573.0
Epoch 8: loss = 4668573.0
Epoch 9: loss = 4668573.0
Early stopping at epoch 9 with loss 4668573.0
Reconstruction for fluence = 183298.07108324335 photons/pixel
Epoch 0: loss = 2048827392.0
Epoch 1: loss = 4893981.0
Epoch 2: loss = 4893981.0
Epoch 3: loss = 4893981.0
Epoch 4: loss = 4893981.0
Epoch 5: loss = 4893981.0
Epoch 6: loss = 4893981.0
Epoch 7: loss = 4893981.0
Epoch 8: loss = 4893981.0
Epoch 9: loss = 4893981.0
Early stopping at epoch 9 with loss 4893981.0
Reconstruction for fluence = 428133.2398719387 photons/pixel
Epoch 0: loss = 4784575488.0
Epoch 1: loss = 4928065.0
Epoch 2: loss = 4875717.0
Epoch 3: loss = 4875717.0
Epoch 4: loss = 4875717.0
Epoch 5: loss = 4875717.0
Epoch 6: loss = 4875717.0
Epoch 7: loss = 4875717.0
Epoch 8: loss = 4875717.0
Epoch 9: loss = 4875717.0
Epoch 10: loss = 4875717.0
Early stopping at epoch 10 with loss 4875717.0
Reconstruction for fluence = 1000000.0 photons/pixel
Epoch 0: loss = 11174572032.0
Epoch 1: loss = 4723687.0
Epoch 2: loss = 4723687.0
Epoch 3: loss = 4723687.0
Epoch 4: loss = 4723687.0
Epoch 5: loss = 4723687.0
Epoch 6: loss = 4723687.0
Epoch 7: loss = 4723687.0
Epoch 8: loss = 4723687.0
Epoch 9: loss = 4723687.0
Early stopping at epoch 9 with loss 4723687.0
Tensors initialization on device cuda
Multiprobe = band_lim
torch.Size([1, 64, 64])

('MSE', 'PoissonNLL') RECONSTRUCTIONS

Reconstruction for fluence = 0.09999999999999999 photons/pixel
Epoch 0: loss = 10573.830078125
Epoch 1: loss = 3670.85791015625
Epoch 2: loss = 3670.85791015625
Epoch 3: loss = 3670.85791015625
Epoch 4: loss = 3670.85791015625
Epoch 5: loss = 3670.85791015625
Epoch 6: loss = 3670.85791015625
Epoch 7: loss = 3670.85791015625
Epoch 8: loss = 3670.85791015625
Epoch 9: loss = 3670.85791015625
Early stopping at epoch 9 with loss 3670.85791015625
Epoch 0: loss = 0.002587477210909128
Epoch 1: loss = 0.0025868001393973827
Epoch 2: loss = 0.0025861256290227175
Epoch 3: loss = 0.0025854536797851324
Epoch 4: loss = 0.0025847838260233402
Epoch 5: loss = 0.002584116766229272
Epoch 6: loss = 0.00258345203474164
Epoch 7: loss = 0.002582789631560445
Epoch 8: loss = 0.002582129556685686
Early stopping at epoch 8 with loss 0.002587477210909128
Reconstruction for fluence = 0.23357214690901223 photons/pixel
Epoch 0: loss = 24057.19921875
Epoch 1: loss = 8578.6953125
Epoch 2: loss = 8578.6953125
Epoch 3: loss = 8578.6953125
Epoch 4: loss = 8578.6953125
Epoch 5: loss = 8578.6943359375
Epoch 6: loss = 8578.6943359375
Epoch 7: loss = 8578.6943359375
Epoch 8: loss = 8578.6943359375
Epoch 9: loss = 8578.6943359375
Epoch 10: loss = 8578.6943359375
Epoch 11: loss = 8578.6943359375
Epoch 12: loss = 8578.6943359375
Epoch 13: loss = 8578.6943359375
Early stopping at epoch 13 with loss 8578.6943359375
Epoch 0: loss = 0.005258267745375633
Epoch 1: loss = 0.0052565718069672585
Epoch 2: loss = 0.005254883784800768
Epoch 3: loss = 0.005253204144537449
Epoch 4: loss = 0.005251533351838589
Epoch 5: loss = 0.0052498700097203255
Epoch 6: loss = 0.0052482145838439465
Epoch 7: loss = 0.005246566608548164
Epoch 8: loss = 0.0052449265494942665
Early stopping at epoch 8 with loss 0.005258267745375633
Reconstruction for fluence = 0.5455594781168519 photons/pixel
Epoch 0: loss = 53793.72265625
Epoch 1: loss = 19689.95703125
Epoch 2: loss = 19689.95703125
Epoch 3: loss = 19689.95703125
Epoch 4: loss = 19689.95703125
Epoch 5: loss = 19689.95703125
Epoch 6: loss = 19689.95703125
Epoch 7: loss = 19689.95703125
Epoch 8: loss = 19689.95703125
Epoch 9: loss = 19689.95703125
Early stopping at epoch 9 with loss 19689.95703125
Epoch 0: loss = 0.010294762440025806
Epoch 1: loss = 0.010290530510246754
Epoch 2: loss = 0.01028633676469326
Epoch 3: loss = 0.010282178409397602
Epoch 4: loss = 0.010278051719069481
Epoch 5: loss = 0.010273957625031471
Epoch 6: loss = 0.0102698914706707
Epoch 7: loss = 0.010265853255987167
Epoch 8: loss = 0.010261841118335724
Early stopping at epoch 8 with loss 0.010294762440025806
Reconstruction for fluence = 1.2742749857031335 photons/pixel
Epoch 0: loss = 117710.5078125
Epoch 1: loss = 45350.8046875
Epoch 2: loss = 45350.8046875
Epoch 3: loss = 45350.8046875
Epoch 4: loss = 45350.8046875
Epoch 5: loss = 45350.80078125
Epoch 6: loss = 45350.80078125
Epoch 7: loss = 45350.80078125
Epoch 8: loss = 45350.8046875
Epoch 9: loss = 45350.80078125
Epoch 10: loss = 45350.8046875
Epoch 11: loss = 45350.8046875
Epoch 12: loss = 45350.8046875
Epoch 13: loss = 45350.80078125
Early stopping at epoch 13 with loss 45350.80078125
Epoch 0: loss = 0.01959100365638733
Epoch 1: loss = 0.012751501053571701
Epoch 2: loss = 0.012751501053571701
Epoch 3: loss = 0.012751501053571701
Epoch 4: loss = 0.012751501053571701
Epoch 5: loss = 0.012751501053571701
Epoch 6: loss = 0.012751501053571701
Epoch 7: loss = 0.012751501053571701
Epoch 8: loss = 0.012751501053571701
Epoch 9: loss = 0.012751501053571701
Early stopping at epoch 9 with loss 0.012751501053571701
Reconstruction for fluence = 2.976351441631318 photons/pixel
Epoch 0: loss = 247499.90625
Epoch 1: loss = 101101.6875
Epoch 2: loss = 101101.65625
Epoch 3: loss = 101101.65625
Epoch 4: loss = 101101.65625
Epoch 5: loss = 101101.65625
Epoch 6: loss = 101101.65625
Epoch 7: loss = 101101.65625
Epoch 8: loss = 101101.65625
Epoch 9: loss = 101101.65625
Epoch 10: loss = 101101.65625
Early stopping at epoch 10 with loss 101101.65625
Epoch 0: loss = 0.03537847101688385
Epoch 1: loss = 0.02436244674026966
Epoch 2: loss = 0.02436244674026966
Epoch 3: loss = 0.02436244674026966
Epoch 4: loss = 0.02436244674026966
Epoch 5: loss = 0.02436244674026966
Epoch 6: loss = 0.02436244674026966
Epoch 7: loss = 0.02436244674026966
Epoch 8: loss = 0.02436244674026966
Epoch 9: loss = 0.02436244674026966
Early stopping at epoch 9 with loss 0.02436244674026966
Reconstruction for fluence = 6.9519279617756045 photons/pixel
Epoch 0: loss = 488267.21875
Epoch 1: loss = 213903.171875
Epoch 2: loss = 213903.171875
Epoch 3: loss = 213903.171875
Epoch 4: loss = 213903.171875
Epoch 5: loss = 213903.171875
Epoch 6: loss = 213903.171875
Epoch 7: loss = 213903.171875
Epoch 8: loss = 213903.171875
Epoch 9: loss = 213903.171875
Early stopping at epoch 9 with loss 213903.171875
Epoch 0: loss = 0.05965287238359451
Epoch 1: loss = 0.04414593055844307
Epoch 2: loss = 0.04414593055844307
Epoch 3: loss = 0.04414593055844307
Epoch 4: loss = 0.04414593055844307
Epoch 5: loss = 0.04414593055844307
Epoch 6: loss = 0.04414593055844307
Epoch 7: loss = 0.04414593055844307
Epoch 8: loss = 0.04414593055844307
Epoch 9: loss = 0.04414593055844307
Early stopping at epoch 9 with loss 0.04414593055844307
Reconstruction for fluence = 16.23776739188721 photons/pixel
Epoch 0: loss = 874272.0
Epoch 1: loss = 407635.375
Epoch 2: loss = 407635.375
Epoch 3: loss = 407635.375
Epoch 4: loss = 407635.34375
Epoch 5: loss = 407635.34375
Epoch 6: loss = 407635.34375
Epoch 7: loss = 407635.34375
Epoch 8: loss = 407635.34375
Epoch 9: loss = 407635.34375
Epoch 10: loss = 407635.34375
Epoch 11: loss = 407635.34375
Epoch 12: loss = 407635.375
Early stopping at epoch 12 with loss 407635.34375
Epoch 0: loss = 0.09110433608293533
Epoch 1: loss = 0.07327836751937866
Epoch 2: loss = 0.07327820360660553
Epoch 3: loss = 0.07327820360660553
Epoch 4: loss = 0.07327820360660553
Epoch 5: loss = 0.07327820360660553
Epoch 6: loss = 0.07327820360660553
Epoch 7: loss = 0.07327820360660553
Epoch 8: loss = 0.07327820360660553
Epoch 9: loss = 0.07327820360660553
Early stopping at epoch 9 with loss 0.07327836751937866
Reconstruction for fluence = 37.926901907322495 photons/pixel
Epoch 0: loss = 1398361.875
Epoch 1: loss = 649366.25
Epoch 2: loss = 649366.25
Epoch 3: loss = 649366.25
Epoch 4: loss = 649366.25
Epoch 5: loss = 649366.25
Epoch 6: loss = 649366.25
Epoch 7: loss = 649366.25
Epoch 8: loss = 649366.25
Epoch 9: loss = 649366.25
Early stopping at epoch 9 with loss 649366.25
Epoch 0: loss = 0.11710087954998016
Epoch 1: loss = 0.10063719749450684
Epoch 2: loss = 0.10063691437244415
Epoch 3: loss = 0.10063691437244415
Epoch 4: loss = 0.10063691437244415
Epoch 5: loss = 0.10063691437244415
Epoch 6: loss = 0.10063691437244415
Epoch 7: loss = 0.10063691437244415
Epoch 8: loss = 0.10063691437244415
Epoch 9: loss = 0.10063691437244415
Early stopping at epoch 9 with loss 0.10063719749450684
Reconstruction for fluence = 88.58667904100822 photons/pixel
Epoch 0: loss = 2110395.0
Epoch 1: loss = 850940.75
Epoch 2: loss = 850940.6875
Epoch 3: loss = 850940.6875
Epoch 4: loss = 850940.6875
Epoch 5: loss = 850940.6875
Epoch 6: loss = 850940.75
Epoch 7: loss = 850940.75
Epoch 8: loss = 850940.75
Epoch 9: loss = 850940.75
Epoch 10: loss = 850940.75
Early stopping at epoch 10 with loss 850940.6875
Epoch 0: loss = 0.08445833623409271
Epoch 1: loss = 0.06991643458604813
Epoch 2: loss = 0.06991635262966156
Epoch 3: loss = 0.06991635262966156
Epoch 4: loss = 0.06991635262966156
Epoch 5: loss = 0.06991635262966156
Epoch 6: loss = 0.06991635262966156
Epoch 7: loss = 0.06991635262966156
Epoch 8: loss = 0.06991635262966156
Epoch 9: loss = 0.06991635262966156
Early stopping at epoch 9 with loss 0.06991643458604813
Reconstruction for fluence = 206.9138081114788 photons/pixel
Epoch 0: loss = 3416634.75
Epoch 1: loss = 1003615.875
Epoch 2: loss = 1003615.875
Epoch 3: loss = 1003615.875
Epoch 4: loss = 1003615.875
Epoch 5: loss = 1003615.875
Epoch 6: loss = 1003615.875
Epoch 7: loss = 1003615.875
Epoch 8: loss = 1003615.875
Epoch 9: loss = 1003615.875
Early stopping at epoch 9 with loss 1003615.875
Epoch 0: loss = -0.2056467980146408
Epoch 1: loss = -0.2221800684928894
Epoch 2: loss = -0.2221800684928894
Epoch 3: loss = -0.2221800684928894
Epoch 4: loss = -0.2221800684928894
Epoch 5: loss = -0.2221800684928894
Epoch 6: loss = -0.2221800684928894
Epoch 7: loss = -0.2221800684928894
Epoch 8: loss = -0.2221800684928894
Epoch 9: loss = -0.2221800684928894
Early stopping at epoch 9 with loss -0.2221800684928894
Reconstruction for fluence = 483.2930238571752 photons/pixel
Epoch 0: loss = 6458612.0
Epoch 1: loss = 1219929.0
Epoch 2: loss = 1219928.75
Epoch 3: loss = 1219928.75
Epoch 4: loss = 1219928.75
Epoch 5: loss = 1219928.75
Epoch 6: loss = 1219928.75
Epoch 7: loss = 1219928.75
Epoch 8: loss = 1219928.75
Epoch 9: loss = 1219928.75
Epoch 10: loss = 1219928.75
Early stopping at epoch 10 with loss 1219928.75
Epoch 0: loss = -1.3964931964874268
Epoch 1: loss = -1.4191663265228271
Epoch 2: loss = -1.4191663265228271
Epoch 3: loss = -1.4191663265228271
Epoch 4: loss = -1.4191665649414062
Epoch 5: loss = -1.4191665649414062
Epoch 6: loss = -1.4191665649414062
Epoch 7: loss = -1.4191665649414062
Epoch 8: loss = -1.4191665649414062
Epoch 9: loss = -1.4191665649414062
Early stopping at epoch 9 with loss -1.4191663265228271
Reconstruction for fluence = 1128.8378916846884 photons/pixel
Epoch 0: loss = 13710877.0
Epoch 1: loss = 1584616.75
Epoch 2: loss = 1584616.75
Epoch 3: loss = 1584616.75
Epoch 4: loss = 1584616.625
Epoch 5: loss = 1584616.625
Epoch 6: loss = 1584616.625
Epoch 7: loss = 1584616.625
Epoch 8: loss = 1584616.625
Epoch 9: loss = 1584616.625
Epoch 10: loss = 1584616.625
Epoch 11: loss = 1584616.625
Epoch 12: loss = 1584616.625
Early stopping at epoch 12 with loss 1584616.625
Epoch 0: loss = -5.390170097351074
Epoch 1: loss = -5.420614242553711
Epoch 2: loss = -5.420614242553711
Epoch 3: loss = -5.420614242553711
Epoch 4: loss = -5.420614242553711
Epoch 5: loss = -5.420614242553711
Epoch 6: loss = -5.420614242553711
Epoch 7: loss = -5.420614242553711
Epoch 8: loss = -5.420614719390869
Epoch 9: loss = -5.420614719390869
Early stopping at epoch 9 with loss -5.420614242553711
Reconstruction for fluence = 2636.6508987303555 photons/pixel
Epoch 0: loss = 30783854.0
Epoch 1: loss = 2114154.25
Epoch 2: loss = 2114154.25
Epoch 3: loss = 2114154.25
Epoch 4: loss = 2114154.25
Epoch 5: loss = 2114154.25
Epoch 6: loss = 2114154.25
Epoch 7: loss = 2114154.25
Epoch 8: loss = 2114154.25
Epoch 9: loss = 2114154.25
Early stopping at epoch 9 with loss 2114154.25
Epoch 0: loss = -17.535057067871094
Epoch 1: loss = -17.572917938232422
Epoch 2: loss = -17.572919845581055
Epoch 3: loss = -17.572919845581055
Epoch 4: loss = -17.572919845581055
Epoch 5: loss = -17.572919845581055
Epoch 6: loss = -17.572919845581055
Epoch 7: loss = -17.572919845581055
Epoch 8: loss = -17.572919845581055
Epoch 9: loss = -17.572919845581055
Early stopping at epoch 9 with loss -17.572917938232422
Reconstruction for fluence = 6158.482110660255 photons/pixel
Epoch 0: loss = 70705568.0
Epoch 1: loss = 2785705.0
Epoch 2: loss = 2785705.0
Epoch 3: loss = 2785705.0
Epoch 4: loss = 2785705.0
Epoch 5: loss = 2785705.0
Epoch 6: loss = 2785705.0
Epoch 7: loss = 2785705.0
Epoch 8: loss = 2785705.0
Epoch 9: loss = 2785705.0
Early stopping at epoch 9 with loss 2785705.0
Epoch 0: loss = -52.477813720703125
Epoch 1: loss = -52.51985168457031
Epoch 2: loss = -52.51985168457031
Epoch 3: loss = -52.51985168457031
Epoch 4: loss = -52.51985168457031
Epoch 5: loss = -52.51985168457031
Epoch 6: loss = -52.51985168457031
Epoch 7: loss = -52.51985168457031
Epoch 8: loss = -52.51985168457031
Epoch 9: loss = -52.51985168457031
Early stopping at epoch 9 with loss -52.51985168457031
Reconstruction for fluence = 14384.498882876629 photons/pixel
Epoch 0: loss = 163968896.0
Epoch 1: loss = 3536489.0
Epoch 2: loss = 3536489.0
Epoch 3: loss = 3536489.0
Epoch 4: loss = 3536489.0
Epoch 5: loss = 3536489.0
Epoch 6: loss = 3536489.0
Epoch 7: loss = 3536489.0
Epoch 8: loss = 3536489.0
Epoch 9: loss = 3536489.0
Early stopping at epoch 9 with loss 3536489.0
Epoch 0: loss = -149.44442749023438
Epoch 1: loss = -149.48477172851562
Epoch 2: loss = -149.48477172851562
Epoch 3: loss = -149.48477172851562
Epoch 4: loss = -149.48477172851562
Epoch 5: loss = -149.48477172851562
Epoch 6: loss = -149.48477172851562
Epoch 7: loss = -149.48477172851562
Epoch 8: loss = -149.48477172851562
Epoch 9: loss = -149.48477172851562
Early stopping at epoch 9 with loss -149.48477172851562
Reconstruction for fluence = 33598.18286283781 photons/pixel
Epoch 0: loss = 381871712.0
Epoch 1: loss = 4234221.0
Epoch 2: loss = 4234221.0
Epoch 3: loss = 4234221.0
Epoch 4: loss = 4234221.0
Epoch 5: loss = 4234221.0
Epoch 6: loss = 4234221.0
Epoch 7: loss = 4234221.0
Epoch 8: loss = 4234221.0
Epoch 9: loss = 4234221.0
Early stopping at epoch 9 with loss 4234221.0
Epoch 0: loss = -411.7633972167969
Epoch 1: loss = -411.7959899902344
Epoch 2: loss = -411.7959899902344
Epoch 3: loss = -411.7959899902344
Epoch 4: loss = -411.7959899902344
Epoch 5: loss = -411.7959899902344
Epoch 6: loss = -411.7959899902344
Epoch 7: loss = -411.7959899902344
Epoch 8: loss = -411.7959899902344
Epoch 9: loss = -411.7959899902344
Early stopping at epoch 9 with loss -411.7959899902344
Reconstruction for fluence = 78475.99703514607 photons/pixel
Epoch 0: loss = 890789888.0
Epoch 1: loss = 4719255.0
Epoch 2: loss = 4719255.0
Epoch 3: loss = 4719255.0
Epoch 4: loss = 4719255.0
Epoch 5: loss = 4719255.0
Epoch 6: loss = 4719255.0
Epoch 7: loss = 4719255.0
Epoch 8: loss = 4719255.0
Epoch 9: loss = 4719255.0
Early stopping at epoch 9 with loss 4719255.0
Epoch 0: loss = -1108.1578369140625
Epoch 1: loss = -1108.1795654296875
Epoch 2: loss = -1108.1795654296875
Epoch 3: loss = -1108.1795654296875
Epoch 4: loss = -1108.1795654296875
Epoch 5: loss = -1108.1795654296875
Epoch 6: loss = -1108.1795654296875
Epoch 7: loss = -1108.1795654296875
Epoch 8: loss = -1108.1795654296875
Epoch 9: loss = -1108.1795654296875
Early stopping at epoch 9 with loss -1108.1795654296875
Reconstruction for fluence = 183298.07108324335 photons/pixel
Epoch 0: loss = 2079542528.0
Epoch 1: loss = 4913324.0
Epoch 2: loss = 4913323.0
Epoch 3: loss = 4913323.0
Epoch 4: loss = 4913323.0
Epoch 5: loss = 4913323.0
Epoch 6: loss = 4913323.0
Epoch 7: loss = 4913323.0
Epoch 8: loss = 4913323.0
Epoch 9: loss = 4913323.0
Epoch 10: loss = 4913323.0
Early stopping at epoch 10 with loss 4913323.0
Epoch 0: loss = -2930.00830078125
Epoch 1: loss = -2930.0205078125
Epoch 2: loss = -2930.0205078125
Epoch 3: loss = -2930.0205078125
Epoch 4: loss = -2930.0205078125
Epoch 5: loss = -2930.0205078125
Epoch 6: loss = -2930.0205078125
Epoch 7: loss = -2930.0205078125
Epoch 8: loss = -2930.0205078125
Epoch 9: loss = -2930.0205078125
Early stopping at epoch 9 with loss -2930.0205078125
Reconstruction for fluence = 428133.2398719387 photons/pixel
Epoch 0: loss = 4856064000.0
Epoch 1: loss = 4862254.0
Epoch 2: loss = 4862254.0
Epoch 3: loss = 4862254.0
Epoch 4: loss = 4862254.0
Epoch 5: loss = 4862254.0
Epoch 6: loss = 4862254.0
Epoch 7: loss = 4862254.0
Epoch 8: loss = 4862254.0
Epoch 9: loss = 4862254.0
Early stopping at epoch 9 with loss 4862254.0
Epoch 0: loss = -7641.65283203125
Epoch 1: loss = -7641.658203125
Epoch 2: loss = -7641.65869140625
Epoch 3: loss = -7641.65869140625
Epoch 4: loss = -7641.65869140625
Epoch 5: loss = -7641.65869140625
Epoch 6: loss = -7641.65869140625
Epoch 7: loss = -7641.65869140625
Epoch 8: loss = -7641.65869140625
Epoch 9: loss = -7641.65869140625
Epoch 10: loss = -7641.65869140625
Early stopping at epoch 10 with loss -7641.65869140625
Reconstruction for fluence = 1000000.0 photons/pixel
Epoch 0: loss = 11342034944.0
Epoch 1: loss = 4696970.5
Epoch 2: loss = 4696271.0
Epoch 3: loss = 4696271.0
Epoch 4: loss = 4696271.0
Epoch 5: loss = 4696271.0
Epoch 6: loss = 4696271.0
Epoch 7: loss = 4696271.0
Epoch 8: loss = 4696271.0
Epoch 9: loss = 4696271.0
Epoch 10: loss = 4696271.0
Early stopping at epoch 10 with loss 4696271.0
Epoch 0: loss = -19712.21875
Epoch 1: loss = -19712.22265625
Epoch 2: loss = -19712.22265625
Epoch 3: loss = -19712.22265625
Epoch 4: loss = -19712.22265625
Epoch 5: loss = -19712.22265625
Epoch 6: loss = -19712.22265625
Epoch 7: loss = -19712.22265625
Epoch 8: loss = -19712.22265625
Epoch 9: loss = -19712.22265625
Early stopping at epoch 9 with loss -19712.22265625
Simulation for steps_size=1 and n_fluences=20 completed!
