Running simulation for n_modes=3 and n_fluences=20
Tensors initialization on device cuda
Multiprobe = band_lim
torch.Size([3, 64, 64])

('MSE', None) RECONSTRUCTIONS

Reconstruction for fluence = 0.09999999999999999 photons/pixel
Epoch 0: loss = 0.00022653034830000252
Epoch 1: loss = 0.00022653034830000252
Epoch 2: loss = 0.00022653034830000252
Epoch 3: loss = 0.00022653034830000252
Epoch 4: loss = 0.00022653034830000252
Epoch 5: loss = 0.00022653034830000252
Early stopping at epoch 5 with loss 0.00022653034830000252
Reconstruction for fluence = 0.23357214690901223 photons/pixel
Epoch 0: loss = 0.0005180024891160429
Epoch 1: loss = 0.0005180024891160429
Epoch 2: loss = 0.0005180024891160429
Epoch 3: loss = 0.0005180024891160429
Epoch 4: loss = 0.0005180024891160429
Epoch 5: loss = 0.0005180024891160429
Early stopping at epoch 5 with loss 0.0005180024891160429
Reconstruction for fluence = 0.5455594781168519 photons/pixel
Epoch 0: loss = 0.0012126778019592166
Epoch 1: loss = 0.0012126778019592166
Epoch 2: loss = 0.0012126778019592166
Epoch 3: loss = 0.0012126778019592166
Epoch 4: loss = 0.0012126778019592166
Epoch 5: loss = 0.0012126778019592166
Early stopping at epoch 5 with loss 0.0012126778019592166
Reconstruction for fluence = 1.2742749857031335 photons/pixel
Epoch 0: loss = 0.002899287734180689
Epoch 1: loss = 0.002899287734180689
Epoch 2: loss = 0.002899287734180689
Epoch 3: loss = 0.002899287734180689
Epoch 4: loss = 0.002899287734180689
Epoch 5: loss = 0.002899287734180689
Early stopping at epoch 5 with loss 0.002899287734180689
Reconstruction for fluence = 2.976351441631318 photons/pixel
Epoch 0: loss = 0.007044896483421326
Epoch 1: loss = 0.007044825702905655
Epoch 2: loss = 0.007044754922389984
Epoch 3: loss = 0.007044684141874313
Epoch 4: loss = 0.007044613361358643
Epoch 5: loss = 0.0070445421151816845
Early stopping at epoch 5 with loss 0.007044896483421326
Reconstruction for fluence = 6.9519279617756045 photons/pixel
Epoch 0: loss = 0.018161043524742126
Epoch 1: loss = 0.01815895549952984
Epoch 2: loss = 0.0181568693369627
Epoch 3: loss = 0.01815478503704071
Epoch 4: loss = 0.01815270259976387
Epoch 5: loss = 0.01815062202513218
Early stopping at epoch 5 with loss 0.018161043524742126
Reconstruction for fluence = 16.23776739188721 photons/pixel
Epoch 0: loss = 0.05151970311999321
Epoch 1: loss = 0.03562664985656738
Epoch 2: loss = 0.03562664985656738
Epoch 3: loss = 0.03562664985656738
Epoch 4: loss = 0.03562664985656738
Epoch 5: loss = 0.03562664985656738
Epoch 6: loss = 0.03562664985656738
Early stopping at epoch 6 with loss 0.03562664985656738
Reconstruction for fluence = 37.926901907322495 photons/pixel
Epoch 0: loss = 0.1699007749557495
Epoch 1: loss = 0.08318892121315002
Epoch 2: loss = 0.08318522572517395
Epoch 3: loss = 0.08318522572517395
Epoch 4: loss = 0.08318522572517395
Epoch 5: loss = 0.08318522572517395
Epoch 6: loss = 0.08318522572517395
Early stopping at epoch 6 with loss 0.08318892121315002
Reconstruction for fluence = 88.58667904100822 photons/pixel
Epoch 0: loss = 0.6656793355941772
Epoch 1: loss = 0.19411659240722656
Epoch 2: loss = 0.19409793615341187
Epoch 3: loss = 0.19409750401973724
Epoch 4: loss = 0.19409750401973724
Epoch 5: loss = 0.19409750401973724
Epoch 6: loss = 0.19409750401973724
Early stopping at epoch 6 with loss 0.19411659240722656
Reconstruction for fluence = 206.9138081114788 photons/pixel
Epoch 0: loss = 3.0248641967773438
Epoch 1: loss = 0.45363250374794006
Epoch 2: loss = 0.45355838537216187
Epoch 3: loss = 0.4535543620586395
Epoch 4: loss = 0.45355427265167236
Epoch 5: loss = 0.4535542130470276
Epoch 6: loss = 0.4535541534423828
Early stopping at epoch 6 with loss 0.45363250374794006
Reconstruction for fluence = 483.2930238571752 photons/pixel
Epoch 0: loss = 15.107793807983398
Epoch 1: loss = 1.0611860752105713
Epoch 2: loss = 1.0608903169631958
Epoch 3: loss = 1.060868501663208
Epoch 4: loss = 1.0608668327331543
Epoch 5: loss = 1.0608667135238647
Epoch 6: loss = 1.0608665943145752
Epoch 7: loss = 1.060866355895996
Early stopping at epoch 7 with loss 1.0608903169631958
Reconstruction for fluence = 1128.8378916846884 photons/pixel
Epoch 0: loss = 79.03517150878906
Epoch 1: loss = 2.476492166519165
Epoch 2: loss = 2.4753189086914062
Epoch 3: loss = 2.475198268890381
Epoch 4: loss = 2.475184679031372
Epoch 5: loss = 2.475182056427002
Epoch 6: loss = 2.4751815795898438
Epoch 7: loss = 2.4751811027526855
Epoch 8: loss = 2.4751808643341064
Early stopping at epoch 8 with loss 2.475198268890381
Reconstruction for fluence = 2636.6508987303555 photons/pixel
Epoch 0: loss = 423.45849609375
Epoch 1: loss = 5.789037704467773
Epoch 2: loss = 5.783849716186523
Epoch 3: loss = 5.783209800720215
Epoch 4: loss = 5.783103942871094
Epoch 5: loss = 5.783088684082031
Epoch 6: loss = 5.783084869384766
Epoch 7: loss = 5.783083915710449
Epoch 8: loss = 5.783083915710449
Epoch 9: loss = 5.783082008361816
Early stopping at epoch 9 with loss 5.783103942871094
Reconstruction for fluence = 6158.482110660255 photons/pixel
Epoch 0: loss = 2292.474609375
Epoch 1: loss = 13.521114349365234
Epoch 2: loss = 13.495071411132812
Epoch 3: loss = 13.491608619689941
Epoch 4: loss = 13.491018295288086
Epoch 5: loss = 13.490891456604004
Epoch 6: loss = 13.49087905883789
Epoch 7: loss = 13.49087142944336
Epoch 8: loss = 13.490870475769043
Epoch 9: loss = 13.490870475769043
Epoch 10: loss = 13.490867614746094
Early stopping at epoch 10 with loss 13.490891456604004
Reconstruction for fluence = 14384.498882876629 photons/pixel
Epoch 0: loss = 12464.330078125
Epoch 1: loss = 31.744853973388672
Epoch 2: loss = 31.608125686645508
Epoch 3: loss = 31.588462829589844
Epoch 4: loss = 31.585269927978516
Epoch 5: loss = 31.584636688232422
Epoch 6: loss = 31.58452606201172
Epoch 7: loss = 31.584518432617188
Epoch 8: loss = 31.584518432617188
Epoch 9: loss = 31.584508895874023
Epoch 10: loss = 31.584508895874023
Epoch 11: loss = 31.58449935913086
Early stopping at epoch 11 with loss 31.58452606201172
Reconstruction for fluence = 33598.18286283781 photons/pixel
Epoch 0: loss = 67903.078125
Epoch 1: loss = 74.38832092285156
Epoch 2: loss = 73.65751647949219
Epoch 3: loss = 73.55086517333984
Epoch 4: loss = 73.53317260742188
Epoch 5: loss = 73.52903747558594
Epoch 6: loss = 73.5283203125
Epoch 7: loss = 73.5281753540039
Epoch 8: loss = 73.52815246582031
Epoch 9: loss = 73.52812194824219
Epoch 10: loss = 73.52809143066406
Epoch 11: loss = 73.52806091308594
Epoch 12: loss = 73.52803802490234
Epoch 13: loss = 73.52802276611328
Epoch 14: loss = 73.52799987792969
Epoch 15: loss = 73.52799987792969
Epoch 16: loss = 73.52799224853516
Early stopping at epoch 16 with loss 73.52806091308594
Reconstruction for fluence = 78475.99703514607 photons/pixel
Epoch 0: loss = 370152.375
Epoch 1: loss = 176.00662231445312
Epoch 2: loss = 172.050537109375
Epoch 3: loss = 171.4580078125
Epoch 4: loss = 171.36373901367188
Epoch 5: loss = 171.34642028808594
Epoch 6: loss = 171.3430938720703
Epoch 7: loss = 171.34271240234375
Epoch 8: loss = 171.34228515625
Epoch 9: loss = 171.34170532226562
Epoch 10: loss = 171.34158325195312
Epoch 11: loss = 171.34136962890625
Epoch 12: loss = 171.34130859375
Epoch 13: loss = 171.34130859375
Epoch 14: loss = 171.34127807617188
Epoch 15: loss = 171.34127807617188
Epoch 16: loss = 171.34127807617188
Early stopping at epoch 16 with loss 171.34136962890625
Reconstruction for fluence = 183298.07108324335 photons/pixel
Epoch 0: loss = 2018952.0
Epoch 1: loss = 425.41400146484375
Epoch 2: loss = 403.7384948730469
Epoch 3: loss = 400.673095703125
Epoch 4: loss = 400.13177490234375
Epoch 5: loss = 400.01617431640625
Epoch 6: loss = 399.99383544921875
Epoch 7: loss = 399.987060546875
Epoch 8: loss = 399.9842529296875
Epoch 9: loss = 399.98345947265625
Epoch 10: loss = 399.98321533203125
Epoch 11: loss = 399.98297119140625
Epoch 12: loss = 399.98291015625
Epoch 13: loss = 399.98284912109375
Epoch 14: loss = 399.9827880859375
Epoch 15: loss = 399.9827880859375
Epoch 16: loss = 399.9827880859375
Epoch 17: loss = 399.98272705078125
Epoch 18: loss = 399.98272705078125
Epoch 19: loss = 399.98272705078125
Epoch 20: loss = 399.9826965332031
Epoch 21: loss = 399.982666015625
Epoch 22: loss = 399.9826354980469
Early stopping at epoch 22 with loss 399.98272705078125
Reconstruction for fluence = 428133.2398719387 photons/pixel
Epoch 0: loss = 11013732.0
Epoch 1: loss = 1076.29296875
Epoch 2: loss = 959.5433959960938
Epoch 3: loss = 941.8555297851562
Epoch 4: loss = 938.99560546875
Epoch 5: loss = 938.3761596679688
Epoch 6: loss = 938.2509765625
Epoch 7: loss = 938.2130126953125
Epoch 8: loss = 938.1951904296875
Epoch 9: loss = 938.1871337890625
Epoch 10: loss = 938.1845703125
Epoch 11: loss = 938.18408203125
Epoch 12: loss = 938.1835327148438
Epoch 13: loss = 938.18310546875
Epoch 14: loss = 938.18310546875
Epoch 15: loss = 938.1829833984375
Epoch 16: loss = 938.1829223632812
Epoch 17: loss = 938.182861328125
Epoch 18: loss = 938.182861328125
Epoch 19: loss = 938.1827392578125
Epoch 20: loss = 938.1827392578125
Epoch 21: loss = 938.1827392578125
Epoch 22: loss = 938.1827392578125
Epoch 23: loss = 938.1826171875
Epoch 24: loss = 938.1826171875
Early stopping at epoch 24 with loss 938.1827392578125
Reconstruction for fluence = 1000000.0 photons/pixel
Epoch 0: loss = 60085168.0
Epoch 1: loss = 2944.056396484375
Epoch 2: loss = 2302.06005859375
Epoch 3: loss = 2211.11328125
Epoch 4: loss = 2195.050537109375
Epoch 5: loss = 2191.51806640625
Epoch 6: loss = 2190.89404296875
Epoch 7: loss = 2190.7021484375
Epoch 8: loss = 2190.6142578125
Epoch 9: loss = 2190.565673828125
Epoch 10: loss = 2190.548095703125
Epoch 11: loss = 2190.548095703125
Epoch 12: loss = 2190.54443359375
Epoch 13: loss = 2190.544189453125
Epoch 14: loss = 2190.54296875
Epoch 15: loss = 2190.54248046875
Epoch 16: loss = 2190.54248046875
Epoch 17: loss = 2190.54248046875
Epoch 18: loss = 2190.54248046875
Epoch 19: loss = 2190.54248046875
Epoch 20: loss = 2190.5419921875
Epoch 21: loss = 2190.5419921875
Epoch 22: loss = 2190.541748046875
Epoch 23: loss = 2190.541748046875
Epoch 24: loss = 2190.54150390625
Epoch 25: loss = 2190.54150390625
Epoch 26: loss = 2190.541259765625
Epoch 27: loss = 2190.541259765625
Epoch 28: loss = 2190.541015625
Epoch 29: loss = 2190.541015625
Epoch 30: loss = 2190.541015625
Epoch 31: loss = 2190.541015625
Epoch 32: loss = 2190.541015625
Epoch 33: loss = 2190.541015625
Early stopping at epoch 33 with loss 2190.541015625
Tensors initialization on device cuda
Multiprobe = band_lim
torch.Size([3, 64, 64])

('MSE', 'PoissonNLL') RECONSTRUCTIONS

Reconstruction for fluence = 0.09999999999999999 photons/pixel
Epoch 0: loss = 0.0002186149067711085
Epoch 1: loss = 0.0002186149067711085
Epoch 2: loss = 0.0002186149067711085
Epoch 3: loss = 0.0002186149067711085
Epoch 4: loss = 0.0002186149067711085
Epoch 5: loss = 0.0002186149067711085
Early stopping at epoch 5 with loss 0.0002186149067711085
Epoch 0: loss = 0.00175564456731081
Epoch 1: loss = 0.00175564456731081
Epoch 2: loss = 0.00175564456731081
Epoch 3: loss = 0.00175564456731081
Epoch 4: loss = 0.00175564456731081
Epoch 5: loss = 0.00175564456731081
Early stopping at epoch 5 with loss 0.00175564456731081
Reconstruction for fluence = 0.23357214690901223 photons/pixel
Epoch 0: loss = 0.0005170945660211146
Epoch 1: loss = 0.0005170945660211146
Epoch 2: loss = 0.0005170945660211146
Epoch 3: loss = 0.0005170945660211146
Epoch 4: loss = 0.0005170945660211146
Epoch 5: loss = 0.0005170945660211146
Early stopping at epoch 5 with loss 0.0005170945660211146
Epoch 0: loss = 0.0036629328969866037
Epoch 1: loss = 0.0036629328969866037
Epoch 2: loss = 0.0036629328969866037
Epoch 3: loss = 0.0036629328969866037
Epoch 4: loss = 0.0036629328969866037
Epoch 5: loss = 0.0036629328969866037
Early stopping at epoch 5 with loss 0.0036629328969866037
Reconstruction for fluence = 0.5455594781168519 photons/pixel
Epoch 0: loss = 0.0012182416394352913
Epoch 1: loss = 0.0012182416394352913
Epoch 2: loss = 0.0012182416394352913
Epoch 3: loss = 0.0012182416394352913
Epoch 4: loss = 0.0012182416394352913
Epoch 5: loss = 0.0012182416394352913
Early stopping at epoch 5 with loss 0.0012182416394352913
Epoch 0: loss = 0.007676627021282911
Epoch 1: loss = 0.007676620967686176
Epoch 2: loss = 0.0076766181737184525
Epoch 3: loss = 0.00767660653218627
Epoch 4: loss = 0.007676573935896158
Epoch 5: loss = 0.007676571141928434
Early stopping at epoch 5 with loss 0.007676627021282911
Reconstruction for fluence = 1.2742749857031335 photons/pixel
Epoch 0: loss = 0.0028826831839978695
Epoch 1: loss = 0.0028826831839978695
Epoch 2: loss = 0.0028826831839978695
Epoch 3: loss = 0.0028826831839978695
Epoch 4: loss = 0.0028826831839978695
Epoch 5: loss = 0.0028826831839978695
Early stopping at epoch 5 with loss 0.0028826831839978695
Epoch 0: loss = 0.015603626146912575
Epoch 1: loss = 0.01560343336313963
Epoch 2: loss = 0.01559873204678297
Epoch 3: loss = 0.014622497372329235
Epoch 4: loss = 0.013365224003791809
Epoch 5: loss = 0.013365224003791809
Epoch 6: loss = 0.013365224003791809
Epoch 7: loss = 0.013365224003791809
Epoch 8: loss = 0.013365224003791809
Epoch 9: loss = 0.013365224003791809
Early stopping at epoch 9 with loss 0.013365224003791809
Reconstruction for fluence = 2.976351441631318 photons/pixel
Epoch 0: loss = 0.007108979392796755
Epoch 1: loss = 0.0071089016273617744
Epoch 2: loss = 0.007108824327588081
Epoch 3: loss = 0.007108746562153101
Epoch 4: loss = 0.007108669262379408
Epoch 5: loss = 0.0071085914969444275
Early stopping at epoch 5 with loss 0.007108979392796755
Epoch 0: loss = 0.03111025132238865
Epoch 1: loss = 0.025853754952549934
Epoch 2: loss = 0.025827553123235703
Epoch 3: loss = 0.025827553123235703
Epoch 4: loss = 0.025827553123235703
Epoch 5: loss = 0.025827553123235703
Epoch 6: loss = 0.025827553123235703
Early stopping at epoch 6 with loss 0.025853754952549934
Reconstruction for fluence = 6.9519279617756045 photons/pixel
Epoch 0: loss = 0.018321122974157333
Epoch 1: loss = 0.018318813294172287
Epoch 2: loss = 0.01831650733947754
Epoch 3: loss = 0.01831420511007309
Epoch 4: loss = 0.01831190288066864
Epoch 5: loss = 0.01830960437655449
Early stopping at epoch 5 with loss 0.018321122974157333
Epoch 0: loss = 0.06017448008060455
Epoch 1: loss = 0.04745962470769882
Epoch 2: loss = 0.047459207475185394
Epoch 3: loss = 0.047459207475185394
Epoch 4: loss = 0.047459207475185394
Epoch 5: loss = 0.047459207475185394
Epoch 6: loss = 0.047459207475185394
Early stopping at epoch 6 with loss 0.04745962470769882
Reconstruction for fluence = 16.23776739188721 photons/pixel
Epoch 0: loss = 0.05238587409257889
Epoch 1: loss = 0.03555009514093399
Epoch 2: loss = 0.03554952144622803
Epoch 3: loss = 0.03554952144622803
Epoch 4: loss = 0.03554952144622803
Epoch 5: loss = 0.03554952144622803
Epoch 6: loss = 0.03554952144622803
Early stopping at epoch 6 with loss 0.03555009514093399
Epoch 0: loss = 0.0814758911728859
Epoch 1: loss = 0.08070164918899536
Epoch 2: loss = 0.08070164918899536
Epoch 3: loss = 0.08070164918899536
Epoch 4: loss = 0.08070164918899536
Epoch 5: loss = 0.08070164918899536
Epoch 6: loss = 0.08070164918899536
Early stopping at epoch 6 with loss 0.08070164918899536
Reconstruction for fluence = 37.926901907322495 photons/pixel
Epoch 0: loss = 0.17448630928993225
Epoch 1: loss = 0.08319295197725296
Epoch 2: loss = 0.08318966627120972
Epoch 3: loss = 0.08318966627120972
Epoch 4: loss = 0.08318966627120972
Epoch 5: loss = 0.08318966627120972
Epoch 6: loss = 0.08318966627120972
Early stopping at epoch 6 with loss 0.08319295197725296
Epoch 0: loss = 0.11918710172176361
Epoch 1: loss = 0.11815854907035828
Epoch 2: loss = 0.11815854907035828
Epoch 3: loss = 0.11815854907035828
Epoch 4: loss = 0.11815854907035828
Epoch 5: loss = 0.11815854907035828
Epoch 6: loss = 0.11815854907035828
Early stopping at epoch 6 with loss 0.11815854907035828
Reconstruction for fluence = 88.58667904100822 photons/pixel
Epoch 0: loss = 0.6927433013916016
Epoch 1: loss = 0.19412826001644135
Epoch 2: loss = 0.19411201775074005
Epoch 3: loss = 0.19411200284957886
Epoch 4: loss = 0.19411200284957886
Epoch 5: loss = 0.19411200284957886
Epoch 6: loss = 0.19411200284957886
Early stopping at epoch 6 with loss 0.19412826001644135
Epoch 0: loss = 0.11227500438690186
Epoch 1: loss = 0.11102723330259323
Epoch 2: loss = 0.11102723330259323
Epoch 3: loss = 0.11102723330259323
Epoch 4: loss = 0.11102723330259323
Epoch 5: loss = 0.11102723330259323
Epoch 6: loss = 0.11102723330259323
Early stopping at epoch 6 with loss 0.11102723330259323
Reconstruction for fluence = 206.9138081114788 photons/pixel
Epoch 0: loss = 3.1665027141571045
Epoch 1: loss = 0.45386022329330444
Epoch 2: loss = 0.453795850276947
Epoch 3: loss = 0.4537928104400635
Epoch 4: loss = 0.4537927508354187
Epoch 5: loss = 0.4537927508354187
Epoch 6: loss = 0.4537926912307739
Early stopping at epoch 6 with loss 0.45386022329330444
Epoch 0: loss = -0.12503953278064728
Epoch 1: loss = -0.12645842134952545
Epoch 2: loss = -0.12645842134952545
Epoch 3: loss = -0.12645842134952545
Epoch 4: loss = -0.12645842134952545
Epoch 5: loss = -0.12645842134952545
Epoch 6: loss = -0.12645842134952545
Early stopping at epoch 6 with loss -0.12645842134952545
Reconstruction for fluence = 483.2930238571752 photons/pixel
Epoch 0: loss = 15.880196571350098
Epoch 1: loss = 1.061691403388977
Epoch 2: loss = 1.0614173412322998
Epoch 3: loss = 1.0613982677459717
Epoch 4: loss = 1.0613973140716553
Epoch 5: loss = 1.0613963603973389
Epoch 6: loss = 1.0613963603973389
Epoch 7: loss = 1.0613963603973389
Early stopping at epoch 7 with loss 1.0614173412322998
Epoch 0: loss = -1.193460464477539
Epoch 1: loss = -1.1950815916061401
Epoch 2: loss = -1.1950815916061401
Epoch 3: loss = -1.1950817108154297
Epoch 4: loss = -1.1950817108154297
Epoch 5: loss = -1.1950817108154297
Epoch 6: loss = -1.1950817108154297
Early stopping at epoch 6 with loss -1.1950815916061401
Reconstruction for fluence = 1128.8378916846884 photons/pixel
Epoch 0: loss = 83.28292083740234
Epoch 1: loss = 2.474860906600952
Epoch 2: loss = 2.4737510681152344
Epoch 3: loss = 2.4736361503601074
Epoch 4: loss = 2.473623752593994
Epoch 5: loss = 2.4736223220825195
Epoch 6: loss = 2.4736218452453613
Epoch 7: loss = 2.473621129989624
Epoch 8: loss = 2.473621129989624
Early stopping at epoch 8 with loss 2.4736361503601074
Epoch 0: loss = -4.8949737548828125
Epoch 1: loss = -4.89665412902832
Epoch 2: loss = -4.89665412902832
Epoch 3: loss = -4.89665412902832
Epoch 4: loss = -4.89665412902832
Epoch 5: loss = -4.89665412902832
Epoch 6: loss = -4.89665412902832
Early stopping at epoch 6 with loss -4.89665412902832
Reconstruction for fluence = 2636.6508987303555 photons/pixel
Epoch 0: loss = 446.78369140625
Epoch 1: loss = 5.788727760314941
Epoch 2: loss = 5.783778190612793
Epoch 3: loss = 5.783103942871094
Epoch 4: loss = 5.783034324645996
Epoch 5: loss = 5.783000946044922
Epoch 6: loss = 5.783000946044922
Epoch 7: loss = 5.7829976081848145
Epoch 8: loss = 5.782997131347656
Epoch 9: loss = 5.782996654510498
Epoch 10: loss = 5.782996654510498
Early stopping at epoch 10 with loss 5.783000946044922
Epoch 0: loss = -16.345989227294922
Epoch 1: loss = -16.347721099853516
Epoch 2: loss = -16.347721099853516
Epoch 3: loss = -16.347721099853516
Epoch 4: loss = -16.347721099853516
Epoch 5: loss = -16.347721099853516
Epoch 6: loss = -16.347721099853516
Early stopping at epoch 6 with loss -16.347721099853516
Reconstruction for fluence = 6158.482110660255 photons/pixel
Epoch 0: loss = 2419.650634765625
Epoch 1: loss = 13.528840065002441
Epoch 2: loss = 13.504154205322266
Epoch 3: loss = 13.500616073608398
Epoch 4: loss = 13.500064849853516
Epoch 5: loss = 13.499961853027344
Epoch 6: loss = 13.499948501586914
Epoch 7: loss = 13.499948501586914
Epoch 8: loss = 13.4999418258667
Epoch 9: loss = 13.499940872192383
Epoch 10: loss = 13.499940872192383
Early stopping at epoch 10 with loss 13.499961853027344
Epoch 0: loss = -49.65681457519531
Epoch 1: loss = -49.658447265625
Epoch 2: loss = -49.658447265625
Epoch 3: loss = -49.658447265625
Epoch 4: loss = -49.658447265625
Epoch 5: loss = -49.658447265625
Epoch 6: loss = -49.658447265625
Early stopping at epoch 6 with loss -49.658447265625
Reconstruction for fluence = 14384.498882876629 photons/pixel
Epoch 0: loss = 13154.994140625
Epoch 1: loss = 31.652639389038086
Epoch 2: loss = 31.523326873779297
Epoch 3: loss = 31.50381851196289
Epoch 4: loss = 31.500904083251953
Epoch 5: loss = 31.500343322753906
Epoch 6: loss = 31.500234603881836
Epoch 7: loss = 31.500205993652344
Epoch 8: loss = 31.500202178955078
Epoch 9: loss = 31.500192642211914
Epoch 10: loss = 31.500192642211914
Epoch 11: loss = 31.500186920166016
Early stopping at epoch 11 with loss 31.500234603881836
Epoch 0: loss = -142.8101806640625
Epoch 1: loss = -142.81198120117188
Epoch 2: loss = -142.81198120117188
Epoch 3: loss = -142.81198120117188
Epoch 4: loss = -142.81198120117188
Epoch 5: loss = -142.81198120117188
Epoch 6: loss = -142.81198120117188
Early stopping at epoch 6 with loss -142.81198120117188
Reconstruction for fluence = 33598.18286283781 photons/pixel
Epoch 0: loss = 71662.015625
Epoch 1: loss = 74.26597595214844
Epoch 2: loss = 73.56904602050781
Epoch 3: loss = 73.46365356445312
Epoch 4: loss = 73.44636535644531
Epoch 5: loss = 73.44314575195312
Epoch 6: loss = 73.44256591796875
Epoch 7: loss = 73.44244384765625
Epoch 8: loss = 73.44236755371094
Epoch 9: loss = 73.44229125976562
Epoch 10: loss = 73.44227600097656
Epoch 11: loss = 73.4422607421875
Epoch 12: loss = 73.44224548339844
Epoch 13: loss = 73.44219970703125
Epoch 14: loss = 73.44218444824219
Epoch 0: loss = -396.2270202636719
Epoch 1: loss = -396.228759765625
Epoch 2: loss = -396.228759765625
Epoch 3: loss = -396.228759765625
Epoch 4: loss = -396.228759765625
Epoch 5: loss = -396.228759765625
Epoch 6: loss = -396.228759765625
Early stopping at epoch 6 with loss -396.228759765625
Reconstruction for fluence = 78475.99703514607 photons/pixel
Epoch 0: loss = 390730.75
Epoch 1: loss = 175.68124389648438
Epoch 2: loss = 171.94764709472656
Epoch 3: loss = 171.32525634765625
Epoch 4: loss = 171.2357177734375
Epoch 5: loss = 171.21847534179688
Epoch 6: loss = 171.21499633789062
Epoch 7: loss = 171.21365356445312
Epoch 8: loss = 171.21347045898438
Epoch 9: loss = 171.21340942382812
Epoch 10: loss = 171.21295166015625
Epoch 11: loss = 171.212890625
Epoch 12: loss = 171.21286010742188
Epoch 13: loss = 171.21282958984375
Epoch 14: loss = 171.2127685546875
Epoch 0: loss = -1071.77587890625
Epoch 1: loss = -1071.7777099609375
Epoch 2: loss = -1071.7777099609375
Epoch 3: loss = -1071.7777099609375
Epoch 4: loss = -1071.7777099609375
Epoch 5: loss = -1071.7777099609375
Epoch 6: loss = -1071.7777099609375
Early stopping at epoch 6 with loss -1071.7777099609375
Reconstruction for fluence = 183298.07108324335 photons/pixel
Epoch 0: loss = 2131229.5
Epoch 1: loss = 424.80487060546875
Epoch 2: loss = 404.26763916015625
Epoch 3: loss = 401.0167236328125
Epoch 4: loss = 400.5263671875
Epoch 5: loss = 400.42901611328125
Epoch 6: loss = 400.4099426269531
Epoch 7: loss = 400.403564453125
Epoch 8: loss = 400.40081787109375
Epoch 9: loss = 400.39923095703125
Epoch 10: loss = 400.399169921875
Epoch 11: loss = 400.39898681640625
Epoch 12: loss = 400.39892578125
Epoch 13: loss = 400.39886474609375
Epoch 14: loss = 400.39886474609375
Epoch 0: loss = -2844.994384765625
Epoch 1: loss = -2844.99609375
Epoch 2: loss = -2844.99609375
Epoch 3: loss = -2844.99609375
Epoch 4: loss = -2844.99609375
Epoch 5: loss = -2844.99609375
Epoch 6: loss = -2844.99609375
Early stopping at epoch 6 with loss -2844.99609375
Reconstruction for fluence = 428133.2398719387 photons/pixel
Epoch 0: loss = 11626024.0
Epoch 1: loss = 1069.1015625
Epoch 2: loss = 957.653076171875
Epoch 3: loss = 940.15869140625
Epoch 4: loss = 937.556640625
Epoch 5: loss = 937.0919189453125
Epoch 6: loss = 936.997802734375
Epoch 7: loss = 936.9658813476562
Epoch 8: loss = 936.9481811523438
Epoch 9: loss = 936.9411010742188
Epoch 10: loss = 936.939208984375
Epoch 11: loss = 936.9383544921875
Epoch 12: loss = 936.938232421875
Epoch 13: loss = 936.9381103515625
Epoch 14: loss = 936.9381103515625
Epoch 0: loss = -7442.9580078125
Epoch 1: loss = -7442.95947265625
Epoch 2: loss = -7442.9599609375
Epoch 3: loss = -7442.9599609375
Epoch 4: loss = -7442.9599609375
Epoch 5: loss = -7442.9599609375
Epoch 6: loss = -7442.9599609375
Epoch 7: loss = -7442.9599609375
Early stopping at epoch 7 with loss -7442.9599609375
Reconstruction for fluence = 1000000.0 photons/pixel
Epoch 0: loss = 63423908.0
Epoch 1: loss = 2913.4306640625
Epoch 2: loss = 2304.6005859375
Epoch 3: loss = 2209.29150390625
Epoch 4: loss = 2194.668212890625
Epoch 5: loss = 2191.65869140625
Epoch 6: loss = 2191.129150390625
Epoch 7: loss = 2191.06591796875
Epoch 8: loss = 2190.9013671875
Epoch 9: loss = 2190.8125
Epoch 10: loss = 2190.779296875
Epoch 11: loss = 2190.77197265625
Epoch 12: loss = 2190.767578125
Epoch 13: loss = 2190.767578125
Epoch 14: loss = 2190.76708984375
Epoch 0: loss = -19248.58203125
Epoch 1: loss = -19248.58203125
Epoch 2: loss = -19248.5859375
Epoch 3: loss = -19248.5859375
Epoch 4: loss = -19248.583984375
Epoch 5: loss = -19248.583984375
Epoch 6: loss = -19248.583984375
Epoch 7: loss = -19248.583984375
Early stopping at epoch 7 with loss -19248.5859375
Simulation for n_modes=3 and n_fluences=20 completed!
