Running simulation for n_modes=6 and n_fluences=20
Tensors initialization on device cuda
Multiprobe = band_lim
torch.Size([6, 64, 64])

('MSE', None) RECONSTRUCTIONS

Reconstruction for fluence = 0.09999999999999999 photons/pixel
Epoch 0: loss = 0.00022153675672598183
Epoch 1: loss = 0.00022153675672598183
Epoch 2: loss = 0.00022153675672598183
Epoch 3: loss = 0.00022153675672598183
Epoch 4: loss = 0.00022153675672598183
Epoch 5: loss = 0.00022153675672598183
Early stopping at epoch 5 with loss 0.00022153675672598183
Reconstruction for fluence = 0.23357214690901223 photons/pixel
Epoch 0: loss = 0.0005191094242036343
Epoch 1: loss = 0.0005191094242036343
Epoch 2: loss = 0.0005191094242036343
Epoch 3: loss = 0.0005191094242036343
Epoch 4: loss = 0.0005191094242036343
Epoch 5: loss = 0.0005191094242036343
Early stopping at epoch 5 with loss 0.0005191094242036343
Reconstruction for fluence = 0.5455594781168519 photons/pixel
Epoch 0: loss = 0.0012034971732646227
Epoch 1: loss = 0.0012034971732646227
Epoch 2: loss = 0.0012034971732646227
Epoch 3: loss = 0.0012034971732646227
Epoch 4: loss = 0.0012034971732646227
Epoch 5: loss = 0.0012034971732646227
Early stopping at epoch 5 with loss 0.0012034971732646227
Reconstruction for fluence = 1.2742749857031335 photons/pixel
Epoch 0: loss = 0.0028823032043874264
Epoch 1: loss = 0.0028823032043874264
Epoch 2: loss = 0.0028823032043874264
Epoch 3: loss = 0.0028823032043874264
Epoch 4: loss = 0.0028823032043874264
Epoch 5: loss = 0.0028823032043874264
Early stopping at epoch 5 with loss 0.0028823032043874264
Reconstruction for fluence = 2.976351441631318 photons/pixel
Epoch 0: loss = 0.006988282781094313
Epoch 1: loss = 0.006988224107772112
Epoch 2: loss = 0.006988165434449911
Epoch 3: loss = 0.00698810676112771
Epoch 4: loss = 0.006988047622144222
Epoch 5: loss = 0.006987989414483309
Early stopping at epoch 5 with loss 0.006988282781094313
Reconstruction for fluence = 6.9519279617756045 photons/pixel
Epoch 0: loss = 0.01788775622844696
Epoch 1: loss = 0.017886018380522728
Epoch 2: loss = 0.017884280532598495
Epoch 3: loss = 0.01788254827260971
Epoch 4: loss = 0.017880814149975777
Epoch 5: loss = 0.017879081889986992
Early stopping at epoch 5 with loss 0.01788775622844696
Reconstruction for fluence = 16.23776739188721 photons/pixel
Epoch 0: loss = 0.04974626377224922
Epoch 1: loss = 0.03557595983147621
Epoch 2: loss = 0.03557572513818741
Epoch 3: loss = 0.03557572513818741
Epoch 4: loss = 0.03557572513818741
Epoch 5: loss = 0.03557572513818741
Epoch 6: loss = 0.03557572513818741
Early stopping at epoch 6 with loss 0.03557595983147621
Reconstruction for fluence = 37.926901907322495 photons/pixel
Epoch 0: loss = 0.16042113304138184
Epoch 1: loss = 0.08302288502454758
Epoch 2: loss = 0.08301688730716705
Epoch 3: loss = 0.08301688730716705
Epoch 4: loss = 0.08301688730716705
Epoch 5: loss = 0.08301688730716705
Epoch 6: loss = 0.08301688730716705
Early stopping at epoch 6 with loss 0.08302288502454758
Reconstruction for fluence = 88.58667904100822 photons/pixel
Epoch 0: loss = 0.6145498752593994
Epoch 1: loss = 0.19470353424549103
Epoch 2: loss = 0.19467735290527344
Epoch 3: loss = 0.19467708468437195
Epoch 4: loss = 0.19467708468437195
Epoch 5: loss = 0.19467708468437195
Epoch 6: loss = 0.19467708468437195
Early stopping at epoch 6 with loss 0.19470353424549103
Reconstruction for fluence = 206.9138081114788 photons/pixel
Epoch 0: loss = 2.749136447906494
Epoch 1: loss = 0.4531940221786499
Epoch 2: loss = 0.4530893564224243
Epoch 3: loss = 0.4530876874923706
Epoch 4: loss = 0.4530857503414154
Epoch 5: loss = 0.45308569073677063
Epoch 6: loss = 0.45308566093444824
Epoch 7: loss = 0.45308563113212585
Early stopping at epoch 7 with loss 0.4530893564224243
Reconstruction for fluence = 483.2930238571752 photons/pixel
Epoch 0: loss = 13.564254760742188
Epoch 1: loss = 1.0590386390686035
Epoch 2: loss = 1.0586748123168945
Epoch 3: loss = 1.058655023574829
Epoch 4: loss = 1.0586522817611694
Epoch 5: loss = 1.0586521625518799
Epoch 6: loss = 1.0586519241333008
Epoch 7: loss = 1.0586519241333008
Early stopping at epoch 7 with loss 1.0586748123168945
Reconstruction for fluence = 1128.8378916846884 photons/pixel
Epoch 0: loss = 70.75651550292969
Epoch 1: loss = 2.4745564460754395
Epoch 2: loss = 2.472999334335327
Epoch 3: loss = 2.4728729724884033
Epoch 4: loss = 2.47285795211792
Epoch 5: loss = 2.4728546142578125
Epoch 6: loss = 2.472853183746338
Epoch 7: loss = 2.4728522300720215
Epoch 8: loss = 2.4728522300720215
Early stopping at epoch 8 with loss 2.4728729724884033
Reconstruction for fluence = 2636.6508987303555 photons/pixel
Epoch 0: loss = 378.4709167480469
Epoch 1: loss = 5.792734146118164
Epoch 2: loss = 5.785784721374512
Epoch 3: loss = 5.785074234008789
Epoch 4: loss = 5.784960746765137
Epoch 5: loss = 5.784938812255859
Epoch 6: loss = 5.784936904907227
Epoch 7: loss = 5.784936904907227
Epoch 8: loss = 5.78493595123291
Epoch 9: loss = 5.78493595123291
Early stopping at epoch 9 with loss 5.784960746765137
Reconstruction for fluence = 6158.482110660255 photons/pixel
Epoch 0: loss = 2045.47119140625
Epoch 1: loss = 13.55959701538086
Epoch 2: loss = 13.525938987731934
Epoch 3: loss = 13.522082328796387
Epoch 4: loss = 13.521448135375977
Epoch 5: loss = 13.521326065063477
Epoch 6: loss = 13.521305084228516
Epoch 7: loss = 13.521305084228516
Epoch 8: loss = 13.521305084228516
Epoch 9: loss = 13.521303176879883
Epoch 10: loss = 13.521303176879883
Early stopping at epoch 10 with loss 13.521326065063477
Reconstruction for fluence = 14384.498882876629 photons/pixel
Epoch 0: loss = 11118.845703125
Epoch 1: loss = 31.704076766967773
Epoch 2: loss = 31.530723571777344
Epoch 3: loss = 31.50994110107422
Epoch 4: loss = 31.506431579589844
Epoch 5: loss = 31.50571060180664
Epoch 6: loss = 31.50564956665039
Epoch 7: loss = 31.505611419677734
Epoch 8: loss = 31.505569458007812
Epoch 9: loss = 31.505565643310547
Epoch 10: loss = 31.505565643310547
Epoch 11: loss = 31.50555992126465
Epoch 12: loss = 31.505558013916016
Epoch 13: loss = 31.505556106567383
Early stopping at epoch 13 with loss 31.505569458007812
Reconstruction for fluence = 33598.18286283781 photons/pixel
Epoch 0: loss = 60563.421875
Epoch 1: loss = 74.4769515991211
Epoch 2: loss = 73.55045318603516
Epoch 3: loss = 73.44107818603516
Epoch 4: loss = 73.41949462890625
Epoch 5: loss = 73.41478729248047
Epoch 6: loss = 73.41397094726562
Epoch 7: loss = 73.41374206542969
Epoch 8: loss = 73.4136962890625
Epoch 9: loss = 73.41365051269531
Epoch 10: loss = 73.41361999511719
Epoch 11: loss = 73.4135971069336
Epoch 12: loss = 73.41358947753906
Epoch 13: loss = 73.41356658935547
Epoch 14: loss = 73.41355895996094
Epoch 15: loss = 73.4135513305664
Early stopping at epoch 15 with loss 73.41361999511719
Reconstruction for fluence = 78475.99703514607 photons/pixel
Epoch 0: loss = 330139.5
Epoch 1: loss = 177.0888214111328
Epoch 2: loss = 172.09915161132812
Epoch 3: loss = 171.5107879638672
Epoch 4: loss = 171.40090942382812
Epoch 5: loss = 171.37637329101562
Epoch 6: loss = 171.37185668945312
Epoch 7: loss = 171.370361328125
Epoch 8: loss = 171.36956787109375
Epoch 9: loss = 171.3695068359375
Epoch 10: loss = 171.36941528320312
Epoch 11: loss = 171.36935424804688
Epoch 12: loss = 171.36929321289062
Epoch 13: loss = 171.36929321289062
Epoch 14: loss = 171.36923217773438
Epoch 15: loss = 171.3692169189453
Epoch 16: loss = 171.3691864013672
Epoch 17: loss = 171.36915588378906
Epoch 18: loss = 171.369140625
Epoch 19: loss = 171.36911010742188
Epoch 20: loss = 171.36911010742188
Epoch 21: loss = 171.3690948486328
Epoch 22: loss = 171.3690948486328
Early stopping at epoch 22 with loss 171.36915588378906
Reconstruction for fluence = 183298.07108324335 photons/pixel
Epoch 0: loss = 1800733.0
Epoch 1: loss = 430.7752990722656
Epoch 2: loss = 403.62811279296875
Epoch 3: loss = 400.4998779296875
Epoch 4: loss = 399.86346435546875
Epoch 5: loss = 399.74261474609375
Epoch 6: loss = 399.72393798828125
Epoch 7: loss = 399.71856689453125
Epoch 8: loss = 399.7156066894531
Epoch 9: loss = 399.7140197753906
Epoch 10: loss = 399.71380615234375
Epoch 11: loss = 399.71356201171875
Epoch 12: loss = 399.71343994140625
Epoch 13: loss = 399.71337890625
Epoch 14: loss = 399.71331787109375
Epoch 15: loss = 399.71331787109375
Epoch 16: loss = 399.7132568359375
Epoch 17: loss = 399.71319580078125
Epoch 18: loss = 399.71319580078125
Epoch 19: loss = 399.71319580078125
Epoch 20: loss = 399.713134765625
Epoch 21: loss = 399.713134765625
Epoch 22: loss = 399.713134765625
Early stopping at epoch 22 with loss 399.71319580078125
Reconstruction for fluence = 428133.2398719387 photons/pixel
Epoch 0: loss = 9823065.0
Epoch 1: loss = 1105.13671875
Epoch 2: loss = 957.0145263671875
Epoch 3: loss = 940.2223510742188
Epoch 4: loss = 936.5616455078125
Epoch 5: loss = 935.9398193359375
Epoch 6: loss = 935.8145751953125
Epoch 7: loss = 935.78076171875
Epoch 8: loss = 935.7646484375
Epoch 9: loss = 935.7564697265625
Epoch 10: loss = 935.7540283203125
Epoch 11: loss = 935.75341796875
Epoch 12: loss = 935.753173828125
Epoch 13: loss = 935.7528076171875
Epoch 14: loss = 935.7525634765625
Epoch 15: loss = 935.7525634765625
Epoch 16: loss = 935.75244140625
Epoch 17: loss = 935.7523193359375
Epoch 18: loss = 935.752197265625
Epoch 19: loss = 935.752197265625
Epoch 20: loss = 935.7521362304688
Epoch 21: loss = 935.7521362304688
Epoch 22: loss = 935.7520751953125
Epoch 23: loss = 935.7520751953125
Epoch 24: loss = 935.7520141601562
Epoch 25: loss = 935.7520141601562
Early stopping at epoch 25 with loss 935.7521362304688
Reconstruction for fluence = 1000000.0 photons/pixel
Epoch 0: loss = 53589172.0
Epoch 1: loss = 3113.9384765625
Epoch 2: loss = 2308.964111328125
Epoch 3: loss = 2214.539794921875
Epoch 4: loss = 2195.65771484375
Epoch 5: loss = 2191.3974609375
Epoch 6: loss = 2190.59228515625
Epoch 7: loss = 2190.36083984375
Epoch 8: loss = 2190.231689453125
Epoch 9: loss = 2190.164794921875
Epoch 10: loss = 2190.1337890625
Epoch 11: loss = 2190.12451171875
Epoch 12: loss = 2190.12353515625
Epoch 13: loss = 2190.12353515625
Epoch 14: loss = 2190.12353515625
Epoch 15: loss = 2190.122802734375
Epoch 16: loss = 2190.122802734375
Epoch 17: loss = 2190.1220703125
Epoch 18: loss = 2190.12158203125
Epoch 19: loss = 2190.121337890625
Epoch 20: loss = 2190.12109375
Epoch 21: loss = 2190.12109375
Epoch 22: loss = 2190.12060546875
Epoch 23: loss = 2190.12060546875
Epoch 24: loss = 2190.12060546875
Epoch 25: loss = 2190.1201171875
Epoch 26: loss = 2190.1201171875
Epoch 27: loss = 2190.11962890625
Epoch 28: loss = 2190.11962890625
Epoch 29: loss = 2190.11962890625
Epoch 30: loss = 2190.11962890625
Epoch 31: loss = 2190.119140625
Epoch 32: loss = 2190.118896484375
Epoch 33: loss = 2190.11865234375
Epoch 34: loss = 2190.11865234375
Epoch 35: loss = 2190.11865234375
Epoch 36: loss = 2190.118408203125
Epoch 37: loss = 2190.118408203125
Epoch 38: loss = 2190.1181640625
Epoch 39: loss = 2190.1181640625
Epoch 40: loss = 2190.1181640625
Epoch 41: loss = 2190.1181640625
Epoch 42: loss = 2190.1181640625
Epoch 43: loss = 2190.1181640625
Early stopping at epoch 43 with loss 2190.1181640625
Tensors initialization on device cuda
Multiprobe = band_lim
torch.Size([6, 64, 64])

('MSE', 'PoissonNLL') RECONSTRUCTIONS

Reconstruction for fluence = 0.09999999999999999 photons/pixel
Epoch 0: loss = 0.00021245941752567887
Epoch 1: loss = 0.00021245941752567887
Epoch 2: loss = 0.00021245941752567887
Epoch 3: loss = 0.00021245941752567887
Epoch 4: loss = 0.00021245941752567887
Epoch 5: loss = 0.00021245941752567887
Early stopping at epoch 5 with loss 0.00021245941752567887
Epoch 0: loss = 0.001731374068185687
Epoch 1: loss = 0.001731374068185687
Epoch 2: loss = 0.001731374068185687
Epoch 3: loss = 0.001731374068185687
Epoch 4: loss = 0.001731374068185687
Epoch 5: loss = 0.001731374068185687
Early stopping at epoch 5 with loss 0.001731374068185687
Reconstruction for fluence = 0.23357214690901223 photons/pixel
Epoch 0: loss = 0.000516203697770834
Epoch 1: loss = 0.000516203697770834
Epoch 2: loss = 0.000516203697770834
Epoch 3: loss = 0.000516203697770834
Epoch 4: loss = 0.000516203697770834
Epoch 5: loss = 0.000516203697770834
Early stopping at epoch 5 with loss 0.000516203697770834
Epoch 0: loss = 0.003740383079275489
Epoch 1: loss = 0.003740383079275489
Epoch 2: loss = 0.003740383079275489
Epoch 3: loss = 0.003740383079275489
Epoch 4: loss = 0.003740383079275489
Epoch 5: loss = 0.003740383079275489
Early stopping at epoch 5 with loss 0.003740383079275489
Reconstruction for fluence = 0.5455594781168519 photons/pixel
Epoch 0: loss = 0.0012246427359059453
Epoch 1: loss = 0.0012246427359059453
Epoch 2: loss = 0.0012246427359059453
Epoch 3: loss = 0.0012246427359059453
Epoch 4: loss = 0.0012246427359059453
Epoch 5: loss = 0.0012246427359059453
Early stopping at epoch 5 with loss 0.0012246427359059453
Epoch 0: loss = 0.00780367199331522
Epoch 1: loss = 0.007803667336702347
Epoch 2: loss = 0.007803666405379772
Epoch 3: loss = 0.007803658023476601
Epoch 4: loss = 0.007803650572896004
Epoch 5: loss = 0.007803645916283131
Early stopping at epoch 5 with loss 0.00780367199331522
Reconstruction for fluence = 1.2742749857031335 photons/pixel
Epoch 0: loss = 0.002886473201215267
Epoch 1: loss = 0.002886473201215267
Epoch 2: loss = 0.002886473201215267
Epoch 3: loss = 0.002886473201215267
Epoch 4: loss = 0.002886473201215267
Epoch 5: loss = 0.002886473201215267
Early stopping at epoch 5 with loss 0.002886473201215267
Epoch 0: loss = 0.015875302255153656
Epoch 1: loss = 0.01587512716650963
Epoch 2: loss = 0.01587444543838501
Epoch 3: loss = 0.015843171626329422
Epoch 4: loss = 0.01369944866746664
Epoch 5: loss = 0.01369944866746664
Epoch 6: loss = 0.01369944866746664
Epoch 7: loss = 0.01369944866746664
Epoch 8: loss = 0.01369944866746664
Epoch 9: loss = 0.01369944866746664
Early stopping at epoch 9 with loss 0.01369944866746664
Reconstruction for fluence = 2.976351441631318 photons/pixel
Epoch 0: loss = 0.007021212484687567
Epoch 1: loss = 0.007021158933639526
Epoch 2: loss = 0.007021104916930199
Epoch 3: loss = 0.007021050900220871
Epoch 4: loss = 0.007020997349172831
Epoch 5: loss = 0.007020943332463503
Early stopping at epoch 5 with loss 0.007021212484687567
Epoch 0: loss = 0.031805820763111115
Epoch 1: loss = 0.026598725467920303
Epoch 2: loss = 0.026532381772994995
Epoch 3: loss = 0.026532381772994995
Epoch 4: loss = 0.026532381772994995
Epoch 5: loss = 0.026532381772994995
Epoch 6: loss = 0.026532381772994995
Early stopping at epoch 6 with loss 0.026598725467920303
Reconstruction for fluence = 6.9519279617756045 photons/pixel
Epoch 0: loss = 0.017780639231204987
Epoch 1: loss = 0.01777902990579605
Epoch 2: loss = 0.017777416855096817
Epoch 3: loss = 0.01777580939233303
Epoch 4: loss = 0.017774201929569244
Epoch 5: loss = 0.017772596329450607
Early stopping at epoch 5 with loss 0.017780639231204987
Epoch 0: loss = 0.061574894934892654
Epoch 1: loss = 0.048906128853559494
Epoch 2: loss = 0.048906128853559494
Epoch 3: loss = 0.048906128853559494
Epoch 4: loss = 0.048906128853559494
Epoch 5: loss = 0.048906128853559494
Epoch 6: loss = 0.048906128853559494
Early stopping at epoch 6 with loss 0.048906128853559494
Reconstruction for fluence = 16.23776739188721 photons/pixel
Epoch 0: loss = 0.04933172091841698
Epoch 1: loss = 0.035690002143383026
Epoch 2: loss = 0.035690002143383026
Epoch 3: loss = 0.035690002143383026
Epoch 4: loss = 0.035690002143383026
Epoch 5: loss = 0.035690002143383026
Epoch 6: loss = 0.035690002143383026
Early stopping at epoch 6 with loss 0.035690002143383026
Epoch 0: loss = 0.08494545519351959
Epoch 1: loss = 0.08494436740875244
Epoch 2: loss = 0.08494330942630768
Epoch 3: loss = 0.0849422961473465
Epoch 4: loss = 0.08494129031896591
Epoch 5: loss = 0.08494031429290771
Early stopping at epoch 5 with loss 0.08494545519351959
Reconstruction for fluence = 37.926901907322495 photons/pixel
Epoch 0: loss = 0.157550647854805
Epoch 1: loss = 0.08332090079784393
Epoch 2: loss = 0.0833170935511589
Epoch 3: loss = 0.0833170935511589
Epoch 4: loss = 0.0833170935511589
Epoch 5: loss = 0.0833170935511589
Epoch 6: loss = 0.0833170935511589
Early stopping at epoch 6 with loss 0.08332090079784393
Epoch 0: loss = 0.12755009531974792
Epoch 1: loss = 0.12754690647125244
Epoch 2: loss = 0.12754374742507935
Epoch 3: loss = 0.12754061818122864
Epoch 4: loss = 0.1275375485420227
Epoch 5: loss = 0.12753450870513916
Early stopping at epoch 5 with loss 0.12755009531974792
Reconstruction for fluence = 88.58667904100822 photons/pixel
Epoch 0: loss = 0.599476158618927
Epoch 1: loss = 0.1943005919456482
Epoch 2: loss = 0.1942795068025589
Epoch 3: loss = 0.19427913427352905
Epoch 4: loss = 0.19427913427352905
Epoch 5: loss = 0.19427913427352905
Epoch 6: loss = 0.19427913427352905
Early stopping at epoch 6 with loss 0.1943005919456482
Epoch 0: loss = 0.13159425556659698
Epoch 1: loss = 0.13031484186649323
Epoch 2: loss = 0.13031479716300964
Epoch 3: loss = 0.13031479716300964
Epoch 4: loss = 0.13031479716300964
Epoch 5: loss = 0.13031479716300964
Epoch 6: loss = 0.13031479716300964
Early stopping at epoch 6 with loss 0.13031484186649323
Reconstruction for fluence = 206.9138081114788 photons/pixel
Epoch 0: loss = 2.662008762359619
Epoch 1: loss = 0.4533109664916992
Epoch 2: loss = 0.45321714878082275
Epoch 3: loss = 0.45321476459503174
Epoch 4: loss = 0.4532145857810974
Epoch 5: loss = 0.4532144367694855
Epoch 6: loss = 0.4532144367694855
Early stopping at epoch 6 with loss 0.4533109664916992
Epoch 0: loss = -0.07962801307439804
Epoch 1: loss = -0.08115628361701965
Epoch 2: loss = -0.08115628361701965
Epoch 3: loss = -0.08115628361701965
Epoch 4: loss = -0.08115628361701965
Epoch 5: loss = -0.08115628361701965
Epoch 6: loss = -0.08115628361701965
Early stopping at epoch 6 with loss -0.08115628361701965
Reconstruction for fluence = 483.2930238571752 photons/pixel
Epoch 0: loss = 13.115633964538574
Epoch 1: loss = 1.060152530670166
Epoch 2: loss = 1.0597798824310303
Epoch 3: loss = 1.0597519874572754
Epoch 4: loss = 1.059751272201538
Epoch 5: loss = 1.0597503185272217
Epoch 6: loss = 1.0597503185272217
Epoch 7: loss = 1.0597503185272217
Early stopping at epoch 7 with loss 1.0597798824310303
Epoch 0: loss = -1.088257074356079
Epoch 1: loss = -1.089860439300537
Epoch 2: loss = -1.089860439300537
Epoch 3: loss = -1.0898605585098267
Epoch 4: loss = -1.0898605585098267
Epoch 5: loss = -1.0898605585098267
Epoch 6: loss = -1.0898605585098267
Early stopping at epoch 6 with loss -1.089860439300537
Reconstruction for fluence = 1128.8378916846884 photons/pixel
Epoch 0: loss = 68.19122314453125
Epoch 1: loss = 2.4783854484558105
Epoch 2: loss = 2.4769675731658936
Epoch 3: loss = 2.4768543243408203
Epoch 4: loss = 2.4768500328063965
Epoch 5: loss = 2.4768447875976562
Epoch 6: loss = 2.4768433570861816
Epoch 7: loss = 2.476840019226074
Epoch 8: loss = 2.476839065551758
Early stopping at epoch 8 with loss 2.4768543243408203
Epoch 0: loss = -4.648554801940918
Epoch 1: loss = -4.650310516357422
Epoch 2: loss = -4.650310516357422
Epoch 3: loss = -4.650310516357422
Epoch 4: loss = -4.650310516357422
Epoch 5: loss = -4.650310516357422
Epoch 6: loss = -4.650310516357422
Early stopping at epoch 6 with loss -4.650310516357422
Reconstruction for fluence = 2636.6508987303555 photons/pixel
Epoch 0: loss = 364.522216796875
Epoch 1: loss = 5.789376258850098
Epoch 2: loss = 5.782701015472412
Epoch 3: loss = 5.782068252563477
Epoch 4: loss = 5.781935691833496
Epoch 5: loss = 5.78192138671875
Epoch 6: loss = 5.781919956207275
Epoch 7: loss = 5.781919002532959
Epoch 8: loss = 5.781919002532959
Epoch 9: loss = 5.781918525695801
Early stopping at epoch 9 with loss 5.781935691833496
Epoch 0: loss = -15.769129753112793
Epoch 1: loss = -15.770917892456055
Epoch 2: loss = -15.770917892456055
Epoch 3: loss = -15.770917892456055
Epoch 4: loss = -15.770917892456055
Epoch 5: loss = -15.770917892456055
Epoch 6: loss = -15.770917892456055
Early stopping at epoch 6 with loss -15.770917892456055
Reconstruction for fluence = 6158.482110660255 photons/pixel
Epoch 0: loss = 1970.2177734375
Epoch 1: loss = 13.553043365478516
Epoch 2: loss = 13.520442962646484
Epoch 3: loss = 13.516801834106445
Epoch 4: loss = 13.516180038452148
Epoch 5: loss = 13.516059875488281
Epoch 6: loss = 13.516056060791016
Epoch 7: loss = 13.516042709350586
Epoch 8: loss = 13.51603889465332
Epoch 9: loss = 13.51603889465332
Epoch 10: loss = 13.51603889465332
Early stopping at epoch 10 with loss 13.516059875488281
Epoch 0: loss = -48.3187370300293
Epoch 1: loss = -48.320594787597656
Epoch 2: loss = -48.320594787597656
Epoch 3: loss = -48.320594787597656
Epoch 4: loss = -48.320594787597656
Epoch 5: loss = -48.320594787597656
Epoch 6: loss = -48.320594787597656
Early stopping at epoch 6 with loss -48.320594787597656
Reconstruction for fluence = 14384.498882876629 photons/pixel
Epoch 0: loss = 10705.6435546875
Epoch 1: loss = 31.77648162841797
Epoch 2: loss = 31.60790252685547
Epoch 3: loss = 31.58892059326172
Epoch 4: loss = 31.584720611572266
Epoch 5: loss = 31.583988189697266
Epoch 6: loss = 31.58384895324707
Epoch 7: loss = 31.583824157714844
Epoch 8: loss = 31.583816528320312
Epoch 9: loss = 31.58380699157715
Epoch 10: loss = 31.583805084228516
Epoch 11: loss = 31.583797454833984
Early stopping at epoch 11 with loss 31.58384895324707
Epoch 0: loss = -139.69155883789062
Epoch 1: loss = -139.69332885742188
Epoch 2: loss = -139.69332885742188
Epoch 3: loss = -139.69332885742188
Epoch 4: loss = -139.69332885742188
Epoch 5: loss = -139.69332885742188
Epoch 6: loss = -139.69332885742188
Early stopping at epoch 6 with loss -139.69332885742188
Reconstruction for fluence = 33598.18286283781 photons/pixel
Epoch 0: loss = 58306.55078125
Epoch 1: loss = 74.66461181640625
Epoch 2: loss = 73.76422119140625
Epoch 3: loss = 73.65805053710938
Epoch 4: loss = 73.63700866699219
Epoch 5: loss = 73.6328353881836
Epoch 6: loss = 73.63204956054688
Epoch 7: loss = 73.63198852539062
Epoch 8: loss = 73.63188934326172
Epoch 9: loss = 73.63186645507812
Epoch 10: loss = 73.63182067871094
Epoch 11: loss = 73.63182067871094
Epoch 12: loss = 73.63179016113281
Epoch 13: loss = 73.63177490234375
Epoch 14: loss = 73.63175964355469
Epoch 0: loss = -388.87939453125
Epoch 1: loss = -388.881103515625
Epoch 2: loss = -388.8811340332031
Epoch 3: loss = -388.8811340332031
Epoch 4: loss = -388.8811340332031
Epoch 5: loss = -388.8811340332031
Epoch 6: loss = -388.8811340332031
Early stopping at epoch 6 with loss -388.881103515625
Reconstruction for fluence = 78475.99703514607 photons/pixel
Epoch 0: loss = 317861.125
Epoch 1: loss = 177.07957458496094
Epoch 2: loss = 172.14688110351562
Epoch 3: loss = 171.5713348388672
Epoch 4: loss = 171.45721435546875
Epoch 5: loss = 171.4344482421875
Epoch 6: loss = 171.43067932128906
Epoch 7: loss = 171.42962646484375
Epoch 8: loss = 171.42904663085938
Epoch 9: loss = 171.42897033691406
Epoch 10: loss = 171.42892456054688
Epoch 11: loss = 171.42889404296875
Epoch 12: loss = 171.42889404296875
Epoch 13: loss = 171.42886352539062
Epoch 14: loss = 171.4288330078125
Epoch 0: loss = -1054.6455078125
Epoch 1: loss = -1054.6455078125
Epoch 2: loss = -1054.647216796875
Epoch 3: loss = -1054.647216796875
Epoch 4: loss = -1054.647216796875
Epoch 5: loss = -1054.647216796875
Epoch 6: loss = -1054.647216796875
Epoch 7: loss = -1054.647216796875
Early stopping at epoch 7 with loss -1054.647216796875
Reconstruction for fluence = 183298.07108324335 photons/pixel
Epoch 0: loss = 1733637.75
Epoch 1: loss = 431.32440185546875
Epoch 2: loss = 404.3883972167969
Epoch 3: loss = 401.27069091796875
Epoch 4: loss = 400.650634765625
Epoch 5: loss = 400.5220947265625
Epoch 6: loss = 400.4984130859375
Epoch 7: loss = 400.4922790527344
Epoch 8: loss = 400.48834228515625
Epoch 9: loss = 400.48663330078125
Epoch 10: loss = 400.486328125
Epoch 11: loss = 400.4862060546875
Epoch 12: loss = 400.4859619140625
Epoch 13: loss = 400.48590087890625
Epoch 14: loss = 400.48590087890625
Epoch 0: loss = -2805.00537109375
Epoch 1: loss = -2805.00537109375
Epoch 2: loss = -2805.00634765625
Epoch 3: loss = -2805.0068359375
Epoch 4: loss = -2805.0068359375
Epoch 5: loss = -2805.0068359375
Epoch 6: loss = -2805.0068359375
Epoch 7: loss = -2805.0068359375
Epoch 8: loss = -2805.0068359375
Early stopping at epoch 8 with loss -2805.0068359375
Reconstruction for fluence = 428133.2398719387 photons/pixel
Epoch 0: loss = 9457688.0
Epoch 1: loss = 1107.376708984375
Epoch 2: loss = 960.4886474609375
Epoch 3: loss = 943.4315795898438
Epoch 4: loss = 940.0557250976562
Epoch 5: loss = 939.373046875
Epoch 6: loss = 939.2391967773438
Epoch 7: loss = 939.1990356445312
Epoch 8: loss = 939.1760864257812
Epoch 9: loss = 939.16748046875
Epoch 10: loss = 939.16162109375
Epoch 11: loss = 939.1605224609375
Epoch 12: loss = 939.160400390625
Epoch 13: loss = 939.1602783203125
Epoch 14: loss = 939.16015625
Epoch 0: loss = -7349.2900390625
Epoch 1: loss = -7349.2900390625
Epoch 2: loss = -7349.291015625
Epoch 3: loss = -7349.29150390625
Epoch 4: loss = -7349.29150390625
Epoch 5: loss = -7349.2919921875
Epoch 6: loss = -7349.2919921875
Epoch 7: loss = -7349.29150390625
Epoch 8: loss = -7349.29150390625
Epoch 9: loss = -7349.29150390625
Epoch 10: loss = -7349.29150390625
Early stopping at epoch 10 with loss -7349.2919921875
Reconstruction for fluence = 1000000.0 photons/pixel
Epoch 0: loss = 51593256.0
Epoch 1: loss = 3100.28173828125
Epoch 2: loss = 2304.419677734375
Epoch 3: loss = 2211.67822265625
Epoch 4: loss = 2193.01220703125
Epoch 5: loss = 2189.200927734375
Epoch 6: loss = 2188.55126953125
Epoch 7: loss = 2188.360595703125
Epoch 8: loss = 2188.267822265625
Epoch 9: loss = 2188.221435546875
Epoch 10: loss = 2188.2021484375
Epoch 11: loss = 2188.197021484375
Epoch 12: loss = 2188.1962890625
Epoch 13: loss = 2188.1962890625
Epoch 14: loss = 2188.195556640625
Epoch 0: loss = -19030.05859375
Epoch 1: loss = -19030.05859375
Epoch 2: loss = -19030.05859375
Epoch 3: loss = -19030.05859375
Epoch 4: loss = -19030.05859375
Epoch 5: loss = -19030.060546875
Epoch 6: loss = -19030.060546875
Epoch 7: loss = -19030.060546875
Epoch 8: loss = -19030.060546875
Epoch 9: loss = -19030.060546875
Epoch 10: loss = -19030.060546875
Early stopping at epoch 10 with loss -19030.060546875
Simulation for n_modes=6 and n_fluences=20 completed!
