Running simulation for steps_size=11 and n_fluences=20
Steps size: 11
Tensors initialization on device cuda
Multiprobe = band_lim
torch.Size([1, 64, 64])

('MSE', None) RECONSTRUCTIONS

Reconstruction for fluence = 0.09999999999999999 photons/pixel
Epoch 0: loss = 0.037651922553777695
Epoch 1: loss = 0.020556123927235603
Epoch 2: loss = 0.020512882620096207
Epoch 3: loss = 0.020512882620096207
Epoch 4: loss = 0.020512882620096207
Epoch 5: loss = 0.020512882620096207
Epoch 6: loss = 0.020512882620096207
Early stopping at epoch 6 with loss 0.020556123927235603
Reconstruction for fluence = 0.23357214690901223 photons/pixel
Epoch 0: loss = 0.1254776269197464
Epoch 1: loss = 0.046434782445430756
Epoch 2: loss = 0.04626800864934921
Epoch 3: loss = 0.04626418277621269
Epoch 4: loss = 0.04626418277621269
Epoch 5: loss = 0.04626418277621269
Epoch 6: loss = 0.04626418277621269
Epoch 7: loss = 0.04626418277621269
Early stopping at epoch 7 with loss 0.04626800864934921
Reconstruction for fluence = 0.5455594781168519 photons/pixel
Epoch 0: loss = 0.5116369724273682
Epoch 1: loss = 0.11044912785291672
Epoch 2: loss = 0.10975746065378189
Epoch 3: loss = 0.10973889380693436
Epoch 4: loss = 0.10973819345235825
Epoch 5: loss = 0.10973819345235825
Epoch 6: loss = 0.10973819345235825
Epoch 7: loss = 0.10973819345235825
Early stopping at epoch 7 with loss 0.10975746065378189
Reconstruction for fluence = 1.2742749857031335 photons/pixel
Epoch 0: loss = 2.341014862060547
Epoch 1: loss = 0.25727954506874084
Epoch 2: loss = 0.2551713287830353
Epoch 3: loss = 0.2550705373287201
Epoch 4: loss = 0.25506359338760376
Epoch 5: loss = 0.2550632953643799
Epoch 6: loss = 0.2550632059574127
Epoch 7: loss = 0.25506314635276794
Epoch 8: loss = 0.25506308674812317
Early stopping at epoch 8 with loss 0.2550705373287201
Reconstruction for fluence = 2.976351441631318 photons/pixel
Epoch 0: loss = 11.608044624328613
Epoch 1: loss = 0.5770317316055298
Epoch 2: loss = 0.5692886710166931
Epoch 3: loss = 0.5688222050666809
Epoch 4: loss = 0.5687806010246277
Epoch 5: loss = 0.5687767863273621
Epoch 6: loss = 0.5687764286994934
Epoch 7: loss = 0.5687755942344666
Epoch 8: loss = 0.5687755942344666
Early stopping at epoch 8 with loss 0.5688222050666809
Reconstruction for fluence = 6.9519279617756045 photons/pixel
Epoch 0: loss = 61.834228515625
Epoch 1: loss = 1.3717025518417358
Epoch 2: loss = 1.3381282091140747
Epoch 3: loss = 1.3357603549957275
Epoch 4: loss = 1.3354816436767578
Epoch 5: loss = 1.3354380130767822
Epoch 6: loss = 1.3354312181472778
Epoch 7: loss = 1.3354307413101196
Epoch 8: loss = 1.335430383682251
Epoch 9: loss = 1.335429310798645
Early stopping at epoch 9 with loss 1.3354816436767578
Reconstruction for fluence = 16.23776739188721 photons/pixel
Epoch 0: loss = 330.0462951660156
Epoch 1: loss = 3.095659017562866
Epoch 2: loss = 2.989797592163086
Epoch 3: loss = 2.9801793098449707
Epoch 4: loss = 2.978551149368286
Epoch 5: loss = 2.9781007766723633
Epoch 6: loss = 2.978032112121582
Epoch 7: loss = 2.9780027866363525
Epoch 8: loss = 2.977999687194824
Epoch 9: loss = 2.9779980182647705
Epoch 10: loss = 2.977996826171875
Epoch 11: loss = 2.9779961109161377
Epoch 12: loss = 2.9779953956604004
Epoch 13: loss = 2.977994441986084
Early stopping at epoch 13 with loss 2.977999687194824
Reconstruction for fluence = 37.926901907322495 photons/pixel
Epoch 0: loss = 1790.5657958984375
Epoch 1: loss = 7.299806594848633
Epoch 2: loss = 6.899010181427002
Epoch 3: loss = 6.864733695983887
Epoch 4: loss = 6.857770919799805
Epoch 5: loss = 6.856142044067383
Epoch 6: loss = 6.855676174163818
Epoch 7: loss = 6.855526447296143
Epoch 8: loss = 6.855467319488525
Epoch 9: loss = 6.8554511070251465
Epoch 10: loss = 6.855443954467773
Epoch 11: loss = 6.855441570281982
Epoch 12: loss = 6.855440616607666
Early stopping at epoch 12 with loss 6.855526447296143
Reconstruction for fluence = 88.58667904100822 photons/pixel
Epoch 0: loss = 9732.734375
Epoch 1: loss = 18.433059692382812
Epoch 2: loss = 16.543853759765625
Epoch 3: loss = 16.402751922607422
Epoch 4: loss = 16.373437881469727
Epoch 5: loss = 16.36482810974121
Epoch 6: loss = 16.36263656616211
Epoch 7: loss = 16.36165428161621
Epoch 8: loss = 16.3612003326416
Epoch 9: loss = 16.36101531982422
Epoch 10: loss = 16.360952377319336
Epoch 11: loss = 16.36091423034668
Epoch 12: loss = 16.360910415649414
Epoch 13: loss = 16.360898971557617
Epoch 14: loss = 16.36089515686035
Epoch 15: loss = 16.360889434814453
Epoch 16: loss = 16.36088752746582
Early stopping at epoch 16 with loss 16.36091423034668
Reconstruction for fluence = 206.9138081114788 photons/pixel
Epoch 0: loss = 53051.58203125
Epoch 1: loss = 46.80595016479492
Epoch 2: loss = 38.66357421875
Epoch 3: loss = 38.18202209472656
Epoch 4: loss = 38.07819366455078
Epoch 5: loss = 38.0474739074707
Epoch 6: loss = 38.038818359375
Epoch 7: loss = 38.03313064575195
Epoch 8: loss = 38.03099822998047
Epoch 9: loss = 38.02972412109375
Epoch 10: loss = 38.029170989990234
Epoch 11: loss = 38.02892303466797
Epoch 12: loss = 38.02881622314453
Epoch 13: loss = 38.0287971496582
Epoch 14: loss = 38.028785705566406
Epoch 15: loss = 38.028770446777344
Epoch 16: loss = 38.02876663208008
Epoch 17: loss = 38.02876663208008
Early stopping at epoch 17 with loss 38.02881622314453
Reconstruction for fluence = 483.2930238571752 photons/pixel
Epoch 0: loss = 289319.375
Epoch 1: loss = 130.2742156982422
Epoch 2: loss = 88.7352523803711
Epoch 3: loss = 86.6970443725586
Epoch 4: loss = 86.28178405761719
Epoch 5: loss = 86.15717315673828
Epoch 6: loss = 86.1172866821289
Epoch 7: loss = 86.09947967529297
Epoch 8: loss = 86.0895004272461
Epoch 9: loss = 86.08409881591797
Epoch 10: loss = 86.08121490478516
Epoch 11: loss = 86.07981872558594
Epoch 12: loss = 86.0791244506836
Epoch 13: loss = 86.07866668701172
Epoch 14: loss = 86.07856750488281
Epoch 15: loss = 86.07850646972656
Epoch 16: loss = 86.07847595214844
Epoch 17: loss = 86.0784683227539
Epoch 18: loss = 86.07833099365234
Epoch 19: loss = 86.0782699584961
Epoch 20: loss = 86.07823944091797
Epoch 21: loss = 86.0782241821289
Epoch 22: loss = 86.0782241821289
Epoch 23: loss = 86.07817840576172
Epoch 24: loss = 86.07817840576172
Epoch 25: loss = 86.07816314697266
Epoch 26: loss = 86.07817077636719
Early stopping at epoch 26 with loss 86.0782241821289
Reconstruction for fluence = 1128.8378916846884 photons/pixel
Epoch 0: loss = 1578500.25
Epoch 1: loss = 431.5631408691406
Epoch 2: loss = 223.9755859375
Epoch 3: loss = 208.22308349609375
Epoch 4: loss = 206.5720977783203
Epoch 5: loss = 206.05435180664062
Epoch 6: loss = 205.88279724121094
Epoch 7: loss = 205.8001251220703
Epoch 8: loss = 205.7597198486328
Epoch 9: loss = 205.73756408691406
Epoch 10: loss = 205.72634887695312
Epoch 11: loss = 205.7207794189453
Epoch 12: loss = 205.7176055908203
Epoch 13: loss = 205.7157745361328
Epoch 14: loss = 205.7151336669922
Epoch 15: loss = 205.7144317626953
Epoch 16: loss = 205.71435546875
Epoch 17: loss = 205.7140655517578
Epoch 18: loss = 205.71383666992188
Epoch 19: loss = 205.7135772705078
Epoch 20: loss = 205.71339416503906
Epoch 21: loss = 205.71339416503906
Epoch 22: loss = 205.7132110595703
Epoch 23: loss = 205.7132110595703
Epoch 24: loss = 205.71315002441406
Epoch 25: loss = 205.71315002441406
Epoch 26: loss = 205.71315002441406
Epoch 27: loss = 205.71304321289062
Epoch 28: loss = 205.71302795410156
Epoch 29: loss = 205.71302795410156
Epoch 30: loss = 205.7130126953125
Epoch 31: loss = 205.71299743652344
Epoch 32: loss = 205.7129669189453
Early stopping at epoch 32 with loss 205.71304321289062
Reconstruction for fluence = 2636.6508987303555 photons/pixel
Epoch 0: loss = 8609100.0
Epoch 1: loss = 1689.2896728515625
Epoch 2: loss = 535.0762939453125
Epoch 3: loss = 493.6867980957031
Epoch 4: loss = 485.3390197753906
Epoch 5: loss = 482.9998474121094
Epoch 6: loss = 482.28277587890625
Epoch 7: loss = 481.93115234375
Epoch 8: loss = 481.7580871582031
Epoch 9: loss = 481.66217041015625
Epoch 10: loss = 481.6150207519531
Epoch 11: loss = 481.5904846191406
Epoch 12: loss = 481.5782470703125
Epoch 13: loss = 481.5709228515625
Epoch 14: loss = 481.56683349609375
Epoch 15: loss = 481.5647277832031
Epoch 16: loss = 481.56390380859375
Epoch 17: loss = 481.5627136230469
Epoch 18: loss = 481.55999755859375
Epoch 19: loss = 481.55859375
Epoch 20: loss = 481.55804443359375
Epoch 21: loss = 481.55767822265625
Epoch 22: loss = 481.55706787109375
Epoch 23: loss = 481.5570373535156
Epoch 24: loss = 481.55706787109375
Epoch 25: loss = 481.5570373535156
Epoch 26: loss = 481.5568542480469
Epoch 27: loss = 481.5568542480469
Epoch 28: loss = 481.5568542480469
Epoch 29: loss = 481.5567626953125
Epoch 30: loss = 481.556640625
Epoch 31: loss = 481.556640625
Epoch 32: loss = 481.556640625
Epoch 33: loss = 481.5567626953125
Epoch 34: loss = 481.556640625
Epoch 35: loss = 481.556640625
Early stopping at epoch 35 with loss 481.556640625
Reconstruction for fluence = 6158.482110660255 photons/pixel
Epoch 0: loss = 46973220.0
Epoch 1: loss = 7684.53466796875
Epoch 2: loss = 1403.9722900390625
Epoch 3: loss = 1182.05322265625
Epoch 4: loss = 1141.1402587890625
Epoch 5: loss = 1129.6092529296875
Epoch 6: loss = 1125.9144287109375
Epoch 7: loss = 1124.243408203125
Epoch 8: loss = 1123.403564453125
Epoch 9: loss = 1122.9466552734375
Epoch 10: loss = 1122.7161865234375
Epoch 11: loss = 1122.5970458984375
Epoch 12: loss = 1122.5318603515625
Epoch 13: loss = 1122.4945068359375
Epoch 14: loss = 1122.46875
Epoch 15: loss = 1122.4537353515625
Epoch 16: loss = 1122.4468994140625
Epoch 17: loss = 1122.4459228515625
Epoch 18: loss = 1122.4425048828125
Epoch 19: loss = 1122.4403076171875
Epoch 20: loss = 1122.4400634765625
Epoch 21: loss = 1122.4385986328125
Epoch 22: loss = 1122.437744140625
Epoch 23: loss = 1122.437744140625
Epoch 24: loss = 1122.437744140625
Epoch 25: loss = 1122.4365234375
Epoch 26: loss = 1122.4351806640625
Epoch 27: loss = 1122.433837890625
Epoch 28: loss = 1122.4342041015625
Epoch 29: loss = 1122.433349609375
Epoch 30: loss = 1122.433349609375
Epoch 31: loss = 1122.433349609375
Epoch 32: loss = 1122.433349609375
Epoch 33: loss = 1122.433349609375
Epoch 34: loss = 1122.433349609375
Early stopping at epoch 34 with loss 1122.433349609375
Reconstruction for fluence = 14384.498882876629 photons/pixel
Epoch 0: loss = 256231376.0
Epoch 1: loss = 37841.98828125
Epoch 2: loss = 4339.88525390625
Epoch 3: loss = 3009.6650390625
Epoch 4: loss = 2771.115234375
Epoch 5: loss = 2704.372314453125
Epoch 6: loss = 2682.95458984375
Epoch 7: loss = 2674.816650390625
Epoch 8: loss = 2670.385009765625
Epoch 9: loss = 2668.274658203125
Epoch 10: loss = 2667.195068359375
Epoch 11: loss = 2666.663330078125
Epoch 12: loss = 2666.417236328125
Epoch 13: loss = 2666.259033203125
Epoch 14: loss = 2666.149658203125
Epoch 15: loss = 2666.08447265625
Epoch 16: loss = 2666.04541015625
Epoch 17: loss = 2666.033447265625
Epoch 18: loss = 2666.030517578125
Epoch 19: loss = 2666.018798828125
Epoch 20: loss = 2666.005615234375
Epoch 21: loss = 2666.005126953125
Epoch 22: loss = 2665.996826171875
Epoch 23: loss = 2665.995361328125
Epoch 24: loss = 2665.99169921875
Epoch 25: loss = 2665.99072265625
Epoch 26: loss = 2665.989990234375
Epoch 27: loss = 2665.989990234375
Epoch 28: loss = 2665.989501953125
Epoch 29: loss = 2665.98974609375
Epoch 30: loss = 2665.989501953125
Epoch 31: loss = 2665.989501953125
Epoch 32: loss = 2665.988037109375
Epoch 33: loss = 2665.987548828125
Epoch 34: loss = 2665.989990234375
Epoch 35: loss = 2665.9892578125
Epoch 36: loss = 2665.98974609375
Epoch 37: loss = 2665.989990234375
Epoch 38: loss = 2665.99072265625
Early stopping at epoch 38 with loss 2665.987548828125
Reconstruction for fluence = 33598.18286283781 photons/pixel
Epoch 0: loss = 1397918592.0
Epoch 1: loss = 196503.328125
Epoch 2: loss = 14614.17578125
Epoch 3: loss = 7865.03466796875
Epoch 4: loss = 6694.17333984375
Epoch 5: loss = 6345.73388671875
Epoch 6: loss = 6239.38720703125
Epoch 7: loss = 6193.14306640625
Epoch 8: loss = 6171.67041015625
Epoch 9: loss = 6161.03173828125
Epoch 10: loss = 6155.55712890625
Epoch 11: loss = 6152.63037109375
Epoch 12: loss = 6151.38525390625
Epoch 13: loss = 6150.6162109375
Epoch 14: loss = 6150.03173828125
Epoch 15: loss = 6149.68359375
Epoch 16: loss = 6149.478515625
Epoch 17: loss = 6149.359375
Epoch 18: loss = 6149.28466796875
Epoch 19: loss = 6149.2265625
Epoch 20: loss = 6149.18798828125
Epoch 21: loss = 6149.16552734375
Epoch 22: loss = 6149.15966796875
Epoch 23: loss = 6149.15234375
Epoch 24: loss = 6149.15087890625
Epoch 25: loss = 6149.13232421875
Epoch 26: loss = 6149.13818359375
Epoch 27: loss = 6149.1435546875
Epoch 28: loss = 6149.1396484375
Epoch 29: loss = 6149.13916015625
Epoch 30: loss = 6149.13916015625
Early stopping at epoch 30 with loss 6149.13232421875
Reconstruction for fluence = 78475.99703514607 photons/pixel
Epoch 0: loss = 7625945600.0
Epoch 1: loss = 1057834.875
Epoch 2: loss = 61643.8046875
Epoch 3: loss = 24669.994140625
Epoch 4: loss = 17693.265625
Epoch 5: loss = 15560.111328125
Epoch 6: loss = 14946.517578125
Epoch 7: loss = 14681.376953125
Epoch 8: loss = 14544.58984375
Epoch 9: loss = 14481.0634765625
Epoch 10: loss = 14452.0283203125
Epoch 11: loss = 14437.009765625
Epoch 12: loss = 14429.0439453125
Epoch 13: loss = 14424.701171875
Epoch 14: loss = 14421.7412109375
Epoch 15: loss = 14420.0927734375
Epoch 16: loss = 14419.103515625
Epoch 17: loss = 14418.560546875
Epoch 18: loss = 14418.560546875
Epoch 19: loss = 14418.2236328125
Epoch 20: loss = 14417.9775390625
Epoch 21: loss = 14417.8369140625
Epoch 22: loss = 14417.751953125
Epoch 23: loss = 14417.6923828125
Epoch 24: loss = 14417.6796875
Epoch 25: loss = 14417.6650390625
Epoch 26: loss = 14417.6630859375
Epoch 27: loss = 14417.6220703125
Epoch 28: loss = 14417.6240234375
Epoch 29: loss = 14417.607421875
Epoch 30: loss = 14417.625
Epoch 31: loss = 14417.6064453125
Epoch 32: loss = 14417.603515625
Epoch 33: loss = 14417.5908203125
Epoch 34: loss = 14417.5888671875
Epoch 35: loss = 14417.6025390625
Epoch 36: loss = 14417.6025390625
Epoch 37: loss = 14417.578125
Epoch 38: loss = 14417.5732421875
Epoch 39: loss = 14417.6064453125
Epoch 40: loss = 14417.6064453125
Epoch 41: loss = 14417.619140625
Epoch 42: loss = 14417.61328125
Epoch 43: loss = 14417.6220703125
Early stopping at epoch 43 with loss 14417.5732421875
Reconstruction for fluence = 183298.07108324335 photons/pixel
Epoch 0: loss = 41606041600.0
Epoch 1: loss = 5680565.5
Epoch 2: loss = 363913.90625
Epoch 3: loss = 90159.875
Epoch 4: loss = 50994.05078125
Epoch 5: loss = 39722.57421875
Epoch 6: loss = 36414.28125
Epoch 7: loss = 34976.96875
Epoch 8: loss = 34272.5703125
Epoch 9: loss = 33946.7265625
Epoch 10: loss = 33777.7734375
Epoch 11: loss = 33698.0234375
Epoch 12: loss = 33656.00390625
Epoch 13: loss = 33631.359375
Epoch 14: loss = 33615.12109375
Epoch 15: loss = 33605.57421875
Epoch 16: loss = 33600.078125
Epoch 17: loss = 33596.93359375
Epoch 18: loss = 33596.6171875
Epoch 19: loss = 33594.484375
Epoch 20: loss = 33593.171875
Epoch 21: loss = 33592.3828125
Epoch 22: loss = 33592.20703125
Epoch 23: loss = 33591.78515625
Epoch 24: loss = 33591.765625
Epoch 25: loss = 33591.58203125
Epoch 26: loss = 33591.58203125
Epoch 27: loss = 33591.28125
Epoch 28: loss = 33591.40234375
Epoch 29: loss = 33591.3671875
Epoch 30: loss = 33591.1640625
Epoch 31: loss = 33591.23046875
Epoch 32: loss = 33591.17578125
Epoch 33: loss = 33591.140625
Epoch 34: loss = 33591.3046875
Epoch 35: loss = 33591.20703125
Epoch 36: loss = 33591.24609375
Epoch 37: loss = 33591.20703125
Epoch 38: loss = 33591.1796875
Early stopping at epoch 38 with loss 33591.140625
Reconstruction for fluence = 428133.2398719387 photons/pixel
Epoch 0: loss = 226990374912.0
Epoch 1: loss = 30913002.0
Epoch 2: loss = 1463384.125
Epoch 3: loss = 366072.9375
Epoch 4: loss = 178532.203125
Epoch 5: loss = 112014.75
Epoch 6: loss = 94402.0546875
Epoch 7: loss = 86689.71875
Epoch 8: loss = 83039.78125
Epoch 9: loss = 81242.9296875
Epoch 10: loss = 80435.203125
Epoch 11: loss = 80039.359375
Epoch 12: loss = 79841.4765625
Epoch 13: loss = 79715.1171875
Epoch 14: loss = 79640.0
Epoch 15: loss = 79597.828125
Epoch 16: loss = 79571.65625
Epoch 17: loss = 79558.0390625
Epoch 18: loss = 79548.4453125
Epoch 19: loss = 79542.6796875
Epoch 20: loss = 79538.9140625
Epoch 21: loss = 79536.4375
Epoch 22: loss = 79535.078125
Epoch 23: loss = 79534.90625
Epoch 24: loss = 79534.296875
Epoch 25: loss = 79533.7265625
Epoch 26: loss = 79533.1015625
Epoch 27: loss = 79533.5390625
Epoch 28: loss = 79533.1796875
Epoch 29: loss = 79533.296875
Epoch 30: loss = 79532.8125
Epoch 31: loss = 79532.9375
Epoch 32: loss = 79533.3046875
Epoch 33: loss = 79532.9765625
Epoch 34: loss = 79532.8828125
Epoch 35: loss = 79533.0546875
Early stopping at epoch 35 with loss 79532.8125
Reconstruction for fluence = 1000000.0 photons/pixel
Epoch 0: loss = 1238371401728.0
Epoch 1: loss = 168376384.0
Epoch 2: loss = 7678441.0
Epoch 3: loss = 1749976.625
Epoch 4: loss = 674720.25
Epoch 5: loss = 362111.4375
Epoch 6: loss = 266738.28125
Epoch 7: loss = 225941.03125
Epoch 8: loss = 207770.84375
Epoch 9: loss = 198479.765625
Epoch 10: loss = 193985.375
Epoch 11: loss = 191749.421875
Epoch 12: loss = 190551.828125
Epoch 13: loss = 189865.828125
Epoch 14: loss = 189434.890625
Epoch 15: loss = 189176.875
Epoch 16: loss = 189030.078125
Epoch 17: loss = 188943.078125
Epoch 18: loss = 188886.921875
Epoch 19: loss = 188850.0625
Epoch 20: loss = 188829.0625
Epoch 21: loss = 188825.078125
Epoch 22: loss = 188813.953125
Epoch 23: loss = 188805.96875
Epoch 24: loss = 188803.5
Epoch 25: loss = 188799.671875
Epoch 26: loss = 188796.96875
Epoch 27: loss = 188794.84375
Epoch 28: loss = 188793.390625
Epoch 29: loss = 188793.109375
Epoch 30: loss = 188793.21875
Epoch 31: loss = 188793.453125
Epoch 32: loss = 188793.546875
Epoch 33: loss = 188792.453125
Epoch 34: loss = 188793.046875
Epoch 35: loss = 188793.65625
Epoch 36: loss = 188793.34375
Epoch 37: loss = 188794.640625
Epoch 38: loss = 188792.1875
Epoch 39: loss = 188792.375
Epoch 40: loss = 188792.265625
Epoch 41: loss = 188790.203125
Epoch 42: loss = 188791.828125
Epoch 43: loss = 188791.71875
Epoch 44: loss = 188791.78125
Epoch 45: loss = 188792.96875
Epoch 46: loss = 188791.78125
Early stopping at epoch 46 with loss 188790.203125
Tensors initialization on device cuda
Multiprobe = band_lim
torch.Size([1, 64, 64])

('MSE', 'PoissonNLL') RECONSTRUCTIONS

Reconstruction for fluence = 0.09999999999999999 photons/pixel
Epoch 0: loss = 0.037108082324266434
Epoch 1: loss = 0.020433008670806885
Epoch 2: loss = 0.020394103601574898
Epoch 3: loss = 0.020394103601574898
Epoch 4: loss = 0.020394103601574898
Epoch 5: loss = 0.020394103601574898
Epoch 6: loss = 0.020394103601574898
Early stopping at epoch 6 with loss 0.020433008670806885
Epoch 0: loss = 0.06916830688714981
Epoch 1: loss = 0.056217506527900696
Epoch 2: loss = 0.05619026720523834
Epoch 3: loss = 0.0561901330947876
Epoch 4: loss = 0.0561901330947876
Epoch 5: loss = 0.0561901330947876
Epoch 6: loss = 0.0561901330947876
Early stopping at epoch 6 with loss 0.056217506527900696
Reconstruction for fluence = 0.23357214690901223 photons/pixel
Epoch 0: loss = 0.11999792605638504
Epoch 1: loss = 0.04692397639155388
Epoch 2: loss = 0.04679238796234131
Epoch 3: loss = 0.04679016396403313
Epoch 4: loss = 0.04679016396403313
Epoch 5: loss = 0.04679016396403313
Epoch 6: loss = 0.04679016396403313
Epoch 7: loss = 0.04679016396403313
Early stopping at epoch 7 with loss 0.04679238796234131
Epoch 0: loss = 0.10502856224775314
Epoch 1: loss = 0.08626582473516464
Epoch 2: loss = 0.08624681085348129
Epoch 3: loss = 0.08624646812677383
Epoch 4: loss = 0.08624646812677383
Epoch 5: loss = 0.08624646812677383
Epoch 6: loss = 0.08624646812677383
Early stopping at epoch 6 with loss 0.08626582473516464
Reconstruction for fluence = 0.5455594781168519 photons/pixel
Epoch 0: loss = 0.47153738141059875
Epoch 1: loss = 0.11241262406110764
Epoch 2: loss = 0.11198750138282776
Epoch 3: loss = 0.1119745597243309
Epoch 4: loss = 0.11197444051504135
Epoch 5: loss = 0.11197439581155777
Epoch 6: loss = 0.11197439581155777
Epoch 7: loss = 0.11197437345981598
Early stopping at epoch 7 with loss 0.11198750138282776
Epoch 0: loss = 0.12149698287248611
Epoch 1: loss = 0.093436099588871
Epoch 2: loss = 0.09336409717798233
Epoch 3: loss = 0.09334959089756012
Epoch 4: loss = 0.0933472290635109
Epoch 5: loss = 0.09334579855203629
Epoch 6: loss = 0.09334484487771988
Early stopping at epoch 6 with loss 0.093436099588871
Reconstruction for fluence = 1.2742749857031335 photons/pixel
Epoch 0: loss = 2.1744256019592285
Epoch 1: loss = 0.25316816568374634
Epoch 2: loss = 0.251325786113739
Epoch 3: loss = 0.2512439787387848
Epoch 4: loss = 0.2512414753437042
Epoch 5: loss = 0.25124138593673706
Epoch 6: loss = 0.25124138593673706
Epoch 7: loss = 0.2512413561344147
Early stopping at epoch 7 with loss 0.251325786113739
Epoch 0: loss = 0.0029607927426695824
Epoch 1: loss = -0.03847137466073036
Epoch 2: loss = -0.03857123479247093
Epoch 3: loss = -0.038585055619478226
Epoch 4: loss = -0.038602493703365326
Epoch 5: loss = -0.03860797360539436
Epoch 6: loss = -0.038613174110651016
Epoch 7: loss = -0.03862277790904045
Epoch 8: loss = -0.03862922638654709
Early stopping at epoch 8 with loss -0.038585055619478226
Reconstruction for fluence = 2.976351441631318 photons/pixel
Epoch 0: loss = 10.688895225524902
Epoch 1: loss = 0.58320152759552
Epoch 2: loss = 0.576980710029602
Epoch 3: loss = 0.5765928626060486
Epoch 4: loss = 0.576562225818634
Epoch 5: loss = 0.576560914516449
Epoch 6: loss = 0.5765606164932251
Epoch 7: loss = 0.5765603184700012
Epoch 8: loss = 0.5765603184700012
Early stopping at epoch 8 with loss 0.5765928626060486
Epoch 0: loss = -0.6628962159156799
Epoch 1: loss = -0.7198697328567505
Epoch 2: loss = -0.720018208026886
Epoch 3: loss = -0.7200467586517334
Epoch 4: loss = -0.7200585603713989
Epoch 5: loss = -0.7200587391853333
Epoch 6: loss = -0.7200588583946228
Epoch 7: loss = -0.7200591564178467
Early stopping at epoch 7 with loss -0.720018208026886
Reconstruction for fluence = 6.9519279617756045 photons/pixel
Epoch 0: loss = 56.43758773803711
Epoch 1: loss = 1.3835395574569702
Epoch 2: loss = 1.3542333841323853
Epoch 3: loss = 1.3522613048553467
Epoch 4: loss = 1.3520084619522095
Epoch 5: loss = 1.3519843816757202
Epoch 6: loss = 1.351982593536377
Epoch 7: loss = 1.3519822359085083
Epoch 8: loss = 1.3519821166992188
Epoch 9: loss = 1.3519821166992188
Early stopping at epoch 9 with loss 1.3520084619522095
Epoch 0: loss = -3.040498971939087
Epoch 1: loss = -3.120020866394043
Epoch 2: loss = -3.1204311847686768
Epoch 3: loss = -3.1204655170440674
Epoch 4: loss = -3.1204729080200195
Epoch 5: loss = -3.1204731464385986
Epoch 6: loss = -3.1204731464385986
Epoch 7: loss = -3.1204731464385986
Early stopping at epoch 7 with loss -3.1204311847686768
Reconstruction for fluence = 16.23776739188721 photons/pixel
Epoch 0: loss = 301.82427978515625
Epoch 1: loss = 3.1937191486358643
Epoch 2: loss = 3.1063311100006104
Epoch 3: loss = 3.0975334644317627
Epoch 4: loss = 3.0964536666870117
Epoch 5: loss = 3.096273422241211
Epoch 6: loss = 3.096245527267456
Epoch 7: loss = 3.096242666244507
Epoch 8: loss = 3.0962421894073486
Epoch 9: loss = 3.0962414741516113
Epoch 10: loss = 3.096240997314453
Early stopping at epoch 10 with loss 3.096273422241211
Epoch 0: loss = -10.628268241882324
Epoch 1: loss = -10.733491897583008
Epoch 2: loss = -10.73415470123291
Epoch 3: loss = -10.734301567077637
Epoch 4: loss = -10.7343111038208
Epoch 5: loss = -10.734313011169434
Epoch 6: loss = -10.734313011169434
Epoch 7: loss = -10.73431396484375
Epoch 8: loss = -10.734326362609863
Early stopping at epoch 8 with loss -10.734301567077637
Reconstruction for fluence = 37.926901907322495 photons/pixel
Epoch 0: loss = 1628.9957275390625
Epoch 1: loss = 7.556898593902588
Epoch 2: loss = 7.18947172164917
Epoch 3: loss = 7.156919002532959
Epoch 4: loss = 7.150732517242432
Epoch 5: loss = 7.149387836456299
Epoch 6: loss = 7.149115562438965
Epoch 7: loss = 7.14903450012207
Epoch 8: loss = 7.149013042449951
Epoch 9: loss = 7.149011611938477
Epoch 10: loss = 7.14901065826416
Epoch 11: loss = 7.149008750915527
Epoch 12: loss = 7.149007320404053
Epoch 13: loss = 7.149006366729736
Early stopping at epoch 13 with loss 7.149013042449951
Epoch 0: loss = -32.987091064453125
Epoch 1: loss = -33.1240348815918
Epoch 2: loss = -33.12459182739258
Epoch 3: loss = -33.1246223449707
Epoch 4: loss = -33.124629974365234
Epoch 5: loss = -33.124637603759766
Epoch 6: loss = -33.12464141845703
Epoch 7: loss = -33.12464141845703
Early stopping at epoch 7 with loss -33.12459182739258
Reconstruction for fluence = 88.58667904100822 photons/pixel
Epoch 0: loss = 8878.533203125
Epoch 1: loss = 18.53495216369629
Epoch 2: loss = 16.996707916259766
Epoch 3: loss = 16.888002395629883
Epoch 4: loss = 16.86366081237793
Epoch 5: loss = 16.857458114624023
Epoch 6: loss = 16.85587501525879
Epoch 7: loss = 16.85528564453125
Epoch 8: loss = 16.855056762695312
Epoch 9: loss = 16.854990005493164
Epoch 10: loss = 16.8549747467041
Epoch 11: loss = 16.85496711730957
Epoch 12: loss = 16.854955673217773
Epoch 13: loss = 16.854949951171875
Epoch 14: loss = 16.854949951171875
Epoch 0: loss = -95.9240493774414
Epoch 1: loss = -96.0978775024414
Epoch 2: loss = -96.0984878540039
Epoch 3: loss = -96.09849548339844
Epoch 4: loss = -96.09849548339844
Epoch 5: loss = -96.09850311279297
Epoch 6: loss = -96.0985107421875
Epoch 7: loss = -96.0985107421875
Early stopping at epoch 7 with loss -96.0984878540039
Reconstruction for fluence = 206.9138081114788 photons/pixel
Epoch 0: loss = 48369.5
Epoch 1: loss = 48.092185974121094
Epoch 2: loss = 39.02214431762695
Epoch 3: loss = 38.609130859375
Epoch 4: loss = 38.51081085205078
Epoch 5: loss = 38.48086929321289
Epoch 6: loss = 38.47255325317383
Epoch 7: loss = 38.46942138671875
Epoch 8: loss = 38.46794128417969
Epoch 9: loss = 38.46723175048828
Epoch 10: loss = 38.46699523925781
Epoch 11: loss = 38.46687698364258
Epoch 12: loss = 38.466861724853516
Epoch 13: loss = 38.46683883666992
Epoch 14: loss = 38.46683120727539
Epoch 0: loss = -267.9911193847656
Epoch 1: loss = -268.21533203125
Epoch 2: loss = -268.2154846191406
Epoch 3: loss = -268.2154846191406
Epoch 4: loss = -268.2154846191406
Epoch 5: loss = -268.2154846191406
Epoch 6: loss = -268.2154846191406
Epoch 7: loss = -268.2154846191406
Early stopping at epoch 7 with loss -268.2154846191406
Reconstruction for fluence = 483.2930238571752 photons/pixel
Epoch 0: loss = 263837.84375
Epoch 1: loss = 143.31088256835938
Epoch 2: loss = 93.4783706665039
Epoch 3: loss = 91.56835174560547
Epoch 4: loss = 91.18794250488281
Epoch 5: loss = 91.0668716430664
Epoch 6: loss = 91.03028869628906
Epoch 7: loss = 91.01451873779297
Epoch 8: loss = 91.00826263427734
Epoch 9: loss = 91.00408172607422
Epoch 10: loss = 91.00240325927734
Epoch 11: loss = 91.00177764892578
Epoch 12: loss = 91.00150299072266
Epoch 13: loss = 91.00128936767578
Epoch 14: loss = 91.00125122070312
Epoch 0: loss = -728.5494384765625
Epoch 1: loss = -728.7982788085938
Epoch 2: loss = -728.7984008789062
Epoch 3: loss = -728.7984008789062
Epoch 4: loss = -728.7984008789062
Epoch 5: loss = -728.7985229492188
Epoch 6: loss = -728.7985229492188
Epoch 7: loss = -728.7985229492188
Epoch 8: loss = -728.7985229492188
Epoch 9: loss = -728.7985229492188
Epoch 10: loss = -728.7985229492188
Early stopping at epoch 10 with loss -728.7985229492188
Reconstruction for fluence = 1128.8378916846884 photons/pixel
Epoch 0: loss = 1437847.625
Epoch 1: loss = 463.29486083984375
Epoch 2: loss = 222.25938415527344
Epoch 3: loss = 211.14474487304688
Epoch 4: loss = 209.44065856933594
Epoch 5: loss = 208.95204162597656
Epoch 6: loss = 208.7874298095703
Epoch 7: loss = 208.72366333007812
Epoch 8: loss = 208.6909942626953
Epoch 9: loss = 208.6754913330078
Epoch 10: loss = 208.6669464111328
Epoch 11: loss = 208.6627197265625
Epoch 12: loss = 208.66091918945312
Epoch 13: loss = 208.6604766845703
Epoch 14: loss = 208.6602325439453
Epoch 0: loss = -1941.9503173828125
Epoch 1: loss = -1942.2408447265625
Epoch 2: loss = -1942.2410888671875
Epoch 3: loss = -1942.2410888671875
Epoch 4: loss = -1942.2413330078125
Epoch 5: loss = -1942.2410888671875
Epoch 6: loss = -1942.2410888671875
Epoch 7: loss = -1942.2410888671875
Epoch 8: loss = -1942.2410888671875
Epoch 9: loss = -1942.2410888671875
Early stopping at epoch 9 with loss -1942.2413330078125
Reconstruction for fluence = 2636.6508987303555 photons/pixel
Epoch 0: loss = 7845059.5
Epoch 1: loss = 1963.357666015625
Epoch 2: loss = 547.8677978515625
Epoch 3: loss = 501.4582824707031
Epoch 4: loss = 493.22076416015625
Epoch 5: loss = 490.8077697753906
Epoch 6: loss = 490.08544921875
Epoch 7: loss = 489.7860412597656
Epoch 8: loss = 489.64892578125
Epoch 9: loss = 489.5802001953125
Epoch 10: loss = 489.5452575683594
Epoch 11: loss = 489.52935791015625
Epoch 12: loss = 489.5211181640625
Epoch 13: loss = 489.5157775878906
Epoch 14: loss = 489.5157775878906
Epoch 0: loss = -5094.20654296875
Epoch 1: loss = -5094.53173828125
Epoch 2: loss = -5094.53173828125
Epoch 3: loss = -5094.53173828125
Epoch 4: loss = -5094.53173828125
Epoch 5: loss = -5094.53173828125
Epoch 6: loss = -5094.53173828125
Early stopping at epoch 6 with loss -5094.53173828125
Reconstruction for fluence = 6158.482110660255 photons/pixel
Epoch 0: loss = 42794012.0
Epoch 1: loss = 8892.9677734375
Epoch 2: loss = 1487.5244140625
Epoch 3: loss = 1228.3128662109375
Epoch 4: loss = 1178.4466552734375
Epoch 5: loss = 1165.87548828125
Epoch 6: loss = 1162.2740478515625
Epoch 7: loss = 1160.7354736328125
Epoch 8: loss = 1160.0230712890625
Epoch 9: loss = 1159.7001953125
Epoch 10: loss = 1159.5386962890625
Epoch 11: loss = 1159.475341796875
Epoch 12: loss = 1159.4234619140625
Epoch 13: loss = 1159.408203125
Epoch 14: loss = 1159.3980712890625
Epoch 0: loss = -13205.17578125
Epoch 1: loss = -13205.51953125
Epoch 2: loss = -13205.51953125
Epoch 3: loss = -13205.5205078125
Epoch 4: loss = -13205.5205078125
Epoch 5: loss = -13205.5205078125
Epoch 6: loss = -13205.5205078125
Epoch 7: loss = -13205.5205078125
Epoch 8: loss = -13205.5205078125
Early stopping at epoch 8 with loss -13205.5205078125
Reconstruction for fluence = 14384.498882876629 photons/pixel
Epoch 0: loss = 233448768.0
Epoch 1: loss = 45902.13671875
Epoch 2: loss = 4389.38818359375
Epoch 3: loss = 2980.642822265625
Epoch 4: loss = 2723.243896484375
Epoch 5: loss = 2655.6435546875
Epoch 6: loss = 2636.264892578125
Epoch 7: loss = 2628.5361328125
Epoch 8: loss = 2624.819580078125
Epoch 9: loss = 2622.9619140625
Epoch 10: loss = 2622.121337890625
Epoch 11: loss = 2621.711669921875
Epoch 12: loss = 2621.49462890625
Epoch 13: loss = 2621.365966796875
Epoch 14: loss = 2621.28564453125
Epoch 0: loss = -33896.23046875
Epoch 1: loss = -33896.56640625
Epoch 2: loss = -33896.5703125
Epoch 3: loss = -33896.5703125
Epoch 4: loss = -33896.5703125
Epoch 5: loss = -33896.5703125
Epoch 6: loss = -33896.5703125
Epoch 7: loss = -33896.5703125
Early stopping at epoch 7 with loss -33896.5703125
Reconstruction for fluence = 33598.18286283781 photons/pixel
Epoch 0: loss = 1273628032.0
Epoch 1: loss = 242673.890625
Epoch 2: loss = 15685.9306640625
Epoch 3: loss = 8133.50537109375
Epoch 4: loss = 6820.3115234375
Epoch 5: loss = 6437.6923828125
Epoch 6: loss = 6337.775390625
Epoch 7: loss = 6291.70556640625
Epoch 8: loss = 6272.25244140625
Epoch 9: loss = 6263.1826171875
Epoch 10: loss = 6258.1220703125
Epoch 11: loss = 6255.99853515625
Epoch 12: loss = 6254.86865234375
Epoch 13: loss = 6254.16015625
Epoch 14: loss = 6253.75830078125
Epoch 0: loss = -86298.8359375
Epoch 1: loss = -86299.1953125
Epoch 2: loss = -86299.1953125
Epoch 3: loss = -86299.1953125
Epoch 4: loss = -86299.1953125
Epoch 5: loss = -86299.1953125
Epoch 6: loss = -86299.203125
Epoch 7: loss = -86299.203125
Epoch 8: loss = -86299.203125
Epoch 9: loss = -86299.203125
Epoch 10: loss = -86299.203125
Epoch 11: loss = -86299.1953125
Early stopping at epoch 11 with loss -86299.203125
Reconstruction for fluence = 78475.99703514607 photons/pixel
Epoch 0: loss = 6948229120.0
Epoch 1: loss = 1288259.375
Epoch 2: loss = 64422.41015625
Epoch 3: loss = 24464.2265625
Epoch 4: loss = 17572.21875
Epoch 5: loss = 15743.607421875
Epoch 6: loss = 15165.1201171875
Epoch 7: loss = 14926.09375
Epoch 8: loss = 14819.8330078125
Epoch 9: loss = 14772.3857421875
Epoch 10: loss = 14747.7939453125
Epoch 11: loss = 14736.46875
Epoch 12: loss = 14730.626953125
Epoch 13: loss = 14726.890625
Epoch 14: loss = 14724.7724609375
Epoch 0: loss = -218211.96875
Epoch 1: loss = -218212.3125
Epoch 2: loss = -218212.3125
Epoch 3: loss = -218212.3125
Epoch 4: loss = -218212.3125
Epoch 5: loss = -218212.3125
Epoch 6: loss = -218212.3125
Early stopping at epoch 6 with loss -218212.3125
Reconstruction for fluence = 183298.07108324335 photons/pixel
Epoch 0: loss = 37910110208.0
Epoch 1: loss = 6962987.0
Epoch 2: loss = 307809.6875
Epoch 3: loss = 88204.5703125
Epoch 4: loss = 49568.58984375
Epoch 5: loss = 38376.7109375
Epoch 6: loss = 35552.75
Epoch 7: loss = 34316.7265625
Epoch 8: loss = 33801.8515625
Epoch 9: loss = 33551.078125
Epoch 10: loss = 33426.85546875
Epoch 11: loss = 33366.50390625
Epoch 12: loss = 33334.75
Epoch 13: loss = 33317.31640625
Epoch 14: loss = 33306.1875
Epoch 0: loss = -548525.3125
Epoch 1: loss = -548525.3125
Epoch 2: loss = -548525.625
Epoch 3: loss = -548525.625
Epoch 4: loss = -548525.625
Epoch 5: loss = -548525.625
Epoch 6: loss = -548525.625
Epoch 7: loss = -548525.625
Early stopping at epoch 7 with loss -548525.625
Reconstruction for fluence = 428133.2398719387 photons/pixel
Epoch 0: loss = 206811660288.0
Epoch 1: loss = 37927852.0
Epoch 2: loss = 1566250.0
Epoch 3: loss = 367563.5
Epoch 4: loss = 162531.15625
Epoch 5: loss = 107093.953125
Epoch 6: loss = 92459.2265625
Epoch 7: loss = 85857.03125
Epoch 8: loss = 82636.78125
Epoch 9: loss = 81271.7265625
Epoch 10: loss = 80606.984375
Epoch 11: loss = 80275.6015625
Epoch 12: loss = 80114.875
Epoch 13: loss = 80015.6953125
Epoch 14: loss = 79959.2109375
Epoch 0: loss = -1372045.375
Epoch 1: loss = -1372045.75
Epoch 2: loss = -1372045.75
Epoch 3: loss = -1372045.75
Epoch 4: loss = -1372045.75
Epoch 5: loss = -1372045.75
Epoch 6: loss = -1372045.75
Early stopping at epoch 6 with loss -1372045.75
Reconstruction for fluence = 1000000.0 photons/pixel
Epoch 0: loss = 1128290844672.0
Epoch 1: loss = 206680528.0
Epoch 2: loss = 8330057.0
Epoch 3: loss = 1833024.625
Epoch 4: loss = 665723.5
Epoch 5: loss = 351971.9375
Epoch 6: loss = 261036.25
Epoch 7: loss = 223811.109375
Epoch 8: loss = 205552.546875
Epoch 9: loss = 197772.953125
Epoch 10: loss = 194014.46875
Epoch 11: loss = 192343.421875
Epoch 12: loss = 191380.546875
Epoch 13: loss = 190843.34375
Epoch 14: loss = 190537.953125
Epoch 0: loss = -3416787.25
Epoch 1: loss = -3416787.5
Epoch 2: loss = -3416787.5
Epoch 3: loss = -3416787.5
Epoch 4: loss = -3416787.5
Epoch 5: loss = -3416787.5
Epoch 6: loss = -3416787.5
Early stopping at epoch 6 with loss -3416787.5
Simulation for steps_size=11 and n_fluences=20 completed!
