Running simulation for n_modes=7 and n_fluences=20
Tensors initialization on device cuda
Multiprobe = band_lim
torch.Size([7, 64, 64])

('MSE', None) RECONSTRUCTIONS

Reconstruction for fluence = 0.09999999999999999 photons/pixel
Epoch 0: loss = 0.0002234063285868615
Epoch 1: loss = 0.0002234063285868615
Epoch 2: loss = 0.0002234063285868615
Epoch 3: loss = 0.0002234063285868615
Epoch 4: loss = 0.0002234063285868615
Epoch 5: loss = 0.0002234063285868615
Early stopping at epoch 5 with loss 0.0002234063285868615
Reconstruction for fluence = 0.23357214690901223 photons/pixel
Epoch 0: loss = 0.0005112991202622652
Epoch 1: loss = 0.0005112991202622652
Epoch 2: loss = 0.0005112991202622652
Epoch 3: loss = 0.0005112991202622652
Epoch 4: loss = 0.0005112991202622652
Epoch 5: loss = 0.0005112991202622652
Early stopping at epoch 5 with loss 0.0005112991202622652
Reconstruction for fluence = 0.5455594781168519 photons/pixel
Epoch 0: loss = 0.0012104680063202977
Epoch 1: loss = 0.0012104680063202977
Epoch 2: loss = 0.0012104680063202977
Epoch 3: loss = 0.0012104680063202977
Epoch 4: loss = 0.0012104680063202977
Epoch 5: loss = 0.0012104680063202977
Early stopping at epoch 5 with loss 0.0012104680063202977
Reconstruction for fluence = 1.2742749857031335 photons/pixel
Epoch 0: loss = 0.0028830119408667088
Epoch 1: loss = 0.0028830119408667088
Epoch 2: loss = 0.0028830119408667088
Epoch 3: loss = 0.0028830119408667088
Epoch 4: loss = 0.0028830119408667088
Epoch 5: loss = 0.0028830119408667088
Early stopping at epoch 5 with loss 0.0028830119408667088
Reconstruction for fluence = 2.976351441631318 photons/pixel
Epoch 0: loss = 0.006953464820981026
Epoch 1: loss = 0.006953411735594273
Epoch 2: loss = 0.0069533586502075195
Epoch 3: loss = 0.0069533055648207664
Epoch 4: loss = 0.006953252945095301
Epoch 5: loss = 0.006953199859708548
Early stopping at epoch 5 with loss 0.006953464820981026
Reconstruction for fluence = 6.9519279617756045 photons/pixel
Epoch 0: loss = 0.017704013735055923
Epoch 1: loss = 0.017702452838420868
Epoch 2: loss = 0.017700891941785812
Epoch 3: loss = 0.017699334770441055
Epoch 4: loss = 0.017697777599096298
Epoch 5: loss = 0.01769622042775154
Early stopping at epoch 5 with loss 0.017704013735055923
Reconstruction for fluence = 16.23776739188721 photons/pixel
Epoch 0: loss = 0.04901513457298279
Epoch 1: loss = 0.03558601438999176
Epoch 2: loss = 0.03558601438999176
Epoch 3: loss = 0.03558601438999176
Epoch 4: loss = 0.03558601438999176
Epoch 5: loss = 0.03558601438999176
Epoch 6: loss = 0.03558601438999176
Early stopping at epoch 6 with loss 0.03558601438999176
Reconstruction for fluence = 37.926901907322495 photons/pixel
Epoch 0: loss = 0.15647774934768677
Epoch 1: loss = 0.08316154778003693
Epoch 2: loss = 0.08315742015838623
Epoch 3: loss = 0.08315742015838623
Epoch 4: loss = 0.08315742015838623
Epoch 5: loss = 0.08315742015838623
Epoch 6: loss = 0.08315742015838623
Early stopping at epoch 6 with loss 0.08316154778003693
Reconstruction for fluence = 88.58667904100822 photons/pixel
Epoch 0: loss = 0.5934035778045654
Epoch 1: loss = 0.1948288083076477
Epoch 2: loss = 0.19480635225772858
Epoch 3: loss = 0.1948062926530838
Epoch 4: loss = 0.1948062926530838
Epoch 5: loss = 0.1948062926530838
Epoch 6: loss = 0.1948062926530838
Early stopping at epoch 6 with loss 0.1948288083076477
Reconstruction for fluence = 206.9138081114788 photons/pixel
Epoch 0: loss = 2.6261744499206543
Epoch 1: loss = 0.45366424322128296
Epoch 2: loss = 0.45357656478881836
Epoch 3: loss = 0.4535733461380005
Epoch 4: loss = 0.4535732865333557
Epoch 5: loss = 0.4535732567310333
Epoch 6: loss = 0.4535732567310333
Early stopping at epoch 6 with loss 0.45366424322128296
Reconstruction for fluence = 483.2930238571752 photons/pixel
Epoch 0: loss = 12.911808013916016
Epoch 1: loss = 1.0606361627578735
Epoch 2: loss = 1.0602774620056152
Epoch 3: loss = 1.060267448425293
Epoch 4: loss = 1.060255765914917
Epoch 5: loss = 1.060255527496338
Epoch 6: loss = 1.0602552890777588
Epoch 7: loss = 1.0602548122406006
Early stopping at epoch 7 with loss 1.0602774620056152
Reconstruction for fluence = 1128.8378916846884 photons/pixel
Epoch 0: loss = 67.0894546508789
Epoch 1: loss = 2.4785900115966797
Epoch 2: loss = 2.477118492126465
Epoch 3: loss = 2.47701096534729
Epoch 4: loss = 2.4769973754882812
Epoch 5: loss = 2.476997137069702
Epoch 6: loss = 2.476996660232544
Epoch 7: loss = 2.476996421813965
Epoch 8: loss = 2.4769957065582275
Early stopping at epoch 8 with loss 2.47701096534729
Reconstruction for fluence = 2636.6508987303555 photons/pixel
Epoch 0: loss = 358.21844482421875
Epoch 1: loss = 5.781743049621582
Epoch 2: loss = 5.775175094604492
Epoch 3: loss = 5.774519920349121
Epoch 4: loss = 5.774412155151367
Epoch 5: loss = 5.774407386779785
Epoch 6: loss = 5.7743988037109375
Epoch 7: loss = 5.774397850036621
Epoch 8: loss = 5.7743964195251465
Epoch 9: loss = 5.774393558502197
Early stopping at epoch 9 with loss 5.774412155151367
Reconstruction for fluence = 6158.482110660255 photons/pixel
Epoch 0: loss = 1936.49755859375
Epoch 1: loss = 13.552749633789062
Epoch 2: loss = 13.520604133605957
Epoch 3: loss = 13.51706314086914
Epoch 4: loss = 13.516419410705566
Epoch 5: loss = 13.516294479370117
Epoch 6: loss = 13.51628303527832
Epoch 7: loss = 13.516279220581055
Epoch 8: loss = 13.516279220581055
Epoch 9: loss = 13.516275405883789
Epoch 10: loss = 13.516275405883789
Early stopping at epoch 10 with loss 13.516294479370117
Reconstruction for fluence = 14384.498882876629 photons/pixel
Epoch 0: loss = 10524.654296875
Epoch 1: loss = 31.744342803955078
Epoch 2: loss = 31.578182220458984
Epoch 3: loss = 31.55889320373535
Epoch 4: loss = 31.55553436279297
Epoch 5: loss = 31.554819107055664
Epoch 6: loss = 31.554710388183594
Epoch 7: loss = 31.554664611816406
Epoch 8: loss = 31.55466079711914
Epoch 9: loss = 31.55465316772461
Epoch 10: loss = 31.554643630981445
Epoch 11: loss = 31.554641723632812
Early stopping at epoch 11 with loss 31.554710388183594
Reconstruction for fluence = 33598.18286283781 photons/pixel
Epoch 0: loss = 57315.8046875
Epoch 1: loss = 74.62446594238281
Epoch 2: loss = 73.73135375976562
Epoch 3: loss = 73.62745666503906
Epoch 4: loss = 73.606201171875
Epoch 5: loss = 73.6020736694336
Epoch 6: loss = 73.60125732421875
Epoch 7: loss = 73.60125732421875
Epoch 8: loss = 73.60121154785156
Epoch 9: loss = 73.60107421875
Epoch 10: loss = 73.60102844238281
Epoch 11: loss = 73.60101318359375
Epoch 12: loss = 73.60101318359375
Epoch 13: loss = 73.60099029541016
Epoch 14: loss = 73.60096740722656
Epoch 15: loss = 73.6009521484375
Epoch 16: loss = 73.6009521484375
Epoch 17: loss = 73.6009292602539
Epoch 18: loss = 73.60091400146484
Epoch 19: loss = 73.60091400146484
Early stopping at epoch 19 with loss 73.60096740722656
Reconstruction for fluence = 78475.99703514607 photons/pixel
Epoch 0: loss = 312435.9375
Epoch 1: loss = 176.9869384765625
Epoch 2: loss = 172.177001953125
Epoch 3: loss = 171.5863037109375
Epoch 4: loss = 171.47012329101562
Epoch 5: loss = 171.4448699951172
Epoch 6: loss = 171.44000244140625
Epoch 7: loss = 171.43984985351562
Epoch 8: loss = 171.43856811523438
Epoch 9: loss = 171.43800354003906
Epoch 10: loss = 171.43780517578125
Epoch 11: loss = 171.437744140625
Epoch 12: loss = 171.43768310546875
Epoch 13: loss = 171.43759155273438
Epoch 14: loss = 171.43756103515625
Epoch 15: loss = 171.43756103515625
Epoch 16: loss = 171.43753051757812
Epoch 17: loss = 171.43753051757812
Epoch 18: loss = 171.4375
Epoch 19: loss = 171.4375
Early stopping at epoch 19 with loss 171.43756103515625
Reconstruction for fluence = 183298.07108324335 photons/pixel
Epoch 0: loss = 1704043.0
Epoch 1: loss = 430.6786804199219
Epoch 2: loss = 404.64544677734375
Epoch 3: loss = 401.4346923828125
Epoch 4: loss = 400.7746887207031
Epoch 5: loss = 400.652587890625
Epoch 6: loss = 400.63238525390625
Epoch 7: loss = 400.62451171875
Epoch 8: loss = 400.61968994140625
Epoch 9: loss = 400.61688232421875
Epoch 10: loss = 400.61639404296875
Epoch 11: loss = 400.6163024902344
Epoch 12: loss = 400.615966796875
Epoch 13: loss = 400.6158447265625
Epoch 14: loss = 400.61572265625
Epoch 15: loss = 400.6156005859375
Epoch 16: loss = 400.61553955078125
Epoch 17: loss = 400.615478515625
Epoch 18: loss = 400.6153564453125
Epoch 19: loss = 400.6153564453125
Epoch 20: loss = 400.61529541015625
Epoch 21: loss = 400.615234375
Epoch 22: loss = 400.615234375
Epoch 23: loss = 400.615234375
Epoch 24: loss = 400.615234375
Epoch 25: loss = 400.615234375
Epoch 26: loss = 400.615234375
Early stopping at epoch 26 with loss 400.615234375
Reconstruction for fluence = 428133.2398719387 photons/pixel
Epoch 0: loss = 9295703.0
Epoch 1: loss = 1102.114013671875
Epoch 2: loss = 960.4293212890625
Epoch 3: loss = 942.9683837890625
Epoch 4: loss = 939.3914794921875
Epoch 5: loss = 938.661376953125
Epoch 6: loss = 938.5257568359375
Epoch 7: loss = 938.489013671875
Epoch 8: loss = 938.467529296875
Epoch 9: loss = 938.4556884765625
Epoch 10: loss = 938.4512939453125
Epoch 11: loss = 938.4500122070312
Epoch 12: loss = 938.449462890625
Epoch 13: loss = 938.449462890625
Epoch 14: loss = 938.4493408203125
Epoch 15: loss = 938.4493408203125
Epoch 16: loss = 938.44921875
Epoch 17: loss = 938.4490966796875
Epoch 18: loss = 938.448974609375
Epoch 19: loss = 938.4488525390625
Epoch 20: loss = 938.4488525390625
Epoch 21: loss = 938.4488525390625
Epoch 22: loss = 938.4488525390625
Epoch 23: loss = 938.44873046875
Epoch 24: loss = 938.44873046875
Epoch 25: loss = 938.4486083984375
Epoch 26: loss = 938.4486083984375
Epoch 27: loss = 938.4486083984375
Epoch 28: loss = 938.4486083984375
Early stopping at epoch 28 with loss 938.44873046875
Reconstruction for fluence = 1000000.0 photons/pixel
Epoch 0: loss = 50711920.0
Epoch 1: loss = 3089.025390625
Epoch 2: loss = 2315.445068359375
Epoch 3: loss = 2220.23095703125
Epoch 4: loss = 2200.5
Epoch 5: loss = 2196.57666015625
Epoch 6: loss = 2195.8701171875
Epoch 7: loss = 2195.6884765625
Epoch 8: loss = 2195.591064453125
Epoch 9: loss = 2195.54248046875
Epoch 10: loss = 2195.524658203125
Epoch 11: loss = 2195.51806640625
Epoch 12: loss = 2195.517578125
Epoch 13: loss = 2195.51708984375
Epoch 14: loss = 2195.516357421875
Epoch 15: loss = 2195.515625
Epoch 16: loss = 2195.51513671875
Epoch 17: loss = 2195.51513671875
Epoch 18: loss = 2195.514892578125
Epoch 19: loss = 2195.5146484375
Epoch 20: loss = 2195.5146484375
Epoch 21: loss = 2195.51416015625
Epoch 22: loss = 2195.51416015625
Epoch 23: loss = 2195.51416015625
Epoch 24: loss = 2195.513916015625
Epoch 25: loss = 2195.513671875
Epoch 26: loss = 2195.513427734375
Epoch 27: loss = 2195.513427734375
Epoch 28: loss = 2195.51318359375
Epoch 29: loss = 2195.51318359375
Epoch 30: loss = 2195.51318359375
Epoch 31: loss = 2195.51318359375
Epoch 32: loss = 2195.512939453125
Epoch 33: loss = 2195.5126953125
Epoch 34: loss = 2195.5126953125
Epoch 35: loss = 2195.5126953125
Epoch 36: loss = 2195.512451171875
Epoch 37: loss = 2195.51220703125
Epoch 38: loss = 2195.51220703125
Epoch 39: loss = 2195.51171875
Epoch 40: loss = 2195.51171875
Epoch 41: loss = 2195.51171875
Epoch 42: loss = 2195.51171875
Epoch 43: loss = 2195.511474609375
Epoch 44: loss = 2195.511474609375
Epoch 45: loss = 2195.511474609375
Epoch 46: loss = 2195.511474609375
Epoch 47: loss = 2195.511474609375
Epoch 48: loss = 2195.511474609375
Early stopping at epoch 48 with loss 2195.511474609375
Tensors initialization on device cuda
Multiprobe = band_lim
torch.Size([7, 64, 64])

('MSE', 'PoissonNLL') RECONSTRUCTIONS

Reconstruction for fluence = 0.09999999999999999 photons/pixel
Epoch 0: loss = 0.000220924848690629
Epoch 1: loss = 0.000220924848690629
Epoch 2: loss = 0.000220924848690629
Epoch 3: loss = 0.000220924848690629
Epoch 4: loss = 0.000220924848690629
Epoch 5: loss = 0.000220924848690629
Early stopping at epoch 5 with loss 0.000220924848690629
Epoch 0: loss = 0.001767844776622951
Epoch 1: loss = 0.001767844776622951
Epoch 2: loss = 0.001767844776622951
Epoch 3: loss = 0.001767844776622951
Epoch 4: loss = 0.001767844776622951
Epoch 5: loss = 0.001767844776622951
Early stopping at epoch 5 with loss 0.001767844776622951
Reconstruction for fluence = 0.23357214690901223 photons/pixel
Epoch 0: loss = 0.0005163491587154567
Epoch 1: loss = 0.0005163491587154567
Epoch 2: loss = 0.0005163491587154567
Epoch 3: loss = 0.0005163491587154567
Epoch 4: loss = 0.0005163491587154567
Epoch 5: loss = 0.0005163491587154567
Early stopping at epoch 5 with loss 0.0005163491587154567
Epoch 0: loss = 0.003759978339076042
Epoch 1: loss = 0.003759978339076042
Epoch 2: loss = 0.003759978339076042
Epoch 3: loss = 0.003759978339076042
Epoch 4: loss = 0.003759978339076042
Epoch 5: loss = 0.003759978339076042
Early stopping at epoch 5 with loss 0.003759978339076042
Reconstruction for fluence = 0.5455594781168519 photons/pixel
Epoch 0: loss = 0.0012104820925742388
Epoch 1: loss = 0.0012104820925742388
Epoch 2: loss = 0.0012104820925742388
Epoch 3: loss = 0.0012104820925742388
Epoch 4: loss = 0.0012104820925742388
Epoch 5: loss = 0.0012104820925742388
Early stopping at epoch 5 with loss 0.0012104820925742388
Epoch 0: loss = 0.007711884565651417
Epoch 1: loss = 0.007711883634328842
Epoch 2: loss = 0.007711855228990316
Epoch 3: loss = 0.0077118235640227795
Epoch 4: loss = 0.007711815647780895
Epoch 5: loss = 0.007711809128522873
Early stopping at epoch 5 with loss 0.007711884565651417
Reconstruction for fluence = 1.2742749857031335 photons/pixel
Epoch 0: loss = 0.0028930027037858963
Epoch 1: loss = 0.0028930027037858963
Epoch 2: loss = 0.0028930027037858963
Epoch 3: loss = 0.0028930027037858963
Epoch 4: loss = 0.0028930027037858963
Epoch 5: loss = 0.0028930027037858963
Early stopping at epoch 5 with loss 0.0028930027037858963
Epoch 0: loss = 0.015876295045018196
Epoch 1: loss = 0.01587611995637417
Epoch 2: loss = 0.015875641256570816
Epoch 3: loss = 0.01585407927632332
Epoch 4: loss = 0.01371709629893303
Epoch 5: loss = 0.01371308509260416
Epoch 6: loss = 0.01371308509260416
Epoch 7: loss = 0.01371308509260416
Epoch 8: loss = 0.01371308509260416
Epoch 9: loss = 0.01371308509260416
Early stopping at epoch 9 with loss 0.01371709629893303
Reconstruction for fluence = 2.976351441631318 photons/pixel
Epoch 0: loss = 0.0070031071081757545
Epoch 1: loss = 0.007003053091466427
Epoch 2: loss = 0.007002998609095812
Epoch 3: loss = 0.007002944126725197
Epoch 4: loss = 0.007002890110015869
Epoch 5: loss = 0.0070028360933065414
Early stopping at epoch 5 with loss 0.0070031071081757545
Epoch 0: loss = 0.03166778385639191
Epoch 1: loss = 0.02711297571659088
Epoch 2: loss = 0.026494845747947693
Epoch 3: loss = 0.026494845747947693
Epoch 4: loss = 0.026494845747947693
Epoch 5: loss = 0.026494845747947693
Epoch 6: loss = 0.026494845747947693
Epoch 7: loss = 0.026494845747947693
Early stopping at epoch 7 with loss 0.026494845747947693
Reconstruction for fluence = 6.9519279617756045 photons/pixel
Epoch 0: loss = 0.01778656244277954
Epoch 1: loss = 0.01778494007885456
Epoch 2: loss = 0.01778331771492958
Epoch 3: loss = 0.01778169721364975
Epoch 4: loss = 0.017780078575015068
Epoch 5: loss = 0.017778461799025536
Early stopping at epoch 5 with loss 0.01778656244277954
Epoch 0: loss = 0.0614052414894104
Epoch 1: loss = 0.048904307186603546
Epoch 2: loss = 0.048904307186603546
Epoch 3: loss = 0.048904307186603546
Epoch 4: loss = 0.048904307186603546
Epoch 5: loss = 0.048904307186603546
Epoch 6: loss = 0.048904307186603546
Early stopping at epoch 6 with loss 0.048904307186603546
Reconstruction for fluence = 16.23776739188721 photons/pixel
Epoch 0: loss = 0.049293532967567444
Epoch 1: loss = 0.03557279706001282
Epoch 2: loss = 0.03557279706001282
Epoch 3: loss = 0.03557279706001282
Epoch 4: loss = 0.03557279706001282
Epoch 5: loss = 0.03557279706001282
Epoch 6: loss = 0.03557279706001282
Early stopping at epoch 6 with loss 0.03557279706001282
Epoch 0: loss = 0.08490843325853348
Epoch 1: loss = 0.08490727096796036
Epoch 2: loss = 0.08490612357854843
Epoch 3: loss = 0.0849049910902977
Epoch 4: loss = 0.08490388095378876
Epoch 5: loss = 0.08490277826786041
Early stopping at epoch 5 with loss 0.08490843325853348
Reconstruction for fluence = 37.926901907322495 photons/pixel
Epoch 0: loss = 0.15785226225852966
Epoch 1: loss = 0.0832497850060463
Epoch 2: loss = 0.08324497938156128
Epoch 3: loss = 0.08324497938156128
Epoch 4: loss = 0.08324497938156128
Epoch 5: loss = 0.08324497938156128
Epoch 6: loss = 0.08324497938156128
Early stopping at epoch 6 with loss 0.0832497850060463
Epoch 0: loss = 0.1269860416650772
Epoch 1: loss = 0.12698251008987427
Epoch 2: loss = 0.1269790381193161
Epoch 3: loss = 0.12697559595108032
Epoch 4: loss = 0.12697219848632812
Epoch 5: loss = 0.1269688606262207
Early stopping at epoch 5 with loss 0.1269860416650772
Reconstruction for fluence = 88.58667904100822 photons/pixel
Epoch 0: loss = 0.6021527647972107
Epoch 1: loss = 0.1947522908449173
Epoch 2: loss = 0.19472801685333252
Epoch 3: loss = 0.1947278380393982
Epoch 4: loss = 0.1947278380393982
Epoch 5: loss = 0.1947278380393982
Epoch 6: loss = 0.1947278380393982
Early stopping at epoch 6 with loss 0.1947522908449173
Epoch 0: loss = 0.1301448941230774
Epoch 1: loss = 0.12883998453617096
Epoch 2: loss = 0.12883998453617096
Epoch 3: loss = 0.12883998453617096
Epoch 4: loss = 0.12883998453617096
Epoch 5: loss = 0.12883998453617096
Epoch 6: loss = 0.12883998453617096
Early stopping at epoch 6 with loss 0.12883998453617096
Reconstruction for fluence = 206.9138081114788 photons/pixel
Epoch 0: loss = 2.674267292022705
Epoch 1: loss = 0.45479312539100647
Epoch 2: loss = 0.4546986520290375
Epoch 3: loss = 0.4546952247619629
Epoch 4: loss = 0.4546952247619629
Epoch 5: loss = 0.4546952247619629
Epoch 6: loss = 0.4546951651573181
Early stopping at epoch 6 with loss 0.45479312539100647
Epoch 0: loss = -0.08339269459247589
Epoch 1: loss = -0.08490462601184845
Epoch 2: loss = -0.08490464091300964
Epoch 3: loss = -0.08490464091300964
Epoch 4: loss = -0.08490464091300964
Epoch 5: loss = -0.08490464091300964
Epoch 6: loss = -0.08490464091300964
Early stopping at epoch 6 with loss -0.08490462601184845
Reconstruction for fluence = 483.2930238571752 photons/pixel
Epoch 0: loss = 13.183134078979492
Epoch 1: loss = 1.0609194040298462
Epoch 2: loss = 1.060518503189087
Epoch 3: loss = 1.0604972839355469
Epoch 4: loss = 1.0604965686798096
Epoch 5: loss = 1.060496211051941
Epoch 6: loss = 1.0604958534240723
Epoch 7: loss = 1.0604956150054932
Early stopping at epoch 7 with loss 1.060518503189087
Epoch 0: loss = -1.0956943035125732
Epoch 1: loss = -1.0974156856536865
Epoch 2: loss = -1.0974160432815552
Epoch 3: loss = -1.0974160432815552
Epoch 4: loss = -1.0974160432815552
Epoch 5: loss = -1.0974160432815552
Epoch 6: loss = -1.0974160432815552
Early stopping at epoch 6 with loss -1.0974156856536865
Reconstruction for fluence = 1128.8378916846884 photons/pixel
Epoch 0: loss = 68.6535873413086
Epoch 1: loss = 2.478153705596924
Epoch 2: loss = 2.47652006149292
Epoch 3: loss = 2.476391553878784
Epoch 4: loss = 2.4763739109039307
Epoch 5: loss = 2.4763731956481934
Epoch 6: loss = 2.476372241973877
Epoch 7: loss = 2.4763717651367188
Epoch 8: loss = 2.4763715267181396
Early stopping at epoch 8 with loss 2.476391553878784
Epoch 0: loss = -4.662673473358154
Epoch 1: loss = -4.66440486907959
Epoch 2: loss = -4.66440486907959
Epoch 3: loss = -4.66440486907959
Epoch 4: loss = -4.664405345916748
Epoch 5: loss = -4.664405345916748
Epoch 6: loss = -4.664405345916748
Early stopping at epoch 6 with loss -4.66440486907959
Reconstruction for fluence = 2636.6508987303555 photons/pixel
Epoch 0: loss = 366.6676330566406
Epoch 1: loss = 5.781856536865234
Epoch 2: loss = 5.774649620056152
Epoch 3: loss = 5.7740631103515625
Epoch 4: loss = 5.773965835571289
Epoch 5: loss = 5.773954391479492
Epoch 6: loss = 5.773950576782227
Epoch 7: loss = 5.773950576782227
Epoch 8: loss = 5.773950576782227
Epoch 9: loss = 5.773948669433594
Epoch 10: loss = 5.773948669433594
Early stopping at epoch 10 with loss 5.773954391479492
Epoch 0: loss = -15.811315536499023
Epoch 1: loss = -15.813041687011719
Epoch 2: loss = -15.813041687011719
Epoch 3: loss = -15.813041687011719
Epoch 4: loss = -15.813041687011719
Epoch 5: loss = -15.813041687011719
Epoch 6: loss = -15.813041687011719
Early stopping at epoch 6 with loss -15.813041687011719
Reconstruction for fluence = 6158.482110660255 photons/pixel
Epoch 0: loss = 1981.9464111328125
Epoch 1: loss = 13.535880088806152
Epoch 2: loss = 13.500240325927734
Epoch 3: loss = 13.496687889099121
Epoch 4: loss = 13.496026992797852
Epoch 5: loss = 13.495906829833984
Epoch 6: loss = 13.495893478393555
Epoch 7: loss = 13.495893478393555
Epoch 8: loss = 13.495893478393555
Epoch 9: loss = 13.495891571044922
Epoch 10: loss = 13.495889663696289
Early stopping at epoch 10 with loss 13.495906829833984
Epoch 0: loss = -48.417510986328125
Epoch 1: loss = -48.41926574707031
Epoch 2: loss = -48.41926193237305
Epoch 3: loss = -48.41926574707031
Epoch 4: loss = -48.41926574707031
Epoch 5: loss = -48.41926574707031
Epoch 6: loss = -48.41926574707031
Early stopping at epoch 6 with loss -48.41926574707031
Reconstruction for fluence = 14384.498882876629 photons/pixel
Epoch 0: loss = 10769.9736328125
Epoch 1: loss = 31.765243530273438
Epoch 2: loss = 31.57863998413086
Epoch 3: loss = 31.56128692626953
Epoch 4: loss = 31.557119369506836
Epoch 5: loss = 31.55628204345703
Epoch 6: loss = 31.556148529052734
Epoch 7: loss = 31.55614471435547
Epoch 8: loss = 31.556102752685547
Epoch 9: loss = 31.556093215942383
Epoch 10: loss = 31.55608367919922
Epoch 11: loss = 31.556079864501953
Early stopping at epoch 11 with loss 31.556148529052734
Epoch 0: loss = -139.90182495117188
Epoch 1: loss = -139.90182495117188
Epoch 2: loss = -139.9034423828125
Epoch 3: loss = -139.90347290039062
Epoch 4: loss = -139.90347290039062
Epoch 5: loss = -139.90347290039062
Epoch 6: loss = -139.90347290039062
Epoch 7: loss = -139.90347290039062
Early stopping at epoch 7 with loss -139.9034423828125
Reconstruction for fluence = 33598.18286283781 photons/pixel
Epoch 0: loss = 58652.08984375
Epoch 1: loss = 74.6989517211914
Epoch 2: loss = 73.7222900390625
Epoch 3: loss = 73.61471557617188
Epoch 4: loss = 73.59225463867188
Epoch 5: loss = 73.58721923828125
Epoch 6: loss = 73.58628845214844
Epoch 7: loss = 73.58618927001953
Epoch 8: loss = 73.58612060546875
Epoch 9: loss = 73.58604431152344
Epoch 10: loss = 73.58598327636719
Epoch 11: loss = 73.58596801757812
Epoch 12: loss = 73.58595275878906
Epoch 13: loss = 73.5859375
Epoch 14: loss = 73.58592224121094
Epoch 0: loss = -389.4277038574219
Epoch 1: loss = -389.42938232421875
Epoch 2: loss = -389.429443359375
Epoch 3: loss = -389.429443359375
Epoch 4: loss = -389.429443359375
Epoch 5: loss = -389.429443359375
Epoch 6: loss = -389.429443359375
Early stopping at epoch 6 with loss -389.42938232421875
Reconstruction for fluence = 78475.99703514607 photons/pixel
Epoch 0: loss = 319744.75
Epoch 1: loss = 177.40000915527344
Epoch 2: loss = 172.0413818359375
Epoch 3: loss = 171.51373291015625
Epoch 4: loss = 171.39544677734375
Epoch 5: loss = 171.37339782714844
Epoch 6: loss = 171.36981201171875
Epoch 7: loss = 171.36862182617188
Epoch 8: loss = 171.36834716796875
Epoch 9: loss = 171.36819458007812
Epoch 10: loss = 171.36798095703125
Epoch 11: loss = 171.36795043945312
Epoch 12: loss = 171.367919921875
Epoch 13: loss = 171.36788940429688
Epoch 14: loss = 171.36785888671875
Epoch 0: loss = -1055.8924560546875
Epoch 1: loss = -1055.8941650390625
Epoch 2: loss = -1055.8941650390625
Epoch 3: loss = -1055.8941650390625
Epoch 4: loss = -1055.8941650390625
Epoch 5: loss = -1055.8941650390625
Epoch 6: loss = -1055.8941650390625
Early stopping at epoch 6 with loss -1055.8941650390625
Reconstruction for fluence = 183298.07108324335 photons/pixel
Epoch 0: loss = 1743952.75
Epoch 1: loss = 433.01507568359375
Epoch 2: loss = 405.3941955566406
Epoch 3: loss = 400.8625793457031
Epoch 4: loss = 400.2259521484375
Epoch 5: loss = 400.081298828125
Epoch 6: loss = 400.05889892578125
Epoch 7: loss = 400.05242919921875
Epoch 8: loss = 400.04840087890625
Epoch 9: loss = 400.04656982421875
Epoch 10: loss = 400.0456848144531
Epoch 11: loss = 400.04559326171875
Epoch 12: loss = 400.0455322265625
Epoch 13: loss = 400.04547119140625
Epoch 14: loss = 400.04547119140625
Epoch 0: loss = -2807.9052734375
Epoch 1: loss = -2807.90673828125
Epoch 2: loss = -2807.90673828125
Epoch 3: loss = -2807.90673828125
Epoch 4: loss = -2807.90673828125
Epoch 5: loss = -2807.90673828125
Epoch 6: loss = -2807.90673828125
Early stopping at epoch 6 with loss -2807.90673828125
Reconstruction for fluence = 428133.2398719387 photons/pixel
Epoch 0: loss = 9513590.0
Epoch 1: loss = 1117.732421875
Epoch 2: loss = 959.22021484375
Epoch 3: loss = 943.2908935546875
Epoch 4: loss = 939.85986328125
Epoch 5: loss = 939.149169921875
Epoch 6: loss = 939.0216674804688
Epoch 7: loss = 938.9866943359375
Epoch 8: loss = 938.9708862304688
Epoch 9: loss = 938.96142578125
Epoch 10: loss = 938.9570922851562
Epoch 11: loss = 938.9564208984375
Epoch 12: loss = 938.9560546875
Epoch 13: loss = 938.9559326171875
Epoch 14: loss = 938.9559326171875
Epoch 0: loss = -7356.265625
Epoch 1: loss = -7356.267578125
Epoch 2: loss = -7356.267578125
Epoch 3: loss = -7356.267578125
Epoch 4: loss = -7356.267578125
Epoch 5: loss = -7356.267578125
Epoch 6: loss = -7356.267578125
Early stopping at epoch 6 with loss -7356.267578125
Reconstruction for fluence = 1000000.0 photons/pixel
Epoch 0: loss = 51899104.0
Epoch 1: loss = 3173.141845703125
Epoch 2: loss = 2326.294189453125
Epoch 3: loss = 2222.082763671875
Epoch 4: loss = 2199.6923828125
Epoch 5: loss = 2195.4501953125
Epoch 6: loss = 2194.650390625
Epoch 7: loss = 2194.40673828125
Epoch 8: loss = 2194.2724609375
Epoch 9: loss = 2194.21044921875
Epoch 10: loss = 2194.181640625
Epoch 11: loss = 2194.1708984375
Epoch 12: loss = 2194.1708984375
Epoch 13: loss = 2194.1708984375
Epoch 14: loss = 2194.17041015625
Epoch 0: loss = -19046.154296875
Epoch 1: loss = -19046.158203125
Epoch 2: loss = -19046.158203125
Epoch 3: loss = -19046.158203125
Epoch 4: loss = -19046.158203125
Epoch 5: loss = -19046.158203125
Epoch 6: loss = -19046.158203125
Early stopping at epoch 6 with loss -19046.158203125
Simulation for n_modes=7 and n_fluences=20 completed!
