Running simulation for steps_size=4 and n_fluences=20
Steps size: 4
Tensors initialization on device cuda
Multiprobe = band_lim
torch.Size([1, 64, 64])

('MSE', None) RECONSTRUCTIONS

Reconstruction for fluence = 0.09999999999999999 photons/pixel
Epoch 0: loss = 0.0037909739185124636
Epoch 1: loss = 0.0037909739185124636
Epoch 2: loss = 0.0037909739185124636
Epoch 3: loss = 0.0037909739185124636
Epoch 4: loss = 0.0037909739185124636
Epoch 5: loss = 0.0037909739185124636
Early stopping at epoch 5 with loss 0.0037909739185124636
Reconstruction for fluence = 0.23357214690901223 photons/pixel
Epoch 0: loss = 0.00988021120429039
Epoch 1: loss = 0.009879643097519875
Epoch 2: loss = 0.009879074990749359
Epoch 3: loss = 0.009878506883978844
Epoch 4: loss = 0.009877940639853477
Epoch 5: loss = 0.009877373464405537
Early stopping at epoch 5 with loss 0.00988021120429039
Reconstruction for fluence = 0.5455594781168519 photons/pixel
Epoch 0: loss = 0.027716631069779396
Epoch 1: loss = 0.027699414640665054
Epoch 2: loss = 0.027682248502969742
Epoch 3: loss = 0.02766512706875801
Epoch 4: loss = 0.02764805220067501
Epoch 5: loss = 0.02763102576136589
Early stopping at epoch 5 with loss 0.027716631069779396
Reconstruction for fluence = 1.2742749857031335 photons/pixel
Epoch 0: loss = 0.09081143140792847
Epoch 1: loss = 0.04316790774464607
Epoch 2: loss = 0.04316313564777374
Epoch 3: loss = 0.04316313564777374
Epoch 4: loss = 0.04316313564777374
Epoch 5: loss = 0.04316313564777374
Epoch 6: loss = 0.04316313564777374
Early stopping at epoch 6 with loss 0.04316790774464607
Reconstruction for fluence = 2.976351441631318 photons/pixel
Epoch 0: loss = 0.3530028164386749
Epoch 1: loss = 0.09956701844930649
Epoch 2: loss = 0.09953049570322037
Epoch 3: loss = 0.09953008592128754
Epoch 4: loss = 0.09953008592128754
Epoch 5: loss = 0.09953008592128754
Epoch 6: loss = 0.09953008592128754
Early stopping at epoch 6 with loss 0.09956701844930649
Reconstruction for fluence = 6.9519279617756045 photons/pixel
Epoch 0: loss = 1.6133277416229248
Epoch 1: loss = 0.23456619679927826
Epoch 2: loss = 0.23445111513137817
Epoch 3: loss = 0.23444592952728271
Epoch 4: loss = 0.23444578051567078
Epoch 5: loss = 0.23444567620754242
Epoch 6: loss = 0.23444566130638123
Epoch 7: loss = 0.23444566130638123
Early stopping at epoch 7 with loss 0.23445111513137817
Reconstruction for fluence = 16.23776739188721 photons/pixel
Epoch 0: loss = 8.028419494628906
Epoch 1: loss = 0.5446710586547852
Epoch 2: loss = 0.5441960096359253
Epoch 3: loss = 0.5441726446151733
Epoch 4: loss = 0.5441709756851196
Epoch 5: loss = 0.5441708564758301
Epoch 6: loss = 0.5441707372665405
Epoch 7: loss = 0.544170618057251
Early stopping at epoch 7 with loss 0.5441960096359253
Reconstruction for fluence = 37.926901907322495 photons/pixel
Epoch 0: loss = 42.025394439697266
Epoch 1: loss = 1.2781691551208496
Epoch 2: loss = 1.2762980461120605
Epoch 3: loss = 1.2761759757995605
Epoch 4: loss = 1.2761621475219727
Epoch 5: loss = 1.2761614322662354
Epoch 6: loss = 1.2761609554290771
Epoch 7: loss = 1.276160478591919
Epoch 8: loss = 1.2761602401733398
Early stopping at epoch 8 with loss 1.2761759757995605
Reconstruction for fluence = 88.58667904100822 photons/pixel
Epoch 0: loss = 225.02740478515625
Epoch 1: loss = 2.9803998470306396
Epoch 2: loss = 2.9729928970336914
Epoch 3: loss = 2.972348213195801
Epoch 4: loss = 2.972257137298584
Epoch 5: loss = 2.972241163253784
Epoch 6: loss = 2.9722394943237305
Epoch 7: loss = 2.9722390174865723
Epoch 8: loss = 2.972238540649414
Epoch 9: loss = 2.972238540649414
Epoch 10: loss = 2.972238540649414
Early stopping at epoch 10 with loss 2.972241163253784
Reconstruction for fluence = 206.9138081114788 photons/pixel
Epoch 0: loss = 1218.45458984375
Epoch 1: loss = 6.917798042297363
Epoch 2: loss = 6.891556262969971
Epoch 3: loss = 6.887460708618164
Epoch 4: loss = 6.886901378631592
Epoch 5: loss = 6.8867926597595215
Epoch 6: loss = 6.8867692947387695
Epoch 7: loss = 6.88676643371582
Epoch 8: loss = 6.8867645263671875
Epoch 9: loss = 6.886763572692871
Epoch 10: loss = 6.886763572692871
Early stopping at epoch 10 with loss 6.8867926597595215
Reconstruction for fluence = 483.2930238571752 photons/pixel
Epoch 0: loss = 6614.65380859375
Epoch 1: loss = 16.331218719482422
Epoch 2: loss = 16.213109970092773
Epoch 3: loss = 16.19896697998047
Epoch 4: loss = 16.195980072021484
Epoch 5: loss = 16.195276260375977
Epoch 6: loss = 16.195096969604492
Epoch 7: loss = 16.19504737854004
Epoch 8: loss = 16.195037841796875
Epoch 9: loss = 16.195030212402344
Epoch 10: loss = 16.19502830505371
Epoch 11: loss = 16.195022583007812
Early stopping at epoch 11 with loss 16.195096969604492
Reconstruction for fluence = 1128.8378916846884 photons/pixel
Epoch 0: loss = 36044.21875
Epoch 1: loss = 38.2041015625
Epoch 2: loss = 37.64982604980469
Epoch 3: loss = 37.57903289794922
Epoch 4: loss = 37.56259536743164
Epoch 5: loss = 37.55870056152344
Epoch 6: loss = 37.557804107666016
Epoch 7: loss = 37.55747985839844
Epoch 8: loss = 37.55731964111328
Epoch 9: loss = 37.557254791259766
Epoch 10: loss = 37.55724334716797
Epoch 11: loss = 37.557228088378906
Epoch 12: loss = 37.55718231201172
Epoch 13: loss = 37.55717468261719
Epoch 14: loss = 37.557167053222656
Epoch 15: loss = 37.557159423828125
Epoch 16: loss = 37.55714797973633
Epoch 17: loss = 37.55713653564453
Early stopping at epoch 17 with loss 37.55718231201172
Reconstruction for fluence = 2636.6508987303555 photons/pixel
Epoch 0: loss = 196520.96875
Epoch 1: loss = 92.031982421875
Epoch 2: loss = 89.22312927246094
Epoch 3: loss = 88.84770202636719
Epoch 4: loss = 88.76819610595703
Epoch 5: loss = 88.74897766113281
Epoch 6: loss = 88.74430847167969
Epoch 7: loss = 88.74234008789062
Epoch 8: loss = 88.74217224121094
Epoch 9: loss = 88.74137878417969
Epoch 10: loss = 88.7413330078125
Epoch 11: loss = 88.74107360839844
Epoch 12: loss = 88.74098205566406
Epoch 13: loss = 88.740966796875
Epoch 14: loss = 88.74095153808594
Epoch 15: loss = 88.74093627929688
Epoch 16: loss = 88.74087524414062
Epoch 17: loss = 88.74087524414062
Epoch 18: loss = 88.74087524414062
Early stopping at epoch 18 with loss 88.740966796875
Reconstruction for fluence = 6158.482110660255 photons/pixel
Epoch 0: loss = 1072083.25
Epoch 1: loss = 224.02122497558594
Epoch 2: loss = 209.58287048339844
Epoch 3: loss = 207.24917602539062
Epoch 4: loss = 206.76141357421875
Epoch 5: loss = 206.64486694335938
Epoch 6: loss = 206.61619567871094
Epoch 7: loss = 206.610595703125
Epoch 8: loss = 206.60281372070312
Epoch 9: loss = 206.59963989257812
Epoch 10: loss = 206.59799194335938
Epoch 11: loss = 206.59768676757812
Epoch 12: loss = 206.59732055664062
Epoch 13: loss = 206.5972900390625
Epoch 14: loss = 206.59722900390625
Epoch 15: loss = 206.5972137451172
Epoch 16: loss = 206.59719848632812
Epoch 17: loss = 206.59716796875
Epoch 18: loss = 206.59716796875
Epoch 19: loss = 206.59710693359375
Epoch 20: loss = 206.59710693359375
Epoch 21: loss = 206.59710693359375
Early stopping at epoch 21 with loss 206.59719848632812
Reconstruction for fluence = 14384.498882876629 photons/pixel
Epoch 0: loss = 5847154.5
Epoch 1: loss = 580.3973388671875
Epoch 2: loss = 501.2078857421875
Epoch 3: loss = 489.6109619140625
Epoch 4: loss = 486.9649658203125
Epoch 5: loss = 486.3354187011719
Epoch 6: loss = 486.2001647949219
Epoch 7: loss = 486.134521484375
Epoch 8: loss = 486.10504150390625
Epoch 9: loss = 486.0919494628906
Epoch 10: loss = 486.0870361328125
Epoch 11: loss = 486.08526611328125
Epoch 12: loss = 486.0850830078125
Epoch 13: loss = 486.0848693847656
Epoch 14: loss = 486.0848693847656
Epoch 15: loss = 486.08447265625
Epoch 16: loss = 486.08447265625
Epoch 17: loss = 486.0843811035156
Epoch 18: loss = 486.0843505859375
Epoch 19: loss = 486.0841064453125
Epoch 20: loss = 486.083984375
Epoch 21: loss = 486.0838623046875
Epoch 22: loss = 486.08380126953125
Epoch 23: loss = 486.08380126953125
Epoch 24: loss = 486.083740234375
Epoch 25: loss = 486.083740234375
Epoch 26: loss = 486.08367919921875
Epoch 27: loss = 486.08367919921875
Epoch 28: loss = 486.0836181640625
Epoch 29: loss = 486.08367919921875
Epoch 30: loss = 486.08355712890625
Epoch 31: loss = 486.08355712890625
Epoch 32: loss = 486.08355712890625
Epoch 33: loss = 486.08355712890625
Early stopping at epoch 33 with loss 486.0836181640625
Reconstruction for fluence = 33598.18286283781 photons/pixel
Epoch 0: loss = 31902036.0
Epoch 1: loss = 1651.14404296875
Epoch 2: loss = 1224.1109619140625
Epoch 3: loss = 1161.58837890625
Epoch 4: loss = 1147.300537109375
Epoch 5: loss = 1143.778564453125
Epoch 6: loss = 1142.997802734375
Epoch 7: loss = 1142.6279296875
Epoch 8: loss = 1142.4613037109375
Epoch 9: loss = 1142.38720703125
Epoch 10: loss = 1142.35986328125
Epoch 11: loss = 1142.3505859375
Epoch 12: loss = 1142.35009765625
Epoch 13: loss = 1142.34814453125
Epoch 14: loss = 1142.347900390625
Epoch 15: loss = 1142.345947265625
Epoch 16: loss = 1142.345947265625
Epoch 17: loss = 1142.344970703125
Epoch 18: loss = 1142.3447265625
Epoch 19: loss = 1142.3447265625
Epoch 20: loss = 1142.34375
Epoch 21: loss = 1142.343505859375
Epoch 22: loss = 1142.3433837890625
Epoch 23: loss = 1142.34326171875
Epoch 24: loss = 1142.3427734375
Epoch 25: loss = 1142.3428955078125
Epoch 26: loss = 1142.3426513671875
Epoch 27: loss = 1142.342529296875
Epoch 28: loss = 1142.3427734375
Epoch 29: loss = 1142.342529296875
Epoch 30: loss = 1142.342529296875
Epoch 31: loss = 1142.342529296875
Epoch 32: loss = 1142.342529296875
Early stopping at epoch 32 with loss 1142.342529296875
Reconstruction for fluence = 78475.99703514607 photons/pixel
Epoch 0: loss = 174055136.0
Epoch 1: loss = 5403.07421875
Epoch 2: loss = 3092.06298828125
Epoch 3: loss = 2743.455078125
Epoch 4: loss = 2665.635498046875
Epoch 5: loss = 2645.655029296875
Epoch 6: loss = 2641.097900390625
Epoch 7: loss = 2639.35986328125
Epoch 8: loss = 2638.5439453125
Epoch 9: loss = 2638.158203125
Epoch 10: loss = 2638.01318359375
Epoch 11: loss = 2637.957275390625
Epoch 12: loss = 2637.93310546875
Epoch 13: loss = 2637.93212890625
Epoch 14: loss = 2637.919921875
Epoch 15: loss = 2637.916259765625
Epoch 16: loss = 2637.9150390625
Epoch 17: loss = 2637.91357421875
Epoch 18: loss = 2637.91357421875
Epoch 19: loss = 2637.911865234375
Epoch 20: loss = 2637.91162109375
Epoch 21: loss = 2637.91064453125
Epoch 22: loss = 2637.909912109375
Epoch 23: loss = 2637.910400390625
Epoch 24: loss = 2637.91015625
Epoch 25: loss = 2637.9091796875
Epoch 26: loss = 2637.9091796875
Epoch 27: loss = 2637.908935546875
Epoch 28: loss = 2637.90966796875
Epoch 29: loss = 2637.90966796875
Epoch 30: loss = 2637.90869140625
Epoch 31: loss = 2637.9091796875
Epoch 32: loss = 2637.908935546875
Epoch 33: loss = 2637.908935546875
Epoch 34: loss = 2637.9091796875
Epoch 35: loss = 2637.9091796875
Early stopping at epoch 35 with loss 2637.90869140625
Reconstruction for fluence = 183298.07108324335 photons/pixel
Epoch 0: loss = 949520064.0
Epoch 1: loss = 21278.88671875
Epoch 2: loss = 8605.662109375
Epoch 3: loss = 6739.06103515625
Epoch 4: loss = 6314.5107421875
Epoch 5: loss = 6205.56005859375
Epoch 6: loss = 6181.916015625
Epoch 7: loss = 6172.673828125
Epoch 8: loss = 6167.9296875
Epoch 9: loss = 6165.69580078125
Epoch 10: loss = 6164.8359375
Epoch 11: loss = 6164.5244140625
Epoch 12: loss = 6164.39013671875
Epoch 13: loss = 6164.330078125
Epoch 14: loss = 6164.3154296875
Epoch 15: loss = 6164.302734375
Epoch 16: loss = 6164.283203125
Epoch 17: loss = 6164.27734375
Epoch 18: loss = 6164.271484375
Epoch 19: loss = 6164.2705078125
Epoch 20: loss = 6164.2724609375
Epoch 21: loss = 6164.2685546875
Epoch 22: loss = 6164.2685546875
Epoch 23: loss = 6164.26953125
Epoch 24: loss = 6164.2705078125
Epoch 25: loss = 6164.2666015625
Epoch 26: loss = 6164.2666015625
Epoch 27: loss = 6164.26611328125
Epoch 28: loss = 6164.26806640625
Epoch 29: loss = 6164.2666015625
Epoch 30: loss = 6164.2646484375
Epoch 31: loss = 6164.26513671875
Epoch 32: loss = 6164.26806640625
Epoch 33: loss = 6164.2666015625
Epoch 34: loss = 6164.2646484375
Epoch 35: loss = 6164.2646484375
Early stopping at epoch 35 with loss 6164.2646484375
Reconstruction for fluence = 428133.2398719387 photons/pixel
Epoch 0: loss = 5180329984.0
Epoch 1: loss = 96811.265625
Epoch 2: loss = 28108.59765625
Epoch 3: loss = 17635.171875
Epoch 4: loss = 15336.259765625
Epoch 5: loss = 14738.6875
Epoch 6: loss = 14604.044921875
Epoch 7: loss = 14542.1591796875
Epoch 8: loss = 14515.19140625
Epoch 9: loss = 14502.603515625
Epoch 10: loss = 14497.62109375
Epoch 11: loss = 14495.662109375
Epoch 12: loss = 14494.9755859375
Epoch 13: loss = 14494.52734375
Epoch 14: loss = 14494.341796875
Epoch 15: loss = 14494.2216796875
Epoch 16: loss = 14494.203125
Epoch 17: loss = 14494.18359375
Epoch 18: loss = 14494.162109375
Epoch 19: loss = 14494.142578125
Epoch 20: loss = 14494.142578125
Epoch 21: loss = 14494.134765625
Epoch 22: loss = 14494.119140625
Epoch 23: loss = 14494.109375
Epoch 24: loss = 14494.1103515625
Epoch 25: loss = 14494.1103515625
Epoch 26: loss = 14494.11328125
Epoch 27: loss = 14494.11328125
Epoch 28: loss = 14494.11328125
Early stopping at epoch 28 with loss 14494.109375
Reconstruction for fluence = 1000000.0 photons/pixel
Epoch 0: loss = 28261154816.0
Epoch 1: loss = 482874.875
Epoch 2: loss = 108023.046875
Epoch 3: loss = 50960.0859375
Epoch 4: loss = 38314.98828125
Epoch 5: loss = 35097.29296875
Epoch 6: loss = 34330.28125
Epoch 7: loss = 34051.28515625
Epoch 8: loss = 33916.796875
Epoch 9: loss = 33856.61328125
Epoch 10: loss = 33833.671875
Epoch 11: loss = 33824.5625
Epoch 12: loss = 33820.96875
Epoch 13: loss = 33819.15625
Epoch 14: loss = 33819.15625
Epoch 15: loss = 33818.21875
Epoch 16: loss = 33818.03125
Epoch 17: loss = 33817.6875
Epoch 18: loss = 33817.5859375
Epoch 19: loss = 33817.5546875
Epoch 20: loss = 33817.515625
Epoch 21: loss = 33817.4765625
Epoch 22: loss = 33817.4609375
Epoch 23: loss = 33817.484375
Epoch 24: loss = 33817.46484375
Epoch 25: loss = 33817.421875
Epoch 26: loss = 33817.4140625
Epoch 27: loss = 33817.3984375
Epoch 28: loss = 33817.3984375
Epoch 29: loss = 33817.3984375
Epoch 30: loss = 33817.40625
Epoch 31: loss = 33817.3984375
Epoch 32: loss = 33817.4296875
Early stopping at epoch 32 with loss 33817.3984375
Tensors initialization on device cuda
Multiprobe = band_lim
torch.Size([1, 64, 64])

('MSE', 'PoissonNLL') RECONSTRUCTIONS

Reconstruction for fluence = 0.09999999999999999 photons/pixel
Epoch 0: loss = 0.0036829435266554356
Epoch 1: loss = 0.0036829435266554356
Epoch 2: loss = 0.0036829435266554356
Epoch 3: loss = 0.0036829435266554356
Epoch 4: loss = 0.0036829435266554356
Epoch 5: loss = 0.0036829435266554356
Early stopping at epoch 5 with loss 0.0036829435266554356
Epoch 0: loss = 0.018286604434251785
Epoch 1: loss = 0.014582425355911255
Epoch 2: loss = 0.014533006586134434
Epoch 3: loss = 0.014533006586134434
Epoch 4: loss = 0.014533006586134434
Epoch 5: loss = 0.014533006586134434
Epoch 6: loss = 0.014533006586134434
Early stopping at epoch 6 with loss 0.014582425355911255
Reconstruction for fluence = 0.23357214690901223 photons/pixel
Epoch 0: loss = 0.009551525115966797
Epoch 1: loss = 0.009551115334033966
Epoch 2: loss = 0.009550708346068859
Epoch 3: loss = 0.009550299495458603
Epoch 4: loss = 0.00954989343881607
Epoch 5: loss = 0.009549484588205814
Early stopping at epoch 5 with loss 0.009551525115966797
Epoch 0: loss = 0.03693811595439911
Epoch 1: loss = 0.028130870312452316
Epoch 2: loss = 0.02811821550130844
Epoch 3: loss = 0.02811821550130844
Epoch 4: loss = 0.02811821550130844
Epoch 5: loss = 0.02811821550130844
Epoch 6: loss = 0.02811821550130844
Early stopping at epoch 6 with loss 0.028130870312452316
Reconstruction for fluence = 0.5455594781168519 photons/pixel
Epoch 0: loss = 0.026500921696424484
Epoch 1: loss = 0.026489239186048508
Epoch 2: loss = 0.02647758647799492
Epoch 3: loss = 0.02646595984697342
Epoch 4: loss = 0.02645435743033886
Epoch 5: loss = 0.02644278109073639
Early stopping at epoch 5 with loss 0.026500921696424484
Epoch 0: loss = 0.06940808892250061
Epoch 1: loss = 0.05068197101354599
Epoch 2: loss = 0.05067092180252075
Epoch 3: loss = 0.05067092180252075
Epoch 4: loss = 0.05067092180252075
Epoch 5: loss = 0.05067092180252075
Epoch 6: loss = 0.05067092180252075
Early stopping at epoch 6 with loss 0.05068197101354599
Reconstruction for fluence = 1.2742749857031335 photons/pixel
Epoch 0: loss = 0.08361904323101044
Epoch 1: loss = 0.042967475950717926
Epoch 2: loss = 0.04296655207872391
Epoch 3: loss = 0.04296655207872391
Epoch 4: loss = 0.04296655207872391
Epoch 5: loss = 0.04296655207872391
Epoch 6: loss = 0.04296655207872391
Early stopping at epoch 6 with loss 0.042967475950717926
Epoch 0: loss = 0.08760431408882141
Epoch 1: loss = 0.08110039681196213
Epoch 2: loss = 0.08109720051288605
Epoch 3: loss = 0.08109720051288605
Epoch 4: loss = 0.08109720051288605
Epoch 5: loss = 0.08109720051288605
Epoch 6: loss = 0.08109720051288605
Early stopping at epoch 6 with loss 0.08110039681196213
Reconstruction for fluence = 2.976351441631318 photons/pixel
Epoch 0: loss = 0.3158661127090454
Epoch 1: loss = 0.1005120724439621
Epoch 2: loss = 0.10050511360168457
Epoch 3: loss = 0.10050511360168457
Epoch 4: loss = 0.10050511360168457
Epoch 5: loss = 0.10050511360168457
Epoch 6: loss = 0.10050511360168457
Early stopping at epoch 6 with loss 0.1005120724439621
Epoch 0: loss = 0.11096254736185074
Epoch 1: loss = 0.10218729823827744
Epoch 2: loss = 0.10216983407735825
Epoch 3: loss = 0.10216856002807617
Epoch 4: loss = 0.10216856002807617
Epoch 5: loss = 0.10216856002807617
Epoch 6: loss = 0.10216856002807617
Early stopping at epoch 6 with loss 0.10218729823827744
Reconstruction for fluence = 6.9519279617756045 photons/pixel
Epoch 0: loss = 1.3863186836242676
Epoch 1: loss = 0.23414641618728638
Epoch 2: loss = 0.23410677909851074
Epoch 3: loss = 0.23410558700561523
Epoch 4: loss = 0.23410555720329285
Epoch 5: loss = 0.23410555720329285
Epoch 6: loss = 0.23410555720329285
Early stopping at epoch 6 with loss 0.23414641618728638
Epoch 0: loss = 0.04464200139045715
Epoch 1: loss = 0.03351621702313423
Epoch 2: loss = 0.033501654863357544
Epoch 3: loss = 0.033500440418720245
Epoch 4: loss = 0.033500440418720245
Epoch 5: loss = 0.033500440418720245
Epoch 6: loss = 0.033500440418720245
Early stopping at epoch 6 with loss 0.03351621702313423
Reconstruction for fluence = 16.23776739188721 photons/pixel
Epoch 0: loss = 6.79904842376709
Epoch 1: loss = 0.5472285747528076
Epoch 2: loss = 0.5469449758529663
Epoch 3: loss = 0.5469379425048828
Epoch 4: loss = 0.5469378232955933
Epoch 5: loss = 0.5469377040863037
Epoch 6: loss = 0.5469377040863037
Epoch 7: loss = 0.5469377040863037
Early stopping at epoch 7 with loss 0.5469449758529663
Epoch 0: loss = -0.38826680183410645
Epoch 1: loss = -0.403343141078949
Epoch 2: loss = -0.40337318181991577
Epoch 3: loss = -0.4033742845058441
Epoch 4: loss = -0.4033745527267456
Epoch 5: loss = -0.4033745527267456
Epoch 6: loss = -0.4033745527267456
Early stopping at epoch 6 with loss -0.403343141078949
Reconstruction for fluence = 37.926901907322495 photons/pixel
Epoch 0: loss = 35.56526184082031
Epoch 1: loss = 1.2642154693603516
Epoch 2: loss = 1.2633812427520752
Epoch 3: loss = 1.263338327407837
Epoch 4: loss = 1.2633368968963623
Epoch 5: loss = 1.263336181640625
Epoch 6: loss = 1.2633358240127563
Epoch 7: loss = 1.2633358240127563
Early stopping at epoch 7 with loss 1.2633812427520752
Epoch 0: loss = -2.045121669769287
Epoch 1: loss = -2.062282085418701
Epoch 2: loss = -2.0622963905334473
Epoch 3: loss = -2.0623021125793457
Epoch 4: loss = -2.062302589416504
Epoch 5: loss = -2.062303066253662
Epoch 6: loss = -2.062303066253662
Early stopping at epoch 6 with loss -2.062282085418701
Reconstruction for fluence = 88.58667904100822 photons/pixel
Epoch 0: loss = 189.50003051757812
Epoch 1: loss = 2.97001314163208
Epoch 2: loss = 2.9665513038635254
Epoch 3: loss = 2.9663429260253906
Epoch 4: loss = 2.9663267135620117
Epoch 5: loss = 2.9663257598876953
Epoch 6: loss = 2.9663240909576416
Epoch 7: loss = 2.9663238525390625
Epoch 8: loss = 2.9663233757019043
Early stopping at epoch 8 with loss 2.9663429260253906
Epoch 0: loss = -7.436575889587402
Epoch 1: loss = -7.45902681350708
Epoch 2: loss = -7.4590301513671875
Epoch 3: loss = -7.45903205871582
Epoch 4: loss = -7.459033489227295
Epoch 5: loss = -7.459033966064453
Epoch 6: loss = -7.459033966064453
Early stopping at epoch 6 with loss -7.45902681350708
Reconstruction for fluence = 206.9138081114788 photons/pixel
Epoch 0: loss = 1025.587890625
Epoch 1: loss = 6.966915130615234
Epoch 2: loss = 6.947216033935547
Epoch 3: loss = 6.946033000946045
Epoch 4: loss = 6.945941925048828
Epoch 5: loss = 6.945878982543945
Epoch 6: loss = 6.945869445800781
Epoch 7: loss = 6.945868492126465
Epoch 8: loss = 6.945867538452148
Epoch 9: loss = 6.94586706161499
Epoch 10: loss = 6.945866584777832
Early stopping at epoch 10 with loss 6.945878982543945
Epoch 0: loss = -23.5625
Epoch 1: loss = -23.588829040527344
Epoch 2: loss = -23.58883285522461
Epoch 3: loss = -23.588836669921875
Epoch 4: loss = -23.588836669921875
Epoch 5: loss = -23.588836669921875
Epoch 6: loss = -23.588836669921875
Early stopping at epoch 6 with loss -23.588829040527344
Reconstruction for fluence = 483.2930238571752 photons/pixel
Epoch 0: loss = 5568.884765625
Epoch 1: loss = 16.261316299438477
Epoch 2: loss = 16.16988754272461
Epoch 3: loss = 16.163883209228516
Epoch 4: loss = 16.163118362426758
Epoch 5: loss = 16.162979125976562
Epoch 6: loss = 16.16297149658203
Epoch 7: loss = 16.162960052490234
Epoch 8: loss = 16.16295623779297
Epoch 9: loss = 16.162954330444336
Epoch 10: loss = 16.162954330444336
Early stopping at epoch 10 with loss 16.162979125976562
Epoch 0: loss = -69.47892761230469
Epoch 1: loss = -69.50784301757812
Epoch 2: loss = -69.50784301757812
Epoch 3: loss = -69.50784301757812
Epoch 4: loss = -69.50784301757812
Epoch 5: loss = -69.50784301757812
Epoch 6: loss = -69.50784301757812
Early stopping at epoch 6 with loss -69.50784301757812
Reconstruction for fluence = 1128.8378916846884 photons/pixel
Epoch 0: loss = 30324.4609375
Epoch 1: loss = 38.19221496582031
Epoch 2: loss = 37.93447494506836
Epoch 3: loss = 37.90123748779297
Epoch 4: loss = 37.896697998046875
Epoch 5: loss = 37.89581298828125
Epoch 6: loss = 37.89567565917969
Epoch 7: loss = 37.89563751220703
Epoch 8: loss = 37.89562225341797
Epoch 9: loss = 37.895572662353516
Epoch 10: loss = 37.89556121826172
Epoch 11: loss = 37.89556121826172
Epoch 12: loss = 37.89555358886719
Epoch 13: loss = 37.895545959472656
Epoch 14: loss = 37.895538330078125
Early stopping at epoch 14 with loss 37.895572662353516
Epoch 0: loss = -196.03561401367188
Epoch 1: loss = -196.0694580078125
Epoch 2: loss = -196.0694580078125
Epoch 3: loss = -196.0694580078125
Epoch 4: loss = -196.0694580078125
Epoch 5: loss = -196.0694580078125
Epoch 6: loss = -196.0694580078125
Early stopping at epoch 6 with loss -196.0694580078125
Reconstruction for fluence = 2636.6508987303555 photons/pixel
Epoch 0: loss = 165271.5625
Epoch 1: loss = 90.2028579711914
Epoch 2: loss = 88.475341796875
Epoch 3: loss = 88.31217956542969
Epoch 4: loss = 88.2861099243164
Epoch 5: loss = 88.28106689453125
Epoch 6: loss = 88.27996826171875
Epoch 7: loss = 88.27996826171875
Epoch 8: loss = 88.27963256835938
Epoch 9: loss = 88.27961730957031
Epoch 10: loss = 88.27961730957031
Epoch 11: loss = 88.27959442138672
Epoch 12: loss = 88.27955627441406
Epoch 13: loss = 88.27955627441406
Early stopping at epoch 13 with loss 88.27963256835938
Epoch 0: loss = -536.5845336914062
Epoch 1: loss = -536.619873046875
Epoch 2: loss = -536.619873046875
Epoch 3: loss = -536.619873046875
Epoch 4: loss = -536.619873046875
Epoch 5: loss = -536.619873046875
Epoch 6: loss = -536.619873046875
Early stopping at epoch 6 with loss -536.619873046875
Reconstruction for fluence = 6158.482110660255 photons/pixel
Epoch 0: loss = 901617.8125
Epoch 1: loss = 214.02769470214844
Epoch 2: loss = 207.0957489013672
Epoch 3: loss = 206.29864501953125
Epoch 4: loss = 206.164306640625
Epoch 5: loss = 206.13668823242188
Epoch 6: loss = 206.13101196289062
Epoch 7: loss = 206.12901306152344
Epoch 8: loss = 206.12815856933594
Epoch 9: loss = 206.12799072265625
Epoch 10: loss = 206.1279296875
Epoch 11: loss = 206.1279296875
Epoch 12: loss = 206.12783813476562
Epoch 13: loss = 206.1278076171875
Epoch 14: loss = 206.1278076171875
Epoch 0: loss = -1436.94921875
Epoch 1: loss = -1436.9840087890625
Epoch 2: loss = -1436.9840087890625
Epoch 3: loss = -1436.9840087890625
Epoch 4: loss = -1436.9840087890625
Epoch 5: loss = -1436.9840087890625
Epoch 6: loss = -1436.9840087890625
Early stopping at epoch 6 with loss -1436.9840087890625
Reconstruction for fluence = 14384.498882876629 photons/pixel
Epoch 0: loss = 4916898.0
Epoch 1: loss = 550.10302734375
Epoch 2: loss = 489.5938720703125
Epoch 3: loss = 484.55242919921875
Epoch 4: loss = 483.8797607421875
Epoch 5: loss = 483.7420959472656
Epoch 6: loss = 483.7123107910156
Epoch 7: loss = 483.7042541503906
Epoch 8: loss = 483.70111083984375
Epoch 9: loss = 483.7003173828125
Epoch 10: loss = 483.6997985839844
Epoch 11: loss = 483.6987609863281
Epoch 12: loss = 483.6986083984375
Epoch 13: loss = 483.6982727050781
Epoch 14: loss = 483.6981201171875
Epoch 0: loss = -3785.4921875
Epoch 1: loss = -3785.5283203125
Epoch 2: loss = -3785.5283203125
Epoch 3: loss = -3785.528076171875
Epoch 4: loss = -3785.528076171875
Epoch 5: loss = -3785.5283203125
Epoch 6: loss = -3785.5283203125
Early stopping at epoch 6 with loss -3785.5283203125
Reconstruction for fluence = 33598.18286283781 photons/pixel
Epoch 0: loss = 26826510.0
Epoch 1: loss = 1361.04345703125
Epoch 2: loss = 1159.9931640625
Epoch 3: loss = 1133.4708251953125
Epoch 4: loss = 1129.42431640625
Epoch 5: loss = 1128.6600341796875
Epoch 6: loss = 1128.485595703125
Epoch 7: loss = 1128.434326171875
Epoch 8: loss = 1128.4111328125
Epoch 9: loss = 1128.405517578125
Epoch 10: loss = 1128.4033203125
Epoch 11: loss = 1128.403076171875
Epoch 12: loss = 1128.40234375
Epoch 13: loss = 1128.40185546875
Epoch 14: loss = 1128.40185546875
Epoch 0: loss = -9843.091796875
Epoch 1: loss = -9843.1279296875
Epoch 2: loss = -9843.12890625
Epoch 3: loss = -9843.12890625
Epoch 4: loss = -9843.12890625
Epoch 5: loss = -9843.12890625
Epoch 6: loss = -9843.12890625
Epoch 7: loss = -9843.12890625
Early stopping at epoch 7 with loss -9843.12890625
Reconstruction for fluence = 78475.99703514607 photons/pixel
Epoch 0: loss = 146361248.0
Epoch 1: loss = 4260.26123046875
Epoch 2: loss = 2806.3564453125
Epoch 3: loss = 2668.777587890625
Epoch 4: loss = 2645.10595703125
Epoch 5: loss = 2640.126953125
Epoch 6: loss = 2639.044921875
Epoch 7: loss = 2638.679443359375
Epoch 8: loss = 2638.54052734375
Epoch 9: loss = 2638.48974609375
Epoch 10: loss = 2638.473876953125
Epoch 11: loss = 2638.470703125
Epoch 12: loss = 2638.46826171875
Epoch 13: loss = 2638.4677734375
Epoch 14: loss = 2638.466796875
Epoch 0: loss = -25331.06640625
Epoch 1: loss = -25331.1015625
Epoch 2: loss = -25331.1015625
Epoch 3: loss = -25331.1015625
Epoch 4: loss = -25331.1015625
Epoch 5: loss = -25331.103515625
Epoch 6: loss = -25331.103515625
Epoch 7: loss = -25331.103515625
Epoch 8: loss = -25331.103515625
Epoch 9: loss = -25331.103515625
Epoch 10: loss = -25331.103515625
Early stopping at epoch 10 with loss -25331.103515625
Reconstruction for fluence = 183298.07108324335 photons/pixel
Epoch 0: loss = 798417984.0
Epoch 1: loss = 14493.73828125
Epoch 2: loss = 7399.85693359375
Epoch 3: loss = 6321.201171875
Epoch 4: loss = 6193.015625
Epoch 5: loss = 6168.275390625
Epoch 6: loss = 6162.4033203125
Epoch 7: loss = 6160.619140625
Epoch 8: loss = 6159.9248046875
Epoch 9: loss = 6159.7255859375
Epoch 10: loss = 6159.6708984375
Epoch 11: loss = 6159.640625
Epoch 12: loss = 6159.630859375
Epoch 13: loss = 6159.6279296875
Epoch 14: loss = 6159.62255859375
Epoch 0: loss = -64634.7734375
Epoch 1: loss = -64634.8125
Epoch 2: loss = -64634.8125
Epoch 3: loss = -64634.8125
Epoch 4: loss = -64634.8125
Epoch 5: loss = -64634.8125
Epoch 6: loss = -64634.8125
Early stopping at epoch 6 with loss -64634.8125
Reconstruction for fluence = 428133.2398719387 photons/pixel
Epoch 0: loss = 4355965440.0
Epoch 1: loss = 56994.0078125
Epoch 2: loss = 18889.859375
Epoch 3: loss = 15321.833984375
Epoch 4: loss = 14482.935546875
Epoch 5: loss = 14342.439453125
Epoch 6: loss = 14314.8046875
Epoch 7: loss = 14304.93359375
Epoch 8: loss = 14301.25390625
Epoch 9: loss = 14300.0732421875
Epoch 10: loss = 14299.697265625
Epoch 11: loss = 14299.5849609375
Epoch 12: loss = 14299.5390625
Epoch 13: loss = 14299.525390625
Epoch 14: loss = 14299.51953125
Epoch 0: loss = -163735.5
Epoch 1: loss = -163735.53125
Epoch 2: loss = -163735.53125
Epoch 3: loss = -163735.53125
Epoch 4: loss = -163735.53125
Epoch 5: loss = -163735.53125
Epoch 6: loss = -163735.53125
Early stopping at epoch 6 with loss -163735.53125
Reconstruction for fluence = 1000000.0 photons/pixel
Epoch 0: loss = 23763666944.0
Epoch 1: loss = 278136.53125
Epoch 2: loss = 70553.15625
Epoch 3: loss = 38342.7265625
Epoch 4: loss = 34630.734375
Epoch 5: loss = 33900.16796875
Epoch 6: loss = 33745.484375
Epoch 7: loss = 33697.66796875
Epoch 8: loss = 33679.0
Epoch 9: loss = 33672.3828125
Epoch 10: loss = 33670.38671875
Epoch 11: loss = 33670.04296875
Epoch 12: loss = 33669.9140625
Epoch 13: loss = 33669.6484375
Epoch 14: loss = 33669.51953125
Epoch 0: loss = -412270.3125
Epoch 1: loss = -412270.3125
Epoch 2: loss = -412270.3125
Epoch 3: loss = -412270.3125
Epoch 4: loss = -412270.3125
Epoch 5: loss = -412270.3125
Early stopping at epoch 5 with loss -412270.3125
Simulation for steps_size=4 and n_fluences=20 completed!
