Running simulation for n_fluences=60
Tensors initialization on device cuda
Multiprobe = None

('MSE', None) RECONSTRUCTIONS

Reconstruction for fluence = 10.0 photons/pixel
Epoch 0: loss = 711684.1875
Epoch 1: loss = 307424.0625
Epoch 2: loss = 307424.0625
Epoch 3: loss = 307424.03125
Epoch 4: loss = 307424.03125
Epoch 5: loss = 307424.0625
Epoch 6: loss = 307424.0625
Epoch 7: loss = 307424.0625
Epoch 8: loss = 307424.0625
Epoch 9: loss = 307424.0625
Epoch 10: loss = 307424.0625
Epoch 11: loss = 307424.0625
Early stopping at epoch 11 with loss 307424.03125
Reconstruction for fluence = 12.154742500762866 photons/pixel
Epoch 0: loss = 821538.25
Epoch 1: loss = 359946.5625
Epoch 2: loss = 359946.5625
Epoch 3: loss = 359946.5625
Epoch 4: loss = 359946.5625
Epoch 5: loss = 359946.5625
Epoch 6: loss = 359946.5625
Epoch 7: loss = 359946.5625
Epoch 8: loss = 359946.5625
Epoch 9: loss = 359946.5625
Early stopping at epoch 9 with loss 359946.5625
Reconstruction for fluence = 14.773776525985111 photons/pixel
Epoch 0: loss = 942448.0
Epoch 1: loss = 418963.5625
Epoch 2: loss = 418963.5625
Epoch 3: loss = 418963.5625
Epoch 4: loss = 418963.5625
Epoch 5: loss = 418963.5625
Epoch 6: loss = 418963.5625
Epoch 7: loss = 418963.5625
Epoch 8: loss = 418963.5625
Epoch 9: loss = 418963.5625
Early stopping at epoch 9 with loss 418963.5625
Reconstruction for fluence = 17.9571449437164 photons/pixel
Epoch 0: loss = 1074824.25
Epoch 1: loss = 482527.75
Epoch 2: loss = 482527.75
Epoch 3: loss = 482527.75
Epoch 4: loss = 482527.75
Epoch 5: loss = 482527.75
Epoch 6: loss = 482527.75
Epoch 7: loss = 482527.75
Epoch 8: loss = 482527.75
Epoch 9: loss = 482527.75
Early stopping at epoch 9 with loss 482527.75
Reconstruction for fluence = 21.826447283974872 photons/pixel
Epoch 0: loss = 1216171.25
Epoch 1: loss = 550052.375
Epoch 2: loss = 550052.375
Epoch 3: loss = 550052.375
Epoch 4: loss = 550052.375
Epoch 5: loss = 550052.375
Epoch 6: loss = 550052.375
Epoch 7: loss = 550052.375
Epoch 8: loss = 550052.375
Epoch 9: loss = 550052.375
Early stopping at epoch 9 with loss 550052.375
Reconstruction for fluence = 26.52948464431896 photons/pixel
Epoch 0: loss = 1367784.75
Epoch 1: loss = 620650.5
Epoch 2: loss = 620650.25
Epoch 3: loss = 620650.25
Epoch 4: loss = 620650.25
Epoch 5: loss = 620650.25
Epoch 6: loss = 620650.25
Epoch 7: loss = 620650.25
Epoch 8: loss = 620650.25
Epoch 9: loss = 620650.25
Epoch 10: loss = 620650.25
Early stopping at epoch 10 with loss 620650.25
Reconstruction for fluence = 32.245905452963946 photons/pixel
Epoch 0: loss = 1523268.0
Epoch 1: loss = 692122.75
Epoch 2: loss = 692122.6875
Epoch 3: loss = 692122.6875
Epoch 4: loss = 692122.75
Epoch 5: loss = 692122.6875
Epoch 6: loss = 692122.6875
Epoch 7: loss = 692122.6875
Epoch 8: loss = 692122.6875
Epoch 9: loss = 692122.6875
Epoch 10: loss = 692122.6875
Early stopping at epoch 10 with loss 692122.6875
Reconstruction for fluence = 39.19406774847219 photons/pixel
Epoch 0: loss = 1685020.75
Epoch 1: loss = 762099.5625
Epoch 2: loss = 762099.5
Epoch 3: loss = 762099.5
Epoch 4: loss = 762099.5
Epoch 5: loss = 762099.5
Epoch 6: loss = 762099.5
Epoch 7: loss = 762099.5
Epoch 8: loss = 762099.5
Epoch 9: loss = 762099.5
Epoch 10: loss = 762099.5
Early stopping at epoch 10 with loss 762099.5
Reconstruction for fluence = 47.639380104013405 photons/pixel
Epoch 0: loss = 1844054.75
Epoch 1: loss = 825276.25
Epoch 2: loss = 825276.125
Epoch 3: loss = 825276.125
Epoch 4: loss = 825276.125
Epoch 5: loss = 825276.125
Epoch 6: loss = 825276.125
Epoch 7: loss = 825276.125
Epoch 8: loss = 825276.1875
Epoch 9: loss = 825276.1875
Epoch 10: loss = 825276.1875
Early stopping at epoch 10 with loss 825276.125
Reconstruction for fluence = 57.90443980602486 photons/pixel
Epoch 0: loss = 2008897.125
Epoch 1: loss = 880470.625
Epoch 2: loss = 880470.625
Epoch 3: loss = 880470.625
Epoch 4: loss = 880470.625
Epoch 5: loss = 880470.625
Epoch 6: loss = 880470.625
Epoch 7: loss = 880470.625
Epoch 8: loss = 880470.625
Epoch 9: loss = 880470.625
Early stopping at epoch 9 with loss 880470.625
Reconstruction for fluence = 70.38135554931554 photons/pixel
Epoch 0: loss = 2175003.5
Epoch 1: loss = 924780.25
Epoch 2: loss = 924780.1875
Epoch 3: loss = 924780.1875
Epoch 4: loss = 924780.25
Epoch 5: loss = 924780.25
Epoch 6: loss = 924780.25
Epoch 7: loss = 924780.25
Epoch 8: loss = 924780.25
Epoch 9: loss = 924780.25
Epoch 10: loss = 924780.25
Early stopping at epoch 10 with loss 924780.1875
Reconstruction for fluence = 85.5467253556568 photons/pixel
Epoch 0: loss = 2350095.0
Epoch 1: loss = 957402.75
Epoch 2: loss = 957402.625
Epoch 3: loss = 957402.625
Epoch 4: loss = 957402.625
Epoch 5: loss = 957402.625
Epoch 6: loss = 957402.625
Epoch 7: loss = 957402.625
Epoch 8: loss = 957402.625
Epoch 9: loss = 957402.5625
Epoch 10: loss = 957402.625
Epoch 11: loss = 957402.625
Epoch 12: loss = 957402.625
Epoch 13: loss = 957402.5625
Epoch 14: loss = 957402.625
Epoch 15: loss = 957402.625
Epoch 16: loss = 957402.625
Epoch 17: loss = 957402.625
Early stopping at epoch 17 with loss 957402.5625
Reconstruction for fluence = 103.979841848149 photons/pixel
Epoch 0: loss = 2528880.25
Epoch 1: loss = 974530.1875
Epoch 2: loss = 974530.1875
Epoch 3: loss = 974530.125
Epoch 4: loss = 974530.125
Epoch 5: loss = 974530.125
Epoch 6: loss = 974530.125
Epoch 7: loss = 974530.125
Epoch 8: loss = 974530.125
Epoch 9: loss = 974530.125
Epoch 10: loss = 974530.125
Epoch 11: loss = 974530.125
Early stopping at epoch 11 with loss 974530.125
Reconstruction for fluence = 126.38482029342973 photons/pixel
Epoch 0: loss = 2738746.0
Epoch 1: loss = 984657.3125
Epoch 2: loss = 984657.3125
Epoch 3: loss = 984657.25
Epoch 4: loss = 984657.25
Epoch 5: loss = 984657.25
Epoch 6: loss = 984657.25
Epoch 7: loss = 984657.25
Epoch 8: loss = 984657.25
Epoch 9: loss = 984657.25
Epoch 10: loss = 984657.25
Epoch 11: loss = 984657.25
Early stopping at epoch 11 with loss 984657.25
Reconstruction for fluence = 153.6174946671828 photons/pixel
Epoch 0: loss = 2988618.0
Epoch 1: loss = 989061.875
Epoch 2: loss = 989061.875
Epoch 3: loss = 989061.875
Epoch 4: loss = 989061.875
Epoch 5: loss = 989061.875
Epoch 6: loss = 989061.875
Epoch 7: loss = 989061.875
Epoch 8: loss = 989061.875
Epoch 9: loss = 989061.875
Early stopping at epoch 9 with loss 989061.875
Reconstruction for fluence = 186.71810912919207 photons/pixel
Epoch 0: loss = 3290001.0
Epoch 1: loss = 990878.5625
Epoch 2: loss = 990878.5
Epoch 3: loss = 990878.5
Epoch 4: loss = 990878.5
Epoch 5: loss = 990878.5
Epoch 6: loss = 990878.5
Epoch 7: loss = 990878.5
Epoch 8: loss = 990878.5
Epoch 9: loss = 990878.5
Epoch 10: loss = 990878.5
Early stopping at epoch 10 with loss 990878.5
Reconstruction for fluence = 226.95105366946683 photons/pixel
Epoch 0: loss = 3669122.5
Epoch 1: loss = 997027.875
Epoch 2: loss = 997027.9375
Epoch 3: loss = 997027.9375
Epoch 4: loss = 997027.9375
Epoch 5: loss = 997027.9375
Epoch 6: loss = 997027.9375
Epoch 7: loss = 997027.9375
Epoch 8: loss = 997027.9375
Epoch 9: loss = 997027.9375
Early stopping at epoch 9 with loss 997027.875
Reconstruction for fluence = 275.8531617629181 photons/pixel
Epoch 0: loss = 4158183.25
Epoch 1: loss = 1013762.625
Epoch 2: loss = 1013762.625
Epoch 3: loss = 1013762.625
Epoch 4: loss = 1013762.625
Epoch 5: loss = 1013762.625
Epoch 6: loss = 1013762.625
Epoch 7: loss = 1013762.625
Epoch 8: loss = 1013762.625
Epoch 9: loss = 1013762.625
Early stopping at epoch 9 with loss 1013762.625
Reconstruction for fluence = 335.29241492495566 photons/pixel
Epoch 0: loss = 4764130.5
Epoch 1: loss = 1040575.0
Epoch 2: loss = 1040575.0
Epoch 3: loss = 1040574.9375
Epoch 4: loss = 1040574.9375
Epoch 5: loss = 1040575.0
Epoch 6: loss = 1040574.9375
Epoch 7: loss = 1040574.9375
Epoch 8: loss = 1040575.0
Epoch 9: loss = 1040575.0
Epoch 10: loss = 1040575.0
Epoch 11: loss = 1040575.0
Early stopping at epoch 11 with loss 1040574.9375
Reconstruction for fluence = 407.5392965871778 photons/pixel
Epoch 0: loss = 5526726.0
Epoch 1: loss = 1078964.875
Epoch 2: loss = 1078964.875
Epoch 3: loss = 1078964.875
Epoch 4: loss = 1078964.875
Epoch 5: loss = 1078964.75
Epoch 6: loss = 1078964.75
Epoch 7: loss = 1078964.75
Epoch 8: loss = 1078964.75
Epoch 9: loss = 1078964.75
Epoch 10: loss = 1078964.75
Epoch 11: loss = 1078964.75
Epoch 12: loss = 1078964.75
Epoch 13: loss = 1078964.75
Early stopping at epoch 13 with loss 1078964.75
Reconstruction for fluence = 495.35352089591703 photons/pixel
Epoch 0: loss = 6463474.5
Epoch 1: loss = 1132147.0
Epoch 2: loss = 1132146.875
Epoch 3: loss = 1132146.875
Epoch 4: loss = 1132146.875
Epoch 5: loss = 1132146.875
Epoch 6: loss = 1132147.0
Epoch 7: loss = 1132146.875
Epoch 8: loss = 1132146.875
Epoch 9: loss = 1132146.875
Epoch 10: loss = 1132146.875
Early stopping at epoch 10 with loss 1132146.875
Reconstruction for fluence = 602.0894493336125 photons/pixel
Epoch 0: loss = 7636655.0
Epoch 1: loss = 1196022.375
Epoch 2: loss = 1196022.375
Epoch 3: loss = 1196022.375
Epoch 4: loss = 1196022.25
Epoch 5: loss = 1196022.25
Epoch 6: loss = 1196022.25
Epoch 7: loss = 1196022.25
Epoch 8: loss = 1196022.25
Epoch 9: loss = 1196022.25
Epoch 10: loss = 1196022.25
Epoch 11: loss = 1196022.25
Epoch 12: loss = 1196022.25
Early stopping at epoch 12 with loss 1196022.25
Reconstruction for fluence = 731.8242219076175 photons/pixel
Epoch 0: loss = 9056975.0
Epoch 1: loss = 1270502.625
Epoch 2: loss = 1270502.25
Epoch 3: loss = 1270502.125
Epoch 4: loss = 1270502.125
Epoch 5: loss = 1270502.25
Epoch 6: loss = 1270502.125
Epoch 7: loss = 1270502.25
Epoch 8: loss = 1270502.25
Epoch 9: loss = 1270502.25
Epoch 10: loss = 1270502.25
Epoch 11: loss = 1270502.25
Early stopping at epoch 11 with loss 1270502.125
Reconstruction for fluence = 889.5134973108236 photons/pixel
Epoch 0: loss = 10799612.0
Epoch 1: loss = 1356664.0
Epoch 2: loss = 1356664.0
Epoch 3: loss = 1356664.0
Epoch 4: loss = 1356664.0
Epoch 5: loss = 1356664.0
Epoch 6: loss = 1356664.0
Epoch 7: loss = 1356664.0
Epoch 8: loss = 1356664.0
Epoch 9: loss = 1356664.0
Early stopping at epoch 9 with loss 1356664.0
Reconstruction for fluence = 1081.1807510766077 photons/pixel
Epoch 0: loss = 12930138.0
Epoch 1: loss = 1451495.0
Epoch 2: loss = 1451494.75
Epoch 3: loss = 1451494.75
Epoch 4: loss = 1451494.75
Epoch 5: loss = 1451494.875
Epoch 6: loss = 1451494.875
Epoch 7: loss = 1451494.75
Epoch 8: loss = 1451494.75
Epoch 9: loss = 1451494.75
Epoch 10: loss = 1451494.75
Early stopping at epoch 10 with loss 1451494.75
Reconstruction for fluence = 1314.1473626117554 photons/pixel
Epoch 0: loss = 15525222.0
Epoch 1: loss = 1555502.875
Epoch 2: loss = 1555502.75
Epoch 3: loss = 1555502.625
Epoch 4: loss = 1555502.625
Epoch 5: loss = 1555502.625
Epoch 6: loss = 1555502.625
Epoch 7: loss = 1555502.625
Epoch 8: loss = 1555502.625
Epoch 9: loss = 1555502.625
Epoch 10: loss = 1555502.625
Epoch 11: loss = 1555502.625
Early stopping at epoch 11 with loss 1555502.625
Reconstruction for fluence = 1597.312280060254 photons/pixel
Epoch 0: loss = 18661450.0
Epoch 1: loss = 1664083.125
Epoch 2: loss = 1664082.875
Epoch 3: loss = 1664082.75
Epoch 4: loss = 1664082.75
Epoch 5: loss = 1664082.75
Epoch 6: loss = 1664082.75
Epoch 7: loss = 1664082.75
Epoch 8: loss = 1664082.75
Epoch 9: loss = 1664082.75
Epoch 10: loss = 1664082.75
Epoch 11: loss = 1664082.75
Early stopping at epoch 11 with loss 1664082.75
Reconstruction for fluence = 1941.4919457438816 photons/pixel
Epoch 0: loss = 22501716.0
Epoch 1: loss = 1785964.0
Epoch 2: loss = 1785963.5
Epoch 3: loss = 1785963.5
Epoch 4: loss = 1785963.5
Epoch 5: loss = 1785963.5
Epoch 6: loss = 1785963.5
Epoch 7: loss = 1785963.5
Epoch 8: loss = 1785963.5
Epoch 9: loss = 1785963.5
Epoch 10: loss = 1785963.5
Early stopping at epoch 10 with loss 1785963.5
Reconstruction for fluence = 2359.8334667821937 photons/pixel
Epoch 0: loss = 27166392.0
Epoch 1: loss = 1914277.875
Epoch 2: loss = 1914277.25
Epoch 3: loss = 1914277.25
Epoch 4: loss = 1914277.125
Epoch 5: loss = 1914277.25
Epoch 6: loss = 1914277.25
Epoch 7: loss = 1914277.25
Epoch 8: loss = 1914277.25
Epoch 9: loss = 1914277.25
Epoch 10: loss = 1914277.25
Epoch 11: loss = 1914277.25
Epoch 12: loss = 1914277.25
Early stopping at epoch 12 with loss 1914277.125
Reconstruction for fluence = 2868.3168133420086 photons/pixel
Epoch 0: loss = 32836440.0
Epoch 1: loss = 2049741.5
Epoch 2: loss = 2049741.0
Epoch 3: loss = 2049740.75
Epoch 4: loss = 2049740.75
Epoch 5: loss = 2049740.875
Epoch 6: loss = 2049740.875
Epoch 7: loss = 2049740.875
Epoch 8: loss = 2049740.875
Epoch 9: loss = 2049740.875
Epoch 10: loss = 2049740.875
Epoch 11: loss = 2049740.875
Early stopping at epoch 11 with loss 2049740.75
Reconstruction for fluence = 3486.365227678084 photons/pixel
Epoch 0: loss = 39709264.0
Epoch 1: loss = 2192207.0
Epoch 2: loss = 2192203.5
Epoch 3: loss = 2192203.5
Epoch 4: loss = 2192203.5
Epoch 5: loss = 2192203.5
Epoch 6: loss = 2192203.5
Epoch 7: loss = 2192203.5
Epoch 8: loss = 2192203.5
Epoch 9: loss = 2192203.5
Epoch 10: loss = 2192203.5
Early stopping at epoch 10 with loss 2192203.5
Reconstruction for fluence = 4237.587160604064 photons/pixel
Epoch 0: loss = 48096896.0
Epoch 1: loss = 2344595.5
Epoch 2: loss = 2344594.25
Epoch 3: loss = 2344594.0
Epoch 4: loss = 2344594.0
Epoch 5: loss = 2344594.0
Epoch 6: loss = 2344594.0
Epoch 7: loss = 2344594.0
Epoch 8: loss = 2344594.0
Epoch 9: loss = 2344594.25
Epoch 10: loss = 2344594.25
Epoch 11: loss = 2344594.25
Early stopping at epoch 11 with loss 2344594.0
Reconstruction for fluence = 5150.678076168122 photons/pixel
Epoch 0: loss = 58289992.0
Epoch 1: loss = 2503815.0
Epoch 2: loss = 2503813.5
Epoch 3: loss = 2503813.25
Epoch 4: loss = 2503813.25
Epoch 5: loss = 2503813.25
Epoch 6: loss = 2503813.0
Epoch 7: loss = 2503813.0
Epoch 8: loss = 2503813.25
Epoch 9: loss = 2503813.25
Epoch 10: loss = 2503813.25
Epoch 11: loss = 2503813.25
Epoch 12: loss = 2503813.25
Epoch 13: loss = 2503813.0
Epoch 14: loss = 2503813.25
Early stopping at epoch 14 with loss 2503813.0
Reconstruction for fluence = 6260.516572014815 photons/pixel
Epoch 0: loss = 70662880.0
Epoch 1: loss = 2664901.75
Epoch 2: loss = 2664900.0
Epoch 3: loss = 2664899.75
Epoch 4: loss = 2664899.75
Epoch 5: loss = 2664899.75
Epoch 6: loss = 2664899.75
Epoch 7: loss = 2664899.75
Epoch 8: loss = 2664899.75
Epoch 9: loss = 2664899.75
Epoch 10: loss = 2664899.75
Epoch 11: loss = 2664899.75
Early stopping at epoch 11 with loss 2664899.75
Reconstruction for fluence = 7609.496685459875 photons/pixel
Epoch 0: loss = 85693168.0
Epoch 1: loss = 2836187.5
Epoch 2: loss = 2836185.75
Epoch 3: loss = 2836185.25
Epoch 4: loss = 2836185.25
Epoch 5: loss = 2836185.25
Epoch 6: loss = 2836185.25
Epoch 7: loss = 2836185.25
Epoch 8: loss = 2836185.25
Epoch 9: loss = 2836185.25
Epoch 10: loss = 2836185.25
Epoch 11: loss = 2836185.25
Early stopping at epoch 11 with loss 2836185.25
Reconstruction for fluence = 9249.147277217335 photons/pixel
Epoch 0: loss = 103987504.0
Epoch 1: loss = 3007418.5
Epoch 2: loss = 3007415.0
Epoch 3: loss = 3007415.0
Epoch 4: loss = 3007415.0
Epoch 5: loss = 3007415.0
Epoch 6: loss = 3007415.0
Epoch 7: loss = 3007415.0
Epoch 8: loss = 3007415.0
Epoch 9: loss = 3007415.0
Epoch 10: loss = 3007415.0
Early stopping at epoch 10 with loss 3007415.0
Reconstruction for fluence = 11242.100350620862 photons/pixel
Epoch 0: loss = 126217952.0
Epoch 1: loss = 3182577.0
Epoch 2: loss = 3182572.75
Epoch 3: loss = 3182572.75
Epoch 4: loss = 3182572.5
Epoch 5: loss = 3182572.5
Epoch 6: loss = 3182572.5
Epoch 7: loss = 3182572.5
Epoch 8: loss = 3182572.5
Epoch 9: loss = 3182572.5
Epoch 10: loss = 3182572.5
Epoch 11: loss = 3182572.5
Epoch 12: loss = 3182572.5
Early stopping at epoch 12 with loss 3182572.5
Reconstruction for fluence = 13664.483492953243 photons/pixel
Epoch 0: loss = 153231040.0
Epoch 1: loss = 3359351.0
Epoch 2: loss = 3359346.5
Epoch 3: loss = 3359346.5
Epoch 4: loss = 3359346.5
Epoch 5: loss = 3359346.25
Epoch 6: loss = 3359346.0
Epoch 7: loss = 3359346.25
Epoch 8: loss = 3359346.0
Epoch 9: loss = 3359346.0
Epoch 10: loss = 3359346.0
Epoch 11: loss = 3359346.0
Epoch 12: loss = 3359346.25
Epoch 13: loss = 3359346.25
Epoch 14: loss = 3359346.25
Early stopping at epoch 14 with loss 3359346.0
Reconstruction for fluence = 16608.827826277167 photons/pixel
Epoch 0: loss = 186065440.0
Epoch 1: loss = 3534522.5
Epoch 2: loss = 3534513.25
Epoch 3: loss = 3534513.25
Epoch 4: loss = 3534513.25
Epoch 5: loss = 3534513.25
Epoch 6: loss = 3534513.25
Epoch 7: loss = 3534513.25
Epoch 8: loss = 3534513.25
Epoch 9: loss = 3534513.25
Epoch 10: loss = 3534513.25
Early stopping at epoch 10 with loss 3534513.25
Reconstruction for fluence = 20187.60254679039 photons/pixel
Epoch 0: loss = 226002512.0
Epoch 1: loss = 3702755.0
Epoch 2: loss = 3702745.5
Epoch 3: loss = 3702745.5
Epoch 4: loss = 3702745.5
Epoch 5: loss = 3702745.5
Epoch 6: loss = 3702745.5
Epoch 7: loss = 3702745.5
Epoch 8: loss = 3702745.5
Epoch 9: loss = 3702745.5
Epoch 10: loss = 3702745.5
Early stopping at epoch 10 with loss 3702745.5
Reconstruction for fluence = 24537.51106639817 photons/pixel
Epoch 0: loss = 274547648.0
Epoch 1: loss = 3870535.0
Epoch 2: loss = 3870482.0
Epoch 3: loss = 3870482.0
Epoch 4: loss = 3870482.0
Epoch 5: loss = 3870482.0
Epoch 6: loss = 3870482.0
Epoch 7: loss = 3870482.0
Epoch 8: loss = 3870482.0
Epoch 9: loss = 3870482.0
Epoch 10: loss = 3870482.0
Early stopping at epoch 10 with loss 3870482.0
Reconstruction for fluence = 29824.71286216888 photons/pixel
Epoch 0: loss = 333457536.0
Epoch 1: loss = 4023994.75
Epoch 2: loss = 4023972.5
Epoch 3: loss = 4023971.5
Epoch 4: loss = 4023971.25
Epoch 5: loss = 4023971.25
Epoch 6: loss = 4023971.25
Epoch 7: loss = 4023971.25
Epoch 8: loss = 4023971.25
Epoch 9: loss = 4023971.25
Epoch 10: loss = 4023971.25
Epoch 11: loss = 4023971.25
Epoch 12: loss = 4023971.25
Early stopping at epoch 12 with loss 4023971.25
Reconstruction for fluence = 36251.17049988528 photons/pixel
Epoch 0: loss = 405130656.0
Epoch 1: loss = 4174001.0
Epoch 2: loss = 4173981.5
Epoch 3: loss = 4173981.5
Epoch 4: loss = 4173981.5
Epoch 5: loss = 4173981.25
Epoch 6: loss = 4173981.25
Epoch 7: loss = 4173981.25
Epoch 8: loss = 4173981.5
Epoch 9: loss = 4173981.5
Epoch 10: loss = 4173981.5
Epoch 11: loss = 4173981.5
Epoch 12: loss = 4173981.5
Epoch 13: loss = 4173981.5
Early stopping at epoch 13 with loss 4173981.25
Reconstruction for fluence = 44062.36427773573 photons/pixel
Epoch 0: loss = 492253408.0
Epoch 1: loss = 4312932.0
Epoch 2: loss = 4312903.0
Epoch 3: loss = 4312903.0
Epoch 4: loss = 4312903.0
Epoch 5: loss = 4312903.0
Epoch 6: loss = 4312903.0
Epoch 7: loss = 4312903.0
Epoch 8: loss = 4312903.0
Epoch 9: loss = 4312903.0
Epoch 10: loss = 4312903.0
Early stopping at epoch 10 with loss 4312903.0
Reconstruction for fluence = 53556.669177068965 photons/pixel
Epoch 0: loss = 598160000.0
Epoch 1: loss = 4434277.0
Epoch 2: loss = 4434242.0
Epoch 3: loss = 4434241.5
Epoch 4: loss = 4434241.0
Epoch 5: loss = 4434241.0
Epoch 6: loss = 4434241.0
Epoch 7: loss = 4434241.0
Epoch 8: loss = 4434241.0
Epoch 9: loss = 4434241.0
Epoch 10: loss = 4434241.0
Epoch 11: loss = 4434241.0
Epoch 12: loss = 4434241.0
Early stopping at epoch 12 with loss 4434241.0
Reconstruction for fluence = 65096.75230458164 photons/pixel
Epoch 0: loss = 726846528.0
Epoch 1: loss = 4545190.0
Epoch 2: loss = 4545160.0
Epoch 3: loss = 4545160.0
Epoch 4: loss = 4545160.0
Epoch 5: loss = 4545160.0
Epoch 6: loss = 4545160.0
Epoch 7: loss = 4545160.0
Epoch 8: loss = 4545160.0
Epoch 9: loss = 4545160.0
Epoch 10: loss = 4545160.0
Early stopping at epoch 10 with loss 4545160.0
Reconstruction for fluence = 79123.42618981327 photons/pixel
Epoch 0: loss = 883294016.0
Epoch 1: loss = 4640159.0
Epoch 2: loss = 4640093.0
Epoch 3: loss = 4640093.0
Epoch 4: loss = 4640093.0
Epoch 5: loss = 4640093.0
Epoch 6: loss = 4640093.0
Epoch 7: loss = 4640093.0
Epoch 8: loss = 4640093.0
Epoch 9: loss = 4640093.0
Epoch 10: loss = 4640093.0
Early stopping at epoch 10 with loss 4640093.0
Reconstruction for fluence = 96172.48711152964 photons/pixel
Epoch 0: loss = 1073423872.0
Epoch 1: loss = 4722416.0
Epoch 2: loss = 4722335.0
Epoch 3: loss = 4722333.0
Epoch 4: loss = 4722333.0
Epoch 5: loss = 4722333.0
Epoch 6: loss = 4722333.0
Epoch 7: loss = 4722333.0
Epoch 8: loss = 4722333.0
Epoch 9: loss = 4722333.0
Epoch 10: loss = 4722333.0
Epoch 11: loss = 4722333.0
Early stopping at epoch 11 with loss 4722333.0
Reconstruction for fluence = 116895.18164985777 photons/pixel
Epoch 0: loss = 1304460288.0
Epoch 1: loss = 4788528.0
Epoch 2: loss = 4788443.0
Epoch 3: loss = 4788437.0
Epoch 4: loss = 4788436.0
Epoch 5: loss = 4788436.0
Epoch 6: loss = 4788436.0
Epoch 7: loss = 4788436.0
Epoch 8: loss = 4788436.0
Epoch 9: loss = 4788436.0
Epoch 10: loss = 4788436.0
Epoch 11: loss = 4788436.0
Epoch 12: loss = 4788436.0
Early stopping at epoch 12 with loss 4788436.0
Reconstruction for fluence = 142083.08325339208 photons/pixel
