Running simulation for steps_size=2 and n_fluences=20
Steps size: 2
Tensors initialization on device cuda
Multiprobe = band_lim
torch.Size([1, 64, 64])

('MSE', None) RECONSTRUCTIONS

Reconstruction for fluence = 0.09999999999999999 photons/pixel
Epoch 0: loss = 0.0023976361844688654
Epoch 1: loss = 0.0023975842632353306
Epoch 2: loss = 0.0023975325748324394
Epoch 3: loss = 0.002397480420768261
Epoch 4: loss = 0.002397428499534726
Epoch 5: loss = 0.0023973765783011913
Early stopping at epoch 5 with loss 0.0023976361844688654
Reconstruction for fluence = 0.23357214690901223 photons/pixel
Epoch 0: loss = 0.0052733528427779675
Epoch 1: loss = 0.005273093469440937
Epoch 2: loss = 0.005272833630442619
Epoch 3: loss = 0.005272573325783014
Epoch 4: loss = 0.005272313486784697
Epoch 5: loss = 0.005272054113447666
Early stopping at epoch 5 with loss 0.0052733528427779675
Reconstruction for fluence = 0.5455594781168519 photons/pixel
Epoch 0: loss = 0.01117582805454731
Epoch 1: loss = 0.011174580082297325
Epoch 2: loss = 0.01117333211004734
Epoch 3: loss = 0.011172083206474781
Epoch 4: loss = 0.011170836165547371
Epoch 5: loss = 0.011169588193297386
Early stopping at epoch 5 with loss 0.01117582805454731
Reconstruction for fluence = 1.2742749857031335 photons/pixel
Epoch 0: loss = 0.022364050149917603
Epoch 1: loss = 0.022358477115631104
Epoch 2: loss = 0.022352907806634903
Epoch 3: loss = 0.022347334772348404
Epoch 4: loss = 0.022341767325997353
Epoch 5: loss = 0.02233620174229145
Early stopping at epoch 5 with loss 0.022364050149917603
Reconstruction for fluence = 2.976351441631318 photons/pixel
Epoch 0: loss = 0.04143662378191948
Epoch 1: loss = 0.04141375422477722
Epoch 2: loss = 0.04139088839292526
Epoch 3: loss = 0.041368044912815094
Epoch 4: loss = 0.041345223784446716
Epoch 5: loss = 0.04132241755723953
Epoch 6: loss = 0.041299641132354736
Epoch 7: loss = 0.04127688705921173
Epoch 8: loss = 0.041254155337810516
Epoch 9: loss = 0.04123144596815109
Epoch 10: loss = 0.04120876267552376
Epoch 11: loss = 0.041186101734638214
Epoch 12: loss = 0.04116346314549446
Epoch 13: loss = 0.0411408469080925
Epoch 14: loss = 0.04111825302243233
Epoch 15: loss = 0.041095685213804245
Epoch 16: loss = 0.041073139756917953
Epoch 17: loss = 0.04105062037706375
Epoch 18: loss = 0.04102811962366104
Epoch 19: loss = 0.04100564122200012
Epoch 20: loss = 0.04098319262266159
Epoch 21: loss = 0.04096075892448425
Epoch 22: loss = 0.040938347578048706
Epoch 23: loss = 0.04091596603393555
Epoch 24: loss = 0.04089360684156418
Epoch 25: loss = 0.0408712662756443
Epoch 26: loss = 0.040848951786756516
Epoch 27: loss = 0.04082665964961052
Epoch 28: loss = 0.040804389864206314
Epoch 29: loss = 0.0407821387052536
Epoch 30: loss = 0.04075991362333298
Epoch 31: loss = 0.04073771461844444
Epoch 32: loss = 0.0407155379652977
Epoch 33: loss = 0.04069337993860245
Epoch 34: loss = 0.04067124426364899
Epoch 35: loss = 0.040649138391017914
Epoch 36: loss = 0.040627047419548035
Epoch 37: loss = 0.04060498625040054
Epoch 38: loss = 0.040582943707704544
Epoch 39: loss = 0.040560923516750336
Epoch 40: loss = 0.04053892567753792
Epoch 41: loss = 0.04051695019006729
Epoch 42: loss = 0.040494997054338455
Epoch 43: loss = 0.04047306999564171
Epoch 44: loss = 0.040451161563396454
Epoch 45: loss = 0.04042927548289299
Epoch 46: loss = 0.04040741175413132
Epoch 47: loss = 0.04038557410240173
Epoch 48: loss = 0.04036375507712364
Epoch 49: loss = 0.04034195840358734
Epoch 50: loss = 0.04032018780708313
Epoch 51: loss = 0.04029843211174011
Epoch 52: loss = 0.04027670621871948
Epoch 53: loss = 0.04025500267744064
Epoch 54: loss = 0.040233317762613297
Epoch 55: loss = 0.04021165519952774
Epoch 56: loss = 0.040190018713474274
Epoch 57: loss = 0.040168397128582
Epoch 58: loss = 0.040146805346012115
Epoch 59: loss = 0.040125228464603424
Epoch 60: loss = 0.04010368138551712
Epoch 61: loss = 0.04008215293288231
Epoch 62: loss = 0.04006064683198929
Epoch 63: loss = 0.04003915935754776
Epoch 64: loss = 0.04001769796013832
Epoch 65: loss = 0.03999625891447067
Epoch 66: loss = 0.03997483849525452
Epoch 67: loss = 0.03995344042778015
Epoch 68: loss = 0.039932068437337875
Epoch 69: loss = 0.03991071507334709
Epoch 70: loss = 0.0398893840610981
Epoch 71: loss = 0.0398680754005909
Epoch 72: loss = 0.039846789091825485
Epoch 73: loss = 0.039825521409511566
Epoch 74: loss = 0.03980427607893944
Epoch 75: loss = 0.0397830568253994
Epoch 76: loss = 0.03976185619831085
Epoch 77: loss = 0.0397406741976738
Epoch 78: loss = 0.03971952199935913
Epoch 79: loss = 0.03969838470220566
Epoch 80: loss = 0.03967727720737457
Epoch 81: loss = 0.03965618088841438
Epoch 82: loss = 0.03963511437177658
Epoch 83: loss = 0.03961406275629997
Epoch 84: loss = 0.039593037217855453
Epoch 85: loss = 0.03957203030586243
Epoch 86: loss = 0.03955104947090149
Epoch 87: loss = 0.039530083537101746
Epoch 88: loss = 0.03950914740562439
Epoch 89: loss = 0.03948822617530823
Epoch 90: loss = 0.039467327296733856
Epoch 91: loss = 0.039446450769901276
Epoch 92: loss = 0.039425596594810486
Epoch 93: loss = 0.03940476104617119
Epoch 94: loss = 0.03938394784927368
Epoch 95: loss = 0.039363160729408264
Epoch 96: loss = 0.03934239223599434
Epoch 97: loss = 0.039321642369031906
Epoch 98: loss = 0.039300914853811264
Epoch 99: loss = 0.03928020969033241
Epoch 100: loss = 0.039259523153305054
Epoch 101: loss = 0.039238858968019485
Epoch 102: loss = 0.03921821713447571
Epoch 103: loss = 0.03919759392738342
Epoch 104: loss = 0.03917699307203293
Epoch 105: loss = 0.03915642201900482
Epoch 106: loss = 0.03913585841655731
Epoch 107: loss = 0.03911532461643219
Epoch 108: loss = 0.03909480944275856
Epoch 109: loss = 0.03907431289553642
Epoch 110: loss = 0.039053842425346375
Epoch 111: loss = 0.03903339058160782
Epoch 112: loss = 0.039012957364320755
Epoch 113: loss = 0.03899254649877548
Epoch 114: loss = 0.038972157984972
Epoch 115: loss = 0.03895178809762001
Epoch 116: loss = 0.03893144056200981
Epoch 117: loss = 0.038911111652851105
Epoch 118: loss = 0.03889080509543419
Epoch 119: loss = 0.038870520889759064
Epoch 120: loss = 0.03885025531053543
Epoch 121: loss = 0.03883001208305359
Epoch 122: loss = 0.03880979120731354
Epoch 123: loss = 0.03878958523273468
Epoch 124: loss = 0.038769401609897614
Epoch 125: loss = 0.03874924033880234
Epoch 126: loss = 0.03872910514473915
Epoch 127: loss = 0.03870898485183716
Epoch 128: loss = 0.03868888318538666
Epoch 129: loss = 0.038668807595968246
Epoch 130: loss = 0.03864874690771103
Epoch 131: loss = 0.0386287085711956
Epoch 132: loss = 0.03860869258642197
Epoch 133: loss = 0.03858869895339012
Epoch 134: loss = 0.03856872394680977
Epoch 135: loss = 0.03854876756668091
Early stopping at epoch 135 with loss 0.03864874690771103
Reconstruction for fluence = 6.9519279617756045 photons/pixel
Epoch 0: loss = 0.06935608386993408
Epoch 1: loss = 0.03265172243118286
Epoch 2: loss = 0.03265172243118286
Epoch 3: loss = 0.03265172243118286
Epoch 4: loss = 0.03265172243118286
Epoch 5: loss = 0.03265172243118286
Epoch 6: loss = 0.03265172243118286
Early stopping at epoch 6 with loss 0.03265172243118286
Reconstruction for fluence = 16.23776739188721 photons/pixel
Epoch 0: loss = 0.10714579373598099
Epoch 1: loss = 0.046040747314691544
Epoch 2: loss = 0.046040747314691544
Epoch 3: loss = 0.046040747314691544
Epoch 4: loss = 0.046040747314691544
Epoch 5: loss = 0.046040747314691544
Epoch 6: loss = 0.046040747314691544
Early stopping at epoch 6 with loss 0.046040747314691544
Reconstruction for fluence = 37.926901907322495 photons/pixel
Epoch 0: loss = 0.16741494834423065
Epoch 1: loss = 0.055685803294181824
Epoch 2: loss = 0.055685803294181824
Epoch 3: loss = 0.055685803294181824
Epoch 4: loss = 0.055685803294181824
Epoch 5: loss = 0.055685803294181824
Epoch 6: loss = 0.055685803294181824
Early stopping at epoch 6 with loss 0.055685803294181824
Reconstruction for fluence = 88.58667904100822 photons/pixel
Epoch 0: loss = 0.29866355657577515
Epoch 1: loss = 0.0657530277967453
Epoch 2: loss = 0.0657530277967453
Epoch 3: loss = 0.0657530277967453
Epoch 4: loss = 0.0657530277967453
Epoch 5: loss = 0.0657530277967453
Epoch 6: loss = 0.0657530277967453
Early stopping at epoch 6 with loss 0.0657530277967453
Reconstruction for fluence = 206.9138081114788 photons/pixel
Epoch 0: loss = 0.6080371141433716
Epoch 1: loss = 0.08264580368995667
Epoch 2: loss = 0.08264580368995667
Epoch 3: loss = 0.08264580368995667
Epoch 4: loss = 0.08264580368995667
Epoch 5: loss = 0.08264580368995667
Epoch 6: loss = 0.08264580368995667
Early stopping at epoch 6 with loss 0.08264580368995667
Reconstruction for fluence = 483.2930238571752 photons/pixel
Epoch 0: loss = 1.3394767045974731
Epoch 1: loss = 0.10954342782497406
Epoch 2: loss = 0.10953392088413239
Epoch 3: loss = 0.10953390598297119
Epoch 4: loss = 0.10953390598297119
Epoch 5: loss = 0.10953390598297119
Epoch 6: loss = 0.10953390598297119
Early stopping at epoch 6 with loss 0.10954342782497406
Reconstruction for fluence = 1128.8378916846884 photons/pixel
Epoch 0: loss = 3.0538687705993652
Epoch 1: loss = 0.14637339115142822
Epoch 2: loss = 0.14637337625026703
Epoch 3: loss = 0.14637337625026703
Epoch 4: loss = 0.14637337625026703
Epoch 5: loss = 0.14637337625026703
Epoch 6: loss = 0.14637337625026703
Early stopping at epoch 6 with loss 0.14637339115142822
Reconstruction for fluence = 2636.6508987303555 photons/pixel
Epoch 0: loss = 7.063531875610352
Epoch 1: loss = 0.19010642170906067
Epoch 2: loss = 0.19010627269744873
Epoch 3: loss = 0.19010627269744873
Epoch 4: loss = 0.19010627269744873
Epoch 5: loss = 0.19010627269744873
Epoch 6: loss = 0.19010627269744873
Early stopping at epoch 6 with loss 0.19010642170906067
Reconstruction for fluence = 6158.482110660255 photons/pixel
Epoch 0: loss = 16.427040100097656
Epoch 1: loss = 0.23477131128311157
Epoch 2: loss = 0.23477131128311157
Epoch 3: loss = 0.23477131128311157
Epoch 4: loss = 0.23477131128311157
Epoch 5: loss = 0.23477131128311157
Epoch 6: loss = 0.23477131128311157
Early stopping at epoch 6 with loss 0.23477131128311157
Reconstruction for fluence = 14384.498882876629 photons/pixel
Epoch 0: loss = 38.298431396484375
Epoch 1: loss = 0.2714140713214874
Epoch 2: loss = 0.2714140713214874
Epoch 3: loss = 0.27141404151916504
Epoch 4: loss = 0.27141404151916504
Epoch 5: loss = 0.27141404151916504
Epoch 6: loss = 0.27141404151916504
Early stopping at epoch 6 with loss 0.2714140713214874
Reconstruction for fluence = 33598.18286283781 photons/pixel
Epoch 0: loss = 89.3911361694336
Epoch 1: loss = 0.29122403264045715
Epoch 2: loss = 0.29122400283813477
Epoch 3: loss = 0.29122400283813477
Epoch 4: loss = 0.29122400283813477
Epoch 5: loss = 0.29122400283813477
Epoch 6: loss = 0.29122400283813477
Early stopping at epoch 6 with loss 0.29122403264045715
Reconstruction for fluence = 78475.99703514607 photons/pixel
Epoch 0: loss = 208.72621154785156
Epoch 1: loss = 0.29319506883621216
Epoch 2: loss = 0.29319506883621216
Epoch 3: loss = 0.29319506883621216
Epoch 4: loss = 0.29319506883621216
Epoch 5: loss = 0.29319506883621216
Epoch 6: loss = 0.29319506883621216
Early stopping at epoch 6 with loss 0.29319506883621216
Reconstruction for fluence = 183298.07108324335 photons/pixel
Epoch 0: loss = 487.4520263671875
Epoch 1: loss = 0.2858346700668335
Epoch 2: loss = 0.2858346700668335
Epoch 3: loss = 0.2858346700668335
Epoch 4: loss = 0.2858346700668335
Epoch 5: loss = 0.2858346700668335
Epoch 6: loss = 0.2858346700668335
Early stopping at epoch 6 with loss 0.2858346700668335
Reconstruction for fluence = 428133.2398719387 photons/pixel
Epoch 0: loss = 1138.471435546875
Epoch 1: loss = 0.27458110451698303
Epoch 2: loss = 0.27404874563217163
Epoch 3: loss = 0.27404874563217163
Epoch 4: loss = 0.27404874563217163
Epoch 5: loss = 0.27404874563217163
Epoch 6: loss = 0.27404874563217163
Epoch 7: loss = 0.27404874563217163
Early stopping at epoch 7 with loss 0.27404874563217163
Reconstruction for fluence = 1000000.0 photons/pixel
Epoch 0: loss = 2659.130615234375
Epoch 1: loss = 0.2641540765762329
Epoch 2: loss = 0.2641540765762329
Epoch 3: loss = 0.2641540765762329
Epoch 4: loss = 0.2641540765762329
Epoch 5: loss = 0.2641540765762329
Epoch 6: loss = 0.2641540765762329
Early stopping at epoch 6 with loss 0.2641540765762329
Tensors initialization on device cuda
Multiprobe = band_lim
torch.Size([1, 64, 64])

('MSE', 'PoissonNLL') RECONSTRUCTIONS

Reconstruction for fluence = 0.09999999999999999 photons/pixel
Epoch 0: loss = 0.0023842756636440754
Epoch 1: loss = 0.0023842230439186096
Epoch 2: loss = 0.002384170424193144
Epoch 3: loss = 0.002384117804467678
Epoch 4: loss = 0.002384065417572856
Epoch 5: loss = 0.00238401279784739
Early stopping at epoch 5 with loss 0.0023842756636440754
Epoch 0: loss = 0.005721020046621561
Epoch 1: loss = 0.0057210177183151245
Epoch 2: loss = 0.00572101678699255
Epoch 3: loss = 0.0057210130617022514
Epoch 4: loss = 0.005720927380025387
Epoch 5: loss = 0.005717206746339798
Early stopping at epoch 5 with loss 0.005721020046621561
Reconstruction for fluence = 0.23357214690901223 photons/pixel
Epoch 0: loss = 0.005263460800051689
Epoch 1: loss = 0.005263198167085648
Epoch 2: loss = 0.005262934602797031
Epoch 3: loss = 0.00526267196983099
Epoch 4: loss = 0.005262408405542374
Epoch 5: loss = 0.005262145772576332
Early stopping at epoch 5 with loss 0.005263460800051689
Epoch 0: loss = 0.01178395189344883
Epoch 1: loss = 0.011717204935848713
Epoch 2: loss = 0.00977261085063219
Epoch 3: loss = 0.00977261085063219
Epoch 4: loss = 0.00977261085063219
Epoch 5: loss = 0.00977261085063219
Epoch 6: loss = 0.00977261085063219
Epoch 7: loss = 0.00977261085063219
Early stopping at epoch 7 with loss 0.00977261085063219
Reconstruction for fluence = 0.5455594781168519 photons/pixel
Epoch 0: loss = 0.01122534554451704
Epoch 1: loss = 0.01122407615184784
Epoch 2: loss = 0.011222809553146362
Epoch 3: loss = 0.011221540160477161
Epoch 4: loss = 0.01122027263045311
Epoch 5: loss = 0.011219005100429058
Early stopping at epoch 5 with loss 0.01122534554451704
Epoch 0: loss = 0.023571720346808434
Epoch 1: loss = 0.01893138512969017
Epoch 2: loss = 0.018929380923509598
Epoch 3: loss = 0.018929380923509598
Epoch 4: loss = 0.018929380923509598
Epoch 5: loss = 0.018929380923509598
Epoch 6: loss = 0.018929380923509598
Early stopping at epoch 6 with loss 0.01893138512969017
Reconstruction for fluence = 1.2742749857031335 photons/pixel
Epoch 0: loss = 0.022614574059844017
Epoch 1: loss = 0.02260895073413849
Epoch 2: loss = 0.02260332927107811
Epoch 3: loss = 0.02259770780801773
Epoch 4: loss = 0.0225920882076025
Epoch 5: loss = 0.02258647233247757
Early stopping at epoch 5 with loss 0.022614574059844017
Epoch 0: loss = 0.045972518622875214
Epoch 1: loss = 0.035244133323431015
Epoch 2: loss = 0.03524382412433624
Epoch 3: loss = 0.03524382412433624
Epoch 4: loss = 0.03524382412433624
Epoch 5: loss = 0.03524382412433624
Epoch 6: loss = 0.03524382412433624
Early stopping at epoch 6 with loss 0.035244133323431015
Reconstruction for fluence = 2.976351441631318 photons/pixel
Epoch 0: loss = 0.04185638576745987
Epoch 1: loss = 0.04183324798941612
Epoch 2: loss = 0.041810110211372375
Epoch 3: loss = 0.04178699851036072
Epoch 4: loss = 0.041763901710510254
Epoch 5: loss = 0.04174083098769188
Epoch 6: loss = 0.041717782616615295
Epoch 7: loss = 0.0416947603225708
Epoch 8: loss = 0.0416717603802681
Epoch 9: loss = 0.041648782789707184
Epoch 10: loss = 0.04162582755088806
Epoch 11: loss = 0.04160289466381073
Epoch 12: loss = 0.04157998785376549
Epoch 13: loss = 0.041557107120752335
Epoch 14: loss = 0.04153424873948097
Epoch 0: loss = 0.08325499296188354
Epoch 1: loss = 0.05994575470685959
Epoch 2: loss = 0.059944067150354385
Epoch 3: loss = 0.059944067150354385
Epoch 4: loss = 0.059944067150354385
Epoch 5: loss = 0.059944067150354385
Epoch 6: loss = 0.059944067150354385
Early stopping at epoch 6 with loss 0.05994575470685959
Reconstruction for fluence = 6.9519279617756045 photons/pixel
Epoch 0: loss = 0.06928932666778564
Epoch 1: loss = 0.03254783898591995
Epoch 2: loss = 0.03254783898591995
Epoch 3: loss = 0.03254783898591995
Epoch 4: loss = 0.03254783898591995
Epoch 5: loss = 0.03254783898591995
Epoch 6: loss = 0.03254783898591995
Early stopping at epoch 6 with loss 0.03254783898591995
Epoch 0: loss = 0.10569465160369873
Epoch 1: loss = 0.08925427496433258
Epoch 2: loss = 0.089250847697258
Epoch 3: loss = 0.08925054222345352
Epoch 4: loss = 0.08925054222345352
Epoch 5: loss = 0.08925054222345352
Epoch 6: loss = 0.08925054222345352
Early stopping at epoch 6 with loss 0.08925427496433258
Reconstruction for fluence = 16.23776739188721 photons/pixel
Epoch 0: loss = 0.10578671097755432
Epoch 1: loss = 0.0454627126455307
Epoch 2: loss = 0.0454627126455307
Epoch 3: loss = 0.0454627126455307
Epoch 4: loss = 0.0454627126455307
Epoch 5: loss = 0.0454627126455307
Epoch 6: loss = 0.0454627126455307
Early stopping at epoch 6 with loss 0.0454627126455307
Epoch 0: loss = 0.1027577817440033
Epoch 1: loss = 0.08835886418819427
Epoch 2: loss = 0.08835597336292267
Epoch 3: loss = 0.08835594356060028
Epoch 4: loss = 0.08835594356060028
Epoch 5: loss = 0.08835594356060028
Epoch 6: loss = 0.08835594356060028
Early stopping at epoch 6 with loss 0.08835886418819427
Reconstruction for fluence = 37.926901907322495 photons/pixel
Epoch 0: loss = 0.16630928218364716
Epoch 1: loss = 0.055478066205978394
Epoch 2: loss = 0.055478066205978394
Epoch 3: loss = 0.055478066205978394
Epoch 4: loss = 0.055478066205978394
Epoch 5: loss = 0.055478066205978394
Epoch 6: loss = 0.055478066205978394
Early stopping at epoch 6 with loss 0.055478066205978394
Epoch 0: loss = -0.061262622475624084
Epoch 1: loss = -0.07597611844539642
Epoch 2: loss = -0.07597794383764267
Epoch 3: loss = -0.0759783536195755
Epoch 4: loss = -0.07597840577363968
Epoch 5: loss = -0.07597840577363968
Epoch 6: loss = -0.07597840577363968
Early stopping at epoch 6 with loss -0.07597611844539642
Reconstruction for fluence = 88.58667904100822 photons/pixel
Epoch 0: loss = 0.2986830770969391
Epoch 1: loss = 0.06609970331192017
Epoch 2: loss = 0.06609970331192017
Epoch 3: loss = 0.06609970331192017
Epoch 4: loss = 0.06609970331192017
Epoch 5: loss = 0.06609970331192017
Epoch 6: loss = 0.06609970331192017
Early stopping at epoch 6 with loss 0.06609970331192017
Epoch 0: loss = -0.815903902053833
Epoch 1: loss = -0.8352223634719849
Epoch 2: loss = -0.8352223634719849
Epoch 3: loss = -0.8352227210998535
Epoch 4: loss = -0.8352228403091431
Epoch 5: loss = -0.8352228403091431
Epoch 6: loss = -0.8352229595184326
Early stopping at epoch 6 with loss -0.8352223634719849
Reconstruction for fluence = 206.9138081114788 photons/pixel
Epoch 0: loss = 0.610959529876709
Epoch 1: loss = 0.08347178250551224
Epoch 2: loss = 0.08347178250551224
Epoch 3: loss = 0.08347178250551224
Epoch 4: loss = 0.08347178250551224
Epoch 5: loss = 0.08347178250551224
Epoch 6: loss = 0.08347178250551224
Early stopping at epoch 6 with loss 0.08347178250551224
Epoch 0: loss = -3.4726786613464355
Epoch 1: loss = -3.4993252754211426
Epoch 2: loss = -3.499326229095459
Epoch 3: loss = -3.499326229095459
Epoch 4: loss = -3.499326229095459
Epoch 5: loss = -3.499326229095459
Epoch 6: loss = -3.499326229095459
Early stopping at epoch 6 with loss -3.4993252754211426
Reconstruction for fluence = 483.2930238571752 photons/pixel
Epoch 0: loss = 1.3476648330688477
Epoch 1: loss = 0.11077307164669037
Epoch 2: loss = 0.11077305674552917
Epoch 3: loss = 0.11077305674552917
Epoch 4: loss = 0.11077305674552917
Epoch 5: loss = 0.11077305674552917
Epoch 6: loss = 0.11077305674552917
Early stopping at epoch 6 with loss 0.11077307164669037
Epoch 0: loss = -11.733711242675781
Epoch 1: loss = -11.768693923950195
Epoch 2: loss = -11.768695831298828
Epoch 3: loss = -11.768695831298828
Epoch 4: loss = -11.768695831298828
Epoch 5: loss = -11.768696784973145
Epoch 6: loss = -11.768695831298828
Early stopping at epoch 6 with loss -11.768693923950195
Reconstruction for fluence = 1128.8378916846884 photons/pixel
Epoch 0: loss = 3.0731592178344727
Epoch 1: loss = 0.14745675027370453
Epoch 2: loss = 0.14745675027370453
Epoch 3: loss = 0.14745675027370453
Epoch 4: loss = 0.14745675027370453
Epoch 5: loss = 0.14745675027370453
Epoch 6: loss = 0.14745675027370453
Early stopping at epoch 6 with loss 0.14745675027370453
Epoch 0: loss = -35.855438232421875
Epoch 1: loss = -35.89662170410156
Epoch 2: loss = -35.896629333496094
Epoch 3: loss = -35.896629333496094
Epoch 4: loss = -35.896629333496094
Epoch 5: loss = -35.896629333496094
Epoch 6: loss = -35.896629333496094
Early stopping at epoch 6 with loss -35.89662170410156
Reconstruction for fluence = 2636.6508987303555 photons/pixel
Epoch 0: loss = 7.105614185333252
Epoch 1: loss = 0.19119295477867126
Epoch 2: loss = 0.19119295477867126
Epoch 3: loss = 0.19119295477867126
Epoch 4: loss = 0.19119295477867126
Epoch 5: loss = 0.19119295477867126
Epoch 6: loss = 0.19119295477867126
Early stopping at epoch 6 with loss 0.19119295477867126
Epoch 0: loss = -103.49262237548828
Epoch 1: loss = -103.53514099121094
Epoch 2: loss = -103.53514099121094
Epoch 3: loss = -103.53514099121094
Epoch 4: loss = -103.53514099121094
Epoch 5: loss = -103.53514099121094
Epoch 6: loss = -103.53514099121094
Early stopping at epoch 6 with loss -103.53514099121094
Reconstruction for fluence = 6158.482110660255 photons/pixel
Epoch 0: loss = 16.52595329284668
Epoch 1: loss = 0.23583370447158813
Epoch 2: loss = 0.23583370447158813
Epoch 3: loss = 0.23583370447158813
Epoch 4: loss = 0.23583370447158813
Epoch 5: loss = 0.23583370447158813
Epoch 6: loss = 0.23583370447158813
Early stopping at epoch 6 with loss 0.23583370447158813
Epoch 0: loss = -287.6929626464844
Epoch 1: loss = -287.73040771484375
Epoch 2: loss = -287.73040771484375
Epoch 3: loss = -287.73040771484375
Epoch 4: loss = -287.73040771484375
Epoch 5: loss = -287.73040771484375
Epoch 6: loss = -287.73040771484375
Early stopping at epoch 6 with loss -287.73040771484375
Reconstruction for fluence = 14384.498882876629 photons/pixel
Epoch 0: loss = 38.53584289550781
Epoch 1: loss = 0.27172303199768066
Epoch 2: loss = 0.2717228829860687
Epoch 3: loss = 0.2717228829860687
Epoch 4: loss = 0.2717228829860687
Epoch 5: loss = 0.2717228829860687
Epoch 6: loss = 0.2717228829860687
Early stopping at epoch 6 with loss 0.27172303199768066
Epoch 0: loss = -779.2938232421875
Epoch 1: loss = -779.3211669921875
Epoch 2: loss = -779.3211669921875
Epoch 3: loss = -779.3211669921875
Epoch 4: loss = -779.3211669921875
Epoch 5: loss = -779.3211669921875
Epoch 6: loss = -779.3211669921875
Early stopping at epoch 6 with loss -779.3211669921875
Reconstruction for fluence = 33598.18286283781 photons/pixel
Epoch 0: loss = 89.93789672851562
Epoch 1: loss = 0.29097896814346313
Epoch 2: loss = 0.29097893834114075
Epoch 3: loss = 0.29097893834114075
Epoch 4: loss = 0.29097893834114075
Epoch 5: loss = 0.29097893834114075
Epoch 6: loss = 0.29097893834114075
Early stopping at epoch 6 with loss 0.29097896814346313
Epoch 0: loss = -2070.7568359375
Epoch 1: loss = -2070.7734375
Epoch 2: loss = -2070.7734375
Epoch 3: loss = -2070.7734375
Epoch 4: loss = -2070.7734375
Epoch 5: loss = -2070.7734375
Epoch 6: loss = -2070.7734375
Early stopping at epoch 6 with loss -2070.7734375
Reconstruction for fluence = 78475.99703514607 photons/pixel
Epoch 0: loss = 210.00469970703125
Epoch 1: loss = 0.2930452823638916
Epoch 2: loss = 0.2930452823638916
Epoch 3: loss = 0.2930452823638916
Epoch 4: loss = 0.2930452823638916
Epoch 5: loss = 0.2930452823638916
Epoch 6: loss = 0.2930452823638916
Early stopping at epoch 6 with loss 0.2930452823638916
Epoch 0: loss = -5421.72119140625
Epoch 1: loss = -5421.72900390625
Epoch 2: loss = -5421.72900390625
Epoch 3: loss = -5421.72900390625
Epoch 4: loss = -5421.72900390625
Epoch 5: loss = -5421.72900390625
Epoch 6: loss = -5421.72900390625
Early stopping at epoch 6 with loss -5421.72900390625
Reconstruction for fluence = 183298.07108324335 photons/pixel
Epoch 0: loss = 490.44091796875
Epoch 1: loss = 0.2850087285041809
Epoch 2: loss = 0.2850087285041809
Epoch 3: loss = 0.2850087285041809
Epoch 4: loss = 0.2850087285041809
Epoch 5: loss = 0.2850087285041809
Epoch 6: loss = 0.2850087285041809
Early stopping at epoch 6 with loss 0.2850087285041809
Epoch 0: loss = -14030.248046875
Epoch 1: loss = -14030.25
Epoch 2: loss = -14030.25
Epoch 3: loss = -14030.25
Epoch 4: loss = -14030.25
Epoch 5: loss = -14030.25
Epoch 6: loss = -14030.25
Early stopping at epoch 6 with loss -14030.25
Reconstruction for fluence = 428133.2398719387 photons/pixel
Epoch 0: loss = 1145.455810546875
Epoch 1: loss = 0.27507737278938293
Epoch 2: loss = 0.27384641766548157
Epoch 3: loss = 0.27384641766548157
Epoch 4: loss = 0.27384641766548157
Epoch 5: loss = 0.27384641766548157
Epoch 6: loss = 0.27384641766548157
Epoch 7: loss = 0.27384641766548157
Early stopping at epoch 7 with loss 0.27384641766548157
Epoch 0: loss = -35963.1953125
Epoch 1: loss = -35963.1953125
Epoch 2: loss = -35963.1953125
Epoch 3: loss = -35963.1953125
Epoch 4: loss = -35963.1953125
Epoch 5: loss = -35963.1953125
Early stopping at epoch 5 with loss -35963.1953125
Reconstruction for fluence = 1000000.0 photons/pixel
Epoch 0: loss = 2675.409423828125
Epoch 1: loss = 0.2640288472175598
Epoch 2: loss = 0.2640288472175598
Epoch 3: loss = 0.2640288472175598
Epoch 4: loss = 0.2640288472175598
Epoch 5: loss = 0.2640288472175598
Epoch 6: loss = 0.2640288472175598
Early stopping at epoch 6 with loss 0.2640288472175598
Epoch 0: loss = -91456.4921875
Epoch 1: loss = -91456.484375
Epoch 2: loss = -91456.484375
Epoch 3: loss = -91456.484375
Epoch 4: loss = -91456.484375
Epoch 5: loss = -91456.484375
Early stopping at epoch 5 with loss -91456.4921875
Simulation for steps_size=2 and n_fluences=20 completed!
