Running simulation for n_modes=7 and n_fluences=20
Tensors initialization on device cuda
Multiprobe = band_lim
torch.Size([7, 64, 64])

('MSE', 'PoissonNLL') RECONSTRUCTIONS

Reconstruction for fluence = 0.09999999999999999 photons/pixel
Epoch 0: loss = 10616.9404296875
Epoch 1: loss = 3627.1591796875
Epoch 2: loss = 3627.15869140625
Epoch 3: loss = 3627.15869140625
Epoch 4: loss = 3627.15869140625
Epoch 5: loss = 3627.15869140625
Epoch 6: loss = 3627.15869140625
Epoch 7: loss = 3627.15869140625
Epoch 8: loss = 3627.15869140625
Epoch 9: loss = 3627.15869140625
Epoch 10: loss = 3627.15869140625
Early stopping at epoch 10 with loss 3627.15869140625
Epoch 0: loss = 0.0027430150657892227
Epoch 1: loss = 0.0027420097030699253
Epoch 2: loss = 0.0027410092297941446
Epoch 3: loss = 0.0027400129474699497
Epoch 4: loss = 0.0027390215545892715
Epoch 5: loss = 0.002738034352660179
Epoch 6: loss = 0.00273705180734396
Epoch 7: loss = 0.0027360732201486826
Epoch 8: loss = 0.002735099056735635
Early stopping at epoch 8 with loss 0.0027430150657892227
Reconstruction for fluence = 0.23357214690901223 photons/pixel
Epoch 0: loss = 24534.5078125
Epoch 1: loss = 8774.36328125
Epoch 2: loss = 8774.36328125
Epoch 3: loss = 8774.36328125
Epoch 4: loss = 8774.3623046875
Epoch 5: loss = 8774.36328125
Epoch 6: loss = 8774.36328125
Epoch 7: loss = 8774.36328125
Epoch 8: loss = 8774.36328125
Epoch 9: loss = 8774.36328125
Epoch 10: loss = 8774.36328125
Epoch 11: loss = 8774.36328125
Epoch 12: loss = 8774.36328125
Early stopping at epoch 12 with loss 8774.3623046875
Epoch 0: loss = 0.005781315732747316
Epoch 1: loss = 0.00577879324555397
Epoch 2: loss = 0.005776282399892807
Epoch 3: loss = 0.005773784127086401
Epoch 4: loss = 0.005771297495812178
Epoch 5: loss = 0.005768822506070137
Epoch 6: loss = 0.005766360089182854
Epoch 7: loss = 0.005763908848166466
Epoch 8: loss = 0.0057614692486822605
Early stopping at epoch 8 with loss 0.005781315732747316
Reconstruction for fluence = 0.5455594781168519 photons/pixel
Epoch 0: loss = 55114.91796875
Epoch 1: loss = 20067.142578125
Epoch 2: loss = 20067.142578125
Epoch 3: loss = 20067.140625
Epoch 4: loss = 20067.140625
Epoch 5: loss = 20067.140625
Epoch 6: loss = 20067.140625
Epoch 7: loss = 20067.140625
Epoch 8: loss = 20067.140625
Epoch 9: loss = 20067.140625
Epoch 10: loss = 20067.140625
Epoch 11: loss = 20067.140625
Early stopping at epoch 11 with loss 20067.140625
Epoch 0: loss = 0.011336798779666424
Epoch 1: loss = 0.011330677196383476
Epoch 2: loss = 0.01132459007203579
Epoch 3: loss = 0.011318538337945938
Epoch 4: loss = 0.011312521994113922
Epoch 5: loss = 0.01130654290318489
Epoch 6: loss = 0.011300599202513695
Epoch 7: loss = 0.011294691823422909
Epoch 8: loss = 0.011288818903267384
Early stopping at epoch 8 with loss 0.011336798779666424
Reconstruction for fluence = 1.2742749857031335 photons/pixel
Epoch 0: loss = 121431.7578125
Epoch 1: loss = 45536.4140625
Epoch 2: loss = 45536.4140625
Epoch 3: loss = 45536.4140625
Epoch 4: loss = 45536.4140625
Epoch 5: loss = 45536.4140625
Epoch 6: loss = 45536.4140625
Epoch 7: loss = 45536.4140625
Epoch 8: loss = 45536.4140625
Epoch 9: loss = 45536.4140625
Early stopping at epoch 9 with loss 45536.4140625
Epoch 0: loss = 0.02154037170112133
Epoch 1: loss = 0.013599354773759842
Epoch 2: loss = 0.013599354773759842
Epoch 3: loss = 0.013599354773759842
Epoch 4: loss = 0.013599354773759842
Epoch 5: loss = 0.013599354773759842
Epoch 6: loss = 0.013599354773759842
Epoch 7: loss = 0.013599354773759842
Epoch 8: loss = 0.013599354773759842
Epoch 9: loss = 0.013599354773759842
Early stopping at epoch 9 with loss 0.013599354773759842
Reconstruction for fluence = 2.976351441631318 photons/pixel
Epoch 0: loss = 260703.109375
Epoch 1: loss = 104141.390625
Epoch 2: loss = 104141.390625
Epoch 3: loss = 104141.390625
Epoch 4: loss = 104141.390625
Epoch 5: loss = 104141.390625
Epoch 6: loss = 104141.390625
Epoch 7: loss = 104141.390625
Epoch 8: loss = 104141.390625
Epoch 9: loss = 104141.390625
Early stopping at epoch 9 with loss 104141.390625
Epoch 0: loss = 0.040064737200737
Epoch 1: loss = 0.02655363641679287
Epoch 2: loss = 0.02655363641679287
Epoch 3: loss = 0.02655363641679287
Epoch 4: loss = 0.02655363641679287
Epoch 5: loss = 0.02655363641679287
Epoch 6: loss = 0.02655363641679287
Epoch 7: loss = 0.02655363641679287
Epoch 8: loss = 0.02655363641679287
Epoch 9: loss = 0.02655363641679287
Early stopping at epoch 9 with loss 0.02655363641679287
Reconstruction for fluence = 6.9519279617756045 photons/pixel
Epoch 0: loss = 528238.875
Epoch 1: loss = 226354.46875
Epoch 2: loss = 226354.46875
Epoch 3: loss = 226354.46875
Epoch 4: loss = 226354.46875
Epoch 5: loss = 226354.453125
Epoch 6: loss = 226354.46875
Epoch 7: loss = 226354.46875
Epoch 8: loss = 226354.46875
Epoch 9: loss = 226354.46875
Epoch 10: loss = 226354.46875
Epoch 11: loss = 226354.46875
Epoch 12: loss = 226354.46875
Epoch 13: loss = 226354.46875
Early stopping at epoch 13 with loss 226354.453125
Epoch 0: loss = 0.0693349540233612
Epoch 1: loss = 0.04902956262230873
Epoch 2: loss = 0.04902956262230873
Epoch 3: loss = 0.04902956262230873
Epoch 4: loss = 0.04902956262230873
Epoch 5: loss = 0.04902956262230873
Epoch 6: loss = 0.04902956262230873
Epoch 7: loss = 0.04902956262230873
Epoch 8: loss = 0.04902956262230873
Epoch 9: loss = 0.04902956262230873
Early stopping at epoch 9 with loss 0.04902956262230873
Reconstruction for fluence = 16.23776739188721 photons/pixel
Epoch 0: loss = 977100.5
Epoch 1: loss = 452900.4375
Epoch 2: loss = 452899.4375
Epoch 3: loss = 452899.375
Epoch 4: loss = 452899.375
Epoch 5: loss = 452899.375
Epoch 6: loss = 452899.375
Epoch 7: loss = 452899.375
Epoch 8: loss = 452899.375
Epoch 9: loss = 452899.375
Epoch 10: loss = 452899.375
Epoch 11: loss = 452899.375
Early stopping at epoch 11 with loss 452899.375
Epoch 0: loss = 0.11016745865345001
Epoch 1: loss = 0.08453642576932907
Epoch 2: loss = 0.08453642576932907
Epoch 3: loss = 0.08453642576932907
Epoch 4: loss = 0.08453642576932907
Epoch 5: loss = 0.08453642576932907
Epoch 6: loss = 0.08453642576932907
Epoch 7: loss = 0.08453642576932907
Epoch 8: loss = 0.08453642576932907
Epoch 9: loss = 0.08453642576932907
Early stopping at epoch 9 with loss 0.08453642576932907
Reconstruction for fluence = 37.926901907322495 photons/pixel
Epoch 0: loss = 1564061.125
Epoch 1: loss = 759476.0
Epoch 2: loss = 759475.9375
Epoch 3: loss = 759475.875
Epoch 4: loss = 759475.875
Epoch 5: loss = 759475.875
Epoch 6: loss = 759475.9375
Epoch 7: loss = 759475.9375
Epoch 8: loss = 759475.9375
Epoch 9: loss = 759475.9375
Epoch 10: loss = 759475.9375
Epoch 11: loss = 759475.9375
Early stopping at epoch 11 with loss 759475.875
Epoch 0: loss = 0.15199662744998932
Epoch 1: loss = 0.126837357878685
Epoch 2: loss = 0.126837357878685
Epoch 3: loss = 0.126837357878685
Epoch 4: loss = 0.126837357878685
Epoch 5: loss = 0.126837357878685
Epoch 6: loss = 0.126837357878685
Epoch 7: loss = 0.126837357878685
Epoch 8: loss = 0.126837357878685
Epoch 9: loss = 0.126837357878685
Early stopping at epoch 9 with loss 0.126837357878685
Reconstruction for fluence = 88.58667904100822 photons/pixel
Epoch 0: loss = 2139617.25
Epoch 1: loss = 961579.8125
Epoch 2: loss = 961579.8125
Epoch 3: loss = 961579.8125
Epoch 4: loss = 961579.8125
Epoch 5: loss = 961579.8125
Epoch 6: loss = 961579.8125
Epoch 7: loss = 961579.8125
Epoch 8: loss = 961579.8125
Epoch 9: loss = 961579.8125
Early stopping at epoch 9 with loss 961579.8125
Epoch 0: loss = 0.15316106379032135
Epoch 1: loss = 0.13123644888401031
Epoch 2: loss = 0.13123644888401031
Epoch 3: loss = 0.13123644888401031
Epoch 4: loss = 0.13123644888401031
Epoch 5: loss = 0.13123644888401031
Epoch 6: loss = 0.13123644888401031
Epoch 7: loss = 0.13123644888401031
Epoch 8: loss = 0.13123644888401031
Epoch 9: loss = 0.13123644888401031
Early stopping at epoch 9 with loss 0.13123644888401031
Reconstruction for fluence = 206.9138081114788 photons/pixel
Epoch 0: loss = 2967215.75
Epoch 1: loss = 978926.1875
Epoch 2: loss = 978926.1875
Epoch 3: loss = 978926.125
Epoch 4: loss = 978926.1875
Epoch 5: loss = 978926.1875
Epoch 6: loss = 978926.125
Epoch 7: loss = 978926.125
Epoch 8: loss = 978926.125
Epoch 9: loss = 978926.125
Epoch 10: loss = 978926.125
Epoch 11: loss = 978926.1875
Early stopping at epoch 11 with loss 978926.125
Epoch 0: loss = -0.05275586247444153
Epoch 1: loss = -0.07914765179157257
Epoch 2: loss = -0.07914768159389496
Epoch 3: loss = -0.07914768159389496
Epoch 4: loss = -0.07914768159389496
Epoch 5: loss = -0.07914768159389496
Epoch 6: loss = -0.07914768159389496
Epoch 7: loss = -0.07914768159389496
Epoch 8: loss = -0.07914768159389496
Epoch 9: loss = -0.07914768159389496
Early stopping at epoch 9 with loss -0.07914765179157257
Reconstruction for fluence = 483.2930238571752 photons/pixel
Epoch 0: loss = 5314081.5
Epoch 1: loss = 1131972.0
Epoch 2: loss = 1131972.0
Epoch 3: loss = 1131972.0
Epoch 4: loss = 1131972.0
Epoch 5: loss = 1131972.0
Epoch 6: loss = 1131972.0
Epoch 7: loss = 1131971.875
Epoch 8: loss = 1131971.875
Epoch 9: loss = 1131972.0
Epoch 10: loss = 1131972.0
Epoch 11: loss = 1131972.0
Epoch 12: loss = 1131972.0
Epoch 13: loss = 1131971.875
Epoch 14: loss = 1131971.875
Epoch 0: loss = -1.0454457998275757
Epoch 1: loss = -1.0845067501068115
Epoch 2: loss = -1.0845069885253906
Epoch 3: loss = -1.0845069885253906
Epoch 4: loss = -1.0845069885253906
Epoch 5: loss = -1.0845069885253906
Epoch 6: loss = -1.0845069885253906
Epoch 7: loss = -1.0845069885253906
Epoch 8: loss = -1.0845069885253906
Epoch 9: loss = -1.0845069885253906
Early stopping at epoch 9 with loss -1.0845067501068115
Reconstruction for fluence = 1128.8378916846884 photons/pixel
Epoch 0: loss = 11219124.0
Epoch 1: loss = 1544889.25
Epoch 2: loss = 1544889.25
Epoch 3: loss = 1544889.25
Epoch 4: loss = 1544889.25
Epoch 5: loss = 1544889.25
Epoch 6: loss = 1544889.25
Epoch 7: loss = 1544889.25
Epoch 8: loss = 1544889.25
Epoch 9: loss = 1544889.25
Early stopping at epoch 9 with loss 1544889.25
Epoch 0: loss = -4.584900856018066
Epoch 1: loss = -4.639002323150635
Epoch 2: loss = -4.639002799987793
Epoch 3: loss = -4.639002799987793
Epoch 4: loss = -4.639002799987793
Epoch 5: loss = -4.639002799987793
Epoch 6: loss = -4.639002799987793
Epoch 7: loss = -4.639002799987793
Epoch 8: loss = -4.639002799987793
Epoch 9: loss = -4.639002799987793
Early stopping at epoch 9 with loss -4.639002323150635
Reconstruction for fluence = 2636.6508987303555 photons/pixel
Epoch 0: loss = 25132484.0
Epoch 1: loss = 2143249.25
Epoch 2: loss = 2143249.0
Epoch 3: loss = 2143249.0
Epoch 4: loss = 2143249.0
Epoch 5: loss = 2143249.0
Epoch 6: loss = 2143249.0
Epoch 7: loss = 2143249.0
Epoch 8: loss = 2143249.0
Epoch 9: loss = 2143249.0
Epoch 10: loss = 2143249.0
Early stopping at epoch 10 with loss 2143249.0
Epoch 0: loss = -15.682013511657715
Epoch 1: loss = -15.750534057617188
Epoch 2: loss = -15.750534057617188
Epoch 3: loss = -15.750534057617188
Epoch 4: loss = -15.750535011291504
Epoch 5: loss = -15.750535011291504
Epoch 6: loss = -15.750535011291504
Epoch 7: loss = -15.750535011291504
Epoch 8: loss = -15.750535011291504
Epoch 9: loss = -15.750535011291504
Early stopping at epoch 9 with loss -15.750534057617188
Reconstruction for fluence = 6158.482110660255 photons/pixel
Epoch 0: loss = 57676824.0
Epoch 1: loss = 2885313.75
Epoch 2: loss = 2885313.0
Epoch 3: loss = 2885313.0
Epoch 4: loss = 2885313.0
Epoch 5: loss = 2885313.0
Epoch 6: loss = 2885313.0
Epoch 7: loss = 2885313.0
Epoch 8: loss = 2885313.0
Epoch 9: loss = 2885312.75
Epoch 10: loss = 2885312.75
Epoch 11: loss = 2885312.75
Epoch 12: loss = 2885312.75
Epoch 13: loss = 2885312.75
Epoch 14: loss = 2885312.75
Epoch 0: loss = -48.18048858642578
Epoch 1: loss = -48.25877380371094
Epoch 2: loss = -48.25877380371094
Epoch 3: loss = -48.25877380371094
Epoch 4: loss = -48.25877380371094
Epoch 5: loss = -48.25877380371094
Epoch 6: loss = -48.25877380371094
Epoch 7: loss = -48.25877380371094
Epoch 8: loss = -48.25877380371094
Epoch 9: loss = -48.25877380371094
Early stopping at epoch 9 with loss -48.25877380371094
Reconstruction for fluence = 14384.498882876629 photons/pixel
Epoch 0: loss = 133667296.0
Epoch 1: loss = 3728634.5
Epoch 2: loss = 3728630.75
Epoch 3: loss = 3728630.75
Epoch 4: loss = 3728630.75
Epoch 5: loss = 3728630.75
Epoch 6: loss = 3728630.5
Epoch 7: loss = 3728630.5
Epoch 8: loss = 3728630.5
Epoch 9: loss = 3728630.5
Epoch 10: loss = 3728630.5
Epoch 11: loss = 3728630.5
Epoch 12: loss = 3728630.5
Epoch 13: loss = 3728630.5
Epoch 14: loss = 3728630.5
Early stopping at epoch 14 with loss 3728630.5
Epoch 0: loss = -139.45054626464844
Epoch 1: loss = -139.52938842773438
Epoch 2: loss = -139.52938842773438
Epoch 3: loss = -139.52938842773438
Epoch 4: loss = -139.52938842773438
Epoch 5: loss = -139.52938842773438
Epoch 6: loss = -139.52938842773438
Epoch 7: loss = -139.52938842773438
Epoch 8: loss = -139.52938842773438
Epoch 9: loss = -139.52938842773438
Early stopping at epoch 9 with loss -139.52938842773438
Reconstruction for fluence = 33598.18286283781 photons/pixel
Epoch 0: loss = 311193280.0
Epoch 1: loss = 4510622.0
Epoch 2: loss = 4510603.0
Epoch 3: loss = 4510602.0
Epoch 4: loss = 4510602.0
Epoch 5: loss = 4510602.0
Epoch 6: loss = 4510602.0
Epoch 7: loss = 4510602.0
Epoch 8: loss = 4510602.0
Epoch 9: loss = 4510602.0
Epoch 10: loss = 4510602.0
Epoch 11: loss = 4510602.0
Early stopping at epoch 11 with loss 4510602.0
Epoch 0: loss = -388.4712829589844
Epoch 1: loss = -388.538330078125
Epoch 2: loss = -388.538330078125
Epoch 3: loss = -388.538330078125
Epoch 4: loss = -388.538330078125
Epoch 5: loss = -388.538330078125
Epoch 6: loss = -388.538330078125
Epoch 7: loss = -388.538330078125
Epoch 8: loss = -388.538330078125
Epoch 9: loss = -388.538330078125
Early stopping at epoch 9 with loss -388.538330078125
Reconstruction for fluence = 78475.99703514607 photons/pixel
Epoch 0: loss = 725743616.0
Epoch 1: loss = 4999626.0
Epoch 2: loss = 4999571.0
Epoch 3: loss = 4999571.5
Epoch 4: loss = 4999571.0
Epoch 5: loss = 4999571.0
Epoch 6: loss = 4999571.0
Epoch 7: loss = 4999571.0
Epoch 8: loss = 4999571.0
Epoch 9: loss = 4999571.0
Epoch 10: loss = 4999571.0
Early stopping at epoch 10 with loss 4999571.0
Epoch 0: loss = -1053.831298828125
Epoch 1: loss = -1053.877685546875
Epoch 2: loss = -1053.8778076171875
Epoch 3: loss = -1053.8778076171875
Epoch 4: loss = -1053.8778076171875
Epoch 5: loss = -1053.8778076171875
Epoch 6: loss = -1053.8778076171875
Epoch 7: loss = -1053.8778076171875
Epoch 8: loss = -1053.8778076171875
Epoch 9: loss = -1053.8778076171875
Early stopping at epoch 9 with loss -1053.877685546875
Reconstruction for fluence = 183298.07108324335 photons/pixel
Epoch 0: loss = 1694142208.0
Epoch 1: loss = 5071087.0
Epoch 2: loss = 5070925.0
Epoch 3: loss = 5070923.5
Epoch 4: loss = 5070923.0
Epoch 5: loss = 5070923.0
Epoch 6: loss = 5070923.0
Epoch 7: loss = 5070923.0
Epoch 8: loss = 5070923.0
Epoch 9: loss = 5070923.0
Epoch 10: loss = 5070923.0
Epoch 11: loss = 5070923.0
Epoch 12: loss = 5070923.0
Early stopping at epoch 12 with loss 5070923.0
Epoch 0: loss = -2803.14208984375
Epoch 1: loss = -2803.16748046875
Epoch 2: loss = -2803.16748046875
Epoch 3: loss = -2803.16748046875
Epoch 4: loss = -2803.167724609375
Epoch 5: loss = -2803.167724609375
Epoch 6: loss = -2803.167724609375
Epoch 7: loss = -2803.167724609375
Epoch 8: loss = -2803.167724609375
Epoch 9: loss = -2803.167724609375
Epoch 10: loss = -2803.167724609375
Epoch 11: loss = -2803.167724609375
Epoch 12: loss = -2803.167724609375
Early stopping at epoch 12 with loss -2803.167724609375
Reconstruction for fluence = 428133.2398719387 photons/pixel
Epoch 0: loss = 3956325120.0
Epoch 1: loss = 9978271.0
Epoch 2: loss = 4844721.0
Epoch 3: loss = 4844644.0
Epoch 4: loss = 4844644.0
Epoch 5: loss = 4844644.0
Epoch 6: loss = 4844643.0
Epoch 7: loss = 4844643.0
Epoch 8: loss = 4844643.0
Epoch 9: loss = 4844643.0
Epoch 10: loss = 4844643.0
Epoch 11: loss = 4844643.0
Epoch 12: loss = 4844643.0
Epoch 13: loss = 4844643.0
Epoch 14: loss = 4844643.0
Early stopping at epoch 14 with loss 4844643.0
Epoch 0: loss = -7345.162109375
Epoch 1: loss = -7345.1728515625
Epoch 2: loss = -7345.173828125
Epoch 3: loss = -7345.173828125
Epoch 4: loss = -7345.173828125
Epoch 5: loss = -7345.173828125
Epoch 6: loss = -7345.173828125
Epoch 7: loss = -7345.173828125
Epoch 8: loss = -7345.173828125
Epoch 9: loss = -7345.173828125
Epoch 10: loss = -7345.173828125
Early stopping at epoch 10 with loss -7345.173828125
Reconstruction for fluence = 1000000.0 photons/pixel
Epoch 0: loss = 9239988224.0
Epoch 1: loss = 4591651.0
Epoch 2: loss = 4567399.5
Epoch 3: loss = 4567399.5
Epoch 4: loss = 4567399.5
Epoch 5: loss = 4567399.5
Epoch 6: loss = 4567399.5
Epoch 7: loss = 4567399.5
Epoch 8: loss = 4567399.5
Epoch 9: loss = 4567399.5
Epoch 10: loss = 4567399.5
Early stopping at epoch 10 with loss 4567399.5
Epoch 0: loss = -19020.201171875
Epoch 1: loss = -19020.20703125
Epoch 2: loss = -19020.20703125
Epoch 3: loss = -19020.20703125
Epoch 4: loss = -19020.20703125
Epoch 5: loss = -19020.20703125
Epoch 6: loss = -19020.20703125
Epoch 7: loss = -19020.20703125
Epoch 8: loss = -19020.20703125
Epoch 9: loss = -19020.20703125
Early stopping at epoch 9 with loss -19020.20703125
Simulation for n_modes=7 and n_fluences=20 completed!
