Running simulation for steps_size=2 and n_fluences=20
Steps size: 2
Tensors initialization on device cuda
Multiprobe = band_lim
torch.Size([1, 64, 64])

('MSE', None) RECONSTRUCTIONS

Reconstruction for fluence = 0.09999999999999999 photons/pixel
Epoch 0: loss = 0.0009110972750931978
Epoch 1: loss = 0.0009110972750931978
Epoch 2: loss = 0.0009110972750931978
Epoch 3: loss = 0.0009110972750931978
Epoch 4: loss = 0.0009110972750931978
Epoch 5: loss = 0.0009110972750931978
Early stopping at epoch 5 with loss 0.0009110972750931978
Reconstruction for fluence = 0.23357214690901223 photons/pixel
Epoch 0: loss = 0.0021637463942170143
Epoch 1: loss = 0.0021637463942170143
Epoch 2: loss = 0.0021637463942170143
Epoch 3: loss = 0.0021637463942170143
Epoch 4: loss = 0.0021637463942170143
Epoch 5: loss = 0.0021637463942170143
Early stopping at epoch 5 with loss 0.0021637463942170143
Reconstruction for fluence = 0.5455594781168519 photons/pixel
Epoch 0: loss = 0.0052881995216012
Epoch 1: loss = 0.005288139916956425
Epoch 2: loss = 0.005288080312311649
Epoch 3: loss = 0.005288020707666874
Epoch 4: loss = 0.0052879611030220985
Epoch 5: loss = 0.005287901498377323
Early stopping at epoch 5 with loss 0.0052881995216012
Reconstruction for fluence = 1.2742749857031335 photons/pixel
Epoch 0: loss = 0.014011461287736893
Epoch 1: loss = 0.01400969922542572
Epoch 2: loss = 0.014007937163114548
Epoch 3: loss = 0.014006178826093674
Epoch 4: loss = 0.0140044204890728
Epoch 5: loss = 0.014002664014697075
Early stopping at epoch 5 with loss 0.014011461287736893
Reconstruction for fluence = 2.976351441631318 photons/pixel
Epoch 0: loss = 0.04147736728191376
Epoch 1: loss = 0.02582656219601631
Epoch 2: loss = 0.02582656219601631
Epoch 3: loss = 0.02582656219601631
Epoch 4: loss = 0.02582656219601631
Epoch 5: loss = 0.02582656219601631
Epoch 6: loss = 0.02582656219601631
Early stopping at epoch 6 with loss 0.02582656219601631
Reconstruction for fluence = 6.9519279617756045 photons/pixel
Epoch 0: loss = 0.14441749453544617
Epoch 1: loss = 0.060346819460392
Epoch 2: loss = 0.06034432351589203
Epoch 3: loss = 0.06034432351589203
Epoch 4: loss = 0.06034432351589203
Epoch 5: loss = 0.06034432351589203
Epoch 6: loss = 0.06034432351589203
Early stopping at epoch 6 with loss 0.060346819460392
Reconstruction for fluence = 16.23776739188721 photons/pixel
Epoch 0: loss = 0.5988264083862305
Epoch 1: loss = 0.14116501808166504
Epoch 2: loss = 0.14114910364151
Epoch 3: loss = 0.14114901423454285
Epoch 4: loss = 0.14114901423454285
Epoch 5: loss = 0.14114901423454285
Epoch 6: loss = 0.14114901423454285
Early stopping at epoch 6 with loss 0.14116501808166504
Reconstruction for fluence = 37.926901907322495 photons/pixel
Epoch 0: loss = 2.814732551574707
Epoch 1: loss = 0.327971488237381
Epoch 2: loss = 0.3279067277908325
Epoch 3: loss = 0.3279051184654236
Epoch 4: loss = 0.32790493965148926
Epoch 5: loss = 0.3279048800468445
Epoch 6: loss = 0.3279048204421997
Early stopping at epoch 6 with loss 0.327971488237381
Reconstruction for fluence = 88.58667904100822 photons/pixel
Epoch 0: loss = 14.336655616760254
Epoch 1: loss = 0.769867479801178
Epoch 2: loss = 0.7696031332015991
Epoch 3: loss = 0.7695876359939575
Epoch 4: loss = 0.7695863246917725
Epoch 5: loss = 0.7695862054824829
Epoch 6: loss = 0.7695859670639038
Epoch 7: loss = 0.7695859670639038
Early stopping at epoch 7 with loss 0.7696031332015991
Reconstruction for fluence = 206.9138081114788 photons/pixel
Epoch 0: loss = 75.78977966308594
Epoch 1: loss = 1.7978148460388184
Epoch 2: loss = 1.796765923500061
Epoch 3: loss = 1.796682357788086
Epoch 4: loss = 1.79667067527771
Epoch 5: loss = 1.7966687679290771
Epoch 6: loss = 1.7966680526733398
Epoch 7: loss = 1.7966680526733398
Early stopping at epoch 7 with loss 1.796765923500061
Reconstruction for fluence = 483.2930238571752 photons/pixel
Epoch 0: loss = 407.58148193359375
Epoch 1: loss = 4.191861152648926
Epoch 2: loss = 4.187206745147705
Epoch 3: loss = 4.186767578125
Epoch 4: loss = 4.186702728271484
Epoch 5: loss = 4.186692237854004
Epoch 6: loss = 4.186690330505371
Epoch 7: loss = 4.1866865158081055
Epoch 8: loss = 4.186686038970947
Early stopping at epoch 8 with loss 4.186767578125
Reconstruction for fluence = 1128.8378916846884 photons/pixel
Epoch 0: loss = 2212.748046875
Epoch 1: loss = 9.84150505065918
Epoch 2: loss = 9.820878982543945
Epoch 3: loss = 9.818424224853516
Epoch 4: loss = 9.818024635314941
Epoch 5: loss = 9.817931175231934
Epoch 6: loss = 9.817916870117188
Epoch 7: loss = 9.817913055419922
Epoch 8: loss = 9.817911148071289
Epoch 9: loss = 9.817907333374023
Epoch 10: loss = 9.817903518676758
Epoch 11: loss = 9.817903518676758
Early stopping at epoch 11 with loss 9.817916870117188
Reconstruction for fluence = 2636.6508987303555 photons/pixel
Epoch 0: loss = 12033.79296875
Epoch 1: loss = 23.05364227294922
Epoch 2: loss = 22.947513580322266
Epoch 3: loss = 22.93279266357422
Epoch 4: loss = 22.930652618408203
Epoch 5: loss = 22.930103302001953
Epoch 6: loss = 22.92997169494629
Epoch 7: loss = 22.92993927001953
Epoch 8: loss = 22.929920196533203
Epoch 9: loss = 22.929912567138672
Epoch 10: loss = 22.929908752441406
Epoch 11: loss = 22.92990493774414
Early stopping at epoch 11 with loss 22.92997169494629
Reconstruction for fluence = 6158.482110660255 photons/pixel
Epoch 0: loss = 65593.765625
Epoch 1: loss = 53.9806022644043
Epoch 2: loss = 53.42049789428711
Epoch 3: loss = 53.34667205810547
Epoch 4: loss = 53.335697174072266
Epoch 5: loss = 53.332366943359375
Epoch 6: loss = 53.33161163330078
Epoch 7: loss = 53.331321716308594
Epoch 8: loss = 53.33119583129883
Epoch 9: loss = 53.33118438720703
Epoch 10: loss = 53.33116912841797
Epoch 11: loss = 53.33116149902344
Epoch 12: loss = 53.331153869628906
Epoch 13: loss = 53.331146240234375
Early stopping at epoch 13 with loss 53.33119583129883
Reconstruction for fluence = 14384.498882876629 photons/pixel
Epoch 0: loss = 357654.5
Epoch 1: loss = 127.98353576660156
Epoch 2: loss = 125.0091781616211
Epoch 3: loss = 124.62419891357422
Epoch 4: loss = 124.56192779541016
Epoch 5: loss = 124.54371643066406
Epoch 6: loss = 124.53955841064453
Epoch 7: loss = 124.53751373291016
Epoch 8: loss = 124.53665924072266
Epoch 9: loss = 124.53645324707031
Epoch 10: loss = 124.53630065917969
Epoch 11: loss = 124.53628540039062
Epoch 12: loss = 124.53627014160156
Epoch 13: loss = 124.53627014160156
Epoch 14: loss = 124.53626251220703
Epoch 15: loss = 124.53626251220703
Early stopping at epoch 15 with loss 124.53630065917969
Reconstruction for fluence = 33598.18286283781 photons/pixel
Epoch 0: loss = 1950790.75
Epoch 1: loss = 311.2867126464844
Epoch 2: loss = 294.9957275390625
Epoch 3: loss = 292.9573974609375
Epoch 4: loss = 292.5384521484375
Epoch 5: loss = 292.43804931640625
Epoch 6: loss = 292.4161682128906
Epoch 7: loss = 292.4073486328125
Epoch 8: loss = 292.40576171875
Epoch 9: loss = 292.40283203125
Epoch 10: loss = 292.40228271484375
Epoch 11: loss = 292.4017333984375
Epoch 12: loss = 292.40155029296875
Epoch 13: loss = 292.4014892578125
Epoch 14: loss = 292.4013671875
Epoch 15: loss = 292.4013671875
Epoch 16: loss = 292.40130615234375
Epoch 17: loss = 292.4012451171875
Epoch 18: loss = 292.4012451171875
Epoch 19: loss = 292.40118408203125
Epoch 20: loss = 292.40118408203125
Epoch 21: loss = 292.4011535644531
Epoch 22: loss = 292.401123046875
Epoch 23: loss = 292.401123046875
Epoch 24: loss = 292.401123046875
Epoch 25: loss = 292.401123046875
Epoch 26: loss = 292.40106201171875
Epoch 27: loss = 292.40106201171875
Early stopping at epoch 27 with loss 292.401123046875
Reconstruction for fluence = 78475.99703514607 photons/pixel
Epoch 0: loss = 10642130.0
Epoch 1: loss = 782.6091918945312
Epoch 2: loss = 694.36474609375
Epoch 3: loss = 682.8955078125
Epoch 4: loss = 680.8589477539062
Epoch 5: loss = 680.3389892578125
Epoch 6: loss = 680.2125244140625
Epoch 7: loss = 680.1663818359375
Epoch 8: loss = 680.1436157226562
Epoch 9: loss = 680.136474609375
Epoch 10: loss = 680.134033203125
Epoch 11: loss = 680.133544921875
Epoch 12: loss = 680.1331787109375
Epoch 13: loss = 680.1328125
Epoch 14: loss = 680.1326904296875
Epoch 15: loss = 680.1326904296875
Epoch 16: loss = 680.132568359375
Epoch 17: loss = 680.132568359375
Epoch 18: loss = 680.1324462890625
Epoch 19: loss = 680.1324462890625
Epoch 20: loss = 680.13232421875
Epoch 21: loss = 680.13232421875
Epoch 22: loss = 680.13232421875
Epoch 23: loss = 680.1322021484375
Epoch 24: loss = 680.1322021484375
Epoch 25: loss = 680.1322021484375
Early stopping at epoch 25 with loss 680.13232421875
Reconstruction for fluence = 183298.07108324335 photons/pixel
Epoch 0: loss = 58059936.0
Epoch 1: loss = 2153.843505859375
Epoch 2: loss = 1672.0743408203125
Epoch 3: loss = 1610.7142333984375
Epoch 4: loss = 1600.091064453125
Epoch 5: loss = 1597.215087890625
Epoch 6: loss = 1596.5103759765625
Epoch 7: loss = 1596.2401123046875
Epoch 8: loss = 1596.126953125
Epoch 9: loss = 1596.0859375
Epoch 10: loss = 1596.0726318359375
Epoch 11: loss = 1596.070068359375
Epoch 12: loss = 1596.068115234375
Epoch 13: loss = 1596.067626953125
Epoch 14: loss = 1596.067138671875
Epoch 15: loss = 1596.0662841796875
Epoch 16: loss = 1596.066650390625
Epoch 17: loss = 1596.06640625
Epoch 18: loss = 1596.06591796875
Epoch 19: loss = 1596.06591796875
Epoch 20: loss = 1596.06591796875
Epoch 21: loss = 1596.0657958984375
Epoch 22: loss = 1596.0654296875
Epoch 23: loss = 1596.065673828125
Epoch 24: loss = 1596.065673828125
Epoch 25: loss = 1596.0654296875
Epoch 26: loss = 1596.0654296875
Epoch 27: loss = 1596.0654296875
Early stopping at epoch 27 with loss 1596.0654296875
Reconstruction for fluence = 428133.2398719387 photons/pixel
Epoch 0: loss = 316735424.0
Epoch 1: loss = 6763.1025390625
Epoch 2: loss = 4142.8349609375
Epoch 3: loss = 3802.773193359375
Epoch 4: loss = 3747.18896484375
Epoch 5: loss = 3733.052734375
Epoch 6: loss = 3729.474609375
Epoch 7: loss = 3727.94189453125
Epoch 8: loss = 3727.259521484375
Epoch 9: loss = 3727.013671875
Epoch 10: loss = 3726.928955078125
Epoch 11: loss = 3726.91064453125
Epoch 12: loss = 3726.904052734375
Epoch 13: loss = 3726.8984375
Epoch 14: loss = 3726.891845703125
Epoch 15: loss = 3726.88818359375
Epoch 16: loss = 3726.8857421875
Epoch 17: loss = 3726.8857421875
Epoch 18: loss = 3726.885498046875
Epoch 19: loss = 3726.88427734375
Epoch 20: loss = 3726.88427734375
Epoch 21: loss = 3726.8837890625
Epoch 22: loss = 3726.8837890625
Epoch 23: loss = 3726.8837890625
Epoch 24: loss = 3726.8828125
Epoch 25: loss = 3726.8828125
Epoch 26: loss = 3726.8828125
Epoch 27: loss = 3726.882568359375
Epoch 28: loss = 3726.882568359375
Epoch 29: loss = 3726.88232421875
Epoch 30: loss = 3726.88232421875
Epoch 31: loss = 3726.8828125
Epoch 32: loss = 3726.882568359375
Epoch 33: loss = 3726.8818359375
Epoch 34: loss = 3726.8828125
Epoch 35: loss = 3726.88232421875
Epoch 36: loss = 3726.88232421875
Epoch 37: loss = 3726.8828125
Epoch 38: loss = 3726.882568359375
Early stopping at epoch 38 with loss 3726.8818359375
Reconstruction for fluence = 1000000.0 photons/pixel
Epoch 0: loss = 1727959552.0
Epoch 1: loss = 25239.478515625
Epoch 2: loss = 10938.94140625
Epoch 3: loss = 9119.23046875
Epoch 4: loss = 8791.517578125
Epoch 5: loss = 8706.1728515625
Epoch 6: loss = 8681.7529296875
Epoch 7: loss = 8672.8740234375
Epoch 8: loss = 8668.931640625
Epoch 9: loss = 8667.498046875
Epoch 10: loss = 8667.033203125
Epoch 11: loss = 8666.892578125
Epoch 12: loss = 8666.88671875
Epoch 13: loss = 8666.85546875
Epoch 14: loss = 8666.849609375
Epoch 15: loss = 8666.8115234375
Epoch 16: loss = 8666.810546875
Epoch 17: loss = 8666.8046875
Epoch 18: loss = 8666.8046875
Epoch 19: loss = 8666.798828125
Epoch 20: loss = 8666.794921875
Epoch 21: loss = 8666.7890625
Epoch 22: loss = 8666.7890625
Epoch 23: loss = 8666.787109375
Epoch 24: loss = 8666.787109375
Epoch 25: loss = 8666.787109375
Epoch 26: loss = 8666.787109375
Epoch 27: loss = 8666.78515625
Epoch 28: loss = 8666.783203125
Epoch 29: loss = 8666.78125
Epoch 30: loss = 8666.7822265625
Epoch 31: loss = 8666.78125
Epoch 32: loss = 8666.78125
Epoch 33: loss = 8666.78125
Epoch 34: loss = 8666.783203125
Early stopping at epoch 34 with loss 8666.78125
Tensors initialization on device cuda
Multiprobe = band_lim
torch.Size([1, 64, 64])

('MSE', 'PoissonNLL') RECONSTRUCTIONS

Reconstruction for fluence = 0.09999999999999999 photons/pixel
Epoch 0: loss = 0.0008953302167356014
Epoch 1: loss = 0.0008953302167356014
Epoch 2: loss = 0.0008953302167356014
Epoch 3: loss = 0.0008953302167356014
Epoch 4: loss = 0.0008953302167356014
Epoch 5: loss = 0.0008953302167356014
Early stopping at epoch 5 with loss 0.0008953302167356014
Epoch 0: loss = 0.005751863121986389
Epoch 1: loss = 0.0057518621906638145
Epoch 2: loss = 0.005751859862357378
Epoch 3: loss = 0.005751858931034803
Epoch 4: loss = 0.005751857999712229
Epoch 5: loss = 0.005751857068389654
Early stopping at epoch 5 with loss 0.005751863121986389
Reconstruction for fluence = 0.23357214690901223 photons/pixel
Epoch 0: loss = 0.0021446438040584326
Epoch 1: loss = 0.0021446438040584326
Epoch 2: loss = 0.0021446438040584326
Epoch 3: loss = 0.0021446438040584326
Epoch 4: loss = 0.0021446438040584326
Epoch 5: loss = 0.0021446438040584326
Early stopping at epoch 5 with loss 0.0021446438040584326
Epoch 0: loss = 0.011841274797916412
Epoch 1: loss = 0.011834420263767242
Epoch 2: loss = 0.009897105395793915
Epoch 3: loss = 0.00989600457251072
Epoch 4: loss = 0.00989600457251072
Epoch 5: loss = 0.00989600457251072
Epoch 6: loss = 0.00989600457251072
Epoch 7: loss = 0.00989600457251072
Early stopping at epoch 7 with loss 0.009897105395793915
Reconstruction for fluence = 0.5455594781168519 photons/pixel
Epoch 0: loss = 0.005213143303990364
Epoch 1: loss = 0.005213097669184208
Epoch 2: loss = 0.0052130515687167645
Epoch 3: loss = 0.005213005933910608
Epoch 4: loss = 0.005212959833443165
Epoch 5: loss = 0.005212914198637009
Early stopping at epoch 5 with loss 0.005213143303990364
Epoch 0: loss = 0.023578139021992683
Epoch 1: loss = 0.019060423597693443
Epoch 2: loss = 0.01905694603919983
Epoch 3: loss = 0.01905694603919983
Epoch 4: loss = 0.01905694603919983
Epoch 5: loss = 0.01905694603919983
Epoch 6: loss = 0.01905694603919983
Early stopping at epoch 6 with loss 0.019060423597693443
Reconstruction for fluence = 1.2742749857031335 photons/pixel
Epoch 0: loss = 0.013642482459545135
Epoch 1: loss = 0.013641140423715115
Epoch 2: loss = 0.013639800250530243
Epoch 3: loss = 0.013638460077345371
Epoch 4: loss = 0.013637121766805649
Epoch 5: loss = 0.013635784387588501
Early stopping at epoch 5 with loss 0.013642482459545135
Epoch 0: loss = 0.046041615307331085
Epoch 1: loss = 0.0355544239282608
Epoch 2: loss = 0.03555317968130112
Epoch 3: loss = 0.03555317968130112
Epoch 4: loss = 0.03555317968130112
Epoch 5: loss = 0.03555317968130112
Epoch 6: loss = 0.03555317968130112
Early stopping at epoch 6 with loss 0.0355544239282608
Reconstruction for fluence = 2.976351441631318 photons/pixel
Epoch 0: loss = 0.039529211819171906
Epoch 1: loss = 0.025913234800100327
Epoch 2: loss = 0.025913234800100327
Epoch 3: loss = 0.025913234800100327
Epoch 4: loss = 0.025913234800100327
Epoch 5: loss = 0.025913234800100327
Epoch 6: loss = 0.025913234800100327
Early stopping at epoch 6 with loss 0.025913234800100327
Epoch 0: loss = 0.06344649195671082
Epoch 1: loss = 0.061175812035799026
Epoch 2: loss = 0.06117213889956474
Epoch 3: loss = 0.06117213889956474
Epoch 4: loss = 0.06117213889956474
Epoch 5: loss = 0.06117213889956474
Epoch 6: loss = 0.06117213889956474
Early stopping at epoch 6 with loss 0.061175812035799026
Reconstruction for fluence = 6.9519279617756045 photons/pixel
Epoch 0: loss = 0.13412876427173615
Epoch 1: loss = 0.060583651065826416
Epoch 2: loss = 0.0605819895863533
Epoch 3: loss = 0.0605819895863533
Epoch 4: loss = 0.0605819895863533
Epoch 5: loss = 0.0605819895863533
Epoch 6: loss = 0.0605819895863533
Early stopping at epoch 6 with loss 0.060583651065826416
Epoch 0: loss = 0.09494534879922867
Epoch 1: loss = 0.09198132157325745
Epoch 2: loss = 0.09197711199522018
Epoch 3: loss = 0.09197711199522018
Epoch 4: loss = 0.09197711199522018
Epoch 5: loss = 0.09197711199522018
Epoch 6: loss = 0.09197711199522018
Early stopping at epoch 6 with loss 0.09198132157325745
Reconstruction for fluence = 16.23776739188721 photons/pixel
Epoch 0: loss = 0.5373831987380981
Epoch 1: loss = 0.14124459028244019
Epoch 2: loss = 0.14123350381851196
Epoch 3: loss = 0.14123350381851196
Epoch 4: loss = 0.14123350381851196
Epoch 5: loss = 0.14123350381851196
Epoch 6: loss = 0.14123350381851196
Early stopping at epoch 6 with loss 0.14124459028244019
Epoch 0: loss = 0.09839485585689545
Epoch 1: loss = 0.09445716440677643
Epoch 2: loss = 0.09444825351238251
Epoch 3: loss = 0.09444822371006012
Epoch 4: loss = 0.09444822371006012
Epoch 5: loss = 0.09444822371006012
Epoch 6: loss = 0.09444822371006012
Early stopping at epoch 6 with loss 0.09445716440677643
Reconstruction for fluence = 37.926901907322495 photons/pixel
Epoch 0: loss = 2.486443519592285
Epoch 1: loss = 0.3309095799922943
Epoch 2: loss = 0.33086708188056946
Epoch 3: loss = 0.33086633682250977
Epoch 4: loss = 0.33086609840393066
Epoch 5: loss = 0.3308660387992859
Epoch 6: loss = 0.3308660387992859
Early stopping at epoch 6 with loss 0.3309095799922943
Epoch 0: loss = -0.05651127174496651
Epoch 1: loss = -0.06123116612434387
Epoch 2: loss = -0.06123849004507065
Epoch 3: loss = -0.06123853102326393
Epoch 4: loss = -0.06123853102326393
Epoch 5: loss = -0.06123853102326393
Epoch 6: loss = -0.06123853102326393
Early stopping at epoch 6 with loss -0.06123116612434387
Reconstruction for fluence = 88.58667904100822 photons/pixel
Epoch 0: loss = 12.528057098388672
Epoch 1: loss = 0.7725807428359985
Epoch 2: loss = 0.7723910212516785
Epoch 3: loss = 0.7723847031593323
Epoch 4: loss = 0.7723808884620667
Epoch 5: loss = 0.7723808288574219
Epoch 6: loss = 0.7723805904388428
Epoch 7: loss = 0.7723805904388428
Early stopping at epoch 7 with loss 0.7723910212516785
Epoch 0: loss = -0.7969540357589722
Epoch 1: loss = -0.8028191924095154
Epoch 2: loss = -0.8028215169906616
Epoch 3: loss = -0.8028217554092407
Epoch 4: loss = -0.8028218746185303
Epoch 5: loss = -0.8028219938278198
Epoch 6: loss = -0.8028219938278198
Early stopping at epoch 6 with loss -0.8028191924095154
Reconstruction for fluence = 206.9138081114788 photons/pixel
Epoch 0: loss = 65.86920928955078
Epoch 1: loss = 1.799868106842041
Epoch 2: loss = 1.7991013526916504
Epoch 3: loss = 1.7990357875823975
Epoch 4: loss = 1.799028992652893
Epoch 5: loss = 1.7990286350250244
Epoch 6: loss = 1.7990280389785767
Epoch 7: loss = 1.799027919769287
Early stopping at epoch 7 with loss 1.7991013526916504
Epoch 0: loss = -3.412179470062256
Epoch 1: loss = -3.418891668319702
Epoch 2: loss = -3.4188921451568604
Epoch 3: loss = -3.4188923835754395
Epoch 4: loss = -3.4188923835754395
Epoch 5: loss = -3.4188923835754395
Epoch 6: loss = -3.4188923835754395
Early stopping at epoch 6 with loss -3.418891668319702
Reconstruction for fluence = 483.2930238571752 photons/pixel
Epoch 0: loss = 353.90374755859375
Epoch 1: loss = 4.179374694824219
Epoch 2: loss = 4.176262855529785
Epoch 3: loss = 4.1759467124938965
Epoch 4: loss = 4.175909042358398
Epoch 5: loss = 4.175904273986816
Epoch 6: loss = 4.1759033203125
Epoch 7: loss = 4.1759033203125
Epoch 8: loss = 4.175902366638184
Early stopping at epoch 8 with loss 4.1759467124938965
Epoch 0: loss = -11.57669448852539
Epoch 1: loss = -11.584358215332031
Epoch 2: loss = -11.584362030029297
Epoch 3: loss = -11.584362030029297
Epoch 4: loss = -11.584362030029297
Epoch 5: loss = -11.584362030029297
Epoch 6: loss = -11.584362030029297
Early stopping at epoch 6 with loss -11.584358215332031
Reconstruction for fluence = 1128.8378916846884 photons/pixel
Epoch 0: loss = 1916.0439453125
Epoch 1: loss = 9.771772384643555
Epoch 2: loss = 9.757603645324707
Epoch 3: loss = 9.756032943725586
Epoch 4: loss = 9.755827903747559
Epoch 5: loss = 9.755804061889648
Epoch 6: loss = 9.755788803100586
Epoch 7: loss = 9.755783081054688
Epoch 8: loss = 9.755777359008789
Epoch 9: loss = 9.755773544311523
Early stopping at epoch 9 with loss 9.755827903747559
Epoch 0: loss = -35.477020263671875
Epoch 1: loss = -35.48515319824219
Epoch 2: loss = -35.48515319824219
Epoch 3: loss = -35.48515319824219
Epoch 4: loss = -35.48515319824219
Epoch 5: loss = -35.48515319824219
Epoch 6: loss = -35.48515319824219
Early stopping at epoch 6 with loss -35.48515319824219
Reconstruction for fluence = 2636.6508987303555 photons/pixel
Epoch 0: loss = 10425.73828125
Epoch 1: loss = 22.872554779052734
Epoch 2: loss = 22.798505783081055
Epoch 3: loss = 22.788591384887695
Epoch 4: loss = 22.78676986694336
Epoch 5: loss = 22.78648567199707
Epoch 6: loss = 22.78644561767578
Epoch 7: loss = 22.786434173583984
Epoch 8: loss = 22.786415100097656
Epoch 9: loss = 22.78641128540039
Epoch 10: loss = 22.78641128540039
Early stopping at epoch 10 with loss 22.78648567199707
Epoch 0: loss = -102.51944732666016
Epoch 1: loss = -102.52842712402344
Epoch 2: loss = -102.52842712402344
Epoch 3: loss = -102.52842712402344
Epoch 4: loss = -102.52842712402344
Epoch 5: loss = -102.52842712402344
Epoch 6: loss = -102.52842712402344
Early stopping at epoch 6 with loss -102.52842712402344
Reconstruction for fluence = 6158.482110660255 photons/pixel
Epoch 0: loss = 56804.15625
Epoch 1: loss = 53.90580368041992
Epoch 2: loss = 53.520484924316406
Epoch 3: loss = 53.463348388671875
Epoch 4: loss = 53.4557991027832
Epoch 5: loss = 53.45410919189453
Epoch 6: loss = 53.45386505126953
Epoch 7: loss = 53.45368957519531
Epoch 8: loss = 53.453643798828125
Epoch 9: loss = 53.45363235473633
Epoch 10: loss = 53.45361328125
Epoch 11: loss = 53.45361328125
Epoch 12: loss = 53.45361328125
Early stopping at epoch 12 with loss 53.45368957519531
Epoch 0: loss = -285.3816833496094
Epoch 1: loss = -285.3912353515625
Epoch 2: loss = -285.3912353515625
Epoch 3: loss = -285.3912353515625
Epoch 4: loss = -285.3912353515625
Epoch 5: loss = -285.3912353515625
Epoch 6: loss = -285.3912353515625
Early stopping at epoch 6 with loss -285.3912353515625
Reconstruction for fluence = 14384.498882876629 photons/pixel
Epoch 0: loss = 309757.28125
Epoch 1: loss = 126.16777801513672
Epoch 2: loss = 124.1689453125
Epoch 3: loss = 123.86212158203125
Epoch 4: loss = 123.82513427734375
Epoch 5: loss = 123.81712341308594
Epoch 6: loss = 123.81562805175781
Epoch 7: loss = 123.81492614746094
Epoch 8: loss = 123.81477355957031
Epoch 9: loss = 123.81472778320312
Epoch 10: loss = 123.81470489501953
Epoch 11: loss = 123.81466674804688
Epoch 12: loss = 123.81465148925781
Epoch 13: loss = 123.81465148925781
Epoch 14: loss = 123.81463623046875
Epoch 0: loss = -773.869873046875
Epoch 1: loss = -773.879638671875
Epoch 2: loss = -773.8796997070312
Epoch 3: loss = -773.8796997070312
Epoch 4: loss = -773.8796997070312
Epoch 5: loss = -773.8796997070312
Epoch 6: loss = -773.8796997070312
Early stopping at epoch 6 with loss -773.879638671875
Reconstruction for fluence = 33598.18286283781 photons/pixel
Epoch 0: loss = 1689583.875
Epoch 1: loss = 309.7235107421875
Epoch 2: loss = 295.03082275390625
Epoch 3: loss = 293.36859130859375
Epoch 4: loss = 293.1348571777344
Epoch 5: loss = 293.0845031738281
Epoch 6: loss = 293.07403564453125
Epoch 7: loss = 293.07073974609375
Epoch 8: loss = 293.0693359375
Epoch 9: loss = 293.0693359375
Epoch 10: loss = 293.0692138671875
Epoch 11: loss = 293.0692138671875
Epoch 12: loss = 293.06915283203125
Epoch 13: loss = 293.06903076171875
Epoch 14: loss = 293.06903076171875
Epoch 0: loss = -2057.90234375
Epoch 1: loss = -2057.912353515625
Epoch 2: loss = -2057.912353515625
Epoch 3: loss = -2057.912353515625
Epoch 4: loss = -2057.912353515625
Epoch 5: loss = -2057.912353515625
Epoch 6: loss = -2057.912353515625
Early stopping at epoch 6 with loss -2057.912353515625
Reconstruction for fluence = 78475.99703514607 photons/pixel
Epoch 0: loss = 9217250.0
Epoch 1: loss = 750.903564453125
Epoch 2: loss = 693.390869140625
Epoch 3: loss = 684.144775390625
Epoch 4: loss = 682.9905395507812
Epoch 5: loss = 682.7296142578125
Epoch 6: loss = 682.6715698242188
Epoch 7: loss = 682.6520385742188
Epoch 8: loss = 682.6447143554688
Epoch 9: loss = 682.641845703125
Epoch 10: loss = 682.6417236328125
Epoch 11: loss = 682.6414794921875
Epoch 12: loss = 682.6414794921875
Epoch 13: loss = 682.641357421875
Epoch 14: loss = 682.6412353515625
Epoch 0: loss = -5391.73828125
Epoch 1: loss = -5391.748046875
Epoch 2: loss = -5391.748046875
Epoch 3: loss = -5391.748046875
Epoch 4: loss = -5391.748046875
Epoch 5: loss = -5391.748046875
Epoch 6: loss = -5391.748046875
Early stopping at epoch 6 with loss -5391.748046875
Reconstruction for fluence = 183298.07108324335 photons/pixel
Epoch 0: loss = 50283232.0
Epoch 1: loss = 1969.3856201171875
Epoch 2: loss = 1647.0057373046875
Epoch 3: loss = 1602.769775390625
Epoch 4: loss = 1597.27587890625
Epoch 5: loss = 1596.036865234375
Epoch 6: loss = 1595.7633056640625
Epoch 7: loss = 1595.6802978515625
Epoch 8: loss = 1595.6514892578125
Epoch 9: loss = 1595.6456298828125
Epoch 10: loss = 1595.642822265625
Epoch 11: loss = 1595.641357421875
Epoch 12: loss = 1595.64013671875
Epoch 13: loss = 1595.6396484375
Epoch 14: loss = 1595.6396484375
Epoch 0: loss = -13960.154296875
Epoch 1: loss = -13960.1640625
Epoch 2: loss = -13960.1640625
Epoch 3: loss = -13960.1640625
Epoch 4: loss = -13960.1640625
Epoch 5: loss = -13960.1640625
Epoch 6: loss = -13960.1640625
Early stopping at epoch 6 with loss -13960.1640625
Reconstruction for fluence = 428133.2398719387 photons/pixel
Epoch 0: loss = 274311456.0
Epoch 1: loss = 5794.94189453125
Epoch 2: loss = 4026.69384765625
Epoch 3: loss = 3774.687255859375
Epoch 4: loss = 3740.6796875
Epoch 5: loss = 3732.861572265625
Epoch 6: loss = 3731.21875
Epoch 7: loss = 3730.69140625
Epoch 8: loss = 3730.45947265625
Epoch 9: loss = 3730.3818359375
Epoch 10: loss = 3730.35791015625
Epoch 11: loss = 3730.35546875
Epoch 12: loss = 3730.354736328125
Epoch 13: loss = 3730.35400390625
Epoch 14: loss = 3730.3515625
Epoch 0: loss = -35799.6953125
Epoch 1: loss = -35799.6953125
Epoch 2: loss = -35799.703125
Epoch 3: loss = -35799.703125
Epoch 4: loss = -35799.703125
Epoch 5: loss = -35799.703125
Epoch 6: loss = -35799.703125
Epoch 7: loss = -35799.703125
Early stopping at epoch 7 with loss -35799.703125
Reconstruction for fluence = 1000000.0 photons/pixel
Epoch 0: loss = 1496562688.0
Epoch 1: loss = 19847.0234375
Epoch 2: loss = 10369.7607421875
Epoch 3: loss = 8952.0078125
Epoch 4: loss = 8756.826171875
Epoch 5: loss = 8714.06640625
Epoch 6: loss = 8705.1513671875
Epoch 7: loss = 8701.908203125
Epoch 8: loss = 8700.677734375
Epoch 9: loss = 8700.2509765625
Epoch 10: loss = 8700.130859375
Epoch 11: loss = 8700.103515625
Epoch 12: loss = 8700.09765625
Epoch 13: loss = 8700.0888671875
Epoch 14: loss = 8700.0869140625
Epoch 0: loss = -91072.578125
Epoch 1: loss = -91072.578125
Epoch 2: loss = -91072.5859375
Epoch 3: loss = -91072.5859375
Epoch 4: loss = -91072.5859375
Epoch 5: loss = -91072.5859375
Epoch 6: loss = -91072.5859375
Epoch 7: loss = -91072.5859375
Early stopping at epoch 7 with loss -91072.5859375
Simulation for steps_size=2 and n_fluences=20 completed!
