Running simulation for steps_size=9 and n_fluences=20
Steps size: 9
Tensors initialization on device cuda
Multiprobe = band_lim
torch.Size([1, 64, 64])

('MSE', None) RECONSTRUCTIONS

Reconstruction for fluence = 0.09999999999999999 photons/pixel
Epoch 0: loss = 7083.6865234375
Epoch 1: loss = 3037.46826171875
Epoch 2: loss = 3037.413818359375
Epoch 3: loss = 3037.413818359375
Epoch 4: loss = 3037.41357421875
Epoch 5: loss = 3037.41357421875
Epoch 6: loss = 3037.41357421875
Epoch 7: loss = 3037.41357421875
Epoch 8: loss = 3037.41357421875
Epoch 9: loss = 3037.41357421875
Epoch 10: loss = 3037.41357421875
Epoch 11: loss = 3037.41357421875
Epoch 12: loss = 3037.41357421875
Early stopping at epoch 12 with loss 3037.41357421875
Reconstruction for fluence = 0.23357214690901223 photons/pixel
Epoch 0: loss = 12667.001953125
Epoch 1: loss = 5640.1396484375
Epoch 2: loss = 5640.1015625
Epoch 3: loss = 5640.08349609375
Epoch 4: loss = 5640.0693359375
Epoch 5: loss = 5640.0673828125
Epoch 6: loss = 5640.0673828125
Epoch 7: loss = 5640.0673828125
Epoch 8: loss = 5640.0673828125
Epoch 9: loss = 5640.0673828125
Epoch 10: loss = 5640.0673828125
Epoch 11: loss = 5640.0673828125
Epoch 12: loss = 5640.0673828125
Epoch 13: loss = 5640.0673828125
Early stopping at epoch 13 with loss 5640.0673828125
Reconstruction for fluence = 0.5455594781168519 photons/pixel
Epoch 0: loss = 20368.53515625
Epoch 1: loss = 9275.0654296875
Epoch 2: loss = 9275.0205078125
Epoch 3: loss = 9275.01953125
Epoch 4: loss = 9275.01953125
Epoch 5: loss = 9275.01953125
Epoch 6: loss = 9275.01953125
Epoch 7: loss = 9275.01953125
Epoch 8: loss = 9275.01953125
Epoch 9: loss = 9275.01953125
Epoch 10: loss = 9275.01953125
Epoch 11: loss = 9275.01953125
Early stopping at epoch 11 with loss 9275.01953125
Reconstruction for fluence = 1.2742749857031335 photons/pixel
Epoch 0: loss = 30536.0234375
Epoch 1: loss = 12215.6357421875
Epoch 2: loss = 12215.533203125
Epoch 3: loss = 12215.533203125
Epoch 4: loss = 12215.5322265625
Epoch 5: loss = 12215.5322265625
Epoch 6: loss = 12215.5322265625
Epoch 7: loss = 12215.5322265625
Epoch 8: loss = 12215.5322265625
Epoch 9: loss = 12215.5322265625
Epoch 10: loss = 12215.5322265625
Epoch 11: loss = 12215.5322265625
Epoch 12: loss = 12215.53125
Epoch 13: loss = 12215.53125
Epoch 14: loss = 12215.53125
Epoch 15: loss = 12215.53125
Epoch 16: loss = 12215.53125
Epoch 17: loss = 12215.53125
Epoch 18: loss = 12215.53125
Epoch 19: loss = 12215.53125
Epoch 20: loss = 12215.53125
Early stopping at epoch 20 with loss 12215.53125
Reconstruction for fluence = 2.976351441631318 photons/pixel
Epoch 0: loss = 49919.43359375
Epoch 1: loss = 14682.189453125
Epoch 2: loss = 14681.998046875
Epoch 3: loss = 14681.99609375
Epoch 4: loss = 14681.99609375
Epoch 5: loss = 14681.994140625
Epoch 6: loss = 14681.990234375
Epoch 7: loss = 14681.98046875
Epoch 8: loss = 14681.9794921875
Epoch 9: loss = 14681.978515625
Epoch 10: loss = 14681.978515625
Epoch 11: loss = 14681.9765625
Epoch 12: loss = 14681.9765625
Epoch 13: loss = 14681.9765625
Epoch 14: loss = 14681.9765625
Epoch 15: loss = 14681.9765625
Epoch 16: loss = 14681.974609375
Epoch 17: loss = 14681.97265625
Epoch 18: loss = 14681.97265625
Epoch 19: loss = 14681.9716796875
Epoch 20: loss = 14681.970703125
Epoch 21: loss = 14681.970703125
Epoch 22: loss = 14681.970703125
Epoch 23: loss = 14681.970703125
Epoch 24: loss = 14681.970703125
Epoch 25: loss = 14681.970703125
Epoch 26: loss = 14681.970703125
Epoch 27: loss = 14681.970703125
Epoch 28: loss = 14681.970703125
Early stopping at epoch 28 with loss 14681.970703125
Reconstruction for fluence = 6.9519279617756045 photons/pixel
Epoch 0: loss = 93517.71875
Epoch 1: loss = 17675.912109375
Epoch 2: loss = 17675.11328125
Epoch 3: loss = 17675.109375
Epoch 4: loss = 17675.109375
Epoch 5: loss = 17675.109375
Epoch 6: loss = 17675.109375
Epoch 7: loss = 17675.109375
Epoch 8: loss = 17675.109375
Epoch 9: loss = 17675.109375
Epoch 10: loss = 17675.109375
Epoch 11: loss = 17675.109375
Early stopping at epoch 11 with loss 17675.109375
Reconstruction for fluence = 16.23776739188721 photons/pixel
Epoch 0: loss = 197510.84375
Epoch 1: loss = 22915.701171875
Epoch 2: loss = 22914.8671875
Epoch 3: loss = 22914.8671875
Epoch 4: loss = 22914.86328125
Epoch 5: loss = 22914.86328125
Epoch 6: loss = 22914.86328125
Epoch 7: loss = 22914.86328125
Epoch 8: loss = 22914.86328125
Epoch 9: loss = 22914.86328125
Epoch 10: loss = 22914.86328125
Epoch 11: loss = 22914.86328125
Epoch 12: loss = 22914.86328125
Early stopping at epoch 12 with loss 22914.86328125
Reconstruction for fluence = 37.926901907322495 photons/pixel
Epoch 0: loss = 440927.21875
Epoch 1: loss = 30222.5859375
Epoch 2: loss = 30221.392578125
Epoch 3: loss = 30221.390625
Epoch 4: loss = 30221.390625
Epoch 5: loss = 30221.390625
Epoch 6: loss = 30221.390625
Epoch 7: loss = 30221.390625
Epoch 8: loss = 30221.388671875
Epoch 9: loss = 30221.38671875
Epoch 10: loss = 30221.38671875
Epoch 11: loss = 30221.38671875
Epoch 12: loss = 30221.388671875
Epoch 13: loss = 30221.388671875
Epoch 14: loss = 30221.388671875
Epoch 15: loss = 30221.38671875
Epoch 16: loss = 30221.388671875
Epoch 17: loss = 30221.388671875
Early stopping at epoch 17 with loss 30221.38671875
Reconstruction for fluence = 88.58667904100822 photons/pixel
Epoch 0: loss = 1013737.0
Epoch 1: loss = 40543.8359375
Epoch 2: loss = 40542.3359375
Epoch 3: loss = 40542.3359375
Epoch 4: loss = 40542.3359375
Epoch 5: loss = 40542.3359375
Epoch 6: loss = 40542.3359375
Epoch 7: loss = 40542.3359375
Epoch 8: loss = 40542.3359375
Epoch 9: loss = 40542.3359375
Epoch 10: loss = 40542.3359375
Early stopping at epoch 10 with loss 40542.3359375
Reconstruction for fluence = 206.9138081114788 photons/pixel
Epoch 0: loss = 2344169.5
Epoch 1: loss = 51813.9921875
Epoch 2: loss = 51810.9453125
Epoch 3: loss = 51810.9453125
Epoch 4: loss = 51810.9453125
Epoch 5: loss = 51810.9453125
Epoch 6: loss = 51810.9453125
Epoch 7: loss = 51810.9453125
Epoch 8: loss = 51810.9453125
Epoch 9: loss = 51810.9453125
Epoch 10: loss = 51810.94140625
Epoch 11: loss = 51810.9453125
Epoch 12: loss = 51810.9453125
Epoch 13: loss = 51810.9453125
Epoch 14: loss = 51810.9453125
Epoch 15: loss = 51810.9453125
Epoch 16: loss = 51810.9453125
Epoch 17: loss = 51810.94140625
Epoch 18: loss = 51810.9453125
Early stopping at epoch 18 with loss 51810.94140625
Reconstruction for fluence = 483.2930238571752 photons/pixel
Epoch 0: loss = 5457393.0
Epoch 1: loss = 63286.078125
Epoch 2: loss = 63281.0
Epoch 3: loss = 63281.0
Epoch 4: loss = 63281.0
Epoch 5: loss = 63281.0
Epoch 6: loss = 63281.0
Epoch 7: loss = 63281.0
Epoch 8: loss = 63281.0
Epoch 9: loss = 63281.0
Epoch 10: loss = 63281.0
Early stopping at epoch 10 with loss 63281.0
Reconstruction for fluence = 1128.8378916846884 photons/pixel
Epoch 0: loss = 12730672.0
Epoch 1: loss = 71725.53125
Epoch 2: loss = 71716.328125
Epoch 3: loss = 71716.328125
Epoch 4: loss = 71716.328125
Epoch 5: loss = 71716.328125
Epoch 6: loss = 71716.328125
Epoch 7: loss = 71716.328125
Epoch 8: loss = 71716.328125
Epoch 9: loss = 71716.328125
Epoch 10: loss = 71716.328125
Early stopping at epoch 10 with loss 71716.328125
Reconstruction for fluence = 2636.6508987303555 photons/pixel
Epoch 0: loss = 29715804.0
Epoch 1: loss = 75119.328125
Epoch 2: loss = 75093.109375
Epoch 3: loss = 75093.078125
Epoch 4: loss = 75093.0703125
Epoch 5: loss = 75093.0703125
Epoch 6: loss = 75093.0703125
Epoch 7: loss = 75093.0703125
Epoch 8: loss = 75093.0703125
Epoch 9: loss = 75093.078125
Epoch 10: loss = 75093.0703125
Epoch 11: loss = 75093.078125
Epoch 12: loss = 75093.078125
Early stopping at epoch 12 with loss 75093.0703125
Reconstruction for fluence = 6158.482110660255 photons/pixel
Epoch 0: loss = 69398320.0
Epoch 1: loss = 75093.1953125
Epoch 2: loss = 74943.71875
Epoch 3: loss = 74943.71875
Epoch 4: loss = 74943.71875
Epoch 5: loss = 74943.71875
Epoch 6: loss = 74943.71875
Epoch 7: loss = 74943.71875
Epoch 8: loss = 74943.71875
Epoch 9: loss = 74943.71875
Epoch 10: loss = 74943.71875
Early stopping at epoch 10 with loss 74943.71875
Reconstruction for fluence = 14384.498882876629 photons/pixel
Epoch 0: loss = 162084320.0
Epoch 1: loss = 72179.421875
Epoch 2: loss = 71995.234375
Epoch 3: loss = 71995.234375
Epoch 4: loss = 71995.2265625
Epoch 5: loss = 71995.2265625
Epoch 6: loss = 71995.2265625
Epoch 7: loss = 71995.234375
Epoch 8: loss = 71995.2265625
Epoch 9: loss = 71995.2265625
Epoch 10: loss = 71995.2265625
Epoch 11: loss = 71995.2265625
Epoch 12: loss = 71995.21875
Epoch 13: loss = 71995.2265625
Epoch 14: loss = 71995.2265625
Epoch 15: loss = 71995.2265625
Epoch 16: loss = 71995.2265625
Epoch 17: loss = 71995.2265625
Epoch 18: loss = 71995.21875
Epoch 19: loss = 71995.21875
Epoch 20: loss = 71995.21875
Early stopping at epoch 20 with loss 71995.21875
Reconstruction for fluence = 33598.18286283781 photons/pixel
Epoch 0: loss = 378552576.0
Epoch 1: loss = 69202.03125
Epoch 2: loss = 68859.84375
Epoch 3: loss = 68859.84375
Epoch 4: loss = 68859.828125
Epoch 5: loss = 68859.828125
Epoch 6: loss = 68859.828125
Epoch 7: loss = 68859.828125
Epoch 8: loss = 68859.828125
Epoch 9: loss = 68859.8359375
Epoch 10: loss = 68859.828125
Epoch 11: loss = 68859.828125
Epoch 12: loss = 68859.828125
Early stopping at epoch 12 with loss 68859.828125
Reconstruction for fluence = 78475.99703514607 photons/pixel
Epoch 0: loss = 884169472.0
Epoch 1: loss = 68028.578125
Epoch 2: loss = 66429.71875
Epoch 3: loss = 66429.7109375
Epoch 4: loss = 66429.71875
Epoch 5: loss = 66429.7109375
Epoch 6: loss = 66429.703125
Epoch 7: loss = 66429.703125
Epoch 8: loss = 66429.703125
Epoch 9: loss = 66429.703125
Epoch 10: loss = 66429.703125
Epoch 11: loss = 66429.703125
Epoch 12: loss = 66429.703125
Epoch 13: loss = 66429.703125
Epoch 14: loss = 66429.703125
Early stopping at epoch 14 with loss 66429.703125
Reconstruction for fluence = 183298.07108324335 photons/pixel
Epoch 0: loss = 2065250560.0
Epoch 1: loss = 68852.578125
Epoch 2: loss = 65137.4921875
Epoch 3: loss = 65137.48828125
Epoch 4: loss = 65137.4921875
Epoch 5: loss = 65137.4921875
Epoch 6: loss = 65137.4921875
Epoch 7: loss = 65137.4921875
Epoch 8: loss = 65137.48828125
Epoch 9: loss = 65137.4921875
Epoch 10: loss = 65137.4921875
Epoch 11: loss = 65137.4921875
Early stopping at epoch 11 with loss 65137.48828125
Reconstruction for fluence = 428133.2398719387 photons/pixel
Epoch 0: loss = 4823742464.0
Epoch 1: loss = 69575.6875
Epoch 2: loss = 64082.3046875
Epoch 3: loss = 64082.3125
Epoch 4: loss = 64082.3046875
Epoch 5: loss = 64082.3125
Epoch 6: loss = 64082.30859375
Epoch 7: loss = 64082.3203125
Epoch 8: loss = 64082.3046875
Epoch 9: loss = 64082.31640625
Epoch 10: loss = 64082.3046875
Early stopping at epoch 10 with loss 64082.3046875
Reconstruction for fluence = 1000000.0 photons/pixel
Epoch 0: loss = 11267101696.0
Epoch 1: loss = 344737728.0
Epoch 2: loss = 64177.32421875
Epoch 3: loss = 63643.25
Epoch 4: loss = 63643.25390625
Epoch 5: loss = 63643.25390625
Epoch 6: loss = 63643.2578125
Epoch 7: loss = 63643.2578125
Epoch 8: loss = 63643.2578125
Epoch 9: loss = 63643.25
Epoch 10: loss = 63643.25
Epoch 11: loss = 63643.234375
Epoch 12: loss = 63643.25
Epoch 13: loss = 63643.234375
Epoch 14: loss = 63643.265625
Epoch 15: loss = 63643.25
Epoch 16: loss = 63643.25
Epoch 17: loss = 63643.23828125
Epoch 18: loss = 63643.2421875
Epoch 19: loss = 63643.2421875
Early stopping at epoch 19 with loss 63643.234375
Tensors initialization on device cuda
Multiprobe = band_lim
torch.Size([1, 64, 64])

('MSE', 'PoissonNLL') RECONSTRUCTIONS

Reconstruction for fluence = 0.09999999999999999 photons/pixel
Epoch 0: loss = 7148.8046875
Epoch 1: loss = 3056.27490234375
Epoch 2: loss = 3056.11328125
Epoch 3: loss = 3056.11328125
Epoch 4: loss = 3056.11328125
Epoch 5: loss = 3056.11279296875
Epoch 6: loss = 3056.11279296875
Epoch 7: loss = 3056.11279296875
Epoch 8: loss = 3056.11279296875
Epoch 9: loss = 3056.11279296875
Epoch 10: loss = 3056.11279296875
Epoch 11: loss = 3056.11279296875
Epoch 12: loss = 3056.11279296875
Epoch 13: loss = 3056.11279296875
Early stopping at epoch 13 with loss 3056.11279296875
Epoch 0: loss = 0.051963917911052704
Epoch 1: loss = 0.038538504391908646
Epoch 2: loss = 0.038535214960575104
Epoch 3: loss = 0.038534976541996
Epoch 4: loss = 0.038534976541996
Epoch 5: loss = 0.038534976541996
Epoch 6: loss = 0.038534976541996
Epoch 7: loss = 0.038534976541996
Epoch 8: loss = 0.038534976541996
Epoch 9: loss = 0.038534976541996
Early stopping at epoch 9 with loss 0.038538504391908646
Reconstruction for fluence = 0.23357214690901223 photons/pixel
Epoch 0: loss = 12756.400390625
Epoch 1: loss = 5768.97998046875
Epoch 2: loss = 5768.6552734375
Epoch 3: loss = 5768.6552734375
Epoch 4: loss = 5768.654296875
Epoch 5: loss = 5768.654296875
Epoch 6: loss = 5768.654296875
Epoch 7: loss = 5768.6533203125
Epoch 8: loss = 5768.61572265625
Epoch 9: loss = 5768.615234375
Epoch 10: loss = 5768.615234375
Epoch 11: loss = 5768.615234375
Epoch 12: loss = 5768.615234375
Epoch 13: loss = 5768.615234375
Epoch 14: loss = 5768.61474609375
Epoch 0: loss = 0.080080546438694
Epoch 1: loss = 0.0645732656121254
Epoch 2: loss = 0.06456366181373596
Epoch 3: loss = 0.06456270813941956
Epoch 4: loss = 0.06456246972084045
Epoch 5: loss = 0.06456246972084045
Epoch 6: loss = 0.06456246972084045
Epoch 7: loss = 0.06456246972084045
Epoch 8: loss = 0.06456246972084045
Epoch 9: loss = 0.06456246972084045
Early stopping at epoch 9 with loss 0.0645732656121254
Reconstruction for fluence = 0.5455594781168519 photons/pixel
Epoch 0: loss = 20817.640625
Epoch 1: loss = 9189.599609375
Epoch 2: loss = 9189.2734375
Epoch 3: loss = 9189.26953125
Epoch 4: loss = 9189.267578125
Epoch 5: loss = 9189.265625
Epoch 6: loss = 9189.2626953125
Epoch 7: loss = 9189.26171875
Epoch 8: loss = 9189.26171875
Epoch 9: loss = 9189.26171875
Epoch 10: loss = 9189.26171875
Epoch 11: loss = 9189.26171875
Epoch 12: loss = 9189.26171875
Epoch 13: loss = 9189.26171875
Epoch 14: loss = 9189.26171875
Epoch 0: loss = 0.10175934433937073
Epoch 1: loss = 0.08745091408491135
Epoch 2: loss = 0.08742930740118027
Epoch 3: loss = 0.08742811530828476
Epoch 4: loss = 0.08742647618055344
Epoch 5: loss = 0.08742612600326538
Epoch 6: loss = 0.08742611855268478
Epoch 7: loss = 0.08742611855268478
Epoch 8: loss = 0.08742611855268478
Epoch 9: loss = 0.08742611855268478
Early stopping at epoch 9 with loss 0.08745091408491135
Reconstruction for fluence = 1.2742749857031335 photons/pixel
Epoch 0: loss = 31908.431640625
Epoch 1: loss = 12018.626953125
Epoch 2: loss = 12017.845703125
Epoch 3: loss = 12017.841796875
Epoch 4: loss = 12017.841796875
Epoch 5: loss = 12017.841796875
Epoch 6: loss = 12017.841796875
Epoch 7: loss = 12017.841796875
Epoch 8: loss = 12017.8408203125
Epoch 9: loss = 12017.841796875
Epoch 10: loss = 12017.8408203125
Epoch 11: loss = 12017.8408203125
Epoch 12: loss = 12017.8408203125
Epoch 13: loss = 12017.8408203125
Epoch 14: loss = 12017.8408203125
Epoch 0: loss = 0.072136290371418
Epoch 1: loss = 0.05969737470149994
Epoch 2: loss = 0.05966969579458237
Epoch 3: loss = 0.0596630796790123
Epoch 4: loss = 0.05966236814856529
Epoch 5: loss = 0.05966217815876007
Epoch 6: loss = 0.05966215580701828
Epoch 7: loss = 0.05966215580701828
Epoch 8: loss = 0.05966215580701828
Epoch 9: loss = 0.05966215580701828
Early stopping at epoch 9 with loss 0.05969737470149994
Reconstruction for fluence = 2.976351441631318 photons/pixel
Epoch 0: loss = 50667.328125
Epoch 1: loss = 14033.9443359375
Epoch 2: loss = 14032.041015625
Epoch 3: loss = 14032.02734375
Epoch 4: loss = 14032.025390625
Epoch 5: loss = 14032.0234375
Epoch 6: loss = 14032.0234375
Epoch 7: loss = 14032.0234375
Epoch 8: loss = 14032.0234375
Epoch 9: loss = 14032.0234375
Epoch 10: loss = 14032.0234375
Epoch 11: loss = 14032.0224609375
Epoch 12: loss = 14032.0224609375
Epoch 13: loss = 14032.0224609375
Epoch 14: loss = 14032.0224609375
Epoch 0: loss = -0.19867461919784546
Epoch 1: loss = -0.21240977942943573
Epoch 2: loss = -0.21249815821647644
Epoch 3: loss = -0.2125127613544464
Epoch 4: loss = -0.21252262592315674
Epoch 5: loss = -0.21252481639385223
Epoch 6: loss = -0.2125248908996582
Epoch 7: loss = -0.2125249207019806
Epoch 8: loss = -0.21252498030662537
Epoch 9: loss = -0.21252498030662537
Epoch 10: loss = -0.21252501010894775
Epoch 11: loss = -0.21252501010894775
Early stopping at epoch 11 with loss -0.2125127613544464
Reconstruction for fluence = 6.9519279617756045 photons/pixel
Epoch 0: loss = 94265.625
Epoch 1: loss = 16560.02734375
Epoch 2: loss = 16556.96484375
Epoch 3: loss = 16556.96484375
Epoch 4: loss = 16556.93359375
Epoch 5: loss = 16556.931640625
Epoch 6: loss = 16556.931640625
Epoch 7: loss = 16556.9296875
Epoch 8: loss = 16556.9296875
Epoch 9: loss = 16556.9296875
Epoch 10: loss = 16556.9296875
Epoch 11: loss = 16556.9296875
Epoch 12: loss = 16556.9296875
Epoch 13: loss = 16556.9296875
Epoch 14: loss = 16556.9296875
Epoch 0: loss = -1.2908415794372559
Epoch 1: loss = -1.3110878467559814
Epoch 2: loss = -1.3111934661865234
Epoch 3: loss = -1.311223030090332
Epoch 4: loss = -1.3112318515777588
Epoch 5: loss = -1.3112342357635498
Epoch 6: loss = -1.311234474182129
Epoch 7: loss = -1.311234712600708
Epoch 8: loss = -1.311234951019287
Epoch 9: loss = -1.311234951019287
Epoch 10: loss = -1.311234951019287
Early stopping at epoch 10 with loss -1.3111934661865234
Reconstruction for fluence = 16.23776739188721 photons/pixel
Epoch 0: loss = 197633.0625
Epoch 1: loss = 21140.423828125
Epoch 2: loss = 21133.44140625
Epoch 3: loss = 21133.41015625
Epoch 4: loss = 21133.40625
Epoch 5: loss = 21133.40234375
Epoch 6: loss = 21133.3984375
Epoch 7: loss = 21133.3984375
Epoch 8: loss = 21133.39453125
Epoch 9: loss = 21133.39453125
Epoch 10: loss = 21133.390625
Epoch 11: loss = 21133.388671875
Epoch 12: loss = 21133.388671875
Epoch 13: loss = 21133.388671875
Epoch 14: loss = 21133.38671875
Epoch 0: loss = -4.956268310546875
Epoch 1: loss = -4.985379219055176
Epoch 2: loss = -4.985461711883545
Epoch 3: loss = -4.985466957092285
Epoch 4: loss = -4.9854841232299805
Epoch 5: loss = -4.985500335693359
Epoch 6: loss = -4.985504150390625
Epoch 7: loss = -4.985506057739258
Epoch 8: loss = -4.985506057739258
Epoch 9: loss = -4.985506534576416
Epoch 10: loss = -4.985507011413574
Epoch 11: loss = -4.985507011413574
Epoch 12: loss = -4.985507011413574
Early stopping at epoch 12 with loss -4.9854841232299805
Reconstruction for fluence = 37.926901907322495 photons/pixel
Epoch 0: loss = 441041.21875
Epoch 1: loss = 28307.5234375
Epoch 2: loss = 28273.5390625
Epoch 3: loss = 28273.470703125
Epoch 4: loss = 28273.470703125
Epoch 5: loss = 28273.470703125
Epoch 6: loss = 28273.46875
Epoch 7: loss = 28273.46875
Epoch 8: loss = 28273.46875
Epoch 9: loss = 28273.46875
Epoch 10: loss = 28273.46875
Epoch 11: loss = 28273.46875
Epoch 12: loss = 28273.46875
Epoch 13: loss = 28273.46875
Epoch 14: loss = 28273.46875
Early stopping at epoch 14 with loss 28273.46875
Epoch 0: loss = -16.14277458190918
Epoch 1: loss = -16.18140411376953
Epoch 2: loss = -16.18148422241211
Epoch 3: loss = -16.18149185180664
Epoch 4: loss = -16.181495666503906
Epoch 5: loss = -16.181503295898438
Epoch 6: loss = -16.18150520324707
Epoch 7: loss = -16.181507110595703
Epoch 8: loss = -16.181507110595703
Epoch 9: loss = -16.181509017944336
Epoch 10: loss = -16.18151092529297
Epoch 11: loss = -16.18151092529297
Epoch 12: loss = -16.18151092529297
Epoch 13: loss = -16.18151092529297
Epoch 14: loss = -16.18151092529297
Early stopping at epoch 14 with loss -16.18150520324707
Reconstruction for fluence = 88.58667904100822 photons/pixel
Epoch 0: loss = 1012584.25
Epoch 1: loss = 38156.90625
Epoch 2: loss = 38115.16796875
Epoch 3: loss = 38115.109375
Epoch 4: loss = 38115.109375
Epoch 5: loss = 38115.10546875
Epoch 6: loss = 38115.1015625
Epoch 7: loss = 38115.10546875
Epoch 8: loss = 38115.1015625
Epoch 9: loss = 38115.1015625
Epoch 10: loss = 38115.1015625
Epoch 11: loss = 38115.1015625
Epoch 12: loss = 38115.1015625
Epoch 13: loss = 38115.10546875
Epoch 14: loss = 38115.1015625
Early stopping at epoch 14 with loss 38115.1015625
Epoch 0: loss = -48.290611267089844
Epoch 1: loss = -48.33637237548828
Epoch 2: loss = -48.336387634277344
Epoch 3: loss = -48.33641052246094
Epoch 4: loss = -48.33641052246094
Epoch 5: loss = -48.33641052246094
Epoch 6: loss = -48.33641815185547
Epoch 7: loss = -48.33641815185547
Epoch 8: loss = -48.33641815185547
Epoch 9: loss = -48.33641815185547
Early stopping at epoch 9 with loss -48.33637237548828
Reconstruction for fluence = 206.9138081114788 photons/pixel
Epoch 0: loss = 2343304.25
Epoch 1: loss = 49872.8046875
Epoch 2: loss = 49798.1953125
Epoch 3: loss = 49797.671875
Epoch 4: loss = 49797.65625
Epoch 5: loss = 49797.6484375
Epoch 6: loss = 49797.6484375
Epoch 7: loss = 49797.6484375
Epoch 8: loss = 49797.6484375
Epoch 9: loss = 49797.6484375
Epoch 10: loss = 49797.6484375
Epoch 11: loss = 49797.6484375
Epoch 12: loss = 49797.6484375
Epoch 13: loss = 49797.6484375
Early stopping at epoch 13 with loss 49797.6484375
Epoch 0: loss = -137.50680541992188
Epoch 1: loss = -137.5546875
Epoch 2: loss = -137.5546875
Epoch 3: loss = -137.55471801757812
Epoch 4: loss = -137.55471801757812
Epoch 5: loss = -137.55471801757812
Epoch 6: loss = -137.5547332763672
Epoch 7: loss = -137.5547332763672
Epoch 8: loss = -137.5547332763672
Epoch 9: loss = -137.55474853515625
Early stopping at epoch 9 with loss -137.5546875
Reconstruction for fluence = 483.2930238571752 photons/pixel
Epoch 0: loss = 5456705.0
Epoch 1: loss = 61384.359375
Epoch 2: loss = 61152.515625
Epoch 3: loss = 61152.4921875
Epoch 4: loss = 61152.4921875
Epoch 5: loss = 61152.4921875
Epoch 6: loss = 61152.4921875
Epoch 7: loss = 61152.48828125
Epoch 8: loss = 61152.48828125
Epoch 9: loss = 61152.4921875
Epoch 10: loss = 61152.4921875
Epoch 11: loss = 61152.48828125
Epoch 12: loss = 61152.4921875
Epoch 13: loss = 61152.4921875
Epoch 14: loss = 61152.4921875
Epoch 0: loss = -378.9488525390625
Epoch 1: loss = -378.99090576171875
Epoch 2: loss = -378.990966796875
Epoch 3: loss = -378.990966796875
Epoch 4: loss = -378.990966796875
Epoch 5: loss = -378.990966796875
Epoch 6: loss = -378.990966796875
Epoch 7: loss = -378.9909973144531
Epoch 8: loss = -378.990966796875
Epoch 9: loss = -378.9909973144531
Early stopping at epoch 9 with loss -378.99090576171875
Reconstruction for fluence = 1128.8378916846884 photons/pixel
Epoch 0: loss = 12729944.0
Epoch 1: loss = 70257.84375
Epoch 2: loss = 70026.234375
Epoch 3: loss = 70026.203125
Epoch 4: loss = 70026.203125
Epoch 5: loss = 70026.203125
Epoch 6: loss = 70026.203125
Epoch 7: loss = 70026.203125
Epoch 8: loss = 70026.203125
Epoch 9: loss = 70026.203125
Epoch 10: loss = 70026.203125
Epoch 11: loss = 70026.203125
Early stopping at epoch 11 with loss 70026.203125
Epoch 0: loss = -1019.7373657226562
Epoch 1: loss = -1019.7681884765625
Epoch 2: loss = -1019.7684326171875
Epoch 3: loss = -1019.7684326171875
Epoch 4: loss = -1019.7684326171875
Epoch 5: loss = -1019.7684326171875
Epoch 6: loss = -1019.7684326171875
Epoch 7: loss = -1019.7684326171875
Epoch 8: loss = -1019.7684326171875
Epoch 9: loss = -1019.7684326171875
Epoch 10: loss = -1019.7684326171875
Early stopping at epoch 10 with loss -1019.7684326171875
Reconstruction for fluence = 2636.6508987303555 photons/pixel
Epoch 0: loss = 29708244.0
Epoch 1: loss = 75186.703125
Epoch 2: loss = 74582.4140625
Epoch 3: loss = 74582.375
Epoch 4: loss = 74582.3671875
Epoch 5: loss = 74582.3671875
Epoch 6: loss = 74582.3671875
Epoch 7: loss = 74582.3671875
Epoch 8: loss = 74582.3671875
Epoch 9: loss = 74582.3671875
Epoch 10: loss = 74582.3671875
Epoch 11: loss = 74582.3671875
Epoch 12: loss = 74582.3671875
Early stopping at epoch 12 with loss 74582.3671875
Epoch 0: loss = -2696.19091796875
Epoch 1: loss = -2696.20947265625
Epoch 2: loss = -2696.2099609375
Epoch 3: loss = -2696.2099609375
Epoch 4: loss = -2696.2099609375
Epoch 5: loss = -2696.2099609375
Epoch 6: loss = -2696.2099609375
Epoch 7: loss = -2696.2099609375
Epoch 8: loss = -2696.2099609375
Epoch 9: loss = -2696.2099609375
Epoch 10: loss = -2696.2099609375
Early stopping at epoch 10 with loss -2696.2099609375
Reconstruction for fluence = 6158.482110660255 photons/pixel
Epoch 0: loss = 69382672.0
Epoch 1: loss = 75893.390625
Epoch 2: loss = 74550.5625
Epoch 3: loss = 74550.484375
Epoch 4: loss = 74550.484375
Epoch 5: loss = 74550.484375
Epoch 6: loss = 74550.484375
Epoch 7: loss = 74550.484375
Epoch 8: loss = 74550.484375
Epoch 9: loss = 74550.484375
Epoch 10: loss = 74550.484375
Epoch 11: loss = 74550.484375
Early stopping at epoch 11 with loss 74550.484375
Epoch 0: loss = -7033.2958984375
Epoch 1: loss = -7033.3056640625
Epoch 2: loss = -7033.30615234375
Epoch 3: loss = -7033.30615234375
Epoch 4: loss = -7033.30615234375
Epoch 5: loss = -7033.30615234375
Epoch 6: loss = -7033.306640625
Epoch 7: loss = -7033.306640625
Epoch 8: loss = -7033.30615234375
Epoch 9: loss = -7033.30615234375
Epoch 10: loss = -7033.30615234375
Epoch 11: loss = -7033.306640625
Epoch 12: loss = -7033.306640625
Epoch 13: loss = -7033.30615234375
Epoch 14: loss = -7033.30615234375
Early stopping at epoch 14 with loss -7033.306640625
Reconstruction for fluence = 14384.498882876629 photons/pixel
Epoch 0: loss = 162039280.0
Epoch 1: loss = 75379.328125
Epoch 2: loss = 71899.40625
Epoch 3: loss = 71899.09375
Epoch 4: loss = 71899.09375
Epoch 5: loss = 71899.09375
Epoch 6: loss = 71899.078125
Epoch 7: loss = 71899.0859375
Epoch 8: loss = 71899.078125
Epoch 9: loss = 71899.078125
Epoch 10: loss = 71899.078125
Epoch 11: loss = 71899.078125
Epoch 12: loss = 71899.078125
Epoch 13: loss = 71899.078125
Epoch 14: loss = 71899.0859375
Early stopping at epoch 14 with loss 71899.078125
Epoch 0: loss = -18142.2265625
Epoch 1: loss = -18142.23046875
Epoch 2: loss = -18142.23046875
Epoch 3: loss = -18142.232421875
Epoch 4: loss = -18142.232421875
Epoch 5: loss = -18142.232421875
Epoch 6: loss = -18142.232421875
Epoch 7: loss = -18142.232421875
Epoch 8: loss = -18142.232421875
Epoch 9: loss = -18142.232421875
Epoch 10: loss = -18142.232421875
Epoch 11: loss = -18142.232421875
Early stopping at epoch 11 with loss -18142.232421875
Reconstruction for fluence = 33598.18286283781 photons/pixel
Epoch 0: loss = 378493056.0
Epoch 1: loss = 78780.921875
Epoch 2: loss = 69329.203125
Epoch 3: loss = 69328.125
Epoch 4: loss = 69328.109375
Epoch 5: loss = 69328.109375
Epoch 6: loss = 69328.109375
Epoch 7: loss = 69328.109375
Epoch 8: loss = 69328.109375
Epoch 9: loss = 69328.109375
Epoch 10: loss = 69328.109375
Epoch 11: loss = 69328.109375
Epoch 12: loss = 69328.109375
Early stopping at epoch 12 with loss 69328.109375
Epoch 0: loss = -46382.5
Epoch 1: loss = -46382.5
Epoch 2: loss = -46382.5
Epoch 3: loss = -46382.5
Epoch 4: loss = -46382.5
Epoch 5: loss = -46382.5
Epoch 6: loss = -46382.5
Epoch 7: loss = -46382.5
Epoch 8: loss = -46382.5
Early stopping at epoch 8 with loss -46382.5
Reconstruction for fluence = 78475.99703514607 photons/pixel
Epoch 0: loss = 883969408.0
Epoch 1: loss = 83988.53125
Epoch 2: loss = 66749.734375
Epoch 3: loss = 66748.8515625
Epoch 4: loss = 66748.84375
Epoch 5: loss = 66748.84375
Epoch 6: loss = 66748.84375
Epoch 7: loss = 66748.84375
Epoch 8: loss = 66748.84375
Epoch 9: loss = 66748.84375
Epoch 10: loss = 66748.84375
Epoch 11: loss = 66748.84375
Epoch 12: loss = 66748.84375
Early stopping at epoch 12 with loss 66748.84375
Epoch 0: loss = -117701.25
Epoch 1: loss = -117701.25
Epoch 2: loss = -117701.25
Epoch 3: loss = -117701.25
Epoch 4: loss = -117701.25
Epoch 5: loss = -117701.25
Epoch 6: loss = -117701.25
Epoch 7: loss = -117701.25
Epoch 8: loss = -117701.25
Early stopping at epoch 8 with loss -117701.25
Reconstruction for fluence = 183298.07108324335 photons/pixel
Epoch 0: loss = 2064668160.0
Epoch 1: loss = 151235.1875
Epoch 2: loss = 65301.2890625
Epoch 3: loss = 65295.29296875
Epoch 4: loss = 65295.2421875
Epoch 5: loss = 65295.2421875
Epoch 6: loss = 65295.2421875
Epoch 7: loss = 65295.2421875
Epoch 8: loss = 65295.2421875
Epoch 9: loss = 65295.234375
Epoch 10: loss = 65295.2421875
Epoch 11: loss = 65295.234375
Epoch 12: loss = 65295.234375
Epoch 13: loss = 65295.2421875
Epoch 14: loss = 65295.2421875
Epoch 0: loss = -296782.5625
Epoch 1: loss = -296782.5625
Epoch 2: loss = -296782.5625
Epoch 3: loss = -296782.5625
Epoch 4: loss = -296782.5625
Epoch 5: loss = -296782.5625
Epoch 6: loss = -296782.5625
Epoch 7: loss = -296782.5625
Epoch 8: loss = -296782.5625
Early stopping at epoch 8 with loss -296782.5625
Reconstruction for fluence = 428133.2398719387 photons/pixel
Epoch 0: loss = 4822526976.0
Epoch 1: loss = 382476.9375
Epoch 2: loss = 64588.8203125
Epoch 3: loss = 64569.796875
Epoch 4: loss = 64569.796875
Epoch 5: loss = 64569.7890625
Epoch 6: loss = 64569.7890625
Epoch 7: loss = 64569.7890625
Epoch 8: loss = 64569.78125
Epoch 9: loss = 64569.8046875
Epoch 10: loss = 64569.8046875
Epoch 11: loss = 64569.7890625
Epoch 12: loss = 64569.78125
Epoch 13: loss = 64569.7890625
Epoch 14: loss = 64569.78125
Epoch 0: loss = -744274.25
Epoch 1: loss = -744274.25
Epoch 2: loss = -744274.25
Epoch 3: loss = -744274.25
Epoch 4: loss = -744274.25
Epoch 5: loss = -744274.25
Epoch 6: loss = -744274.25
Epoch 7: loss = -744274.25
Epoch 8: loss = -744274.25
Early stopping at epoch 8 with loss -744274.25
Reconstruction for fluence = 1000000.0 photons/pixel
Epoch 0: loss = 11264188416.0
Epoch 1: loss = 749273728.0
Epoch 2: loss = 89715.34375
Epoch 3: loss = 64119.1875
Epoch 4: loss = 64117.859375
Epoch 5: loss = 64117.8515625
Epoch 6: loss = 64117.859375
Epoch 7: loss = 64117.8828125
Epoch 8: loss = 64117.8828125
Epoch 9: loss = 64117.8671875
Epoch 10: loss = 64117.8671875
Epoch 11: loss = 64117.8671875
Epoch 12: loss = 64117.8671875
Epoch 13: loss = 64117.87109375
Early stopping at epoch 13 with loss 64117.8515625
Epoch 0: loss = -1857708.5
Epoch 1: loss = -1857708.5
Epoch 2: loss = -1857708.5
Epoch 3: loss = -1857708.5
Epoch 4: loss = -1857708.5
Epoch 5: loss = -1857708.5
Epoch 6: loss = -1857708.5
Epoch 7: loss = -1857708.5
Epoch 8: loss = -1857708.5
Early stopping at epoch 8 with loss -1857708.5
Simulation for steps_size=9 and n_fluences=20 completed!
