Running simulation for steps_size=23 and n_fluences=20
Steps size: 23
Tensors initialization on device cuda
Multiprobe = band_lim
torch.Size([1, 64, 64])

('MSE', None) RECONSTRUCTIONS

Reconstruction for fluence = 0.09999999999999999 photons/pixel
Epoch 0: loss = 0.28174087405204773
Epoch 1: loss = 0.05489334091544151
Epoch 2: loss = 0.04743514582514763
Epoch 3: loss = 0.045824721455574036
Epoch 4: loss = 0.04517661780118942
Epoch 5: loss = 0.0448727160692215
Epoch 6: loss = 0.04469757527112961
Epoch 7: loss = 0.044578008353710175
Epoch 8: loss = 0.04448047652840614
Epoch 9: loss = 0.044401463121175766
Epoch 10: loss = 0.04432718828320503
Epoch 11: loss = 0.04429556801915169
Epoch 12: loss = 0.04427632689476013
Epoch 13: loss = 0.04425923526287079
Epoch 14: loss = 0.04421982914209366
Epoch 15: loss = 0.04418788105249405
Epoch 16: loss = 0.044176314026117325
Epoch 17: loss = 0.044139962643384933
Epoch 18: loss = 0.044125963002443314
Epoch 19: loss = 0.044120367616415024
Epoch 20: loss = 0.044116728007793427
Early stopping at epoch 20 with loss 0.04418788105249405
Reconstruction for fluence = 0.23357214690901223 photons/pixel
Epoch 0: loss = 1.2202993631362915
Epoch 1: loss = 0.12618878483772278
Epoch 2: loss = 0.10534822195768356
Epoch 3: loss = 0.10061626881361008
Epoch 4: loss = 0.0990171954035759
Epoch 5: loss = 0.09844783693552017
Epoch 6: loss = 0.098261259496212
Epoch 7: loss = 0.09815163165330887
Epoch 8: loss = 0.0980825200676918
Epoch 9: loss = 0.09803638607263565
Epoch 10: loss = 0.09800873696804047
Epoch 11: loss = 0.09798882901668549
Epoch 12: loss = 0.09797486662864685
Epoch 13: loss = 0.09796549379825592
Epoch 14: loss = 0.09795917570590973
Early stopping at epoch 14 with loss 0.09803638607263565
Reconstruction for fluence = 0.5455594781168519 photons/pixel
Epoch 0: loss = 5.9698638916015625
Epoch 1: loss = 0.288765013217926
Epoch 2: loss = 0.2334747016429901
Epoch 3: loss = 0.2213880568742752
Epoch 4: loss = 0.21760687232017517
Epoch 5: loss = 0.2163538634777069
Epoch 6: loss = 0.21593351662158966
Epoch 7: loss = 0.21574918925762177
Epoch 8: loss = 0.21566174924373627
Epoch 9: loss = 0.21560919284820557
Epoch 10: loss = 0.21558387577533722
Epoch 11: loss = 0.21556790173053741
Epoch 12: loss = 0.21555262804031372
Epoch 13: loss = 0.21546894311904907
Epoch 14: loss = 0.21541987359523773
Epoch 15: loss = 0.21539969742298126
Epoch 16: loss = 0.2153913527727127
Epoch 17: loss = 0.21539078652858734
Epoch 18: loss = 0.21538662910461426
Early stopping at epoch 18 with loss 0.21546894311904907
Reconstruction for fluence = 1.2742749857031335 photons/pixel
Epoch 0: loss = 30.15333366394043
Epoch 1: loss = 0.7116714119911194
Epoch 2: loss = 0.5466573238372803
Epoch 3: loss = 0.5055380463600159
Epoch 4: loss = 0.49274009466171265
Epoch 5: loss = 0.4883638918399811
Epoch 6: loss = 0.4867090582847595
Epoch 7: loss = 0.48603472113609314
Epoch 8: loss = 0.4857410788536072
Epoch 9: loss = 0.48561185598373413
Epoch 10: loss = 0.4855499863624573
Epoch 11: loss = 0.48552587628364563
Epoch 12: loss = 0.4855130612850189
Epoch 13: loss = 0.4855063855648041
Epoch 14: loss = 0.48550230264663696
Epoch 15: loss = 0.48549965023994446
Epoch 16: loss = 0.4854983389377594
Epoch 17: loss = 0.48549768328666687
Epoch 18: loss = 0.4854975938796997
Early stopping at epoch 18 with loss 0.4855063855648041
Reconstruction for fluence = 2.976351441631318 photons/pixel
Epoch 0: loss = 162.35072326660156
Epoch 1: loss = 1.6595826148986816
Epoch 2: loss = 1.167520523071289
Epoch 3: loss = 1.0462720394134521
Epoch 4: loss = 1.0062569379806519
Epoch 5: loss = 0.9892868399620056
Epoch 6: loss = 0.9830707907676697
Epoch 7: loss = 0.9804333448410034
Epoch 8: loss = 0.9789932370185852
Epoch 9: loss = 0.9782636761665344
Epoch 10: loss = 0.9778273105621338
Epoch 11: loss = 0.9776089191436768
Epoch 12: loss = 0.9774987101554871
Epoch 13: loss = 0.9774288535118103
Epoch 14: loss = 0.9773838520050049
Epoch 15: loss = 0.9773589372634888
Epoch 16: loss = 0.9773445129394531
Epoch 17: loss = 0.9773364663124084
Epoch 18: loss = 0.9773364663124084
Epoch 19: loss = 0.9773300886154175
Early stopping at epoch 19 with loss 0.9773838520050049
Reconstruction for fluence = 6.9519279617756045 photons/pixel
Epoch 0: loss = 871.9707641601562
Epoch 1: loss = 4.61828088760376
Epoch 2: loss = 2.923407793045044
Epoch 3: loss = 2.537616729736328
Epoch 4: loss = 2.3864710330963135
Epoch 5: loss = 2.326237201690674
Epoch 6: loss = 2.301236391067505
Epoch 7: loss = 2.2866711616516113
Epoch 8: loss = 2.2791390419006348
Epoch 9: loss = 2.2751355171203613
Epoch 10: loss = 2.2730767726898193
Epoch 11: loss = 2.27211856842041
Epoch 12: loss = 2.2715961933135986
Epoch 13: loss = 2.2712960243225098
Epoch 14: loss = 2.2711141109466553
Epoch 15: loss = 2.271005392074585
Epoch 16: loss = 2.2709362506866455
Epoch 17: loss = 2.2708680629730225
Epoch 18: loss = 2.2705323696136475
Epoch 19: loss = 2.2696166038513184
Epoch 20: loss = 2.269063949584961
Epoch 21: loss = 2.2688260078430176
Epoch 22: loss = 2.2687249183654785
Epoch 23: loss = 2.2686662673950195
Epoch 24: loss = 2.268639087677002
Epoch 25: loss = 2.2686238288879395
Epoch 26: loss = 2.2686212062835693
Epoch 27: loss = 2.26861834526062
Epoch 28: loss = 2.26861834526062
Epoch 29: loss = 2.2686169147491455
Epoch 30: loss = 2.26861572265625
Early stopping at epoch 30 with loss 2.2686238288879395
Reconstruction for fluence = 16.23776739188721 photons/pixel
Epoch 0: loss = 4746.77734375
Epoch 1: loss = 13.376625061035156
Epoch 2: loss = 7.043822288513184
Epoch 3: loss = 5.782884120941162
Epoch 4: loss = 5.3014960289001465
Epoch 5: loss = 5.098624229431152
Epoch 6: loss = 5.012228965759277
Epoch 7: loss = 4.968624114990234
Epoch 8: loss = 4.937796592712402
Epoch 9: loss = 4.920653820037842
Epoch 10: loss = 4.911196231842041
Epoch 11: loss = 4.905573844909668
Epoch 12: loss = 4.90249490737915
Epoch 13: loss = 4.900406837463379
Epoch 14: loss = 4.899039268493652
Epoch 15: loss = 4.898177146911621
Epoch 16: loss = 4.897658824920654
Epoch 17: loss = 4.897369384765625
Epoch 18: loss = 4.897155284881592
Epoch 19: loss = 4.897017002105713
Epoch 20: loss = 4.896921634674072
Epoch 21: loss = 4.896864414215088
Epoch 22: loss = 4.896843433380127
Epoch 23: loss = 4.896830081939697
Epoch 24: loss = 4.896814823150635
Epoch 25: loss = 4.8968024253845215
Epoch 26: loss = 4.896796226501465
Early stopping at epoch 26 with loss 4.896864414215088
Reconstruction for fluence = 37.926901907322495 photons/pixel
Epoch 0: loss = 25893.208984375
Epoch 1: loss = 43.23344802856445
Epoch 2: loss = 16.909730911254883
Epoch 3: loss = 12.472477912902832
Epoch 4: loss = 11.083648681640625
Epoch 5: loss = 10.446736335754395
Epoch 6: loss = 10.180380821228027
Epoch 7: loss = 10.025333404541016
Epoch 8: loss = 9.937390327453613
Epoch 9: loss = 9.886472702026367
Epoch 10: loss = 9.854576110839844
Epoch 11: loss = 9.836214065551758
Epoch 12: loss = 9.82463550567627
Epoch 13: loss = 9.816896438598633
Epoch 14: loss = 9.811755180358887
Epoch 15: loss = 9.808231353759766
Epoch 16: loss = 9.805728912353516
Epoch 17: loss = 9.804216384887695
Epoch 18: loss = 9.803082466125488
Epoch 19: loss = 9.802249908447266
Epoch 20: loss = 9.801652908325195
Epoch 21: loss = 9.801250457763672
Epoch 22: loss = 9.80098819732666
Epoch 23: loss = 9.800783157348633
Epoch 24: loss = 9.80063247680664
Epoch 25: loss = 9.80050277709961
Epoch 26: loss = 9.8004150390625
Epoch 27: loss = 9.80039119720459
Epoch 28: loss = 9.800363540649414
Epoch 29: loss = 9.800358772277832
Epoch 30: loss = 9.800342559814453
Epoch 31: loss = 9.800338745117188
Epoch 32: loss = 9.800332069396973
Early stopping at epoch 32 with loss 9.80039119720459
Reconstruction for fluence = 88.58667904100822 photons/pixel
Epoch 0: loss = 140981.453125
Epoch 1: loss = 184.42588806152344
Epoch 2: loss = 54.033748626708984
Epoch 3: loss = 35.24690628051758
Epoch 4: loss = 29.69584846496582
Epoch 5: loss = 27.13939666748047
Epoch 6: loss = 26.05348777770996
Epoch 7: loss = 25.387643814086914
Epoch 8: loss = 24.98305892944336
Epoch 9: loss = 24.717464447021484
Epoch 10: loss = 24.55973243713379
Epoch 11: loss = 24.4591007232666
Epoch 12: loss = 24.39484977722168
Epoch 13: loss = 24.351285934448242
Epoch 14: loss = 24.32130241394043
Epoch 15: loss = 24.30023765563965
Epoch 16: loss = 24.284799575805664
Epoch 17: loss = 24.275611877441406
Epoch 18: loss = 24.268957138061523
Epoch 19: loss = 24.263587951660156
Epoch 20: loss = 24.259897232055664
Epoch 21: loss = 24.257261276245117
Epoch 22: loss = 24.25579261779785
Epoch 23: loss = 24.2542781829834
Epoch 24: loss = 24.25312614440918
Epoch 25: loss = 24.252119064331055
Epoch 26: loss = 24.25131607055664
Epoch 27: loss = 24.250699996948242
Epoch 28: loss = 24.25018882751465
Epoch 29: loss = 24.249725341796875
Epoch 30: loss = 24.249292373657227
Epoch 31: loss = 24.24892807006836
Epoch 32: loss = 24.2489013671875
Epoch 33: loss = 24.248592376708984
Epoch 34: loss = 24.248361587524414
Epoch 35: loss = 24.248239517211914
Epoch 36: loss = 24.248090744018555
Epoch 37: loss = 24.248043060302734
Epoch 38: loss = 24.2479248046875
Epoch 39: loss = 24.24790382385254
Epoch 40: loss = 24.247791290283203
Epoch 41: loss = 24.24773597717285
Epoch 42: loss = 24.247690200805664
Epoch 43: loss = 24.247690200805664
Epoch 44: loss = 24.247657775878906
Epoch 45: loss = 24.247644424438477
Epoch 46: loss = 24.247602462768555
Epoch 47: loss = 24.24759864807129
Early stopping at epoch 47 with loss 24.247690200805664
Reconstruction for fluence = 206.9138081114788 photons/pixel
Epoch 0: loss = 769450.375
Epoch 1: loss = 855.4485473632812
Epoch 2: loss = 177.4598388671875
Epoch 3: loss = 91.36148071289062
Epoch 4: loss = 66.52765655517578
Epoch 5: loss = 57.37543487548828
Epoch 6: loss = 53.3549690246582
Epoch 7: loss = 50.99563217163086
Epoch 8: loss = 49.64848709106445
Epoch 9: loss = 48.74633026123047
Epoch 10: loss = 48.1890869140625
Epoch 11: loss = 47.88372039794922
Epoch 12: loss = 47.67820358276367
Epoch 13: loss = 47.515625
Epoch 14: loss = 47.39966583251953
Epoch 15: loss = 47.314186096191406
Epoch 16: loss = 47.251712799072266
Epoch 17: loss = 47.21244812011719
Epoch 18: loss = 47.17618179321289
Epoch 19: loss = 47.15088653564453
Epoch 20: loss = 47.13225173950195
Epoch 21: loss = 47.11836242675781
Epoch 22: loss = 47.10982131958008
Epoch 23: loss = 47.10280227661133
Epoch 24: loss = 47.0974006652832
Epoch 25: loss = 47.093055725097656
Epoch 26: loss = 47.08980178833008
Epoch 27: loss = 47.08750915527344
Epoch 28: loss = 47.08716583251953
Epoch 29: loss = 47.0853157043457
Epoch 30: loss = 47.08389663696289
Epoch 31: loss = 47.08269500732422
Epoch 32: loss = 47.08211135864258
Epoch 33: loss = 47.08127975463867
Epoch 34: loss = 47.08089828491211
Epoch 35: loss = 47.080379486083984
Epoch 36: loss = 47.08003616333008
Epoch 37: loss = 47.0797119140625
Epoch 38: loss = 47.07966995239258
Epoch 39: loss = 47.07950973510742
Epoch 40: loss = 47.07950973510742
Epoch 41: loss = 47.07932662963867
Epoch 42: loss = 47.07925033569336
Epoch 43: loss = 47.0791130065918
Epoch 44: loss = 47.07908248901367
Epoch 45: loss = 47.07907485961914
Epoch 46: loss = 47.07899475097656
Epoch 47: loss = 47.07887649536133
Epoch 48: loss = 47.078853607177734
Epoch 49: loss = 47.07878494262695
Epoch 50: loss = 47.07875061035156
Epoch 51: loss = 47.07872772216797
Epoch 52: loss = 47.0787239074707
Epoch 53: loss = 47.07866287231445
Epoch 54: loss = 47.07865905761719
Epoch 55: loss = 47.07864761352539
Epoch 56: loss = 47.07863235473633
Epoch 57: loss = 47.07862854003906
Epoch 58: loss = 47.07862091064453
Epoch 59: loss = 47.0786018371582
Epoch 60: loss = 47.0786018371582
Early stopping at epoch 60 with loss 47.07864761352539
Reconstruction for fluence = 483.2930238571752 photons/pixel
Epoch 0: loss = 4196298.0
Epoch 1: loss = 4331.0009765625
Epoch 2: loss = 747.457763671875
Epoch 3: loss = 317.3048095703125
Epoch 4: loss = 202.2647247314453
Epoch 5: loss = 157.7087860107422
Epoch 6: loss = 140.06324768066406
Epoch 7: loss = 130.27630615234375
Epoch 8: loss = 124.30433654785156
Epoch 9: loss = 120.51451110839844
Epoch 10: loss = 118.02059173583984
Epoch 11: loss = 116.50812530517578
Epoch 12: loss = 115.56263732910156
Epoch 13: loss = 114.78694915771484
Epoch 14: loss = 114.205322265625
Epoch 15: loss = 113.79483032226562
Epoch 16: loss = 113.47245025634766
Epoch 17: loss = 113.26100158691406
Epoch 18: loss = 113.08985900878906
Epoch 19: loss = 112.94950103759766
Epoch 20: loss = 112.8347396850586
Epoch 21: loss = 112.75664520263672
Epoch 22: loss = 112.70064544677734
Epoch 23: loss = 112.65606689453125
Epoch 24: loss = 112.62226104736328
Epoch 25: loss = 112.59233856201172
Epoch 26: loss = 112.57059478759766
Epoch 27: loss = 112.55484008789062
Epoch 28: loss = 112.54122161865234
Epoch 29: loss = 112.53020477294922
Epoch 30: loss = 112.52106475830078
Epoch 31: loss = 112.51306915283203
Epoch 32: loss = 112.50725555419922
Epoch 33: loss = 112.5029067993164
Epoch 34: loss = 112.4989013671875
Epoch 35: loss = 112.49562072753906
Epoch 36: loss = 112.4925308227539
Epoch 37: loss = 112.49063873291016
Epoch 38: loss = 112.49018859863281
Epoch 39: loss = 112.48960876464844
Epoch 40: loss = 112.4878921508789
Epoch 41: loss = 112.48648071289062
Epoch 42: loss = 112.4850845336914
Epoch 43: loss = 112.48388671875
Epoch 44: loss = 112.48336029052734
Epoch 45: loss = 112.4825210571289
Epoch 46: loss = 112.48181915283203
Epoch 47: loss = 112.4815444946289
Epoch 48: loss = 112.48128509521484
Epoch 49: loss = 112.48116302490234
Epoch 50: loss = 112.48060607910156
Epoch 51: loss = 112.4803237915039
Epoch 52: loss = 112.48013305664062
Epoch 53: loss = 112.47976684570312
Epoch 54: loss = 112.47940826416016
Epoch 55: loss = 112.47898864746094
Epoch 56: loss = 112.47901916503906
Epoch 57: loss = 112.4787368774414
Epoch 58: loss = 112.47866821289062
Epoch 59: loss = 112.47856903076172
Epoch 60: loss = 112.47856140136719
Epoch 61: loss = 112.47847747802734
Epoch 62: loss = 112.4783706665039
Epoch 63: loss = 112.47817993164062
Epoch 64: loss = 112.4781494140625
Epoch 65: loss = 112.47811126708984
Epoch 66: loss = 112.47798919677734
Epoch 67: loss = 112.47774505615234
Epoch 68: loss = 112.47774505615234
Epoch 69: loss = 112.4777603149414
Epoch 70: loss = 112.4775390625
Epoch 71: loss = 112.4776382446289
Epoch 72: loss = 112.47757720947266
Epoch 73: loss = 112.47750091552734
Epoch 74: loss = 112.47748565673828
Epoch 75: loss = 112.4775161743164
Early stopping at epoch 75 with loss 112.4775390625
Reconstruction for fluence = 1128.8378916846884 photons/pixel
Epoch 0: loss = 22889828.0
Epoch 1: loss = 22668.748046875
Epoch 2: loss = 3458.271728515625
Epoch 3: loss = 1170.5650634765625
Epoch 4: loss = 626.2854614257812
Epoch 5: loss = 430.14678955078125
Epoch 6: loss = 352.1064453125
Epoch 7: loss = 309.2514953613281
Epoch 8: loss = 285.37652587890625
Epoch 9: loss = 269.9947814941406
Epoch 10: loss = 260.10675048828125
Epoch 11: loss = 254.26112365722656
Epoch 12: loss = 250.1420440673828
Epoch 13: loss = 247.24354553222656
Epoch 14: loss = 244.9909210205078
Epoch 15: loss = 243.47415161132812
Epoch 16: loss = 242.30596923828125
Epoch 17: loss = 241.52821350097656
Epoch 18: loss = 240.8190460205078
Epoch 19: loss = 240.2859649658203
Epoch 20: loss = 239.83290100097656
Epoch 21: loss = 239.5036163330078
Epoch 22: loss = 239.26963806152344
Epoch 23: loss = 239.05841064453125
Epoch 24: loss = 238.89138793945312
Epoch 25: loss = 238.74978637695312
Epoch 26: loss = 238.6417694091797
Epoch 27: loss = 238.56719970703125
Epoch 28: loss = 238.54042053222656
Epoch 29: loss = 238.47802734375
Epoch 30: loss = 238.42916870117188
Epoch 31: loss = 238.38626098632812
Epoch 32: loss = 238.35389709472656
Epoch 33: loss = 238.32785034179688
Epoch 34: loss = 238.3046417236328
Epoch 35: loss = 238.2862091064453
Epoch 36: loss = 238.27178955078125
Epoch 37: loss = 238.2698516845703
Epoch 38: loss = 238.25840759277344
Epoch 39: loss = 238.24989318847656
Epoch 40: loss = 238.24208068847656
Epoch 41: loss = 238.23545837402344
Epoch 42: loss = 238.2301788330078
Epoch 43: loss = 238.22540283203125
Epoch 44: loss = 238.2224884033203
Epoch 45: loss = 238.2216339111328
Epoch 46: loss = 238.2195587158203
Epoch 47: loss = 238.21669006347656
Epoch 48: loss = 238.2143096923828
Epoch 49: loss = 238.21240234375
Epoch 50: loss = 238.21090698242188
Epoch 51: loss = 238.21066284179688
Epoch 52: loss = 238.2102813720703
Epoch 53: loss = 238.2091522216797
Epoch 54: loss = 238.20925903320312
Epoch 55: loss = 238.20870971679688
Epoch 56: loss = 238.2078399658203
Epoch 57: loss = 238.20738220214844
Epoch 58: loss = 238.20626831054688
Epoch 59: loss = 238.2056427001953
Epoch 60: loss = 238.2049102783203
Epoch 61: loss = 238.20465087890625
Epoch 62: loss = 238.20465087890625
Epoch 63: loss = 238.2044219970703
Epoch 64: loss = 238.2039337158203
Epoch 65: loss = 238.2034454345703
Epoch 66: loss = 238.2029571533203
Epoch 67: loss = 238.20266723632812
Epoch 68: loss = 238.20217895507812
Epoch 69: loss = 238.2020721435547
Epoch 70: loss = 238.20176696777344
Epoch 71: loss = 238.20176696777344
Epoch 72: loss = 238.2014923095703
Epoch 73: loss = 238.201171875
Epoch 74: loss = 238.20123291015625
Epoch 75: loss = 238.20106506347656
Epoch 76: loss = 238.20095825195312
Epoch 77: loss = 238.20089721679688
Epoch 78: loss = 238.20089721679688
Epoch 79: loss = 238.2006072998047
Epoch 80: loss = 238.2006378173828
Epoch 81: loss = 238.2003631591797
Epoch 82: loss = 238.20040893554688
Epoch 83: loss = 238.19976806640625
Epoch 84: loss = 238.19932556152344
Epoch 85: loss = 238.19976806640625
Epoch 86: loss = 238.1996612548828
Epoch 87: loss = 238.19932556152344
Epoch 88: loss = 238.19927978515625
Epoch 89: loss = 238.1988983154297
Epoch 90: loss = 238.19879150390625
Epoch 91: loss = 238.19859313964844
Epoch 92: loss = 238.19873046875
Epoch 93: loss = 238.19837951660156
Epoch 94: loss = 238.1981658935547
Epoch 95: loss = 238.19827270507812
Epoch 96: loss = 238.19796752929688
Epoch 97: loss = 238.19796752929688
Epoch 98: loss = 238.19786071777344
Epoch 99: loss = 238.19781494140625
Epoch 100: loss = 238.1976776123047
Epoch 101: loss = 238.1975860595703
Epoch 102: loss = 238.19764709472656
Epoch 103: loss = 238.1975860595703
Epoch 104: loss = 238.19732666015625
Epoch 105: loss = 238.197265625
Epoch 106: loss = 238.19723510742188
Epoch 107: loss = 238.19715881347656
Epoch 108: loss = 238.197021484375
Epoch 109: loss = 238.19688415527344
Epoch 110: loss = 238.19688415527344
Epoch 111: loss = 238.19683837890625
Epoch 112: loss = 238.19705200195312
Epoch 113: loss = 238.19680786132812
Epoch 114: loss = 238.196533203125
Epoch 115: loss = 238.1964569091797
Epoch 116: loss = 238.1963653564453
Epoch 117: loss = 238.19650268554688
Epoch 118: loss = 238.1967315673828
Epoch 119: loss = 238.19659423828125
Epoch 120: loss = 238.19650268554688
Epoch 121: loss = 238.1964874267578
Early stopping at epoch 121 with loss 238.1963653564453
Reconstruction for fluence = 2636.6508987303555 photons/pixel
Epoch 0: loss = 124893352.0
Epoch 1: loss = 122654.75
Epoch 2: loss = 17609.6953125
Epoch 3: loss = 5256.92626953125
Epoch 4: loss = 2443.571533203125
Epoch 5: loss = 1486.4835205078125
Epoch 6: loss = 1128.6490478515625
Epoch 7: loss = 949.2352294921875
Epoch 8: loss = 831.5797729492188
Epoch 9: loss = 760.3240966796875
Epoch 10: loss = 718.0272216796875
Epoch 11: loss = 692.1799926757812
Epoch 12: loss = 676.0228271484375
Epoch 13: loss = 663.4436645507812
Epoch 14: loss = 655.1101684570312
Epoch 15: loss = 649.5778198242188
Epoch 16: loss = 644.3700561523438
Epoch 17: loss = 641.4880981445312
Epoch 18: loss = 639.0350952148438
Epoch 19: loss = 637.1122436523438
Epoch 20: loss = 635.520751953125
Epoch 21: loss = 634.245849609375
Epoch 22: loss = 633.3475952148438
Epoch 23: loss = 632.6926879882812
Epoch 24: loss = 632.1131591796875
Epoch 25: loss = 631.627197265625
Epoch 26: loss = 631.25927734375
Epoch 27: loss = 630.98828125
Epoch 28: loss = 630.760009765625
Epoch 29: loss = 630.5650024414062
Epoch 30: loss = 630.4025268554688
Epoch 31: loss = 630.2600708007812
Epoch 32: loss = 630.1559448242188
Epoch 33: loss = 630.0767211914062
Epoch 34: loss = 630.0046997070312
Epoch 35: loss = 629.9408569335938
Epoch 36: loss = 629.8901977539062
Epoch 37: loss = 629.8484497070312
Epoch 38: loss = 629.81640625
Epoch 39: loss = 629.7869262695312
Epoch 40: loss = 629.7682495117188
Epoch 41: loss = 629.7476196289062
Epoch 42: loss = 629.7476196289062
Epoch 43: loss = 629.7312622070312
Epoch 44: loss = 629.719970703125
Epoch 45: loss = 629.7100830078125
Epoch 46: loss = 629.699951171875
Epoch 47: loss = 629.6929931640625
Epoch 48: loss = 629.6864013671875
Epoch 49: loss = 629.6817626953125
Epoch 50: loss = 629.677734375
Epoch 51: loss = 629.6766357421875
Epoch 52: loss = 629.6749267578125
Epoch 53: loss = 629.6742553710938
Epoch 54: loss = 629.6719970703125
Epoch 55: loss = 629.6685791015625
Epoch 56: loss = 629.6669921875
Epoch 57: loss = 629.6638793945312
Epoch 58: loss = 629.6643676757812
Epoch 59: loss = 629.6630859375
Epoch 60: loss = 629.6612548828125
Epoch 61: loss = 629.6595458984375
Epoch 62: loss = 629.6607055664062
Epoch 63: loss = 629.6604614257812
Epoch 64: loss = 629.660400390625
Epoch 65: loss = 629.6586303710938
Epoch 66: loss = 629.6599731445312
Epoch 67: loss = 629.6594848632812
Epoch 68: loss = 629.6598510742188
Epoch 69: loss = 629.6604614257812
Epoch 70: loss = 629.6594848632812
Early stopping at epoch 70 with loss 629.6586303710938
Reconstruction for fluence = 6158.482110660255 photons/pixel
Epoch 0: loss = 681245376.0
Epoch 1: loss = 661699.3125
Epoch 2: loss = 93338.8203125
Epoch 3: loss = 27339.744140625
Epoch 4: loss = 11631.234375
Epoch 5: loss = 6071.5703125
Epoch 6: loss = 4087.2978515625
Epoch 7: loss = 3035.426513671875
Epoch 8: loss = 2471.48095703125
Epoch 9: loss = 2110.544189453125
Epoch 10: loss = 1889.2591552734375
Epoch 11: loss = 1760.7451171875
Epoch 12: loss = 1672.8382568359375
Epoch 13: loss = 1610.9454345703125
Epoch 14: loss = 1568.341552734375
Epoch 15: loss = 1539.416015625
Epoch 16: loss = 1519.8218994140625
Epoch 17: loss = 1505.4442138671875
Epoch 18: loss = 1494.1749267578125
Epoch 19: loss = 1485.0455322265625
Epoch 20: loss = 1477.8172607421875
Epoch 21: loss = 1472.34619140625
Epoch 22: loss = 1468.720947265625
Epoch 23: loss = 1465.4993896484375
Epoch 24: loss = 1462.6807861328125
Epoch 25: loss = 1460.4205322265625
Epoch 26: loss = 1458.6929931640625
Epoch 27: loss = 1457.41455078125
Epoch 28: loss = 1456.41845703125
Epoch 29: loss = 1455.46728515625
Epoch 30: loss = 1454.7047119140625
Epoch 31: loss = 1454.0870361328125
Epoch 32: loss = 1453.5714111328125
Epoch 33: loss = 1453.2042236328125
Epoch 34: loss = 1452.8726806640625
Epoch 35: loss = 1452.5809326171875
Epoch 36: loss = 1452.328125
Epoch 37: loss = 1452.1363525390625
Epoch 38: loss = 1452.0555419921875
Epoch 39: loss = 1451.9188232421875
Epoch 40: loss = 1451.7945556640625
Epoch 41: loss = 1451.6810302734375
Epoch 42: loss = 1451.5968017578125
Epoch 43: loss = 1451.53759765625
Epoch 44: loss = 1451.4813232421875
Epoch 45: loss = 1451.439453125
Epoch 46: loss = 1451.3970947265625
Epoch 47: loss = 1451.3599853515625
Epoch 48: loss = 1451.3387451171875
Epoch 49: loss = 1451.32470703125
Epoch 50: loss = 1451.2994384765625
Epoch 51: loss = 1451.2847900390625
Epoch 52: loss = 1451.269287109375
Epoch 53: loss = 1451.26171875
Epoch 54: loss = 1451.2530517578125
Epoch 55: loss = 1451.2412109375
Epoch 56: loss = 1451.232421875
Epoch 57: loss = 1451.22705078125
Epoch 58: loss = 1451.222412109375
Epoch 59: loss = 1451.2177734375
Epoch 60: loss = 1451.2181396484375
Epoch 61: loss = 1451.213623046875
Epoch 62: loss = 1451.21337890625
Epoch 63: loss = 1451.2044677734375
Epoch 64: loss = 1451.2047119140625
Epoch 65: loss = 1451.2044677734375
Epoch 66: loss = 1451.201416015625
Epoch 67: loss = 1451.1983642578125
Epoch 68: loss = 1451.19677734375
Epoch 69: loss = 1451.1966552734375
Epoch 70: loss = 1451.197509765625
Epoch 71: loss = 1451.1954345703125
Epoch 72: loss = 1451.1939697265625
Epoch 73: loss = 1451.1961669921875
Epoch 74: loss = 1451.19140625
Epoch 75: loss = 1451.1968994140625
Epoch 76: loss = 1451.193359375
Epoch 77: loss = 1451.1927490234375
Epoch 78: loss = 1451.19189453125
Epoch 79: loss = 1451.1942138671875
Early stopping at epoch 79 with loss 1451.19140625
Reconstruction for fluence = 14384.498882876629 photons/pixel
Epoch 0: loss = 3716521984.0
Epoch 1: loss = 3611418.75
Epoch 2: loss = 501677.65625
Epoch 3: loss = 145662.28125
Epoch 4: loss = 57798.578125
Epoch 5: loss = 27246.646484375
Epoch 6: loss = 16950.26171875
Epoch 7: loss = 11445.9599609375
Epoch 8: loss = 8358.7236328125
Epoch 9: loss = 6542.2109375
Epoch 10: loss = 5419.86181640625
Epoch 11: loss = 4818.998046875
Epoch 12: loss = 4427.64306640625
Epoch 13: loss = 4153.16845703125
Epoch 14: loss = 3945.733642578125
Epoch 15: loss = 3796.127685546875
Epoch 16: loss = 3696.852783203125
Epoch 17: loss = 3634.91064453125
Epoch 18: loss = 3581.0185546875
Epoch 19: loss = 3542.63232421875
Epoch 20: loss = 3510.662841796875
Epoch 21: loss = 3488.1708984375
Epoch 22: loss = 3472.756591796875
Epoch 23: loss = 3459.215576171875
Epoch 24: loss = 3448.69287109375
Epoch 25: loss = 3439.87451171875
Epoch 26: loss = 3433.1884765625
Epoch 27: loss = 3428.332763671875
Epoch 28: loss = 3423.878173828125
Epoch 29: loss = 3420.350830078125
Epoch 30: loss = 3417.31298828125
Epoch 31: loss = 3414.78466796875
Epoch 32: loss = 3412.9140625
Epoch 33: loss = 3411.327392578125
Epoch 34: loss = 3409.93115234375
Epoch 35: loss = 3408.7900390625
Epoch 36: loss = 3407.90673828125
Epoch 37: loss = 3407.18701171875
Epoch 38: loss = 3406.68408203125
Epoch 39: loss = 3406.1884765625
Epoch 40: loss = 3405.79736328125
Epoch 41: loss = 3405.44482421875
Epoch 42: loss = 3405.150146484375
Epoch 43: loss = 3404.911865234375
Epoch 44: loss = 3404.732177734375
Epoch 45: loss = 3404.580078125
Epoch 46: loss = 3404.481689453125
Epoch 47: loss = 3404.356201171875
Epoch 48: loss = 3404.256591796875
Epoch 49: loss = 3404.1884765625
Epoch 50: loss = 3404.123779296875
Epoch 51: loss = 3404.115478515625
Epoch 52: loss = 3404.04736328125
Epoch 53: loss = 3404.009521484375
Epoch 54: loss = 3403.971435546875
Epoch 55: loss = 3403.9423828125
Epoch 56: loss = 3403.901123046875
Epoch 57: loss = 3403.87158203125
Epoch 58: loss = 3403.85595703125
Epoch 59: loss = 3403.846923828125
Epoch 60: loss = 3403.823486328125
Epoch 61: loss = 3403.834228515625
Epoch 62: loss = 3403.814453125
Epoch 63: loss = 3403.813720703125
Epoch 64: loss = 3403.806396484375
Epoch 65: loss = 3403.800048828125
Epoch 66: loss = 3403.807373046875
Epoch 67: loss = 3403.806884765625
Epoch 68: loss = 3403.790771484375
Epoch 69: loss = 3403.792236328125
Epoch 70: loss = 3403.792236328125
Epoch 71: loss = 3403.79345703125
Epoch 72: loss = 3403.783447265625
Epoch 73: loss = 3403.7890625
Epoch 74: loss = 3403.792236328125
Epoch 75: loss = 3403.796875
Epoch 76: loss = 3403.79736328125
Epoch 77: loss = 3403.791748046875
Early stopping at epoch 77 with loss 3403.783447265625
Reconstruction for fluence = 33598.18286283781 photons/pixel
Epoch 0: loss = 20278429696.0
Epoch 1: loss = 19630702.0
Epoch 2: loss = 2712075.5
Epoch 3: loss = 769119.8125
Epoch 4: loss = 295344.71875
Epoch 5: loss = 132754.09375
Epoch 6: loss = 76796.8515625
Epoch 7: loss = 48057.11328125
Epoch 8: loss = 32300.986328125
Epoch 9: loss = 23410.134765625
Epoch 10: loss = 17965.146484375
Epoch 11: loss = 14898.9501953125
Epoch 12: loss = 12685.443359375
Epoch 13: loss = 11231.3642578125
Epoch 14: loss = 10213.2763671875
Epoch 15: loss = 9504.8603515625
Epoch 16: loss = 9012.3193359375
Epoch 17: loss = 8679.5693359375
Epoch 18: loss = 8409.484375
Epoch 19: loss = 8203.1015625
Epoch 20: loss = 8049.73291015625
Epoch 21: loss = 7922.86376953125
Epoch 22: loss = 7857.923828125
Epoch 23: loss = 7768.3212890625
Epoch 24: loss = 7710.5859375
Epoch 25: loss = 7662.64697265625
Epoch 26: loss = 7626.06787109375
Epoch 27: loss = 7599.8505859375
Epoch 28: loss = 7577.61962890625
Epoch 29: loss = 7559.1728515625
Epoch 30: loss = 7543.88037109375
Epoch 31: loss = 7532.30224609375
Epoch 32: loss = 7522.63818359375
Epoch 33: loss = 7514.8681640625
Epoch 34: loss = 7508.7255859375
Epoch 35: loss = 7503.26904296875
Epoch 36: loss = 7498.64306640625
Epoch 37: loss = 7495.02001953125
Epoch 38: loss = 7491.9775390625
Epoch 39: loss = 7489.19970703125
Epoch 40: loss = 7487.0625
Epoch 41: loss = 7485.25439453125
Epoch 42: loss = 7483.830078125
Epoch 43: loss = 7482.62255859375
Epoch 44: loss = 7481.54345703125
Epoch 45: loss = 7480.736328125
Epoch 46: loss = 7479.99560546875
Epoch 47: loss = 7479.35693359375
Epoch 48: loss = 7478.955078125
Epoch 49: loss = 7478.548828125
Epoch 50: loss = 7478.1787109375
Epoch 51: loss = 7477.9306640625
Epoch 52: loss = 7477.6796875
Epoch 53: loss = 7477.60791015625
Epoch 54: loss = 7477.51904296875
Epoch 55: loss = 7477.3212890625
Epoch 56: loss = 7477.18603515625
Epoch 57: loss = 7477.0625
Epoch 58: loss = 7476.94287109375
Epoch 59: loss = 7476.8603515625
Epoch 60: loss = 7476.81591796875
Epoch 61: loss = 7476.79541015625
Epoch 62: loss = 7476.7724609375
Epoch 63: loss = 7476.68408203125
Epoch 64: loss = 7476.6474609375
Epoch 65: loss = 7476.66162109375
Epoch 66: loss = 7476.65966796875
Epoch 67: loss = 7476.62841796875
Epoch 68: loss = 7476.619140625
Epoch 69: loss = 7476.580078125
Epoch 70: loss = 7476.55029296875
Epoch 71: loss = 7476.5625
Epoch 72: loss = 7476.4921875
Epoch 73: loss = 7476.53125
Epoch 74: loss = 7476.46533203125
Epoch 75: loss = 7476.49853515625
Epoch 76: loss = 7476.53662109375
Epoch 77: loss = 7476.47900390625
Epoch 78: loss = 7476.5244140625
Epoch 79: loss = 7476.484375
Early stopping at epoch 79 with loss 7476.46533203125
Reconstruction for fluence = 78475.99703514607 photons/pixel
Epoch 0: loss = 110619582464.0
Epoch 1: loss = 107290072.0
Epoch 2: loss = 14800637.0
Epoch 3: loss = 4118039.25
Epoch 4: loss = 1576680.0
Epoch 5: loss = 771371.5625
Epoch 6: loss = 391930.71875
Epoch 7: loss = 254037.171875
Epoch 8: loss = 160917.453125
Epoch 9: loss = 108964.703125
Epoch 10: loss = 77668.2890625
Epoch 11: loss = 58279.72265625
Epoch 12: loss = 47922.765625
Epoch 13: loss = 39469.0234375
Epoch 14: loss = 33571.578125
Epoch 15: loss = 29218.357421875
Epoch 16: loss = 26327.91015625
Epoch 17: loss = 24526.083984375
Epoch 18: loss = 22990.337890625
Epoch 19: loss = 21848.6953125
Epoch 20: loss = 20981.8203125
Epoch 21: loss = 20256.3046875
Epoch 22: loss = 19802.294921875
Epoch 23: loss = 19457.111328125
Epoch 24: loss = 19149.884765625
Epoch 25: loss = 18897.697265625
Epoch 26: loss = 18706.265625
Epoch 27: loss = 18562.509765625
Epoch 28: loss = 18444.15234375
Epoch 29: loss = 18351.740234375
Epoch 30: loss = 18270.443359375
Epoch 31: loss = 18205.427734375
Epoch 32: loss = 18153.603515625
Epoch 33: loss = 18114.201171875
Epoch 34: loss = 18078.728515625
Epoch 35: loss = 18050.291015625
Epoch 36: loss = 18023.861328125
Epoch 37: loss = 18003.169921875
Epoch 38: loss = 17988.6875
Epoch 39: loss = 17973.98828125
Epoch 40: loss = 17962.763671875
Epoch 41: loss = 17953.375
Epoch 42: loss = 17944.68359375
Epoch 43: loss = 17937.822265625
Epoch 44: loss = 17931.80859375
Epoch 45: loss = 17926.927734375
Epoch 46: loss = 17923.107421875
Epoch 47: loss = 17919.82421875
Epoch 48: loss = 17916.939453125
Epoch 49: loss = 17914.7578125
Epoch 50: loss = 17912.9765625
Epoch 51: loss = 17911.431640625
Epoch 52: loss = 17909.791015625
Epoch 53: loss = 17908.6875
Epoch 54: loss = 17907.8359375
Epoch 55: loss = 17906.966796875
Epoch 56: loss = 17906.27734375
Epoch 57: loss = 17905.96484375
Epoch 58: loss = 17905.3828125
Epoch 59: loss = 17905.052734375
Epoch 60: loss = 17904.439453125
Epoch 61: loss = 17903.970703125
Epoch 62: loss = 17904.1640625
Epoch 63: loss = 17903.87890625
Epoch 64: loss = 17903.78125
Epoch 65: loss = 17903.703125
Epoch 66: loss = 17903.705078125
Epoch 67: loss = 17903.611328125
Epoch 68: loss = 17903.5703125
Epoch 69: loss = 17903.291015625
Epoch 70: loss = 17903.462890625
Epoch 71: loss = 17903.376953125
Epoch 72: loss = 17903.12890625
Epoch 73: loss = 17903.0859375
Epoch 74: loss = 17903.22265625
Epoch 75: loss = 17903.212890625
Epoch 76: loss = 17903.2421875
Epoch 77: loss = 17903.154296875
Epoch 78: loss = 17903.220703125
Early stopping at epoch 78 with loss 17903.0859375
Reconstruction for fluence = 183298.07108324335 photons/pixel
Epoch 0: loss = 603523448832.0
Epoch 1: loss = 584792512.0
Epoch 2: loss = 80486856.0
Epoch 3: loss = 22024328.0
Epoch 4: loss = 8324814.5
Epoch 5: loss = 3726581.0
Epoch 6: loss = 2226382.0
Epoch 7: loss = 1291349.0
Epoch 8: loss = 817311.5
Epoch 9: loss = 523651.15625
Epoch 10: loss = 359273.25
Epoch 11: loss = 258541.828125
Epoch 12: loss = 195634.828125
Epoch 13: loss = 153292.46875
Epoch 14: loss = 123344.8046875
Epoch 15: loss = 100663.2421875
Epoch 16: loss = 85121.3046875
Epoch 17: loss = 75466.71875
Epoch 18: loss = 67575.5703125
Epoch 19: loss = 61707.08203125
Epoch 20: loss = 57069.7578125
Epoch 21: loss = 53588.72265625
Epoch 22: loss = 51285.953125
Epoch 23: loss = 49211.75
Epoch 24: loss = 47569.0
Epoch 25: loss = 46267.1796875
Epoch 26: loss = 45305.4140625
Epoch 27: loss = 44611.4609375
Epoch 28: loss = 44046.125
Epoch 29: loss = 43550.71484375
Epoch 30: loss = 43127.7421875
Epoch 31: loss = 42806.09765625
Epoch 32: loss = 42545.4609375
Epoch 33: loss = 42358.09765625
Epoch 34: loss = 42174.73828125
Epoch 35: loss = 42029.84375
Epoch 36: loss = 41898.7421875
Epoch 37: loss = 41798.20703125
Epoch 38: loss = 41716.515625
Epoch 39: loss = 41645.96875
Epoch 40: loss = 41590.4296875
Epoch 41: loss = 41541.05078125
Epoch 42: loss = 41498.92578125
Epoch 43: loss = 41467.92578125
Epoch 44: loss = 41440.14453125
Epoch 45: loss = 41416.08203125
Epoch 46: loss = 41395.78515625
Epoch 47: loss = 41379.19140625
Epoch 48: loss = 41371.71484375
Epoch 49: loss = 41359.8828125
Epoch 50: loss = 41350.70703125
Epoch 51: loss = 41342.38671875
Epoch 52: loss = 41334.97265625
Epoch 53: loss = 41329.3359375
Epoch 54: loss = 41325.20703125
Epoch 55: loss = 41321.3203125
Epoch 56: loss = 41318.34765625
Epoch 57: loss = 41314.4453125
Epoch 58: loss = 41312.23828125
Epoch 59: loss = 41310.54296875
Epoch 60: loss = 41308.59765625
Epoch 61: loss = 41308.109375
Epoch 62: loss = 41307.09765625
Epoch 63: loss = 41306.2421875
Epoch 64: loss = 41305.42578125
Epoch 65: loss = 41304.41015625
Epoch 66: loss = 41303.65234375
Epoch 67: loss = 41303.41796875
Epoch 68: loss = 41302.859375
Epoch 69: loss = 41303.140625
Epoch 70: loss = 41302.75
Epoch 71: loss = 41302.6875
Epoch 72: loss = 41302.796875
Epoch 73: loss = 41302.45703125
Epoch 74: loss = 41302.7578125
Epoch 75: loss = 41302.05078125
Epoch 76: loss = 41302.1328125
Epoch 77: loss = 41302.265625
Epoch 78: loss = 41301.49609375
Epoch 79: loss = 41301.8203125
Epoch 80: loss = 41301.55859375
Epoch 81: loss = 41301.55078125
Epoch 82: loss = 41301.515625
Epoch 83: loss = 41301.359375
Epoch 84: loss = 41301.7421875
Epoch 85: loss = 41301.92578125
Epoch 86: loss = 41301.65234375
Epoch 87: loss = 41301.33203125
Epoch 88: loss = 41301.84765625
Epoch 89: loss = 41301.9921875
Epoch 90: loss = 41301.4375
Epoch 91: loss = 41301.38671875
Epoch 92: loss = 41300.70703125
Epoch 93: loss = 41300.21875
Epoch 94: loss = 41301.37890625
Epoch 95: loss = 41301.4140625
Epoch 96: loss = 41301.703125
Epoch 97: loss = 41301.359375
Epoch 98: loss = 41301.75
Early stopping at epoch 98 with loss 41300.21875
Reconstruction for fluence = 428133.2398719387 photons/pixel
Epoch 0: loss = 3292596797440.0
Epoch 1: loss = 3191838208.0
Epoch 2: loss = 439169056.0
Epoch 3: loss = 121094232.0
Epoch 4: loss = 44265076.0
Epoch 5: loss = 20411368.0
Epoch 6: loss = 12028677.0
Epoch 7: loss = 6957300.5
Epoch 8: loss = 4221343.0
Epoch 9: loss = 2683122.75
Epoch 10: loss = 1799626.375
Epoch 11: loss = 1274590.625
Epoch 12: loss = 928032.3125
Epoch 13: loss = 702782.8125
Epoch 14: loss = 536782.8125
Epoch 15: loss = 408905.03125
Epoch 16: loss = 331751.15625
Epoch 17: loss = 280397.6875
Epoch 18: loss = 235131.78125
Epoch 19: loss = 203068.96875
Epoch 20: loss = 177253.140625
Epoch 21: loss = 158765.171875
Epoch 22: loss = 146590.78125
Epoch 23: loss = 136373.953125
Epoch 24: loss = 127930.1015625
Epoch 25: loss = 121414.78125
Epoch 26: loss = 116362.8203125
Epoch 27: loss = 112864.6640625
Epoch 28: loss = 109596.8515625
Epoch 29: loss = 107041.0390625
Epoch 30: loss = 104819.6875
Epoch 31: loss = 102957.234375
Epoch 32: loss = 101641.4453125
Epoch 33: loss = 100620.515625
Epoch 34: loss = 99674.3203125
Epoch 35: loss = 98902.609375
Epoch 36: loss = 98263.484375
Epoch 37: loss = 97728.9140625
Epoch 38: loss = 97328.7578125
Epoch 39: loss = 96967.9453125
Epoch 40: loss = 96663.3046875
Epoch 41: loss = 96400.4453125
Epoch 42: loss = 96205.5546875
Epoch 43: loss = 96032.8359375
Epoch 44: loss = 95889.609375
Epoch 45: loss = 95764.8125
Epoch 46: loss = 95662.53125
Epoch 47: loss = 95578.125
Epoch 48: loss = 95508.9609375
Epoch 49: loss = 95452.734375
Epoch 50: loss = 95404.796875
Epoch 51: loss = 95365.234375
Epoch 52: loss = 95327.140625
Epoch 53: loss = 95302.59375
Epoch 54: loss = 95277.3203125
Epoch 55: loss = 95253.234375
Epoch 56: loss = 95237.3203125
Epoch 57: loss = 95220.6640625
Epoch 58: loss = 95211.9765625
Epoch 59: loss = 95199.703125
Epoch 60: loss = 95194.28125
Epoch 61: loss = 95187.3125
Epoch 62: loss = 95182.5
Epoch 63: loss = 95177.3046875
Epoch 64: loss = 95174.578125
Epoch 65: loss = 95171.4140625
Epoch 66: loss = 95167.5859375
Epoch 67: loss = 95165.5546875
Epoch 68: loss = 95163.484375
Epoch 69: loss = 95162.828125
Epoch 70: loss = 95160.484375
Epoch 71: loss = 95162.8671875
Epoch 72: loss = 95157.984375
Epoch 73: loss = 95158.59375
Epoch 74: loss = 95159.4140625
Epoch 75: loss = 95160.8828125
Epoch 76: loss = 95158.2109375
Epoch 77: loss = 95157.640625
Epoch 78: loss = 95155.859375
Epoch 79: loss = 95156.6015625
Epoch 80: loss = 95154.7265625
Epoch 81: loss = 95154.9765625
Epoch 82: loss = 95156.6484375
Epoch 83: loss = 95156.2109375
Epoch 84: loss = 95153.2890625
Epoch 85: loss = 95154.4453125
Epoch 86: loss = 95153.78125
Epoch 87: loss = 95154.109375
Epoch 88: loss = 95152.8125
Epoch 89: loss = 95153.5
Epoch 90: loss = 95152.25
Epoch 91: loss = 95151.3046875
Epoch 92: loss = 95154.03125
Epoch 93: loss = 95153.3515625
Epoch 94: loss = 95154.5078125
Epoch 95: loss = 95154.9140625
Epoch 96: loss = 95153.4765625
Early stopping at epoch 96 with loss 95151.3046875
Reconstruction for fluence = 1000000.0 photons/pixel
Epoch 0: loss = 17962285137920.0
Epoch 1: loss = 17410848768.0
Epoch 2: loss = 2396046592.0
Epoch 3: loss = 645058432.0
Epoch 4: loss = 248713904.0
Epoch 5: loss = 110249832.0
Epoch 6: loss = 64847928.0
Epoch 7: loss = 39063036.0
Epoch 8: loss = 23988762.0
Epoch 9: loss = 15259684.0
Epoch 10: loss = 10154222.0
Epoch 11: loss = 7022058.5
Epoch 12: loss = 5172066.5
Epoch 13: loss = 3826025.75
Epoch 14: loss = 2811021.75
Epoch 15: loss = 2094863.375
Epoch 16: loss = 1619254.375
Epoch 17: loss = 1316278.625
Epoch 18: loss = 1061668.75
Epoch 19: loss = 872374.125
Epoch 20: loss = 713449.6875
Epoch 21: loss = 601210.875
Epoch 22: loss = 524757.625
Epoch 23: loss = 470686.65625
Epoch 24: loss = 423698.65625
Epoch 25: loss = 384964.65625
Epoch 26: loss = 354171.15625
Epoch 27: loss = 332836.46875
Epoch 28: loss = 315431.0
Epoch 29: loss = 300497.0625
Epoch 30: loss = 288987.53125
Epoch 31: loss = 278930.8125
Epoch 32: loss = 271166.84375
Epoch 33: loss = 265138.4375
Epoch 34: loss = 259512.453125
Epoch 35: loss = 254942.0
Epoch 36: loss = 251076.328125
Epoch 37: loss = 248116.578125
Epoch 38: loss = 245804.390625
Epoch 39: loss = 243558.0625
Epoch 40: loss = 241850.390625
Epoch 41: loss = 240404.5625
Epoch 42: loss = 239153.0
Epoch 43: loss = 238221.78125
Epoch 44: loss = 237380.453125
Epoch 45: loss = 236673.0625
Epoch 46: loss = 236081.390625
Epoch 47: loss = 235571.859375
Epoch 48: loss = 235207.75
Epoch 49: loss = 234865.3125
Epoch 50: loss = 234571.5
Epoch 51: loss = 234303.828125
Epoch 52: loss = 234096.609375
Epoch 53: loss = 233928.109375
Epoch 54: loss = 233770.109375
Epoch 55: loss = 233636.78125
Epoch 56: loss = 233533.828125
Epoch 57: loss = 233442.421875
Epoch 58: loss = 233362.53125
Epoch 59: loss = 233330.828125
Epoch 60: loss = 233274.890625
Epoch 61: loss = 233238.21875
Epoch 62: loss = 233198.21875
Epoch 63: loss = 233169.3125
Epoch 64: loss = 233156.3125
Epoch 65: loss = 233127.0
Epoch 66: loss = 233105.28125
Epoch 67: loss = 233099.359375
Epoch 68: loss = 233084.25
Epoch 69: loss = 233079.03125
Epoch 70: loss = 233063.78125
Epoch 71: loss = 233056.46875
Epoch 72: loss = 233051.390625
Epoch 73: loss = 233045.71875
Epoch 74: loss = 233052.109375
Epoch 75: loss = 233037.0625
Epoch 76: loss = 233044.328125
Epoch 77: loss = 233036.5
Epoch 78: loss = 233036.78125
Epoch 79: loss = 233030.359375
Epoch 80: loss = 233033.5
Epoch 81: loss = 233032.828125
Epoch 82: loss = 233023.171875
Epoch 83: loss = 233021.8125
Epoch 84: loss = 233022.71875
Epoch 85: loss = 233019.421875
Epoch 86: loss = 233020.890625
Epoch 87: loss = 233025.171875
Epoch 88: loss = 233023.203125
Epoch 89: loss = 233017.890625
Epoch 90: loss = 233025.890625
Epoch 91: loss = 233020.21875
Epoch 92: loss = 233024.78125
Epoch 93: loss = 233015.328125
Epoch 94: loss = 233019.109375
Epoch 95: loss = 233020.421875
Epoch 96: loss = 233029.0625
Epoch 97: loss = 233013.140625
Epoch 98: loss = 233018.71875
Epoch 99: loss = 233014.3125
Epoch 100: loss = 233021.453125
Epoch 101: loss = 233016.78125
Epoch 102: loss = 233012.71875
Epoch 103: loss = 233022.078125
Epoch 104: loss = 233014.953125
Epoch 105: loss = 233017.96875
Epoch 106: loss = 233020.140625
Epoch 107: loss = 233016.078125
Early stopping at epoch 107 with loss 233012.71875
Tensors initialization on device cuda
Multiprobe = band_lim
torch.Size([1, 64, 64])

('MSE', 'PoissonNLL') RECONSTRUCTIONS

Reconstruction for fluence = 0.09999999999999999 photons/pixel
Epoch 0: loss = 0.2730095684528351
Epoch 1: loss = 0.05679317191243172
Epoch 2: loss = 0.04908497631549835
Epoch 3: loss = 0.046962838619947433
Epoch 4: loss = 0.0462091900408268
Epoch 5: loss = 0.045913007110357285
Epoch 6: loss = 0.04574084281921387
Epoch 7: loss = 0.04564651474356651
Epoch 8: loss = 0.045587118715047836
Epoch 9: loss = 0.045549023896455765
Epoch 10: loss = 0.04552694037556648
Epoch 11: loss = 0.045512158423662186
Epoch 12: loss = 0.04549830034375191
Epoch 13: loss = 0.045484509319067
Epoch 14: loss = 0.045469965785741806
Epoch 0: loss = 0.13080936670303345
Epoch 1: loss = 0.0897943452000618
Epoch 2: loss = 0.08777137845754623
Epoch 3: loss = 0.08753570914268494
Epoch 4: loss = 0.08742643892765045
Epoch 5: loss = 0.08737333863973618
Epoch 6: loss = 0.08735521882772446
Epoch 7: loss = 0.08731391280889511
Epoch 8: loss = 0.08730963617563248
Epoch 9: loss = 0.08730923384428024
Epoch 10: loss = 0.08730661869049072
Epoch 11: loss = 0.0872933641076088
Epoch 12: loss = 0.08729151636362076
Early stopping at epoch 12 with loss 0.08731391280889511
Reconstruction for fluence = 0.23357214690901223 photons/pixel
Epoch 0: loss = 1.1848069429397583
Epoch 1: loss = 0.1299826204776764
Epoch 2: loss = 0.10985203087329865
Epoch 3: loss = 0.10475078225135803
Epoch 4: loss = 0.10300084203481674
Epoch 5: loss = 0.10239823907613754
Epoch 6: loss = 0.10219381749629974
Epoch 7: loss = 0.10211961716413498
Epoch 8: loss = 0.10208821296691895
Epoch 9: loss = 0.10207079350948334
Epoch 10: loss = 0.1020592451095581
Epoch 11: loss = 0.10204924643039703
Epoch 12: loss = 0.10204026103019714
Epoch 13: loss = 0.10203064978122711
Early stopping at epoch 13 with loss 0.10208821296691895
Epoch 0: loss = 0.08703693002462387
Epoch 1: loss = 0.024984801188111305
Epoch 2: loss = 0.02234707586467266
Epoch 3: loss = 0.0220622718334198
Epoch 4: loss = 0.021993856877088547
Epoch 5: loss = 0.021973561495542526
Epoch 6: loss = 0.021969586610794067
Epoch 7: loss = 0.021967031061649323
Epoch 8: loss = 0.021963251754641533
Early stopping at epoch 8 with loss 0.0220622718334198
Reconstruction for fluence = 0.5455594781168519 photons/pixel
Epoch 0: loss = 5.940649032592773
Epoch 1: loss = 0.30494534969329834
Epoch 2: loss = 0.24963000416755676
Epoch 3: loss = 0.23510625958442688
Epoch 4: loss = 0.23034784197807312
Epoch 5: loss = 0.2287120372056961
Epoch 6: loss = 0.22817853093147278
Epoch 7: loss = 0.22794829308986664
Epoch 8: loss = 0.22782166302204132
Epoch 9: loss = 0.2276563197374344
Epoch 10: loss = 0.22749048471450806
Epoch 11: loss = 0.22742530703544617
Epoch 12: loss = 0.22739733755588531
Epoch 13: loss = 0.22738279402256012
Epoch 14: loss = 0.22737498581409454
Epoch 0: loss = -0.27434203028678894
Epoch 1: loss = -0.36746054887771606
Epoch 2: loss = -0.3722372055053711
Epoch 3: loss = -0.37274640798568726
Epoch 4: loss = -0.37288013100624084
Epoch 5: loss = -0.37294259667396545
Epoch 6: loss = -0.3729792833328247
Epoch 7: loss = -0.3730563521385193
Epoch 8: loss = -0.373114675283432
Epoch 9: loss = -0.3731549382209778
Epoch 10: loss = -0.3731653392314911
Epoch 11: loss = -0.3731779456138611
Epoch 12: loss = -0.37318289279937744
Epoch 13: loss = -0.3731856644153595
Epoch 14: loss = -0.37318775057792664
Epoch 15: loss = -0.37319454550743103
Early stopping at epoch 15 with loss -0.3731653392314911
Reconstruction for fluence = 1.2742749857031335 photons/pixel
Epoch 0: loss = 29.957773208618164
Epoch 1: loss = 0.7241417765617371
Epoch 2: loss = 0.5559432506561279
Epoch 3: loss = 0.5074955821037292
Epoch 4: loss = 0.49149301648139954
Epoch 5: loss = 0.48439958691596985
Epoch 6: loss = 0.48194143176078796
Epoch 7: loss = 0.4807707369327545
Epoch 8: loss = 0.48018524050712585
Epoch 9: loss = 0.4799466133117676
Epoch 10: loss = 0.47982895374298096
Epoch 11: loss = 0.47977691888809204
Epoch 12: loss = 0.4797486364841461
Epoch 13: loss = 0.47972241044044495
Epoch 14: loss = 0.4796726405620575
Epoch 0: loss = -1.7916501760482788
Epoch 1: loss = -1.926797866821289
Epoch 2: loss = -1.9333869218826294
Epoch 3: loss = -1.9343410730361938
Epoch 4: loss = -1.934613823890686
Epoch 5: loss = -1.934725046157837
Epoch 6: loss = -1.934765100479126
Epoch 7: loss = -1.9347877502441406
Epoch 8: loss = -1.934807300567627
Epoch 9: loss = -1.9348212480545044
Epoch 10: loss = -1.9348331689834595
Epoch 11: loss = -1.93484628200531
Epoch 12: loss = -1.9348598718643188
Epoch 13: loss = -1.9348831176757812
Epoch 14: loss = -1.93490731716156
Epoch 15: loss = -1.9349185228347778
Early stopping at epoch 15 with loss -1.9348331689834595
Reconstruction for fluence = 2.976351441631318 photons/pixel
Epoch 0: loss = 160.90823364257812
Epoch 1: loss = 1.7988052368164062
Epoch 2: loss = 1.2889281511306763
Epoch 3: loss = 1.1546554565429688
Epoch 4: loss = 1.1021463871002197
Epoch 5: loss = 1.079299807548523
Epoch 6: loss = 1.0699727535247803
Epoch 7: loss = 1.0653083324432373
Epoch 8: loss = 1.0627082586288452
Epoch 9: loss = 1.0613429546356201
Epoch 10: loss = 1.0606122016906738
Epoch 11: loss = 1.0602343082427979
Epoch 12: loss = 1.0600346326828003
Epoch 13: loss = 1.0599113702774048
Epoch 14: loss = 1.0598158836364746
Epoch 0: loss = -6.7668986320495605
Epoch 1: loss = -6.956790924072266
Epoch 2: loss = -6.967990875244141
Epoch 3: loss = -6.970042705535889
Epoch 4: loss = -6.97074031829834
Epoch 5: loss = -6.971097946166992
Epoch 6: loss = -6.971261024475098
Epoch 7: loss = -6.971319675445557
Epoch 8: loss = -6.971385478973389
Epoch 9: loss = -6.971478462219238
Epoch 10: loss = -6.971568584442139
Epoch 11: loss = -6.971594333648682
Epoch 12: loss = -6.971606731414795
Epoch 13: loss = -6.9716081619262695
Epoch 14: loss = -6.971610069274902
Epoch 15: loss = -6.971611499786377
Early stopping at epoch 15 with loss -6.971568584442139
Reconstruction for fluence = 6.9519279617756045 photons/pixel
Epoch 0: loss = 872.887939453125
Epoch 1: loss = 4.557769775390625
Epoch 2: loss = 3.0043742656707764
Epoch 3: loss = 2.577699661254883
Epoch 4: loss = 2.4104115962982178
Epoch 5: loss = 2.3364453315734863
Epoch 6: loss = 2.304502487182617
Epoch 7: loss = 2.28826904296875
Epoch 8: loss = 2.2787933349609375
Epoch 9: loss = 2.2734782695770264
Epoch 10: loss = 2.270732879638672
Epoch 11: loss = 2.2691242694854736
Epoch 12: loss = 2.2683115005493164
Epoch 13: loss = 2.2677884101867676
Epoch 14: loss = 2.267443895339966
Epoch 0: loss = -21.677228927612305
Epoch 1: loss = -21.956085205078125
Epoch 2: loss = -21.974321365356445
Epoch 3: loss = -21.977651596069336
Epoch 4: loss = -21.97861671447754
Epoch 5: loss = -21.979276657104492
Epoch 6: loss = -21.979747772216797
Epoch 7: loss = -21.9799747467041
Epoch 8: loss = -21.98015022277832
Epoch 9: loss = -21.980262756347656
Epoch 10: loss = -21.980310440063477
Epoch 11: loss = -21.980318069458008
Epoch 12: loss = -21.98032569885254
Epoch 13: loss = -21.98033905029297
Epoch 14: loss = -21.980398178100586
Epoch 15: loss = -21.98040199279785
Epoch 16: loss = -21.98040199279785
Epoch 17: loss = -21.980411529541016
Epoch 18: loss = -21.98041534423828
Epoch 19: loss = -21.980417251586914
Early stopping at epoch 19 with loss -21.980398178100586
Reconstruction for fluence = 16.23776739188721 photons/pixel
Epoch 0: loss = 4700.24560546875
Epoch 1: loss = 13.367810249328613
Epoch 2: loss = 7.464316368103027
Epoch 3: loss = 6.017723083496094
Epoch 4: loss = 5.482710838317871
Epoch 5: loss = 5.213947772979736
Epoch 6: loss = 5.096287250518799
Epoch 7: loss = 5.031342506408691
Epoch 8: loss = 4.993387699127197
Epoch 9: loss = 4.97014045715332
Epoch 10: loss = 4.955850124359131
Epoch 11: loss = 4.948578834533691
Epoch 12: loss = 4.94455623626709
Epoch 13: loss = 4.941834926605225
Epoch 14: loss = 4.940022945404053
Epoch 0: loss = -65.14390563964844
Epoch 1: loss = -65.50589752197266
Epoch 2: loss = -65.53276824951172
Epoch 3: loss = -65.53820037841797
Epoch 4: loss = -65.54044342041016
Epoch 5: loss = -65.54180145263672
Epoch 6: loss = -65.54246520996094
Epoch 7: loss = -65.5427017211914
Epoch 8: loss = -65.54288482666016
Epoch 9: loss = -65.54297637939453
Epoch 10: loss = -65.54300689697266
Epoch 11: loss = -65.54307556152344
Epoch 12: loss = -65.5431900024414
Epoch 13: loss = -65.54347229003906
Epoch 14: loss = -65.54391479492188
Epoch 15: loss = -65.54405212402344
Epoch 16: loss = -65.54408264160156
Epoch 17: loss = -65.54409790039062
Epoch 18: loss = -65.54410552978516
Epoch 19: loss = -65.54412078857422
Epoch 20: loss = -65.54412841796875
Early stopping at epoch 20 with loss -65.54405212402344
Reconstruction for fluence = 37.926901907322495 photons/pixel
Epoch 0: loss = 25675.3046875
Epoch 1: loss = 46.86905288696289
Epoch 2: loss = 19.545074462890625
Epoch 3: loss = 14.484983444213867
Epoch 4: loss = 12.65362548828125
Epoch 5: loss = 11.778129577636719
Epoch 6: loss = 11.400375366210938
Epoch 7: loss = 11.198015213012695
Epoch 8: loss = 11.079090118408203
Epoch 9: loss = 10.98375415802002
Epoch 10: loss = 10.932571411132812
Epoch 11: loss = 10.900914192199707
Epoch 12: loss = 10.883028984069824
Epoch 13: loss = 10.869033813476562
Epoch 14: loss = 10.85914421081543
Epoch 0: loss = -184.2431640625
Epoch 1: loss = -184.73971557617188
Epoch 2: loss = -184.77561950683594
Epoch 3: loss = -184.7847442626953
Epoch 4: loss = -184.7896270751953
Epoch 5: loss = -184.79151916503906
Epoch 6: loss = -184.7924041748047
Epoch 7: loss = -184.79307556152344
Epoch 8: loss = -184.7931365966797
Epoch 9: loss = -184.79373168945312
Epoch 10: loss = -184.7937774658203
Epoch 11: loss = -184.7938995361328
Epoch 12: loss = -184.7939453125
Epoch 13: loss = -184.79397583007812
Epoch 14: loss = -184.79397583007812
Epoch 15: loss = -184.79397583007812
Epoch 16: loss = -184.79400634765625
Early stopping at epoch 16 with loss -184.7938995361328
Reconstruction for fluence = 88.58667904100822 photons/pixel
Epoch 0: loss = 139762.03125
Epoch 1: loss = 183.2320098876953
Epoch 2: loss = 57.89820861816406
Epoch 3: loss = 36.6488037109375
Epoch 4: loss = 29.94007110595703
Epoch 5: loss = 26.99407958984375
Epoch 6: loss = 25.77547836303711
Epoch 7: loss = 25.07980728149414
Epoch 8: loss = 24.65418815612793
Epoch 9: loss = 24.37200927734375
Epoch 10: loss = 24.161794662475586
Epoch 11: loss = 24.054115295410156
Epoch 12: loss = 23.954193115234375
Epoch 13: loss = 23.89278221130371
Epoch 14: loss = 23.849199295043945
Epoch 0: loss = -506.3749084472656
Epoch 1: loss = -507.01715087890625
Epoch 2: loss = -507.064453125
Epoch 3: loss = -507.0777587890625
Epoch 4: loss = -507.0834045410156
Epoch 5: loss = -507.08642578125
Epoch 6: loss = -507.0886535644531
Epoch 7: loss = -507.0886535644531
Epoch 8: loss = -507.0888671875
Epoch 9: loss = -507.0891418457031
Epoch 10: loss = -507.0891418457031
Epoch 11: loss = -507.08929443359375
Epoch 12: loss = -507.08941650390625
Epoch 13: loss = -507.0894775390625
Epoch 14: loss = -507.0899658203125
Epoch 15: loss = -507.0900573730469
Epoch 16: loss = -507.0900573730469
Epoch 17: loss = -507.0901184082031
Epoch 18: loss = -507.0901794433594
Epoch 19: loss = -507.0902404785156
Epoch 20: loss = -507.0902404785156
Epoch 21: loss = -507.09027099609375
Epoch 22: loss = -507.09027099609375
Epoch 23: loss = -507.09027099609375
Epoch 24: loss = -507.09027099609375
Early stopping at epoch 24 with loss -507.0902404785156
Reconstruction for fluence = 206.9138081114788 photons/pixel
Epoch 0: loss = 761980.25
Epoch 1: loss = 936.0477294921875
Epoch 2: loss = 201.3573760986328
Epoch 3: loss = 100.26594543457031
Epoch 4: loss = 72.9188232421875
Epoch 5: loss = 61.66058349609375
Epoch 6: loss = 57.52919006347656
Epoch 7: loss = 54.684776306152344
Epoch 8: loss = 52.98786926269531
Epoch 9: loss = 51.90707015991211
Epoch 10: loss = 51.213897705078125
Epoch 11: loss = 50.75166702270508
Epoch 12: loss = 50.452632904052734
Epoch 13: loss = 50.221649169921875
Epoch 14: loss = 50.05287551879883
Epoch 0: loss = -1358.75
Epoch 1: loss = -1359.5814208984375
Epoch 2: loss = -1359.6461181640625
Epoch 3: loss = -1359.6597900390625
Epoch 4: loss = -1359.666259765625
Epoch 5: loss = -1359.6666259765625
Epoch 6: loss = -1359.6668701171875
Epoch 7: loss = -1359.6671142578125
Epoch 8: loss = -1359.66796875
Epoch 9: loss = -1359.668212890625
Epoch 10: loss = -1359.6683349609375
Epoch 11: loss = -1359.66845703125
Epoch 12: loss = -1359.6685791015625
Epoch 13: loss = -1359.668701171875
Epoch 14: loss = -1359.6688232421875
Epoch 15: loss = -1359.6690673828125
Epoch 16: loss = -1359.6695556640625
Epoch 17: loss = -1359.6695556640625
Epoch 18: loss = -1359.669677734375
Epoch 19: loss = -1359.6697998046875
Epoch 20: loss = -1359.669921875
Epoch 21: loss = -1359.669921875
Epoch 22: loss = -1359.669921875
Epoch 23: loss = -1359.670166015625
Epoch 24: loss = -1359.670166015625
Epoch 25: loss = -1359.67041015625
Epoch 26: loss = -1359.67041015625
Epoch 27: loss = -1359.6705322265625
Epoch 28: loss = -1359.6707763671875
Epoch 29: loss = -1359.6707763671875
Epoch 30: loss = -1359.671142578125
Epoch 31: loss = -1359.671142578125
Epoch 32: loss = -1359.6712646484375
Epoch 33: loss = -1359.6712646484375
Epoch 34: loss = -1359.67138671875
Epoch 35: loss = -1359.67138671875
Epoch 36: loss = -1359.6715087890625
Epoch 37: loss = -1359.6715087890625
Epoch 38: loss = -1359.6715087890625
Epoch 39: loss = -1359.6715087890625
Early stopping at epoch 39 with loss -1359.67138671875
Reconstruction for fluence = 483.2930238571752 photons/pixel
Epoch 0: loss = 4164725.25
Epoch 1: loss = 4933.02392578125
Epoch 2: loss = 906.9724731445312
Epoch 3: loss = 362.1966247558594
Epoch 4: loss = 229.2802276611328
Epoch 5: loss = 177.63632202148438
Epoch 6: loss = 157.80572509765625
Epoch 7: loss = 146.5592498779297
Epoch 8: loss = 139.7688751220703
Epoch 9: loss = 134.77207946777344
Epoch 10: loss = 131.62843322753906
Epoch 11: loss = 129.873291015625
Epoch 12: loss = 128.45831298828125
Epoch 13: loss = 127.51063537597656
Epoch 14: loss = 126.71693420410156
Epoch 0: loss = -3581.179931640625
Epoch 1: loss = -3582.353271484375
Epoch 2: loss = -3582.44873046875
Epoch 3: loss = -3582.470947265625
Epoch 4: loss = -3582.470947265625
Epoch 5: loss = -3582.471923828125
Epoch 6: loss = -3582.473876953125
Epoch 7: loss = -3582.474609375
Epoch 8: loss = -3582.475341796875
Epoch 9: loss = -3582.475341796875
Epoch 10: loss = -3582.475341796875
Epoch 11: loss = -3582.475830078125
Epoch 12: loss = -3582.475830078125
Epoch 13: loss = -3582.47607421875
Epoch 14: loss = -3582.4775390625
Epoch 15: loss = -3582.4775390625
Epoch 16: loss = -3582.477783203125
Epoch 17: loss = -3582.477783203125
Epoch 18: loss = -3582.478759765625
Epoch 19: loss = -3582.47900390625
Epoch 20: loss = -3582.479248046875
Epoch 21: loss = -3582.4794921875
Epoch 22: loss = -3582.479736328125
Epoch 23: loss = -3582.47998046875
Epoch 24: loss = -3582.47998046875
Epoch 25: loss = -3582.47998046875
Epoch 26: loss = -3582.47998046875
Epoch 27: loss = -3582.48046875
Epoch 28: loss = -3582.48046875
Epoch 29: loss = -3582.48046875
Epoch 30: loss = -3582.48046875
Epoch 31: loss = -3582.48046875
Epoch 32: loss = -3582.48046875
Early stopping at epoch 32 with loss -3582.48046875
Reconstruction for fluence = 1128.8378916846884 photons/pixel
Epoch 0: loss = 22715840.0
Epoch 1: loss = 25046.80859375
Epoch 2: loss = 4056.03564453125
Epoch 3: loss = 1390.6519775390625
Epoch 4: loss = 735.9415283203125
Epoch 5: loss = 489.20843505859375
Epoch 6: loss = 402.1529541015625
Epoch 7: loss = 356.0508117675781
Epoch 8: loss = 329.3749084472656
Epoch 9: loss = 312.2513122558594
Epoch 10: loss = 300.245849609375
Epoch 11: loss = 293.5386962890625
Epoch 12: loss = 289.2166748046875
Epoch 13: loss = 285.947265625
Epoch 14: loss = 283.3371276855469
Epoch 0: loss = -9326.744140625
Epoch 1: loss = -9328.201171875
Epoch 2: loss = -9328.2900390625
Epoch 3: loss = -9328.2919921875
Epoch 4: loss = -9328.2939453125
Epoch 5: loss = -9328.294921875
Epoch 6: loss = -9328.296875
Epoch 7: loss = -9328.298828125
Epoch 8: loss = -9328.298828125
Epoch 9: loss = -9328.30078125
Epoch 10: loss = -9328.30078125
Epoch 11: loss = -9328.3017578125
Epoch 12: loss = -9328.3017578125
Epoch 13: loss = -9328.3017578125
Epoch 14: loss = -9328.3017578125
Epoch 15: loss = -9328.3017578125
Epoch 16: loss = -9328.3017578125
Early stopping at epoch 16 with loss -9328.3017578125
Reconstruction for fluence = 2636.6508987303555 photons/pixel
Epoch 0: loss = 123810136.0
Epoch 1: loss = 142108.25
Epoch 2: loss = 21241.076171875
Epoch 3: loss = 6706.59716796875
Epoch 4: loss = 3051.72705078125
Epoch 5: loss = 1725.82275390625
Epoch 6: loss = 1332.2701416015625
Epoch 7: loss = 1035.8525390625
Epoch 8: loss = 901.9583129882812
Epoch 9: loss = 816.2173461914062
Epoch 10: loss = 760.0818481445312
Epoch 11: loss = 727.824462890625
Epoch 12: loss = 716.1731567382812
Epoch 13: loss = 692.935302734375
Epoch 14: loss = 682.1770629882812
Epoch 0: loss = -24027.400390625
Epoch 1: loss = -24029.40234375
Epoch 2: loss = -24029.478515625
Epoch 3: loss = -24029.482421875
Epoch 4: loss = -24029.486328125
Epoch 5: loss = -24029.48828125
Epoch 6: loss = -24029.48828125
Epoch 7: loss = -24029.48828125
Epoch 8: loss = -24029.490234375
Epoch 9: loss = -24029.4921875
Epoch 10: loss = -24029.4921875
Epoch 11: loss = -24029.4921875
Epoch 12: loss = -24029.494140625
Epoch 13: loss = -24029.494140625
Epoch 14: loss = -24029.494140625
Epoch 15: loss = -24029.494140625
Epoch 16: loss = -24029.494140625
Epoch 17: loss = -24029.494140625
Early stopping at epoch 17 with loss -24029.494140625
Reconstruction for fluence = 6158.482110660255 photons/pixel
Epoch 0: loss = 675414272.0
Epoch 1: loss = 769980.4375
Epoch 2: loss = 110618.8046875
Epoch 3: loss = 32612.90234375
Epoch 4: loss = 13648.0205078125
Epoch 5: loss = 6997.85693359375
Epoch 6: loss = 4507.8583984375
Epoch 7: loss = 3382.41748046875
Epoch 8: loss = 2723.907470703125
Epoch 9: loss = 2282.791259765625
Epoch 10: loss = 2007.6822509765625
Epoch 11: loss = 1829.6575927734375
Epoch 12: loss = 1733.2022705078125
Epoch 13: loss = 1660.9661865234375
Epoch 14: loss = 1607.1353759765625
Epoch 0: loss = -61352.27734375
Epoch 1: loss = -61355.0546875
Epoch 2: loss = -61355.0703125
Epoch 3: loss = -61355.08203125
Epoch 4: loss = -61355.09765625
Epoch 5: loss = -61355.11328125
Epoch 6: loss = -61355.11328125
Epoch 7: loss = -61355.1171875
Epoch 8: loss = -61355.125
Epoch 9: loss = -61355.125
Epoch 10: loss = -61355.125
Epoch 11: loss = -61355.125
Epoch 12: loss = -61355.1328125
Epoch 13: loss = -61355.1328125
Epoch 14: loss = -61355.140625
Epoch 15: loss = -61355.140625
Epoch 16: loss = -61355.140625
Epoch 17: loss = -61355.140625
Epoch 18: loss = -61355.140625
Epoch 19: loss = -61355.140625
Early stopping at epoch 19 with loss -61355.140625
Reconstruction for fluence = 14384.498882876629 photons/pixel
Epoch 0: loss = 3686097920.0
Epoch 1: loss = 4183155.5
Epoch 2: loss = 633042.25
Epoch 3: loss = 180260.625
Epoch 4: loss = 72213.3046875
Epoch 5: loss = 33578.49609375
Epoch 6: loss = 22105.025390625
Epoch 7: loss = 13765.908203125
Epoch 8: loss = 9961.8818359375
Epoch 9: loss = 7623.22900390625
Epoch 10: loss = 6182.65966796875
Epoch 11: loss = 5346.00244140625
Epoch 12: loss = 4860.5
Epoch 13: loss = 4508.56689453125
Epoch 14: loss = 4259.77783203125
Epoch 0: loss = -155483.171875
Epoch 1: loss = -155487.375
Epoch 2: loss = -155487.421875
Epoch 3: loss = -155487.421875
Epoch 4: loss = -155487.453125
Epoch 5: loss = -155487.453125
Epoch 6: loss = -155487.453125
Epoch 7: loss = -155487.453125
Epoch 8: loss = -155487.453125
Epoch 9: loss = -155487.46875
Epoch 10: loss = -155487.46875
Epoch 11: loss = -155487.46875
Epoch 12: loss = -155487.46875
Epoch 13: loss = -155487.46875
Epoch 14: loss = -155487.46875
Early stopping at epoch 14 with loss -155487.46875
Reconstruction for fluence = 33598.18286283781 photons/pixel
Epoch 0: loss = 20110555136.0
Epoch 1: loss = 22847848.0
Epoch 2: loss = 3255465.0
Epoch 3: loss = 960650.4375
Epoch 4: loss = 366152.1875
Epoch 5: loss = 163011.875
Epoch 6: loss = 101178.90625
Epoch 7: loss = 62236.3203125
Epoch 8: loss = 42109.66015625
Epoch 9: loss = 29308.857421875
Epoch 10: loss = 21535.56640625
Epoch 11: loss = 17085.03125
Epoch 12: loss = 14483.9267578125
Epoch 13: loss = 12679.9013671875
Epoch 14: loss = 11300.5986328125
Epoch 0: loss = -391652.9375
Epoch 1: loss = -391660.34375
Epoch 2: loss = -391660.375
Epoch 3: loss = -391660.40625
Epoch 4: loss = -391660.4375
Epoch 5: loss = -391660.4375
Epoch 6: loss = -391660.4375
Epoch 7: loss = -391660.46875
Epoch 8: loss = -391660.46875
Epoch 9: loss = -391660.46875
Epoch 10: loss = -391660.5
Epoch 11: loss = -391660.5
Epoch 12: loss = -391660.5
Epoch 13: loss = -391660.5
Epoch 14: loss = -391660.5
Epoch 15: loss = -391660.5
Early stopping at epoch 15 with loss -391660.5
Reconstruction for fluence = 78475.99703514607 photons/pixel
Epoch 0: loss = 109701324800.0
Epoch 1: loss = 124692936.0
Epoch 2: loss = 17791110.0
Epoch 3: loss = 5235814.5
Epoch 4: loss = 2046430.25
Epoch 5: loss = 913315.0
Epoch 6: loss = 539278.3125
Epoch 7: loss = 312347.65625
Epoch 8: loss = 202582.859375
Epoch 9: loss = 134000.46875
Epoch 10: loss = 93064.71875
Epoch 11: loss = 69547.234375
Epoch 12: loss = 55757.30078125
Epoch 13: loss = 46163.11328125
Epoch 14: loss = 38386.32421875
Epoch 0: loss = -981432.0
Epoch 1: loss = -981446.3125
Epoch 2: loss = -981446.4375
Epoch 3: loss = -981446.4375
Epoch 4: loss = -981446.5625
Epoch 5: loss = -981446.5625
Epoch 6: loss = -981446.5625
Epoch 7: loss = -981446.6875
Epoch 8: loss = -981446.6875
Epoch 9: loss = -981446.6875
Epoch 10: loss = -981446.6875
Epoch 11: loss = -981446.6875
Epoch 12: loss = -981446.6875
Early stopping at epoch 12 with loss -981446.6875
Reconstruction for fluence = 183298.07108324335 photons/pixel
Epoch 0: loss = 598505029632.0
Epoch 1: loss = 679110976.0
Epoch 2: loss = 95773568.0
Epoch 3: loss = 27223784.0
Epoch 4: loss = 10596985.0
Epoch 5: loss = 4782963.5
Epoch 6: loss = 2620859.5
Epoch 7: loss = 1570177.375
Epoch 8: loss = 984234.4375
Epoch 9: loss = 650114.25
Epoch 10: loss = 472580.34375
Epoch 11: loss = 323570.5625
Epoch 12: loss = 244824.953125
Epoch 13: loss = 188427.890625
Epoch 14: loss = 147389.984375
Epoch 0: loss = -2447862.25
Epoch 1: loss = -2447893.75
Epoch 2: loss = -2447894.0
Epoch 3: loss = -2447894.5
Epoch 4: loss = -2447894.75
Epoch 5: loss = -2447894.75
Epoch 6: loss = -2447894.75
Epoch 7: loss = -2447894.75
Epoch 8: loss = -2447894.75
Epoch 9: loss = -2447894.75
Early stopping at epoch 9 with loss -2447894.75
Reconstruction for fluence = 428133.2398719387 photons/pixel
Epoch 0: loss = 3265056473088.0
Epoch 1: loss = 3709231616.0
Epoch 2: loss = 546480896.0
Epoch 3: loss = 159830752.0
Epoch 4: loss = 58421364.0
Epoch 5: loss = 25262984.0
Epoch 6: loss = 15168452.0
Epoch 7: loss = 8702103.0
Epoch 8: loss = 5469663.5
Epoch 9: loss = 3405639.25
Epoch 10: loss = 2248990.5
Epoch 11: loss = 1561396.125
Epoch 12: loss = 1198389.0
Epoch 13: loss = 899064.5
Epoch 14: loss = 671699.5625
Epoch 0: loss = -6080800.5
Epoch 1: loss = -6080870.5
Epoch 2: loss = -6080872.0
Epoch 3: loss = -6080872.0
Epoch 4: loss = -6080873.0
Epoch 5: loss = -6080873.0
Epoch 6: loss = -6080874.0
Epoch 7: loss = -6080874.0
Epoch 8: loss = -6080874.0
Epoch 9: loss = -6080874.0
Epoch 10: loss = -6080874.0
Epoch 11: loss = -6080874.0
Early stopping at epoch 11 with loss -6080874.0
Reconstruction for fluence = 1000000.0 photons/pixel
Epoch 0: loss = 17813186019328.0
Epoch 1: loss = 20232108032.0
Epoch 2: loss = 3058659840.0
Epoch 3: loss = 825686656.0
Epoch 4: loss = 323770496.0
Epoch 5: loss = 144623936.0
Epoch 6: loss = 81555176.0
Epoch 7: loss = 50580264.0
Epoch 8: loss = 31392782.0
Epoch 9: loss = 19613584.0
Epoch 10: loss = 12671308.0
Epoch 11: loss = 8611567.0
Epoch 12: loss = 6326915.5
Epoch 13: loss = 4689491.5
Epoch 14: loss = 3388407.5
Epoch 0: loss = -15051108.0
Epoch 1: loss = -15051275.0
Epoch 2: loss = -15051280.0
Epoch 3: loss = -15051280.0
Epoch 4: loss = -15051282.0
Epoch 5: loss = -15051282.0
Epoch 6: loss = -15051284.0
Epoch 7: loss = -15051284.0
Epoch 8: loss = -15051284.0
Epoch 9: loss = -15051284.0
Epoch 10: loss = -15051284.0
Epoch 11: loss = -15051284.0
Early stopping at epoch 11 with loss -15051284.0
Simulation for steps_size=23 and n_fluences=20 completed!
