Running simulation for steps_size=19 and n_fluences=20
Steps size: 19
Tensors initialization on device cuda
Multiprobe = None

('MSE', None) RECONSTRUCTIONS

Reconstruction for fluence = 0.09999999999999999 photons/pixel
Epoch 0: loss = 0.08860290050506592
Epoch 1: loss = 0.04177296161651611
Epoch 2: loss = 0.041116274893283844
Epoch 3: loss = 0.04098864272236824
Epoch 4: loss = 0.04092482849955559
Epoch 5: loss = 0.04089667648077011
Epoch 6: loss = 0.04084622114896774
Epoch 7: loss = 0.04083266854286194
Epoch 8: loss = 0.040830906480550766
Epoch 9: loss = 0.040830861777067184
Epoch 10: loss = 0.040830861777067184
Epoch 11: loss = 0.040830861777067184
Early stopping at epoch 11 with loss 0.04084622114896774
Reconstruction for fluence = 0.23357214690901223 photons/pixel
Epoch 0: loss = 0.3035661578178406
Epoch 1: loss = 0.09366883337497711
Epoch 2: loss = 0.09279561042785645
Epoch 3: loss = 0.09261704236268997
Epoch 4: loss = 0.09254071116447449
Epoch 5: loss = 0.09248340874910355
Epoch 6: loss = 0.09243513643741608
Epoch 7: loss = 0.09242099523544312
Epoch 8: loss = 0.09241409599781036
Epoch 9: loss = 0.09236282110214233
Epoch 10: loss = 0.0923316478729248
Epoch 11: loss = 0.09232763200998306
Epoch 12: loss = 0.09232679009437561
Epoch 13: loss = 0.09232679009437561
Epoch 14: loss = 0.09232679009437561
Early stopping at epoch 14 with loss 0.09236282110214233
Reconstruction for fluence = 0.5455594781168519 photons/pixel
Epoch 0: loss = 1.2530878782272339
Epoch 1: loss = 0.20386050641536713
Epoch 2: loss = 0.2015579491853714
Epoch 3: loss = 0.20134621858596802
Epoch 4: loss = 0.20128300786018372
Epoch 5: loss = 0.201280415058136
Epoch 6: loss = 0.20128031075000763
Epoch 7: loss = 0.20128029584884644
Epoch 8: loss = 0.20128026604652405
Early stopping at epoch 8 with loss 0.20134621858596802
Reconstruction for fluence = 1.2742749857031335 photons/pixel
Epoch 0: loss = 5.908873558044434
Epoch 1: loss = 0.5189627408981323
Epoch 2: loss = 0.5076925754547119
Epoch 3: loss = 0.5068883299827576
Epoch 4: loss = 0.5068092942237854
Epoch 5: loss = 0.5068027377128601
Epoch 6: loss = 0.5068023204803467
Epoch 7: loss = 0.5068023204803467
Epoch 8: loss = 0.5068023204803467
Early stopping at epoch 8 with loss 0.5068883299827576
Reconstruction for fluence = 2.976351441631318 photons/pixel
Epoch 0: loss = 29.847854614257812
Epoch 1: loss = 1.1647063493728638
Epoch 2: loss = 1.1206729412078857
Epoch 3: loss = 1.1168409585952759
Epoch 4: loss = 1.116528868675232
Epoch 5: loss = 1.1165003776550293
Epoch 6: loss = 1.116499662399292
Epoch 7: loss = 1.1164991855621338
Epoch 8: loss = 1.1164979934692383
Epoch 9: loss = 1.1164977550506592
Early stopping at epoch 9 with loss 1.116528868675232
Reconstruction for fluence = 6.9519279617756045 photons/pixel
Epoch 0: loss = 158.46682739257812
Epoch 1: loss = 2.7772624492645264
Epoch 2: loss = 2.6115615367889404
Epoch 3: loss = 2.5963940620422363
Epoch 4: loss = 2.594801902770996
Epoch 5: loss = 2.594593048095703
Epoch 6: loss = 2.59456467628479
Epoch 7: loss = 2.59456205368042
Epoch 8: loss = 2.59455943107605
Epoch 9: loss = 2.5945587158203125
Epoch 10: loss = 2.594557523727417
Early stopping at epoch 10 with loss 2.594593048095703
Reconstruction for fluence = 16.23776739188721 photons/pixel
Epoch 0: loss = 855.8057861328125
Epoch 1: loss = 6.716346740722656
Epoch 2: loss = 5.862250328063965
Epoch 3: loss = 5.78163480758667
Epoch 4: loss = 5.773015022277832
Epoch 5: loss = 5.771682262420654
Epoch 6: loss = 5.771458148956299
Epoch 7: loss = 5.771388053894043
Epoch 8: loss = 5.771354675292969
Epoch 9: loss = 5.771349906921387
Epoch 10: loss = 5.771347999572754
Epoch 11: loss = 5.7713470458984375
Epoch 12: loss = 5.771346092224121
Epoch 13: loss = 5.77134370803833
Early stopping at epoch 13 with loss 5.771354675292969
Reconstruction for fluence = 37.926901907322495 photons/pixel
Epoch 0: loss = 4633.70556640625
Epoch 1: loss = 17.51313018798828
Epoch 2: loss = 13.914567947387695
Epoch 3: loss = 13.481282234191895
Epoch 4: loss = 13.429244041442871
Epoch 5: loss = 13.419548034667969
Epoch 6: loss = 13.417285919189453
Epoch 7: loss = 13.416604995727539
Epoch 8: loss = 13.416316986083984
Epoch 9: loss = 13.416207313537598
Epoch 10: loss = 13.41617202758789
Epoch 11: loss = 13.416156768798828
Epoch 12: loss = 13.416156768798828
Epoch 13: loss = 13.416152000427246
Epoch 14: loss = 13.416149139404297
Early stopping at epoch 14 with loss 13.416207313537598
Reconstruction for fluence = 88.58667904100822 photons/pixel
Epoch 0: loss = 25186.2421875
Epoch 1: loss = 49.90339279174805
Epoch 2: loss = 32.083221435546875
Epoch 3: loss = 30.065542221069336
Epoch 4: loss = 29.80812644958496
Epoch 5: loss = 29.755090713500977
Epoch 6: loss = 29.741186141967773
Epoch 7: loss = 29.736621856689453
Epoch 8: loss = 29.734060287475586
Epoch 9: loss = 29.732952117919922
Epoch 10: loss = 29.732467651367188
Epoch 11: loss = 29.732311248779297
Epoch 12: loss = 29.732250213623047
Epoch 13: loss = 29.732223510742188
Epoch 14: loss = 29.73221206665039
Epoch 15: loss = 29.732181549072266
Epoch 16: loss = 29.732154846191406
Epoch 17: loss = 29.73215103149414
Epoch 18: loss = 29.732141494750977
Epoch 19: loss = 29.73212432861328
Epoch 20: loss = 29.732120513916016
Early stopping at epoch 20 with loss 29.732181549072266
Reconstruction for fluence = 206.9138081114788 photons/pixel
Epoch 0: loss = 137218.390625
Epoch 1: loss = 169.96095275878906
Epoch 2: loss = 81.020751953125
Epoch 3: loss = 72.82550048828125
Epoch 4: loss = 71.80000305175781
Epoch 5: loss = 71.5433349609375
Epoch 6: loss = 71.46833801269531
Epoch 7: loss = 71.43843078613281
Epoch 8: loss = 71.4212875366211
Epoch 9: loss = 71.4132308959961
Epoch 10: loss = 71.40910339355469
Epoch 11: loss = 71.4072265625
Epoch 12: loss = 71.40631103515625
Epoch 13: loss = 71.40565490722656
Epoch 14: loss = 71.40553283691406
Epoch 15: loss = 71.40533447265625
Epoch 16: loss = 71.40510559082031
Epoch 17: loss = 71.40501403808594
Epoch 18: loss = 71.40499114990234
Epoch 19: loss = 71.40494537353516
Epoch 20: loss = 71.40476989746094
Epoch 21: loss = 71.40470886230469
Epoch 22: loss = 71.40458679199219
Epoch 23: loss = 71.40449523925781
Epoch 24: loss = 71.40449523925781
Epoch 25: loss = 71.40444946289062
Epoch 26: loss = 71.40443420410156
Epoch 27: loss = 71.40437316894531
Epoch 28: loss = 71.40434265136719
Epoch 29: loss = 71.40431213378906
Epoch 30: loss = 71.404296875
Epoch 31: loss = 71.404296875
Epoch 32: loss = 71.40428161621094
Epoch 33: loss = 71.40428161621094
Early stopping at epoch 33 with loss 71.40434265136719
Reconstruction for fluence = 483.2930238571752 photons/pixel
Epoch 0: loss = 748151.875
Epoch 1: loss = 690.6781005859375
Epoch 2: loss = 227.08853149414062
Epoch 3: loss = 179.19281005859375
Epoch 4: loss = 173.66307067871094
Epoch 5: loss = 172.30502319335938
Epoch 6: loss = 171.91397094726562
Epoch 7: loss = 171.7613983154297
Epoch 8: loss = 171.66786193847656
Epoch 9: loss = 171.6287841796875
Epoch 10: loss = 171.6013641357422
Epoch 11: loss = 171.5900421142578
Epoch 12: loss = 171.58460998535156
Epoch 13: loss = 171.580810546875
Epoch 14: loss = 171.5784149169922
Epoch 15: loss = 171.57733154296875
Epoch 16: loss = 171.57640075683594
Epoch 17: loss = 171.57630920410156
Epoch 18: loss = 171.57583618164062
Epoch 19: loss = 171.5757598876953
Epoch 20: loss = 171.57557678222656
Epoch 21: loss = 171.5755615234375
Epoch 22: loss = 171.57550048828125
Epoch 23: loss = 171.57553100585938
Epoch 24: loss = 171.5753936767578
Epoch 25: loss = 171.57540893554688
Epoch 26: loss = 171.57534790039062
Epoch 27: loss = 171.57534790039062
Epoch 28: loss = 171.57525634765625
Epoch 29: loss = 171.57525634765625
Epoch 30: loss = 171.57525634765625
Epoch 31: loss = 171.57525634765625
Epoch 32: loss = 171.57521057128906
Epoch 33: loss = 171.57513427734375
Epoch 34: loss = 171.5751953125
Epoch 35: loss = 171.57513427734375
Epoch 36: loss = 171.57510375976562
Epoch 37: loss = 171.5751190185547
Epoch 38: loss = 171.5750732421875
Early stopping at epoch 38 with loss 171.57513427734375
Reconstruction for fluence = 1128.8378916846884 photons/pixel
Epoch 0: loss = 4082489.5
Epoch 1: loss = 3173.4970703125
Epoch 2: loss = 653.34912109375
Epoch 3: loss = 413.8791198730469
Epoch 4: loss = 383.64862060546875
Epoch 5: loss = 376.10595703125
Epoch 6: loss = 373.826904296875
Epoch 7: loss = 372.90155029296875
Epoch 8: loss = 372.39813232421875
Epoch 9: loss = 372.1426086425781
Epoch 10: loss = 371.97918701171875
Epoch 11: loss = 371.90692138671875
Epoch 12: loss = 371.8661193847656
Epoch 13: loss = 371.8384094238281
Epoch 14: loss = 371.81793212890625
Epoch 15: loss = 371.8052978515625
Epoch 16: loss = 371.7973327636719
Epoch 17: loss = 371.796142578125
Epoch 18: loss = 371.79241943359375
Epoch 19: loss = 371.791259765625
Epoch 20: loss = 371.7908935546875
Epoch 21: loss = 371.78948974609375
Epoch 22: loss = 371.7890930175781
Epoch 23: loss = 371.7886962890625
Epoch 24: loss = 371.78839111328125
Epoch 25: loss = 371.78802490234375
Epoch 26: loss = 371.787841796875
Epoch 27: loss = 371.7867431640625
Epoch 28: loss = 371.78662109375
Epoch 29: loss = 371.78662109375
Epoch 30: loss = 371.786376953125
Epoch 31: loss = 371.7860107421875
Epoch 32: loss = 371.78594970703125
Epoch 33: loss = 371.7856140136719
Epoch 34: loss = 371.7854919433594
Epoch 35: loss = 371.78558349609375
Epoch 36: loss = 371.78558349609375
Epoch 37: loss = 371.78533935546875
Epoch 38: loss = 371.78546142578125
Epoch 39: loss = 371.78546142578125
Epoch 40: loss = 371.78546142578125
Epoch 41: loss = 371.78533935546875
Epoch 42: loss = 371.78533935546875
Early stopping at epoch 42 with loss 371.78533935546875
Reconstruction for fluence = 2636.6508987303555 photons/pixel
Epoch 0: loss = 22273594.0
Epoch 1: loss = 15963.802734375
Epoch 2: loss = 2433.27978515625
Epoch 3: loss = 1132.7784423828125
Epoch 4: loss = 980.23388671875
Epoch 5: loss = 942.9597778320312
Epoch 6: loss = 931.9581298828125
Epoch 7: loss = 927.069091796875
Epoch 8: loss = 924.0277099609375
Epoch 9: loss = 922.3468627929688
Epoch 10: loss = 921.42724609375
Epoch 11: loss = 920.9613647460938
Epoch 12: loss = 920.690185546875
Epoch 13: loss = 920.5074462890625
Epoch 14: loss = 920.3902587890625
Epoch 15: loss = 920.312744140625
Epoch 16: loss = 920.2679443359375
Epoch 17: loss = 920.2423095703125
Epoch 18: loss = 920.2210693359375
Epoch 19: loss = 920.208984375
Epoch 20: loss = 920.2060546875
Epoch 21: loss = 920.20263671875
Epoch 22: loss = 920.198974609375
Epoch 23: loss = 920.1917114257812
Epoch 24: loss = 920.1907958984375
Epoch 25: loss = 920.1864013671875
Epoch 26: loss = 920.1834106445312
Epoch 27: loss = 920.1797485351562
Epoch 28: loss = 920.1797485351562
Epoch 29: loss = 920.1787719726562
Epoch 30: loss = 920.1766357421875
Epoch 31: loss = 920.1738891601562
Epoch 32: loss = 920.1738891601562
Epoch 33: loss = 920.1732177734375
Epoch 34: loss = 920.1734008789062
Epoch 35: loss = 920.1715087890625
Epoch 36: loss = 920.1705322265625
Epoch 37: loss = 920.1707153320312
Epoch 38: loss = 920.169921875
Epoch 39: loss = 920.1685791015625
Epoch 40: loss = 920.1680297851562
Epoch 41: loss = 920.1668701171875
Epoch 42: loss = 920.1651611328125
Epoch 43: loss = 920.1644287109375
Epoch 44: loss = 920.1639404296875
Epoch 45: loss = 920.1639404296875
Epoch 46: loss = 920.1624755859375
Epoch 47: loss = 920.1624755859375
Epoch 48: loss = 920.1617431640625
Epoch 49: loss = 920.16162109375
Epoch 50: loss = 920.1607055664062
Epoch 51: loss = 920.1598510742188
Epoch 52: loss = 920.159423828125
Epoch 53: loss = 920.1588134765625
Epoch 54: loss = 920.1588134765625
Epoch 55: loss = 920.157470703125
Epoch 56: loss = 920.1563720703125
Epoch 57: loss = 920.1563720703125
Epoch 58: loss = 920.15478515625
Epoch 59: loss = 920.154541015625
Epoch 60: loss = 920.153076171875
Epoch 61: loss = 920.1507568359375
Epoch 62: loss = 920.147705078125
Epoch 63: loss = 920.1474609375
Epoch 64: loss = 920.1466064453125
Epoch 65: loss = 920.1439208984375
Epoch 66: loss = 920.1426391601562
Epoch 67: loss = 920.1421508789062
Epoch 68: loss = 920.1421508789062
Epoch 69: loss = 920.1414794921875
Epoch 70: loss = 920.1410522460938
Epoch 71: loss = 920.1410522460938
Epoch 72: loss = 920.1405029296875
Epoch 73: loss = 920.1405029296875
Epoch 74: loss = 920.1395874023438
Epoch 75: loss = 920.13916015625
Epoch 76: loss = 920.13916015625
Epoch 77: loss = 920.1387939453125
Epoch 78: loss = 920.1385498046875
Epoch 79: loss = 920.1377563476562
Epoch 80: loss = 920.137939453125
Epoch 81: loss = 920.13720703125
Epoch 82: loss = 920.1370849609375
Epoch 83: loss = 920.136474609375
Epoch 84: loss = 920.1364135742188
Epoch 85: loss = 920.1356201171875
Epoch 86: loss = 920.13671875
Epoch 87: loss = 920.1361694335938
Epoch 88: loss = 920.135498046875
Epoch 89: loss = 920.1363525390625
Epoch 90: loss = 920.1356201171875
Early stopping at epoch 90 with loss 920.1356201171875
Reconstruction for fluence = 6158.482110660255 photons/pixel
Epoch 0: loss = 121528256.0
Epoch 1: loss = 83663.3671875
Epoch 2: loss = 9818.642578125
Epoch 3: loss = 3069.02001953125
Epoch 4: loss = 2289.54052734375
Epoch 5: loss = 2108.01708984375
Epoch 6: loss = 2051.463623046875
Epoch 7: loss = 2027.6041259765625
Epoch 8: loss = 2013.1768798828125
Epoch 9: loss = 2005.2781982421875
Epoch 10: loss = 2000.617431640625
Epoch 11: loss = 1998.2354736328125
Epoch 12: loss = 1996.972412109375
Epoch 13: loss = 1996.092529296875
Epoch 14: loss = 1995.539306640625
Epoch 15: loss = 1995.174560546875
Epoch 16: loss = 1994.94140625
Epoch 17: loss = 1994.802001953125
Epoch 18: loss = 1994.70361328125
Epoch 19: loss = 1994.6258544921875
Epoch 20: loss = 1994.5712890625
Epoch 21: loss = 1994.54052734375
Epoch 22: loss = 1994.513671875
Epoch 23: loss = 1994.494140625
Epoch 24: loss = 1994.4765625
Epoch 25: loss = 1994.4765625
Epoch 26: loss = 1994.463623046875
Epoch 27: loss = 1994.463623046875
Epoch 28: loss = 1994.4547119140625
Epoch 29: loss = 1994.45361328125
Epoch 30: loss = 1994.445068359375
Epoch 31: loss = 1994.445068359375
Epoch 32: loss = 1994.445068359375
Epoch 33: loss = 1994.4443359375
Epoch 34: loss = 1994.44287109375
Epoch 35: loss = 1994.439453125
Epoch 36: loss = 1994.437744140625
Epoch 37: loss = 1994.437744140625
Epoch 38: loss = 1994.435546875
Epoch 39: loss = 1994.4345703125
Epoch 40: loss = 1994.43017578125
Epoch 41: loss = 1994.433349609375
Epoch 42: loss = 1994.430419921875
Epoch 43: loss = 1994.430419921875
Epoch 44: loss = 1994.4315185546875
Epoch 45: loss = 1994.430419921875
Early stopping at epoch 45 with loss 1994.43017578125
Reconstruction for fluence = 14384.498882876629 photons/pixel
Epoch 0: loss = 662882816.0
Epoch 1: loss = 449783.3125
Epoch 2: loss = 49095.19140625
Epoch 3: loss = 10638.111328125
Epoch 4: loss = 6391.58544921875
Epoch 5: loss = 5407.57763671875
Epoch 6: loss = 5090.814453125
Epoch 7: loss = 4946.16015625
Epoch 8: loss = 4854.99609375
Epoch 9: loss = 4807.96142578125
Epoch 10: loss = 4782.16650390625
Epoch 11: loss = 4769.15234375
Epoch 12: loss = 4761.478515625
Epoch 13: loss = 4756.96435546875
Epoch 14: loss = 4753.326171875
Epoch 15: loss = 4751.3017578125
Epoch 16: loss = 4750.08056640625
Epoch 17: loss = 4749.3525390625
Epoch 18: loss = 4748.7958984375
Epoch 19: loss = 4748.4130859375
Epoch 20: loss = 4748.119140625
Epoch 21: loss = 4747.9248046875
Epoch 22: loss = 4747.8349609375
Epoch 23: loss = 4747.7607421875
Epoch 24: loss = 4747.68017578125
Epoch 25: loss = 4747.62841796875
Epoch 26: loss = 4747.5751953125
Epoch 27: loss = 4747.572265625
Epoch 28: loss = 4747.544921875
Epoch 29: loss = 4747.54443359375
Epoch 30: loss = 4747.5419921875
Epoch 31: loss = 4747.5302734375
Epoch 32: loss = 4747.52197265625
Epoch 33: loss = 4747.5048828125
Epoch 34: loss = 4747.50830078125
Epoch 35: loss = 4747.50830078125
Epoch 36: loss = 4747.49755859375
Epoch 37: loss = 4747.5009765625
Epoch 38: loss = 4747.4931640625
Epoch 39: loss = 4747.4873046875
Epoch 40: loss = 4747.490234375
Epoch 41: loss = 4747.49755859375
Epoch 42: loss = 4747.49365234375
Epoch 43: loss = 4747.4951171875
Epoch 44: loss = 4747.49169921875
Early stopping at epoch 44 with loss 4747.4873046875
Reconstruction for fluence = 33598.18286283781 photons/pixel
Epoch 0: loss = 3616517632.0
Epoch 1: loss = 2441447.75
Epoch 2: loss = 243703.953125
Epoch 3: loss = 42841.3125
Epoch 4: loss = 20437.923828125
Epoch 5: loss = 15048.1357421875
Epoch 6: loss = 13381.65625
Epoch 7: loss = 12657.8525390625
Epoch 8: loss = 12178.46875
Epoch 9: loss = 11921.2490234375
Epoch 10: loss = 11779.8359375
Epoch 11: loss = 11701.7578125
Epoch 12: loss = 11656.560546875
Epoch 13: loss = 11629.9892578125
Epoch 14: loss = 11609.7421875
Epoch 15: loss = 11596.67578125
Epoch 16: loss = 11588.8115234375
Epoch 17: loss = 11584.5009765625
Epoch 18: loss = 11581.076171875
Epoch 19: loss = 11578.9189453125
Epoch 20: loss = 11577.2509765625
Epoch 21: loss = 11576.0859375
Epoch 22: loss = 11575.421875
Epoch 23: loss = 11574.951171875
Epoch 24: loss = 11574.599609375
Epoch 25: loss = 11574.318359375
Epoch 26: loss = 11574.158203125
Epoch 27: loss = 11574.0341796875
Epoch 28: loss = 11573.98046875
Epoch 29: loss = 11573.8876953125
Epoch 30: loss = 11573.833984375
Epoch 31: loss = 11573.8388671875
Epoch 32: loss = 11573.8076171875
Epoch 33: loss = 11573.7861328125
Epoch 34: loss = 11573.7890625
Epoch 35: loss = 11573.7998046875
Epoch 36: loss = 11573.75
Epoch 37: loss = 11573.734375
Epoch 38: loss = 11573.7734375
Epoch 39: loss = 11573.75
Epoch 40: loss = 11573.71875
Epoch 41: loss = 11573.7587890625
Epoch 42: loss = 11573.748046875
Epoch 43: loss = 11573.7333984375
Epoch 44: loss = 11573.7431640625
Epoch 45: loss = 11573.7578125
Early stopping at epoch 45 with loss 11573.71875
Reconstruction for fluence = 78475.99703514607 photons/pixel
Epoch 0: loss = 19730475008.0
Epoch 1: loss = 13284567.0
Epoch 2: loss = 1337268.25
Epoch 3: loss = 198937.34375
Epoch 4: loss = 75069.4140625
Epoch 5: loss = 45708.2890625
Epoch 6: loss = 36425.390625
Epoch 7: loss = 32313.81640625
Epoch 8: loss = 29811.5390625
Epoch 9: loss = 28454.55078125
Epoch 10: loss = 27717.546875
Epoch 11: loss = 27298.55859375
Epoch 12: loss = 27038.541015625
Epoch 13: loss = 26889.921875
Epoch 14: loss = 26795.30859375
Epoch 15: loss = 26733.65625
Epoch 16: loss = 26694.6015625
Epoch 17: loss = 26673.396484375
Epoch 18: loss = 26656.6015625
Epoch 19: loss = 26642.9375
Epoch 20: loss = 26633.107421875
Epoch 21: loss = 26626.69921875
Epoch 22: loss = 26622.93359375
Epoch 23: loss = 26619.75390625
Epoch 24: loss = 26617.55859375
Epoch 25: loss = 26616.009765625
Epoch 26: loss = 26615.73828125
Epoch 27: loss = 26614.74609375
Epoch 28: loss = 26614.5546875
Epoch 29: loss = 26614.013671875
Epoch 30: loss = 26613.591796875
Epoch 31: loss = 26613.314453125
Epoch 32: loss = 26613.17578125
Epoch 33: loss = 26612.98828125
Epoch 34: loss = 26613.033203125
Epoch 35: loss = 26612.91796875
Epoch 36: loss = 26612.82421875
Epoch 37: loss = 26612.849609375
Epoch 38: loss = 26612.677734375
Epoch 39: loss = 26612.712890625
Epoch 40: loss = 26612.6796875
Epoch 41: loss = 26612.689453125
Epoch 42: loss = 26612.6171875
Epoch 43: loss = 26612.54296875
Epoch 44: loss = 26612.69921875
Epoch 45: loss = 26612.59375
Epoch 46: loss = 26612.70703125
Epoch 47: loss = 26612.66796875
Epoch 48: loss = 26612.603515625
Early stopping at epoch 48 with loss 26612.54296875
Reconstruction for fluence = 183298.07108324335 photons/pixel
Epoch 0: loss = 107641536512.0
Epoch 1: loss = 72344688.0
Epoch 2: loss = 7195363.0
Epoch 3: loss = 1013215.0
Epoch 4: loss = 323475.75
Epoch 5: loss = 173219.1875
Epoch 6: loss = 115843.984375
Epoch 7: loss = 93993.71875
Epoch 8: loss = 79380.125
Epoch 9: loss = 71993.7890625
Epoch 10: loss = 67736.15625
Epoch 11: loss = 65544.9453125
Epoch 12: loss = 64380.6953125
Epoch 13: loss = 63580.8203125
Epoch 14: loss = 63003.953125
Epoch 15: loss = 62636.81640625
Epoch 16: loss = 62413.8671875
Epoch 17: loss = 62279.546875
Epoch 18: loss = 62175.296875
Epoch 19: loss = 62101.3515625
Epoch 20: loss = 62045.77734375
Epoch 21: loss = 62009.8828125
Epoch 22: loss = 61987.265625
Epoch 23: loss = 61971.109375
Epoch 24: loss = 61957.3984375
Epoch 25: loss = 61947.63671875
Epoch 26: loss = 61941.57421875
Epoch 27: loss = 61937.1875
Epoch 28: loss = 61933.8359375
Epoch 29: loss = 61931.57421875
Epoch 30: loss = 61930.2421875
Epoch 31: loss = 61929.5390625
Epoch 32: loss = 61928.4609375
Epoch 33: loss = 61928.328125
Epoch 34: loss = 61927.7421875
Epoch 35: loss = 61927.69921875
Epoch 36: loss = 61927.58203125
Epoch 37: loss = 61927.28125
Epoch 38: loss = 61926.89453125
Epoch 39: loss = 61927.49609375
Epoch 40: loss = 61926.9140625
Epoch 41: loss = 61926.9609375
Epoch 42: loss = 61926.7734375
Epoch 43: loss = 61926.60546875
Epoch 44: loss = 61926.40234375
Epoch 45: loss = 61926.65234375
Epoch 46: loss = 61926.578125
Epoch 47: loss = 61926.6015625
Epoch 48: loss = 61926.6875
Epoch 49: loss = 61926.6953125
Early stopping at epoch 49 with loss 61926.40234375
Reconstruction for fluence = 428133.2398719387 photons/pixel
Epoch 0: loss = 587247124480.0
Epoch 1: loss = 394333376.0
Epoch 2: loss = 39029092.0
Epoch 3: loss = 5263776.5
Epoch 4: loss = 1582711.75
Epoch 5: loss = 686810.375
Epoch 6: loss = 420521.875
Epoch 7: loss = 311858.0625
Epoch 8: loss = 238237.875
Epoch 9: loss = 199807.3125
Epoch 10: loss = 177909.59375
Epoch 11: loss = 167259.390625
Epoch 12: loss = 160602.734375
Epoch 13: loss = 156517.265625
Epoch 14: loss = 153845.421875
Epoch 15: loss = 152094.53125
Epoch 16: loss = 151006.421875
Epoch 17: loss = 150400.15625
Epoch 18: loss = 149895.25
Epoch 19: loss = 149524.015625
Epoch 20: loss = 149258.421875
Epoch 21: loss = 149087.15625
Epoch 22: loss = 148981.34375
Epoch 23: loss = 148899.84375
Epoch 24: loss = 148841.625
Epoch 25: loss = 148802.96875
Epoch 26: loss = 148787.75
Epoch 27: loss = 148766.125
Epoch 28: loss = 148752.96875
Epoch 29: loss = 148745.84375
Epoch 30: loss = 148736.078125
Epoch 31: loss = 148727.78125
Epoch 32: loss = 148723.03125
Epoch 33: loss = 148720.65625
Epoch 34: loss = 148718.375
Epoch 35: loss = 148717.34375
Epoch 36: loss = 148716.28125
Epoch 37: loss = 148712.71875
Epoch 38: loss = 148712.359375
Epoch 39: loss = 148711.5
Epoch 40: loss = 148711.34375
Epoch 41: loss = 148711.4375
Epoch 42: loss = 148710.578125
Epoch 43: loss = 148710.53125
Epoch 44: loss = 148709.78125
Epoch 45: loss = 148710.125
Epoch 46: loss = 148709.75
Epoch 47: loss = 148709.34375
Epoch 48: loss = 148709.78125
Epoch 49: loss = 148709.78125
Epoch 50: loss = 148711.25
Epoch 51: loss = 148709.921875
Epoch 52: loss = 148710.40625
Early stopping at epoch 52 with loss 148709.34375
Reconstruction for fluence = 1000000.0 photons/pixel
Epoch 0: loss = 3203727360000.0
Epoch 1: loss = 2151124224.0
Epoch 2: loss = 211346048.0
Epoch 3: loss = 29605632.0
Epoch 4: loss = 8162807.0
Epoch 5: loss = 3296781.5
Epoch 6: loss = 1864442.0
Epoch 7: loss = 1193729.25
Epoch 8: loss = 795063.375
Epoch 9: loss = 597594.5
Epoch 10: loss = 486531.25
Epoch 11: loss = 426564.875
Epoch 12: loss = 396703.40625
Epoch 13: loss = 377054.875
Epoch 14: loss = 363081.4375
Epoch 15: loss = 353629.6875
Epoch 16: loss = 347479.59375
Epoch 17: loss = 344171.34375
Epoch 18: loss = 341572.25
Epoch 19: loss = 339614.6875
Epoch 20: loss = 338121.0
Epoch 21: loss = 337174.9375
Epoch 22: loss = 336572.5
Epoch 23: loss = 336177.84375
Epoch 24: loss = 335864.6875
Epoch 25: loss = 335653.40625
Epoch 26: loss = 335502.65625
Epoch 27: loss = 335407.5625
Epoch 28: loss = 335348.625
Epoch 29: loss = 335290.90625
Epoch 30: loss = 335251.3125
Epoch 31: loss = 335218.875
Epoch 32: loss = 335202.3125
Epoch 33: loss = 335187.15625
Epoch 34: loss = 335173.25
Epoch 35: loss = 335168.03125
Epoch 36: loss = 335161.59375
Epoch 37: loss = 335162.75
Epoch 38: loss = 335156.625
Epoch 39: loss = 335154.8125
Epoch 40: loss = 335153.5625
Epoch 41: loss = 335154.34375
Epoch 42: loss = 335152.125
Epoch 43: loss = 335154.25
Epoch 44: loss = 335150.3125
Epoch 45: loss = 335145.125
Epoch 46: loss = 335146.40625
Epoch 47: loss = 335148.1875
Epoch 48: loss = 335146.03125
Epoch 49: loss = 335146.40625
Epoch 50: loss = 335149.0
Early stopping at epoch 50 with loss 335145.125
Tensors initialization on device cuda
Multiprobe = None

('MSE', 'PoissonNLL') RECONSTRUCTIONS

Reconstruction for fluence = 0.09999999999999999 photons/pixel
Epoch 0: loss = 0.08938862383365631
Epoch 1: loss = 0.042388949543237686
Epoch 2: loss = 0.04176344722509384
Epoch 3: loss = 0.04152289777994156
Epoch 4: loss = 0.041421275585889816
Epoch 5: loss = 0.04138939827680588
Epoch 6: loss = 0.04133373126387596
Epoch 7: loss = 0.04132600873708725
Epoch 8: loss = 0.041318561881780624
Epoch 9: loss = 0.041304297745227814
Epoch 10: loss = 0.0412999652326107
Epoch 11: loss = 0.0412999652326107
Epoch 12: loss = 0.0412999652326107
Epoch 13: loss = 0.0412999652326107
Early stopping at epoch 13 with loss 0.041318561881780624
Epoch 0: loss = 0.11385823786258698
Epoch 1: loss = 0.0928347036242485
Epoch 2: loss = 0.09261011332273483
Epoch 3: loss = 0.0925394669175148
Epoch 4: loss = 0.09250859916210175
Epoch 5: loss = 0.09250415116548538
Epoch 6: loss = 0.09250415116548538
Epoch 7: loss = 0.09250415116548538
Epoch 8: loss = 0.09250415116548538
Epoch 9: loss = 0.09250415116548538
Early stopping at epoch 9 with loss 0.09250859916210175
Reconstruction for fluence = 0.23357214690901223 photons/pixel
Epoch 0: loss = 0.3058108687400818
Epoch 1: loss = 0.09626922011375427
Epoch 2: loss = 0.09542880207300186
Epoch 3: loss = 0.09532257169485092
Epoch 4: loss = 0.09530377388000488
Epoch 5: loss = 0.09530197083950043
Epoch 6: loss = 0.09530190378427505
Epoch 7: loss = 0.09530182182788849
Epoch 8: loss = 0.0953017994761467
Early stopping at epoch 8 with loss 0.09532257169485092
Epoch 0: loss = 0.15299826860427856
Epoch 1: loss = 0.12184890359640121
Epoch 2: loss = 0.12172269821166992
Epoch 3: loss = 0.12170742452144623
Epoch 4: loss = 0.12170727550983429
Epoch 5: loss = 0.1217072531580925
Epoch 6: loss = 0.1217072457075119
Epoch 7: loss = 0.1217072382569313
Early stopping at epoch 7 with loss 0.12172269821166992
Reconstruction for fluence = 0.5455594781168519 photons/pixel
Epoch 0: loss = 1.2770531177520752
Epoch 1: loss = 0.2247292399406433
Epoch 2: loss = 0.2214374542236328
Epoch 3: loss = 0.22107872366905212
Epoch 4: loss = 0.22104021906852722
Epoch 5: loss = 0.22103869915008545
Epoch 6: loss = 0.22103866934776306
Epoch 7: loss = 0.22103863954544067
Epoch 8: loss = 0.2210385948419571
Early stopping at epoch 8 with loss 0.22107872366905212
Epoch 0: loss = 0.08983080089092255
Epoch 1: loss = 0.04088960587978363
Epoch 2: loss = 0.04068471118807793
Epoch 3: loss = 0.040662042796611786
Epoch 4: loss = 0.0406612865626812
Epoch 5: loss = 0.04066123813390732
Epoch 6: loss = 0.04066123813390732
Epoch 7: loss = 0.04066123813390732
Early stopping at epoch 7 with loss 0.04068471118807793
Reconstruction for fluence = 1.2742749857031335 photons/pixel
Epoch 0: loss = 5.928526878356934
Epoch 1: loss = 0.4840223491191864
Epoch 2: loss = 0.4746133089065552
Epoch 3: loss = 0.4739614725112915
Epoch 4: loss = 0.4739189147949219
Epoch 5: loss = 0.4739155173301697
Epoch 6: loss = 0.4739155173301697
Epoch 7: loss = 0.47391533851623535
Epoch 8: loss = 0.4739152789115906
Early stopping at epoch 8 with loss 0.4739614725112915
Epoch 0: loss = -0.43074455857276917
Epoch 1: loss = -0.5006447434425354
Epoch 2: loss = -0.5010489821434021
Epoch 3: loss = -0.501120924949646
Epoch 4: loss = -0.501166820526123
Epoch 5: loss = -0.5011835098266602
Epoch 6: loss = -0.5011836290359497
Epoch 7: loss = -0.5011836886405945
Epoch 8: loss = -0.5011836886405945
Epoch 9: loss = -0.5011836886405945
Early stopping at epoch 9 with loss -0.501166820526123
Reconstruction for fluence = 2.976351441631318 photons/pixel
Epoch 0: loss = 29.968881607055664
Epoch 1: loss = 1.1268540620803833
Epoch 2: loss = 1.0878905057907104
Epoch 3: loss = 1.084592580795288
Epoch 4: loss = 1.0841665267944336
Epoch 5: loss = 1.0841162204742432
Epoch 6: loss = 1.0841130018234253
Epoch 7: loss = 1.0841126441955566
Epoch 8: loss = 1.0841119289398193
Epoch 9: loss = 1.0841119289398193
Early stopping at epoch 9 with loss 1.0841665267944336
Epoch 0: loss = -2.475271463394165
Epoch 1: loss = -2.57938289642334
Epoch 2: loss = -2.5800323486328125
Epoch 3: loss = -2.580125331878662
Epoch 4: loss = -2.5801358222961426
Epoch 5: loss = -2.580136299133301
Epoch 6: loss = -2.580136299133301
Epoch 7: loss = -2.580136299133301
Epoch 8: loss = -2.580136299133301
Epoch 9: loss = -2.580136299133301
Early stopping at epoch 9 with loss -2.5801358222961426
Reconstruction for fluence = 6.9519279617756045 photons/pixel
Epoch 0: loss = 158.50022888183594
Epoch 1: loss = 2.7259180545806885
Epoch 2: loss = 2.5617642402648926
Epoch 3: loss = 2.5479109287261963
Epoch 4: loss = 2.5465688705444336
Epoch 5: loss = 2.5464181900024414
Epoch 6: loss = 2.5463757514953613
Epoch 7: loss = 2.5463662147521973
Epoch 8: loss = 2.5463650226593018
Epoch 9: loss = 2.5463643074035645
Epoch 10: loss = 2.5463643074035645
Early stopping at epoch 10 with loss 2.5464181900024414
Epoch 0: loss = -9.126386642456055
Epoch 1: loss = -9.28244686126709
Epoch 2: loss = -9.283336639404297
Epoch 3: loss = -9.28347396850586
Epoch 4: loss = -9.28365421295166
Epoch 5: loss = -9.28369140625
Epoch 6: loss = -9.283731460571289
Epoch 7: loss = -9.283747673034668
Epoch 8: loss = -9.28375244140625
Epoch 9: loss = -9.283754348754883
Early stopping at epoch 9 with loss -9.28365421295166
Reconstruction for fluence = 16.23776739188721 photons/pixel
Epoch 0: loss = 854.6175537109375
Epoch 1: loss = 6.847958087921143
Epoch 2: loss = 6.10239315032959
Epoch 3: loss = 6.037063121795654
Epoch 4: loss = 6.030244827270508
Epoch 5: loss = 6.028892517089844
Epoch 6: loss = 6.028627872467041
Epoch 7: loss = 6.028556823730469
Epoch 8: loss = 6.028532028198242
Epoch 9: loss = 6.028530120849609
Epoch 10: loss = 6.028525352478027
Epoch 11: loss = 6.028524398803711
Epoch 12: loss = 6.0285234451293945
Epoch 13: loss = 6.028521537780762
Epoch 14: loss = 6.0285210609436035
Epoch 0: loss = -29.106718063354492
Epoch 1: loss = -29.331501007080078
Epoch 2: loss = -29.33338165283203
Epoch 3: loss = -29.33368682861328
Epoch 4: loss = -29.33372688293457
Epoch 5: loss = -29.33380889892578
Epoch 6: loss = -29.33383560180664
Epoch 7: loss = -29.333839416503906
Epoch 8: loss = -29.33393096923828
Epoch 9: loss = -29.33393096923828
Epoch 10: loss = -29.333938598632812
Epoch 11: loss = -29.333938598632812
Epoch 12: loss = -29.333942413330078
Epoch 13: loss = -29.333942413330078
Early stopping at epoch 13 with loss -29.33393096923828
Reconstruction for fluence = 37.926901907322495 photons/pixel
Epoch 0: loss = 4633.66162109375
Epoch 1: loss = 17.545188903808594
Epoch 2: loss = 13.905902862548828
Epoch 3: loss = 13.513814926147461
Epoch 4: loss = 13.463903427124023
Epoch 5: loss = 13.454410552978516
Epoch 6: loss = 13.452214241027832
Epoch 7: loss = 13.451526641845703
Epoch 8: loss = 13.451263427734375
Epoch 9: loss = 13.451169967651367
Epoch 10: loss = 13.451147079467773
Epoch 11: loss = 13.451135635375977
Epoch 12: loss = 13.45113468170166
Epoch 13: loss = 13.451128005981445
Epoch 14: loss = 13.451122283935547
Epoch 0: loss = -86.30198669433594
Epoch 1: loss = -86.59819030761719
Epoch 2: loss = -86.60047149658203
Epoch 3: loss = -86.60102081298828
Epoch 4: loss = -86.60140991210938
Epoch 5: loss = -86.60142517089844
Epoch 6: loss = -86.6014404296875
Epoch 7: loss = -86.60147094726562
Epoch 8: loss = -86.60147857666016
Epoch 9: loss = -86.60147857666016
Early stopping at epoch 9 with loss -86.60140991210938
Reconstruction for fluence = 88.58667904100822 photons/pixel
Epoch 0: loss = 25188.046875
Epoch 1: loss = 50.653560638427734
Epoch 2: loss = 33.45787811279297
Epoch 3: loss = 31.71731185913086
Epoch 4: loss = 31.482316970825195
Epoch 5: loss = 31.432445526123047
Epoch 6: loss = 31.420337677001953
Epoch 7: loss = 31.416004180908203
Epoch 8: loss = 31.414199829101562
Epoch 9: loss = 31.41343116760254
Epoch 10: loss = 31.41312026977539
Epoch 11: loss = 31.413005828857422
Epoch 12: loss = 31.413005828857422
Epoch 13: loss = 31.4129638671875
Epoch 14: loss = 31.41295623779297
Epoch 0: loss = -244.2496337890625
Epoch 1: loss = -244.6591796875
Epoch 2: loss = -244.66354370117188
Epoch 3: loss = -244.66375732421875
Epoch 4: loss = -244.66378784179688
Epoch 5: loss = -244.66378784179688
Epoch 6: loss = -244.66529846191406
Epoch 7: loss = -244.66531372070312
Epoch 8: loss = -244.66531372070312
Epoch 9: loss = -244.66531372070312
Epoch 10: loss = -244.66531372070312
Epoch 11: loss = -244.66531372070312
Early stopping at epoch 11 with loss -244.66529846191406
Reconstruction for fluence = 206.9138081114788 photons/pixel
Epoch 0: loss = 137354.5625
Epoch 1: loss = 169.07168579101562
Epoch 2: loss = 80.37677001953125
Epoch 3: loss = 72.04026794433594
Epoch 4: loss = 70.93468475341797
Epoch 5: loss = 70.67063903808594
Epoch 6: loss = 70.59811401367188
Epoch 7: loss = 70.57150268554688
Epoch 8: loss = 70.55635070800781
Epoch 9: loss = 70.54882049560547
Epoch 10: loss = 70.54536437988281
Epoch 11: loss = 70.54359436035156
Epoch 12: loss = 70.54263305664062
Epoch 13: loss = 70.54243469238281
Epoch 14: loss = 70.54179382324219
Epoch 0: loss = -669.239013671875
Epoch 1: loss = -669.7559204101562
Epoch 2: loss = -669.761474609375
Epoch 3: loss = -669.7615966796875
Epoch 4: loss = -669.7617797851562
Epoch 5: loss = -669.7618408203125
Epoch 6: loss = -669.761962890625
Epoch 7: loss = -669.761962890625
Epoch 8: loss = -669.761962890625
Epoch 9: loss = -669.761962890625
Epoch 10: loss = -669.761962890625
Epoch 11: loss = -669.761962890625
Early stopping at epoch 11 with loss -669.761962890625
Reconstruction for fluence = 483.2930238571752 photons/pixel
Epoch 0: loss = 748468.25
Epoch 1: loss = 687.969482421875
Epoch 2: loss = 212.73077392578125
Epoch 3: loss = 169.224365234375
Epoch 4: loss = 163.4909210205078
Epoch 5: loss = 162.17636108398438
Epoch 6: loss = 161.76272583007812
Epoch 7: loss = 161.5996551513672
Epoch 8: loss = 161.51602172851562
Epoch 9: loss = 161.471435546875
Epoch 10: loss = 161.44886779785156
Epoch 11: loss = 161.4392547607422
Epoch 12: loss = 161.43450927734375
Epoch 13: loss = 161.43106079101562
Epoch 14: loss = 161.428955078125
Epoch 0: loss = -1795.00146484375
Epoch 1: loss = -1795.652099609375
Epoch 2: loss = -1795.6591796875
Epoch 3: loss = -1795.659423828125
Epoch 4: loss = -1795.659423828125
Epoch 5: loss = -1795.659423828125
Epoch 6: loss = -1795.659423828125
Epoch 7: loss = -1795.6595458984375
Epoch 8: loss = -1795.65966796875
Epoch 9: loss = -1795.6597900390625
Epoch 10: loss = -1795.6597900390625
Epoch 11: loss = -1795.659912109375
Epoch 12: loss = -1795.659912109375
Epoch 13: loss = -1795.659912109375
Epoch 14: loss = -1795.6600341796875
Epoch 15: loss = -1795.659912109375
Epoch 16: loss = -1795.6600341796875
Early stopping at epoch 16 with loss -1795.659912109375
Reconstruction for fluence = 1128.8378916846884 photons/pixel
Epoch 0: loss = 4083675.0
Epoch 1: loss = 3165.271240234375
Epoch 2: loss = 649.3824462890625
Epoch 3: loss = 404.6351318359375
Epoch 4: loss = 377.353759765625
Epoch 5: loss = 370.3197021484375
Epoch 6: loss = 368.26263427734375
Epoch 7: loss = 367.3412170410156
Epoch 8: loss = 366.8394775390625
Epoch 9: loss = 366.5667724609375
Epoch 10: loss = 366.39569091796875
Epoch 11: loss = 366.3134460449219
Epoch 12: loss = 366.2631530761719
Epoch 13: loss = 366.2339172363281
Epoch 14: loss = 366.2143249511719
Epoch 0: loss = -4731.4599609375
Epoch 1: loss = -4732.2666015625
Epoch 2: loss = -4732.26953125
Epoch 3: loss = -4732.26953125
Epoch 4: loss = -4732.26953125
Epoch 5: loss = -4732.27001953125
Epoch 6: loss = -4732.27001953125
Epoch 7: loss = -4732.27001953125
Epoch 8: loss = -4732.27099609375
Epoch 9: loss = -4732.2724609375
Epoch 10: loss = -4732.2724609375
Epoch 11: loss = -4732.27294921875
Epoch 12: loss = -4732.27294921875
Epoch 13: loss = -4732.27294921875
Epoch 14: loss = -4732.27294921875
Epoch 15: loss = -4732.27294921875
Epoch 16: loss = -4732.27294921875
Early stopping at epoch 16 with loss -4732.27294921875
Reconstruction for fluence = 2636.6508987303555 photons/pixel
Epoch 0: loss = 22278538.0
Epoch 1: loss = 15912.10546875
Epoch 2: loss = 2211.2001953125
Epoch 3: loss = 1052.685791015625
Epoch 4: loss = 921.9029541015625
Epoch 5: loss = 890.3997802734375
Epoch 6: loss = 880.4476318359375
Epoch 7: loss = 876.0591430664062
Epoch 8: loss = 873.3988647460938
Epoch 9: loss = 871.9884033203125
Epoch 10: loss = 871.1746826171875
Epoch 11: loss = 870.7655029296875
Epoch 12: loss = 870.5308227539062
Epoch 13: loss = 870.376953125
Epoch 14: loss = 870.261962890625
Epoch 0: loss = -12308.9609375
Epoch 1: loss = -12309.947265625
Epoch 2: loss = -12309.9482421875
Epoch 3: loss = -12309.9482421875
Epoch 4: loss = -12309.9482421875
Epoch 5: loss = -12309.94921875
Epoch 6: loss = -12309.94921875
Epoch 7: loss = -12309.94921875
Epoch 8: loss = -12309.94921875
Epoch 9: loss = -12309.94921875
Epoch 10: loss = -12309.94921875
Early stopping at epoch 10 with loss -12309.94921875
Reconstruction for fluence = 6158.482110660255 photons/pixel
Epoch 0: loss = 121512288.0
Epoch 1: loss = 83790.796875
Epoch 2: loss = 9881.2060546875
Epoch 3: loss = 3109.6396484375
Epoch 4: loss = 2378.3193359375
Epoch 5: loss = 2189.126953125
Epoch 6: loss = 2131.3564453125
Epoch 7: loss = 2103.652587890625
Epoch 8: loss = 2087.2255859375
Epoch 9: loss = 2079.38330078125
Epoch 10: loss = 2074.82861328125
Epoch 11: loss = 2072.4306640625
Epoch 12: loss = 2071.23291015625
Epoch 13: loss = 2070.484375
Epoch 14: loss = 2069.939453125
Epoch 0: loss = -31692.595703125
Epoch 1: loss = -31693.765625
Epoch 2: loss = -31693.76953125
Epoch 3: loss = -31693.76953125
Epoch 4: loss = -31693.771484375
Epoch 5: loss = -31693.7734375
Epoch 6: loss = -31693.7734375
Epoch 7: loss = -31693.771484375
Epoch 8: loss = -31693.771484375
Epoch 9: loss = -31693.76953125
Epoch 10: loss = -31693.76953125
Early stopping at epoch 10 with loss -31693.7734375
Reconstruction for fluence = 14384.498882876629 photons/pixel
Epoch 0: loss = 662868224.0
Epoch 1: loss = 449661.8125
Epoch 2: loss = 48766.046875
Epoch 3: loss = 10609.0390625
Epoch 4: loss = 6297.4453125
Epoch 5: loss = 5298.578125
Epoch 6: loss = 4989.8935546875
Epoch 7: loss = 4866.208984375
Epoch 8: loss = 4786.4775390625
Epoch 9: loss = 4744.27197265625
Epoch 10: loss = 4720.5615234375
Epoch 11: loss = 4708.546875
Epoch 12: loss = 4702.564453125
Epoch 13: loss = 4698.50830078125
Epoch 14: loss = 4695.771484375
Epoch 0: loss = -80888.2265625
Epoch 1: loss = -80889.453125
Epoch 2: loss = -80889.46875
Epoch 3: loss = -80889.46875
Epoch 4: loss = -80889.46875
Epoch 5: loss = -80889.46875
Epoch 6: loss = -80889.46875
Epoch 7: loss = -80889.46875
Early stopping at epoch 7 with loss -80889.46875
Reconstruction for fluence = 33598.18286283781 photons/pixel
Epoch 0: loss = 3616524800.0
Epoch 1: loss = 2442692.5
Epoch 2: loss = 258102.75
Epoch 3: loss = 43873.3125
Epoch 4: loss = 20618.26171875
Epoch 5: loss = 14840.63671875
Epoch 6: loss = 13131.677734375
Epoch 7: loss = 12314.2568359375
Epoch 8: loss = 11829.4912109375
Epoch 9: loss = 11570.927734375
Epoch 10: loss = 11416.40234375
Epoch 11: loss = 11352.4736328125
Epoch 12: loss = 11297.5029296875
Epoch 13: loss = 11269.5185546875
Epoch 14: loss = 11251.466796875
Epoch 0: loss = -204975.875
Epoch 1: loss = -204977.28125
Epoch 2: loss = -204977.28125
Epoch 3: loss = -204977.28125
Epoch 4: loss = -204977.28125
Epoch 5: loss = -204977.28125
Epoch 6: loss = -204977.296875
Epoch 7: loss = -204977.296875
Epoch 8: loss = -204977.296875
Epoch 9: loss = -204977.296875
Epoch 10: loss = -204977.296875
Epoch 11: loss = -204977.296875
Early stopping at epoch 11 with loss -204977.296875
Reconstruction for fluence = 78475.99703514607 photons/pixel
Epoch 0: loss = 19729813504.0
Epoch 1: loss = 13283326.0
Epoch 2: loss = 1333743.75
Epoch 3: loss = 201125.4375
Epoch 4: loss = 74361.0703125
Epoch 5: loss = 45232.953125
Epoch 6: loss = 36165.359375
Epoch 7: loss = 31957.7578125
Epoch 8: loss = 29303.95703125
Epoch 9: loss = 27946.171875
Epoch 10: loss = 27183.6953125
Epoch 11: loss = 26807.39453125
Epoch 12: loss = 26594.6171875
Epoch 13: loss = 26450.171875
Epoch 14: loss = 26350.61328125
Epoch 0: loss = -516238.0
Epoch 1: loss = -516239.75
Epoch 2: loss = -516239.75
Epoch 3: loss = -516239.75
Epoch 4: loss = -516239.75
Epoch 5: loss = -516239.75
Epoch 6: loss = -516239.75
Early stopping at epoch 6 with loss -516239.75
Reconstruction for fluence = 183298.07108324335 photons/pixel
Epoch 0: loss = 107640102912.0
Epoch 1: loss = 72379648.0
Epoch 2: loss = 7181130.0
Epoch 3: loss = 1006601.3125
Epoch 4: loss = 327575.3125
Epoch 5: loss = 162644.65625
Epoch 6: loss = 111113.5234375
Epoch 7: loss = 90535.09375
Epoch 8: loss = 77088.015625
Epoch 9: loss = 69493.4140625
Epoch 10: loss = 65378.546875
Epoch 11: loss = 63104.6171875
Epoch 12: loss = 61868.51171875
Epoch 13: loss = 61069.515625
Epoch 14: loss = 60550.015625
Epoch 0: loss = -1293230.5
Epoch 1: loss = -1293232.75
Epoch 2: loss = -1293232.75
Epoch 3: loss = -1293232.75
Epoch 4: loss = -1293232.75
Epoch 5: loss = -1293232.75
Epoch 6: loss = -1293232.75
Early stopping at epoch 6 with loss -1293232.75
Reconstruction for fluence = 428133.2398719387 photons/pixel
Epoch 0: loss = 587237359616.0
Epoch 1: loss = 394509440.0
Epoch 2: loss = 38842736.0
Epoch 3: loss = 5643236.5
Epoch 4: loss = 1650356.75
Epoch 5: loss = 718621.4375
Epoch 6: loss = 450622.0
Epoch 7: loss = 315206.5
Epoch 8: loss = 240949.796875
Epoch 9: loss = 198986.875
Epoch 10: loss = 175289.96875
Epoch 11: loss = 162930.84375
Epoch 12: loss = 156511.671875
Epoch 13: loss = 152071.84375
Epoch 14: loss = 149209.21875
Epoch 0: loss = -3224873.0
Epoch 1: loss = -3224876.0
Epoch 2: loss = -3224876.5
Epoch 3: loss = -3224876.5
Epoch 4: loss = -3224876.5
Epoch 5: loss = -3224876.5
Epoch 6: loss = -3224876.5
Epoch 7: loss = -3224876.5
Early stopping at epoch 7 with loss -3224876.5
Reconstruction for fluence = 1000000.0 photons/pixel
Epoch 0: loss = 3203736797184.0
Epoch 1: loss = 2150828544.0
Epoch 2: loss = 211931552.0
Epoch 3: loss = 27735432.0
Epoch 4: loss = 7818542.0
Epoch 5: loss = 3258158.0
Epoch 6: loss = 1929201.375
Epoch 7: loss = 1251175.25
Epoch 8: loss = 849632.9375
Epoch 9: loss = 631134.625
Epoch 10: loss = 503767.75
Epoch 11: loss = 437889.46875
Epoch 12: loss = 399500.1875
Epoch 13: loss = 377087.5
Epoch 14: loss = 362314.65625
Epoch 0: loss = -8009681.0
Epoch 1: loss = -8009687.0
Epoch 2: loss = -8009687.5
Epoch 3: loss = -8009688.0
Epoch 4: loss = -8009688.0
Epoch 5: loss = -8009688.0
Epoch 6: loss = -8009688.0
Epoch 7: loss = -8009688.0
Epoch 8: loss = -8009688.0
Early stopping at epoch 8 with loss -8009688.0
Simulation for steps_size=19 and n_fluences=20 completed!
