Running simulation for steps_size=28 and n_fluences=20
Steps size: 28
Tensors initialization on device cuda
Multiprobe = band_lim
torch.Size([1, 64, 64])

('MSE', None) RECONSTRUCTIONS

Reconstruction for fluence = 0.09999999999999999 photons/pixel
Epoch 0: loss = 0.2630271017551422
Epoch 1: loss = 0.05813519284129143
Epoch 2: loss = 0.0472106859087944
Epoch 3: loss = 0.04387447610497475
Epoch 4: loss = 0.04260490834712982
Epoch 5: loss = 0.042023319751024246
Epoch 6: loss = 0.04175806790590286
Epoch 7: loss = 0.04158632829785347
Epoch 8: loss = 0.04146223142743111
Epoch 9: loss = 0.04137377068400383
Epoch 10: loss = 0.04131035879254341
Epoch 11: loss = 0.041260816156864166
Epoch 12: loss = 0.04122508689761162
Epoch 13: loss = 0.041190098971128464
Epoch 14: loss = 0.041155215352773666
Epoch 15: loss = 0.04112359881401062
Epoch 16: loss = 0.04110170155763626
Epoch 17: loss = 0.04108702391386032
Epoch 18: loss = 0.04107556864619255
Epoch 19: loss = 0.041068073362112045
Epoch 20: loss = 0.041063275188207626
Epoch 21: loss = 0.04105983301997185
Epoch 22: loss = 0.04105757921934128
Early stopping at epoch 22 with loss 0.04108702391386032
Reconstruction for fluence = 0.23357214690901223 photons/pixel
Epoch 0: loss = 1.1162946224212646
Epoch 1: loss = 0.1415146440267563
Epoch 2: loss = 0.11508769541978836
Epoch 3: loss = 0.1071748211979866
Epoch 4: loss = 0.10389886796474457
Epoch 5: loss = 0.10232643038034439
Epoch 6: loss = 0.10161621123552322
Epoch 7: loss = 0.10120134800672531
Epoch 8: loss = 0.10096796602010727
Epoch 9: loss = 0.10082349181175232
Epoch 10: loss = 0.10074424743652344
Epoch 11: loss = 0.10070714354515076
Epoch 12: loss = 0.1006867066025734
Epoch 13: loss = 0.10067089647054672
Epoch 14: loss = 0.10065355896949768
Epoch 15: loss = 0.10062249004840851
Epoch 16: loss = 0.10059382021427155
Epoch 17: loss = 0.10057153552770615
Epoch 18: loss = 0.1005520448088646
Epoch 19: loss = 0.10053439438343048
Epoch 20: loss = 0.1005203127861023
Epoch 21: loss = 0.10050705820322037
Early stopping at epoch 21 with loss 0.10059382021427155
Reconstruction for fluence = 0.5455594781168519 photons/pixel
Epoch 0: loss = 5.5070343017578125
Epoch 1: loss = 0.32559671998023987
Epoch 2: loss = 0.25252097845077515
Epoch 3: loss = 0.23071230947971344
Epoch 4: loss = 0.22275188565254211
Epoch 5: loss = 0.21917825937271118
Epoch 6: loss = 0.21783609688282013
Epoch 7: loss = 0.21717222034931183
Epoch 8: loss = 0.21669580042362213
Epoch 9: loss = 0.21641302108764648
Epoch 10: loss = 0.2162502110004425
Epoch 11: loss = 0.21617084741592407
Epoch 12: loss = 0.21612294018268585
Epoch 13: loss = 0.21608707308769226
Epoch 14: loss = 0.21605750918388367
Epoch 15: loss = 0.2160244584083557
Epoch 16: loss = 0.21599680185317993
Epoch 17: loss = 0.21597875654697418
Epoch 18: loss = 0.2159682959318161
Epoch 19: loss = 0.21596091985702515
Epoch 20: loss = 0.21595625579357147
Epoch 21: loss = 0.2159537971019745
Early stopping at epoch 21 with loss 0.21599680185317993
Reconstruction for fluence = 1.2742749857031335 photons/pixel
Epoch 0: loss = 28.245708465576172
Epoch 1: loss = 0.7839490175247192
Epoch 2: loss = 0.5524504780769348
Epoch 3: loss = 0.48949554562568665
Epoch 4: loss = 0.4629288911819458
Epoch 5: loss = 0.453412264585495
Epoch 6: loss = 0.44861140847206116
Epoch 7: loss = 0.4464346468448639
Epoch 8: loss = 0.44524574279785156
Epoch 9: loss = 0.4445021450519562
Epoch 10: loss = 0.4441181719303131
Epoch 11: loss = 0.44390085339546204
Epoch 12: loss = 0.4437733590602875
Epoch 13: loss = 0.44369998574256897
Epoch 14: loss = 0.443636953830719
Epoch 15: loss = 0.4435960352420807
Epoch 16: loss = 0.443571001291275
Epoch 17: loss = 0.4435546398162842
Epoch 18: loss = 0.44354191422462463
Epoch 19: loss = 0.44353312253952026
Epoch 20: loss = 0.44352707266807556
Epoch 21: loss = 0.44352707266807556
Epoch 22: loss = 0.4435229003429413
Epoch 23: loss = 0.4435206949710846
Epoch 24: loss = 0.44351905584335327
Early stopping at epoch 24 with loss 0.44353312253952026
Reconstruction for fluence = 2.976351441631318 photons/pixel
Epoch 0: loss = 149.60203552246094
Epoch 1: loss = 2.02701997756958
Epoch 2: loss = 1.4065033197402954
Epoch 3: loss = 1.199047565460205
Epoch 4: loss = 1.1181721687316895
Epoch 5: loss = 1.0787012577056885
Epoch 6: loss = 1.0628983974456787
Epoch 7: loss = 1.0549176931381226
Epoch 8: loss = 1.0504271984100342
Epoch 9: loss = 1.0475199222564697
Epoch 10: loss = 1.0452438592910767
Epoch 11: loss = 1.044028401374817
Epoch 12: loss = 1.0433858633041382
Epoch 13: loss = 1.042999267578125
Epoch 14: loss = 1.0427595376968384
Epoch 15: loss = 1.042626976966858
Epoch 16: loss = 1.0425723791122437
Epoch 17: loss = 1.0425137281417847
Epoch 18: loss = 1.042490005493164
Epoch 19: loss = 1.0424772500991821
Epoch 20: loss = 1.0424665212631226
Epoch 21: loss = 1.0424638986587524
Epoch 22: loss = 1.042460322380066
Early stopping at epoch 22 with loss 1.0425137281417847
Reconstruction for fluence = 6.9519279617756045 photons/pixel
Epoch 0: loss = 802.4869384765625
Epoch 1: loss = 4.89407205581665
Epoch 2: loss = 2.9392497539520264
Epoch 3: loss = 2.3796496391296387
Epoch 4: loss = 2.1612486839294434
Epoch 5: loss = 2.0598652362823486
Epoch 6: loss = 2.0218918323516846
Epoch 7: loss = 1.9985716342926025
Epoch 8: loss = 1.9832360744476318
Epoch 9: loss = 1.9731793403625488
Epoch 10: loss = 1.9669783115386963
Epoch 11: loss = 1.9634759426116943
Epoch 12: loss = 1.9614033699035645
Epoch 13: loss = 1.959969162940979
Epoch 14: loss = 1.958983302116394
Epoch 15: loss = 1.9582933187484741
Epoch 16: loss = 1.9578603506088257
Epoch 17: loss = 1.9576189517974854
Epoch 18: loss = 1.9574400186538696
Epoch 19: loss = 1.9573029279708862
Epoch 20: loss = 1.9571974277496338
Epoch 21: loss = 1.9571115970611572
Epoch 22: loss = 1.9570584297180176
Epoch 23: loss = 1.9570372104644775
Epoch 24: loss = 1.957002878189087
Epoch 25: loss = 1.956978440284729
Epoch 26: loss = 1.9569647312164307
Epoch 27: loss = 1.95696222782135
Early stopping at epoch 27 with loss 1.9570584297180176
Reconstruction for fluence = 16.23776739188721 photons/pixel
Epoch 0: loss = 4365.92041015625
Epoch 1: loss = 15.38675594329834
Epoch 2: loss = 7.137502193450928
Epoch 3: loss = 5.508127212524414
Epoch 4: loss = 4.839147090911865
Epoch 5: loss = 4.544814109802246
Epoch 6: loss = 4.395843505859375
Epoch 7: loss = 4.316056251525879
Epoch 8: loss = 4.259679794311523
Epoch 9: loss = 4.222306728363037
Epoch 10: loss = 4.198384761810303
Epoch 11: loss = 4.184119701385498
Epoch 12: loss = 4.175239562988281
Epoch 13: loss = 4.168698787689209
Epoch 14: loss = 4.163931846618652
Epoch 15: loss = 4.160678386688232
Epoch 16: loss = 4.158548355102539
Epoch 17: loss = 4.157326698303223
Epoch 18: loss = 4.156381607055664
Epoch 19: loss = 4.1556243896484375
Epoch 20: loss = 4.155158996582031
Epoch 21: loss = 4.154775619506836
Epoch 22: loss = 4.154545307159424
Epoch 23: loss = 4.154372692108154
Epoch 24: loss = 4.154247760772705
Epoch 25: loss = 4.154151916503906
Epoch 26: loss = 4.15408182144165
Epoch 27: loss = 4.154036045074463
Epoch 28: loss = 4.153997898101807
Epoch 29: loss = 4.153968811035156
Epoch 30: loss = 4.153963088989258
Epoch 31: loss = 4.15394926071167
Epoch 32: loss = 4.153944492340088
Epoch 33: loss = 4.153940677642822
Epoch 34: loss = 4.153933048248291
Early stopping at epoch 34 with loss 4.153968811035156
Reconstruction for fluence = 37.926901907322495 photons/pixel
Epoch 0: loss = 23763.7578125
Epoch 1: loss = 60.60573196411133
Epoch 2: loss = 20.82464027404785
Epoch 3: loss = 13.97063159942627
Epoch 4: loss = 11.710380554199219
Epoch 5: loss = 10.688176155090332
Epoch 6: loss = 10.23779010772705
Epoch 7: loss = 9.971335411071777
Epoch 8: loss = 9.815170288085938
Epoch 9: loss = 9.667417526245117
Epoch 10: loss = 9.580766677856445
Epoch 11: loss = 9.528846740722656
Epoch 12: loss = 9.494074821472168
Epoch 13: loss = 9.466814994812012
Epoch 14: loss = 9.447755813598633
Epoch 15: loss = 9.432490348815918
Epoch 16: loss = 9.421530723571777
Epoch 17: loss = 9.414877891540527
Epoch 18: loss = 9.408921241760254
Epoch 19: loss = 9.403655052185059
Epoch 20: loss = 9.39987850189209
Epoch 21: loss = 9.396963119506836
Epoch 22: loss = 9.394986152648926
Epoch 23: loss = 9.3934907913208
Epoch 24: loss = 9.392268180847168
Epoch 25: loss = 9.391401290893555
Epoch 26: loss = 9.390707969665527
Epoch 27: loss = 9.390252113342285
Epoch 28: loss = 9.389900207519531
Epoch 29: loss = 9.389615058898926
Epoch 30: loss = 9.38939380645752
Epoch 31: loss = 9.38923454284668
Epoch 32: loss = 9.389127731323242
Epoch 33: loss = 9.389042854309082
Epoch 34: loss = 9.38903522491455
Epoch 35: loss = 9.388996124267578
Epoch 36: loss = 9.388940811157227
Epoch 37: loss = 9.388928413391113
Epoch 38: loss = 9.388898849487305
Epoch 39: loss = 9.388890266418457
Epoch 40: loss = 9.388882637023926
Epoch 41: loss = 9.388856887817383
Epoch 42: loss = 9.388834953308105
Epoch 43: loss = 9.388833045959473
Epoch 44: loss = 9.388822555541992
Early stopping at epoch 44 with loss 9.388890266418457
Reconstruction for fluence = 88.58667904100822 photons/pixel
Epoch 0: loss = 129717.3359375
Epoch 1: loss = 228.34136962890625
Epoch 2: loss = 65.79801177978516
Epoch 3: loss = 39.53767776489258
Epoch 4: loss = 30.68113136291504
Epoch 5: loss = 26.992523193359375
Epoch 6: loss = 25.34769058227539
Epoch 7: loss = 24.388216018676758
Epoch 8: loss = 23.68263053894043
Epoch 9: loss = 23.25047492980957
Epoch 10: loss = 22.934412002563477
Epoch 11: loss = 22.72262191772461
Epoch 12: loss = 22.599008560180664
Epoch 13: loss = 22.49013900756836
Epoch 14: loss = 22.406490325927734
Epoch 15: loss = 22.34282112121582
Epoch 16: loss = 22.299184799194336
Epoch 17: loss = 22.267505645751953
Epoch 18: loss = 22.242904663085938
Epoch 19: loss = 22.224668502807617
Epoch 20: loss = 22.20965003967285
Epoch 21: loss = 22.19808578491211
Epoch 22: loss = 22.19028091430664
Epoch 23: loss = 22.183490753173828
Epoch 24: loss = 22.17795753479004
Epoch 25: loss = 22.173307418823242
Epoch 26: loss = 22.16959571838379
Epoch 27: loss = 22.16695785522461
Epoch 28: loss = 22.164655685424805
Epoch 29: loss = 22.16280746459961
Epoch 30: loss = 22.16114616394043
Epoch 31: loss = 22.15988540649414
Epoch 32: loss = 22.158992767333984
Epoch 33: loss = 22.15821075439453
Epoch 34: loss = 22.15756607055664
Epoch 35: loss = 22.156991958618164
Epoch 36: loss = 22.156530380249023
Epoch 37: loss = 22.156335830688477
Epoch 38: loss = 22.156314849853516
Epoch 39: loss = 22.155981063842773
Epoch 40: loss = 22.155893325805664
Epoch 41: loss = 22.15573501586914
Epoch 42: loss = 22.155481338500977
Epoch 43: loss = 22.1552677154541
Epoch 44: loss = 22.15519905090332
Epoch 45: loss = 22.15510368347168
Epoch 46: loss = 22.15500259399414
Epoch 47: loss = 22.1549072265625
Epoch 48: loss = 22.15485382080078
Epoch 49: loss = 22.154733657836914
Epoch 50: loss = 22.154626846313477
Epoch 51: loss = 22.154621124267578
Epoch 52: loss = 22.15452003479004
Epoch 53: loss = 22.154428482055664
Epoch 54: loss = 22.154325485229492
Epoch 55: loss = 22.154314041137695
Epoch 56: loss = 22.154293060302734
Epoch 57: loss = 22.15427589416504
Epoch 58: loss = 22.15427017211914
Epoch 59: loss = 22.154245376586914
Early stopping at epoch 59 with loss 22.154325485229492
Reconstruction for fluence = 206.9138081114788 photons/pixel
Epoch 0: loss = 707922.0
Epoch 1: loss = 1007.2913208007812
Epoch 2: loss = 236.30447387695312
Epoch 3: loss = 109.68045806884766
Epoch 4: loss = 77.34879302978516
Epoch 5: loss = 64.32533264160156
Epoch 6: loss = 59.00870132446289
Epoch 7: loss = 55.89835739135742
Epoch 8: loss = 53.821285247802734
Epoch 9: loss = 52.16214370727539
Epoch 10: loss = 51.07521438598633
Epoch 11: loss = 50.38153076171875
Epoch 12: loss = 49.93515396118164
Epoch 13: loss = 49.54393768310547
Epoch 14: loss = 49.24705123901367
Epoch 15: loss = 49.035743713378906
Epoch 16: loss = 48.883148193359375
Epoch 17: loss = 48.77621841430664
Epoch 18: loss = 48.68474197387695
Epoch 19: loss = 48.60940170288086
Epoch 20: loss = 48.55070877075195
Epoch 21: loss = 48.50445556640625
Epoch 22: loss = 48.46400833129883
Epoch 23: loss = 48.4336051940918
Epoch 24: loss = 48.406593322753906
Epoch 25: loss = 48.38566589355469
Epoch 26: loss = 48.36924743652344
Epoch 27: loss = 48.356910705566406
Epoch 28: loss = 48.34629440307617
Epoch 29: loss = 48.33746337890625
Epoch 30: loss = 48.3303108215332
Epoch 31: loss = 48.32388687133789
Epoch 32: loss = 48.31895065307617
Epoch 33: loss = 48.31520462036133
Epoch 34: loss = 48.31134033203125
Epoch 35: loss = 48.30828857421875
Epoch 36: loss = 48.30571365356445
Epoch 37: loss = 48.30376434326172
Epoch 38: loss = 48.3022346496582
Epoch 39: loss = 48.30070877075195
Epoch 40: loss = 48.29971694946289
Epoch 41: loss = 48.29909133911133
Epoch 42: loss = 48.29893112182617
Epoch 43: loss = 48.29876708984375
Epoch 44: loss = 48.29824447631836
Epoch 45: loss = 48.297489166259766
Epoch 46: loss = 48.29689407348633
Epoch 47: loss = 48.29652404785156
Epoch 48: loss = 48.296051025390625
Epoch 49: loss = 48.29558563232422
Epoch 50: loss = 48.295204162597656
Epoch 51: loss = 48.294857025146484
Epoch 52: loss = 48.29465103149414
Epoch 53: loss = 48.29442596435547
Epoch 54: loss = 48.29424285888672
Epoch 55: loss = 48.29410934448242
Epoch 56: loss = 48.294044494628906
Epoch 57: loss = 48.29389190673828
Epoch 58: loss = 48.29375076293945
Epoch 59: loss = 48.29362487792969
Epoch 60: loss = 48.29352569580078
Epoch 61: loss = 48.29349899291992
Epoch 62: loss = 48.29344940185547
Epoch 63: loss = 48.2933235168457
Epoch 64: loss = 48.29328918457031
Epoch 65: loss = 48.29323959350586
Epoch 66: loss = 48.29322052001953
Epoch 67: loss = 48.29320526123047
Epoch 68: loss = 48.29319381713867
Epoch 69: loss = 48.29320526123047
Epoch 70: loss = 48.29313278198242
Epoch 71: loss = 48.29311752319336
Epoch 72: loss = 48.29307174682617
Epoch 73: loss = 48.29304885864258
Epoch 74: loss = 48.29306411743164
Epoch 75: loss = 48.29304885864258
Epoch 76: loss = 48.29304885864258
Early stopping at epoch 76 with loss 48.29311752319336
Reconstruction for fluence = 483.2930238571752 photons/pixel
Epoch 0: loss = 3858681.75
Epoch 1: loss = 6864.92919921875
Epoch 2: loss = 1124.1207275390625
Epoch 3: loss = 425.5760803222656
Epoch 4: loss = 244.60731506347656
Epoch 5: loss = 180.01296997070312
Epoch 6: loss = 154.86431884765625
Epoch 7: loss = 140.4465789794922
Epoch 8: loss = 131.74929809570312
Epoch 9: loss = 125.81412506103516
Epoch 10: loss = 121.63520050048828
Epoch 11: loss = 118.88059997558594
Epoch 12: loss = 117.06741333007812
Epoch 13: loss = 115.69252014160156
Epoch 14: loss = 114.6388931274414
Epoch 15: loss = 113.87191009521484
Epoch 16: loss = 113.26175689697266
Epoch 17: loss = 112.84268951416016
Epoch 18: loss = 112.4931411743164
Epoch 19: loss = 112.2406997680664
Epoch 20: loss = 112.0146484375
Epoch 21: loss = 111.8273696899414
Epoch 22: loss = 111.6806411743164
Epoch 23: loss = 111.56314849853516
Epoch 24: loss = 111.4762954711914
Epoch 25: loss = 111.40059661865234
Epoch 26: loss = 111.3357925415039
Epoch 27: loss = 111.2889404296875
Epoch 28: loss = 111.25012969970703
Epoch 29: loss = 111.21461486816406
Epoch 30: loss = 111.18721771240234
Epoch 31: loss = 111.16168975830078
Epoch 32: loss = 111.14293670654297
Epoch 33: loss = 111.12625885009766
Epoch 34: loss = 111.1122817993164
Epoch 35: loss = 111.1004409790039
Epoch 36: loss = 111.09004974365234
Epoch 37: loss = 111.08170318603516
Epoch 38: loss = 111.07437133789062
Epoch 39: loss = 111.06818389892578
Epoch 40: loss = 111.06272888183594
Epoch 41: loss = 111.05762481689453
Epoch 42: loss = 111.053955078125
Epoch 43: loss = 111.05022430419922
Epoch 44: loss = 111.04744720458984
Epoch 45: loss = 111.04491424560547
Epoch 46: loss = 111.04239654541016
Epoch 47: loss = 111.04032135009766
Epoch 48: loss = 111.03851318359375
Epoch 49: loss = 111.0368423461914
Epoch 50: loss = 111.0358657836914
Epoch 51: loss = 111.03475189208984
Epoch 52: loss = 111.03350067138672
Epoch 53: loss = 111.0330581665039
Epoch 54: loss = 111.03260803222656
Epoch 55: loss = 111.03194427490234
Epoch 56: loss = 111.03128814697266
Epoch 57: loss = 111.03114318847656
Epoch 58: loss = 111.03055572509766
Epoch 59: loss = 111.02996826171875
Epoch 60: loss = 111.02919006347656
Epoch 61: loss = 111.02860260009766
Epoch 62: loss = 111.02847290039062
Epoch 63: loss = 111.02812194824219
Epoch 64: loss = 111.02739715576172
Epoch 65: loss = 111.0269546508789
Epoch 66: loss = 111.02628326416016
Epoch 67: loss = 111.02628326416016
Epoch 68: loss = 111.02569580078125
Epoch 69: loss = 111.02516174316406
Epoch 70: loss = 111.02467346191406
Epoch 71: loss = 111.02456665039062
Epoch 72: loss = 111.02427673339844
Epoch 73: loss = 111.02420043945312
Epoch 74: loss = 111.02388763427734
Epoch 75: loss = 111.02350616455078
Epoch 76: loss = 111.0232925415039
Epoch 77: loss = 111.02298736572266
Epoch 78: loss = 111.02289581298828
Epoch 79: loss = 111.02274322509766
Epoch 80: loss = 111.02274322509766
Epoch 81: loss = 111.02274322509766
Epoch 82: loss = 111.02250671386719
Epoch 83: loss = 111.02238464355469
Epoch 84: loss = 111.02217864990234
Epoch 85: loss = 111.02207946777344
Epoch 86: loss = 111.02212524414062
Epoch 87: loss = 111.02195739746094
Epoch 88: loss = 111.02184295654297
Epoch 89: loss = 111.0218276977539
Epoch 90: loss = 111.02164459228516
Epoch 91: loss = 111.02164459228516
Epoch 92: loss = 111.02151489257812
Epoch 93: loss = 111.02164459228516
Epoch 94: loss = 111.021484375
Epoch 95: loss = 111.0214614868164
Epoch 96: loss = 111.021484375
Epoch 97: loss = 111.0212631225586
Epoch 98: loss = 111.0213394165039
Epoch 99: loss = 111.02125549316406
Epoch 100: loss = 111.02127838134766
Epoch 101: loss = 111.02130889892578
Epoch 102: loss = 111.02122497558594
Early stopping at epoch 102 with loss 111.0212631225586
Reconstruction for fluence = 1128.8378916846884 photons/pixel
Epoch 0: loss = 21042730.0
Epoch 1: loss = 27130.04296875
Epoch 2: loss = 5297.08642578125
Epoch 3: loss = 1694.2734375
Epoch 4: loss = 846.4378051757812
Epoch 5: loss = 535.4181518554688
Epoch 6: loss = 416.89642333984375
Epoch 7: loss = 355.3583984375
Epoch 8: loss = 317.9469909667969
Epoch 9: loss = 292.4723815917969
Epoch 10: loss = 276.1838073730469
Epoch 11: loss = 266.10302734375
Epoch 12: loss = 259.3724670410156
Epoch 13: loss = 254.26063537597656
Epoch 14: loss = 250.32383728027344
Epoch 15: loss = 247.57003784179688
Epoch 16: loss = 245.54953002929688
Epoch 17: loss = 244.06396484375
Epoch 18: loss = 242.97593688964844
Epoch 19: loss = 242.08746337890625
Epoch 20: loss = 241.31765747070312
Epoch 21: loss = 240.7469024658203
Epoch 22: loss = 240.3031463623047
Epoch 23: loss = 239.93234252929688
Epoch 24: loss = 239.6315460205078
Epoch 25: loss = 239.3756561279297
Epoch 26: loss = 239.14654541015625
Epoch 27: loss = 238.974853515625
Epoch 28: loss = 238.83477783203125
Epoch 29: loss = 238.71083068847656
Epoch 30: loss = 238.59884643554688
Epoch 31: loss = 238.50152587890625
Epoch 32: loss = 238.43118286132812
Epoch 33: loss = 238.36187744140625
Epoch 34: loss = 238.30723571777344
Epoch 35: loss = 238.24874877929688
Epoch 36: loss = 238.2013702392578
Epoch 37: loss = 238.167724609375
Epoch 38: loss = 238.1361541748047
Epoch 39: loss = 238.10989379882812
Epoch 40: loss = 238.0877227783203
Epoch 41: loss = 238.0680694580078
Epoch 42: loss = 238.0519561767578
Epoch 43: loss = 238.0455780029297
Epoch 44: loss = 238.03170776367188
Epoch 45: loss = 238.01925659179688
Epoch 46: loss = 238.0079803466797
Epoch 47: loss = 238.0009765625
Epoch 48: loss = 237.9936065673828
Epoch 49: loss = 237.98638916015625
Epoch 50: loss = 237.98060607910156
Epoch 51: loss = 237.97865295410156
Epoch 52: loss = 237.9772491455078
Epoch 53: loss = 237.971923828125
Epoch 54: loss = 237.9677734375
Epoch 55: loss = 237.96438598632812
Epoch 56: loss = 237.96055603027344
Epoch 57: loss = 237.9579620361328
Epoch 58: loss = 237.9555206298828
Epoch 59: loss = 237.95263671875
Epoch 60: loss = 237.95123291015625
Epoch 61: loss = 237.94918823242188
Epoch 62: loss = 237.9488983154297
Epoch 63: loss = 237.94830322265625
Epoch 64: loss = 237.9464569091797
Epoch 65: loss = 237.94607543945312
Epoch 66: loss = 237.94468688964844
Epoch 67: loss = 237.9437713623047
Epoch 68: loss = 237.9431915283203
Epoch 69: loss = 237.94189453125
Epoch 70: loss = 237.94161987304688
Epoch 71: loss = 237.94168090820312
Epoch 72: loss = 237.94168090820312
Epoch 73: loss = 237.94151306152344
Epoch 74: loss = 237.9410858154297
Epoch 75: loss = 237.9404296875
Epoch 76: loss = 237.9401397705078
Epoch 77: loss = 237.93955993652344
Epoch 78: loss = 237.9391632080078
Epoch 79: loss = 237.93885803222656
Epoch 80: loss = 237.9387969970703
Epoch 81: loss = 237.93853759765625
Epoch 82: loss = 237.93836975097656
Epoch 83: loss = 237.9384307861328
Epoch 84: loss = 237.9383087158203
Epoch 85: loss = 237.9384002685547
Epoch 86: loss = 237.9380645751953
Epoch 87: loss = 237.93788146972656
Epoch 88: loss = 237.9376678466797
Epoch 89: loss = 237.9376678466797
Epoch 90: loss = 237.93756103515625
Epoch 91: loss = 237.93780517578125
Epoch 92: loss = 237.93731689453125
Epoch 93: loss = 237.93711853027344
Epoch 94: loss = 237.93707275390625
Epoch 95: loss = 237.93704223632812
Epoch 96: loss = 237.9366912841797
Epoch 97: loss = 237.9366912841797
Epoch 98: loss = 237.9365997314453
Epoch 99: loss = 237.9365997314453
Epoch 100: loss = 237.93673706054688
Epoch 101: loss = 237.93663024902344
Early stopping at epoch 101 with loss 237.9366912841797
Reconstruction for fluence = 2636.6508987303555 photons/pixel
Epoch 0: loss = 114859360.0
Epoch 1: loss = 146134.796875
Epoch 2: loss = 26860.87109375
Epoch 3: loss = 8149.42041015625
Epoch 4: loss = 3575.820068359375
Epoch 5: loss = 1983.263427734375
Epoch 6: loss = 1437.7220458984375
Epoch 7: loss = 1158.6046142578125
Epoch 8: loss = 969.1735229492188
Epoch 9: loss = 854.4713134765625
Epoch 10: loss = 772.8118286132812
Epoch 11: loss = 721.55419921875
Epoch 12: loss = 687.968994140625
Epoch 13: loss = 662.994384765625
Epoch 14: loss = 644.2737426757812
Epoch 15: loss = 629.4866943359375
Epoch 16: loss = 620.4658813476562
Epoch 17: loss = 613.0573120117188
Epoch 18: loss = 607.2301635742188
Epoch 19: loss = 602.472900390625
Epoch 20: loss = 598.7794799804688
Epoch 21: loss = 595.8567504882812
Epoch 22: loss = 593.8826904296875
Epoch 23: loss = 592.2742309570312
Epoch 24: loss = 590.9534301757812
Epoch 25: loss = 589.7564086914062
Epoch 26: loss = 588.7029418945312
Epoch 27: loss = 587.9715576171875
Epoch 28: loss = 587.2982177734375
Epoch 29: loss = 586.7249755859375
Epoch 30: loss = 586.253173828125
Epoch 31: loss = 585.8064575195312
Epoch 32: loss = 585.4744873046875
Epoch 33: loss = 585.2100830078125
Epoch 34: loss = 584.9315185546875
Epoch 35: loss = 584.7056274414062
Epoch 36: loss = 584.5074462890625
Epoch 37: loss = 584.3403930664062
Epoch 38: loss = 584.1990356445312
Epoch 39: loss = 584.0679931640625
Epoch 40: loss = 583.9632568359375
Epoch 41: loss = 583.8652954101562
Epoch 42: loss = 583.7837524414062
Epoch 43: loss = 583.7060546875
Epoch 44: loss = 583.6455078125
Epoch 45: loss = 583.5908203125
Epoch 46: loss = 583.5602416992188
Epoch 47: loss = 583.5131225585938
Epoch 48: loss = 583.4799194335938
Epoch 49: loss = 583.4534301757812
Epoch 50: loss = 583.4219970703125
Epoch 51: loss = 583.3937377929688
Epoch 52: loss = 583.3704223632812
Epoch 53: loss = 583.3519897460938
Epoch 54: loss = 583.3377685546875
Epoch 55: loss = 583.3319091796875
Epoch 56: loss = 583.3152465820312
Epoch 57: loss = 583.3017578125
Epoch 58: loss = 583.2942504882812
Epoch 59: loss = 583.282470703125
Epoch 60: loss = 583.2730712890625
Epoch 61: loss = 583.2653198242188
Epoch 62: loss = 583.2581176757812
Epoch 63: loss = 583.249267578125
Epoch 64: loss = 583.2440795898438
Epoch 65: loss = 583.2392578125
Epoch 66: loss = 583.2352294921875
Epoch 67: loss = 583.2311401367188
Epoch 68: loss = 583.2279663085938
Epoch 69: loss = 583.2279663085938
Epoch 70: loss = 583.2243041992188
Epoch 71: loss = 583.2240600585938
Epoch 72: loss = 583.2230834960938
Epoch 73: loss = 583.2205200195312
Epoch 74: loss = 583.2188110351562
Epoch 75: loss = 583.2157592773438
Epoch 76: loss = 583.21533203125
Epoch 77: loss = 583.2138671875
Epoch 78: loss = 583.2102661132812
Epoch 79: loss = 583.2109375
Epoch 80: loss = 583.2090454101562
Epoch 81: loss = 583.2103881835938
Epoch 82: loss = 583.2074584960938
Epoch 83: loss = 583.2072143554688
Epoch 84: loss = 583.2072143554688
Epoch 85: loss = 583.20556640625
Epoch 86: loss = 583.2057495117188
Epoch 87: loss = 583.2050170898438
Epoch 88: loss = 583.2032470703125
Epoch 89: loss = 583.2037353515625
Epoch 90: loss = 583.204345703125
Epoch 91: loss = 583.2029418945312
Epoch 92: loss = 583.2024536132812
Epoch 93: loss = 583.201904296875
Epoch 94: loss = 583.2015380859375
Epoch 95: loss = 583.2019653320312
Epoch 96: loss = 583.2009887695312
Epoch 97: loss = 583.2015991210938
Epoch 98: loss = 583.2007446289062
Epoch 99: loss = 583.2002563476562
Epoch 100: loss = 583.2000122070312
Epoch 101: loss = 583.1995849609375
Epoch 102: loss = 583.2000122070312
Epoch 103: loss = 583.1995239257812
Epoch 104: loss = 583.1995239257812
Epoch 105: loss = 583.1995239257812
Epoch 106: loss = 583.1990966796875
Epoch 107: loss = 583.1990356445312
Epoch 108: loss = 583.2005004882812
Epoch 109: loss = 583.1995849609375
Epoch 110: loss = 583.1981811523438
Epoch 111: loss = 583.1990356445312
Epoch 112: loss = 583.1996459960938
Epoch 113: loss = 583.198974609375
Epoch 114: loss = 583.1995239257812
Epoch 115: loss = 583.1993408203125
Early stopping at epoch 115 with loss 583.1981811523438
Reconstruction for fluence = 6158.482110660255 photons/pixel
Epoch 0: loss = 626465600.0
Epoch 1: loss = 792420.875
Epoch 2: loss = 135107.5625
Epoch 3: loss = 39858.890625
Epoch 4: loss = 17011.021484375
Epoch 5: loss = 8541.3720703125
Epoch 6: loss = 5622.63916015625
Epoch 7: loss = 4137.1728515625
Epoch 8: loss = 3232.909423828125
Epoch 9: loss = 2636.568115234375
Epoch 10: loss = 2252.59423828125
Epoch 11: loss = 2019.3328857421875
Epoch 12: loss = 1864.6102294921875
Epoch 13: loss = 1742.736083984375
Epoch 14: loss = 1649.898681640625
Epoch 15: loss = 1585.6646728515625
Epoch 16: loss = 1559.6031494140625
Epoch 17: loss = 1512.1295166015625
Epoch 18: loss = 1486.78857421875
Epoch 19: loss = 1466.3878173828125
Epoch 20: loss = 1448.8121337890625
Epoch 21: loss = 1435.4005126953125
Epoch 22: loss = 1426.24755859375
Epoch 23: loss = 1418.7391357421875
Epoch 24: loss = 1412.17138671875
Epoch 25: loss = 1406.968994140625
Epoch 26: loss = 1402.2586669921875
Epoch 27: loss = 1399.517822265625
Epoch 28: loss = 1397.04736328125
Epoch 29: loss = 1394.2069091796875
Epoch 30: loss = 1392.224365234375
Epoch 31: loss = 1390.5260009765625
Epoch 32: loss = 1389.28564453125
Epoch 33: loss = 1388.29541015625
Epoch 34: loss = 1387.3238525390625
Epoch 35: loss = 1386.4869384765625
Epoch 36: loss = 1385.7886962890625
Epoch 37: loss = 1385.2547607421875
Epoch 38: loss = 1384.801025390625
Epoch 39: loss = 1384.41455078125
Epoch 40: loss = 1384.0772705078125
Epoch 41: loss = 1383.77783203125
Epoch 42: loss = 1383.529541015625
Epoch 43: loss = 1383.3248291015625
Epoch 44: loss = 1383.1422119140625
Epoch 45: loss = 1382.9793701171875
Epoch 46: loss = 1382.828125
Epoch 47: loss = 1382.70947265625
Epoch 48: loss = 1382.6510009765625
Epoch 49: loss = 1382.5445556640625
Epoch 50: loss = 1382.4622802734375
Epoch 51: loss = 1382.389892578125
Epoch 52: loss = 1382.3135986328125
Epoch 53: loss = 1382.2515869140625
Epoch 54: loss = 1382.196044921875
Epoch 55: loss = 1382.148681640625
Epoch 56: loss = 1382.1099853515625
Epoch 57: loss = 1382.064208984375
Epoch 58: loss = 1382.0528564453125
Epoch 59: loss = 1382.051025390625
Epoch 60: loss = 1382.014404296875
Epoch 61: loss = 1382.0087890625
Epoch 62: loss = 1381.9930419921875
Epoch 63: loss = 1381.9718017578125
Epoch 64: loss = 1381.956787109375
Epoch 65: loss = 1381.9381103515625
Epoch 66: loss = 1381.932861328125
Epoch 67: loss = 1381.9310302734375
Epoch 68: loss = 1381.9217529296875
Epoch 69: loss = 1381.9012451171875
Epoch 70: loss = 1381.8875732421875
Epoch 71: loss = 1381.8714599609375
Epoch 72: loss = 1381.86328125
Epoch 73: loss = 1381.8477783203125
Epoch 74: loss = 1381.8433837890625
Epoch 75: loss = 1381.8311767578125
Epoch 76: loss = 1381.8311767578125
Epoch 77: loss = 1381.823974609375
Epoch 78: loss = 1381.8157958984375
Epoch 79: loss = 1381.8150634765625
Epoch 80: loss = 1381.8072509765625
Epoch 81: loss = 1381.802490234375
Epoch 82: loss = 1381.79296875
Epoch 83: loss = 1381.7945556640625
Epoch 84: loss = 1381.7930908203125
Epoch 85: loss = 1381.7828369140625
Epoch 86: loss = 1381.784912109375
Epoch 87: loss = 1381.7838134765625
Epoch 88: loss = 1381.7821044921875
Epoch 89: loss = 1381.7725830078125
Epoch 90: loss = 1381.771728515625
Epoch 91: loss = 1381.7728271484375
Epoch 92: loss = 1381.7696533203125
Epoch 93: loss = 1381.7625732421875
Epoch 94: loss = 1381.7681884765625
Epoch 95: loss = 1381.7662353515625
Epoch 96: loss = 1381.765380859375
Epoch 97: loss = 1381.762451171875
Epoch 98: loss = 1381.763427734375
Early stopping at epoch 98 with loss 1381.7625732421875
Reconstruction for fluence = 14384.498882876629 photons/pixel
Epoch 0: loss = 3417945344.0
Epoch 1: loss = 4314818.5
Epoch 2: loss = 739191.5625
Epoch 3: loss = 216060.15625
Epoch 4: loss = 83189.96875
Epoch 5: loss = 41156.26953125
Epoch 6: loss = 26210.642578125
Epoch 7: loss = 18348.431640625
Epoch 8: loss = 13076.0556640625
Epoch 9: loss = 9860.7861328125
Epoch 10: loss = 7654.205078125
Epoch 11: loss = 6355.35791015625
Epoch 12: loss = 5515.5087890625
Epoch 13: loss = 4892.72314453125
Epoch 14: loss = 4452.1591796875
Epoch 15: loss = 4129.1396484375
Epoch 16: loss = 3911.232666015625
Epoch 17: loss = 3749.94189453125
Epoch 18: loss = 3633.39794921875
Epoch 19: loss = 3522.525634765625
Epoch 20: loss = 3446.22607421875
Epoch 21: loss = 3381.319091796875
Epoch 22: loss = 3342.07958984375
Epoch 23: loss = 3305.135986328125
Epoch 24: loss = 3275.717041015625
Epoch 25: loss = 3251.90087890625
Epoch 26: loss = 3231.89208984375
Epoch 27: loss = 3220.6513671875
Epoch 28: loss = 3206.15966796875
Epoch 29: loss = 3195.452880859375
Epoch 30: loss = 3186.204833984375
Epoch 31: loss = 3178.762939453125
Epoch 32: loss = 3172.95361328125
Epoch 33: loss = 3167.8916015625
Epoch 34: loss = 3163.812255859375
Epoch 35: loss = 3160.28857421875
Epoch 36: loss = 3157.45654296875
Epoch 37: loss = 3155.267578125
Epoch 38: loss = 3153.169677734375
Epoch 39: loss = 3151.3935546875
Epoch 40: loss = 3149.8603515625
Epoch 41: loss = 3148.56201171875
Epoch 42: loss = 3147.513916015625
Epoch 43: loss = 3146.626220703125
Epoch 44: loss = 3145.793212890625
Epoch 45: loss = 3144.957763671875
Epoch 46: loss = 3144.272216796875
Epoch 47: loss = 3143.682861328125
Epoch 48: loss = 3143.197021484375
Epoch 49: loss = 3142.752685546875
Epoch 50: loss = 3142.36181640625
Epoch 51: loss = 3141.981689453125
Epoch 52: loss = 3141.7197265625
Epoch 53: loss = 3141.493408203125
Epoch 54: loss = 3141.482177734375
Epoch 55: loss = 3141.248291015625
Epoch 56: loss = 3141.2275390625
Epoch 57: loss = 3141.047607421875
Epoch 58: loss = 3140.8681640625
Epoch 59: loss = 3140.724853515625
Epoch 60: loss = 3140.59033203125
Epoch 61: loss = 3140.487548828125
Epoch 62: loss = 3140.391845703125
Epoch 63: loss = 3140.29833984375
Epoch 64: loss = 3140.225341796875
Epoch 65: loss = 3140.139892578125
Epoch 66: loss = 3140.08642578125
Epoch 67: loss = 3140.045654296875
Epoch 68: loss = 3139.99658203125
Epoch 69: loss = 3139.94677734375
Epoch 70: loss = 3139.90673828125
Epoch 71: loss = 3139.8955078125
Epoch 72: loss = 3139.856689453125
Epoch 73: loss = 3139.8173828125
Epoch 74: loss = 3139.80859375
Epoch 75: loss = 3139.78271484375
Epoch 76: loss = 3139.76123046875
Epoch 77: loss = 3139.756103515625
Epoch 78: loss = 3139.743408203125
Epoch 79: loss = 3139.7421875
Epoch 80: loss = 3139.728271484375
Epoch 81: loss = 3139.71484375
Epoch 82: loss = 3139.7138671875
Epoch 83: loss = 3139.69580078125
Epoch 84: loss = 3139.685302734375
Epoch 85: loss = 3139.69921875
Epoch 86: loss = 3139.670654296875
Epoch 87: loss = 3139.651611328125
Epoch 88: loss = 3139.650146484375
Epoch 89: loss = 3139.648193359375
Epoch 90: loss = 3139.652587890625
Epoch 91: loss = 3139.655517578125
Epoch 92: loss = 3139.643310546875
Epoch 93: loss = 3139.634521484375
Epoch 94: loss = 3139.642333984375
Epoch 95: loss = 3139.62744140625
Epoch 96: loss = 3139.636474609375
Epoch 97: loss = 3139.634033203125
Epoch 98: loss = 3139.62060546875
Epoch 99: loss = 3139.634521484375
Epoch 100: loss = 3139.6220703125
Epoch 101: loss = 3139.62646484375
Epoch 102: loss = 3139.619384765625
Epoch 103: loss = 3139.634033203125
Epoch 104: loss = 3139.626708984375
Epoch 105: loss = 3139.6064453125
Epoch 106: loss = 3139.611572265625
Epoch 107: loss = 3139.624755859375
Epoch 108: loss = 3139.62158203125
Epoch 109: loss = 3139.6142578125
Epoch 110: loss = 3139.611572265625
Early stopping at epoch 110 with loss 3139.6064453125
Reconstruction for fluence = 33598.18286283781 photons/pixel
Epoch 0: loss = 18644258816.0
Epoch 1: loss = 23480448.0
Epoch 2: loss = 4118100.5
Epoch 3: loss = 1163975.875
Epoch 4: loss = 450305.125
Epoch 5: loss = 212680.328125
Epoch 6: loss = 125382.28125
Epoch 7: loss = 81467.5625
Epoch 8: loss = 56692.10546875
Epoch 9: loss = 40258.20703125
Epoch 10: loss = 29871.353515625
Epoch 11: loss = 23505.91796875
Epoch 12: loss = 19416.990234375
Epoch 13: loss = 16128.4931640625
Epoch 14: loss = 13866.7978515625
Epoch 15: loss = 12151.3095703125
Epoch 16: loss = 11006.89453125
Epoch 17: loss = 10148.876953125
Epoch 18: loss = 9507.3798828125
Epoch 19: loss = 9010.2109375
Epoch 20: loss = 8590.091796875
Epoch 21: loss = 8288.5244140625
Epoch 22: loss = 8063.60009765625
Epoch 23: loss = 7887.384765625
Epoch 24: loss = 7735.81787109375
Epoch 25: loss = 7611.27001953125
Epoch 26: loss = 7515.6337890625
Epoch 27: loss = 7439.869140625
Epoch 28: loss = 7375.4619140625
Epoch 29: loss = 7320.94970703125
Epoch 30: loss = 7278.88720703125
Epoch 31: loss = 7242.400390625
Epoch 32: loss = 7217.87744140625
Epoch 33: loss = 7196.1787109375
Epoch 34: loss = 7177.361328125
Epoch 35: loss = 7160.21337890625
Epoch 36: loss = 7146.6767578125
Epoch 37: loss = 7136.1484375
Epoch 38: loss = 7127.17431640625
Epoch 39: loss = 7118.5830078125
Epoch 40: loss = 7112.31884765625
Epoch 41: loss = 7106.884765625
Epoch 42: loss = 7102.533203125
Epoch 43: loss = 7098.53466796875
Epoch 44: loss = 7094.92822265625
Epoch 45: loss = 7091.59033203125
Epoch 46: loss = 7088.55322265625
Epoch 47: loss = 7086.06689453125
Epoch 48: loss = 7083.9365234375
Epoch 49: loss = 7082.083984375
Epoch 50: loss = 7080.3203125
Epoch 51: loss = 7078.80615234375
Epoch 52: loss = 7077.43994140625
Epoch 53: loss = 7076.36279296875
Epoch 54: loss = 7075.37841796875
Epoch 55: loss = 7074.59130859375
Epoch 56: loss = 7073.78369140625
Epoch 57: loss = 7073.02197265625
Epoch 58: loss = 7072.5009765625
Epoch 59: loss = 7071.9853515625
Epoch 60: loss = 7071.53564453125
Epoch 61: loss = 7071.13916015625
Epoch 62: loss = 7070.77587890625
Epoch 63: loss = 7070.47900390625
Epoch 64: loss = 7070.220703125
Epoch 65: loss = 7069.947265625
Epoch 66: loss = 7069.73681640625
Epoch 67: loss = 7069.5830078125
Epoch 68: loss = 7069.341796875
Epoch 69: loss = 7069.27685546875
Epoch 70: loss = 7069.0888671875
Epoch 71: loss = 7068.95166015625
Epoch 72: loss = 7068.87255859375
Epoch 73: loss = 7068.798828125
Epoch 74: loss = 7068.70556640625
Epoch 75: loss = 7068.62939453125
Epoch 76: loss = 7068.53125
Epoch 77: loss = 7068.49072265625
Epoch 78: loss = 7068.45068359375
Epoch 79: loss = 7068.3974609375
Epoch 80: loss = 7068.3818359375
Epoch 81: loss = 7068.28662109375
Epoch 82: loss = 7068.31640625
Epoch 83: loss = 7068.201171875
Epoch 84: loss = 7068.23095703125
Epoch 85: loss = 7068.197265625
Epoch 86: loss = 7068.16162109375
Epoch 87: loss = 7068.11376953125
Epoch 88: loss = 7068.14794921875
Epoch 89: loss = 7068.13818359375
Epoch 90: loss = 7068.15966796875
Epoch 91: loss = 7068.130859375
Epoch 92: loss = 7068.1005859375
Epoch 93: loss = 7068.06201171875
Epoch 94: loss = 7068.05126953125
Epoch 95: loss = 7068.07568359375
Epoch 96: loss = 7068.07421875
Epoch 97: loss = 7068.05322265625
Epoch 98: loss = 7068.072265625
Epoch 99: loss = 7068.01123046875
Epoch 100: loss = 7068.08837890625
Epoch 101: loss = 7068.06591796875
Epoch 102: loss = 7068.080078125
Epoch 103: loss = 7068.05908203125
Epoch 104: loss = 7068.05126953125
Early stopping at epoch 104 with loss 7068.01123046875
Reconstruction for fluence = 78475.99703514607 photons/pixel
Epoch 0: loss = 101724258304.0
Epoch 1: loss = 128437616.0
Epoch 2: loss = 22988288.0
Epoch 3: loss = 6365199.5
Epoch 4: loss = 2512301.5
Epoch 5: loss = 1189453.75
Epoch 6: loss = 688992.1875
Epoch 7: loss = 449936.65625
Epoch 8: loss = 296428.34375
Epoch 9: loss = 208077.453125
Epoch 10: loss = 152809.046875
Epoch 11: loss = 108926.8671875
Epoch 12: loss = 85170.6015625
Epoch 13: loss = 67809.75
Epoch 14: loss = 55453.875
Epoch 15: loss = 46646.27734375
Epoch 16: loss = 39775.26953125
Epoch 17: loss = 35187.29296875
Epoch 18: loss = 31634.52734375
Epoch 19: loss = 28669.126953125
Epoch 20: loss = 26336.2578125
Epoch 21: loss = 24459.744140625
Epoch 22: loss = 23141.642578125
Epoch 23: loss = 22223.228515625
Epoch 24: loss = 21345.900390625
Epoch 25: loss = 20684.314453125
Epoch 26: loss = 20113.447265625
Epoch 27: loss = 19683.447265625
Epoch 28: loss = 19330.201171875
Epoch 29: loss = 19046.3828125
Epoch 30: loss = 18803.6328125
Epoch 31: loss = 18603.6875
Epoch 32: loss = 18441.197265625
Epoch 33: loss = 18315.2734375
Epoch 34: loss = 18218.59375
Epoch 35: loss = 18131.66015625
Epoch 36: loss = 18063.197265625
Epoch 37: loss = 18007.4453125
Epoch 38: loss = 17956.44921875
Epoch 39: loss = 17916.724609375
Epoch 40: loss = 17880.78125
Epoch 41: loss = 17849.8046875
Epoch 42: loss = 17822.619140625
Epoch 43: loss = 17800.919921875
Epoch 44: loss = 17783.05078125
Epoch 45: loss = 17765.91015625
Epoch 46: loss = 17751.466796875
Epoch 47: loss = 17739.4453125
Epoch 48: loss = 17727.728515625
Epoch 49: loss = 17719.05078125
Epoch 50: loss = 17710.40234375
Epoch 51: loss = 17703.376953125
Epoch 52: loss = 17697.181640625
Epoch 53: loss = 17691.5625
Epoch 54: loss = 17687.24609375
Epoch 55: loss = 17682.513671875
Epoch 56: loss = 17678.71875
Epoch 57: loss = 17675.6328125
Epoch 58: loss = 17673.142578125
Epoch 59: loss = 17670.59765625
Epoch 60: loss = 17668.361328125
Epoch 61: loss = 17666.453125
Epoch 62: loss = 17666.275390625
Epoch 63: loss = 17664.33984375
Epoch 64: loss = 17663.009765625
Epoch 65: loss = 17661.5078125
Epoch 66: loss = 17661.431640625
Epoch 67: loss = 17660.111328125
Epoch 68: loss = 17659.169921875
Epoch 69: loss = 17658.263671875
Epoch 70: loss = 17657.396484375
Epoch 71: loss = 17656.88671875
Epoch 72: loss = 17656.12890625
Epoch 73: loss = 17655.701171875
Epoch 74: loss = 17655.044921875
Epoch 75: loss = 17654.392578125
Epoch 76: loss = 17654.056640625
Epoch 77: loss = 17653.84375
Epoch 78: loss = 17653.529296875
Epoch 79: loss = 17653.333984375
Epoch 80: loss = 17653.138671875
Epoch 81: loss = 17652.78515625
Epoch 82: loss = 17652.58984375
Epoch 83: loss = 17652.400390625
Epoch 84: loss = 17652.15625
Epoch 85: loss = 17652.17578125
Epoch 86: loss = 17651.884765625
Epoch 87: loss = 17652.056640625
Epoch 88: loss = 17651.8671875
Epoch 89: loss = 17651.712890625
Epoch 90: loss = 17651.77734375
Epoch 91: loss = 17651.44140625
Epoch 92: loss = 17651.365234375
Epoch 93: loss = 17651.55078125
Epoch 94: loss = 17651.611328125
Epoch 95: loss = 17651.294921875
Epoch 96: loss = 17651.333984375
Epoch 97: loss = 17651.326171875
Epoch 98: loss = 17651.228515625
Epoch 99: loss = 17651.28125
Epoch 100: loss = 17651.162109375
Epoch 101: loss = 17651.298828125
Epoch 102: loss = 17651.296875
Epoch 103: loss = 17651.1875
Epoch 104: loss = 17650.962890625
Epoch 105: loss = 17651.400390625
Epoch 106: loss = 17651.052734375
Epoch 107: loss = 17651.119140625
Epoch 108: loss = 17651.09765625
Epoch 109: loss = 17650.85546875
Epoch 110: loss = 17650.880859375
Epoch 111: loss = 17650.931640625
Epoch 112: loss = 17651.03125
Epoch 113: loss = 17651.048828125
Epoch 114: loss = 17650.947265625
Early stopping at epoch 114 with loss 17650.85546875
Reconstruction for fluence = 183298.07108324335 photons/pixel
Epoch 0: loss = 554940563456.0
Epoch 1: loss = 698155712.0
Epoch 2: loss = 117524792.0
Epoch 3: loss = 32889174.0
Epoch 4: loss = 13436494.0
Epoch 5: loss = 6208272.5
Epoch 6: loss = 3608879.5
Epoch 7: loss = 2375209.75
Epoch 8: loss = 1575144.375
Epoch 9: loss = 1087740.875
Epoch 10: loss = 734935.3125
Epoch 11: loss = 524015.84375
Epoch 12: loss = 404846.34375
Epoch 13: loss = 310574.09375
Epoch 14: loss = 238095.0625
Epoch 15: loss = 194038.015625
Epoch 16: loss = 154893.109375
Epoch 17: loss = 130780.640625
Epoch 18: loss = 110531.6484375
Epoch 19: loss = 94351.4609375
Epoch 20: loss = 81222.3515625
Epoch 21: loss = 72070.25
Epoch 22: loss = 65640.5390625
Epoch 23: loss = 61189.0
Epoch 24: loss = 56866.61328125
Epoch 25: loss = 53532.73828125
Epoch 26: loss = 50768.10546875
Epoch 27: loss = 48787.015625
Epoch 28: loss = 47032.015625
Epoch 29: loss = 45473.17578125
Epoch 30: loss = 44209.7265625
Epoch 31: loss = 43227.953125
Epoch 32: loss = 42483.015625
Epoch 33: loss = 41948.52734375
Epoch 34: loss = 41374.95703125
Epoch 35: loss = 40925.0625
Epoch 36: loss = 40556.640625
Epoch 37: loss = 40291.23046875
Epoch 38: loss = 40040.33984375
Epoch 39: loss = 39829.765625
Epoch 40: loss = 39643.296875
Epoch 41: loss = 39475.33984375
Epoch 42: loss = 39359.58203125
Epoch 43: loss = 39255.5
Epoch 44: loss = 39163.55078125
Epoch 45: loss = 39080.90234375
Epoch 46: loss = 39002.89453125
Epoch 47: loss = 38940.6015625
Epoch 48: loss = 38895.515625
Epoch 49: loss = 38852.0
Epoch 50: loss = 38811.91015625
Epoch 51: loss = 38776.66015625
Epoch 52: loss = 38744.625
Epoch 53: loss = 38720.74609375
Epoch 54: loss = 38697.8203125
Epoch 55: loss = 38676.71875
Epoch 56: loss = 38657.375
Epoch 57: loss = 38641.703125
Epoch 58: loss = 38628.96484375
Epoch 59: loss = 38616.80078125
Epoch 60: loss = 38605.21484375
Epoch 61: loss = 38595.35546875
Epoch 62: loss = 38586.859375
Epoch 63: loss = 38579.42578125
Epoch 64: loss = 38572.16015625
Epoch 65: loss = 38567.30859375
Epoch 66: loss = 38560.9375
Epoch 67: loss = 38556.2578125
Epoch 68: loss = 38552.62109375
Epoch 69: loss = 38548.42578125
Epoch 70: loss = 38544.859375
Epoch 71: loss = 38541.67578125
Epoch 72: loss = 38538.4375
Epoch 73: loss = 38536.6171875
Epoch 74: loss = 38533.97265625
Epoch 75: loss = 38532.17578125
Epoch 76: loss = 38532.21875
Epoch 77: loss = 38530.8828125
Epoch 78: loss = 38529.73828125
Epoch 79: loss = 38527.5
Epoch 80: loss = 38526.81640625
Epoch 81: loss = 38525.62109375
Epoch 82: loss = 38524.45703125
Epoch 83: loss = 38523.2578125
Epoch 84: loss = 38523.36328125
Epoch 85: loss = 38521.98046875
Epoch 86: loss = 38521.73828125
Epoch 87: loss = 38520.26953125
Epoch 88: loss = 38520.33984375
Epoch 89: loss = 38520.01953125
Epoch 90: loss = 38518.90625
Epoch 91: loss = 38519.328125
Epoch 92: loss = 38518.76953125
Epoch 93: loss = 38518.61328125
Epoch 94: loss = 38518.08984375
Epoch 95: loss = 38517.46875
Epoch 96: loss = 38518.515625
Epoch 97: loss = 38518.11328125
Epoch 98: loss = 38517.92578125
Epoch 99: loss = 38516.73046875
Epoch 100: loss = 38516.94140625
Epoch 101: loss = 38517.125
Epoch 102: loss = 38516.9609375
Epoch 103: loss = 38516.8046875
Epoch 104: loss = 38516.7578125
Early stopping at epoch 104 with loss 38516.73046875
Reconstruction for fluence = 428133.2398719387 photons/pixel
Epoch 0: loss = 3027511017472.0
Epoch 1: loss = 3814083584.0
Epoch 2: loss = 640683968.0
Epoch 3: loss = 182795520.0
Epoch 4: loss = 73614920.0
Epoch 5: loss = 33733732.0
Epoch 6: loss = 20312022.0
Epoch 7: loss = 12978587.0
Epoch 8: loss = 8560077.0
Epoch 9: loss = 5789261.5
Epoch 10: loss = 3795089.0
Epoch 11: loss = 2788146.75
Epoch 12: loss = 2106863.25
Epoch 13: loss = 1575486.0
Epoch 14: loss = 1215730.625
Epoch 15: loss = 930137.6875
Epoch 16: loss = 739139.0
Epoch 17: loss = 595328.875
Epoch 18: loss = 484233.40625
Epoch 19: loss = 398951.15625
Epoch 20: loss = 328659.5625
Epoch 21: loss = 282847.8125
Epoch 22: loss = 250329.71875
Epoch 23: loss = 221632.421875
Epoch 24: loss = 198039.984375
Epoch 25: loss = 179170.125
Epoch 26: loss = 162921.5
Epoch 27: loss = 151948.90625
Epoch 28: loss = 142926.703125
Epoch 29: loss = 135098.953125
Epoch 30: loss = 128694.890625
Epoch 31: loss = 123312.2109375
Epoch 32: loss = 119450.609375
Epoch 33: loss = 116260.984375
Epoch 34: loss = 113629.9453125
Epoch 35: loss = 111433.8515625
Epoch 36: loss = 109417.3984375
Epoch 37: loss = 108069.1640625
Epoch 38: loss = 106833.375
Epoch 39: loss = 105829.8828125
Epoch 40: loss = 104879.3046875
Epoch 41: loss = 104073.1796875
Epoch 42: loss = 103469.3984375
Epoch 43: loss = 102882.6015625
Epoch 44: loss = 102405.7265625
Epoch 45: loss = 101932.2265625
Epoch 46: loss = 101517.6640625
Epoch 47: loss = 101167.5625
Epoch 48: loss = 100892.265625
Epoch 49: loss = 100643.8203125
Epoch 50: loss = 100417.0546875
Epoch 51: loss = 100232.125
Epoch 52: loss = 100071.921875
Epoch 53: loss = 99931.4296875
Epoch 54: loss = 99810.265625
Epoch 55: loss = 99697.9296875
Epoch 56: loss = 99599.9140625
Epoch 57: loss = 99514.21875
Epoch 58: loss = 99446.1015625
Epoch 59: loss = 99377.8125
Epoch 60: loss = 99325.6953125
Epoch 61: loss = 99269.2890625
Epoch 62: loss = 99219.640625
Epoch 63: loss = 99178.140625
Epoch 64: loss = 99140.2109375
Epoch 65: loss = 99112.984375
Epoch 66: loss = 99080.7421875
Epoch 67: loss = 99049.5703125
Epoch 68: loss = 99027.75
Epoch 69: loss = 99004.125
Epoch 70: loss = 98986.9296875
Epoch 71: loss = 98971.4140625
Epoch 72: loss = 98956.1015625
Epoch 73: loss = 98941.8359375
Epoch 74: loss = 98943.1953125
Epoch 75: loss = 98928.6796875
Epoch 76: loss = 98921.28125
Epoch 77: loss = 98909.0859375
Epoch 78: loss = 98902.2890625
Epoch 79: loss = 98895.4921875
Epoch 80: loss = 98887.46875
Epoch 81: loss = 98881.9453125
Epoch 82: loss = 98878.3515625
Epoch 83: loss = 98871.84375
Epoch 84: loss = 98869.0
Epoch 85: loss = 98871.7109375
Epoch 86: loss = 98863.7265625
Epoch 87: loss = 98865.3203125
Epoch 88: loss = 98858.2421875
Epoch 89: loss = 98855.8515625
Epoch 90: loss = 98851.546875
Epoch 91: loss = 98848.8671875
Epoch 92: loss = 98848.984375
Epoch 93: loss = 98849.1875
Epoch 94: loss = 98843.25
Epoch 95: loss = 98840.859375
Epoch 96: loss = 98842.40625
Epoch 97: loss = 98841.140625
Epoch 98: loss = 98836.9453125
Epoch 99: loss = 98838.15625
Epoch 100: loss = 98837.4609375
Epoch 101: loss = 98835.6015625
Epoch 102: loss = 98836.21875
Epoch 103: loss = 98835.9296875
Epoch 104: loss = 98834.515625
Epoch 105: loss = 98833.7890625
Epoch 106: loss = 98831.28125
Epoch 107: loss = 98831.28125
Epoch 108: loss = 98832.2265625
Epoch 109: loss = 98831.359375
Epoch 110: loss = 98830.9375
Epoch 111: loss = 98831.390625
Epoch 112: loss = 98831.5390625
Epoch 113: loss = 98830.71875
Epoch 114: loss = 98830.2265625
Epoch 115: loss = 98828.671875
Epoch 116: loss = 98829.203125
Epoch 117: loss = 98828.6640625
Epoch 118: loss = 98829.265625
Epoch 119: loss = 98827.8515625
Epoch 120: loss = 98827.9765625
Epoch 121: loss = 98827.0078125
Epoch 122: loss = 98828.109375
Epoch 123: loss = 98827.2890625
Epoch 124: loss = 98826.75
Epoch 125: loss = 98828.2265625
Epoch 126: loss = 98829.0546875
Epoch 127: loss = 98828.0546875
Epoch 128: loss = 98824.984375
Epoch 129: loss = 98827.484375
Epoch 130: loss = 98828.359375
Epoch 131: loss = 98828.875
Epoch 132: loss = 98826.15625
Epoch 133: loss = 98826.6953125
Early stopping at epoch 133 with loss 98824.984375
Reconstruction for fluence = 1000000.0 photons/pixel
Epoch 0: loss = 16517482676224.0
Epoch 1: loss = 20807858176.0
Epoch 2: loss = 3546313472.0
Epoch 3: loss = 1022814912.0
Epoch 4: loss = 388552128.0
Epoch 5: loss = 180990608.0
Epoch 6: loss = 104769352.0
Epoch 7: loss = 67109920.0
Epoch 8: loss = 45154056.0
Epoch 9: loss = 31155182.0
Epoch 10: loss = 20569660.0
Epoch 11: loss = 14878562.0
Epoch 12: loss = 11161166.0
Epoch 13: loss = 8474790.0
Epoch 14: loss = 6328985.0
Epoch 15: loss = 4819292.5
Epoch 16: loss = 3762318.75
Epoch 17: loss = 2989693.5
Epoch 18: loss = 2374523.25
Epoch 19: loss = 1897968.625
Epoch 20: loss = 1512415.375
Epoch 21: loss = 1250148.375
Epoch 22: loss = 1084371.75
Epoch 23: loss = 916676.0
Epoch 24: loss = 779393.3125
Epoch 25: loss = 674818.8125
Epoch 26: loss = 586355.625
Epoch 27: loss = 534361.0625
Epoch 28: loss = 478111.0625
Epoch 29: loss = 439058.21875
Epoch 30: loss = 397074.84375
Epoch 31: loss = 367068.28125
Epoch 32: loss = 344531.40625
Epoch 33: loss = 326158.34375
Epoch 34: loss = 309825.40625
Epoch 35: loss = 295074.65625
Epoch 36: loss = 282936.9375
Epoch 37: loss = 274272.3125
Epoch 38: loss = 266643.21875
Epoch 39: loss = 260157.171875
Epoch 40: loss = 254146.859375
Epoch 41: loss = 249329.921875
Epoch 42: loss = 245702.453125
Epoch 43: loss = 242424.609375
Epoch 44: loss = 239741.25
Epoch 45: loss = 237233.78125
Epoch 46: loss = 234826.828125
Epoch 47: loss = 232791.171875
Epoch 48: loss = 231348.703125
Epoch 49: loss = 229991.703125
Epoch 50: loss = 228732.8125
Epoch 51: loss = 227679.09375
Epoch 52: loss = 226683.203125
Epoch 53: loss = 225968.5
Epoch 54: loss = 225267.671875
Epoch 55: loss = 224614.328125
Epoch 56: loss = 224019.5
Epoch 57: loss = 223468.609375
Epoch 58: loss = 223035.578125
Epoch 59: loss = 222665.453125
Epoch 60: loss = 222341.046875
Epoch 61: loss = 222034.421875
Epoch 62: loss = 221753.46875
Epoch 63: loss = 221552.3125
Epoch 64: loss = 221352.078125
Epoch 65: loss = 221162.671875
Epoch 66: loss = 221002.59375
Epoch 67: loss = 220854.21875
Epoch 68: loss = 220730.8125
Epoch 69: loss = 220615.9375
Epoch 70: loss = 220509.40625
Epoch 71: loss = 220412.640625
Epoch 72: loss = 220332.40625
Epoch 73: loss = 220263.53125
Epoch 74: loss = 220209.25
Epoch 75: loss = 220140.828125
Epoch 76: loss = 220092.8125
Epoch 77: loss = 220052.578125
Epoch 78: loss = 220012.078125
Epoch 79: loss = 219972.8125
Epoch 80: loss = 219939.703125
Epoch 81: loss = 219910.21875
Epoch 82: loss = 219885.171875
Epoch 83: loss = 219864.671875
Epoch 84: loss = 219840.359375
Epoch 85: loss = 219826.15625
Epoch 86: loss = 219801.21875
Epoch 87: loss = 219792.359375
Epoch 88: loss = 219782.703125
Epoch 89: loss = 219767.140625
Epoch 90: loss = 219753.578125
Epoch 91: loss = 219743.0
Epoch 92: loss = 219738.296875
Epoch 93: loss = 219722.953125
Epoch 94: loss = 219717.640625
Epoch 95: loss = 219703.453125
Epoch 96: loss = 219702.640625
Epoch 97: loss = 219695.78125
Epoch 98: loss = 219699.671875
Epoch 99: loss = 219699.5
Epoch 100: loss = 219681.4375
Epoch 101: loss = 219680.859375
Epoch 102: loss = 219682.828125
Epoch 103: loss = 219680.09375
Epoch 104: loss = 219679.3125
Epoch 105: loss = 219680.3125
Epoch 106: loss = 219668.578125
Epoch 107: loss = 219665.484375
Epoch 108: loss = 219662.078125
Epoch 109: loss = 219653.25
Epoch 110: loss = 219662.0
Epoch 111: loss = 219656.734375
Epoch 112: loss = 219648.53125
Epoch 113: loss = 219650.453125
Epoch 114: loss = 219645.53125
Epoch 115: loss = 219656.09375
Epoch 116: loss = 219655.0625
Epoch 117: loss = 219649.203125
Epoch 118: loss = 219647.71875
Epoch 119: loss = 219643.359375
Epoch 120: loss = 219648.5625
Epoch 121: loss = 219642.578125
Epoch 122: loss = 219648.328125
Epoch 123: loss = 219630.484375
Epoch 124: loss = 219649.625
Epoch 125: loss = 219650.03125
Epoch 126: loss = 219644.6875
Epoch 127: loss = 219641.359375
Epoch 128: loss = 219642.515625
Early stopping at epoch 128 with loss 219630.484375
Tensors initialization on device cuda
Multiprobe = band_lim
torch.Size([1, 64, 64])

('MSE', 'PoissonNLL') RECONSTRUCTIONS

Reconstruction for fluence = 0.09999999999999999 photons/pixel
Epoch 0: loss = 0.2970820665359497
Epoch 1: loss = 0.054472506046295166
Epoch 2: loss = 0.04532401263713837
Epoch 3: loss = 0.04301508143544197
Epoch 4: loss = 0.04219527542591095
Epoch 5: loss = 0.04183715209364891
Epoch 6: loss = 0.0416986420750618
Epoch 7: loss = 0.041605740785598755
Epoch 8: loss = 0.04155552014708519
Epoch 9: loss = 0.041518040001392365
Epoch 10: loss = 0.041491515934467316
Epoch 11: loss = 0.04147108271718025
Epoch 12: loss = 0.041455864906311035
Epoch 13: loss = 0.0414418950676918
Epoch 14: loss = 0.04143170639872551
Epoch 0: loss = 0.12167773395776749
Epoch 1: loss = 0.08069048821926117
Epoch 2: loss = 0.07836536318063736
Epoch 3: loss = 0.07783211767673492
Epoch 4: loss = 0.07756247371435165
Epoch 5: loss = 0.07750578969717026
Epoch 6: loss = 0.07749343663454056
Epoch 7: loss = 0.07749060541391373
Epoch 8: loss = 0.07748964428901672
Epoch 9: loss = 0.07748941332101822
Early stopping at epoch 9 with loss 0.07756247371435165
Reconstruction for fluence = 0.23357214690901223 photons/pixel
Epoch 0: loss = 1.2656378746032715
Epoch 1: loss = 0.12253795564174652
Epoch 2: loss = 0.09872844815254211
Epoch 3: loss = 0.09285010397434235
Epoch 4: loss = 0.09098619967699051
Epoch 5: loss = 0.0903102308511734
Epoch 6: loss = 0.09002834558486938
Epoch 7: loss = 0.0898141860961914
Epoch 8: loss = 0.08968158811330795
Epoch 9: loss = 0.08962128311395645
Epoch 10: loss = 0.08959388732910156
Epoch 11: loss = 0.08958026021718979
Epoch 12: loss = 0.08957191556692123
Epoch 13: loss = 0.08956366777420044
Epoch 14: loss = 0.08955667912960052
Epoch 0: loss = 0.06445544958114624
Epoch 1: loss = 0.004466032609343529
Epoch 2: loss = 0.001862494507804513
Epoch 3: loss = 0.001531696179881692
Epoch 4: loss = 0.0014602020382881165
Epoch 5: loss = 0.0014168587513267994
Epoch 6: loss = 0.0013575662160292268
Epoch 7: loss = 0.0013086700346320868
Epoch 8: loss = 0.0012997686862945557
Epoch 9: loss = 0.0012959042796865106
Epoch 10: loss = 0.0012916723499074578
Epoch 11: loss = 0.0012658648192882538
Epoch 12: loss = 0.001263169338926673
Early stopping at epoch 12 with loss 0.0013086700346320868
Reconstruction for fluence = 0.5455594781168519 photons/pixel
Epoch 0: loss = 6.309683799743652
Epoch 1: loss = 0.28647980093955994
Epoch 2: loss = 0.219939187169075
Epoch 3: loss = 0.20416827499866486
Epoch 4: loss = 0.19849957525730133
Epoch 5: loss = 0.19639131426811218
Epoch 6: loss = 0.19564229249954224
Epoch 7: loss = 0.19527240097522736
Epoch 8: loss = 0.19508619606494904
Epoch 9: loss = 0.1949760466814041
Epoch 10: loss = 0.19490842521190643
Epoch 11: loss = 0.1948632448911667
Epoch 12: loss = 0.1948339194059372
Epoch 13: loss = 0.19481107592582703
Epoch 14: loss = 0.19468100368976593
Epoch 0: loss = -0.31904152035713196
Epoch 1: loss = -0.40688133239746094
Epoch 2: loss = -0.4117622971534729
Epoch 3: loss = -0.41258111596107483
Epoch 4: loss = -0.41281765699386597
Epoch 5: loss = -0.41289693117141724
Epoch 6: loss = -0.41292890906333923
Epoch 7: loss = -0.41293948888778687
Epoch 8: loss = -0.4129432439804077
Epoch 9: loss = -0.4129471778869629
Epoch 10: loss = -0.41296276450157166
Epoch 11: loss = -0.41297265887260437
Early stopping at epoch 11 with loss -0.41292890906333923
Reconstruction for fluence = 1.2742749857031335 photons/pixel
Epoch 0: loss = 32.08633804321289
Epoch 1: loss = 0.700046181678772
Epoch 2: loss = 0.5043008923530579
Epoch 3: loss = 0.4541078209877014
Epoch 4: loss = 0.43545690178871155
Epoch 5: loss = 0.4288264513015747
Epoch 6: loss = 0.4265698492527008
Epoch 7: loss = 0.42552995681762695
Epoch 8: loss = 0.42486536502838135
Epoch 9: loss = 0.42445138096809387
Epoch 10: loss = 0.42420315742492676
Epoch 11: loss = 0.42408397793769836
Epoch 12: loss = 0.4240192770957947
Epoch 13: loss = 0.42397579550743103
Epoch 14: loss = 0.42394518852233887
Epoch 0: loss = -1.9082374572753906
Epoch 1: loss = -2.03733229637146
Epoch 2: loss = -2.0453782081604004
Epoch 3: loss = -2.0465335845947266
Epoch 4: loss = -2.0469305515289307
Epoch 5: loss = -2.047107696533203
Epoch 6: loss = -2.0471832752227783
Epoch 7: loss = -2.047241687774658
Epoch 8: loss = -2.047274351119995
Epoch 9: loss = -2.0472805500030518
Epoch 10: loss = -2.04728102684021
Epoch 11: loss = -2.0472824573516846
Epoch 12: loss = -2.047283172607422
Early stopping at epoch 12 with loss -2.047241687774658
Reconstruction for fluence = 2.976351441631318 photons/pixel
Epoch 0: loss = 173.29058837890625
Epoch 1: loss = 1.7427690029144287
Epoch 2: loss = 1.136623740196228
Epoch 3: loss = 0.991262674331665
Epoch 4: loss = 0.9349701404571533
Epoch 5: loss = 0.9115411043167114
Epoch 6: loss = 0.9031174778938293
Epoch 7: loss = 0.898802638053894
Epoch 8: loss = 0.8961567282676697
Epoch 9: loss = 0.894622802734375
Epoch 10: loss = 0.8937485218048096
Epoch 11: loss = 0.8932967782020569
Epoch 12: loss = 0.8930736184120178
Epoch 13: loss = 0.8929067254066467
Epoch 14: loss = 0.8927890062332153
Epoch 0: loss = -7.029557704925537
Epoch 1: loss = -7.2102952003479
Epoch 2: loss = -7.22278356552124
Epoch 3: loss = -7.224888324737549
Epoch 4: loss = -7.225536823272705
Epoch 5: loss = -7.225838661193848
Epoch 6: loss = -7.225977420806885
Epoch 7: loss = -7.22609806060791
Epoch 8: loss = -7.22631311416626
Epoch 9: loss = -7.226377010345459
Epoch 10: loss = -7.226393222808838
Epoch 11: loss = -7.226399898529053
Epoch 12: loss = -7.226401329040527
Epoch 13: loss = -7.22640323638916
Early stopping at epoch 13 with loss -7.22631311416626
Reconstruction for fluence = 6.9519279617756045 photons/pixel
Epoch 0: loss = 925.6167602539062
Epoch 1: loss = 4.397202491760254
Epoch 2: loss = 2.5573487281799316
Epoch 3: loss = 2.146928071975708
Epoch 4: loss = 1.9796324968338013
Epoch 5: loss = 1.9082627296447754
Epoch 6: loss = 1.8772315979003906
Epoch 7: loss = 1.85882568359375
Epoch 8: loss = 1.847625732421875
Epoch 9: loss = 1.8394845724105835
Epoch 10: loss = 1.8354560136795044
Epoch 11: loss = 1.833314061164856
Epoch 12: loss = 1.8319802284240723
Epoch 13: loss = 1.8311026096343994
Epoch 14: loss = 1.83053719997406
Epoch 0: loss = -22.522014617919922
Epoch 1: loss = -22.76078224182129
Epoch 2: loss = -22.77766227722168
Epoch 3: loss = -22.780935287475586
Epoch 4: loss = -22.782344818115234
Epoch 5: loss = -22.783174514770508
Epoch 6: loss = -22.78357696533203
Epoch 7: loss = -22.783857345581055
Epoch 8: loss = -22.784027099609375
Epoch 9: loss = -22.78407096862793
Epoch 10: loss = -22.78411293029785
Epoch 11: loss = -22.78412628173828
Epoch 12: loss = -22.7841739654541
Epoch 13: loss = -22.784181594848633
Epoch 14: loss = -22.784196853637695
Epoch 15: loss = -22.78420066833496
Epoch 16: loss = -22.78420066833496
Epoch 17: loss = -22.78420639038086
Early stopping at epoch 17 with loss -22.7841739654541
Reconstruction for fluence = 16.23776739188721 photons/pixel
Epoch 0: loss = 5043.42333984375
Epoch 1: loss = 15.410548210144043
Epoch 2: loss = 6.728951930999756
Epoch 3: loss = 5.214163303375244
Epoch 4: loss = 4.671060562133789
Epoch 5: loss = 4.398914813995361
Epoch 6: loss = 4.288393497467041
Epoch 7: loss = 4.221352577209473
Epoch 8: loss = 4.1804423332214355
Epoch 9: loss = 4.154814720153809
Epoch 10: loss = 4.1389851570129395
Epoch 11: loss = 4.130995273590088
Epoch 12: loss = 4.125639915466309
Epoch 13: loss = 4.122120380401611
Epoch 14: loss = 4.119667053222656
Epoch 0: loss = -66.5018081665039
Epoch 1: loss = -66.82709503173828
Epoch 2: loss = -66.84981536865234
Epoch 3: loss = -66.85557556152344
Epoch 4: loss = -66.85831451416016
Epoch 5: loss = -66.85945129394531
Epoch 6: loss = -66.86002349853516
Epoch 7: loss = -66.8603515625
Epoch 8: loss = -66.86038208007812
Epoch 9: loss = -66.86038970947266
Epoch 10: loss = -66.86043548583984
Epoch 11: loss = -66.8604507446289
Epoch 12: loss = -66.86048889160156
Epoch 13: loss = -66.86050415039062
Epoch 14: loss = -66.86051177978516
Epoch 15: loss = -66.86051940917969
Epoch 16: loss = -66.86054229736328
Epoch 17: loss = -66.86054229736328
Early stopping at epoch 17 with loss -66.86048889160156
Reconstruction for fluence = 37.926901907322495 photons/pixel
Epoch 0: loss = 27408.814453125
Epoch 1: loss = 52.49724197387695
Epoch 2: loss = 18.22990608215332
Epoch 3: loss = 12.633774757385254
Epoch 4: loss = 10.773093223571777
Epoch 5: loss = 9.997823715209961
Epoch 6: loss = 9.659329414367676
Epoch 7: loss = 9.459759712219238
Epoch 8: loss = 9.319477081298828
Epoch 9: loss = 9.228628158569336
Epoch 10: loss = 9.167763710021973
Epoch 11: loss = 9.134566307067871
Epoch 12: loss = 9.111712455749512
Epoch 13: loss = 9.096183776855469
Epoch 14: loss = 9.084280014038086
Epoch 0: loss = -187.7890625
Epoch 1: loss = -188.23158264160156
Epoch 2: loss = -188.26461791992188
Epoch 3: loss = -188.2723846435547
Epoch 4: loss = -188.27569580078125
Epoch 5: loss = -188.2770538330078
Epoch 6: loss = -188.2772979736328
Epoch 7: loss = -188.2777862548828
Epoch 8: loss = -188.2779998779297
Epoch 9: loss = -188.2781524658203
Epoch 10: loss = -188.27821350097656
Epoch 11: loss = -188.2782745361328
Epoch 12: loss = -188.2782745361328
Epoch 13: loss = -188.2783203125
Epoch 14: loss = -188.27838134765625
Epoch 15: loss = -188.27838134765625
Epoch 16: loss = -188.2783966064453
Epoch 17: loss = -188.2783966064453
Epoch 18: loss = -188.27842712402344
Epoch 19: loss = -188.2784423828125
Epoch 20: loss = -188.27845764160156
Epoch 21: loss = -188.27850341796875
Early stopping at epoch 21 with loss -188.2783966064453
Reconstruction for fluence = 88.58667904100822 photons/pixel
Epoch 0: loss = 150007.453125
Epoch 1: loss = 205.25962829589844
Epoch 2: loss = 54.58317184448242
Epoch 3: loss = 32.45352554321289
Epoch 4: loss = 25.39308738708496
Epoch 5: loss = 22.58087730407715
Epoch 6: loss = 21.60287857055664
Epoch 7: loss = 20.76664161682129
Epoch 8: loss = 20.295862197875977
Epoch 9: loss = 20.00194549560547
Epoch 10: loss = 19.792139053344727
Epoch 11: loss = 19.6766414642334
Epoch 12: loss = 19.588735580444336
Epoch 13: loss = 19.527090072631836
Epoch 14: loss = 19.47951889038086
Epoch 0: loss = -513.3080444335938
Epoch 1: loss = -513.8803100585938
Epoch 2: loss = -513.9310913085938
Epoch 3: loss = -513.9425048828125
Epoch 4: loss = -513.9475708007812
Epoch 5: loss = -513.9503784179688
Epoch 6: loss = -513.9528198242188
Epoch 7: loss = -513.9530029296875
Epoch 8: loss = -513.953125
Epoch 9: loss = -513.953369140625
Epoch 10: loss = -513.953369140625
Epoch 11: loss = -513.9534301757812
Epoch 12: loss = -513.9536743164062
Epoch 13: loss = -513.9539184570312
Epoch 14: loss = -513.954345703125
Epoch 15: loss = -513.9546508789062
Epoch 16: loss = -513.9548950195312
Epoch 17: loss = -513.9548950195312
Epoch 18: loss = -513.9549560546875
Epoch 19: loss = -513.9549560546875
Epoch 20: loss = -513.955078125
Epoch 21: loss = -513.955078125
Epoch 22: loss = -513.9552001953125
Epoch 23: loss = -513.9552001953125
Epoch 24: loss = -513.9552612304688
Epoch 25: loss = -513.9553833007812
Epoch 26: loss = -513.9553833007812
Epoch 27: loss = -513.9553833007812
Epoch 28: loss = -513.9553833007812
Epoch 29: loss = -513.9555053710938
Epoch 30: loss = -513.9555053710938
Epoch 31: loss = -513.9556274414062
Epoch 32: loss = -513.9556274414062
Epoch 33: loss = -513.9557495117188
Epoch 34: loss = -513.9557495117188
Epoch 35: loss = -513.9558715820312
Epoch 36: loss = -513.9558715820312
Epoch 37: loss = -513.9559326171875
Epoch 38: loss = -513.9559326171875
Epoch 39: loss = -513.9559326171875
Epoch 40: loss = -513.9559326171875
Epoch 41: loss = -513.9559326171875
Epoch 42: loss = -513.9560546875
Early stopping at epoch 42 with loss -513.9559326171875
Reconstruction for fluence = 206.9138081114788 photons/pixel
Epoch 0: loss = 816668.3125
Epoch 1: loss = 1090.408203125
Epoch 2: loss = 215.7110137939453
Epoch 3: loss = 101.9119873046875
Epoch 4: loss = 70.49871063232422
Epoch 5: loss = 60.2802619934082
Epoch 6: loss = 55.58774185180664
Epoch 7: loss = 53.01622009277344
Epoch 8: loss = 51.150550842285156
Epoch 9: loss = 49.93571090698242
Epoch 10: loss = 49.16007614135742
Epoch 11: loss = 48.639564514160156
Epoch 12: loss = 48.30691909790039
Epoch 13: loss = 48.06264877319336
Epoch 14: loss = 47.885711669921875
Epoch 0: loss = -1375.6617431640625
Epoch 1: loss = -1376.43017578125
Epoch 2: loss = -1376.49169921875
Epoch 3: loss = -1376.5050048828125
Epoch 4: loss = -1376.5084228515625
Epoch 5: loss = -1376.5103759765625
Epoch 6: loss = -1376.51123046875
Epoch 7: loss = -1376.511962890625
Epoch 8: loss = -1376.51220703125
Epoch 9: loss = -1376.5123291015625
Epoch 10: loss = -1376.512451171875
Epoch 11: loss = -1376.5125732421875
Epoch 12: loss = -1376.5126953125
Epoch 13: loss = -1376.5130615234375
Epoch 14: loss = -1376.513427734375
Epoch 15: loss = -1376.513427734375
Epoch 16: loss = -1376.513916015625
Epoch 17: loss = -1376.51416015625
Epoch 18: loss = -1376.5142822265625
Epoch 19: loss = -1376.5142822265625
Epoch 20: loss = -1376.5142822265625
Epoch 21: loss = -1376.5142822265625
Epoch 22: loss = -1376.5142822265625
Early stopping at epoch 22 with loss -1376.51416015625
Reconstruction for fluence = 483.2930238571752 photons/pixel
Epoch 0: loss = 4454682.5
Epoch 1: loss = 5039.61181640625
Epoch 2: loss = 901.2083129882812
Epoch 3: loss = 340.82464599609375
Epoch 4: loss = 199.44398498535156
Epoch 5: loss = 150.21156311035156
Epoch 6: loss = 132.76828002929688
Epoch 7: loss = 123.70769500732422
Epoch 8: loss = 117.27631378173828
Epoch 9: loss = 113.2136001586914
Epoch 10: loss = 110.56587982177734
Epoch 11: loss = 108.97538757324219
Epoch 12: loss = 107.8443374633789
Epoch 13: loss = 106.9371109008789
Epoch 14: loss = 106.19058227539062
Epoch 0: loss = -3623.97119140625
Epoch 1: loss = -3624.910400390625
Epoch 2: loss = -3624.990966796875
Epoch 3: loss = -3625.004638671875
Epoch 4: loss = -3625.005126953125
Epoch 5: loss = -3625.005615234375
Epoch 6: loss = -3625.00732421875
Epoch 7: loss = -3625.0078125
Epoch 8: loss = -3625.0078125
Epoch 9: loss = -3625.009033203125
Epoch 10: loss = -3625.009033203125
Epoch 11: loss = -3625.010009765625
Epoch 12: loss = -3625.010986328125
Epoch 13: loss = -3625.010986328125
Epoch 14: loss = -3625.01171875
Epoch 15: loss = -3625.0126953125
Epoch 16: loss = -3625.013427734375
Epoch 17: loss = -3625.013916015625
Epoch 18: loss = -3625.014404296875
Epoch 19: loss = -3625.014404296875
Epoch 20: loss = -3625.014892578125
Epoch 21: loss = -3625.014892578125
Epoch 22: loss = -3625.014892578125
Epoch 23: loss = -3625.015625
Epoch 24: loss = -3625.015625
Epoch 25: loss = -3625.015625
Epoch 26: loss = -3625.015869140625
Epoch 27: loss = -3625.015869140625
Epoch 28: loss = -3625.0166015625
Epoch 29: loss = -3625.0166015625
Epoch 30: loss = -3625.0166015625
Epoch 31: loss = -3625.016845703125
Epoch 32: loss = -3625.016845703125
Epoch 33: loss = -3625.016845703125
Epoch 34: loss = -3625.016845703125
Epoch 35: loss = -3625.016845703125
Epoch 36: loss = -3625.016845703125
Early stopping at epoch 36 with loss -3625.016845703125
Reconstruction for fluence = 1128.8378916846884 photons/pixel
Epoch 0: loss = 24289938.0
Epoch 1: loss = 28768.28515625
Epoch 2: loss = 4392.26513671875
Epoch 3: loss = 1406.49658203125
Epoch 4: loss = 720.6339111328125
Epoch 5: loss = 476.1507873535156
Epoch 6: loss = 377.957763671875
Epoch 7: loss = 328.6883239746094
Epoch 8: loss = 301.3043518066406
Epoch 9: loss = 284.4374084472656
Epoch 10: loss = 273.9573669433594
Epoch 11: loss = 267.9733581542969
Epoch 12: loss = 263.45361328125
Epoch 13: loss = 260.1141052246094
Epoch 14: loss = 257.87176513671875
Epoch 0: loss = -9422.0625
Epoch 1: loss = -9423.359375
Epoch 2: loss = -9423.4423828125
Epoch 3: loss = -9423.4501953125
Epoch 4: loss = -9423.451171875
Epoch 5: loss = -9423.453125
Epoch 6: loss = -9423.453125
Epoch 7: loss = -9423.455078125
Epoch 8: loss = -9423.455078125
Epoch 9: loss = -9423.45703125
Epoch 10: loss = -9423.45703125
Epoch 11: loss = -9423.4580078125
Epoch 12: loss = -9423.4580078125
Epoch 13: loss = -9423.458984375
Epoch 14: loss = -9423.458984375
Epoch 15: loss = -9423.4599609375
Epoch 16: loss = -9423.4599609375
Epoch 17: loss = -9423.4609375
Epoch 18: loss = -9423.4609375
Epoch 19: loss = -9423.4609375
Epoch 20: loss = -9423.4619140625
Epoch 21: loss = -9423.4619140625
Epoch 22: loss = -9423.4619140625
Epoch 23: loss = -9423.4619140625
Epoch 24: loss = -9423.4619140625
Epoch 25: loss = -9423.4619140625
Early stopping at epoch 25 with loss -9423.4619140625
Reconstruction for fluence = 2636.6508987303555 photons/pixel
Epoch 0: loss = 132509184.0
Epoch 1: loss = 145183.0625
Epoch 2: loss = 22839.60546875
Epoch 3: loss = 6443.9521484375
Epoch 4: loss = 2856.513916015625
Epoch 5: loss = 1579.5826416015625
Epoch 6: loss = 1152.433349609375
Epoch 7: loss = 924.1023559570312
Epoch 8: loss = 781.8967895507812
Epoch 9: loss = 693.89404296875
Epoch 10: loss = 642.5035400390625
Epoch 11: loss = 610.8365478515625
Epoch 12: loss = 590.6058959960938
Epoch 13: loss = 576.7018432617188
Epoch 14: loss = 566.3108520507812
Epoch 0: loss = -24250.34375
Epoch 1: loss = -24251.853515625
Epoch 2: loss = -24251.900390625
Epoch 3: loss = -24251.90625
Epoch 4: loss = -24251.916015625
Epoch 5: loss = -24251.916015625
Epoch 6: loss = -24251.919921875
Epoch 7: loss = -24251.919921875
Epoch 8: loss = -24251.919921875
Epoch 9: loss = -24251.923828125
Epoch 10: loss = -24251.923828125
Epoch 11: loss = -24251.923828125
Epoch 12: loss = -24251.923828125
Epoch 13: loss = -24251.923828125
Epoch 14: loss = -24251.92578125
Epoch 15: loss = -24251.927734375
Epoch 16: loss = -24251.927734375
Epoch 17: loss = -24251.927734375
Epoch 18: loss = -24251.927734375
Epoch 19: loss = -24251.927734375
Epoch 20: loss = -24251.927734375
Early stopping at epoch 20 with loss -24251.927734375
Reconstruction for fluence = 6158.482110660255 photons/pixel
Epoch 0: loss = 722935744.0
Epoch 1: loss = 980515.0
Epoch 2: loss = 123934.65625
Epoch 3: loss = 35373.03515625
Epoch 4: loss = 14212.8974609375
Epoch 5: loss = 7066.85107421875
Epoch 6: loss = 4573.751953125
Epoch 7: loss = 3294.173095703125
Epoch 8: loss = 2569.924072265625
Epoch 9: loss = 2105.69970703125
Epoch 10: loss = 1833.4722900390625
Epoch 11: loss = 1691.247314453125
Epoch 12: loss = 1591.6553955078125
Epoch 13: loss = 1523.5093994140625
Epoch 14: loss = 1473.35986328125
Epoch 0: loss = -61865.01953125
Epoch 1: loss = -61867.02734375
Epoch 2: loss = -61867.0546875
Epoch 3: loss = -61867.0703125
Epoch 4: loss = -61867.08203125
Epoch 5: loss = -61867.08203125
Epoch 6: loss = -61867.08203125
Epoch 7: loss = -61867.08203125
Epoch 8: loss = -61867.09765625
Epoch 9: loss = -61867.09765625
Epoch 10: loss = -61867.09765625
Epoch 11: loss = -61867.09765625
Epoch 12: loss = -61867.09765625
Epoch 13: loss = -61867.09765625
Early stopping at epoch 13 with loss -61867.09765625
Reconstruction for fluence = 14384.498882876629 photons/pixel
Epoch 0: loss = 3944633600.0
Epoch 1: loss = 4239348.0
Epoch 2: loss = 649831.5625
Epoch 3: loss = 185392.78125
Epoch 4: loss = 69107.765625
Epoch 5: loss = 32558.33984375
Epoch 6: loss = 19162.181640625
Epoch 7: loss = 12625.2626953125
Epoch 8: loss = 8840.2724609375
Epoch 9: loss = 6605.353515625
Epoch 10: loss = 5271.5791015625
Epoch 11: loss = 4541.8125
Epoch 12: loss = 4064.794677734375
Epoch 13: loss = 3756.528564453125
Epoch 14: loss = 3525.868408203125
Epoch 0: loss = -156701.78125
Epoch 1: loss = -156704.703125
Epoch 2: loss = -156704.703125
Epoch 3: loss = -156704.71875
Epoch 4: loss = -156704.75
Epoch 5: loss = -156704.75
Epoch 6: loss = -156704.765625
Epoch 7: loss = -156704.765625
Epoch 8: loss = -156704.78125
Epoch 9: loss = -156704.78125
Epoch 10: loss = -156704.78125
Epoch 11: loss = -156704.796875
Epoch 12: loss = -156704.796875
Epoch 13: loss = -156704.796875
Epoch 14: loss = -156704.8125
Epoch 15: loss = -156704.8125
Epoch 16: loss = -156704.8125
Epoch 17: loss = -156704.8125
Epoch 18: loss = -156704.828125
Epoch 19: loss = -156704.828125
Epoch 20: loss = -156704.828125
Epoch 21: loss = -156704.828125
Epoch 22: loss = -156704.828125
Epoch 23: loss = -156704.828125
Early stopping at epoch 23 with loss -156704.828125
Reconstruction for fluence = 33598.18286283781 photons/pixel
Epoch 0: loss = 21516292096.0
Epoch 1: loss = 23426506.0
Epoch 2: loss = 3547581.0
Epoch 3: loss = 949698.0
Epoch 4: loss = 363765.75
Epoch 5: loss = 165080.28125
Epoch 6: loss = 90804.0703125
Epoch 7: loss = 58765.61328125
Epoch 8: loss = 39022.27734375
Epoch 9: loss = 26594.333984375
Epoch 10: loss = 19679.056640625
Epoch 11: loss = 15892.0400390625
Epoch 12: loss = 13203.17578125
Epoch 13: loss = 11493.4970703125
Epoch 14: loss = 10265.6875
Epoch 0: loss = -394544.9375
Epoch 1: loss = -394550.15625
Epoch 2: loss = -394550.15625
Epoch 3: loss = -394550.21875
Epoch 4: loss = -394550.21875
Epoch 5: loss = -394550.25
Epoch 6: loss = -394550.25
Epoch 7: loss = -394550.25
Epoch 8: loss = -394550.28125
Epoch 9: loss = -394550.28125
Epoch 10: loss = -394550.28125
Epoch 11: loss = -394550.28125
Epoch 12: loss = -394550.28125
Epoch 13: loss = -394550.28125
Early stopping at epoch 13 with loss -394550.28125
Reconstruction for fluence = 78475.99703514607 photons/pixel
Epoch 0: loss = 117386452992.0
Epoch 1: loss = 126123464.0
Epoch 2: loss = 19390090.0
Epoch 3: loss = 5286126.5
Epoch 4: loss = 2119909.25
Epoch 5: loss = 933426.6875
Epoch 6: loss = 546310.8125
Epoch 7: loss = 331632.71875
Epoch 8: loss = 213649.078125
Epoch 9: loss = 136937.1875
Epoch 10: loss = 93841.78125
Epoch 11: loss = 68837.9609375
Epoch 12: loss = 54242.39453125
Epoch 13: loss = 43907.61328125
Epoch 14: loss = 36284.8046875
Epoch 0: loss = -988117.875
Epoch 1: loss = -988128.8125
Epoch 2: loss = -988128.875
Epoch 3: loss = -988129.0
Epoch 4: loss = -988129.0
Epoch 5: loss = -988129.125
Epoch 6: loss = -988129.125
Epoch 7: loss = -988129.125
Epoch 8: loss = -988129.3125
Epoch 9: loss = -988129.25
Epoch 10: loss = -988129.25
Epoch 11: loss = -988129.3125
Epoch 12: loss = -988129.3125
Epoch 13: loss = -988129.3125
Early stopping at epoch 13 with loss -988129.3125
Reconstruction for fluence = 183298.07108324335 photons/pixel
Epoch 0: loss = 640449052672.0
Epoch 1: loss = 683382784.0
Epoch 2: loss = 100135592.0
Epoch 3: loss = 34434624.0
Epoch 4: loss = 10614170.0
Epoch 5: loss = 4724437.0
Epoch 6: loss = 2728388.0
Epoch 7: loss = 1634968.125
Epoch 8: loss = 980206.875
Epoch 9: loss = 627716.625
Epoch 10: loss = 418824.625
Epoch 11: loss = 292353.5
Epoch 12: loss = 220123.203125
Epoch 13: loss = 175349.609375
Epoch 14: loss = 134127.265625
Epoch 0: loss = -2463412.0
Epoch 1: loss = -2463435.25
Epoch 2: loss = -2463435.25
Epoch 3: loss = -2463435.25
Epoch 4: loss = -2463435.25
Epoch 5: loss = -2463435.5
Epoch 6: loss = -2463435.75
Epoch 7: loss = -2463435.75
Epoch 8: loss = -2463435.75
Epoch 9: loss = -2463436.0
Epoch 10: loss = -2463436.0
Epoch 11: loss = -2463436.0
Epoch 12: loss = -2463436.0
Epoch 13: loss = -2463436.0
Epoch 14: loss = -2463436.0
Early stopping at epoch 14 with loss -2463436.0
Reconstruction for fluence = 428133.2398719387 photons/pixel
Epoch 0: loss = 3494070452224.0
Epoch 1: loss = 3753690112.0
Epoch 2: loss = 561554048.0
Epoch 3: loss = 152076048.0
Epoch 4: loss = 57159808.0
Epoch 5: loss = 24518060.0
Epoch 6: loss = 14559109.0
Epoch 7: loss = 9035442.0
Epoch 8: loss = 5529074.5
Epoch 9: loss = 3504660.75
Epoch 10: loss = 2185726.75
Epoch 11: loss = 1551316.625
Epoch 12: loss = 1130785.625
Epoch 13: loss = 828428.375
Epoch 14: loss = 618897.0
Epoch 0: loss = -6117056.0
Epoch 1: loss = -6117109.5
Epoch 2: loss = -6117110.5
Epoch 3: loss = -6117110.5
Epoch 4: loss = -6117110.5
Epoch 5: loss = -6117111.0
Epoch 6: loss = -6117111.0
Epoch 7: loss = -6117111.0
Epoch 8: loss = -6117111.0
Epoch 9: loss = -6117111.0
Epoch 10: loss = -6117111.0
Early stopping at epoch 10 with loss -6117111.0
Reconstruction for fluence = 1000000.0 photons/pixel
Epoch 0: loss = 19062094561280.0
Epoch 1: loss = 20331962368.0
Epoch 2: loss = 3136566272.0
Epoch 3: loss = 832732928.0
Epoch 4: loss = 314383648.0
Epoch 5: loss = 139555936.0
Epoch 6: loss = 78684904.0
Epoch 7: loss = 46667740.0
Epoch 8: loss = 29714052.0
Epoch 9: loss = 18638452.0
Epoch 10: loss = 11998085.0
Epoch 11: loss = 8352563.5
Epoch 12: loss = 5796916.5
Epoch 13: loss = 4234739.5
Epoch 14: loss = 3067856.5
Epoch 0: loss = -15136078.0
Epoch 1: loss = -15136192.0
Epoch 2: loss = -15136197.0
Epoch 3: loss = -15136199.0
Epoch 4: loss = -15136199.0
Epoch 5: loss = -15136201.0
Epoch 6: loss = -15136203.0
Epoch 7: loss = -15136203.0
Epoch 8: loss = -15136203.0
Epoch 9: loss = -15136203.0
Epoch 10: loss = -15136203.0
Epoch 11: loss = -15136203.0
Early stopping at epoch 11 with loss -15136203.0
Simulation for steps_size=28 and n_fluences=20 completed!
