Running simulation for n_modes=5 and n_fluences=20
Tensors initialization on device cuda
Multiprobe = band_lim
torch.Size([5, 64, 64])

('MSE', 'PoissonNLL') RECONSTRUCTIONS

Reconstruction for fluence = 0.09999999999999999 photons/pixel
Epoch 0: loss = 10658.0
Epoch 1: loss = 3692.3212890625
Epoch 2: loss = 3692.3212890625
Epoch 3: loss = 3692.321044921875
Epoch 4: loss = 3692.3212890625
Epoch 5: loss = 3692.3212890625
Epoch 6: loss = 3692.3212890625
Epoch 7: loss = 3692.3212890625
Epoch 8: loss = 3692.3212890625
Epoch 9: loss = 3692.3212890625
Epoch 10: loss = 3692.3212890625
Epoch 11: loss = 3692.3212890625
Early stopping at epoch 11 with loss 3692.321044921875
Epoch 0: loss = 0.0027525112964212894
Epoch 1: loss = 0.0027515762485563755
Epoch 2: loss = 0.00275064492598176
Epoch 3: loss = 0.0027497177943587303
Epoch 4: loss = 0.002748794388025999
Epoch 5: loss = 0.0027478747069835663
Epoch 6: loss = 0.002746958751231432
Epoch 7: loss = 0.0027460467536002398
Epoch 8: loss = 0.002745138481259346
Early stopping at epoch 8 with loss 0.0027525112964212894
Reconstruction for fluence = 0.23357214690901223 photons/pixel
Epoch 0: loss = 24222.546875
Epoch 1: loss = 8466.17578125
Epoch 2: loss = 8466.17578125
Epoch 3: loss = 8466.17578125
Epoch 4: loss = 8466.17578125
Epoch 5: loss = 8466.17578125
Epoch 6: loss = 8466.17578125
Epoch 7: loss = 8466.17578125
Epoch 8: loss = 8466.17578125
Epoch 9: loss = 8466.17578125
Early stopping at epoch 9 with loss 8466.17578125
Epoch 0: loss = 0.005546071566641331
Epoch 1: loss = 0.005543715786188841
Epoch 2: loss = 0.005541371181607246
Epoch 3: loss = 0.005539038218557835
Epoch 4: loss = 0.005536716431379318
Epoch 5: loss = 0.00553440535441041
Epoch 6: loss = 0.005532105918973684
Epoch 7: loss = 0.005529817193746567
Epoch 8: loss = 0.005527539178729057
Early stopping at epoch 8 with loss 0.005546071566641331
Reconstruction for fluence = 0.5455594781168519 photons/pixel
Epoch 0: loss = 54774.2265625
Epoch 1: loss = 19806.26171875
Epoch 2: loss = 19806.26171875
Epoch 3: loss = 19806.259765625
Epoch 4: loss = 19806.259765625
Epoch 5: loss = 19806.2578125
Epoch 6: loss = 19806.259765625
Epoch 7: loss = 19806.259765625
Epoch 8: loss = 19806.259765625
Epoch 9: loss = 19806.259765625
Epoch 10: loss = 19806.259765625
Epoch 11: loss = 19806.259765625
Epoch 12: loss = 19806.259765625
Epoch 13: loss = 19806.259765625
Early stopping at epoch 13 with loss 19806.2578125
Epoch 0: loss = 0.011113271117210388
Epoch 1: loss = 0.011107442900538445
Epoch 2: loss = 0.011101651936769485
Epoch 3: loss = 0.011095896363258362
Epoch 4: loss = 0.011090177111327648
Epoch 5: loss = 0.01108449324965477
Epoch 6: loss = 0.011078846640884876
Epoch 7: loss = 0.011073234491050243
Epoch 8: loss = 0.011067656800150871
Early stopping at epoch 8 with loss 0.011113271117210388
Reconstruction for fluence = 1.2742749857031335 photons/pixel
Epoch 0: loss = 121069.03125
Epoch 1: loss = 45934.3671875
Epoch 2: loss = 45934.359375
Epoch 3: loss = 45934.35546875
Epoch 4: loss = 45934.3515625
Epoch 5: loss = 45934.3515625
Epoch 6: loss = 45934.3515625
Epoch 7: loss = 45934.35546875
Epoch 8: loss = 45934.35546875
Epoch 9: loss = 45934.35546875
Epoch 10: loss = 45934.35546875
Epoch 11: loss = 45934.35546875
Epoch 12: loss = 45934.35546875
Early stopping at epoch 12 with loss 45934.3515625
Epoch 0: loss = 0.021389402449131012
Epoch 1: loss = 0.013582753017544746
Epoch 2: loss = 0.013582753017544746
Epoch 3: loss = 0.013582753017544746
Epoch 4: loss = 0.013582753017544746
Epoch 5: loss = 0.013582753017544746
Epoch 6: loss = 0.013582753017544746
Epoch 7: loss = 0.013582753017544746
Epoch 8: loss = 0.013582753017544746
Epoch 9: loss = 0.013582753017544746
Early stopping at epoch 9 with loss 0.013582753017544746
Reconstruction for fluence = 2.976351441631318 photons/pixel
Epoch 0: loss = 258316.1875
Epoch 1: loss = 103611.890625
Epoch 2: loss = 103611.890625
Epoch 3: loss = 103611.890625
Epoch 4: loss = 103611.890625
Epoch 5: loss = 103611.890625
Epoch 6: loss = 103611.890625
Epoch 7: loss = 103611.890625
Epoch 8: loss = 103611.890625
Epoch 9: loss = 103611.890625
Early stopping at epoch 9 with loss 103611.890625
Epoch 0: loss = 0.03928815945982933
Epoch 1: loss = 0.026204543188214302
Epoch 2: loss = 0.026204543188214302
Epoch 3: loss = 0.026204543188214302
Epoch 4: loss = 0.026204543188214302
Epoch 5: loss = 0.026204543188214302
Epoch 6: loss = 0.026204543188214302
Epoch 7: loss = 0.026204543188214302
Epoch 8: loss = 0.026204543188214302
Epoch 9: loss = 0.026204543188214302
Early stopping at epoch 9 with loss 0.026204543188214302
Reconstruction for fluence = 6.9519279617756045 photons/pixel
Epoch 0: loss = 521260.53125
Epoch 1: loss = 225104.328125
Epoch 2: loss = 225104.3125
Epoch 3: loss = 225104.3125
Epoch 4: loss = 225104.3125
Epoch 5: loss = 225104.3125
Epoch 6: loss = 225104.3125
Epoch 7: loss = 225104.3125
Epoch 8: loss = 225104.3125
Epoch 9: loss = 225104.3125
Epoch 10: loss = 225104.328125
Early stopping at epoch 10 with loss 225104.3125
Epoch 0: loss = 0.06801706552505493
Epoch 1: loss = 0.048461318016052246
Epoch 2: loss = 0.048461318016052246
Epoch 3: loss = 0.048461318016052246
Epoch 4: loss = 0.048461318016052246
Epoch 5: loss = 0.048461318016052246
Epoch 6: loss = 0.048461318016052246
Epoch 7: loss = 0.048461318016052246
Epoch 8: loss = 0.048461318016052246
Epoch 9: loss = 0.048461318016052246
Early stopping at epoch 9 with loss 0.048461318016052246
Reconstruction for fluence = 16.23776739188721 photons/pixel
Epoch 0: loss = 956654.875
Epoch 1: loss = 445133.40625
Epoch 2: loss = 445132.4375
Epoch 3: loss = 445132.4375
Epoch 4: loss = 445132.4375
Epoch 5: loss = 445132.4375
Epoch 6: loss = 445132.4375
Epoch 7: loss = 445132.4375
Epoch 8: loss = 445132.4375
Epoch 9: loss = 445132.4375
Epoch 10: loss = 445132.4375
Early stopping at epoch 10 with loss 445132.4375
Epoch 0: loss = 0.1070501059293747
Epoch 1: loss = 0.08277115970849991
Epoch 2: loss = 0.08277115970849991
Epoch 3: loss = 0.08277115970849991
Epoch 4: loss = 0.08277115970849991
Epoch 5: loss = 0.08277115970849991
Epoch 6: loss = 0.08277115970849991
Epoch 7: loss = 0.08277115970849991
Epoch 8: loss = 0.08277115970849991
Epoch 9: loss = 0.08277115970849991
Early stopping at epoch 9 with loss 0.08277115970849991
Reconstruction for fluence = 37.926901907322495 photons/pixel
Epoch 0: loss = 1529041.25
Epoch 1: loss = 741845.9375
Epoch 2: loss = 741845.875
Epoch 3: loss = 741845.875
Epoch 4: loss = 741845.875
Epoch 5: loss = 741845.875
Epoch 6: loss = 741845.875
Epoch 7: loss = 741845.875
Epoch 8: loss = 741845.875
Epoch 9: loss = 741845.875
Epoch 10: loss = 741845.875
Early stopping at epoch 10 with loss 741845.875
Epoch 0: loss = 0.14664658904075623
Epoch 1: loss = 0.1228664368391037
Epoch 2: loss = 0.1228664368391037
Epoch 3: loss = 0.1228664368391037
Epoch 4: loss = 0.1228664368391037
Epoch 5: loss = 0.1228664368391037
Epoch 6: loss = 0.1228664368391037
Epoch 7: loss = 0.1228664368391037
Epoch 8: loss = 0.1228664368391037
Epoch 9: loss = 0.1228664368391037
Early stopping at epoch 9 with loss 0.1228664368391037
Reconstruction for fluence = 88.58667904100822 photons/pixel
Epoch 0: loss = 2122304.5
Epoch 1: loss = 949914.75
Epoch 2: loss = 949914.6875
Epoch 3: loss = 949914.6875
Epoch 4: loss = 949914.6875
Epoch 5: loss = 949914.6875
Epoch 6: loss = 949914.6875
Epoch 7: loss = 949914.6875
Epoch 8: loss = 949914.6875
Epoch 9: loss = 949914.6875
Epoch 10: loss = 949914.6875
Early stopping at epoch 10 with loss 949914.6875
Epoch 0: loss = 0.14327560365200043
Epoch 1: loss = 0.12214061617851257
Epoch 2: loss = 0.12214061617851257
Epoch 3: loss = 0.12214061617851257
Epoch 4: loss = 0.12214061617851257
Epoch 5: loss = 0.12214061617851257
Epoch 6: loss = 0.12214061617851257
Epoch 7: loss = 0.12214061617851257
Epoch 8: loss = 0.12214061617851257
Epoch 9: loss = 0.12214061617851257
Early stopping at epoch 9 with loss 0.12214061617851257
Reconstruction for fluence = 206.9138081114788 photons/pixel
Epoch 0: loss = 3018907.5
Epoch 1: loss = 996831.5
Epoch 2: loss = 996831.5
Epoch 3: loss = 996831.5
Epoch 4: loss = 996831.5
Epoch 5: loss = 996831.5
Epoch 6: loss = 996831.5
Epoch 7: loss = 996831.5
Epoch 8: loss = 996831.5
Epoch 9: loss = 996831.5
Early stopping at epoch 9 with loss 996831.5
Epoch 0: loss = -0.07511713355779648
Epoch 1: loss = -0.1002834141254425
Epoch 2: loss = -0.1002834141254425
Epoch 3: loss = -0.1002834141254425
Epoch 4: loss = -0.1002834141254425
Epoch 5: loss = -0.1002834141254425
Epoch 6: loss = -0.1002834141254425
Epoch 7: loss = -0.1002834141254425
Epoch 8: loss = -0.1002834141254425
Epoch 9: loss = -0.1002834141254425
Early stopping at epoch 9 with loss -0.1002834141254425
Reconstruction for fluence = 483.2930238571752 photons/pixel
Epoch 0: loss = 5400047.0
Epoch 1: loss = 1150926.5
Epoch 2: loss = 1150926.5
Epoch 3: loss = 1150926.5
Epoch 4: loss = 1150926.5
Epoch 5: loss = 1150926.5
Epoch 6: loss = 1150926.5
Epoch 7: loss = 1150926.5
Epoch 8: loss = 1150926.5
Epoch 9: loss = 1150926.5
Early stopping at epoch 9 with loss 1150926.5
Epoch 0: loss = -1.09688138961792
Epoch 1: loss = -1.1338598728179932
Epoch 2: loss = -1.1338601112365723
Epoch 3: loss = -1.1338601112365723
Epoch 4: loss = -1.1338601112365723
Epoch 5: loss = -1.1338601112365723
Epoch 6: loss = -1.1338601112365723
Epoch 7: loss = -1.1338601112365723
Epoch 8: loss = -1.1338601112365723
Epoch 9: loss = -1.1338601112365723
Early stopping at epoch 9 with loss -1.1338598728179932
Reconstruction for fluence = 1128.8378916846884 photons/pixel
Epoch 0: loss = 11373392.0
Epoch 1: loss = 1554915.125
Epoch 2: loss = 1554915.0
Epoch 3: loss = 1554914.875
Epoch 4: loss = 1554914.875
Epoch 5: loss = 1554914.875
Epoch 6: loss = 1554914.875
Epoch 7: loss = 1554914.875
Epoch 8: loss = 1554914.875
Epoch 9: loss = 1554914.875
Epoch 10: loss = 1554914.875
Epoch 11: loss = 1554914.875
Early stopping at epoch 11 with loss 1554914.875
Epoch 0: loss = -4.7032365798950195
Epoch 1: loss = -4.75477409362793
Epoch 2: loss = -4.754774570465088
Epoch 3: loss = -4.754775047302246
Epoch 4: loss = -4.754775047302246
Epoch 5: loss = -4.754775047302246
Epoch 6: loss = -4.754775047302246
Epoch 7: loss = -4.754775047302246
Epoch 8: loss = -4.754775047302246
Epoch 9: loss = -4.754775047302246
Early stopping at epoch 9 with loss -4.75477409362793
Reconstruction for fluence = 2636.6508987303555 photons/pixel
Epoch 0: loss = 25482852.0
Epoch 1: loss = 2149659.5
Epoch 2: loss = 2149659.75
Epoch 3: loss = 2149659.75
Epoch 4: loss = 2149659.5
Epoch 5: loss = 2149659.5
Epoch 6: loss = 2149659.5
Epoch 7: loss = 2149659.5
Epoch 8: loss = 2149659.5
Epoch 9: loss = 2149659.5
Early stopping at epoch 9 with loss 2149659.5
Epoch 0: loss = -15.956944465637207
Epoch 1: loss = -16.02202796936035
Epoch 2: loss = -16.02202796936035
Epoch 3: loss = -16.02202796936035
Epoch 4: loss = -16.02202796936035
Epoch 5: loss = -16.022029876708984
Epoch 6: loss = -16.022029876708984
Epoch 7: loss = -16.022029876708984
Epoch 8: loss = -16.022029876708984
Epoch 9: loss = -16.022029876708984
Early stopping at epoch 9 with loss -16.02202796936035
Reconstruction for fluence = 6158.482110660255 photons/pixel
Epoch 0: loss = 58497272.0
Epoch 1: loss = 2892811.5
Epoch 2: loss = 2892811.25
Epoch 3: loss = 2892811.5
Epoch 4: loss = 2892811.5
Epoch 5: loss = 2892811.5
Epoch 6: loss = 2892811.5
Epoch 7: loss = 2892811.5
Epoch 8: loss = 2892811.5
Epoch 9: loss = 2892811.5
Epoch 10: loss = 2892811.5
Early stopping at epoch 10 with loss 2892811.25
Epoch 0: loss = -48.818359375
Epoch 1: loss = -48.892494201660156
Epoch 2: loss = -48.892494201660156
Epoch 3: loss = -48.892494201660156
Epoch 4: loss = -48.892494201660156
Epoch 5: loss = -48.892494201660156
Epoch 6: loss = -48.892494201660156
Epoch 7: loss = -48.892494201660156
Epoch 8: loss = -48.892494201660156
Epoch 9: loss = -48.892494201660156
Early stopping at epoch 9 with loss -48.892494201660156
Reconstruction for fluence = 14384.498882876629 photons/pixel
Epoch 0: loss = 135564576.0
Epoch 1: loss = 3733561.5
Epoch 2: loss = 3733561.0
Epoch 3: loss = 3733561.0
Epoch 4: loss = 3733561.0
Epoch 5: loss = 3733561.0
Epoch 6: loss = 3733561.0
Epoch 7: loss = 3733561.0
Epoch 8: loss = 3733561.0
Epoch 9: loss = 3733561.0
Epoch 10: loss = 3733561.0
Early stopping at epoch 10 with loss 3733561.0
Epoch 0: loss = -140.9482421875
Epoch 1: loss = -141.0224151611328
Epoch 2: loss = -141.0224151611328
Epoch 3: loss = -141.02243041992188
Epoch 4: loss = -141.02243041992188
Epoch 5: loss = -141.02243041992188
Epoch 6: loss = -141.02243041992188
Epoch 7: loss = -141.02243041992188
Epoch 8: loss = -141.02243041992188
Epoch 9: loss = -141.02243041992188
Early stopping at epoch 9 with loss -141.0224151611328
Reconstruction for fluence = 33598.18286283781 photons/pixel
Epoch 0: loss = 315650112.0
Epoch 1: loss = 4509644.0
Epoch 2: loss = 4509641.0
Epoch 3: loss = 4509640.5
Epoch 4: loss = 4509640.5
Epoch 5: loss = 4509640.5
Epoch 6: loss = 4509640.5
Epoch 7: loss = 4509640.5
Epoch 8: loss = 4509640.5
Epoch 9: loss = 4509640.5
Epoch 10: loss = 4509640.5
Epoch 11: loss = 4509640.5
Early stopping at epoch 11 with loss 4509640.5
Epoch 0: loss = -391.94189453125
Epoch 1: loss = -392.00433349609375
Epoch 2: loss = -392.00433349609375
Epoch 3: loss = -392.00433349609375
Epoch 4: loss = -392.00433349609375
Epoch 5: loss = -392.00433349609375
Epoch 6: loss = -392.00433349609375
Epoch 7: loss = -392.00433349609375
Epoch 8: loss = -392.00433349609375
Epoch 9: loss = -392.00433349609375
Early stopping at epoch 9 with loss -392.00433349609375
Reconstruction for fluence = 78475.99703514607 photons/pixel
Epoch 0: loss = 736128000.0
Epoch 1: loss = 4991776.0
Epoch 2: loss = 4991772.5
Epoch 3: loss = 4991772.5
Epoch 4: loss = 4991772.0
Epoch 5: loss = 4991772.0
Epoch 6: loss = 4991772.0
Epoch 7: loss = 4991772.0
Epoch 8: loss = 4991772.0
Epoch 9: loss = 4991772.0
Epoch 10: loss = 4991772.0
Epoch 11: loss = 4991772.0
Epoch 12: loss = 4991772.0
Early stopping at epoch 12 with loss 4991772.0
Epoch 0: loss = -1061.945068359375
Epoch 1: loss = -1061.988037109375
Epoch 2: loss = -1061.988037109375
Epoch 3: loss = -1061.988037109375
Epoch 4: loss = -1061.988037109375
Epoch 5: loss = -1061.988037109375
Epoch 6: loss = -1061.988037109375
Epoch 7: loss = -1061.988037109375
Epoch 8: loss = -1061.988037109375
Epoch 9: loss = -1061.988037109375
Early stopping at epoch 9 with loss -1061.988037109375
Reconstruction for fluence = 183298.07108324335 photons/pixel
Epoch 0: loss = 1718509056.0
Epoch 1: loss = 5072304.0
Epoch 2: loss = 5072280.0
Epoch 3: loss = 5072280.0
Epoch 4: loss = 5072280.0
Epoch 5: loss = 5072280.0
Epoch 6: loss = 5072280.0
Epoch 7: loss = 5072280.0
Epoch 8: loss = 5072280.0
Epoch 9: loss = 5072280.0
Epoch 10: loss = 5072280.0
Early stopping at epoch 10 with loss 5072280.0
Epoch 0: loss = -2822.08349609375
Epoch 1: loss = -2822.10693359375
Epoch 2: loss = -2822.10693359375
Epoch 3: loss = -2822.10693359375
Epoch 4: loss = -2822.10693359375
Epoch 5: loss = -2822.10693359375
Epoch 6: loss = -2822.10693359375
Epoch 7: loss = -2822.10693359375
Epoch 8: loss = -2822.10693359375
Epoch 9: loss = -2822.10693359375
Early stopping at epoch 9 with loss -2822.10693359375
Reconstruction for fluence = 428133.2398719387 photons/pixel
Epoch 0: loss = 4013287936.0
Epoch 1: loss = 4856088.0
Epoch 2: loss = 4855971.5
Epoch 3: loss = 4855971.0
Epoch 4: loss = 4855971.0
Epoch 5: loss = 4855971.0
Epoch 6: loss = 4855971.0
Epoch 7: loss = 4855971.0
Epoch 8: loss = 4855971.0
Epoch 9: loss = 4855971.0
Epoch 10: loss = 4855971.0
Epoch 11: loss = 4855971.0
Early stopping at epoch 11 with loss 4855971.0
Epoch 0: loss = -7389.27685546875
Epoch 1: loss = -7389.287109375
Epoch 2: loss = -7389.287109375
Epoch 3: loss = -7389.287109375
Epoch 4: loss = -7389.287109375
Epoch 5: loss = -7389.287109375
Epoch 6: loss = -7389.287109375
Epoch 7: loss = -7389.287109375
Epoch 8: loss = -7389.287109375
Epoch 9: loss = -7389.287109375
Early stopping at epoch 9 with loss -7389.287109375
Reconstruction for fluence = 1000000.0 photons/pixel
Epoch 0: loss = 9373054976.0
Epoch 1: loss = 4591229.5
Epoch 2: loss = 4581905.0
Epoch 3: loss = 4581905.0
Epoch 4: loss = 4581905.0
Epoch 5: loss = 4581905.0
Epoch 6: loss = 4581905.0
Epoch 7: loss = 4581905.0
Epoch 8: loss = 4581905.0
Epoch 9: loss = 4581905.0
Epoch 10: loss = 4581905.0
Early stopping at epoch 10 with loss 4581905.0
Epoch 0: loss = -19123.37890625
Epoch 1: loss = -19123.3828125
Epoch 2: loss = -19123.3828125
Epoch 3: loss = -19123.3828125
Epoch 4: loss = -19123.3828125
Epoch 5: loss = -19123.3828125
Epoch 6: loss = -19123.3828125
Epoch 7: loss = -19123.3828125
Epoch 8: loss = -19123.3828125
Epoch 9: loss = -19123.3828125
Early stopping at epoch 9 with loss -19123.3828125
Simulation for n_modes=5 and n_fluences=20 completed!
