Running simulation for steps_size=23 and n_fluences=20
Steps size: 23
Tensors initialization on device cuda
Multiprobe = None

('MSE', None) RECONSTRUCTIONS

Reconstruction for fluence = 0.09999999999999999 photons/pixel
Epoch 0: loss = 0.20047055184841156
Epoch 1: loss = 0.058772433549165726
Epoch 2: loss = 0.05701276287436485
Epoch 3: loss = 0.05641958490014076
Epoch 4: loss = 0.05609260872006416
Epoch 5: loss = 0.05584575608372688
Epoch 6: loss = 0.055737681686878204
Epoch 7: loss = 0.05566398426890373
Epoch 8: loss = 0.05565088242292404
Epoch 9: loss = 0.055642325431108475
Epoch 10: loss = 0.055574629455804825
Epoch 11: loss = 0.05552882328629494
Epoch 12: loss = 0.05551064386963844
Epoch 13: loss = 0.05547868460416794
Epoch 14: loss = 0.05547540634870529
Epoch 15: loss = 0.05547495186328888
Early stopping at epoch 15 with loss 0.055574629455804825
Reconstruction for fluence = 0.23357214690901223 photons/pixel
Epoch 0: loss = 0.7788552045822144
Epoch 1: loss = 0.13271085917949677
Epoch 2: loss = 0.12835940718650818
Epoch 3: loss = 0.12755131721496582
Epoch 4: loss = 0.1271904557943344
Epoch 5: loss = 0.1270119696855545
Epoch 6: loss = 0.126914843916893
Epoch 7: loss = 0.1268206089735031
Epoch 8: loss = 0.12678319215774536
Epoch 9: loss = 0.12677888572216034
Epoch 10: loss = 0.12677642703056335
Epoch 11: loss = 0.12677264213562012
Epoch 12: loss = 0.12677134573459625
Early stopping at epoch 12 with loss 0.1268206089735031
Reconstruction for fluence = 0.5455594781168519 photons/pixel
Epoch 0: loss = 3.596407651901245
Epoch 1: loss = 0.3058926463127136
Epoch 2: loss = 0.29427847266197205
Epoch 3: loss = 0.29274168610572815
Epoch 4: loss = 0.29247549176216125
Epoch 5: loss = 0.29241228103637695
Epoch 6: loss = 0.29239922761917114
Epoch 7: loss = 0.2923901081085205
Epoch 8: loss = 0.2923673987388611
Epoch 9: loss = 0.29230451583862305
Epoch 10: loss = 0.29195281863212585
Epoch 11: loss = 0.29180705547332764
Epoch 12: loss = 0.29178735613822937
Epoch 13: loss = 0.29177895188331604
Epoch 14: loss = 0.2917756140232086
Epoch 15: loss = 0.2917751371860504
Epoch 16: loss = 0.29177501797676086
Early stopping at epoch 16 with loss 0.29180705547332764
Reconstruction for fluence = 1.2742749857031335 photons/pixel
Epoch 0: loss = 17.75272560119629
Epoch 1: loss = 0.6784321069717407
Epoch 2: loss = 0.6501266360282898
Epoch 3: loss = 0.6455869078636169
Epoch 4: loss = 0.6442017555236816
Epoch 5: loss = 0.6437479853630066
Epoch 6: loss = 0.6436107754707336
Epoch 7: loss = 0.6435136795043945
Epoch 8: loss = 0.6434849500656128
Epoch 9: loss = 0.6434804201126099
Epoch 10: loss = 0.6434793472290039
Epoch 11: loss = 0.6433632373809814
Epoch 12: loss = 0.6428126096725464
Epoch 13: loss = 0.6427391767501831
Epoch 14: loss = 0.6427277326583862
Epoch 15: loss = 0.6427267789840698
Epoch 16: loss = 0.6427261829376221
Epoch 17: loss = 0.6427257657051086
Early stopping at epoch 17 with loss 0.6428126096725464
Reconstruction for fluence = 2.976351441631318 photons/pixel
Epoch 0: loss = 91.61685943603516
Epoch 1: loss = 1.4897668361663818
Epoch 2: loss = 1.378378987312317
Epoch 3: loss = 1.3641784191131592
Epoch 4: loss = 1.3611539602279663
Epoch 5: loss = 1.3605190515518188
Epoch 6: loss = 1.3603684902191162
Epoch 7: loss = 1.3602995872497559
Epoch 8: loss = 1.3602585792541504
Epoch 9: loss = 1.3602397441864014
Epoch 10: loss = 1.3602343797683716
Epoch 11: loss = 1.3602341413497925
Epoch 12: loss = 1.3602335453033447
Epoch 13: loss = 1.3602334260940552
Early stopping at epoch 13 with loss 1.3602585792541504
Reconstruction for fluence = 6.9519279617756045 photons/pixel
Epoch 0: loss = 492.31390380859375
Epoch 1: loss = 3.602160930633545
Epoch 2: loss = 3.1447901725769043
Epoch 3: loss = 3.0831539630889893
Epoch 4: loss = 3.072758436203003
Epoch 5: loss = 3.070695161819458
Epoch 6: loss = 3.070250988006592
Epoch 7: loss = 3.070061683654785
Epoch 8: loss = 3.0699055194854736
Epoch 9: loss = 3.0697648525238037
Epoch 10: loss = 3.069720506668091
Epoch 11: loss = 3.0697109699249268
Epoch 12: loss = 3.069709300994873
Epoch 13: loss = 3.0696969032287598
Epoch 14: loss = 3.0696287155151367
Epoch 15: loss = 3.06953763961792
Epoch 16: loss = 3.0694987773895264
Epoch 17: loss = 3.069490671157837
Epoch 18: loss = 3.0694894790649414
Epoch 19: loss = 3.069488525390625
Epoch 20: loss = 3.069488286972046
Epoch 21: loss = 3.0694878101348877
Early stopping at epoch 21 with loss 3.0694987773895264
Reconstruction for fluence = 16.23776739188721 photons/pixel
Epoch 0: loss = 2648.993896484375
Epoch 1: loss = 9.02663516998291
Epoch 2: loss = 6.983543395996094
Epoch 3: loss = 6.610365867614746
Epoch 4: loss = 6.533368110656738
Epoch 5: loss = 6.51613187789917
Epoch 6: loss = 6.512308120727539
Epoch 7: loss = 6.511260032653809
Epoch 8: loss = 6.510897159576416
Epoch 9: loss = 6.510756015777588
Epoch 10: loss = 6.510695457458496
Epoch 11: loss = 6.510672569274902
Epoch 12: loss = 6.510672569274902
Epoch 13: loss = 6.510669231414795
Epoch 14: loss = 6.51066255569458
Early stopping at epoch 14 with loss 6.510756015777588
Reconstruction for fluence = 37.926901907322495 photons/pixel
Epoch 0: loss = 14455.4892578125
Epoch 1: loss = 28.011199951171875
Epoch 2: loss = 16.825101852416992
Epoch 3: loss = 15.171414375305176
Epoch 4: loss = 14.84027099609375
Epoch 5: loss = 14.76265811920166
Epoch 6: loss = 14.74355411529541
Epoch 7: loss = 14.73734188079834
Epoch 8: loss = 14.734902381896973
Epoch 9: loss = 14.7339448928833
Epoch 10: loss = 14.733542442321777
Epoch 11: loss = 14.733366012573242
Epoch 12: loss = 14.733357429504395
Epoch 13: loss = 14.733296394348145
Epoch 14: loss = 14.73326301574707
Epoch 15: loss = 14.733247756958008
Epoch 16: loss = 14.733247756958008
Epoch 17: loss = 14.733241081237793
Epoch 18: loss = 14.733235359191895
Epoch 19: loss = 14.733232498168945
Early stopping at epoch 19 with loss 14.73326301574707
Reconstruction for fluence = 88.58667904100822 photons/pixel
Epoch 0: loss = 78865.28125
Epoch 1: loss = 99.70852661132812
Epoch 2: loss = 45.335426330566406
Epoch 3: loss = 36.727134704589844
Epoch 4: loss = 34.973106384277344
Epoch 5: loss = 34.53960418701172
Epoch 6: loss = 34.415771484375
Epoch 7: loss = 34.37471389770508
Epoch 8: loss = 34.3557243347168
Epoch 9: loss = 34.3466796875
Epoch 10: loss = 34.3424186706543
Epoch 11: loss = 34.340431213378906
Epoch 12: loss = 34.339542388916016
Epoch 13: loss = 34.33909225463867
Epoch 14: loss = 34.33905792236328
Epoch 15: loss = 34.33903884887695
Epoch 16: loss = 34.33894348144531
Epoch 17: loss = 34.3388671875
Epoch 18: loss = 34.33878707885742
Epoch 19: loss = 34.33877182006836
Epoch 20: loss = 34.33875274658203
Epoch 21: loss = 34.33875274658203
Epoch 22: loss = 34.33871841430664
Epoch 23: loss = 34.33870315551758
Early stopping at epoch 23 with loss 34.33878707885742
Reconstruction for fluence = 206.9138081114788 photons/pixel
Epoch 0: loss = 429003.84375
Epoch 1: loss = 412.7118225097656
Epoch 2: loss = 129.6160125732422
Epoch 3: loss = 88.16119384765625
Epoch 4: loss = 79.088134765625
Epoch 5: loss = 77.05712127685547
Epoch 6: loss = 76.43924713134766
Epoch 7: loss = 76.20891571044922
Epoch 8: loss = 76.10004425048828
Epoch 9: loss = 76.04764556884766
Epoch 10: loss = 76.02073669433594
Epoch 11: loss = 76.0057373046875
Epoch 12: loss = 75.9980697631836
Epoch 13: loss = 75.99315643310547
Epoch 14: loss = 75.99006652832031
Epoch 15: loss = 75.9881591796875
Epoch 16: loss = 75.98699951171875
Epoch 17: loss = 75.9869155883789
Epoch 18: loss = 75.98634338378906
Epoch 19: loss = 75.98592376708984
Epoch 20: loss = 75.98592376708984
Epoch 21: loss = 75.98567962646484
Epoch 22: loss = 75.98566436767578
Epoch 23: loss = 75.98562622070312
Epoch 24: loss = 75.98551177978516
Epoch 25: loss = 75.98541259765625
Epoch 26: loss = 75.9853515625
Epoch 27: loss = 75.9853286743164
Epoch 28: loss = 75.98526763916016
Epoch 29: loss = 75.98524475097656
Epoch 30: loss = 75.9852066040039
Epoch 31: loss = 75.9852066040039
Epoch 32: loss = 75.98516082763672
Epoch 33: loss = 75.98514556884766
Epoch 34: loss = 75.98513793945312
Epoch 35: loss = 75.98512268066406
Epoch 36: loss = 75.98512268066406
Epoch 37: loss = 75.98509216308594
Epoch 38: loss = 75.98505401611328
Epoch 39: loss = 75.98505401611328
Early stopping at epoch 39 with loss 75.98513793945312
Reconstruction for fluence = 483.2930238571752 photons/pixel
Epoch 0: loss = 2339621.25
Epoch 1: loss = 1906.0985107421875
Epoch 2: loss = 453.6023254394531
Epoch 3: loss = 232.70919799804688
Epoch 4: loss = 183.94235229492188
Epoch 5: loss = 172.0431671142578
Epoch 6: loss = 168.40231323242188
Epoch 7: loss = 167.28782653808594
Epoch 8: loss = 166.475341796875
Epoch 9: loss = 166.1695098876953
Epoch 10: loss = 165.97418212890625
Epoch 11: loss = 165.87318420410156
Epoch 12: loss = 165.8285675048828
Epoch 13: loss = 165.78440856933594
Epoch 14: loss = 165.76307678222656
Epoch 15: loss = 165.74867248535156
Epoch 16: loss = 165.7392578125
Epoch 17: loss = 165.734130859375
Epoch 18: loss = 165.73025512695312
Epoch 19: loss = 165.72738647460938
Epoch 20: loss = 165.72540283203125
Epoch 21: loss = 165.7238311767578
Epoch 22: loss = 165.72329711914062
Epoch 23: loss = 165.7230987548828
Epoch 24: loss = 165.72276306152344
Epoch 25: loss = 165.72262573242188
Epoch 26: loss = 165.7221221923828
Epoch 27: loss = 165.7213897705078
Epoch 28: loss = 165.72076416015625
Epoch 29: loss = 165.7203826904297
Epoch 30: loss = 165.71994018554688
Epoch 31: loss = 165.71934509277344
Epoch 32: loss = 165.71868896484375
Epoch 33: loss = 165.71861267089844
Epoch 34: loss = 165.7183380126953
Epoch 35: loss = 165.71824645996094
Epoch 36: loss = 165.71798706054688
Epoch 37: loss = 165.7177276611328
Epoch 38: loss = 165.71739196777344
Epoch 39: loss = 165.7168731689453
Epoch 40: loss = 165.71681213378906
Epoch 41: loss = 165.7167205810547
Epoch 42: loss = 165.71665954589844
Epoch 43: loss = 165.71607971191406
Epoch 44: loss = 165.7161407470703
Epoch 45: loss = 165.7161407470703
Epoch 46: loss = 165.7157745361328
Epoch 47: loss = 165.715576171875
Epoch 48: loss = 165.7154083251953
Epoch 49: loss = 165.7154083251953
Epoch 50: loss = 165.7152557373047
Epoch 51: loss = 165.71493530273438
Epoch 52: loss = 165.71493530273438
Epoch 53: loss = 165.71484375
Epoch 54: loss = 165.7147979736328
Epoch 55: loss = 165.7147674560547
Epoch 56: loss = 165.7147674560547
Epoch 57: loss = 165.7147674560547
Epoch 58: loss = 165.7147674560547
Epoch 59: loss = 165.71469116210938
Early stopping at epoch 59 with loss 165.7147979736328
Reconstruction for fluence = 1128.8378916846884 photons/pixel
Epoch 0: loss = 12776411.0
Epoch 1: loss = 9596.1845703125
Epoch 2: loss = 1831.9136962890625
Epoch 3: loss = 726.2651977539062
Epoch 4: loss = 492.5651550292969
Epoch 5: loss = 433.88433837890625
Epoch 6: loss = 415.4954528808594
Epoch 7: loss = 409.1003112792969
Epoch 8: loss = 405.61737060546875
Epoch 9: loss = 403.8233642578125
Epoch 10: loss = 402.72760009765625
Epoch 11: loss = 402.1090087890625
Epoch 12: loss = 401.73876953125
Epoch 13: loss = 401.5176696777344
Epoch 14: loss = 401.3682861328125
Epoch 15: loss = 401.2596740722656
Epoch 16: loss = 401.1764221191406
Epoch 17: loss = 401.1169738769531
Epoch 18: loss = 401.0650329589844
Epoch 19: loss = 401.0257873535156
Epoch 20: loss = 400.9966735839844
Epoch 21: loss = 400.9759826660156
Epoch 22: loss = 400.9634094238281
Epoch 23: loss = 400.9547424316406
Epoch 24: loss = 400.9501953125
Epoch 25: loss = 400.94390869140625
Epoch 26: loss = 400.9413146972656
Epoch 27: loss = 400.9374084472656
Epoch 28: loss = 400.9314270019531
Epoch 29: loss = 400.9249267578125
Epoch 30: loss = 400.9176330566406
Epoch 31: loss = 400.9176330566406
Epoch 32: loss = 400.9166259765625
Epoch 33: loss = 400.91619873046875
Epoch 34: loss = 400.9147033691406
Epoch 35: loss = 400.9091491699219
Epoch 36: loss = 400.9037170410156
Epoch 37: loss = 400.9035949707031
Epoch 38: loss = 400.9001770019531
Epoch 39: loss = 400.8985900878906
Epoch 40: loss = 400.8985900878906
Epoch 41: loss = 400.8957214355469
Epoch 42: loss = 400.8946838378906
Epoch 43: loss = 400.8937072753906
Epoch 44: loss = 400.8927307128906
Epoch 45: loss = 400.8908996582031
Epoch 46: loss = 400.887939453125
Epoch 47: loss = 400.8854064941406
Epoch 48: loss = 400.8802795410156
Epoch 49: loss = 400.87646484375
Epoch 50: loss = 400.8717346191406
Epoch 51: loss = 400.8681640625
Epoch 52: loss = 400.86627197265625
Epoch 53: loss = 400.8631286621094
Epoch 54: loss = 400.86187744140625
Epoch 55: loss = 400.8611145019531
Epoch 56: loss = 400.8611145019531
Epoch 57: loss = 400.85894775390625
Epoch 58: loss = 400.85711669921875
Epoch 59: loss = 400.8560791015625
Epoch 60: loss = 400.8561706542969
Epoch 61: loss = 400.8555908203125
Epoch 62: loss = 400.8551330566406
Epoch 63: loss = 400.8534240722656
Epoch 64: loss = 400.8528137207031
Epoch 65: loss = 400.85205078125
Epoch 66: loss = 400.8514099121094
Epoch 67: loss = 400.84967041015625
Epoch 68: loss = 400.8490295410156
Epoch 69: loss = 400.84869384765625
Epoch 70: loss = 400.8483581542969
Epoch 71: loss = 400.8478088378906
Epoch 72: loss = 400.8475646972656
Epoch 73: loss = 400.847412109375
Epoch 74: loss = 400.8468017578125
Epoch 75: loss = 400.8463439941406
Epoch 76: loss = 400.845947265625
Epoch 77: loss = 400.84576416015625
Epoch 78: loss = 400.8453369140625
Epoch 79: loss = 400.84521484375
Epoch 80: loss = 400.8448486328125
Epoch 81: loss = 400.8450622558594
Epoch 82: loss = 400.8448791503906
Epoch 83: loss = 400.84466552734375
Epoch 84: loss = 400.8444519042969
Epoch 85: loss = 400.8444519042969
Epoch 86: loss = 400.8441162109375
Epoch 87: loss = 400.8441467285156
Epoch 88: loss = 400.8443603515625
Epoch 89: loss = 400.84429931640625
Epoch 90: loss = 400.8441467285156
Epoch 91: loss = 400.8441467285156
Early stopping at epoch 91 with loss 400.8441162109375
Reconstruction for fluence = 2636.6508987303555 photons/pixel
Epoch 0: loss = 69671200.0
Epoch 1: loss = 51416.265625
Epoch 2: loss = 8624.1357421875
Epoch 3: loss = 2637.76416015625
Epoch 4: loss = 1362.3702392578125
Epoch 5: loss = 1054.3306884765625
Epoch 6: loss = 961.2837524414062
Epoch 7: loss = 926.0154418945312
Epoch 8: loss = 907.5884399414062
Epoch 9: loss = 897.8793334960938
Epoch 10: loss = 892.6326293945312
Epoch 11: loss = 889.720947265625
Epoch 12: loss = 887.9664916992188
Epoch 13: loss = 886.8336791992188
Epoch 14: loss = 885.983642578125
Epoch 15: loss = 885.4635620117188
Epoch 16: loss = 885.0587158203125
Epoch 17: loss = 884.7872314453125
Epoch 18: loss = 884.5732421875
Epoch 19: loss = 884.4168090820312
Epoch 20: loss = 884.291015625
Epoch 21: loss = 884.192626953125
Epoch 22: loss = 884.1201782226562
Epoch 23: loss = 884.0661010742188
Epoch 24: loss = 884.0260620117188
Epoch 25: loss = 883.9933471679688
Epoch 26: loss = 883.9674682617188
Epoch 27: loss = 883.9488525390625
Epoch 28: loss = 883.9488525390625
Epoch 29: loss = 883.9451904296875
Epoch 30: loss = 883.930908203125
Epoch 31: loss = 883.9224853515625
Epoch 32: loss = 883.9138793945312
Epoch 33: loss = 883.9056396484375
Epoch 34: loss = 883.904541015625
Epoch 35: loss = 883.9013671875
Epoch 36: loss = 883.8964233398438
Epoch 37: loss = 883.8953857421875
Epoch 38: loss = 883.8924560546875
Epoch 39: loss = 883.8897705078125
Epoch 40: loss = 883.886962890625
Epoch 41: loss = 883.8840942382812
Epoch 42: loss = 883.8804321289062
Epoch 43: loss = 883.8776245117188
Epoch 44: loss = 883.8759155273438
Epoch 45: loss = 883.87060546875
Epoch 46: loss = 883.8666381835938
Epoch 47: loss = 883.85302734375
Epoch 48: loss = 883.8382568359375
Epoch 49: loss = 883.8382568359375
Epoch 50: loss = 883.8306274414062
Epoch 51: loss = 883.8246459960938
Epoch 52: loss = 883.815673828125
Epoch 53: loss = 883.8095703125
Epoch 54: loss = 883.8059692382812
Epoch 55: loss = 883.8016357421875
Epoch 56: loss = 883.8020629882812
Epoch 57: loss = 883.8018798828125
Epoch 58: loss = 883.7991333007812
Epoch 59: loss = 883.7986450195312
Epoch 60: loss = 883.7974243164062
Epoch 61: loss = 883.7965698242188
Epoch 62: loss = 883.7947387695312
Epoch 63: loss = 883.7928466796875
Epoch 64: loss = 883.7920532226562
Epoch 65: loss = 883.7908325195312
Epoch 66: loss = 883.7904663085938
Epoch 67: loss = 883.789794921875
Epoch 68: loss = 883.7887573242188
Epoch 69: loss = 883.7890014648438
Epoch 70: loss = 883.7892456054688
Epoch 71: loss = 883.7888793945312
Epoch 72: loss = 883.7879028320312
Epoch 73: loss = 883.78759765625
Epoch 74: loss = 883.7869262695312
Epoch 75: loss = 883.7869262695312
Epoch 76: loss = 883.7874755859375
Epoch 77: loss = 883.7866821289062
Epoch 78: loss = 883.7869262695312
Epoch 79: loss = 883.7860717773438
Epoch 80: loss = 883.7854614257812
Epoch 81: loss = 883.7847290039062
Epoch 82: loss = 883.7833251953125
Epoch 83: loss = 883.7831420898438
Epoch 84: loss = 883.7822265625
Epoch 85: loss = 883.781005859375
Epoch 86: loss = 883.7815551757812
Epoch 87: loss = 883.78076171875
Epoch 88: loss = 883.779541015625
Epoch 89: loss = 883.779541015625
Epoch 90: loss = 883.7796630859375
Epoch 91: loss = 883.7791748046875
Epoch 92: loss = 883.779296875
Epoch 93: loss = 883.7802734375
Epoch 94: loss = 883.7775268554688
Epoch 95: loss = 883.7784423828125
Epoch 96: loss = 883.7791748046875
Epoch 97: loss = 883.7791137695312
Epoch 98: loss = 883.7787475585938
Epoch 99: loss = 883.7767944335938
Epoch 100: loss = 883.7789306640625
Epoch 101: loss = 883.7786254882812
Epoch 102: loss = 883.7787475585938
Epoch 103: loss = 883.778564453125
Epoch 104: loss = 883.7781372070312
Early stopping at epoch 104 with loss 883.7767944335938
Reconstruction for fluence = 6158.482110660255 photons/pixel
Epoch 0: loss = 380039840.0
Epoch 1: loss = 275455.53125
Epoch 2: loss = 46290.4140625
Epoch 3: loss = 11847.3095703125
Epoch 4: loss = 4599.35205078125
Epoch 5: loss = 2947.521728515625
Epoch 6: loss = 2485.018310546875
Epoch 7: loss = 2295.554443359375
Epoch 8: loss = 2198.64501953125
Epoch 9: loss = 2148.907470703125
Epoch 10: loss = 2120.14111328125
Epoch 11: loss = 2104.428466796875
Epoch 12: loss = 2095.001708984375
Epoch 13: loss = 2089.222900390625
Epoch 14: loss = 2085.14013671875
Epoch 15: loss = 2082.310302734375
Epoch 16: loss = 2080.254638671875
Epoch 17: loss = 2079.002197265625
Epoch 18: loss = 2077.940673828125
Epoch 19: loss = 2077.164306640625
Epoch 20: loss = 2076.537109375
Epoch 21: loss = 2076.08642578125
Epoch 22: loss = 2075.78125
Epoch 23: loss = 2075.536865234375
Epoch 24: loss = 2075.32373046875
Epoch 25: loss = 2075.1689453125
Epoch 26: loss = 2075.04296875
Epoch 27: loss = 2074.95654296875
Epoch 28: loss = 2074.905517578125
Epoch 29: loss = 2074.891845703125
Epoch 30: loss = 2074.87548828125
Epoch 31: loss = 2074.83349609375
Epoch 32: loss = 2074.81298828125
Epoch 33: loss = 2074.79150390625
Epoch 34: loss = 2074.771728515625
Epoch 35: loss = 2074.7646484375
Epoch 36: loss = 2074.75830078125
Epoch 37: loss = 2074.748779296875
Epoch 38: loss = 2074.7421875
Epoch 39: loss = 2074.72998046875
Epoch 40: loss = 2074.723876953125
Epoch 41: loss = 2074.717529296875
Epoch 42: loss = 2074.717529296875
Epoch 43: loss = 2074.709228515625
Epoch 44: loss = 2074.704345703125
Epoch 45: loss = 2074.69921875
Epoch 46: loss = 2074.6826171875
Epoch 47: loss = 2074.678955078125
Epoch 48: loss = 2074.669189453125
Epoch 49: loss = 2074.66650390625
Epoch 50: loss = 2074.6552734375
Epoch 51: loss = 2074.651123046875
Epoch 52: loss = 2074.6396484375
Epoch 53: loss = 2074.632080078125
Epoch 54: loss = 2074.627685546875
Epoch 55: loss = 2074.626220703125
Epoch 56: loss = 2074.627685546875
Epoch 57: loss = 2074.62255859375
Epoch 58: loss = 2074.618408203125
Epoch 59: loss = 2074.614990234375
Epoch 60: loss = 2074.616455078125
Epoch 61: loss = 2074.61279296875
Epoch 62: loss = 2074.612548828125
Epoch 63: loss = 2074.611083984375
Epoch 64: loss = 2074.609375
Epoch 65: loss = 2074.60888671875
Epoch 66: loss = 2074.60986328125
Epoch 67: loss = 2074.60595703125
Epoch 68: loss = 2074.6064453125
Epoch 69: loss = 2074.606689453125
Epoch 70: loss = 2074.607666015625
Epoch 71: loss = 2074.606689453125
Epoch 72: loss = 2074.600341796875
Epoch 73: loss = 2074.604736328125
Epoch 74: loss = 2074.604736328125
Epoch 75: loss = 2074.602294921875
Epoch 76: loss = 2074.604248046875
Epoch 77: loss = 2074.604248046875
Early stopping at epoch 77 with loss 2074.600341796875
Reconstruction for fluence = 14384.498882876629 photons/pixel
Epoch 0: loss = 2073808256.0
Epoch 1: loss = 1500361.875
Epoch 2: loss = 236350.5625
Epoch 3: loss = 56963.02734375
Epoch 4: loss = 19165.2265625
Epoch 5: loss = 10349.65625
Epoch 6: loss = 7372.00244140625
Epoch 7: loss = 6338.4560546875
Epoch 8: loss = 5763.73291015625
Epoch 9: loss = 5484.1552734375
Epoch 10: loss = 5325.99267578125
Epoch 11: loss = 5237.818359375
Epoch 12: loss = 5184.12255859375
Epoch 13: loss = 5147.994140625
Epoch 14: loss = 5120.83349609375
Epoch 15: loss = 5102.916015625
Epoch 16: loss = 5090.30419921875
Epoch 17: loss = 5081.16748046875
Epoch 18: loss = 5074.552734375
Epoch 19: loss = 5069.34033203125
Epoch 20: loss = 5065.17724609375
Epoch 21: loss = 5061.828125
Epoch 22: loss = 5059.2802734375
Epoch 23: loss = 5057.234375
Epoch 24: loss = 5055.61376953125
Epoch 25: loss = 5054.5224609375
Epoch 26: loss = 5053.68408203125
Epoch 27: loss = 5053.11767578125
Epoch 28: loss = 5052.72216796875
Epoch 29: loss = 5052.41943359375
Epoch 30: loss = 5052.189453125
Epoch 31: loss = 5051.99365234375
Epoch 32: loss = 5051.81494140625
Epoch 33: loss = 5051.67236328125
Epoch 34: loss = 5051.55322265625
Epoch 35: loss = 5051.45947265625
Epoch 36: loss = 5051.36279296875
Epoch 37: loss = 5051.25146484375
Epoch 38: loss = 5051.1845703125
Epoch 39: loss = 5051.11181640625
Epoch 40: loss = 5051.05615234375
Epoch 41: loss = 5051.01171875
Epoch 42: loss = 5051.01171875
Epoch 43: loss = 5050.9697265625
Epoch 44: loss = 5050.962890625
Epoch 45: loss = 5050.9326171875
Epoch 46: loss = 5050.900390625
Epoch 47: loss = 5050.8916015625
Epoch 48: loss = 5050.8662109375
Epoch 49: loss = 5050.853515625
Epoch 50: loss = 5050.84716796875
Epoch 51: loss = 5050.82568359375
Epoch 52: loss = 5050.814453125
Epoch 53: loss = 5050.81591796875
Epoch 54: loss = 5050.79248046875
Epoch 55: loss = 5050.798828125
Epoch 56: loss = 5050.77880859375
Epoch 57: loss = 5050.78759765625
Epoch 58: loss = 5050.77587890625
Epoch 59: loss = 5050.75634765625
Epoch 60: loss = 5050.7783203125
Epoch 61: loss = 5050.7607421875
Epoch 62: loss = 5050.73779296875
Epoch 63: loss = 5050.75244140625
Epoch 64: loss = 5050.74462890625
Epoch 65: loss = 5050.76123046875
Epoch 66: loss = 5050.7412109375
Epoch 67: loss = 5050.748046875
Early stopping at epoch 67 with loss 5050.73779296875
Reconstruction for fluence = 33598.18286283781 photons/pixel
Epoch 0: loss = 11313719296.0
Epoch 1: loss = 8085372.5
Epoch 2: loss = 1310340.875
Epoch 3: loss = 288418.71875
Epoch 4: loss = 84332.4140625
Epoch 5: loss = 36828.53515625
Epoch 6: loss = 23502.771484375
Epoch 7: loss = 17883.865234375
Epoch 8: loss = 15307.486328125
Epoch 9: loss = 13711.2548828125
Epoch 10: loss = 12832.0224609375
Epoch 11: loss = 12316.640625
Epoch 12: loss = 12023.6337890625
Epoch 13: loss = 11816.4033203125
Epoch 14: loss = 11677.0693359375
Epoch 15: loss = 11575.39453125
Epoch 16: loss = 11502.048828125
Epoch 17: loss = 11460.6728515625
Epoch 18: loss = 11428.462890625
Epoch 19: loss = 11405.2431640625
Epoch 20: loss = 11388.7900390625
Epoch 21: loss = 11376.60546875
Epoch 22: loss = 11368.4736328125
Epoch 23: loss = 11362.220703125
Epoch 24: loss = 11356.513671875
Epoch 25: loss = 11351.703125
Epoch 26: loss = 11347.58203125
Epoch 27: loss = 11344.5458984375
Epoch 28: loss = 11342.5205078125
Epoch 29: loss = 11341.109375
Epoch 30: loss = 11340.041015625
Epoch 31: loss = 11339.109375
Epoch 32: loss = 11338.4287109375
Epoch 33: loss = 11337.9150390625
Epoch 34: loss = 11337.515625
Epoch 35: loss = 11337.1923828125
Epoch 36: loss = 11337.0205078125
Epoch 37: loss = 11336.8720703125
Epoch 38: loss = 11336.8369140625
Epoch 39: loss = 11336.6181640625
Epoch 40: loss = 11336.57421875
Epoch 41: loss = 11336.5517578125
Epoch 42: loss = 11336.556640625
Epoch 43: loss = 11336.4814453125
Epoch 44: loss = 11336.4697265625
Epoch 45: loss = 11336.439453125
Epoch 46: loss = 11336.4619140625
Epoch 47: loss = 11336.4931640625
Epoch 48: loss = 11336.4501953125
Epoch 49: loss = 11336.4169921875
Epoch 50: loss = 11336.390625
Epoch 51: loss = 11336.4404296875
Epoch 52: loss = 11336.431640625
Epoch 53: loss = 11336.4140625
Epoch 54: loss = 11336.3564453125
Epoch 55: loss = 11336.4345703125
Epoch 56: loss = 11336.4248046875
Epoch 57: loss = 11336.4423828125
Epoch 58: loss = 11336.4384765625
Epoch 59: loss = 11336.4755859375
Early stopping at epoch 59 with loss 11336.3564453125
Reconstruction for fluence = 78475.99703514607 photons/pixel
Epoch 0: loss = 61719801856.0
Epoch 1: loss = 44292372.0
Epoch 2: loss = 6567096.0
Epoch 3: loss = 1490721.75
Epoch 4: loss = 405653.5625
Epoch 5: loss = 167166.78125
Epoch 6: loss = 94272.4609375
Epoch 7: loss = 62188.53515625
Epoch 8: loss = 46819.00390625
Epoch 9: loss = 39344.61328125
Epoch 10: loss = 34678.58984375
Epoch 11: loss = 32077.59375
Epoch 12: loss = 30592.712890625
Epoch 13: loss = 29493.15234375
Epoch 14: loss = 28717.185546875
Epoch 15: loss = 28196.26953125
Epoch 16: loss = 27832.833984375
Epoch 17: loss = 27611.212890625
Epoch 18: loss = 27431.392578125
Epoch 19: loss = 27307.919921875
Epoch 20: loss = 27219.15234375
Epoch 21: loss = 27155.849609375
Epoch 22: loss = 27112.77734375
Epoch 23: loss = 27082.490234375
Epoch 24: loss = 27055.650390625
Epoch 25: loss = 27034.904296875
Epoch 26: loss = 27017.103515625
Epoch 27: loss = 27003.69140625
Epoch 28: loss = 26987.53125
Epoch 29: loss = 26972.673828125
Epoch 30: loss = 26962.259765625
Epoch 31: loss = 26955.271484375
Epoch 32: loss = 26951.392578125
Epoch 33: loss = 26948.62890625
Epoch 34: loss = 26946.5703125
Epoch 35: loss = 26944.5234375
Epoch 36: loss = 26942.810546875
Epoch 37: loss = 26941.794921875
Epoch 38: loss = 26940.744140625
Epoch 39: loss = 26940.16796875
Epoch 40: loss = 26939.53125
Epoch 41: loss = 26939.46484375
Epoch 42: loss = 26939.0078125
Epoch 43: loss = 26938.630859375
Epoch 44: loss = 26938.47265625
Epoch 45: loss = 26938.5546875
Epoch 46: loss = 26938.37890625
Epoch 47: loss = 26938.37109375
Epoch 48: loss = 26938.345703125
Epoch 49: loss = 26938.162109375
Epoch 50: loss = 26938.357421875
Epoch 51: loss = 26938.2265625
Epoch 52: loss = 26938.17578125
Epoch 53: loss = 26938.0859375
Epoch 54: loss = 26937.998046875
Epoch 55: loss = 26938.2578125
Epoch 56: loss = 26938.19140625
Epoch 57: loss = 26938.470703125
Epoch 58: loss = 26938.337890625
Epoch 59: loss = 26938.24609375
Early stopping at epoch 59 with loss 26937.998046875
Reconstruction for fluence = 183298.07108324335 photons/pixel
Epoch 0: loss = 336735600640.0
Epoch 1: loss = 241337344.0
Epoch 2: loss = 36301916.0
Epoch 3: loss = 8105378.0
Epoch 4: loss = 2280295.25
Epoch 5: loss = 852040.8125
Epoch 6: loss = 414677.96875
Epoch 7: loss = 253532.78125
Epoch 8: loss = 168298.53125
Epoch 9: loss = 126953.65625
Epoch 10: loss = 102679.65625
Epoch 11: loss = 88706.515625
Epoch 12: loss = 79971.3203125
Epoch 13: loss = 74592.0390625
Epoch 14: loss = 70547.546875
Epoch 15: loss = 67753.0390625
Epoch 16: loss = 65842.3359375
Epoch 17: loss = 64577.0
Epoch 18: loss = 63594.765625
Epoch 19: loss = 62913.04296875
Epoch 20: loss = 62398.203125
Epoch 21: loss = 62010.52734375
Epoch 22: loss = 61747.98046875
Epoch 23: loss = 61553.2578125
Epoch 24: loss = 61397.9296875
Epoch 25: loss = 61275.96484375
Epoch 26: loss = 61171.20703125
Epoch 27: loss = 61085.9375
Epoch 28: loss = 61019.1171875
Epoch 29: loss = 60961.9453125
Epoch 30: loss = 60923.16015625
Epoch 31: loss = 60892.08203125
Epoch 32: loss = 60867.09765625
Epoch 33: loss = 60847.98828125
Epoch 34: loss = 60829.84765625
Epoch 35: loss = 60815.328125
Epoch 36: loss = 60813.25
Epoch 37: loss = 60802.328125
Epoch 38: loss = 60795.125
Epoch 39: loss = 60794.09765625
Epoch 40: loss = 60788.5703125
Epoch 41: loss = 60786.29296875
Epoch 42: loss = 60783.21484375
Epoch 43: loss = 60780.16796875
Epoch 44: loss = 60780.140625
Epoch 45: loss = 60779.1796875
Epoch 46: loss = 60778.54296875
Epoch 47: loss = 60776.84765625
Epoch 48: loss = 60777.45703125
Epoch 49: loss = 60776.7578125
Epoch 50: loss = 60776.30078125
Epoch 51: loss = 60775.6171875
Epoch 52: loss = 60776.125
Epoch 53: loss = 60776.30078125
Epoch 54: loss = 60776.02734375
Epoch 55: loss = 60775.59765625
Epoch 56: loss = 60775.45703125
Epoch 57: loss = 60776.02734375
Epoch 58: loss = 60775.8828125
Epoch 59: loss = 60775.83203125
Epoch 60: loss = 60775.67578125
Epoch 61: loss = 60775.91796875
Early stopping at epoch 61 with loss 60775.45703125
Reconstruction for fluence = 428133.2398719387 photons/pixel
Epoch 0: loss = 1837056655360.0
Epoch 1: loss = 1319604864.0
Epoch 2: loss = 210517136.0
Epoch 3: loss = 44498428.0
Epoch 4: loss = 12067577.0
Epoch 5: loss = 4983902.5
Epoch 6: loss = 2033416.5
Epoch 7: loss = 1140197.625
Epoch 8: loss = 723272.8125
Epoch 9: loss = 509055.65625
Epoch 10: loss = 377523.0
Epoch 11: loss = 305529.84375
Epoch 12: loss = 262223.84375
Epoch 13: loss = 230783.921875
Epoch 14: loss = 208540.8125
Epoch 15: loss = 193227.234375
Epoch 16: loss = 182405.703125
Epoch 17: loss = 175397.640625
Epoch 18: loss = 169726.453125
Epoch 19: loss = 166002.53125
Epoch 20: loss = 163021.78125
Epoch 21: loss = 160689.421875
Epoch 22: loss = 159225.953125
Epoch 23: loss = 157986.78125
Epoch 24: loss = 157025.703125
Epoch 25: loss = 156279.703125
Epoch 26: loss = 155675.390625
Epoch 27: loss = 155174.484375
Epoch 28: loss = 154800.671875
Epoch 29: loss = 154516.71875
Epoch 30: loss = 154327.265625
Epoch 31: loss = 154179.21875
Epoch 32: loss = 154064.3125
Epoch 33: loss = 153973.5625
Epoch 34: loss = 153897.390625
Epoch 35: loss = 153836.0
Epoch 36: loss = 153788.203125
Epoch 37: loss = 153753.921875
Epoch 38: loss = 153728.078125
Epoch 39: loss = 153708.71875
Epoch 40: loss = 153695.109375
Epoch 41: loss = 153685.203125
Epoch 42: loss = 153679.328125
Epoch 43: loss = 153674.53125
Epoch 44: loss = 153671.34375
Epoch 45: loss = 153667.171875
Epoch 46: loss = 153667.53125
Epoch 47: loss = 153664.578125
Epoch 48: loss = 153661.890625
Epoch 49: loss = 153663.25
Epoch 50: loss = 153660.203125
Epoch 51: loss = 153661.15625
Epoch 52: loss = 153661.46875
Epoch 53: loss = 153661.796875
Epoch 54: loss = 153660.03125
Epoch 55: loss = 153662.171875
Epoch 56: loss = 153660.734375
Epoch 57: loss = 153659.109375
Epoch 58: loss = 153660.203125
Epoch 59: loss = 153665.1875
Epoch 60: loss = 153659.296875
Epoch 61: loss = 153658.421875
Epoch 62: loss = 153659.671875
Epoch 63: loss = 153657.78125
Epoch 64: loss = 153659.53125
Epoch 65: loss = 153659.609375
Epoch 66: loss = 153662.0625
Epoch 67: loss = 153659.609375
Epoch 68: loss = 153658.46875
Early stopping at epoch 68 with loss 153657.78125
Reconstruction for fluence = 1000000.0 photons/pixel
Epoch 0: loss = 10022436208640.0
Epoch 1: loss = 7182882304.0
Epoch 2: loss = 1067065472.0
Epoch 3: loss = 235151168.0
Epoch 4: loss = 64104804.0
Epoch 5: loss = 23189788.0
Epoch 6: loss = 10765739.0
Epoch 7: loss = 6075996.5
Epoch 8: loss = 3544900.75
Epoch 9: loss = 2335482.0
Epoch 10: loss = 1597289.625
Epoch 11: loss = 1166926.625
Epoch 12: loss = 920039.25
Epoch 13: loss = 750176.8125
Epoch 14: loss = 627857.9375
Epoch 15: loss = 546524.6875
Epoch 16: loss = 485892.21875
Epoch 17: loss = 445576.90625
Epoch 18: loss = 418791.15625
Epoch 19: loss = 398268.84375
Epoch 20: loss = 382672.25
Epoch 21: loss = 371348.96875
Epoch 22: loss = 363061.21875
Epoch 23: loss = 356964.5
Epoch 24: loss = 351856.25
Epoch 25: loss = 348142.75
Epoch 26: loss = 345237.65625
Epoch 27: loss = 343244.1875
Epoch 28: loss = 341708.5
Epoch 29: loss = 340482.6875
Epoch 30: loss = 339522.0
Epoch 31: loss = 338774.5
Epoch 32: loss = 338213.09375
Epoch 33: loss = 337814.0
Epoch 34: loss = 337487.21875
Epoch 35: loss = 337237.375
Epoch 36: loss = 337040.21875
Epoch 37: loss = 336912.84375
Epoch 38: loss = 336813.9375
Epoch 39: loss = 336752.0625
Epoch 40: loss = 336697.0625
Epoch 41: loss = 336663.5625
Epoch 42: loss = 336633.40625
Epoch 43: loss = 336623.09375
Epoch 44: loss = 336590.625
Epoch 45: loss = 336583.78125
Epoch 46: loss = 336574.625
Epoch 47: loss = 336569.3125
Epoch 48: loss = 336554.34375
Epoch 49: loss = 336559.34375
Epoch 50: loss = 336562.71875
Epoch 51: loss = 336558.09375
Epoch 52: loss = 336563.15625
Epoch 53: loss = 336554.5
Early stopping at epoch 53 with loss 336554.34375
Tensors initialization on device cuda
Multiprobe = None

('MSE', 'PoissonNLL') RECONSTRUCTIONS

Reconstruction for fluence = 0.09999999999999999 photons/pixel
Epoch 0: loss = 0.19826968014240265
Epoch 1: loss = 0.05858343839645386
Epoch 2: loss = 0.05653122439980507
Epoch 3: loss = 0.05593705177307129
Epoch 4: loss = 0.055635835975408554
Epoch 5: loss = 0.05536974221467972
Epoch 6: loss = 0.05514705181121826
Epoch 7: loss = 0.05504738911986351
Epoch 8: loss = 0.05498571693897247
Epoch 9: loss = 0.05493776127696037
Epoch 10: loss = 0.05488458648324013
Epoch 11: loss = 0.05481933429837227
Epoch 12: loss = 0.05477729067206383
Epoch 13: loss = 0.05468166247010231
Epoch 14: loss = 0.054658107459545135
Epoch 0: loss = 0.14440691471099854
Epoch 1: loss = 0.10926405340433121
Epoch 2: loss = 0.10884542018175125
Epoch 3: loss = 0.10875135660171509
Epoch 4: loss = 0.1087251678109169
Epoch 5: loss = 0.1087251678109169
Epoch 6: loss = 0.1087251678109169
Epoch 7: loss = 0.1087251678109169
Epoch 8: loss = 0.1087251678109169
Epoch 9: loss = 0.1087251678109169
Early stopping at epoch 9 with loss 0.1087251678109169
Reconstruction for fluence = 0.23357214690901223 photons/pixel
Epoch 0: loss = 0.7703167796134949
Epoch 1: loss = 0.13633550703525543
Epoch 2: loss = 0.13348814845085144
Epoch 3: loss = 0.13295073807239532
Epoch 4: loss = 0.1326751410961151
Epoch 5: loss = 0.1324320137500763
Epoch 6: loss = 0.1322847455739975
Epoch 7: loss = 0.13191133737564087
Epoch 8: loss = 0.13127996027469635
Epoch 9: loss = 0.1311762034893036
Epoch 10: loss = 0.13114497065544128
Epoch 11: loss = 0.13113141059875488
Epoch 12: loss = 0.1310863047838211
Epoch 13: loss = 0.13104063272476196
Epoch 14: loss = 0.13103243708610535
Epoch 0: loss = 0.13735799491405487
Epoch 1: loss = 0.0825432687997818
Epoch 2: loss = 0.08222011476755142
Epoch 3: loss = 0.08216802030801773
Epoch 4: loss = 0.0821477547287941
Epoch 5: loss = 0.08214586228132248
Epoch 6: loss = 0.08214584738016129
Epoch 7: loss = 0.0821458101272583
Early stopping at epoch 7 with loss 0.08222011476755142
Reconstruction for fluence = 0.5455594781168519 photons/pixel
Epoch 0: loss = 3.535531759262085
Epoch 1: loss = 0.3113509714603424
Epoch 2: loss = 0.30298444628715515
Epoch 3: loss = 0.30141380429267883
Epoch 4: loss = 0.3010246455669403
Epoch 5: loss = 0.300829142332077
Epoch 6: loss = 0.30065086483955383
Epoch 7: loss = 0.3004845976829529
Epoch 8: loss = 0.3001404404640198
Epoch 9: loss = 0.29985353350639343
Epoch 10: loss = 0.29958677291870117
Epoch 11: loss = 0.29950761795043945
Epoch 12: loss = 0.29947397112846375
Epoch 13: loss = 0.29941263794898987
Epoch 14: loss = 0.2993758022785187
Epoch 0: loss = -0.15918512642383575
Epoch 1: loss = -0.24263276159763336
Epoch 2: loss = -0.24329760670661926
Epoch 3: loss = -0.24335667490959167
Epoch 4: loss = -0.2434116005897522
Epoch 5: loss = -0.24342523515224457
Epoch 6: loss = -0.24344158172607422
Epoch 7: loss = -0.2434568703174591
Epoch 8: loss = -0.24346351623535156
Epoch 9: loss = -0.24346740543842316
Early stopping at epoch 9 with loss -0.2434116005897522
Reconstruction for fluence = 1.2742749857031335 photons/pixel
Epoch 0: loss = 17.55429458618164
Epoch 1: loss = 0.6756982803344727
Epoch 2: loss = 0.6455104947090149
Epoch 3: loss = 0.6406499147415161
Epoch 4: loss = 0.6394692659378052
Epoch 5: loss = 0.6392322182655334
Epoch 6: loss = 0.6391769647598267
Epoch 7: loss = 0.639158308506012
Epoch 8: loss = 0.6391522884368896
Epoch 9: loss = 0.6391502022743225
Epoch 10: loss = 0.6391499638557434
Early stopping at epoch 10 with loss 0.6392322182655334
Epoch 0: loss = -1.4961186647415161
Epoch 1: loss = -1.6211988925933838
Epoch 2: loss = -1.6217236518859863
Epoch 3: loss = -1.6217424869537354
Epoch 4: loss = -1.6218494176864624
Epoch 5: loss = -1.621894359588623
Epoch 6: loss = -1.6219035387039185
Epoch 7: loss = -1.6219255924224854
Epoch 8: loss = -1.6219288110733032
Epoch 9: loss = -1.621929407119751
Early stopping at epoch 9 with loss -1.6218494176864624
Reconstruction for fluence = 2.976351441631318 photons/pixel
Epoch 0: loss = 91.49288177490234
Epoch 1: loss = 1.5193384885787964
Epoch 2: loss = 1.4095039367675781
Epoch 3: loss = 1.393921136856079
Epoch 4: loss = 1.3904563188552856
Epoch 5: loss = 1.389508843421936
Epoch 6: loss = 1.3891340494155884
Epoch 7: loss = 1.3890304565429688
Epoch 8: loss = 1.388996958732605
Epoch 9: loss = 1.3889862298965454
Epoch 10: loss = 1.3889844417572021
Epoch 11: loss = 1.3889827728271484
Epoch 12: loss = 1.3889827728271484
Early stopping at epoch 12 with loss 1.3890304565429688
Epoch 0: loss = -6.08365535736084
Epoch 1: loss = -6.270590305328369
Epoch 2: loss = -6.272209167480469
Epoch 3: loss = -6.272559642791748
Epoch 4: loss = -6.272629737854004
Epoch 5: loss = -6.272860050201416
Epoch 6: loss = -6.272915363311768
Epoch 7: loss = -6.272920608520508
Epoch 8: loss = -6.272928714752197
Epoch 9: loss = -6.272928714752197
Epoch 10: loss = -6.272929668426514
Early stopping at epoch 10 with loss -6.272860050201416
Reconstruction for fluence = 6.9519279617756045 photons/pixel
Epoch 0: loss = 490.87548828125
Epoch 1: loss = 3.8208422660827637
Epoch 2: loss = 3.3357739448547363
Epoch 3: loss = 3.2591099739074707
Epoch 4: loss = 3.247011423110962
Epoch 5: loss = 3.244326591491699
Epoch 6: loss = 3.243487596511841
Epoch 7: loss = 3.2433416843414307
Epoch 8: loss = 3.2433018684387207
Epoch 9: loss = 3.2432963848114014
Epoch 10: loss = 3.243293046951294
Epoch 11: loss = 3.2432923316955566
Epoch 12: loss = 3.243290424346924
Early stopping at epoch 12 with loss 3.2433416843414307
Epoch 0: loss = -20.190134048461914
Epoch 1: loss = -20.468891143798828
Epoch 2: loss = -20.471357345581055
Epoch 3: loss = -20.472055435180664
Epoch 4: loss = -20.472312927246094
Epoch 5: loss = -20.472442626953125
Epoch 6: loss = -20.472463607788086
Epoch 7: loss = -20.47246742248535
Epoch 8: loss = -20.47248077392578
Epoch 9: loss = -20.47248077392578
Epoch 10: loss = -20.472482681274414
Early stopping at epoch 10 with loss -20.472442626953125
Reconstruction for fluence = 16.23776739188721 photons/pixel
Epoch 0: loss = 2659.58837890625
Epoch 1: loss = 9.84913444519043
Epoch 2: loss = 7.137670040130615
Epoch 3: loss = 6.801517009735107
Epoch 4: loss = 6.739124298095703
Epoch 5: loss = 6.726591110229492
Epoch 6: loss = 6.723513126373291
Epoch 7: loss = 6.7224602699279785
Epoch 8: loss = 6.721922397613525
Epoch 9: loss = 6.7216796875
Epoch 10: loss = 6.721540927886963
Epoch 11: loss = 6.721436977386475
Epoch 12: loss = 6.721350193023682
Epoch 13: loss = 6.721137523651123
Epoch 14: loss = 6.7204413414001465
Epoch 0: loss = -61.14075469970703
Epoch 1: loss = -61.52670669555664
Epoch 2: loss = -61.53438186645508
Epoch 3: loss = -61.53529739379883
Epoch 4: loss = -61.53561782836914
Epoch 5: loss = -61.5356330871582
Epoch 6: loss = -61.53563690185547
Epoch 7: loss = -61.53564453125
Epoch 8: loss = -61.53565979003906
Epoch 9: loss = -61.53565979003906
Early stopping at epoch 9 with loss -61.53561782836914
Reconstruction for fluence = 37.926901907322495 photons/pixel
Epoch 0: loss = 14423.5029296875
Epoch 1: loss = 28.256961822509766
Epoch 2: loss = 17.293197631835938
Epoch 3: loss = 15.573270797729492
Epoch 4: loss = 15.14737606048584
Epoch 5: loss = 15.05925464630127
Epoch 6: loss = 15.03582763671875
Epoch 7: loss = 15.027684211730957
Epoch 8: loss = 15.024374961853027
Epoch 9: loss = 15.0230712890625
Epoch 10: loss = 15.022515296936035
Epoch 11: loss = 15.02232837677002
Epoch 12: loss = 15.022236824035645
Epoch 13: loss = 15.022223472595215
Epoch 14: loss = 15.02221393585205
Epoch 0: loss = -175.5780792236328
Epoch 1: loss = -176.0982208251953
Epoch 2: loss = -176.10350036621094
Epoch 3: loss = -176.1044921875
Epoch 4: loss = -176.10487365722656
Epoch 5: loss = -176.1049346923828
Epoch 6: loss = -176.10498046875
Epoch 7: loss = -176.10498046875
Epoch 8: loss = -176.10498046875
Epoch 9: loss = -176.10501098632812
Epoch 10: loss = -176.10501098632812
Epoch 11: loss = -176.10501098632812
Epoch 12: loss = -176.10501098632812
Epoch 13: loss = -176.10501098632812
Epoch 14: loss = -176.1050262451172
Early stopping at epoch 14 with loss -176.10501098632812
Reconstruction for fluence = 88.58667904100822 photons/pixel
Epoch 0: loss = 78772.59375
Epoch 1: loss = 98.7203369140625
Epoch 2: loss = 42.63771438598633
Epoch 3: loss = 34.389366149902344
Epoch 4: loss = 32.7205924987793
Epoch 5: loss = 32.36258316040039
Epoch 6: loss = 32.25848388671875
Epoch 7: loss = 32.21208953857422
Epoch 8: loss = 32.1900520324707
Epoch 9: loss = 32.18109130859375
Epoch 10: loss = 32.176273345947266
Epoch 11: loss = 32.17385482788086
Epoch 12: loss = 32.17274475097656
Epoch 13: loss = 32.17219924926758
Epoch 14: loss = 32.17204284667969
Epoch 0: loss = -484.7546691894531
Epoch 1: loss = -485.43450927734375
Epoch 2: loss = -485.4417419433594
Epoch 3: loss = -485.44281005859375
Epoch 4: loss = -485.4430236816406
Epoch 5: loss = -485.4430236816406
Epoch 6: loss = -485.4431457519531
Epoch 7: loss = -485.4432678222656
Epoch 8: loss = -485.4432678222656
Epoch 9: loss = -485.443359375
Epoch 10: loss = -485.4434814453125
Epoch 11: loss = -485.4435119628906
Epoch 12: loss = -485.4435729980469
Epoch 13: loss = -485.44378662109375
Epoch 14: loss = -485.44390869140625
Epoch 15: loss = -485.44390869140625
Epoch 16: loss = -485.44390869140625
Epoch 17: loss = -485.44390869140625
Epoch 18: loss = -485.4440002441406
Epoch 19: loss = -485.4441223144531
Epoch 20: loss = -485.4441833496094
Epoch 21: loss = -485.4442443847656
Epoch 22: loss = -485.4442443847656
Epoch 23: loss = -485.4442443847656
Epoch 24: loss = -485.4442443847656
Epoch 25: loss = -485.4442443847656
Epoch 26: loss = -485.4442443847656
Early stopping at epoch 26 with loss -485.4442443847656
Reconstruction for fluence = 206.9138081114788 photons/pixel
Epoch 0: loss = 428941.65625
Epoch 1: loss = 389.72900390625
Epoch 2: loss = 127.54833984375
Epoch 3: loss = 87.67060089111328
Epoch 4: loss = 79.56272888183594
Epoch 5: loss = 77.48918914794922
Epoch 6: loss = 76.90472412109375
Epoch 7: loss = 76.68624877929688
Epoch 8: loss = 76.58219146728516
Epoch 9: loss = 76.52720642089844
Epoch 10: loss = 76.49745178222656
Epoch 11: loss = 76.4820327758789
Epoch 12: loss = 76.47465515136719
Epoch 13: loss = 76.4699478149414
Epoch 14: loss = 76.46688079833984
Epoch 0: loss = -1308.909912109375
Epoch 1: loss = -1309.806640625
Epoch 2: loss = -1309.8245849609375
Epoch 3: loss = -1309.8272705078125
Epoch 4: loss = -1309.8275146484375
Epoch 5: loss = -1309.8277587890625
Epoch 6: loss = -1309.8277587890625
Epoch 7: loss = -1309.827880859375
Epoch 8: loss = -1309.828125
Epoch 9: loss = -1309.828125
Epoch 10: loss = -1309.8282470703125
Epoch 11: loss = -1309.8282470703125
Epoch 12: loss = -1309.828369140625
Epoch 13: loss = -1309.82861328125
Epoch 14: loss = -1309.82861328125
Epoch 15: loss = -1309.82861328125
Epoch 16: loss = -1309.8287353515625
Epoch 17: loss = -1309.8287353515625
Epoch 18: loss = -1309.8287353515625
Early stopping at epoch 18 with loss -1309.82861328125
Reconstruction for fluence = 483.2930238571752 photons/pixel
Epoch 0: loss = 2339827.5
Epoch 1: loss = 1992.1226806640625
Epoch 2: loss = 438.5263671875
Epoch 3: loss = 230.1132049560547
Epoch 4: loss = 188.50868225097656
Epoch 5: loss = 177.65065002441406
Epoch 6: loss = 174.4959716796875
Epoch 7: loss = 173.26438903808594
Epoch 8: loss = 172.6127471923828
Epoch 9: loss = 172.30418395996094
Epoch 10: loss = 172.12342834472656
Epoch 11: loss = 172.0257568359375
Epoch 12: loss = 171.9633331298828
Epoch 13: loss = 171.92494201660156
Epoch 14: loss = 171.89930725097656
Epoch 0: loss = -3468.674072265625
Epoch 1: loss = -3469.90966796875
Epoch 2: loss = -3469.925048828125
Epoch 3: loss = -3469.92578125
Epoch 4: loss = -3469.92626953125
Epoch 5: loss = -3469.9267578125
Epoch 6: loss = -3469.927001953125
Epoch 7: loss = -3469.927734375
Epoch 8: loss = -3469.927734375
Epoch 9: loss = -3469.928466796875
Epoch 10: loss = -3469.9287109375
Epoch 11: loss = -3469.9287109375
Epoch 12: loss = -3469.928955078125
Epoch 13: loss = -3469.928955078125
Epoch 14: loss = -3469.928955078125
Epoch 15: loss = -3469.928955078125
Epoch 16: loss = -3469.928955078125
Epoch 17: loss = -3469.928955078125
Early stopping at epoch 17 with loss -3469.928955078125
Reconstruction for fluence = 1128.8378916846884 photons/pixel
Epoch 0: loss = 12772587.0
Epoch 1: loss = 9989.08203125
Epoch 2: loss = 1831.5675048828125
Epoch 3: loss = 709.0497436523438
Epoch 4: loss = 487.23492431640625
Epoch 5: loss = 433.5248718261719
Epoch 6: loss = 417.1701965332031
Epoch 7: loss = 411.2811279296875
Epoch 8: loss = 407.93896484375
Epoch 9: loss = 406.1903991699219
Epoch 10: loss = 405.2774963378906
Epoch 11: loss = 404.7667541503906
Epoch 12: loss = 404.5279846191406
Epoch 13: loss = 404.3085632324219
Epoch 14: loss = 404.1969299316406
Epoch 0: loss = -9057.7529296875
Epoch 1: loss = -9059.3134765625
Epoch 2: loss = -9059.3212890625
Epoch 3: loss = -9059.3212890625
Epoch 4: loss = -9059.322265625
Epoch 5: loss = -9059.3251953125
Epoch 6: loss = -9059.3251953125
Epoch 7: loss = -9059.3251953125
Epoch 8: loss = -9059.3251953125
Epoch 9: loss = -9059.3251953125
Epoch 10: loss = -9059.3251953125
Early stopping at epoch 10 with loss -9059.3251953125
Reconstruction for fluence = 2636.6508987303555 photons/pixel
Epoch 0: loss = 69663216.0
Epoch 1: loss = 51431.26171875
Epoch 2: loss = 8751.4970703125
Epoch 3: loss = 2590.37109375
Epoch 4: loss = 1378.3316650390625
Epoch 5: loss = 1066.4459228515625
Epoch 6: loss = 970.6918334960938
Epoch 7: loss = 938.8529663085938
Epoch 8: loss = 916.8175048828125
Epoch 9: loss = 906.8546142578125
Epoch 10: loss = 901.404052734375
Epoch 11: loss = 898.456298828125
Epoch 12: loss = 896.758056640625
Epoch 13: loss = 895.583740234375
Epoch 14: loss = 894.811767578125
Epoch 0: loss = -23396.771484375
Epoch 1: loss = -23398.732421875
Epoch 2: loss = -23398.744140625
Epoch 3: loss = -23398.76171875
Epoch 4: loss = -23398.765625
Epoch 5: loss = -23398.765625
Epoch 6: loss = -23398.76953125
Epoch 7: loss = -23398.771484375
Epoch 8: loss = -23398.771484375
Epoch 9: loss = -23398.771484375
Epoch 10: loss = -23398.771484375
Epoch 11: loss = -23398.771484375
Epoch 12: loss = -23398.771484375
Early stopping at epoch 12 with loss -23398.771484375
Reconstruction for fluence = 6158.482110660255 photons/pixel
Epoch 0: loss = 380084576.0
Epoch 1: loss = 275268.21875
Epoch 2: loss = 45638.0078125
Epoch 3: loss = 11745.7763671875
Epoch 4: loss = 4755.41943359375
Epoch 5: loss = 3076.53076171875
Epoch 6: loss = 2598.7412109375
Epoch 7: loss = 2405.221923828125
Epoch 8: loss = 2314.029541015625
Epoch 9: loss = 2264.55615234375
Epoch 10: loss = 2234.619140625
Epoch 11: loss = 2218.326171875
Epoch 12: loss = 2208.006103515625
Epoch 13: loss = 2201.428466796875
Epoch 14: loss = 2197.079345703125
Epoch 0: loss = -59869.08203125
Epoch 1: loss = -59871.5546875
Epoch 2: loss = -59871.5703125
Epoch 3: loss = -59871.5703125
Epoch 4: loss = -59871.578125
Epoch 5: loss = -59871.578125
Epoch 6: loss = -59871.58203125
Epoch 7: loss = -59871.58203125
Epoch 8: loss = -59871.58984375
Epoch 9: loss = -59871.58984375
Epoch 10: loss = -59871.58984375
Epoch 11: loss = -59871.58984375
Epoch 12: loss = -59871.58984375
Epoch 13: loss = -59871.59765625
Epoch 14: loss = -59871.59765625
Epoch 15: loss = -59871.59765625
Epoch 16: loss = -59871.59765625
Epoch 17: loss = -59871.59765625
Epoch 18: loss = -59871.59765625
Early stopping at epoch 18 with loss -59871.59765625
Reconstruction for fluence = 14384.498882876629 photons/pixel
Epoch 0: loss = 2073965952.0
Epoch 1: loss = 1491131.875
Epoch 2: loss = 237779.171875
Epoch 3: loss = 55940.15234375
Epoch 4: loss = 18068.580078125
Epoch 5: loss = 9728.8486328125
Epoch 6: loss = 7240.34912109375
Epoch 7: loss = 6256.18017578125
Epoch 8: loss = 5753.12890625
Epoch 9: loss = 5511.68212890625
Epoch 10: loss = 5366.533203125
Epoch 11: loss = 5280.94091796875
Epoch 12: loss = 5232.9111328125
Epoch 13: loss = 5199.85400390625
Epoch 14: loss = 5176.72900390625
Epoch 0: loss = -152025.390625
Epoch 1: loss = -152028.3125
Epoch 2: loss = -152028.3125
Epoch 3: loss = -152028.3125
Epoch 4: loss = -152028.3125
Epoch 5: loss = -152028.3125
Epoch 6: loss = -152028.3125
Early stopping at epoch 6 with loss -152028.3125
Reconstruction for fluence = 33598.18286283781 photons/pixel
Epoch 0: loss = 11313368064.0
Epoch 1: loss = 8108583.0
Epoch 2: loss = 1246685.125
Epoch 3: loss = 287412.03125
Epoch 4: loss = 83004.6953125
Epoch 5: loss = 36980.1953125
Epoch 6: loss = 23218.791015625
Epoch 7: loss = 17562.587890625
Epoch 8: loss = 14724.6767578125
Epoch 9: loss = 13308.93359375
Epoch 10: loss = 12487.4794921875
Epoch 11: loss = 12022.478515625
Epoch 12: loss = 11743.779296875
Epoch 13: loss = 11553.599609375
Epoch 14: loss = 11413.2822265625
Epoch 0: loss = -383618.34375
Epoch 1: loss = -383622.09375
Epoch 2: loss = -383622.15625
Epoch 3: loss = -383622.15625
Epoch 4: loss = -383622.15625
Epoch 5: loss = -383622.15625
Epoch 6: loss = -383622.21875
Epoch 7: loss = -383622.21875
Epoch 8: loss = -383622.21875
Epoch 9: loss = -383622.21875
Epoch 10: loss = -383622.21875
Epoch 11: loss = -383622.21875
Early stopping at epoch 11 with loss -383622.21875
Reconstruction for fluence = 78475.99703514607 photons/pixel
Epoch 0: loss = 61720596480.0
Epoch 1: loss = 44250420.0
Epoch 2: loss = 7077623.0
Epoch 3: loss = 1559498.75
Epoch 4: loss = 440392.125
Epoch 5: loss = 165378.328125
Epoch 6: loss = 90348.8828125
Epoch 7: loss = 61723.3046875
Epoch 8: loss = 46842.453125
Epoch 9: loss = 39543.65625
Epoch 10: loss = 35128.64453125
Epoch 11: loss = 32435.72265625
Epoch 12: loss = 30932.041015625
Epoch 13: loss = 29794.33984375
Epoch 14: loss = 29078.99609375
Epoch 0: loss = -962608.6875
Epoch 1: loss = -962614.25
Epoch 2: loss = -962614.25
Epoch 3: loss = -962614.25
Epoch 4: loss = -962614.4375
Epoch 5: loss = -962614.4375
Epoch 6: loss = -962614.4375
Epoch 7: loss = -962614.3125
Epoch 8: loss = -962614.4375
Epoch 9: loss = -962614.4375
Early stopping at epoch 9 with loss -962614.4375
Reconstruction for fluence = 183298.07108324335 photons/pixel
Epoch 0: loss = 336724557824.0
Epoch 1: loss = 240877136.0
Epoch 2: loss = 37196068.0
Epoch 3: loss = 7973052.5
Epoch 4: loss = 2112589.5
Epoch 5: loss = 803389.75
Epoch 6: loss = 403911.15625
Epoch 7: loss = 250885.671875
Epoch 8: loss = 168824.703125
Epoch 9: loss = 127341.3046875
Epoch 10: loss = 103728.1796875
Epoch 11: loss = 89508.828125
Epoch 12: loss = 81471.828125
Epoch 13: loss = 75498.4140625
Epoch 14: loss = 71500.7109375
Epoch 0: loss = -2403837.25
Epoch 1: loss = -2403846.0
Epoch 2: loss = -2403846.25
Epoch 3: loss = -2403846.25
Epoch 4: loss = -2403846.25
Epoch 5: loss = -2403846.25
Epoch 6: loss = -2403846.25
Epoch 7: loss = -2403846.25
Early stopping at epoch 7 with loss -2403846.25
Reconstruction for fluence = 428133.2398719387 photons/pixel
Epoch 0: loss = 1837058621440.0
Epoch 1: loss = 1313449088.0
Epoch 2: loss = 203871952.0
Epoch 3: loss = 43451256.0
Epoch 4: loss = 11277076.0
Epoch 5: loss = 4027401.75
Epoch 6: loss = 1962932.25
Epoch 7: loss = 1158500.25
Epoch 8: loss = 719083.1875
Epoch 9: loss = 502781.21875
Epoch 10: loss = 366999.15625
Epoch 11: loss = 291774.40625
Epoch 12: loss = 247622.78125
Epoch 13: loss = 218132.828125
Epoch 14: loss = 198019.140625
Epoch 0: loss = -5977916.5
Epoch 1: loss = -5977933.5
Epoch 2: loss = -5977934.0
Epoch 3: loss = -5977934.0
Epoch 4: loss = -5977934.0
Epoch 5: loss = -5977934.0
Epoch 6: loss = -5977934.0
Epoch 7: loss = -5977934.0
Early stopping at epoch 7 with loss -5977934.0
Reconstruction for fluence = 1000000.0 photons/pixel
Epoch 0: loss = 10022149947392.0
Epoch 1: loss = 7180929536.0
Epoch 2: loss = 1061427200.0
Epoch 3: loss = 239819952.0
Epoch 4: loss = 63250548.0
Epoch 5: loss = 21834800.0
Epoch 6: loss = 10177493.0
Epoch 7: loss = 5604477.0
Epoch 8: loss = 3367307.5
Epoch 9: loss = 2210674.75
Epoch 10: loss = 1522008.25
Epoch 11: loss = 1128549.125
Epoch 12: loss = 905078.25
Epoch 13: loss = 732411.3125
Epoch 14: loss = 619861.0
Epoch 0: loss = -14811181.0
Epoch 1: loss = -14811212.0
Epoch 2: loss = -14811213.0
Epoch 3: loss = -14811213.0
Epoch 4: loss = -14811214.0
Epoch 5: loss = -14811214.0
Epoch 6: loss = -14811214.0
Epoch 7: loss = -14811214.0
Epoch 8: loss = -14811214.0
Epoch 9: loss = -14811215.0
Epoch 10: loss = -14811215.0
Epoch 11: loss = -14811215.0
Epoch 12: loss = -14811215.0
Epoch 13: loss = -14811215.0
Epoch 14: loss = -14811215.0
Early stopping at epoch 14 with loss -14811215.0
Simulation for steps_size=23 and n_fluences=20 completed!
