Running simulation for n_fluences=60
Tensors initialization on device cuda
Multiprobe = None

('MSE', None) RECONSTRUCTIONS

Reconstruction for fluence = 0.09999999999999999 photons/pixel
Epoch 0: loss = 10689.4580078125
Epoch 1: loss = 3692.73193359375
Epoch 2: loss = 3692.7314453125
Epoch 3: loss = 3692.73046875
Epoch 4: loss = 3692.73046875
Epoch 5: loss = 3692.729736328125
Epoch 6: loss = 3692.7294921875
Epoch 7: loss = 3692.7294921875
Epoch 8: loss = 3692.7294921875
Epoch 9: loss = 3692.7294921875
Epoch 10: loss = 3692.7294921875
Epoch 11: loss = 3692.7294921875
Early stopping at epoch 11 with loss 3692.7294921875
Reconstruction for fluence = 0.13141473626117564 photons/pixel
Epoch 0: loss = 13989.03515625
Epoch 1: loss = 4877.8251953125
Epoch 2: loss = 4877.8095703125
Epoch 3: loss = 4877.80908203125
Epoch 4: loss = 4877.80908203125
Epoch 5: loss = 4877.80908203125
Epoch 6: loss = 4877.80908203125
Epoch 7: loss = 4877.80859375
Epoch 8: loss = 4877.80859375
Epoch 9: loss = 4877.80908203125
Epoch 10: loss = 4877.80859375
