Running simulation for steps_size=22 and n_fluences=20
Steps size: 22
Tensors initialization on device cuda
Multiprobe = None

('MSE', None) RECONSTRUCTIONS

Reconstruction for fluence = 0.09999999999999999 photons/pixel
Epoch 0: loss = 0.206622913479805
Epoch 1: loss = 0.05882827565073967
Epoch 2: loss = 0.057331159710884094
Epoch 3: loss = 0.05687134712934494
Epoch 4: loss = 0.05648435652256012
Epoch 5: loss = 0.05626986548304558
Epoch 6: loss = 0.056139085441827774
Epoch 7: loss = 0.05594788119196892
Epoch 8: loss = 0.05590294674038887
Epoch 9: loss = 0.05578776076436043
Epoch 10: loss = 0.05566892400383949
Epoch 11: loss = 0.05565113574266434
Epoch 12: loss = 0.05564733222126961
Epoch 13: loss = 0.05564304068684578
Epoch 14: loss = 0.05563468486070633
Epoch 15: loss = 0.0556260421872139
Early stopping at epoch 15 with loss 0.05566892400383949
Reconstruction for fluence = 0.23357214690901223 photons/pixel
Epoch 0: loss = 0.8107442259788513
Epoch 1: loss = 0.131636381149292
Epoch 2: loss = 0.12806156277656555
Epoch 3: loss = 0.12723445892333984
Epoch 4: loss = 0.12683320045471191
Epoch 5: loss = 0.12671822309494019
Epoch 6: loss = 0.12664873898029327
Epoch 7: loss = 0.12642797827720642
Epoch 8: loss = 0.1263899952173233
Epoch 9: loss = 0.12618938088417053
Epoch 10: loss = 0.12608595192432404
Epoch 11: loss = 0.12606705725193024
Epoch 12: loss = 0.1260404884815216
Epoch 13: loss = 0.12598051130771637
Epoch 14: loss = 0.1259051263332367
Epoch 15: loss = 0.12586912512779236
Epoch 16: loss = 0.12585265934467316
Epoch 17: loss = 0.12581774592399597
Epoch 18: loss = 0.12570707499980927
Epoch 19: loss = 0.1256856918334961
Epoch 20: loss = 0.12568238377571106
Epoch 21: loss = 0.12568211555480957
Epoch 22: loss = 0.125682070851326
Epoch 23: loss = 0.12568199634552002
Early stopping at epoch 23 with loss 0.12570707499980927
Reconstruction for fluence = 0.5455594781168519 photons/pixel
Epoch 0: loss = 3.8041391372680664
Epoch 1: loss = 0.2929077744483948
Epoch 2: loss = 0.28345987200737
Epoch 3: loss = 0.2817066013813019
Epoch 4: loss = 0.28106817603111267
Epoch 5: loss = 0.28076592087745667
Epoch 6: loss = 0.2806393802165985
Epoch 7: loss = 0.28038132190704346
Epoch 8: loss = 0.2801743447780609
Epoch 9: loss = 0.2801366448402405
Epoch 10: loss = 0.28012144565582275
Epoch 11: loss = 0.2801091969013214
Epoch 12: loss = 0.2800970673561096
Epoch 13: loss = 0.28004753589630127
Epoch 14: loss = 0.28003355860710144
Epoch 15: loss = 0.2800302803516388
Epoch 16: loss = 0.28002962470054626
Epoch 17: loss = 0.2800295054912567
Epoch 18: loss = 0.28002944588661194
Early stopping at epoch 18 with loss 0.28004753589630127
Reconstruction for fluence = 1.2742749857031335 photons/pixel
Epoch 0: loss = 18.731849670410156
Epoch 1: loss = 0.656195342540741
Epoch 2: loss = 0.6252787113189697
Epoch 3: loss = 0.6199437975883484
Epoch 4: loss = 0.6191293597221375
Epoch 5: loss = 0.6183077692985535
Epoch 6: loss = 0.6182034611701965
Epoch 7: loss = 0.6181755661964417
Epoch 8: loss = 0.6180921792984009
Epoch 9: loss = 0.617965579032898
Epoch 10: loss = 0.6179272532463074
Epoch 11: loss = 0.6179202795028687
Epoch 12: loss = 0.6179197430610657
Epoch 13: loss = 0.6179196238517761
Epoch 14: loss = 0.6179192662239075
Early stopping at epoch 14 with loss 0.617965579032898
Reconstruction for fluence = 2.976351441631318 photons/pixel
Epoch 0: loss = 100.18216705322266
Epoch 1: loss = 1.5548591613769531
Epoch 2: loss = 1.439646601676941
Epoch 3: loss = 1.4240224361419678
Epoch 4: loss = 1.421606421470642
Epoch 5: loss = 1.4209978580474854
Epoch 6: loss = 1.4207632541656494
Epoch 7: loss = 1.4206548929214478
Epoch 8: loss = 1.4206098318099976
Epoch 9: loss = 1.420442819595337
Epoch 10: loss = 1.420389175415039
Epoch 11: loss = 1.4203811883926392
Epoch 12: loss = 1.4203802347183228
Epoch 13: loss = 1.4203802347183228
Epoch 14: loss = 1.420379638671875
Early stopping at epoch 14 with loss 1.420442819595337
Reconstruction for fluence = 6.9519279617756045 photons/pixel
Epoch 0: loss = 532.316162109375
Epoch 1: loss = 3.61722993850708
Epoch 2: loss = 3.198974609375
Epoch 3: loss = 3.111206293106079
Epoch 4: loss = 3.098762273788452
Epoch 5: loss = 3.0960235595703125
Epoch 6: loss = 3.0953118801116943
Epoch 7: loss = 3.0951154232025146
Epoch 8: loss = 3.095043420791626
Epoch 9: loss = 3.0950143337249756
Epoch 10: loss = 3.0950045585632324
Epoch 11: loss = 3.094822883605957
Epoch 12: loss = 3.093960762023926
Epoch 13: loss = 3.0936224460601807
Epoch 14: loss = 3.0936224460601807
Epoch 15: loss = 3.093571901321411
Epoch 16: loss = 3.09356427192688
Epoch 17: loss = 3.0935592651367188
Epoch 18: loss = 3.0935585498809814
Early stopping at epoch 18 with loss 3.0936224460601807
Reconstruction for fluence = 16.23776739188721 photons/pixel
Epoch 0: loss = 2886.146728515625
Epoch 1: loss = 9.343424797058105
Epoch 2: loss = 7.287424087524414
Epoch 3: loss = 6.893782138824463
Epoch 4: loss = 6.8231048583984375
Epoch 5: loss = 6.80957555770874
Epoch 6: loss = 6.806545734405518
Epoch 7: loss = 6.80510139465332
Epoch 8: loss = 6.802954196929932
Epoch 9: loss = 6.8024468421936035
Epoch 10: loss = 6.8023552894592285
Epoch 11: loss = 6.8023362159729
Epoch 12: loss = 6.802331924438477
Epoch 13: loss = 6.802330017089844
Epoch 14: loss = 6.802330017089844
Epoch 15: loss = 6.802328586578369
Epoch 16: loss = 6.802328586578369
Early stopping at epoch 16 with loss 6.8023362159729
Reconstruction for fluence = 37.926901907322495 photons/pixel
Epoch 0: loss = 15667.169921875
Epoch 1: loss = 26.82962989807129
Epoch 2: loss = 17.484609603881836
Epoch 3: loss = 15.405728340148926
Epoch 4: loss = 15.07000732421875
Epoch 5: loss = 14.99306583404541
Epoch 6: loss = 14.975358963012695
Epoch 7: loss = 14.96918773651123
Epoch 8: loss = 14.96656608581543
Epoch 9: loss = 14.96548843383789
Epoch 10: loss = 14.965057373046875
Epoch 11: loss = 14.964887619018555
Epoch 12: loss = 14.964850425720215
Epoch 13: loss = 14.964847564697266
Epoch 14: loss = 14.96484088897705
Epoch 15: loss = 14.964826583862305
Epoch 16: loss = 14.964802742004395
Early stopping at epoch 16 with loss 14.964887619018555
Reconstruction for fluence = 88.58667904100822 photons/pixel
Epoch 0: loss = 85287.2890625
Epoch 1: loss = 95.21922302246094
Epoch 2: loss = 46.5858039855957
Epoch 3: loss = 36.25285720825195
Epoch 4: loss = 34.69890594482422
Epoch 5: loss = 34.34423065185547
Epoch 6: loss = 34.252262115478516
Epoch 7: loss = 34.217926025390625
Epoch 8: loss = 34.20235061645508
Epoch 9: loss = 34.195068359375
Epoch 10: loss = 34.19155502319336
Epoch 11: loss = 34.18978500366211
Epoch 12: loss = 34.18851089477539
Epoch 13: loss = 34.18745803833008
Epoch 14: loss = 34.18675994873047
Epoch 15: loss = 34.186370849609375
Epoch 16: loss = 34.18635559082031
Epoch 17: loss = 34.1862678527832
Epoch 18: loss = 34.1861686706543
Epoch 19: loss = 34.1861572265625
Epoch 20: loss = 34.18610382080078
Epoch 21: loss = 34.186092376708984
Epoch 22: loss = 34.18607711791992
Epoch 23: loss = 34.18606185913086
Epoch 24: loss = 34.1860466003418
Epoch 25: loss = 34.18604278564453
Epoch 26: loss = 34.18602752685547
Epoch 27: loss = 34.18602752685547
Epoch 28: loss = 34.18602752685547
Epoch 29: loss = 34.1860237121582
Early stopping at epoch 29 with loss 34.1860466003418
Reconstruction for fluence = 206.9138081114788 photons/pixel
Epoch 0: loss = 464773.875
Epoch 1: loss = 385.2628173828125
Epoch 2: loss = 140.33270263671875
Epoch 3: loss = 92.0076904296875
Epoch 4: loss = 83.55887603759766
Epoch 5: loss = 81.48272705078125
Epoch 6: loss = 80.92219543457031
Epoch 7: loss = 80.71439361572266
Epoch 8: loss = 80.61685180664062
Epoch 9: loss = 80.56864929199219
Epoch 10: loss = 80.5404052734375
Epoch 11: loss = 80.52610778808594
Epoch 12: loss = 80.51823425292969
Epoch 13: loss = 80.5126953125
Epoch 14: loss = 80.50830078125
Epoch 15: loss = 80.50414276123047
Epoch 16: loss = 80.50106048583984
Epoch 17: loss = 80.49978637695312
Epoch 18: loss = 80.49954223632812
Epoch 19: loss = 80.49938201904297
Epoch 20: loss = 80.49925231933594
Epoch 21: loss = 80.49919891357422
Epoch 22: loss = 80.49874877929688
Epoch 23: loss = 80.49868774414062
Epoch 24: loss = 80.4986343383789
Epoch 25: loss = 80.4985122680664
Epoch 26: loss = 80.49845123291016
Epoch 27: loss = 80.49840545654297
Epoch 28: loss = 80.4983901977539
Epoch 29: loss = 80.49835968017578
Epoch 30: loss = 80.49830627441406
Epoch 31: loss = 80.498291015625
Epoch 32: loss = 80.49825286865234
Epoch 33: loss = 80.49822998046875
Epoch 34: loss = 80.4981460571289
Epoch 35: loss = 80.49813842773438
Epoch 36: loss = 80.49808502197266
Epoch 37: loss = 80.4980239868164
Epoch 38: loss = 80.4980239868164
Epoch 39: loss = 80.49800872802734
Epoch 40: loss = 80.49800872802734
Epoch 41: loss = 80.49796295166016
Epoch 42: loss = 80.49797821044922
Early stopping at epoch 42 with loss 80.4980239868164
Reconstruction for fluence = 483.2930238571752 photons/pixel
Epoch 0: loss = 2536742.75
Epoch 1: loss = 1777.4737548828125
Epoch 2: loss = 511.4369201660156
Epoch 3: loss = 239.3509979248047
Epoch 4: loss = 191.31936645507812
Epoch 5: loss = 179.05165100097656
Epoch 6: loss = 175.48800659179688
Epoch 7: loss = 174.1573028564453
Epoch 8: loss = 173.51422119140625
Epoch 9: loss = 173.20846557617188
Epoch 10: loss = 173.0497283935547
Epoch 11: loss = 172.95944213867188
Epoch 12: loss = 172.91482543945312
Epoch 13: loss = 172.8759307861328
Epoch 14: loss = 172.8496856689453
Epoch 15: loss = 172.8313751220703
Epoch 16: loss = 172.81735229492188
Epoch 17: loss = 172.80722045898438
Epoch 18: loss = 172.79953002929688
Epoch 19: loss = 172.79461669921875
Epoch 20: loss = 172.7912139892578
Epoch 21: loss = 172.7893829345703
Epoch 22: loss = 172.7891387939453
Epoch 23: loss = 172.7877655029297
Epoch 24: loss = 172.78749084472656
Epoch 25: loss = 172.78749084472656
Epoch 26: loss = 172.7874298095703
Epoch 27: loss = 172.78732299804688
Epoch 28: loss = 172.7865753173828
Epoch 29: loss = 172.78602600097656
Epoch 30: loss = 172.78565979003906
Epoch 31: loss = 172.7855987548828
Epoch 32: loss = 172.78524780273438
Epoch 33: loss = 172.78521728515625
Epoch 34: loss = 172.78515625
Epoch 35: loss = 172.78504943847656
Epoch 36: loss = 172.78500366210938
Epoch 37: loss = 172.78492736816406
Epoch 38: loss = 172.78489685058594
Epoch 39: loss = 172.78472900390625
Epoch 40: loss = 172.7845916748047
Epoch 41: loss = 172.7845916748047
Epoch 42: loss = 172.7845916748047
Epoch 43: loss = 172.7845916748047
Epoch 44: loss = 172.78453063964844
Epoch 45: loss = 172.78448486328125
Early stopping at epoch 45 with loss 172.7845916748047
Reconstruction for fluence = 1128.8378916846884 photons/pixel
Epoch 0: loss = 13842581.0
Epoch 1: loss = 9403.4501953125
Epoch 2: loss = 2352.2783203125
Epoch 3: loss = 734.384765625
Epoch 4: loss = 491.44830322265625
Epoch 5: loss = 437.4678955078125
Epoch 6: loss = 420.33734130859375
Epoch 7: loss = 413.8226623535156
Epoch 8: loss = 410.70849609375
Epoch 9: loss = 409.0932312011719
Epoch 10: loss = 408.2195739746094
Epoch 11: loss = 407.70513916015625
Epoch 12: loss = 407.42333984375
Epoch 13: loss = 407.2438659667969
Epoch 14: loss = 407.1180114746094
Epoch 15: loss = 407.0377197265625
Epoch 16: loss = 406.98480224609375
Epoch 17: loss = 406.9501037597656
Epoch 18: loss = 406.92425537109375
Epoch 19: loss = 406.90460205078125
Epoch 20: loss = 406.8915100097656
Epoch 21: loss = 406.881103515625
Epoch 22: loss = 406.8796081542969
Epoch 23: loss = 406.87255859375
Epoch 24: loss = 406.8663635253906
Epoch 25: loss = 406.8614807128906
Epoch 26: loss = 406.8595275878906
Epoch 27: loss = 406.8585510253906
Epoch 28: loss = 406.85308837890625
Epoch 29: loss = 406.8485412597656
Epoch 30: loss = 406.84490966796875
Epoch 31: loss = 406.8421325683594
Epoch 32: loss = 406.84002685546875
Epoch 33: loss = 406.8394775390625
Epoch 34: loss = 406.8394775390625
Epoch 35: loss = 406.8357849121094
Epoch 36: loss = 406.8363037109375
Epoch 37: loss = 406.8334045410156
Epoch 38: loss = 406.8309020996094
Epoch 39: loss = 406.8299865722656
Epoch 40: loss = 406.82720947265625
Epoch 41: loss = 406.82421875
Epoch 42: loss = 406.8235778808594
Epoch 43: loss = 406.8211364746094
Epoch 44: loss = 406.82086181640625
Epoch 45: loss = 406.8193054199219
Epoch 46: loss = 406.81842041015625
Epoch 47: loss = 406.8177795410156
Epoch 48: loss = 406.8170166015625
Epoch 49: loss = 406.8161926269531
Epoch 50: loss = 406.8161926269531
Epoch 51: loss = 406.8154296875
Epoch 52: loss = 406.8147277832031
Epoch 53: loss = 406.8143310546875
Epoch 54: loss = 406.8143310546875
Epoch 55: loss = 406.81402587890625
Epoch 56: loss = 406.81390380859375
Epoch 57: loss = 406.8132019042969
Epoch 58: loss = 406.8136291503906
Epoch 59: loss = 406.8134765625
Epoch 60: loss = 406.81304931640625
Epoch 61: loss = 406.8131103515625
Epoch 62: loss = 406.81292724609375
Epoch 63: loss = 406.8132019042969
Epoch 64: loss = 406.81341552734375
Epoch 65: loss = 406.8128967285156
Epoch 66: loss = 406.81280517578125
Epoch 67: loss = 406.8128967285156
Epoch 68: loss = 406.81304931640625
Epoch 69: loss = 406.8128356933594
Epoch 70: loss = 406.8127746582031
Epoch 71: loss = 406.8127746582031
Early stopping at epoch 71 with loss 406.81280517578125
Reconstruction for fluence = 2636.6508987303555 photons/pixel
Epoch 0: loss = 75466968.0
Epoch 1: loss = 47341.97265625
Epoch 2: loss = 10398.98046875
Epoch 3: loss = 2646.225830078125
Epoch 4: loss = 1424.957763671875
Epoch 5: loss = 1131.3359375
Epoch 6: loss = 1047.74267578125
Epoch 7: loss = 1014.0428466796875
Epoch 8: loss = 998.662353515625
Epoch 9: loss = 989.9841918945312
Epoch 10: loss = 985.2490234375
Epoch 11: loss = 982.5557861328125
Epoch 12: loss = 980.9938354492188
Epoch 13: loss = 979.9971923828125
Epoch 14: loss = 979.2483520507812
Epoch 15: loss = 978.7196044921875
Epoch 16: loss = 978.3795776367188
Epoch 17: loss = 978.140869140625
Epoch 18: loss = 977.9663696289062
Epoch 19: loss = 977.839111328125
Epoch 20: loss = 977.7457885742188
Epoch 21: loss = 977.6755981445312
Epoch 22: loss = 977.6270751953125
Epoch 23: loss = 977.587890625
Epoch 24: loss = 977.555908203125
Epoch 25: loss = 977.5277709960938
Epoch 26: loss = 977.5046997070312
Epoch 27: loss = 977.486328125
Epoch 28: loss = 977.4741821289062
Epoch 29: loss = 977.4696044921875
Epoch 30: loss = 977.454345703125
Epoch 31: loss = 977.4344482421875
Epoch 32: loss = 977.4244995117188
Epoch 33: loss = 977.4099731445312
Epoch 34: loss = 977.4086303710938
Epoch 35: loss = 977.404541015625
Epoch 36: loss = 977.402587890625
Epoch 37: loss = 977.3981323242188
Epoch 38: loss = 977.3981323242188
Epoch 39: loss = 977.3930053710938
Epoch 40: loss = 977.387939453125
Epoch 41: loss = 977.3845825195312
Epoch 42: loss = 977.3826293945312
Epoch 43: loss = 977.3787231445312
Epoch 44: loss = 977.3797607421875
Epoch 45: loss = 977.376220703125
Epoch 46: loss = 977.377197265625
Epoch 47: loss = 977.373046875
Epoch 48: loss = 977.3719482421875
Epoch 49: loss = 977.3699951171875
Epoch 50: loss = 977.369140625
Epoch 51: loss = 977.3689575195312
Epoch 52: loss = 977.3690185546875
Epoch 53: loss = 977.366455078125
Epoch 54: loss = 977.3655395507812
Epoch 55: loss = 977.3646850585938
Epoch 56: loss = 977.3656616210938
Epoch 57: loss = 977.3656616210938
Epoch 58: loss = 977.3651123046875
Epoch 59: loss = 977.3648071289062
Epoch 60: loss = 977.3648071289062
Early stopping at epoch 60 with loss 977.3646850585938
Reconstruction for fluence = 6158.482110660255 photons/pixel
Epoch 0: loss = 411840704.0
Epoch 1: loss = 257070.171875
Epoch 2: loss = 53600.0
Epoch 3: loss = 11486.0830078125
Epoch 4: loss = 4798.185546875
Epoch 5: loss = 3097.630126953125
Epoch 6: loss = 2615.0439453125
Epoch 7: loss = 2434.346923828125
Epoch 8: loss = 2342.518798828125
Epoch 9: loss = 2292.65673828125
Epoch 10: loss = 2265.655517578125
Epoch 11: loss = 2251.015625
Epoch 12: loss = 2242.55615234375
Epoch 13: loss = 2237.765869140625
Epoch 14: loss = 2233.064697265625
Epoch 15: loss = 2230.304443359375
Epoch 16: loss = 2228.51806640625
Epoch 17: loss = 2227.276123046875
Epoch 18: loss = 2226.364013671875
Epoch 19: loss = 2225.635986328125
Epoch 20: loss = 2225.066162109375
Epoch 21: loss = 2224.59326171875
Epoch 22: loss = 2224.236083984375
Epoch 23: loss = 2223.9892578125
Epoch 24: loss = 2223.792236328125
Epoch 25: loss = 2223.640869140625
Epoch 26: loss = 2223.5302734375
Epoch 27: loss = 2223.4501953125
Epoch 28: loss = 2223.438720703125
Epoch 29: loss = 2223.43359375
Epoch 30: loss = 2223.37451171875
Epoch 31: loss = 2223.362060546875
Epoch 32: loss = 2223.3056640625
Epoch 33: loss = 2223.2607421875
Epoch 34: loss = 2223.225341796875
Epoch 35: loss = 2223.18701171875
Epoch 36: loss = 2223.16015625
Epoch 37: loss = 2223.14404296875
Epoch 38: loss = 2223.131103515625
Epoch 39: loss = 2223.116455078125
Epoch 40: loss = 2223.102783203125
Epoch 41: loss = 2223.098876953125
Epoch 42: loss = 2223.09375
Epoch 43: loss = 2223.091552734375
Epoch 44: loss = 2223.07861328125
Epoch 45: loss = 2223.0703125
Epoch 46: loss = 2223.0693359375
Epoch 47: loss = 2223.0595703125
Epoch 48: loss = 2223.05126953125
Epoch 49: loss = 2223.034423828125
Epoch 50: loss = 2223.02392578125
Epoch 51: loss = 2223.0087890625
Epoch 52: loss = 2223.001220703125
Epoch 53: loss = 2222.997314453125
Epoch 54: loss = 2222.991455078125
Epoch 55: loss = 2222.9892578125
Epoch 56: loss = 2222.987548828125
Epoch 57: loss = 2222.986083984375
Epoch 58: loss = 2222.97802734375
Epoch 59: loss = 2222.97900390625
Epoch 60: loss = 2222.9765625
Epoch 61: loss = 2222.97607421875
Epoch 62: loss = 2222.978271484375
Epoch 63: loss = 2222.970947265625
Epoch 64: loss = 2222.970947265625
Epoch 65: loss = 2222.975830078125
Epoch 66: loss = 2222.974853515625
Epoch 67: loss = 2222.971923828125
Epoch 68: loss = 2222.97265625
Early stopping at epoch 68 with loss 2222.970947265625
Reconstruction for fluence = 14384.498882876629 photons/pixel
Epoch 0: loss = 2246607616.0
Epoch 1: loss = 1364489.625
Epoch 2: loss = 267286.0
Epoch 3: loss = 55172.9921875
Epoch 4: loss = 18755.25
Epoch 5: loss = 10046.91015625
Epoch 6: loss = 7168.72509765625
Epoch 7: loss = 6145.02197265625
Epoch 8: loss = 5637.26318359375
Epoch 9: loss = 5366.95751953125
Epoch 10: loss = 5213.3935546875
Epoch 11: loss = 5127.65869140625
Epoch 12: loss = 5072.6484375
Epoch 13: loss = 5039.666015625
Epoch 14: loss = 5017.9677734375
Epoch 15: loss = 5003.58203125
Epoch 16: loss = 4993.09033203125
Epoch 17: loss = 4986.73779296875
Epoch 18: loss = 4981.986328125
Epoch 19: loss = 4978.4345703125
Epoch 20: loss = 4975.69091796875
Epoch 21: loss = 4973.775390625
Epoch 22: loss = 4972.31884765625
Epoch 23: loss = 4971.154296875
Epoch 24: loss = 4970.095703125
Epoch 25: loss = 4969.22314453125
Epoch 26: loss = 4968.55126953125
Epoch 27: loss = 4968.06787109375
Epoch 28: loss = 4967.68115234375
Epoch 29: loss = 4967.3349609375
Epoch 30: loss = 4967.06640625
Epoch 31: loss = 4966.841796875
Epoch 32: loss = 4966.70068359375
Epoch 33: loss = 4966.70166015625
Epoch 34: loss = 4966.5927734375
Epoch 35: loss = 4966.51611328125
Epoch 36: loss = 4966.44775390625
Epoch 37: loss = 4966.3681640625
Epoch 38: loss = 4966.34521484375
Epoch 39: loss = 4966.27978515625
Epoch 40: loss = 4966.2587890625
Epoch 41: loss = 4966.26025390625
Epoch 42: loss = 4966.2177734375
Epoch 43: loss = 4966.16259765625
Epoch 44: loss = 4966.16650390625
Epoch 45: loss = 4966.1416015625
Epoch 46: loss = 4966.13232421875
Epoch 47: loss = 4966.12060546875
Epoch 48: loss = 4966.095703125
Epoch 49: loss = 4966.08251953125
Epoch 50: loss = 4966.07666015625
Epoch 51: loss = 4966.06884765625
Epoch 52: loss = 4966.0625
Epoch 53: loss = 4966.046875
Epoch 54: loss = 4966.046875
Epoch 55: loss = 4966.04150390625
Epoch 56: loss = 4966.03564453125
Epoch 57: loss = 4966.03076171875
Epoch 58: loss = 4966.03564453125
Epoch 59: loss = 4966.0302734375
Epoch 60: loss = 4966.0322265625
Epoch 61: loss = 4966.0322265625
Epoch 62: loss = 4966.02685546875
Epoch 63: loss = 4966.04736328125
Epoch 64: loss = 4966.02978515625
Epoch 65: loss = 4966.033203125
Epoch 66: loss = 4966.0263671875
Epoch 67: loss = 4966.03759765625
Epoch 68: loss = 4966.01904296875
Epoch 69: loss = 4966.0361328125
Epoch 70: loss = 4966.02685546875
Epoch 71: loss = 4966.01025390625
Epoch 72: loss = 4966.03662109375
Epoch 73: loss = 4966.033203125
Epoch 74: loss = 4966.025390625
Epoch 75: loss = 4966.0341796875
Epoch 76: loss = 4966.017578125
Early stopping at epoch 76 with loss 4966.01025390625
Reconstruction for fluence = 33598.18286283781 photons/pixel
Epoch 0: loss = 12257118208.0
Epoch 1: loss = 7497738.0
Epoch 2: loss = 1555808.5
Epoch 3: loss = 284597.0
Epoch 4: loss = 83695.9296875
Epoch 5: loss = 36083.3671875
Epoch 6: loss = 23022.66015625
Epoch 7: loss = 17873.583984375
Epoch 8: loss = 15337.4306640625
Epoch 9: loss = 13941.3642578125
Epoch 10: loss = 13211.416015625
Epoch 11: loss = 12792.99609375
Epoch 12: loss = 12574.3076171875
Epoch 13: loss = 12416.59375
Epoch 14: loss = 12306.7294921875
Epoch 15: loss = 12227.1513671875
Epoch 16: loss = 12173.3076171875
Epoch 17: loss = 12136.4248046875
Epoch 18: loss = 12108.3681640625
Epoch 19: loss = 12086.349609375
Epoch 20: loss = 12070.966796875
Epoch 21: loss = 12059.8759765625
Epoch 22: loss = 12051.611328125
Epoch 23: loss = 12044.9541015625
Epoch 24: loss = 12039.4599609375
Epoch 25: loss = 12035.00390625
Epoch 26: loss = 12031.3173828125
Epoch 27: loss = 12028.646484375
Epoch 28: loss = 12026.6669921875
Epoch 29: loss = 12025.19140625
Epoch 30: loss = 12024.0166015625
Epoch 31: loss = 12023.2314453125
Epoch 32: loss = 12022.6181640625
Epoch 33: loss = 12022.201171875
Epoch 34: loss = 12021.7724609375
Epoch 35: loss = 12021.5205078125
Epoch 36: loss = 12021.2587890625
Epoch 37: loss = 12021.0673828125
Epoch 38: loss = 12020.9111328125
Epoch 39: loss = 12020.87109375
Epoch 40: loss = 12020.826171875
Epoch 41: loss = 12020.720703125
Epoch 42: loss = 12020.6845703125
Epoch 43: loss = 12020.70703125
Epoch 44: loss = 12020.6201171875
Epoch 45: loss = 12020.6162109375
Epoch 46: loss = 12020.6337890625
Epoch 47: loss = 12020.6318359375
Epoch 48: loss = 12020.607421875
Epoch 49: loss = 12020.6337890625
Epoch 50: loss = 12020.7392578125
Epoch 51: loss = 12020.56640625
Epoch 52: loss = 12020.6142578125
Epoch 53: loss = 12020.52734375
Epoch 54: loss = 12020.552734375
Epoch 55: loss = 12020.5830078125
Epoch 56: loss = 12020.5830078125
Epoch 57: loss = 12020.607421875
Epoch 58: loss = 12020.5830078125
Early stopping at epoch 58 with loss 12020.52734375
Reconstruction for fluence = 78475.99703514607 photons/pixel
Epoch 0: loss = 66873634816.0
Epoch 1: loss = 41088024.0
Epoch 2: loss = 8469637.0
Epoch 3: loss = 1448612.0
Epoch 4: loss = 415292.78125
Epoch 5: loss = 162086.53125
Epoch 6: loss = 89286.9453125
Epoch 7: loss = 61134.77734375
Epoch 8: loss = 47176.37890625
Epoch 9: loss = 39213.70703125
Epoch 10: loss = 34877.17578125
Epoch 11: loss = 32471.994140625
Epoch 12: loss = 31000.3203125
Epoch 13: loss = 30149.41015625
Epoch 14: loss = 29488.576171875
Epoch 15: loss = 28974.091796875
Epoch 16: loss = 28595.650390625
Epoch 17: loss = 28374.97265625
Epoch 18: loss = 28215.0078125
Epoch 19: loss = 28094.861328125
Epoch 20: loss = 28005.970703125
Epoch 21: loss = 27940.822265625
Epoch 22: loss = 27891.458984375
Epoch 23: loss = 27854.48046875
Epoch 24: loss = 27826.396484375
Epoch 25: loss = 27804.46484375
Epoch 26: loss = 27787.6015625
Epoch 27: loss = 27775.34375
Epoch 28: loss = 27765.58984375
Epoch 29: loss = 27758.123046875
Epoch 30: loss = 27751.951171875
Epoch 31: loss = 27746.78125
Epoch 32: loss = 27742.994140625
Epoch 33: loss = 27740.044921875
Epoch 34: loss = 27738.009765625
Epoch 35: loss = 27736.587890625
Epoch 36: loss = 27735.34765625
Epoch 37: loss = 27733.9453125
Epoch 38: loss = 27733.154296875
Epoch 39: loss = 27732.09375
Epoch 40: loss = 27731.28125
Epoch 41: loss = 27730.99609375
Epoch 42: loss = 27730.40234375
Epoch 43: loss = 27729.888671875
Epoch 44: loss = 27729.52734375
Epoch 45: loss = 27728.904296875
Epoch 46: loss = 27728.830078125
Epoch 47: loss = 27728.587890625
Epoch 48: loss = 27728.103515625
Epoch 49: loss = 27727.78515625
Epoch 50: loss = 27727.525390625
Epoch 51: loss = 27727.390625
Epoch 52: loss = 27726.90625
Epoch 53: loss = 27726.41796875
Epoch 54: loss = 27725.6953125
Epoch 55: loss = 27724.703125
Epoch 56: loss = 27721.869140625
Epoch 57: loss = 27716.12109375
Epoch 58: loss = 27710.25
Epoch 59: loss = 27705.916015625
Epoch 60: loss = 27702.728515625
Epoch 61: loss = 27701.30859375
Epoch 62: loss = 27699.771484375
Epoch 63: loss = 27698.642578125
Epoch 64: loss = 27697.78515625
Epoch 65: loss = 27697.455078125
Epoch 66: loss = 27696.806640625
Epoch 67: loss = 27696.82421875
Epoch 68: loss = 27696.517578125
Epoch 69: loss = 27696.384765625
Epoch 70: loss = 27696.302734375
Epoch 71: loss = 27696.1171875
Epoch 72: loss = 27696.173828125
Epoch 73: loss = 27695.962890625
Epoch 74: loss = 27696.09375
Epoch 75: loss = 27696.033203125
Epoch 76: loss = 27696.123046875
Epoch 77: loss = 27696.0390625
Epoch 78: loss = 27696.16015625
Early stopping at epoch 78 with loss 27695.962890625
Reconstruction for fluence = 183298.07108324335 photons/pixel
Epoch 0: loss = 364812468224.0
Epoch 1: loss = 223679104.0
Epoch 2: loss = 46141908.0
Epoch 3: loss = 7965078.5
Epoch 4: loss = 2207472.0
Epoch 5: loss = 807138.75
Epoch 6: loss = 406052.40625
Epoch 7: loss = 253326.28125
Epoch 8: loss = 170469.21875
Epoch 9: loss = 128017.28125
Epoch 10: loss = 103107.28125
Epoch 11: loss = 90276.5625
Epoch 12: loss = 80988.5234375
Epoch 13: loss = 75557.7109375
Epoch 14: loss = 72116.9140625
Epoch 15: loss = 69219.8046875
Epoch 16: loss = 67450.34375
Epoch 17: loss = 66138.9140625
Epoch 18: loss = 65214.03515625
Epoch 19: loss = 64579.9453125
Epoch 20: loss = 64004.265625
Epoch 21: loss = 63629.3046875
Epoch 22: loss = 63344.27734375
Epoch 23: loss = 63114.515625
Epoch 24: loss = 62947.98828125
Epoch 25: loss = 62812.17578125
Epoch 26: loss = 62715.0
Epoch 27: loss = 62649.6875
Epoch 28: loss = 62603.4453125
Epoch 29: loss = 62556.6953125
Epoch 30: loss = 62523.375
Epoch 31: loss = 62497.20703125
Epoch 32: loss = 62479.01953125
Epoch 33: loss = 62465.70703125
Epoch 34: loss = 62455.33984375
Epoch 35: loss = 62444.953125
Epoch 36: loss = 62436.45703125
Epoch 37: loss = 62428.4296875
Epoch 38: loss = 62421.7578125
Epoch 39: loss = 62416.61328125
Epoch 40: loss = 62411.40234375
Epoch 41: loss = 62406.47265625
Epoch 42: loss = 62400.95703125
Epoch 43: loss = 62395.33984375
Epoch 44: loss = 62389.40234375
Epoch 45: loss = 62383.15234375
Epoch 46: loss = 62377.27734375
Epoch 47: loss = 62368.375
Epoch 48: loss = 62358.1953125
Epoch 49: loss = 62345.52734375
Epoch 50: loss = 62328.86328125
Epoch 51: loss = 62304.15234375
Epoch 52: loss = 62272.0078125
Epoch 53: loss = 62232.33203125
Epoch 54: loss = 62200.125
Epoch 55: loss = 62177.6328125
Epoch 56: loss = 62160.4453125
Epoch 57: loss = 62149.47265625
Epoch 58: loss = 62141.84765625
Epoch 59: loss = 62136.6953125
Epoch 60: loss = 62132.85546875
Epoch 61: loss = 62130.5546875
Epoch 62: loss = 62128.10546875
Epoch 63: loss = 62126.29296875
Epoch 64: loss = 62126.47265625
Epoch 65: loss = 62124.8203125
Epoch 66: loss = 62124.3125
Epoch 67: loss = 62122.9375
Epoch 68: loss = 62121.625
Epoch 69: loss = 62122.4453125
Epoch 70: loss = 62122.390625
Epoch 71: loss = 62121.84765625
Epoch 72: loss = 62121.05078125
Epoch 73: loss = 62121.8828125
Epoch 74: loss = 62121.47265625
Epoch 75: loss = 62120.58203125
Epoch 76: loss = 62121.3828125
Epoch 77: loss = 62120.30078125
Epoch 78: loss = 62120.91015625
Epoch 79: loss = 62120.86328125
Epoch 80: loss = 62120.65234375
Epoch 81: loss = 62120.3828125
Epoch 82: loss = 62120.95703125
Early stopping at epoch 82 with loss 62120.30078125
Reconstruction for fluence = 428133.2398719387 photons/pixel
Epoch 0: loss = 1990273662976.0
Epoch 1: loss = 1220446848.0
Epoch 2: loss = 250094880.0
Epoch 3: loss = 44757120.0
Epoch 4: loss = 12104312.0
Epoch 5: loss = 4218755.0
Epoch 6: loss = 2026513.375
Epoch 7: loss = 1191770.375
Epoch 8: loss = 732991.8125
Epoch 9: loss = 492472.125
Epoch 10: loss = 357899.78125
Epoch 11: loss = 285766.9375
Epoch 12: loss = 244895.5
Epoch 13: loss = 217077.0
Epoch 14: loss = 198087.453125
Epoch 15: loss = 184167.078125
Epoch 16: loss = 173459.15625
Epoch 17: loss = 167261.96875
Epoch 18: loss = 161475.578125
Epoch 19: loss = 157208.5625
Epoch 20: loss = 154252.328125
Epoch 21: loss = 152041.53125
Epoch 22: loss = 150420.515625
Epoch 23: loss = 149177.203125
Epoch 24: loss = 148324.78125
Epoch 25: loss = 147549.203125
Epoch 26: loss = 147055.078125
Epoch 27: loss = 146704.71875
Epoch 28: loss = 146437.359375
Epoch 29: loss = 146220.0
Epoch 30: loss = 146036.125
Epoch 31: loss = 145896.203125
Epoch 32: loss = 145785.03125
Epoch 33: loss = 145697.96875
Epoch 34: loss = 145636.15625
Epoch 35: loss = 145578.96875
Epoch 36: loss = 145529.953125
Epoch 37: loss = 145483.390625
Epoch 38: loss = 145442.828125
Epoch 39: loss = 145408.21875
Epoch 40: loss = 145375.703125
Epoch 41: loss = 145343.0625
Epoch 42: loss = 145307.3125
Epoch 43: loss = 145277.203125
Epoch 44: loss = 145243.25
Epoch 45: loss = 145206.1875
Epoch 46: loss = 145167.71875
Epoch 47: loss = 145124.625
Epoch 48: loss = 145096.078125
Epoch 49: loss = 145048.640625
Epoch 50: loss = 144987.8125
Epoch 51: loss = 144901.203125
Epoch 52: loss = 144787.171875
Epoch 53: loss = 144625.640625
Epoch 54: loss = 144447.359375
Epoch 55: loss = 144307.171875
Epoch 56: loss = 144198.796875
Epoch 57: loss = 144125.859375
Epoch 58: loss = 144074.734375
Epoch 59: loss = 144044.703125
Epoch 60: loss = 144021.296875
Epoch 61: loss = 144004.03125
Epoch 62: loss = 143997.453125
Epoch 63: loss = 143985.203125
Epoch 64: loss = 143980.5
Epoch 65: loss = 143972.75
Epoch 66: loss = 143968.0625
Epoch 67: loss = 143965.28125
Epoch 68: loss = 143961.953125
Epoch 69: loss = 143958.671875
Epoch 70: loss = 143956.78125
Epoch 71: loss = 143957.4375
Epoch 72: loss = 143955.421875
Epoch 73: loss = 143954.953125
Epoch 74: loss = 143953.625
Epoch 75: loss = 143955.640625
Epoch 76: loss = 143953.515625
Epoch 77: loss = 143951.953125
Epoch 78: loss = 143953.28125
Epoch 79: loss = 143954.078125
Epoch 80: loss = 143953.703125
Epoch 81: loss = 143955.28125
Epoch 82: loss = 143947.8125
Epoch 83: loss = 143953.234375
Epoch 84: loss = 143950.8125
Epoch 85: loss = 143954.53125
Epoch 86: loss = 143952.359375
Epoch 87: loss = 143951.671875
Early stopping at epoch 87 with loss 143947.8125
Reconstruction for fluence = 1000000.0 photons/pixel
Epoch 0: loss = 10858210000896.0
Epoch 1: loss = 6658576896.0
Epoch 2: loss = 1370504320.0
Epoch 3: loss = 244165184.0
Epoch 4: loss = 65902328.0
Epoch 5: loss = 22590740.0
Epoch 6: loss = 10606429.0
Epoch 7: loss = 5994050.5
Epoch 8: loss = 3606678.0
Epoch 9: loss = 2310913.25
Epoch 10: loss = 1565293.25
Epoch 11: loss = 1144289.125
Epoch 12: loss = 901463.375
Epoch 13: loss = 740673.8125
Epoch 14: loss = 638137.6875
Epoch 15: loss = 563101.5
Epoch 16: loss = 506959.78125
Epoch 17: loss = 470564.34375
Epoch 18: loss = 438902.5625
Epoch 19: loss = 410203.09375
Epoch 20: loss = 390053.15625
Epoch 21: loss = 376458.46875
Epoch 22: loss = 367533.4375
Epoch 23: loss = 360338.8125
Epoch 24: loss = 354836.5625
Epoch 25: loss = 351059.0
Epoch 26: loss = 348305.34375
Epoch 27: loss = 346318.0625
Epoch 28: loss = 344808.09375
Epoch 29: loss = 343442.625
Epoch 30: loss = 342328.0
Epoch 31: loss = 341417.28125
Epoch 32: loss = 340713.6875
Epoch 33: loss = 340226.46875
Epoch 34: loss = 339817.84375
Epoch 35: loss = 339472.15625
Epoch 36: loss = 339170.40625
Epoch 37: loss = 338875.34375
Epoch 38: loss = 338618.78125
Epoch 39: loss = 338372.375
Epoch 40: loss = 338105.34375
Epoch 41: loss = 337814.84375
Epoch 42: loss = 337510.25
Epoch 43: loss = 337193.0625
Epoch 44: loss = 336819.40625
Epoch 45: loss = 336302.9375
Epoch 46: loss = 335575.25
Epoch 47: loss = 334661.0625
Epoch 48: loss = 333669.5625
Epoch 49: loss = 332892.03125
Epoch 50: loss = 332325.5625
Epoch 51: loss = 331930.5
Epoch 52: loss = 331668.71875
Epoch 53: loss = 331495.71875
Epoch 54: loss = 331362.46875
Epoch 55: loss = 331275.15625
Epoch 56: loss = 331194.90625
Epoch 57: loss = 331163.78125
Epoch 58: loss = 331123.28125
Epoch 59: loss = 331091.78125
Epoch 60: loss = 331093.4375
Epoch 61: loss = 331074.03125
Epoch 62: loss = 331059.75
Epoch 63: loss = 331054.1875
Epoch 64: loss = 331041.21875
Epoch 65: loss = 331036.21875
Epoch 66: loss = 331031.15625
Epoch 67: loss = 331034.0625
Epoch 68: loss = 331028.40625
Epoch 69: loss = 331019.625
Epoch 70: loss = 331028.59375
Epoch 71: loss = 331017.40625
Epoch 72: loss = 331019.375
Epoch 73: loss = 331025.96875
Epoch 74: loss = 331028.5
Epoch 75: loss = 331015.625
Epoch 76: loss = 331015.15625
Epoch 77: loss = 331018.53125
Epoch 78: loss = 331022.09375
Epoch 79: loss = 331010.40625
Epoch 80: loss = 331014.125
Epoch 81: loss = 331019.75
Epoch 82: loss = 331018.65625
Epoch 83: loss = 331024.8125
Epoch 84: loss = 331021.28125
Early stopping at epoch 84 with loss 331010.40625
Tensors initialization on device cuda
Multiprobe = None

('MSE', 'PoissonNLL') RECONSTRUCTIONS

Reconstruction for fluence = 0.09999999999999999 photons/pixel
Epoch 0: loss = 0.20555604994297028
Epoch 1: loss = 0.05937198922038078
Epoch 2: loss = 0.0575825497508049
Epoch 3: loss = 0.05701153725385666
Epoch 4: loss = 0.0565352588891983
Epoch 5: loss = 0.05609947443008423
Epoch 6: loss = 0.055875711143016815
Epoch 7: loss = 0.055790264159440994
Epoch 8: loss = 0.055613238364458084
Epoch 9: loss = 0.055476028472185135
Epoch 10: loss = 0.055356308817863464
Epoch 11: loss = 0.05526721850037575
Epoch 12: loss = 0.05523456633090973
Epoch 13: loss = 0.05519942566752434
Epoch 14: loss = 0.055119771510362625
Epoch 0: loss = 0.14503701031208038
Epoch 1: loss = 0.11087863892316818
Epoch 2: loss = 0.11052705347537994
Epoch 3: loss = 0.11045484989881516
Epoch 4: loss = 0.1103101447224617
Epoch 5: loss = 0.11025739461183548
Epoch 6: loss = 0.11022958159446716
Epoch 7: loss = 0.11021346598863602
Epoch 8: loss = 0.11017952114343643
Epoch 9: loss = 0.11017950624227524
Epoch 10: loss = 0.11017950624227524
Epoch 11: loss = 0.11017950624227524
Epoch 12: loss = 0.11017950624227524
Epoch 13: loss = 0.11017950624227524
Early stopping at epoch 13 with loss 0.11017952114343643
Reconstruction for fluence = 0.23357214690901223 photons/pixel
Epoch 0: loss = 0.8278164863586426
Epoch 1: loss = 0.13751308619976044
Epoch 2: loss = 0.1331528276205063
Epoch 3: loss = 0.13240453600883484
Epoch 4: loss = 0.131916344165802
Epoch 5: loss = 0.13160936534404755
Epoch 6: loss = 0.13150735199451447
Epoch 7: loss = 0.13141658902168274
Epoch 8: loss = 0.13136355578899384
Epoch 9: loss = 0.13132135570049286
Epoch 10: loss = 0.13130563497543335
Epoch 11: loss = 0.13129214942455292
Epoch 12: loss = 0.13122813403606415
Epoch 13: loss = 0.13120989501476288
Epoch 14: loss = 0.13120484352111816
Epoch 0: loss = 0.1348307728767395
Epoch 1: loss = 0.07940391451120377
Epoch 2: loss = 0.07904677093029022
Epoch 3: loss = 0.0789661556482315
Epoch 4: loss = 0.07895274460315704
Epoch 5: loss = 0.0789504274725914
Epoch 6: loss = 0.0789504274725914
Epoch 7: loss = 0.0789504274725914
Early stopping at epoch 7 with loss 0.07904677093029022
Reconstruction for fluence = 0.5455594781168519 photons/pixel
Epoch 0: loss = 3.755544900894165
Epoch 1: loss = 0.29690906405448914
Epoch 2: loss = 0.2872275710105896
Epoch 3: loss = 0.2857637405395508
Epoch 4: loss = 0.28543514013290405
Epoch 5: loss = 0.2853287160396576
Epoch 6: loss = 0.2852124571800232
Epoch 7: loss = 0.28512370586395264
Epoch 8: loss = 0.2850951552391052
Epoch 9: loss = 0.28508487343788147
Epoch 10: loss = 0.2850772440433502
Epoch 11: loss = 0.28507012128829956
Epoch 12: loss = 0.28506794571876526
Epoch 13: loss = 0.28506770730018616
Early stopping at epoch 13 with loss 0.2850951552391052
Epoch 0: loss = -0.16667577624320984
Epoch 1: loss = -0.24811236560344696
Epoch 2: loss = -0.24845345318317413
Epoch 3: loss = -0.24854880571365356
Epoch 4: loss = -0.24863651394844055
Epoch 5: loss = -0.2486521452665329
Epoch 6: loss = -0.24865293502807617
Epoch 7: loss = -0.24865293502807617
Epoch 8: loss = -0.24865300953388214
Epoch 9: loss = -0.24865303933620453
Early stopping at epoch 9 with loss -0.24863651394844055
Reconstruction for fluence = 1.2742749857031335 photons/pixel
Epoch 0: loss = 19.058015823364258
Epoch 1: loss = 0.6768996715545654
Epoch 2: loss = 0.6467965245246887
Epoch 3: loss = 0.6416022777557373
Epoch 4: loss = 0.6400848627090454
Epoch 5: loss = 0.6395386457443237
Epoch 6: loss = 0.6393899917602539
Epoch 7: loss = 0.6393435597419739
Epoch 8: loss = 0.6393300294876099
Epoch 9: loss = 0.639327347278595
Epoch 10: loss = 0.6393271088600159
Epoch 11: loss = 0.6393270492553711
Early stopping at epoch 11 with loss 0.6393899917602539
Epoch 0: loss = -1.4835253953933716
Epoch 1: loss = -1.6110997200012207
Epoch 2: loss = -1.611839771270752
Epoch 3: loss = -1.6119791269302368
Epoch 4: loss = -1.6120120286941528
Epoch 5: loss = -1.6120959520339966
Epoch 6: loss = -1.6120996475219727
Epoch 7: loss = -1.6121000051498413
Epoch 8: loss = -1.612100601196289
Epoch 9: loss = -1.6121008396148682
Epoch 10: loss = -1.6121008396148682
Early stopping at epoch 10 with loss -1.6120959520339966
Reconstruction for fluence = 2.976351441631318 photons/pixel
Epoch 0: loss = 98.48793029785156
Epoch 1: loss = 1.565376877784729
Epoch 2: loss = 1.4429494142532349
Epoch 3: loss = 1.4258179664611816
Epoch 4: loss = 1.4226806163787842
Epoch 5: loss = 1.422000527381897
Epoch 6: loss = 1.421810269355774
Epoch 7: loss = 1.421491026878357
Epoch 8: loss = 1.4213060140609741
Epoch 9: loss = 1.4212480783462524
Epoch 10: loss = 1.421225905418396
Epoch 11: loss = 1.421221137046814
Epoch 12: loss = 1.4212208986282349
Epoch 13: loss = 1.4212205410003662
Early stopping at epoch 13 with loss 1.4213060140609741
Epoch 0: loss = -6.13424015045166
Epoch 1: loss = -6.327414512634277
Epoch 2: loss = -6.328427791595459
Epoch 3: loss = -6.328610897064209
Epoch 4: loss = -6.328861713409424
Epoch 5: loss = -6.32890510559082
Epoch 6: loss = -6.329159736633301
Epoch 7: loss = -6.329176425933838
Epoch 8: loss = -6.329177379608154
Epoch 9: loss = -6.329177379608154
Epoch 10: loss = -6.3291778564453125
Epoch 11: loss = -6.329178333282471
Early stopping at epoch 11 with loss -6.329159736633301
Reconstruction for fluence = 6.9519279617756045 photons/pixel
Epoch 0: loss = 531.979248046875
Epoch 1: loss = 3.737952709197998
Epoch 2: loss = 3.265333414077759
Epoch 3: loss = 3.173436403274536
Epoch 4: loss = 3.147606372833252
Epoch 5: loss = 3.1433749198913574
Epoch 6: loss = 3.1425349712371826
Epoch 7: loss = 3.1423373222351074
Epoch 8: loss = 3.1422886848449707
Epoch 9: loss = 3.142277240753174
Epoch 10: loss = 3.14227557182312
Epoch 11: loss = 3.1422746181488037
Epoch 12: loss = 3.1422717571258545
Early stopping at epoch 12 with loss 3.1423373222351074
Epoch 0: loss = -20.214637756347656
Epoch 1: loss = -20.492015838623047
Epoch 2: loss = -20.4938907623291
Epoch 3: loss = -20.49493408203125
Epoch 4: loss = -20.495298385620117
Epoch 5: loss = -20.49540901184082
Epoch 6: loss = -20.49549674987793
Epoch 7: loss = -20.49552345275879
Epoch 8: loss = -20.49553108215332
Epoch 9: loss = -20.49553108215332
Epoch 10: loss = -20.49553108215332
Epoch 11: loss = -20.49553680419922
Epoch 12: loss = -20.49553680419922
Early stopping at epoch 12 with loss -20.49552345275879
Reconstruction for fluence = 16.23776739188721 photons/pixel
Epoch 0: loss = 2874.34716796875
Epoch 1: loss = 9.428032875061035
Epoch 2: loss = 7.255369663238525
Epoch 3: loss = 6.907001972198486
Epoch 4: loss = 6.849879741668701
Epoch 5: loss = 6.837325096130371
Epoch 6: loss = 6.834641456604004
Epoch 7: loss = 6.833981513977051
Epoch 8: loss = 6.833781719207764
Epoch 9: loss = 6.8337249755859375
Epoch 10: loss = 6.833712100982666
Epoch 11: loss = 6.83370304107666
Epoch 12: loss = 6.833696365356445
Epoch 13: loss = 6.833693027496338
Early stopping at epoch 13 with loss 6.833781719207764
Epoch 0: loss = -61.17763900756836
Epoch 1: loss = -61.55833053588867
Epoch 2: loss = -61.56315231323242
Epoch 3: loss = -61.56494140625
Epoch 4: loss = -61.5654296875
Epoch 5: loss = -61.56556701660156
Epoch 6: loss = -61.56557846069336
Epoch 7: loss = -61.56559371948242
Epoch 8: loss = -61.56559371948242
Epoch 9: loss = -61.56560516357422
Epoch 10: loss = -61.565673828125
Epoch 11: loss = -61.56568908691406
Epoch 12: loss = -61.56570053100586
Epoch 13: loss = -61.56570816040039
Epoch 14: loss = -61.56571578979492
Epoch 15: loss = -61.56572723388672
Early stopping at epoch 15 with loss -61.565673828125
Reconstruction for fluence = 37.926901907322495 photons/pixel
Epoch 0: loss = 15659.0712890625
Epoch 1: loss = 27.061134338378906
Epoch 2: loss = 17.496150970458984
Epoch 3: loss = 15.612860679626465
Epoch 4: loss = 15.292648315429688
Epoch 5: loss = 15.213666915893555
Epoch 6: loss = 15.19503116607666
Epoch 7: loss = 15.18944263458252
Epoch 8: loss = 15.187543869018555
Epoch 9: loss = 15.186769485473633
Epoch 10: loss = 15.186469078063965
Epoch 11: loss = 15.18635082244873
Epoch 12: loss = 15.18631362915039
Epoch 13: loss = 15.18631362915039
Epoch 14: loss = 15.186299324035645
Epoch 0: loss = -175.3343048095703
Epoch 1: loss = -175.86276245117188
Epoch 2: loss = -175.8671112060547
Epoch 3: loss = -175.86830139160156
Epoch 4: loss = -175.8683319091797
Epoch 5: loss = -175.8683624267578
Epoch 6: loss = -175.8684844970703
Epoch 7: loss = -175.8690948486328
Epoch 8: loss = -175.869140625
Epoch 9: loss = -175.86917114257812
Epoch 10: loss = -175.8694610595703
Epoch 11: loss = -175.8695831298828
Epoch 12: loss = -175.8695831298828
Epoch 13: loss = -175.8695831298828
Epoch 14: loss = -175.8695831298828
Epoch 15: loss = -175.86959838867188
Epoch 16: loss = -175.86961364746094
Early stopping at epoch 16 with loss -175.8695831298828
Reconstruction for fluence = 88.58667904100822 photons/pixel
Epoch 0: loss = 85268.015625
Epoch 1: loss = 95.76504516601562
Epoch 2: loss = 45.876220703125
Epoch 3: loss = 36.25993347167969
Epoch 4: loss = 34.5477180480957
Epoch 5: loss = 34.16031265258789
Epoch 6: loss = 34.06588363647461
Epoch 7: loss = 34.03435134887695
Epoch 8: loss = 34.01998519897461
Epoch 9: loss = 34.01309585571289
Epoch 10: loss = 34.00926971435547
Epoch 11: loss = 34.007568359375
Epoch 12: loss = 34.00685119628906
Epoch 13: loss = 34.00648880004883
Epoch 14: loss = 34.00624084472656
Epoch 0: loss = -484.9446105957031
Epoch 1: loss = -485.6192626953125
Epoch 2: loss = -485.63031005859375
Epoch 3: loss = -485.63330078125
Epoch 4: loss = -485.63336181640625
Epoch 5: loss = -485.6335144042969
Epoch 6: loss = -485.6335754394531
Epoch 7: loss = -485.6335754394531
Epoch 8: loss = -485.6336975097656
Epoch 9: loss = -485.6336975097656
Epoch 10: loss = -485.6336975097656
Epoch 11: loss = -485.6339111328125
Epoch 12: loss = -485.6340026855469
Epoch 13: loss = -485.6341247558594
Epoch 14: loss = -485.6341247558594
Epoch 15: loss = -485.6341247558594
Epoch 16: loss = -485.63421630859375
Epoch 17: loss = -485.6344299316406
Epoch 18: loss = -485.6344299316406
Epoch 19: loss = -485.6344299316406
Epoch 20: loss = -485.6344299316406
Epoch 21: loss = -485.6345520019531
Epoch 22: loss = -485.6345520019531
Epoch 23: loss = -485.6345520019531
Epoch 24: loss = -485.6345520019531
Epoch 25: loss = -485.6345520019531
Epoch 26: loss = -485.6345520019531
Early stopping at epoch 26 with loss -485.6345520019531
Reconstruction for fluence = 206.9138081114788 photons/pixel
Epoch 0: loss = 465199.375
Epoch 1: loss = 376.0308532714844
Epoch 2: loss = 138.8573455810547
Epoch 3: loss = 87.77348327636719
Epoch 4: loss = 78.27607727050781
Epoch 5: loss = 75.96024322509766
Epoch 6: loss = 75.34742736816406
Epoch 7: loss = 75.1236572265625
Epoch 8: loss = 75.00994110107422
Epoch 9: loss = 74.954345703125
Epoch 10: loss = 74.92789459228516
Epoch 11: loss = 74.91304779052734
Epoch 12: loss = 74.90523529052734
Epoch 13: loss = 74.9002685546875
Epoch 14: loss = 74.89704895019531
Epoch 0: loss = -1308.6419677734375
Epoch 1: loss = -1309.6109619140625
Epoch 2: loss = -1309.6219482421875
Epoch 3: loss = -1309.6221923828125
Epoch 4: loss = -1309.6224365234375
Epoch 5: loss = -1309.62255859375
Epoch 6: loss = -1309.623046875
Epoch 7: loss = -1309.6234130859375
Epoch 8: loss = -1309.62353515625
Epoch 9: loss = -1309.6236572265625
Epoch 10: loss = -1309.6236572265625
Epoch 11: loss = -1309.6236572265625
Epoch 12: loss = -1309.6239013671875
Epoch 13: loss = -1309.6240234375
Epoch 14: loss = -1309.6241455078125
Epoch 15: loss = -1309.6241455078125
Epoch 16: loss = -1309.6241455078125
Epoch 17: loss = -1309.624267578125
Epoch 18: loss = -1309.6243896484375
Epoch 19: loss = -1309.6243896484375
Epoch 20: loss = -1309.6243896484375
Epoch 21: loss = -1309.6243896484375
Epoch 22: loss = -1309.6243896484375
Epoch 23: loss = -1309.6243896484375
Early stopping at epoch 23 with loss -1309.6243896484375
Reconstruction for fluence = 483.2930238571752 photons/pixel
Epoch 0: loss = 2538164.0
Epoch 1: loss = 1814.092041015625
Epoch 2: loss = 502.3404846191406
Epoch 3: loss = 231.3582305908203
Epoch 4: loss = 187.13336181640625
Epoch 5: loss = 176.02442932128906
Epoch 6: loss = 172.59877014160156
Epoch 7: loss = 171.2782440185547
Epoch 8: loss = 170.6824493408203
Epoch 9: loss = 170.37808227539062
Epoch 10: loss = 170.2243194580078
Epoch 11: loss = 170.12791442871094
Epoch 12: loss = 170.0768585205078
Epoch 13: loss = 170.03724670410156
Epoch 14: loss = 170.0045928955078
Epoch 0: loss = -3465.871826171875
Epoch 1: loss = -3467.1181640625
Epoch 2: loss = -3467.130126953125
Epoch 3: loss = -3467.130859375
Epoch 4: loss = -3467.1337890625
Epoch 5: loss = -3467.134033203125
Epoch 6: loss = -3467.135009765625
Epoch 7: loss = -3467.135498046875
Epoch 8: loss = -3467.135498046875
Epoch 9: loss = -3467.135986328125
Epoch 10: loss = -3467.135986328125
Epoch 11: loss = -3467.135986328125
Epoch 12: loss = -3467.13623046875
Epoch 13: loss = -3467.13671875
Epoch 14: loss = -3467.13720703125
Epoch 15: loss = -3467.13720703125
Epoch 16: loss = -3467.136962890625
Epoch 17: loss = -3467.13720703125
Epoch 18: loss = -3467.13720703125
Epoch 19: loss = -3467.13720703125
Early stopping at epoch 19 with loss -3467.13720703125
Reconstruction for fluence = 1128.8378916846884 photons/pixel
Epoch 0: loss = 13838159.0
Epoch 1: loss = 9109.044921875
Epoch 2: loss = 2123.224609375
Epoch 3: loss = 725.65771484375
Epoch 4: loss = 500.0780334472656
Epoch 5: loss = 445.6148986816406
Epoch 6: loss = 427.9093322753906
Epoch 7: loss = 421.61767578125
Epoch 8: loss = 418.3196716308594
Epoch 9: loss = 416.4481506347656
Epoch 10: loss = 415.45062255859375
Epoch 11: loss = 414.8692626953125
Epoch 12: loss = 414.5301208496094
Epoch 13: loss = 414.2904968261719
Epoch 14: loss = 414.12847900390625
Epoch 0: loss = -9058.240234375
Epoch 1: loss = -9059.8349609375
Epoch 2: loss = -9059.8486328125
Epoch 3: loss = -9059.8544921875
Epoch 4: loss = -9059.8544921875
Epoch 5: loss = -9059.8544921875
Epoch 6: loss = -9059.8564453125
Epoch 7: loss = -9059.8564453125
Epoch 8: loss = -9059.859375
Epoch 9: loss = -9059.861328125
Epoch 10: loss = -9059.861328125
Epoch 11: loss = -9059.861328125
Epoch 12: loss = -9059.86328125
Epoch 13: loss = -9059.86328125
Epoch 14: loss = -9059.86328125
Epoch 15: loss = -9059.8642578125
Epoch 16: loss = -9059.8662109375
Epoch 17: loss = -9059.8662109375
Epoch 18: loss = -9059.8681640625
Epoch 19: loss = -9059.8681640625
Epoch 20: loss = -9059.8681640625
Epoch 21: loss = -9059.8681640625
Epoch 22: loss = -9059.8681640625
Epoch 23: loss = -9059.8681640625
Early stopping at epoch 23 with loss -9059.8681640625
Reconstruction for fluence = 2636.6508987303555 photons/pixel
Epoch 0: loss = 75478928.0
Epoch 1: loss = 46769.03515625
Epoch 2: loss = 9736.923828125
Epoch 3: loss = 2442.537841796875
Epoch 4: loss = 1345.529052734375
Epoch 5: loss = 1070.8170166015625
Epoch 6: loss = 989.4766845703125
Epoch 7: loss = 959.33203125
Epoch 8: loss = 943.3387451171875
Epoch 9: loss = 935.0615234375
Epoch 10: loss = 930.2625732421875
Epoch 11: loss = 927.426025390625
Epoch 12: loss = 925.9537963867188
Epoch 13: loss = 925.060791015625
Epoch 14: loss = 924.344970703125
Epoch 0: loss = -23399.666015625
Epoch 1: loss = -23401.55078125
Epoch 2: loss = -23401.556640625
Epoch 3: loss = -23401.556640625
Epoch 4: loss = -23401.556640625
Epoch 5: loss = -23401.556640625
Epoch 6: loss = -23401.55859375
Epoch 7: loss = -23401.55859375
Epoch 8: loss = -23401.5625
Epoch 9: loss = -23401.5625
Epoch 10: loss = -23401.5625
Epoch 11: loss = -23401.56640625
Epoch 12: loss = -23401.56640625
Epoch 13: loss = -23401.56640625
Epoch 14: loss = -23401.56640625
Epoch 15: loss = -23401.56640625
Epoch 16: loss = -23401.56640625
Early stopping at epoch 16 with loss -23401.56640625
Reconstruction for fluence = 6158.482110660255 photons/pixel
Epoch 0: loss = 411798944.0
Epoch 1: loss = 255949.328125
Epoch 2: loss = 54415.63671875
Epoch 3: loss = 11305.66015625
Epoch 4: loss = 4570.158203125
Epoch 5: loss = 3036.905517578125
Epoch 6: loss = 2572.028076171875
Epoch 7: loss = 2393.490478515625
Epoch 8: loss = 2307.507080078125
Epoch 9: loss = 2259.440673828125
Epoch 10: loss = 2232.010009765625
Epoch 11: loss = 2216.14306640625
Epoch 12: loss = 2207.227783203125
Epoch 13: loss = 2200.834228515625
Epoch 14: loss = 2196.28564453125
Epoch 0: loss = -59872.0078125
Epoch 1: loss = -59874.5546875
Epoch 2: loss = -59874.5546875
Epoch 3: loss = -59874.5703125
Epoch 4: loss = -59874.5703125
Epoch 5: loss = -59874.5703125
Epoch 6: loss = -59874.5703125
Epoch 7: loss = -59874.5703125
Epoch 8: loss = -59874.5703125
Early stopping at epoch 8 with loss -59874.5703125
Reconstruction for fluence = 14384.498882876629 photons/pixel
Epoch 0: loss = 2246662400.0
Epoch 1: loss = 1391758.0
Epoch 2: loss = 286674.75
Epoch 3: loss = 52875.328125
Epoch 4: loss = 17551.845703125
Epoch 5: loss = 9551.9228515625
Epoch 6: loss = 7114.62939453125
Epoch 7: loss = 6157.88623046875
Epoch 8: loss = 5654.81103515625
Epoch 9: loss = 5377.03564453125
Epoch 10: loss = 5216.78125
Epoch 11: loss = 5131.72607421875
Epoch 12: loss = 5081.486328125
Epoch 13: loss = 5048.90478515625
Epoch 14: loss = 5026.55322265625
Epoch 0: loss = -152060.609375
Epoch 1: loss = -152063.671875
Epoch 2: loss = -152063.671875
Epoch 3: loss = -152063.6875
Epoch 4: loss = -152063.6875
Epoch 5: loss = -152063.6875
Epoch 6: loss = -152063.6875
Epoch 7: loss = -152063.703125
Epoch 8: loss = -152063.703125
Epoch 9: loss = -152063.703125
Epoch 10: loss = -152063.703125
Epoch 11: loss = -152063.703125
Epoch 12: loss = -152063.703125
Early stopping at epoch 12 with loss -152063.703125
Reconstruction for fluence = 33598.18286283781 photons/pixel
Epoch 0: loss = 12257924096.0
Epoch 1: loss = 7601514.5
Epoch 2: loss = 1557680.0
Epoch 3: loss = 283413.15625
Epoch 4: loss = 83446.0
Epoch 5: loss = 36839.140625
Epoch 6: loss = 22472.064453125
Epoch 7: loss = 17145.6875
Epoch 8: loss = 14704.9150390625
Epoch 9: loss = 13429.2236328125
Epoch 10: loss = 12454.0126953125
Epoch 11: loss = 12000.51953125
Epoch 12: loss = 11759.931640625
Epoch 13: loss = 11600.16796875
Epoch 14: loss = 11484.7685546875
Epoch 0: loss = -383638.78125
Epoch 1: loss = -383642.625
Epoch 2: loss = -383642.65625
Epoch 3: loss = -383642.71875
Epoch 4: loss = -383642.71875
Epoch 5: loss = -383642.71875
Epoch 6: loss = -383642.71875
Epoch 7: loss = -383642.71875
Epoch 8: loss = -383642.71875
Early stopping at epoch 8 with loss -383642.71875
Reconstruction for fluence = 78475.99703514607 photons/pixel
Epoch 0: loss = 66870276096.0
Epoch 1: loss = 41234904.0
Epoch 2: loss = 8722031.0
Epoch 3: loss = 1676894.0
Epoch 4: loss = 461277.40625
Epoch 5: loss = 174059.828125
Epoch 6: loss = 91635.8515625
Epoch 7: loss = 62836.16015625
Epoch 8: loss = 47378.140625
Epoch 9: loss = 39516.01171875
Epoch 10: loss = 34482.63671875
Epoch 11: loss = 31707.896484375
Epoch 12: loss = 30051.05859375
Epoch 13: loss = 29055.447265625
Epoch 14: loss = 28351.318359375
Epoch 0: loss = -962666.875
Epoch 1: loss = -962672.25
Epoch 2: loss = -962672.25
Epoch 3: loss = -962672.25
Epoch 4: loss = -962672.4375
Epoch 5: loss = -962672.4375
Epoch 6: loss = -962672.4375
Epoch 7: loss = -962672.4375
Epoch 8: loss = -962672.4375
Epoch 9: loss = -962672.4375
Early stopping at epoch 9 with loss -962672.4375
Reconstruction for fluence = 183298.07108324335 photons/pixel
Epoch 0: loss = 364815974400.0
Epoch 1: loss = 223329584.0
Epoch 2: loss = 46512148.0
Epoch 3: loss = 8122785.0
Epoch 4: loss = 2173841.25
Epoch 5: loss = 813952.8125
Epoch 6: loss = 409238.15625
Epoch 7: loss = 252222.25
Epoch 8: loss = 173717.578125
Epoch 9: loss = 130467.109375
Epoch 10: loss = 106875.765625
Epoch 11: loss = 92683.1640625
Epoch 12: loss = 84320.9453125
Epoch 13: loss = 79331.140625
Epoch 14: loss = 75929.0
Epoch 0: loss = -2404043.0
Epoch 1: loss = -2404052.25
Epoch 2: loss = -2404053.0
Epoch 3: loss = -2404053.0
Epoch 4: loss = -2404053.0
Epoch 5: loss = -2404053.0
Epoch 6: loss = -2404053.25
Epoch 7: loss = -2404053.25
Epoch 8: loss = -2404053.25
Epoch 9: loss = -2404053.25
Epoch 10: loss = -2404053.25
Epoch 11: loss = -2404053.25
Early stopping at epoch 11 with loss -2404053.25
Reconstruction for fluence = 428133.2398719387 photons/pixel
Epoch 0: loss = 1990299090944.0
Epoch 1: loss = 1218902656.0
Epoch 2: loss = 251812896.0
Epoch 3: loss = 44594624.0
Epoch 4: loss = 14773344.0
Epoch 5: loss = 4354030.0
Epoch 6: loss = 2017492.625
Epoch 7: loss = 1176652.375
Epoch 8: loss = 742298.5625
Epoch 9: loss = 507985.78125
Epoch 10: loss = 372219.125
Epoch 11: loss = 293708.59375
Epoch 12: loss = 249222.78125
Epoch 13: loss = 220633.359375
Epoch 14: loss = 199488.890625
Epoch 0: loss = -5978411.5
Epoch 1: loss = -5978429.0
Epoch 2: loss = -5978429.5
Epoch 3: loss = -5978429.5
Epoch 4: loss = -5978430.0
Epoch 5: loss = -5978430.0
Epoch 6: loss = -5978430.0
Epoch 7: loss = -5978430.0
Epoch 8: loss = -5978430.0
Epoch 9: loss = -5978430.5
Epoch 10: loss = -5978430.5
Epoch 11: loss = -5978430.5
Epoch 12: loss = -5978430.5
Epoch 13: loss = -5978430.5
Epoch 14: loss = -5978430.0
Early stopping at epoch 14 with loss -5978430.5
Reconstruction for fluence = 1000000.0 photons/pixel
Epoch 0: loss = 10858017062912.0
Epoch 1: loss = 6665123840.0
Epoch 2: loss = 1368340480.0
Epoch 3: loss = 235270976.0
Epoch 4: loss = 62853876.0
Epoch 5: loss = 22940050.0
Epoch 6: loss = 10775938.0
Epoch 7: loss = 6062300.5
Epoch 8: loss = 3620233.25
Epoch 9: loss = 2339581.25
Epoch 10: loss = 1594474.875
Epoch 11: loss = 1167567.625
Epoch 12: loss = 919622.8125
Epoch 13: loss = 777763.4375
Epoch 14: loss = 688866.3125
Epoch 0: loss = -14812485.0
Epoch 1: loss = -14812525.0
Epoch 2: loss = -14812527.0
Epoch 3: loss = -14812529.0
Epoch 4: loss = -14812529.0
Epoch 5: loss = -14812529.0
Epoch 6: loss = -14812530.0
Epoch 7: loss = -14812530.0
Epoch 8: loss = -14812530.0
Epoch 9: loss = -14812529.0
Epoch 10: loss = -14812530.0
Epoch 11: loss = -14812530.0
Early stopping at epoch 11 with loss -14812530.0
Simulation for steps_size=22 and n_fluences=20 completed!
