Running simulation for steps_size=1 and n_fluences=20
Steps size: 1
Tensors initialization on device cuda
Multiprobe = None

('MSE', None) RECONSTRUCTIONS

Reconstruction for fluence = 0.09999999999999999 photons/pixel
Epoch 0: loss = 0.00021984244813211262
Epoch 1: loss = 0.00021984244813211262
Epoch 2: loss = 0.00021984244813211262
Epoch 3: loss = 0.00021984244813211262
Epoch 4: loss = 0.00021984244813211262
Epoch 5: loss = 0.00021984244813211262
Early stopping at epoch 5 with loss 0.00021984244813211262
Reconstruction for fluence = 0.23357214690901223 photons/pixel
Epoch 0: loss = 0.0005224415799602866
Epoch 1: loss = 0.0005224415799602866
Epoch 2: loss = 0.0005224415799602866
Epoch 3: loss = 0.0005224415799602866
Epoch 4: loss = 0.0005224415799602866
Epoch 5: loss = 0.0005224415799602866
Early stopping at epoch 5 with loss 0.0005224415799602866
Reconstruction for fluence = 0.5455594781168519 photons/pixel
Epoch 0: loss = 0.0012091472744941711
Epoch 1: loss = 0.0012091472744941711
Epoch 2: loss = 0.0012091472744941711
Epoch 3: loss = 0.0012091472744941711
Epoch 4: loss = 0.0012091472744941711
Epoch 5: loss = 0.0012091472744941711
Early stopping at epoch 5 with loss 0.0012091472744941711
Reconstruction for fluence = 1.2742749857031335 photons/pixel
Epoch 0: loss = 0.0028713257052004337
Epoch 1: loss = 0.0028713257052004337
Epoch 2: loss = 0.0028713257052004337
Epoch 3: loss = 0.0028713257052004337
Epoch 4: loss = 0.0028713257052004337
Epoch 5: loss = 0.0028713257052004337
Early stopping at epoch 5 with loss 0.0028713257052004337
Reconstruction for fluence = 2.976351441631318 photons/pixel
Epoch 0: loss = 0.006997365970164537
Epoch 1: loss = 0.006997320335358381
Epoch 2: loss = 0.006997274234890938
Epoch 3: loss = 0.006997228600084782
Epoch 4: loss = 0.006997182033956051
Epoch 5: loss = 0.006997136399149895
Early stopping at epoch 5 with loss 0.006997365970164537
Reconstruction for fluence = 6.9519279617756045 photons/pixel
Epoch 0: loss = 0.017697306349873543
Epoch 1: loss = 0.017695944756269455
Epoch 2: loss = 0.017694581300020218
Epoch 3: loss = 0.01769322156906128
Epoch 4: loss = 0.017691858112812042
Epoch 5: loss = 0.017690502107143402
Early stopping at epoch 5 with loss 0.017697306349873543
Reconstruction for fluence = 16.23776739188721 photons/pixel
Epoch 0: loss = 0.0489991195499897
Epoch 1: loss = 0.03562767803668976
Epoch 2: loss = 0.03562736511230469
Epoch 3: loss = 0.03562736511230469
Epoch 4: loss = 0.03562736511230469
Epoch 5: loss = 0.03562736511230469
Epoch 6: loss = 0.03562736511230469
Early stopping at epoch 6 with loss 0.03562767803668976
Reconstruction for fluence = 37.926901907322495 photons/pixel
Epoch 0: loss = 0.15582609176635742
Epoch 1: loss = 0.08312394469976425
Epoch 2: loss = 0.08311936259269714
Epoch 3: loss = 0.08311936259269714
Epoch 4: loss = 0.08311936259269714
Epoch 5: loss = 0.08311936259269714
Epoch 6: loss = 0.08311936259269714
Early stopping at epoch 6 with loss 0.08312394469976425
Reconstruction for fluence = 88.58667904100822 photons/pixel
Epoch 0: loss = 0.5898967981338501
Epoch 1: loss = 0.19404102861881256
Epoch 2: loss = 0.19402346014976501
Epoch 3: loss = 0.19402346014976501
Epoch 4: loss = 0.19402195513248444
Epoch 5: loss = 0.19402188062667847
Epoch 6: loss = 0.19402186572551727
Early stopping at epoch 6 with loss 0.19404102861881256
Reconstruction for fluence = 206.9138081114788 photons/pixel
Epoch 0: loss = 2.6132421493530273
Epoch 1: loss = 0.45283377170562744
Epoch 2: loss = 0.4527638852596283
Epoch 3: loss = 0.45275625586509705
Epoch 4: loss = 0.4527549743652344
Epoch 5: loss = 0.45275479555130005
Epoch 6: loss = 0.4527546763420105
Early stopping at epoch 6 with loss 0.45283377170562744
Reconstruction for fluence = 483.2930238571752 photons/pixel
Epoch 0: loss = 12.854921340942383
Epoch 1: loss = 1.0599939823150635
Epoch 2: loss = 1.0597054958343506
Epoch 3: loss = 1.0596683025360107
Epoch 4: loss = 1.0596590042114258
Epoch 5: loss = 1.0596587657928467
Epoch 6: loss = 1.0596575736999512
Epoch 7: loss = 1.059657335281372
Early stopping at epoch 7 with loss 1.0597054958343506
Reconstruction for fluence = 1128.8378916846884 photons/pixel
Epoch 0: loss = 66.81239318847656
Epoch 1: loss = 2.479105234146118
Epoch 2: loss = 2.4775846004486084
Epoch 3: loss = 2.4773895740509033
Epoch 4: loss = 2.4773411750793457
Epoch 5: loss = 2.4773287773132324
Epoch 6: loss = 2.4773287773132324
Epoch 7: loss = 2.4773287773132324
Epoch 8: loss = 2.477327823638916
Early stopping at epoch 8 with loss 2.4773895740509033
Reconstruction for fluence = 2636.6508987303555 photons/pixel
Epoch 0: loss = 356.5018310546875
Epoch 1: loss = 5.785439968109131
Epoch 2: loss = 5.7776384353637695
Epoch 3: loss = 5.77664041519165
Epoch 4: loss = 5.7764153480529785
Epoch 5: loss = 5.776357650756836
Epoch 6: loss = 5.776340484619141
Epoch 7: loss = 5.776334762573242
Epoch 8: loss = 5.776334762573242
Epoch 9: loss = 5.776332855224609
Early stopping at epoch 9 with loss 5.7764153480529785
Reconstruction for fluence = 6158.482110660255 photons/pixel
Epoch 0: loss = 1926.94091796875
Epoch 1: loss = 13.531473159790039
Epoch 2: loss = 13.490560531616211
Epoch 3: loss = 13.485357284545898
Epoch 4: loss = 13.484037399291992
Epoch 5: loss = 13.48370361328125
Epoch 6: loss = 13.483591079711914
Epoch 7: loss = 13.483548164367676
Epoch 8: loss = 13.483541488647461
Epoch 9: loss = 13.483535766601562
Epoch 10: loss = 13.48353385925293
Epoch 11: loss = 13.483530044555664
Early stopping at epoch 11 with loss 13.483591079711914
Reconstruction for fluence = 14384.498882876629 photons/pixel
Epoch 0: loss = 10472.02734375
Epoch 1: loss = 31.842538833618164
Epoch 2: loss = 31.623275756835938
Epoch 3: loss = 31.594444274902344
Epoch 4: loss = 31.585994720458984
Epoch 5: loss = 31.583885192871094
Epoch 6: loss = 31.583187103271484
Epoch 7: loss = 31.582958221435547
Epoch 8: loss = 31.582805633544922
Epoch 9: loss = 31.58272361755371
Epoch 10: loss = 31.582706451416016
Epoch 11: loss = 31.58270263671875
Epoch 12: loss = 31.582698822021484
Epoch 13: loss = 31.582691192626953
Epoch 14: loss = 31.582687377929688
Epoch 15: loss = 31.582687377929688
Epoch 16: loss = 31.582683563232422
Early stopping at epoch 16 with loss 31.58270263671875
Reconstruction for fluence = 33598.18286283781 photons/pixel
Epoch 0: loss = 57024.8203125
Epoch 1: loss = 74.97399139404297
Epoch 2: loss = 73.7802505493164
Epoch 3: loss = 73.62686157226562
Epoch 4: loss = 73.58999633789062
Epoch 5: loss = 73.57841491699219
Epoch 6: loss = 73.57498168945312
Epoch 7: loss = 73.57359313964844
Epoch 8: loss = 73.57296752929688
Epoch 9: loss = 73.57279968261719
Epoch 10: loss = 73.57264709472656
Epoch 11: loss = 73.57261657714844
Epoch 12: loss = 73.57260131835938
Epoch 13: loss = 73.57258605957031
Epoch 14: loss = 73.57257080078125
Epoch 15: loss = 73.57254028320312
Epoch 16: loss = 73.5725326538086
Epoch 17: loss = 73.572509765625
Epoch 18: loss = 73.57249450683594
Epoch 19: loss = 73.57247924804688
Epoch 20: loss = 73.57247924804688
Early stopping at epoch 20 with loss 73.57254028320312
Reconstruction for fluence = 78475.99703514607 photons/pixel
Epoch 0: loss = 310866.09375
Epoch 1: loss = 179.35498046875
Epoch 2: loss = 172.80731201171875
Epoch 3: loss = 171.98043823242188
Epoch 4: loss = 171.74253845214844
Epoch 5: loss = 171.68365478515625
Epoch 6: loss = 171.66392517089844
Epoch 7: loss = 171.65658569335938
Epoch 8: loss = 171.65292358398438
Epoch 9: loss = 171.65054321289062
Epoch 10: loss = 171.6499786376953
Epoch 11: loss = 171.64938354492188
Epoch 12: loss = 171.64938354492188
Epoch 13: loss = 171.64932250976562
Epoch 14: loss = 171.64926147460938
Epoch 15: loss = 171.64923095703125
Epoch 16: loss = 171.64923095703125
Epoch 17: loss = 171.64920043945312
Epoch 18: loss = 171.64913940429688
Epoch 19: loss = 171.64910888671875
Epoch 20: loss = 171.64910888671875
Epoch 21: loss = 171.64910888671875
Epoch 22: loss = 171.64907836914062
Epoch 23: loss = 171.64907836914062
Early stopping at epoch 23 with loss 171.64913940429688
Reconstruction for fluence = 183298.07108324335 photons/pixel
Epoch 0: loss = 1695515.25
Epoch 1: loss = 441.40325927734375
Epoch 2: loss = 405.7422180175781
Epoch 3: loss = 401.1577453613281
Epoch 4: loss = 400.092529296875
Epoch 5: loss = 399.7923583984375
Epoch 6: loss = 399.68865966796875
Epoch 7: loss = 399.64495849609375
Epoch 8: loss = 399.62615966796875
Epoch 9: loss = 399.6165771484375
Epoch 10: loss = 399.612060546875
Epoch 11: loss = 399.60992431640625
Epoch 12: loss = 399.609619140625
Epoch 13: loss = 399.6094970703125
Epoch 14: loss = 399.6092529296875
Epoch 15: loss = 399.6090087890625
Epoch 16: loss = 399.60882568359375
Epoch 17: loss = 399.6087646484375
Epoch 18: loss = 399.6087646484375
Epoch 19: loss = 399.60858154296875
Epoch 20: loss = 399.6085510253906
Epoch 21: loss = 399.60845947265625
Epoch 22: loss = 399.6083984375
Epoch 23: loss = 399.6083679199219
Epoch 24: loss = 399.6082763671875
Epoch 25: loss = 399.6082763671875
Epoch 26: loss = 399.6082458496094
Epoch 27: loss = 399.60821533203125
Epoch 28: loss = 399.60821533203125
Epoch 29: loss = 399.608154296875
Epoch 30: loss = 399.608154296875
Epoch 31: loss = 399.608154296875
Epoch 32: loss = 399.608154296875
Epoch 33: loss = 399.6081237792969
Epoch 34: loss = 399.6081237792969
Early stopping at epoch 34 with loss 399.608154296875
Reconstruction for fluence = 428133.2398719387 photons/pixel
Epoch 0: loss = 9249253.0
Epoch 1: loss = 1166.36376953125
Epoch 2: loss = 972.3201904296875
Epoch 3: loss = 947.796142578125
Epoch 4: loss = 940.84619140625
Epoch 5: loss = 939.085693359375
Epoch 6: loss = 938.494384765625
Epoch 7: loss = 938.2625732421875
Epoch 8: loss = 938.1561279296875
Epoch 9: loss = 938.0887451171875
Epoch 10: loss = 938.0623779296875
Epoch 11: loss = 938.049072265625
Epoch 12: loss = 938.04296875
Epoch 13: loss = 938.0396728515625
Epoch 14: loss = 938.0391845703125
Epoch 15: loss = 938.03857421875
Epoch 16: loss = 938.0380859375
Epoch 17: loss = 938.03759765625
Epoch 18: loss = 938.03759765625
Epoch 19: loss = 938.037353515625
Epoch 20: loss = 938.037353515625
Epoch 21: loss = 938.0372314453125
Epoch 22: loss = 938.0372314453125
Epoch 23: loss = 938.0372314453125
Epoch 24: loss = 938.037109375
Epoch 25: loss = 938.0369873046875
Epoch 26: loss = 938.0369873046875
Epoch 27: loss = 938.0369873046875
Epoch 28: loss = 938.0369873046875
Epoch 29: loss = 938.0369873046875
Early stopping at epoch 29 with loss 938.037109375
Reconstruction for fluence = 1000000.0 photons/pixel
Epoch 0: loss = 50456960.0
Epoch 1: loss = 3437.94873046875
Epoch 2: loss = 2377.06201171875
Epoch 3: loss = 2239.352294921875
Epoch 4: loss = 2206.52294921875
Epoch 5: loss = 2197.44140625
Epoch 6: loss = 2194.5439453125
Epoch 7: loss = 2193.3369140625
Epoch 8: loss = 2192.701904296875
Epoch 9: loss = 2192.39208984375
Epoch 10: loss = 2192.250244140625
Epoch 11: loss = 2192.177978515625
Epoch 12: loss = 2192.15380859375
Epoch 13: loss = 2192.13134765625
Epoch 14: loss = 2192.12353515625
Epoch 15: loss = 2192.1201171875
Epoch 16: loss = 2192.11767578125
Epoch 17: loss = 2192.1171875
Epoch 18: loss = 2192.11669921875
Epoch 19: loss = 2192.11669921875
Epoch 20: loss = 2192.11572265625
Epoch 21: loss = 2192.11572265625
Epoch 22: loss = 2192.11474609375
Epoch 23: loss = 2192.1142578125
Epoch 24: loss = 2192.1142578125
Epoch 25: loss = 2192.11376953125
Epoch 26: loss = 2192.11328125
Epoch 27: loss = 2192.11328125
Epoch 28: loss = 2192.11279296875
Epoch 29: loss = 2192.112548828125
Epoch 30: loss = 2192.1123046875
Epoch 31: loss = 2192.11181640625
Epoch 32: loss = 2192.11181640625
Epoch 33: loss = 2192.11181640625
Epoch 34: loss = 2192.111328125
Epoch 35: loss = 2192.111328125
Epoch 36: loss = 2192.11083984375
Epoch 37: loss = 2192.11083984375
Epoch 38: loss = 2192.11083984375
Epoch 39: loss = 2192.11083984375
Epoch 40: loss = 2192.11083984375
Epoch 41: loss = 2192.110595703125
Epoch 42: loss = 2192.110595703125
Epoch 43: loss = 2192.110595703125
Epoch 44: loss = 2192.1103515625
Epoch 45: loss = 2192.1103515625
Epoch 46: loss = 2192.110107421875
Epoch 47: loss = 2192.110107421875
Epoch 48: loss = 2192.10986328125
Epoch 49: loss = 2192.10986328125
Epoch 50: loss = 2192.10986328125
Epoch 51: loss = 2192.10986328125
Epoch 52: loss = 2192.10986328125
Epoch 53: loss = 2192.10986328125
Early stopping at epoch 53 with loss 2192.10986328125
Tensors initialization on device cuda
Multiprobe = None

('MSE', 'PoissonNLL') RECONSTRUCTIONS

Reconstruction for fluence = 0.09999999999999999 photons/pixel
Epoch 0: loss = 0.00022274398361332715
Epoch 1: loss = 0.00022274398361332715
Epoch 2: loss = 0.00022274398361332715
Epoch 3: loss = 0.00022274398361332715
Epoch 4: loss = 0.00022274398361332715
Epoch 5: loss = 0.00022274398361332715
Early stopping at epoch 5 with loss 0.00022274398361332715
Epoch 0: loss = 0.0018140696920454502
Epoch 1: loss = 0.0018140696920454502
Epoch 2: loss = 0.0018140696920454502
Epoch 3: loss = 0.0018140696920454502
Epoch 4: loss = 0.0018140696920454502
Epoch 5: loss = 0.0018140696920454502
Early stopping at epoch 5 with loss 0.0018140696920454502
Reconstruction for fluence = 0.23357214690901223 photons/pixel
Epoch 0: loss = 0.0005123222363181412
Epoch 1: loss = 0.0005123222363181412
Epoch 2: loss = 0.0005123222363181412
Epoch 3: loss = 0.0005123222363181412
Epoch 4: loss = 0.0005123222363181412
Epoch 5: loss = 0.0005123222363181412
Early stopping at epoch 5 with loss 0.0005123222363181412
Epoch 0: loss = 0.0037288148887455463
Epoch 1: loss = 0.0037288148887455463
Epoch 2: loss = 0.0037288148887455463
Epoch 3: loss = 0.0037288148887455463
Epoch 4: loss = 0.0037288148887455463
Epoch 5: loss = 0.0037288148887455463
Early stopping at epoch 5 with loss 0.0037288148887455463
Reconstruction for fluence = 0.5455594781168519 photons/pixel
Epoch 0: loss = 0.0012129887472838163
Epoch 1: loss = 0.0012129887472838163
Epoch 2: loss = 0.0012129887472838163
Epoch 3: loss = 0.0012129887472838163
Epoch 4: loss = 0.0012129887472838163
Epoch 5: loss = 0.0012129887472838163
Early stopping at epoch 5 with loss 0.0012129887472838163
Epoch 0: loss = 0.007843846455216408
Epoch 1: loss = 0.00784384272992611
Epoch 2: loss = 0.007843835279345512
Epoch 3: loss = 0.00784379057586193
Epoch 4: loss = 0.007843559607863426
Epoch 5: loss = 0.007840624079108238
Early stopping at epoch 5 with loss 0.007843846455216408
Reconstruction for fluence = 1.2742749857031335 photons/pixel
Epoch 0: loss = 0.002871324773877859
Epoch 1: loss = 0.002871324773877859
Epoch 2: loss = 0.002871324773877859
Epoch 3: loss = 0.002871324773877859
Epoch 4: loss = 0.002871324773877859
Epoch 5: loss = 0.002871324773877859
Early stopping at epoch 5 with loss 0.002871324773877859
Epoch 0: loss = 0.01591065153479576
Epoch 1: loss = 0.01590321958065033
Epoch 2: loss = 0.013606439344584942
Epoch 3: loss = 0.01348879560828209
Epoch 4: loss = 0.01348879560828209
Epoch 5: loss = 0.01348879560828209
Epoch 6: loss = 0.01348879560828209
Epoch 7: loss = 0.01348879560828209
Epoch 8: loss = 0.01348879560828209
Early stopping at epoch 8 with loss 0.01348879560828209
Reconstruction for fluence = 2.976351441631318 photons/pixel
Epoch 0: loss = 0.007005770690739155
Epoch 1: loss = 0.007005725055932999
Epoch 2: loss = 0.0070056794211268425
Epoch 3: loss = 0.007005633786320686
Epoch 4: loss = 0.00700558815151453
Epoch 5: loss = 0.007005542516708374
Early stopping at epoch 5 with loss 0.007005770690739155
Epoch 0: loss = 0.032107606530189514
Epoch 1: loss = 0.026306431740522385
Epoch 2: loss = 0.026302630081772804
Epoch 3: loss = 0.026302630081772804
Epoch 4: loss = 0.026302630081772804
Epoch 5: loss = 0.026302630081772804
Epoch 6: loss = 0.026302630081772804
Early stopping at epoch 6 with loss 0.026306431740522385
Reconstruction for fluence = 6.9519279617756045 photons/pixel
Epoch 0: loss = 0.01771847903728485
Epoch 1: loss = 0.017717117443680763
Epoch 2: loss = 0.017715755850076675
Epoch 3: loss = 0.017714396119117737
Epoch 4: loss = 0.017713036388158798
Epoch 5: loss = 0.01771167665719986
Early stopping at epoch 5 with loss 0.01771847903728485
Epoch 0: loss = 0.062381599098443985
Epoch 1: loss = 0.048474617302417755
Epoch 2: loss = 0.04847259074449539
Epoch 3: loss = 0.04847259074449539
Epoch 4: loss = 0.04847259074449539
Epoch 5: loss = 0.04847259074449539
Epoch 6: loss = 0.04847259074449539
Early stopping at epoch 6 with loss 0.048474617302417755
Reconstruction for fluence = 16.23776739188721 photons/pixel
Epoch 0: loss = 0.04895173758268356
Epoch 1: loss = 0.035599466413259506
Epoch 2: loss = 0.03559928014874458
Epoch 3: loss = 0.03559928014874458
Epoch 4: loss = 0.03559928014874458
Epoch 5: loss = 0.03559928014874458
Epoch 6: loss = 0.03559928014874458
Early stopping at epoch 6 with loss 0.035599466413259506
Epoch 0: loss = 0.08361199498176575
Epoch 1: loss = 0.08296231925487518
Epoch 2: loss = 0.0829605907201767
Epoch 3: loss = 0.0829605907201767
Epoch 4: loss = 0.0829605907201767
Epoch 5: loss = 0.0829605907201767
Epoch 6: loss = 0.0829605907201767
Early stopping at epoch 6 with loss 0.08296231925487518
Reconstruction for fluence = 37.926901907322495 photons/pixel
Epoch 0: loss = 0.155962273478508
Epoch 1: loss = 0.08304619789123535
Epoch 2: loss = 0.08304187655448914
Epoch 3: loss = 0.08304187655448914
Epoch 4: loss = 0.08304187655448914
Epoch 5: loss = 0.08304187655448914
Epoch 6: loss = 0.08304187655448914
Early stopping at epoch 6 with loss 0.08304619789123535
Epoch 0: loss = 0.124260812997818
Epoch 1: loss = 0.12334156036376953
Epoch 2: loss = 0.12333963811397552
Epoch 3: loss = 0.12333963811397552
Epoch 4: loss = 0.12333963811397552
Epoch 5: loss = 0.12333963811397552
Epoch 6: loss = 0.12333963811397552
Early stopping at epoch 6 with loss 0.12334156036376953
Reconstruction for fluence = 88.58667904100822 photons/pixel
