Running simulation for principal_mode_weight=4 and n_fluences=20
Weights: [70. 15. 15.]
Tensors initialization on device cuda
Multiprobe = grad

('MSE', None) RECONSTRUCTIONS

Reconstruction for fluence = 0.09999999999999999 photons/pixel
Epoch 0: loss = 0.00021977245341986418
Epoch 1: loss = 0.00021977245341986418
Epoch 2: loss = 0.00021977245341986418
Epoch 3: loss = 0.00021977245341986418
Epoch 4: loss = 0.00021977245341986418
Epoch 5: loss = 0.00021977245341986418
Early stopping at epoch 5 with loss 0.00021977245341986418
Reconstruction for fluence = 0.23357214690901223 photons/pixel
Epoch 0: loss = 0.0005154340760782361
Epoch 1: loss = 0.0005154340760782361
Epoch 2: loss = 0.0005154340760782361
Epoch 3: loss = 0.0005154340760782361
Epoch 4: loss = 0.0005154340760782361
Epoch 5: loss = 0.0005154340760782361
Early stopping at epoch 5 with loss 0.0005154340760782361
Reconstruction for fluence = 0.5455594781168519 photons/pixel
Epoch 0: loss = 0.0012066983617842197
Epoch 1: loss = 0.0012066983617842197
Epoch 2: loss = 0.0012066983617842197
Epoch 3: loss = 0.0012066983617842197
Epoch 4: loss = 0.0012066983617842197
Epoch 5: loss = 0.0012066983617842197
Early stopping at epoch 5 with loss 0.0012066983617842197
Reconstruction for fluence = 1.2742749857031335 photons/pixel
Epoch 0: loss = 0.0029001166112720966
Epoch 1: loss = 0.0029001166112720966
Epoch 2: loss = 0.0029001166112720966
Epoch 3: loss = 0.0029001166112720966
Epoch 4: loss = 0.0029001166112720966
Epoch 5: loss = 0.0029001166112720966
Early stopping at epoch 5 with loss 0.0029001166112720966
Reconstruction for fluence = 2.976351441631318 photons/pixel
Epoch 0: loss = 0.0069907912984490395
Epoch 1: loss = 0.006990745663642883
Epoch 2: loss = 0.006990700028836727
Epoch 3: loss = 0.006990654394030571
Epoch 4: loss = 0.00699060782790184
Epoch 5: loss = 0.006990562193095684
Early stopping at epoch 5 with loss 0.0069907912984490395
Reconstruction for fluence = 6.9519279617756045 photons/pixel
Epoch 0: loss = 0.01771506294608116
Epoch 1: loss = 0.017713695764541626
Epoch 2: loss = 0.01771233044564724
Epoch 3: loss = 0.017710965126752853
Epoch 4: loss = 0.017709605395793915
Epoch 5: loss = 0.017708241939544678
Early stopping at epoch 5 with loss 0.01771506294608116
Reconstruction for fluence = 16.23776739188721 photons/pixel
Epoch 0: loss = 0.048860326409339905
Epoch 1: loss = 0.03551255911588669
Epoch 2: loss = 0.03551209717988968
Epoch 3: loss = 0.03551209717988968
Epoch 4: loss = 0.03551209717988968
Epoch 5: loss = 0.03551209717988968
Epoch 6: loss = 0.03551209717988968
Early stopping at epoch 6 with loss 0.03551255911588669
Reconstruction for fluence = 37.926901907322495 photons/pixel
Epoch 0: loss = 0.15593001246452332
Epoch 1: loss = 0.08330729603767395
Epoch 2: loss = 0.08330203592777252
Epoch 3: loss = 0.08330203592777252
Epoch 4: loss = 0.08330203592777252
Epoch 5: loss = 0.08330203592777252
Epoch 6: loss = 0.08330203592777252
Early stopping at epoch 6 with loss 0.08330729603767395
Reconstruction for fluence = 88.58667904100822 photons/pixel
Epoch 0: loss = 0.5899912118911743
Epoch 1: loss = 0.19445382058620453
Epoch 2: loss = 0.19443266093730927
Epoch 3: loss = 0.1944308876991272
Epoch 4: loss = 0.19443082809448242
Epoch 5: loss = 0.19443078339099884
Epoch 6: loss = 0.19443078339099884
Early stopping at epoch 6 with loss 0.19445382058620453
Reconstruction for fluence = 206.9138081114788 photons/pixel
Epoch 0: loss = 2.6084723472595215
Epoch 1: loss = 0.45464420318603516
Epoch 2: loss = 0.45456796884536743
Epoch 3: loss = 0.45456576347351074
Epoch 4: loss = 0.45455873012542725
Epoch 5: loss = 0.45455777645111084
Epoch 6: loss = 0.4545575976371765
Early stopping at epoch 6 with loss 0.45464420318603516
Reconstruction for fluence = 483.2930238571752 photons/pixel
Epoch 0: loss = 12.826595306396484
Epoch 1: loss = 1.061287760734558
Epoch 2: loss = 1.0609793663024902
Epoch 3: loss = 1.060937523841858
Epoch 4: loss = 1.0609283447265625
Epoch 5: loss = 1.060927152633667
Epoch 6: loss = 1.0609264373779297
Epoch 7: loss = 1.0609259605407715
Early stopping at epoch 7 with loss 1.0609793663024902
Reconstruction for fluence = 1128.8378916846884 photons/pixel
Epoch 0: loss = 66.6591796875
Epoch 1: loss = 2.483154296875
Epoch 2: loss = 2.481678009033203
Epoch 3: loss = 2.4814586639404297
Epoch 4: loss = 2.4814186096191406
Epoch 5: loss = 2.4814095497131348
Epoch 6: loss = 2.481389284133911
Epoch 7: loss = 2.481383800506592
Epoch 8: loss = 2.4813833236694336
Early stopping at epoch 8 with loss 2.4814586639404297
Reconstruction for fluence = 2636.6508987303555 photons/pixel
Epoch 0: loss = 355.71099853515625
Epoch 1: loss = 5.790139198303223
Epoch 2: loss = 5.783102035522461
Epoch 3: loss = 5.7819929122924805
Epoch 4: loss = 5.781681060791016
Epoch 5: loss = 5.781595230102539
Epoch 6: loss = 5.781566143035889
Epoch 7: loss = 5.781562805175781
Epoch 8: loss = 5.781559944152832
Epoch 9: loss = 5.781558036804199
Epoch 10: loss = 5.781557083129883
Epoch 11: loss = 5.78155517578125
Early stopping at epoch 11 with loss 5.781566143035889
Reconstruction for fluence = 6158.482110660255 photons/pixel
Epoch 0: loss = 1923.2623291015625
Epoch 1: loss = 13.544240951538086
Epoch 2: loss = 13.507368087768555
Epoch 3: loss = 13.501473426818848
Epoch 4: loss = 13.499963760375977
Epoch 5: loss = 13.499489784240723
Epoch 6: loss = 13.499336242675781
Epoch 7: loss = 13.499275207519531
Epoch 8: loss = 13.499261856079102
Epoch 9: loss = 13.499252319335938
Epoch 10: loss = 13.499246597290039
Epoch 11: loss = 13.499242782592773
Early stopping at epoch 11 with loss 13.499336242675781
Reconstruction for fluence = 14384.498882876629 photons/pixel
Epoch 0: loss = 10450.205078125
Epoch 1: loss = 31.75063705444336
Epoch 2: loss = 31.553627014160156
Epoch 3: loss = 31.52294921875
Epoch 4: loss = 31.513460159301758
Epoch 5: loss = 31.510982513427734
Epoch 6: loss = 31.51011085510254
Epoch 7: loss = 31.509782791137695
Epoch 8: loss = 31.509614944458008
Epoch 9: loss = 31.509544372558594
Epoch 10: loss = 31.509532928466797
Epoch 11: loss = 31.509525299072266
Epoch 12: loss = 31.50951385498047
Epoch 13: loss = 31.509506225585938
Epoch 14: loss = 31.509498596191406
Epoch 15: loss = 31.509490966796875
Epoch 16: loss = 31.509485244750977
Epoch 17: loss = 31.509483337402344
Early stopping at epoch 17 with loss 31.50951385498047
Reconstruction for fluence = 33598.18286283781 photons/pixel
Epoch 0: loss = 56918.47265625
Epoch 1: loss = 74.87007141113281
Epoch 2: loss = 73.80618286132812
Epoch 3: loss = 73.63529205322266
Epoch 4: loss = 73.58905792236328
Epoch 5: loss = 73.57534790039062
Epoch 6: loss = 73.57057189941406
Epoch 7: loss = 73.56869506835938
Epoch 8: loss = 73.56781005859375
Epoch 9: loss = 73.56736755371094
Epoch 10: loss = 73.56716918945312
Epoch 11: loss = 73.56712341308594
Epoch 12: loss = 73.56710815429688
Epoch 13: loss = 73.56707763671875
Epoch 14: loss = 73.56707000732422
Epoch 15: loss = 73.56706237792969
Epoch 16: loss = 73.56704711914062
Epoch 17: loss = 73.56703186035156
Epoch 18: loss = 73.56703186035156
Epoch 19: loss = 73.56702423095703
Epoch 20: loss = 73.56700897216797
Early stopping at epoch 20 with loss 73.56706237792969
Reconstruction for fluence = 78475.99703514607 photons/pixel
Epoch 0: loss = 310271.0625
Epoch 1: loss = 178.611083984375
Epoch 2: loss = 172.80148315429688
Epoch 3: loss = 171.8743896484375
Epoch 4: loss = 171.6159210205078
Epoch 5: loss = 171.54396057128906
Epoch 6: loss = 171.5147705078125
Epoch 7: loss = 171.50518798828125
Epoch 8: loss = 171.50054931640625
Epoch 9: loss = 171.4981689453125
Epoch 10: loss = 171.49688720703125
Epoch 11: loss = 171.49642944335938
Epoch 12: loss = 171.4961700439453
Epoch 13: loss = 171.49609375
Epoch 14: loss = 171.49609375
Epoch 15: loss = 171.49603271484375
Epoch 16: loss = 171.49603271484375
Epoch 17: loss = 171.4959716796875
Epoch 18: loss = 171.49594116210938
Epoch 19: loss = 171.49591064453125
Epoch 20: loss = 171.4958953857422
Epoch 21: loss = 171.49588012695312
Epoch 22: loss = 171.49588012695312
Epoch 23: loss = 171.495849609375
Epoch 24: loss = 171.495849609375
Early stopping at epoch 24 with loss 171.49591064453125
Reconstruction for fluence = 183298.07108324335 photons/pixel
Epoch 0: loss = 1692053.5
Epoch 1: loss = 438.41326904296875
Epoch 2: loss = 406.83837890625
Epoch 3: loss = 401.606689453125
Epoch 4: loss = 400.3619384765625
Epoch 5: loss = 399.9421691894531
Epoch 6: loss = 399.80670166015625
Epoch 7: loss = 399.7509765625
Epoch 8: loss = 399.7245178222656
Epoch 9: loss = 399.7119140625
Epoch 10: loss = 399.70526123046875
Epoch 11: loss = 399.701904296875
Epoch 12: loss = 399.70135498046875
Epoch 13: loss = 399.6999206542969
Epoch 14: loss = 399.699462890625
Epoch 15: loss = 399.6993408203125
Epoch 16: loss = 399.69927978515625
Epoch 17: loss = 399.6990966796875
Epoch 18: loss = 399.6990966796875
Epoch 19: loss = 399.69903564453125
Epoch 20: loss = 399.69903564453125
Epoch 21: loss = 399.69891357421875
Epoch 22: loss = 399.69891357421875
Epoch 23: loss = 399.6988525390625
Epoch 24: loss = 399.6988525390625
Epoch 25: loss = 399.69879150390625
Epoch 26: loss = 399.69879150390625
Epoch 27: loss = 399.69866943359375
Epoch 28: loss = 399.69866943359375
Epoch 29: loss = 399.69866943359375
Epoch 30: loss = 399.6986083984375
Epoch 31: loss = 399.6985778808594
Epoch 32: loss = 399.6985778808594
Early stopping at epoch 32 with loss 399.69866943359375
Reconstruction for fluence = 428133.2398719387 photons/pixel
Epoch 0: loss = 9230843.0
Epoch 1: loss = 1149.7679443359375
Epoch 2: loss = 977.7654418945312
Epoch 3: loss = 950.31689453125
Epoch 4: loss = 942.7625732421875
Epoch 5: loss = 940.1856689453125
Epoch 6: loss = 939.3636474609375
Epoch 7: loss = 939.0444946289062
Epoch 8: loss = 938.8939208984375
Epoch 9: loss = 938.8140869140625
Epoch 10: loss = 938.771728515625
Epoch 11: loss = 938.751708984375
Epoch 12: loss = 938.7422485351562
Epoch 13: loss = 938.7368774414062
Epoch 14: loss = 938.734130859375
Epoch 15: loss = 938.733642578125
Epoch 16: loss = 938.7332763671875
Epoch 17: loss = 938.733154296875
Epoch 18: loss = 938.7330322265625
Epoch 19: loss = 938.7327880859375
Epoch 20: loss = 938.7327880859375
Epoch 21: loss = 938.7327880859375
Epoch 22: loss = 938.732421875
Epoch 23: loss = 938.7323608398438
Epoch 24: loss = 938.7322998046875
Epoch 25: loss = 938.732177734375
Epoch 26: loss = 938.7320556640625
Epoch 27: loss = 938.7320556640625
Epoch 28: loss = 938.73193359375
Epoch 29: loss = 938.7318725585938
Epoch 30: loss = 938.7318725585938
Epoch 31: loss = 938.7318115234375
Epoch 32: loss = 938.731689453125
Epoch 33: loss = 938.731689453125
Epoch 34: loss = 938.731689453125
Epoch 35: loss = 938.7315673828125
Epoch 36: loss = 938.7315063476562
Epoch 37: loss = 938.7314453125
Epoch 38: loss = 938.7314453125
Epoch 39: loss = 938.7314453125
Epoch 40: loss = 938.7314453125
Epoch 41: loss = 938.7313842773438
Early stopping at epoch 41 with loss 938.7315063476562
Reconstruction for fluence = 1000000.0 photons/pixel
Epoch 0: loss = 50355896.0
Epoch 1: loss = 3349.189208984375
Epoch 2: loss = 2410.4775390625
Epoch 3: loss = 2260.47802734375
Epoch 4: loss = 2215.70361328125
Epoch 5: loss = 2203.70361328125
Epoch 6: loss = 2199.6396484375
Epoch 7: loss = 2198.31103515625
Epoch 8: loss = 2197.32568359375
Epoch 9: loss = 2196.906494140625
Epoch 10: loss = 2196.682861328125
Epoch 11: loss = 2196.580810546875
Epoch 12: loss = 2196.529296875
Epoch 13: loss = 2196.5009765625
Epoch 14: loss = 2196.485107421875
Epoch 15: loss = 2196.4765625
Epoch 16: loss = 2196.4755859375
Epoch 17: loss = 2196.47509765625
Epoch 18: loss = 2196.47412109375
Epoch 19: loss = 2196.4736328125
Epoch 20: loss = 2196.47314453125
Epoch 21: loss = 2196.47265625
Epoch 22: loss = 2196.47265625
Epoch 23: loss = 2196.47216796875
Epoch 24: loss = 2196.47216796875
Epoch 25: loss = 2196.4716796875
Epoch 26: loss = 2196.47119140625
Epoch 27: loss = 2196.47119140625
Epoch 28: loss = 2196.47119140625
Epoch 29: loss = 2196.470703125
Epoch 30: loss = 2196.470703125
Epoch 31: loss = 2196.470458984375
Epoch 32: loss = 2196.47021484375
Epoch 33: loss = 2196.47021484375
Epoch 34: loss = 2196.47021484375
Epoch 35: loss = 2196.469970703125
Epoch 36: loss = 2196.4697265625
Epoch 37: loss = 2196.469482421875
Epoch 38: loss = 2196.469482421875
Epoch 39: loss = 2196.46923828125
Epoch 40: loss = 2196.46875
Epoch 41: loss = 2196.46875
Epoch 42: loss = 2196.46875
Epoch 43: loss = 2196.46875
Epoch 44: loss = 2196.46875
Epoch 45: loss = 2196.468505859375
Epoch 46: loss = 2196.468505859375
Epoch 47: loss = 2196.46826171875
Epoch 48: loss = 2196.46826171875
Epoch 49: loss = 2196.46826171875
Epoch 50: loss = 2196.46826171875
Epoch 51: loss = 2196.46826171875
Epoch 52: loss = 2196.46826171875
Early stopping at epoch 52 with loss 2196.46826171875
Tensors initialization on device cuda
Multiprobe = grad

('MSE', 'PoissonNLL') RECONSTRUCTIONS

Reconstruction for fluence = 0.09999999999999999 photons/pixel
Epoch 0: loss = 0.0002161119773518294
Epoch 1: loss = 0.0002161119773518294
Epoch 2: loss = 0.0002161119773518294
Epoch 3: loss = 0.0002161119773518294
Epoch 4: loss = 0.0002161119773518294
Epoch 5: loss = 0.0002161119773518294
Early stopping at epoch 5 with loss 0.0002161119773518294
Epoch 0: loss = 0.001766487956047058
Epoch 1: loss = 0.001766487956047058
Epoch 2: loss = 0.001766487956047058
Epoch 3: loss = 0.001766487956047058
Epoch 4: loss = 0.001766487956047058
Epoch 5: loss = 0.001766487956047058
Early stopping at epoch 5 with loss 0.001766487956047058
Reconstruction for fluence = 0.23357214690901223 photons/pixel
Epoch 0: loss = 0.0005201033782213926
Epoch 1: loss = 0.0005201033782213926
Epoch 2: loss = 0.0005201033782213926
Epoch 3: loss = 0.0005201033782213926
Epoch 4: loss = 0.0005201033782213926
Epoch 5: loss = 0.0005201033782213926
Early stopping at epoch 5 with loss 0.0005201033782213926
Epoch 0: loss = 0.003754332661628723
Epoch 1: loss = 0.0037542888894677162
Epoch 2: loss = 0.0037542441859841347
Epoch 3: loss = 0.003754198318347335
Epoch 4: loss = 0.003754151053726673
Epoch 5: loss = 0.003754100762307644
Early stopping at epoch 5 with loss 0.003754332661628723
Reconstruction for fluence = 0.5455594781168519 photons/pixel
Epoch 0: loss = 0.0012129175011068583
Epoch 1: loss = 0.0012129175011068583
Epoch 2: loss = 0.0012129175011068583
Epoch 3: loss = 0.0012129175011068583
Epoch 4: loss = 0.0012129175011068583
Epoch 5: loss = 0.0012129175011068583
Early stopping at epoch 5 with loss 0.0012129175011068583
Epoch 0: loss = 0.007703426294028759
Epoch 1: loss = 0.007703282870352268
Epoch 2: loss = 0.00770312175154686
Epoch 3: loss = 0.0077028945088386536
Epoch 4: loss = 0.0077025024220347404
Epoch 5: loss = 0.007701899390667677
Early stopping at epoch 5 with loss 0.007703426294028759
Reconstruction for fluence = 1.2742749857031335 photons/pixel
Epoch 0: loss = 0.002897698897868395
Epoch 1: loss = 0.002897698897868395
Epoch 2: loss = 0.002897698897868395
Epoch 3: loss = 0.002897698897868395
Epoch 4: loss = 0.002897698897868395
Epoch 5: loss = 0.002897698897868395
Early stopping at epoch 5 with loss 0.002897698897868395
Epoch 0: loss = 0.015706267207860947
Epoch 1: loss = 0.015705656260252
Epoch 2: loss = 0.015703681856393814
Epoch 3: loss = 0.015698274597525597
Epoch 4: loss = 0.014068445190787315
Epoch 5: loss = 0.013667063787579536
Epoch 6: loss = 0.013667063787579536
Epoch 7: loss = 0.013667063787579536
Epoch 8: loss = 0.013667063787579536
Epoch 9: loss = 0.013667063787579536
Epoch 10: loss = 0.013667063787579536
Early stopping at epoch 10 with loss 0.013667063787579536
Reconstruction for fluence = 2.976351441631318 photons/pixel
Epoch 0: loss = 0.007014158181846142
Epoch 1: loss = 0.007014112547039986
Epoch 2: loss = 0.0070140669122338295
Epoch 3: loss = 0.007014021277427673
Epoch 4: loss = 0.007013975642621517
Epoch 5: loss = 0.007013930473476648
Early stopping at epoch 5 with loss 0.007014158181846142
Epoch 0: loss = 0.03105884976685047
Epoch 1: loss = 0.03105000965297222
Epoch 2: loss = 0.026385314762592316
Epoch 3: loss = 0.02637978456914425
Epoch 4: loss = 0.02637978456914425
Epoch 5: loss = 0.02637978456914425
Epoch 6: loss = 0.02637978456914425
Epoch 7: loss = 0.02637978456914425
Early stopping at epoch 7 with loss 0.026385314762592316
Reconstruction for fluence = 6.9519279617756045 photons/pixel
Epoch 0: loss = 0.017697591334581375
Epoch 1: loss = 0.017696227878332138
Epoch 2: loss = 0.0176948681473732
Epoch 3: loss = 0.01769350841641426
Epoch 4: loss = 0.017692148685455322
Epoch 5: loss = 0.017690792679786682
Early stopping at epoch 5 with loss 0.017697591334581375
Epoch 0: loss = 0.05940238758921623
Epoch 1: loss = 0.048550356179475784
Epoch 2: loss = 0.04853665083646774
Epoch 3: loss = 0.04853665083646774
Epoch 4: loss = 0.04853665083646774
Epoch 5: loss = 0.04853665083646774
Epoch 6: loss = 0.04853665083646774
Early stopping at epoch 6 with loss 0.048550356179475784
Reconstruction for fluence = 16.23776739188721 photons/pixel
Epoch 0: loss = 0.048958148807287216
Epoch 1: loss = 0.03562384843826294
Epoch 2: loss = 0.03562348335981369
Epoch 3: loss = 0.03562348335981369
Epoch 4: loss = 0.03562348335981369
Epoch 5: loss = 0.03562348335981369
Epoch 6: loss = 0.03562348335981369
Early stopping at epoch 6 with loss 0.03562384843826294
Epoch 0: loss = 0.08388824760913849
Epoch 1: loss = 0.08320768177509308
Epoch 2: loss = 0.08320754021406174
Epoch 3: loss = 0.08320754021406174
Epoch 4: loss = 0.08320754021406174
Epoch 5: loss = 0.08320754021406174
Epoch 6: loss = 0.08320754021406174
Early stopping at epoch 6 with loss 0.08320768177509308
Reconstruction for fluence = 37.926901907322495 photons/pixel
Epoch 0: loss = 0.15591944754123688
Epoch 1: loss = 0.08337552845478058
Epoch 2: loss = 0.08336998522281647
Epoch 3: loss = 0.08336998522281647
Epoch 4: loss = 0.08336998522281647
Epoch 5: loss = 0.08336998522281647
Epoch 6: loss = 0.08336998522281647
Early stopping at epoch 6 with loss 0.08337552845478058
Epoch 0: loss = 0.12502391636371613
Epoch 1: loss = 0.12414029240608215
Epoch 2: loss = 0.12405336648225784
Epoch 3: loss = 0.12405286729335785
Epoch 4: loss = 0.12405286729335785
Epoch 5: loss = 0.12405286729335785
Epoch 6: loss = 0.12405286729335785
Early stopping at epoch 6 with loss 0.12414029240608215
Reconstruction for fluence = 88.58667904100822 photons/pixel
Epoch 0: loss = 0.5901211500167847
Epoch 1: loss = 0.19432374835014343
Epoch 2: loss = 0.19430287182331085
Epoch 3: loss = 0.19430109858512878
Epoch 4: loss = 0.19430102407932281
Epoch 5: loss = 0.19430102407932281
Epoch 6: loss = 0.19430102407932281
Early stopping at epoch 6 with loss 0.19432374835014343
Epoch 0: loss = 0.12604659795761108
Epoch 1: loss = 0.12603947520256042
Epoch 2: loss = 0.12603244185447693
Epoch 3: loss = 0.12602543830871582
Epoch 4: loss = 0.1260184943675995
Epoch 5: loss = 0.12601163983345032
Early stopping at epoch 5 with loss 0.12604659795761108
Reconstruction for fluence = 206.9138081114788 photons/pixel
Epoch 0: loss = 2.6092476844787598
Epoch 1: loss = 0.4544561505317688
Epoch 2: loss = 0.4543791711330414
Epoch 3: loss = 0.45437145233154297
Epoch 4: loss = 0.45437002182006836
Epoch 5: loss = 0.4543697237968445
Epoch 6: loss = 0.4543696641921997
Early stopping at epoch 6 with loss 0.4544561505317688
Epoch 0: loss = -0.09235849976539612
Epoch 1: loss = -0.09379207342863083
Epoch 2: loss = -0.09379209578037262
Epoch 3: loss = -0.09379209578037262
Epoch 4: loss = -0.09379209578037262
Epoch 5: loss = -0.09379209578037262
Epoch 6: loss = -0.09379209578037262
Early stopping at epoch 6 with loss -0.09379207342863083
Reconstruction for fluence = 483.2930238571752 photons/pixel
Epoch 0: loss = 12.820730209350586
Epoch 1: loss = 1.0608381032943726
Epoch 2: loss = 1.0605056285858154
Epoch 3: loss = 1.0604615211486816
Epoch 4: loss = 1.0604511499404907
Epoch 5: loss = 1.0604496002197266
Epoch 6: loss = 1.060448408126831
Epoch 7: loss = 1.060448169708252
Early stopping at epoch 7 with loss 1.0605056285858154
Epoch 0: loss = -1.1177113056182861
Epoch 1: loss = -1.11940598487854
Epoch 2: loss = -1.1194061040878296
Epoch 3: loss = -1.1194062232971191
Epoch 4: loss = -1.1194062232971191
Epoch 5: loss = -1.1194062232971191
Epoch 6: loss = -1.1194061040878296
Early stopping at epoch 6 with loss -1.11940598487854
Reconstruction for fluence = 1128.8378916846884 photons/pixel
Epoch 0: loss = 66.6415786743164
Epoch 1: loss = 2.4746339321136475
Epoch 2: loss = 2.4732069969177246
Epoch 3: loss = 2.473005771636963
Epoch 4: loss = 2.472947597503662
Epoch 5: loss = 2.4729321002960205
Epoch 6: loss = 2.472931385040283
Epoch 7: loss = 2.4729294776916504
Epoch 8: loss = 2.4729275703430176
Early stopping at epoch 8 with loss 2.473005771636963
Epoch 0: loss = -4.716996669769287
Epoch 1: loss = -4.7190022468566895
Epoch 2: loss = -4.719002723693848
Epoch 3: loss = -4.719002723693848
Epoch 4: loss = -4.7190022468566895
Epoch 5: loss = -4.719002723693848
Epoch 6: loss = -4.719002723693848
Early stopping at epoch 6 with loss -4.7190022468566895
Reconstruction for fluence = 2636.6508987303555 photons/pixel
Epoch 0: loss = 355.8944091796875
Epoch 1: loss = 5.788332462310791
Epoch 2: loss = 5.781305313110352
Epoch 3: loss = 5.780381202697754
Epoch 4: loss = 5.779957294464111
Epoch 5: loss = 5.779845714569092
Epoch 6: loss = 5.779809951782227
Epoch 7: loss = 5.77979850769043
Epoch 8: loss = 5.779797554016113
Epoch 9: loss = 5.779796600341797
Epoch 10: loss = 5.7797956466674805
Early stopping at epoch 10 with loss 5.779845714569092
Epoch 0: loss = -15.933895111083984
Epoch 1: loss = -15.936037063598633
Epoch 2: loss = -15.936037063598633
Epoch 3: loss = -15.936038970947266
Epoch 4: loss = -15.936038970947266
Epoch 5: loss = -15.936038970947266
Epoch 6: loss = -15.936038970947266
Early stopping at epoch 6 with loss -15.936037063598633
Reconstruction for fluence = 6158.482110660255 photons/pixel
Epoch 0: loss = 1923.85986328125
Epoch 1: loss = 13.553159713745117
Epoch 2: loss = 13.516827583312988
Epoch 3: loss = 13.511022567749023
Epoch 4: loss = 13.509353637695312
Epoch 5: loss = 13.508868217468262
Epoch 6: loss = 13.508708953857422
Epoch 7: loss = 13.508647918701172
Epoch 8: loss = 13.50863265991211
Epoch 9: loss = 13.508621215820312
Epoch 10: loss = 13.508617401123047
Epoch 11: loss = 13.508615493774414
Early stopping at epoch 11 with loss 13.508708953857422
Epoch 0: loss = -48.68964385986328
Epoch 1: loss = -48.69192123413086
Epoch 2: loss = -48.69192123413086
Epoch 3: loss = -48.691925048828125
Epoch 4: loss = -48.691925048828125
Epoch 5: loss = -48.691925048828125
Epoch 6: loss = -48.691925048828125
Early stopping at epoch 6 with loss -48.69192123413086
Reconstruction for fluence = 14384.498882876629 photons/pixel
Epoch 0: loss = 10450.41015625
Epoch 1: loss = 31.780261993408203
Epoch 2: loss = 31.58472442626953
Epoch 3: loss = 31.553890228271484
Epoch 4: loss = 31.545928955078125
Epoch 5: loss = 31.54367446899414
Epoch 6: loss = 31.54294204711914
Epoch 7: loss = 31.542659759521484
Epoch 8: loss = 31.542524337768555
Epoch 9: loss = 31.542465209960938
Epoch 10: loss = 31.542436599731445
Epoch 11: loss = 31.542428970336914
Epoch 12: loss = 31.54242706298828
Epoch 13: loss = 31.542423248291016
Epoch 14: loss = 31.542415618896484
Epoch 0: loss = -140.56581115722656
Epoch 1: loss = -140.56825256347656
Epoch 2: loss = -140.56825256347656
Epoch 3: loss = -140.56825256347656
Epoch 4: loss = -140.56825256347656
Epoch 5: loss = -140.56825256347656
Epoch 6: loss = -140.56825256347656
Early stopping at epoch 6 with loss -140.56825256347656
Reconstruction for fluence = 33598.18286283781 photons/pixel
Epoch 0: loss = 56914.05859375
Epoch 1: loss = 74.87109375
Epoch 2: loss = 73.80552673339844
Epoch 3: loss = 73.63035583496094
Epoch 4: loss = 73.58439636230469
Epoch 5: loss = 73.5715103149414
Epoch 6: loss = 73.56700134277344
Epoch 7: loss = 73.56532287597656
Epoch 8: loss = 73.56443786621094
Epoch 9: loss = 73.56403350830078
Epoch 10: loss = 73.56387329101562
Epoch 11: loss = 73.56382751464844
Epoch 12: loss = 73.56381225585938
Epoch 13: loss = 73.56378173828125
Epoch 14: loss = 73.56378173828125
Epoch 0: loss = -390.9607238769531
Epoch 1: loss = -390.9632263183594
Epoch 2: loss = -390.9632263183594
Epoch 3: loss = -390.9632263183594
Epoch 4: loss = -390.9632263183594
Epoch 5: loss = -390.9632263183594
Epoch 6: loss = -390.9632263183594
Early stopping at epoch 6 with loss -390.9632263183594
Reconstruction for fluence = 78475.99703514607 photons/pixel
Epoch 0: loss = 310259.0625
Epoch 1: loss = 178.53204345703125
Epoch 2: loss = 172.74368286132812
Epoch 3: loss = 171.804931640625
Epoch 4: loss = 171.5354461669922
Epoch 5: loss = 171.4613037109375
Epoch 6: loss = 171.4370574951172
Epoch 7: loss = 171.42691040039062
Epoch 8: loss = 171.42205810546875
Epoch 9: loss = 171.41952514648438
Epoch 10: loss = 171.41824340820312
Epoch 11: loss = 171.41766357421875
Epoch 12: loss = 171.41757202148438
Epoch 13: loss = 171.41744995117188
Epoch 14: loss = 171.41741943359375
Epoch 0: loss = -1059.46337890625
Epoch 1: loss = -1059.4659423828125
Epoch 2: loss = -1059.4659423828125
Epoch 3: loss = -1059.4659423828125
Epoch 4: loss = -1059.4658203125
Epoch 5: loss = -1059.4658203125
Epoch 6: loss = -1059.4658203125
Early stopping at epoch 6 with loss -1059.4659423828125
Reconstruction for fluence = 183298.07108324335 photons/pixel
Epoch 0: loss = 1692102.25
Epoch 1: loss = 439.1451416015625
Epoch 2: loss = 407.5355529785156
Epoch 3: loss = 402.40106201171875
Epoch 4: loss = 400.9769287109375
Epoch 5: loss = 400.5660095214844
Epoch 6: loss = 400.42803955078125
Epoch 7: loss = 400.372802734375
Epoch 8: loss = 400.34619140625
Epoch 9: loss = 400.3328857421875
Epoch 10: loss = 400.32611083984375
Epoch 11: loss = 400.3227844238281
Epoch 12: loss = 400.3210144042969
Epoch 13: loss = 400.32086181640625
Epoch 14: loss = 400.320068359375
Epoch 0: loss = -2816.3251953125
Epoch 1: loss = -2816.32763671875
Epoch 2: loss = -2816.32763671875
Epoch 3: loss = -2816.32763671875
Epoch 4: loss = -2816.32763671875
Epoch 5: loss = -2816.32763671875
Epoch 6: loss = -2816.32763671875
Early stopping at epoch 6 with loss -2816.32763671875
Reconstruction for fluence = 428133.2398719387 photons/pixel
Epoch 0: loss = 9230722.0
Epoch 1: loss = 1149.0618896484375
Epoch 2: loss = 977.06982421875
Epoch 3: loss = 949.116943359375
Epoch 4: loss = 941.5020751953125
Epoch 5: loss = 939.412841796875
Epoch 6: loss = 938.6882934570312
Epoch 7: loss = 938.4054565429688
Epoch 8: loss = 938.2642822265625
Epoch 9: loss = 938.1936645507812
Epoch 10: loss = 938.159912109375
Epoch 11: loss = 938.14208984375
Epoch 12: loss = 938.1334228515625
Epoch 13: loss = 938.1334228515625
Epoch 14: loss = 938.1282958984375
Epoch 0: loss = -7375.86962890625
Epoch 1: loss = -7375.87255859375
Epoch 2: loss = -7375.87255859375
Epoch 3: loss = -7375.87255859375
Epoch 4: loss = -7375.873046875
Epoch 5: loss = -7375.873046875
Epoch 6: loss = -7375.873046875
Epoch 7: loss = -7375.873046875
Epoch 8: loss = -7375.873046875
Epoch 9: loss = -7375.873046875
Early stopping at epoch 9 with loss -7375.873046875
Reconstruction for fluence = 1000000.0 photons/pixel
Epoch 0: loss = 50355864.0
Epoch 1: loss = 3344.349609375
Epoch 2: loss = 2408.2470703125
Epoch 3: loss = 2254.966064453125
Epoch 4: loss = 2215.85107421875
Epoch 5: loss = 2203.32763671875
Epoch 6: loss = 2199.482177734375
Epoch 7: loss = 2197.928955078125
Epoch 8: loss = 2197.12158203125
Epoch 9: loss = 2196.740234375
Epoch 10: loss = 2196.54931640625
Epoch 11: loss = 2196.45751953125
Epoch 12: loss = 2196.41015625
Epoch 13: loss = 2196.38330078125
Epoch 14: loss = 2196.3681640625
Epoch 0: loss = -19092.212890625
Epoch 1: loss = -19092.212890625
Epoch 2: loss = -19092.216796875
Epoch 3: loss = -19092.216796875
Epoch 4: loss = -19092.216796875
Epoch 5: loss = -19092.216796875
Epoch 6: loss = -19092.216796875
Epoch 7: loss = -19092.216796875
Early stopping at epoch 7 with loss -19092.216796875
Simulation for principal_mode_weight=4 and n_fluences=20 completed!
