Running simulation for n_fluences=20
Tensors initialization on device cuda
Multiprobe = None

('MSE', None) RECONSTRUCTIONS

Reconstruction for fluence = 100.0 photons/pixel
Epoch 0: loss = 2491584.5
Epoch 1: loss = 973336.375
Epoch 2: loss = 973282.6875
Epoch 3: loss = 973282.5
Epoch 4: loss = 973282.5
Epoch 5: loss = 973282.5
Epoch 6: loss = 973282.375
Epoch 7: loss = 973282.375
Epoch 8: loss = 973282.375
Epoch 9: loss = 973282.375
Epoch 10: loss = 973282.375
Epoch 11: loss = 973282.375
Early stopping at epoch 11 with loss 973282.375
Reconstruction for fluence = 162.3776739188721 photons/pixel
Epoch 0: loss = 3062462.5
Epoch 1: loss = 987682.75
Epoch 2: loss = 987663.625
Epoch 3: loss = 987663.5
Epoch 4: loss = 987663.4375
Epoch 5: loss = 987663.4375
Epoch 6: loss = 987663.4375
Epoch 7: loss = 987663.4375
Epoch 8: loss = 987663.4375
Epoch 9: loss = 987663.375
Epoch 10: loss = 987663.375
Epoch 11: loss = 987663.375
Epoch 12: loss = 987663.375
Epoch 13: loss = 987663.375
Epoch 14: loss = 987663.375
Early stopping at epoch 14 with loss 987663.375
Reconstruction for fluence = 263.6650898730358 photons/pixel
Epoch 0: loss = 4028199.5
Epoch 1: loss = 1007468.3125
Epoch 2: loss = 1007333.75
Epoch 3: loss = 1007333.25
Epoch 4: loss = 1007333.125
Epoch 5: loss = 1007333.0625
Epoch 6: loss = 1007333.0
Epoch 7: loss = 1007333.0
Epoch 8: loss = 1007333.0
Epoch 9: loss = 1007333.0
Epoch 10: loss = 1007333.0
Epoch 11: loss = 1007333.0
Early stopping at epoch 11 with loss 1007333.0
Reconstruction for fluence = 428.13323987193957 photons/pixel
Epoch 0: loss = 5743487.5
Epoch 1: loss = 1092249.625
Epoch 2: loss = 1092204.5
Epoch 3: loss = 1092204.5
Epoch 4: loss = 1092204.5
Epoch 5: loss = 1092204.5
Epoch 6: loss = 1092204.25
Epoch 7: loss = 1092204.25
Epoch 8: loss = 1092204.25
Epoch 9: loss = 1092204.25
Epoch 10: loss = 1092204.25
Epoch 11: loss = 1092204.25
Early stopping at epoch 11 with loss 1092204.25
Reconstruction for fluence = 695.1927961775605 photons/pixel
Epoch 0: loss = 8661753.0
Epoch 1: loss = 1251521.5
Epoch 2: loss = 1250932.5
Epoch 3: loss = 1250928.75
Epoch 4: loss = 1250928.75
Epoch 5: loss = 1250928.5
Epoch 6: loss = 1250928.5
Epoch 7: loss = 1250928.5
Epoch 8: loss = 1250928.5
Epoch 9: loss = 1250928.5
Epoch 10: loss = 1250928.5
Early stopping at epoch 10 with loss 1250928.5
Reconstruction for fluence = 1128.8378916846884 photons/pixel
Epoch 0: loss = 13450250.0
Epoch 1: loss = 1472406.75
Epoch 2: loss = 1472185.125
Epoch 3: loss = 1472184.375
Epoch 4: loss = 1472184.25
Epoch 5: loss = 1472184.25
Epoch 6: loss = 1472184.125
Epoch 7: loss = 1472184.125
Epoch 8: loss = 1472184.125
Epoch 9: loss = 1472184.125
Epoch 10: loss = 1472184.0
Epoch 11: loss = 1472184.0
Epoch 12: loss = 1472184.0
Epoch 13: loss = 1472184.0
Epoch 14: loss = 1472184.0
Epoch 15: loss = 1472184.0
Early stopping at epoch 15 with loss 1472184.0
Reconstruction for fluence = 1832.9807108324355 photons/pixel
Epoch 0: loss = 21293252.0
Epoch 1: loss = 1749338.75
Epoch 2: loss = 1749059.5
Epoch 3: loss = 1749059.0
Epoch 4: loss = 1749059.0
Epoch 5: loss = 1749059.0
Epoch 6: loss = 1749059.0
Epoch 7: loss = 1749059.0
Epoch 8: loss = 1749059.0
Early stopping at epoch 8 with loss 1749059.0
Reconstruction for fluence = 2976.351441631319 photons/pixel
Epoch 0: loss = 34037788.0
Epoch 1: loss = 2077011.25
Epoch 2: loss = 2076104.0
Epoch 3: loss = 2076101.125
Epoch 4: loss = 2076100.875
Epoch 5: loss = 2076100.875
Epoch 6: loss = 2076100.875
Epoch 7: loss = 2076100.625
Epoch 8: loss = 2076100.625
Epoch 9: loss = 2076100.625
Epoch 10: loss = 2076100.625
Epoch 11: loss = 2076100.625
Epoch 12: loss = 2076100.625
Early stopping at epoch 12 with loss 2076100.625
Reconstruction for fluence = 4832.930238571752 photons/pixel
Epoch 0: loss = 54736832.0
Epoch 1: loss = 2453710.5
Epoch 2: loss = 2451935.75
Epoch 3: loss = 2451934.25
Epoch 4: loss = 2451934.0
Epoch 5: loss = 2451934.0
Epoch 6: loss = 2451934.0
Epoch 7: loss = 2451934.0
Epoch 8: loss = 2451934.0
Epoch 9: loss = 2451934.0
Early stopping at epoch 9 with loss 2451934.0
Reconstruction for fluence = 7847.599703514607 photons/pixel
Epoch 0: loss = 88363536.0
Epoch 1: loss = 2869351.25
Epoch 2: loss = 2863107.0
Epoch 3: loss = 2863103.0
Epoch 4: loss = 2863102.5
Epoch 5: loss = 2863102.5
Epoch 6: loss = 2863102.5
Epoch 7: loss = 2863102.5
Epoch 8: loss = 2863102.5
Epoch 9: loss = 2863102.5
Early stopping at epoch 9 with loss 2863102.5
Reconstruction for fluence = 12742.74985703132 photons/pixel
Epoch 0: loss = 142949920.0
Epoch 1: loss = 3308907.75
Epoch 2: loss = 3297009.5
Epoch 3: loss = 3297003.0
Epoch 4: loss = 3297003.0
Epoch 5: loss = 3297003.0
Epoch 6: loss = 3297003.0
Epoch 7: loss = 3297002.75
Epoch 8: loss = 3297002.75
Epoch 9: loss = 3297002.75
Epoch 10: loss = 3297002.5
Epoch 11: loss = 3297002.5
Epoch 12: loss = 3297002.5
Epoch 13: loss = 3297002.5
Epoch 14: loss = 3297002.5
Epoch 15: loss = 3297002.5
Early stopping at epoch 15 with loss 3297002.5
Reconstruction for fluence = 20691.3808111479 photons/pixel
Epoch 0: loss = 231591552.0
Epoch 1: loss = 3743077.5
Epoch 2: loss = 3725137.5
Epoch 3: loss = 3725129.5
Epoch 4: loss = 3725129.5
Epoch 5: loss = 3725129.5
Epoch 6: loss = 3725129.0
Epoch 7: loss = 3725129.0
Epoch 8: loss = 3725129.0
Epoch 9: loss = 3725129.0
Epoch 10: loss = 3725129.0
Epoch 11: loss = 3725129.0
Early stopping at epoch 11 with loss 3725129.0
Reconstruction for fluence = 33598.18286283781 photons/pixel
Epoch 0: loss = 375545952.0
Epoch 1: loss = 4150482.0
Epoch 2: loss = 4118841.75
Epoch 3: loss = 4118836.5
Epoch 4: loss = 4118836.0
Epoch 5: loss = 4118835.5
Epoch 6: loss = 4118835.5
Epoch 7: loss = 4118835.5
Epoch 8: loss = 4118835.0
Epoch 9: loss = 4118835.0
Epoch 10: loss = 4118835.0
Epoch 11: loss = 4118835.0
Epoch 12: loss = 4118835.0
Epoch 13: loss = 4118835.0
Early stopping at epoch 13 with loss 4118835.0
Reconstruction for fluence = 54555.947811685146 photons/pixel
Epoch 0: loss = 609260672.0
Epoch 1: loss = 4523668.5
Epoch 2: loss = 4444636.0
Epoch 3: loss = 4444610.5
Epoch 4: loss = 4444610.0
Epoch 5: loss = 4444610.0
Epoch 6: loss = 4444609.5
Epoch 7: loss = 4444609.5
Epoch 8: loss = 4444609.5
Epoch 9: loss = 4444609.5
Epoch 10: loss = 4444609.5
Epoch 11: loss = 4444609.5
Early stopping at epoch 11 with loss 4444609.5
Reconstruction for fluence = 88586.67904100832 photons/pixel
Epoch 0: loss = 988840256.0
Epoch 1: loss = 4736813.5
Epoch 2: loss = 4689563.0
Epoch 3: loss = 4689557.0
Epoch 4: loss = 4689556.5
Epoch 5: loss = 4689555.5
Epoch 6: loss = 4689555.5
Epoch 7: loss = 4689555.0
Epoch 8: loss = 4689555.0
Epoch 9: loss = 4689555.0
Epoch 10: loss = 4689555.0
Epoch 11: loss = 4689555.0
Epoch 12: loss = 4689555.0
Early stopping at epoch 12 with loss 4689555.0
Reconstruction for fluence = 143844.9888287663 photons/pixel
Epoch 0: loss = 1605072640.0
Epoch 1: loss = 5082551.0
Epoch 2: loss = 4841601.0
Epoch 3: loss = 4841573.0
Epoch 4: loss = 4841572.0
Epoch 5: loss = 4841571.0
Epoch 6: loss = 4841571.0
Epoch 7: loss = 4841571.0
Epoch 8: loss = 4841571.0
Epoch 9: loss = 4841571.0
Epoch 10: loss = 4841571.0
Early stopping at epoch 10 with loss 4841571.0
Reconstruction for fluence = 233572.1469090121 photons/pixel
Epoch 0: loss = 2605755904.0
Epoch 1: loss = 5295105.5
Epoch 2: loss = 4905628.0
Epoch 3: loss = 4905244.0
Epoch 4: loss = 4905242.0
Epoch 5: loss = 4905242.0
Epoch 6: loss = 4905242.0
Epoch 7: loss = 4905241.5
Epoch 8: loss = 4905241.5
Epoch 9: loss = 4905241.0
Epoch 10: loss = 4905241.0
Epoch 11: loss = 4905241.0
Epoch 12: loss = 4905241.0
Epoch 13: loss = 4905241.0
Epoch 14: loss = 4905241.0
Early stopping at epoch 14 with loss 4905241.0
Reconstruction for fluence = 379269.0190732246 photons/pixel
Epoch 0: loss = 4230876928.0
Epoch 1: loss = 10421149.0
Epoch 2: loss = 4957225.0
Epoch 3: loss = 4895218.0
Epoch 4: loss = 4894646.0
Epoch 5: loss = 4894643.0
Epoch 6: loss = 4894642.0
Epoch 7: loss = 4894642.0
Epoch 8: loss = 4894642.0
Epoch 9: loss = 4894642.0
Epoch 10: loss = 4894642.0
Epoch 11: loss = 4894642.0
Early stopping at epoch 11 with loss 4894642.0
Reconstruction for fluence = 615848.2110660254 photons/pixel
Epoch 0: loss = 6869676032.0
Epoch 1: loss = 13783862.0
Epoch 2: loss = 4932302.0
Epoch 3: loss = 4832445.5
Epoch 4: loss = 4831531.0
Epoch 5: loss = 4831525.0
Epoch 6: loss = 4831525.0
Epoch 7: loss = 4831524.5
Epoch 8: loss = 4831524.0
Epoch 9: loss = 4831524.0
Epoch 10: loss = 4831524.0
Epoch 11: loss = 4831524.0
Epoch 12: loss = 4831524.0
Epoch 13: loss = 4831524.0
Early stopping at epoch 13 with loss 4831524.0
Reconstruction for fluence = 1000000.0 photons/pixel
Epoch 0: loss = 11154275328.0
Epoch 1: loss = 5935198.0
Epoch 2: loss = 4739085.0
Epoch 3: loss = 4735477.0
Epoch 4: loss = 4735457.0
Epoch 5: loss = 4735456.0
Epoch 6: loss = 4735455.0
Epoch 7: loss = 4735455.0
Epoch 8: loss = 4735455.0
Epoch 9: loss = 4735455.0
Epoch 10: loss = 4735455.0
Epoch 11: loss = 4735455.0
Early stopping at epoch 11 with loss 4735455.0
Simulation for n_fluences=20 completed!
