Running simulation for steps_size=1 and n_fluences=1
Steps size: 1
Tensors initialization on device cuda
Multiprobe = None

('MSE', None) RECONSTRUCTIONS

Reconstruction for fluence = 0.09999999999999999 photons/pixel
Epoch 0: loss = 0.00022090726997703314
Epoch 1: loss = 0.00022090726997703314
Epoch 2: loss = 0.00022090726997703314
Epoch 3: loss = 0.00022090726997703314
Epoch 4: loss = 0.00022090726997703314
Epoch 5: loss = 0.00022090726997703314
Early stopping at epoch 5 with loss 0.00022090726997703314
Tensors initialization on device cuda
Multiprobe = None

('MSE', 'PoissonNLL') RECONSTRUCTIONS

Reconstruction for fluence = 0.09999999999999999 photons/pixel
Epoch 0: loss = 0.0002220194146502763
Epoch 1: loss = 0.0002220194146502763
Epoch 2: loss = 0.0002220194146502763
Epoch 3: loss = 0.0002220194146502763
Epoch 4: loss = 0.0002220194146502763
Epoch 5: loss = 0.0002220194146502763
Early stopping at epoch 5 with loss 0.0002220194146502763
Epoch 0: loss = 0.0017819376662373543
Epoch 1: loss = 0.0017819376662373543
Epoch 2: loss = 0.0017819376662373543
Epoch 3: loss = 0.0017819376662373543
Epoch 4: loss = 0.0017819376662373543
Epoch 5: loss = 0.0017819376662373543
Early stopping at epoch 5 with loss 0.0017819376662373543
Simulation for steps_size=1 and n_fluences=1 completed!
