Running simulation for n_modes=10 and n_fluences=20
Tensors initialization on device cuda
Multiprobe = band_lim
torch.Size([10, 64, 64])

('MSE', None) RECONSTRUCTIONS

Reconstruction for fluence = 0.09999999999999999 photons/pixel
Epoch 0: loss = 0.0002200474264100194
Epoch 1: loss = 0.0002200474264100194
Epoch 2: loss = 0.0002200474264100194
Epoch 3: loss = 0.0002200474264100194
Epoch 4: loss = 0.0002200474264100194
Epoch 5: loss = 0.0002200474264100194
Early stopping at epoch 5 with loss 0.0002200474264100194
Reconstruction for fluence = 0.23357214690901223 photons/pixel
Epoch 0: loss = 0.0005118405679240823
Epoch 1: loss = 0.0005118405679240823
Epoch 2: loss = 0.0005118405679240823
Epoch 3: loss = 0.0005118405679240823
Epoch 4: loss = 0.0005118405679240823
Epoch 5: loss = 0.0005118405679240823
Early stopping at epoch 5 with loss 0.0005118405679240823
Reconstruction for fluence = 0.5455594781168519 photons/pixel
Epoch 0: loss = 0.0011968616163358092
Epoch 1: loss = 0.0011968616163358092
Epoch 2: loss = 0.0011968616163358092
Epoch 3: loss = 0.0011968616163358092
Epoch 4: loss = 0.0011968616163358092
Epoch 5: loss = 0.0011968616163358092
Early stopping at epoch 5 with loss 0.0011968616163358092
Reconstruction for fluence = 1.2742749857031335 photons/pixel
Epoch 0: loss = 0.002875916427001357
Epoch 1: loss = 0.002875916427001357
Epoch 2: loss = 0.002875916427001357
Epoch 3: loss = 0.002875916427001357
Epoch 4: loss = 0.002875916427001357
Epoch 5: loss = 0.002875916427001357
Early stopping at epoch 5 with loss 0.002875916427001357
Reconstruction for fluence = 2.976351441631318 photons/pixel
Epoch 0: loss = 0.006927831098437309
Epoch 1: loss = 0.006927781738340855
Epoch 2: loss = 0.0069277323782444
Epoch 3: loss = 0.00692768394947052
Epoch 4: loss = 0.006927634589374065
Epoch 5: loss = 0.006927585229277611
Early stopping at epoch 5 with loss 0.006927831098437309
Reconstruction for fluence = 6.9519279617756045 photons/pixel
Epoch 0: loss = 0.017566610127687454
Epoch 1: loss = 0.017565162852406502
Epoch 2: loss = 0.01756371557712555
Epoch 3: loss = 0.017562273889780045
Epoch 4: loss = 0.01756082847714424
Epoch 5: loss = 0.017559386789798737
Early stopping at epoch 5 with loss 0.017566610127687454
Reconstruction for fluence = 16.23776739188721 photons/pixel
Epoch 0: loss = 0.048480089753866196
Epoch 1: loss = 0.03574899584054947
Epoch 2: loss = 0.03574899584054947
Epoch 3: loss = 0.03574899584054947
Epoch 4: loss = 0.03574899584054947
Epoch 5: loss = 0.03574899584054947
Epoch 6: loss = 0.03574899584054947
Early stopping at epoch 6 with loss 0.03574899584054947
Reconstruction for fluence = 37.926901907322495 photons/pixel
Epoch 0: loss = 0.15270790457725525
Epoch 1: loss = 0.08321927487850189
Epoch 2: loss = 0.08321312814950943
Epoch 3: loss = 0.08321312814950943
Epoch 4: loss = 0.08321312814950943
Epoch 5: loss = 0.08321312814950943
Epoch 6: loss = 0.08321312814950943
Early stopping at epoch 6 with loss 0.08321927487850189
Reconstruction for fluence = 88.58667904100822 photons/pixel
Epoch 0: loss = 0.5728180408477783
Epoch 1: loss = 0.19422647356987
Epoch 2: loss = 0.19419321417808533
Epoch 3: loss = 0.19419296085834503
Epoch 4: loss = 0.19419296085834503
Epoch 5: loss = 0.19419296085834503
Epoch 6: loss = 0.19419296085834503
Early stopping at epoch 6 with loss 0.19422647356987
Reconstruction for fluence = 206.9138081114788 photons/pixel
Epoch 0: loss = 2.520306348800659
Epoch 1: loss = 0.4537031650543213
Epoch 2: loss = 0.4535674750804901
Epoch 3: loss = 0.45356422662734985
Epoch 4: loss = 0.4535641670227051
Epoch 5: loss = 0.4535641670227051
Epoch 6: loss = 0.4535641670227051
Epoch 7: loss = 0.4535641670227051
Early stopping at epoch 7 with loss 0.4535674750804901
Reconstruction for fluence = 483.2930238571752 photons/pixel
Epoch 0: loss = 12.33149528503418
Epoch 1: loss = 1.0608537197113037
Epoch 2: loss = 1.0603103637695312
Epoch 3: loss = 1.0602879524230957
Epoch 4: loss = 1.060286521911621
Epoch 5: loss = 1.060286283493042
Epoch 6: loss = 1.060286045074463
Epoch 7: loss = 1.060286045074463
Early stopping at epoch 7 with loss 1.0603103637695312
Reconstruction for fluence = 1128.8378916846884 photons/pixel
Epoch 0: loss = 63.93378448486328
Epoch 1: loss = 2.4780828952789307
Epoch 2: loss = 2.4757158756256104
Epoch 3: loss = 2.4755873680114746
Epoch 4: loss = 2.4755640029907227
Epoch 5: loss = 2.475562572479248
Epoch 6: loss = 2.47556209564209
Epoch 7: loss = 2.4755618572235107
Epoch 8: loss = 2.4755616188049316
Early stopping at epoch 8 with loss 2.4755873680114746
Reconstruction for fluence = 2636.6508987303555 photons/pixel
Epoch 0: loss = 341.03179931640625
Epoch 1: loss = 5.802621841430664
Epoch 2: loss = 5.7917799949646
Epoch 3: loss = 5.791101932525635
Epoch 4: loss = 5.790963172912598
Epoch 5: loss = 5.79094123840332
Epoch 6: loss = 5.7909393310546875
Epoch 7: loss = 5.7909393310546875
Epoch 8: loss = 5.790938377380371
Epoch 9: loss = 5.790938377380371
Early stopping at epoch 9 with loss 5.790963172912598
Reconstruction for fluence = 6158.482110660255 photons/pixel
Epoch 0: loss = 1842.14306640625
Epoch 1: loss = 13.56788444519043
Epoch 2: loss = 13.513957023620605
Epoch 3: loss = 13.510361671447754
Epoch 4: loss = 13.509565353393555
Epoch 5: loss = 13.509428024291992
Epoch 6: loss = 13.509416580200195
Epoch 7: loss = 13.50941276550293
Epoch 8: loss = 13.509407043457031
Epoch 9: loss = 13.509405136108398
Epoch 10: loss = 13.50940227508545
Early stopping at epoch 10 with loss 13.509428024291992
Reconstruction for fluence = 14384.498882876629 photons/pixel
Epoch 0: loss = 10007.8173828125
Epoch 1: loss = 31.885997772216797
Epoch 2: loss = 31.604421615600586
Epoch 3: loss = 31.585742950439453
Epoch 4: loss = 31.581253051757812
Epoch 5: loss = 31.58038902282715
Epoch 6: loss = 31.58024787902832
Epoch 7: loss = 31.580211639404297
Epoch 8: loss = 31.58020782470703
Epoch 9: loss = 31.580202102661133
Epoch 10: loss = 31.580184936523438
Epoch 11: loss = 31.580183029174805
Early stopping at epoch 11 with loss 31.58024787902832
Reconstruction for fluence = 33598.18286283781 photons/pixel
Epoch 0: loss = 54505.43359375
Epoch 1: loss = 75.25972747802734
Epoch 2: loss = 73.75003051757812
Epoch 3: loss = 73.65423583984375
Epoch 4: loss = 73.62445068359375
Epoch 5: loss = 73.61939239501953
Epoch 6: loss = 73.6185302734375
Epoch 7: loss = 73.6185073852539
Epoch 8: loss = 73.61842346191406
Epoch 9: loss = 73.61836242675781
Epoch 10: loss = 73.61827087402344
Epoch 11: loss = 73.61815643310547
Epoch 12: loss = 73.61811065673828
Epoch 13: loss = 73.61808776855469
Epoch 14: loss = 73.61807250976562
Epoch 15: loss = 73.61807250976562
Epoch 16: loss = 73.61804962158203
Epoch 17: loss = 73.6180419921875
Epoch 18: loss = 73.61802673339844
Epoch 19: loss = 73.6180191040039
Epoch 20: loss = 73.61801147460938
Epoch 21: loss = 73.61801147460938
Early stopping at epoch 21 with loss 73.61804962158203
Reconstruction for fluence = 78475.99703514607 photons/pixel
Epoch 0: loss = 297084.125
Epoch 1: loss = 180.47613525390625
Epoch 2: loss = 172.3203582763672
Epoch 3: loss = 171.7574005126953
Epoch 4: loss = 171.63201904296875
Epoch 5: loss = 171.605224609375
Epoch 6: loss = 171.5998077392578
Epoch 7: loss = 171.59803771972656
Epoch 8: loss = 171.59715270996094
Epoch 9: loss = 171.5966796875
Epoch 10: loss = 171.59661865234375
Epoch 11: loss = 171.59658813476562
Epoch 12: loss = 171.5965576171875
Epoch 13: loss = 171.59652709960938
Epoch 14: loss = 171.59652709960938
Epoch 15: loss = 171.59649658203125
Epoch 16: loss = 171.59649658203125
Epoch 17: loss = 171.59649658203125
Early stopping at epoch 17 with loss 171.5965576171875
Reconstruction for fluence = 183298.07108324335 photons/pixel
Epoch 0: loss = 1620243.5
Epoch 1: loss = 448.4031982421875
Epoch 2: loss = 404.02642822265625
Epoch 3: loss = 401.07550048828125
Epoch 4: loss = 400.30859375
Epoch 5: loss = 400.16595458984375
Epoch 6: loss = 400.14208984375
Epoch 7: loss = 400.1341857910156
Epoch 8: loss = 400.13006591796875
Epoch 9: loss = 400.12811279296875
Epoch 10: loss = 400.12744140625
Epoch 11: loss = 400.12725830078125
Epoch 12: loss = 400.1270751953125
Epoch 13: loss = 400.1270751953125
Epoch 14: loss = 400.12701416015625
Epoch 15: loss = 400.12701416015625
Epoch 16: loss = 400.126953125
Epoch 17: loss = 400.126953125
Epoch 18: loss = 400.126953125
Epoch 19: loss = 400.12689208984375
Epoch 20: loss = 400.12689208984375
Epoch 21: loss = 400.12689208984375
Early stopping at epoch 21 with loss 400.126953125
Reconstruction for fluence = 428133.2398719387 photons/pixel
Epoch 0: loss = 8839096.0
Epoch 1: loss = 1201.65087890625
Epoch 2: loss = 960.0499267578125
Epoch 3: loss = 943.8285522460938
Epoch 4: loss = 939.931884765625
Epoch 5: loss = 939.2298583984375
Epoch 6: loss = 939.0924072265625
Epoch 7: loss = 939.05419921875
Epoch 8: loss = 939.0306396484375
Epoch 9: loss = 939.020751953125
Epoch 10: loss = 939.0186767578125
Epoch 11: loss = 939.0164794921875
Epoch 12: loss = 939.0162353515625
Epoch 13: loss = 939.0158081054688
Epoch 14: loss = 939.0155029296875
Epoch 15: loss = 939.0155029296875
Epoch 16: loss = 939.015380859375
Epoch 17: loss = 939.0152587890625
Epoch 18: loss = 939.01513671875
Epoch 19: loss = 939.01513671875
Epoch 20: loss = 939.014892578125
Epoch 21: loss = 939.014892578125
Epoch 22: loss = 939.014892578125
Epoch 23: loss = 939.0147705078125
Epoch 24: loss = 939.0146484375
Epoch 25: loss = 939.0146484375
Epoch 26: loss = 939.0145263671875
Epoch 27: loss = 939.0145263671875
Epoch 28: loss = 939.0145263671875
Epoch 29: loss = 939.0145263671875
Early stopping at epoch 29 with loss 939.0146484375
Reconstruction for fluence = 1000000.0 photons/pixel
Epoch 0: loss = 48219128.0
Epoch 1: loss = 3623.051025390625
Epoch 2: loss = 2308.88232421875
Epoch 3: loss = 2224.16943359375
Epoch 4: loss = 2199.122314453125
Epoch 5: loss = 2194.85595703125
Epoch 6: loss = 2194.047607421875
Epoch 7: loss = 2193.771484375
Epoch 8: loss = 2193.76123046875
Epoch 9: loss = 2193.6171875
Epoch 10: loss = 2193.5498046875
Epoch 11: loss = 2193.52392578125
Epoch 12: loss = 2193.515380859375
Epoch 13: loss = 2193.51513671875
Epoch 14: loss = 2193.514404296875
Epoch 15: loss = 2193.513671875
Epoch 16: loss = 2193.512939453125
Epoch 17: loss = 2193.51220703125
Epoch 18: loss = 2193.51171875
Epoch 19: loss = 2193.51123046875
Epoch 20: loss = 2193.51123046875
Epoch 21: loss = 2193.510498046875
Epoch 22: loss = 2193.510498046875
Epoch 23: loss = 2193.51025390625
Epoch 24: loss = 2193.51025390625
Epoch 25: loss = 2193.509765625
Epoch 26: loss = 2193.509765625
Epoch 27: loss = 2193.509521484375
Epoch 28: loss = 2193.50927734375
Epoch 29: loss = 2193.5087890625
Epoch 30: loss = 2193.5087890625
Epoch 31: loss = 2193.5087890625
Epoch 32: loss = 2193.508544921875
Epoch 33: loss = 2193.50830078125
Epoch 34: loss = 2193.50830078125
Epoch 35: loss = 2193.5078125
Epoch 36: loss = 2193.5078125
Epoch 37: loss = 2193.5078125
Epoch 38: loss = 2193.5078125
Epoch 39: loss = 2193.507568359375
Epoch 40: loss = 2193.50732421875
Epoch 41: loss = 2193.50732421875
Epoch 42: loss = 2193.50732421875
Epoch 43: loss = 2193.50732421875
Epoch 44: loss = 2193.50732421875
Epoch 45: loss = 2193.507080078125
Epoch 46: loss = 2193.507080078125
Epoch 47: loss = 2193.507080078125
Epoch 48: loss = 2193.507080078125
Epoch 49: loss = 2193.5068359375
Epoch 50: loss = 2193.5068359375
Epoch 51: loss = 2193.5068359375
Epoch 52: loss = 2193.50634765625
Epoch 53: loss = 2193.50634765625
Epoch 54: loss = 2193.50634765625
Epoch 55: loss = 2193.50634765625
Epoch 56: loss = 2193.50634765625
Epoch 57: loss = 2193.50634765625
Early stopping at epoch 57 with loss 2193.50634765625
Tensors initialization on device cuda
Multiprobe = band_lim
torch.Size([10, 64, 64])

('MSE', 'PoissonNLL') RECONSTRUCTIONS

Reconstruction for fluence = 0.09999999999999999 photons/pixel
Epoch 0: loss = 0.0002259457833133638
Epoch 1: loss = 0.0002259457833133638
Epoch 2: loss = 0.0002259457833133638
Epoch 3: loss = 0.0002259457833133638
Epoch 4: loss = 0.0002259457833133638
Epoch 5: loss = 0.0002259457833133638
Early stopping at epoch 5 with loss 0.0002259457833133638
Epoch 0: loss = 0.001812746748328209
Epoch 1: loss = 0.001812746748328209
Epoch 2: loss = 0.001812746748328209
Epoch 3: loss = 0.001812746748328209
Epoch 4: loss = 0.001812746748328209
Epoch 5: loss = 0.001812746748328209
Early stopping at epoch 5 with loss 0.001812746748328209
Reconstruction for fluence = 0.23357214690901223 photons/pixel
Epoch 0: loss = 0.0005186263006180525
Epoch 1: loss = 0.0005186263006180525
Epoch 2: loss = 0.0005186263006180525
Epoch 3: loss = 0.0005186263006180525
Epoch 4: loss = 0.0005186263006180525
Epoch 5: loss = 0.0005186263006180525
Early stopping at epoch 5 with loss 0.0005186263006180525
Epoch 0: loss = 0.0037408664356917143
Epoch 1: loss = 0.0037408664356917143
Epoch 2: loss = 0.0037408664356917143
Epoch 3: loss = 0.0037408664356917143
Epoch 4: loss = 0.0037408664356917143
Epoch 5: loss = 0.0037408664356917143
Early stopping at epoch 5 with loss 0.0037408664356917143
Reconstruction for fluence = 0.5455594781168519 photons/pixel
Epoch 0: loss = 0.0012026384938508272
Epoch 1: loss = 0.0012026384938508272
Epoch 2: loss = 0.0012026384938508272
Epoch 3: loss = 0.0012026384938508272
Epoch 4: loss = 0.0012026384938508272
Epoch 5: loss = 0.0012026384938508272
Early stopping at epoch 5 with loss 0.0012026384938508272
Epoch 0: loss = 0.007730130571871996
Epoch 1: loss = 0.00773012638092041
Epoch 2: loss = 0.007730119861662388
Epoch 3: loss = 0.007730090990662575
Epoch 4: loss = 0.007730083540081978
Epoch 5: loss = 0.007730067241936922
Early stopping at epoch 5 with loss 0.007730130571871996
Reconstruction for fluence = 1.2742749857031335 photons/pixel
Epoch 0: loss = 0.0028773858211934566
Epoch 1: loss = 0.0028773858211934566
Epoch 2: loss = 0.0028773858211934566
Epoch 3: loss = 0.0028773858211934566
Epoch 4: loss = 0.0028773858211934566
Epoch 5: loss = 0.0028773858211934566
Early stopping at epoch 5 with loss 0.0028773858211934566
Epoch 0: loss = 0.015860160812735558
Epoch 1: loss = 0.01585998758673668
Epoch 2: loss = 0.015859726816415787
Epoch 3: loss = 0.015853218734264374
Epoch 4: loss = 0.01579146832227707
Epoch 5: loss = 0.01374033186584711
Epoch 6: loss = 0.01374033186584711
Epoch 7: loss = 0.01374033186584711
Epoch 8: loss = 0.01374033186584711
Epoch 9: loss = 0.01374033186584711
Epoch 10: loss = 0.01374033186584711
Early stopping at epoch 10 with loss 0.01374033186584711
Reconstruction for fluence = 2.976351441631318 photons/pixel
Epoch 0: loss = 0.006961205508559942
Epoch 1: loss = 0.0069611556828022
Epoch 2: loss = 0.006961105857044458
Epoch 3: loss = 0.0069610560312867165
Epoch 4: loss = 0.006961005739867687
Epoch 5: loss = 0.006960956379771233
Early stopping at epoch 5 with loss 0.006961205508559942
Epoch 0: loss = 0.03174249827861786
Epoch 1: loss = 0.028089553117752075
Epoch 2: loss = 0.02657674252986908
Epoch 3: loss = 0.02657674252986908
Epoch 4: loss = 0.02657674252986908
Epoch 5: loss = 0.02657674252986908
Epoch 6: loss = 0.02657674252986908
Epoch 7: loss = 0.02657674252986908
Early stopping at epoch 7 with loss 0.02657674252986908
Reconstruction for fluence = 6.9519279617756045 photons/pixel
Epoch 0: loss = 0.01770290732383728
Epoch 1: loss = 0.01770143397152424
Epoch 2: loss = 0.017699962481856346
Epoch 3: loss = 0.017698492854833603
Epoch 4: loss = 0.01769702509045601
Epoch 5: loss = 0.017695557326078415
Early stopping at epoch 5 with loss 0.01770290732383728
Epoch 0: loss = 0.06183556094765663
Epoch 1: loss = 0.04941507801413536
Epoch 2: loss = 0.04941098392009735
Epoch 3: loss = 0.04941098392009735
Epoch 4: loss = 0.04941098392009735
Epoch 5: loss = 0.04941098392009735
Epoch 6: loss = 0.04941098392009735
Early stopping at epoch 6 with loss 0.04941507801413536
Reconstruction for fluence = 16.23776739188721 photons/pixel
Epoch 0: loss = 0.048576124012470245
Epoch 1: loss = 0.0356319323182106
Epoch 2: loss = 0.0356319323182106
Epoch 3: loss = 0.0356319323182106
Epoch 4: loss = 0.0356319323182106
Epoch 5: loss = 0.0356319323182106
Epoch 6: loss = 0.0356319323182106
Early stopping at epoch 6 with loss 0.0356319323182106
Epoch 0: loss = 0.08563549816608429
Epoch 1: loss = 0.08563460409641266
Epoch 2: loss = 0.08563372492790222
Epoch 3: loss = 0.08563284575939178
Epoch 4: loss = 0.08563198149204254
Epoch 5: loss = 0.0856311246752739
Early stopping at epoch 5 with loss 0.08563549816608429
Reconstruction for fluence = 37.926901907322495 photons/pixel
Epoch 0: loss = 0.15374860167503357
Epoch 1: loss = 0.08311434835195541
Epoch 2: loss = 0.0831088125705719
Epoch 3: loss = 0.0831088125705719
Epoch 4: loss = 0.0831088125705719
Epoch 5: loss = 0.0831088125705719
Epoch 6: loss = 0.0831088125705719
Early stopping at epoch 6 with loss 0.08311434835195541
Epoch 0: loss = 0.1288880705833435
Epoch 1: loss = 0.128884419798851
Epoch 2: loss = 0.1288808286190033
Epoch 3: loss = 0.12887728214263916
Epoch 4: loss = 0.1288737654685974
Epoch 5: loss = 0.12887030839920044
Early stopping at epoch 5 with loss 0.1288880705833435
Reconstruction for fluence = 88.58667904100822 photons/pixel
Epoch 0: loss = 0.5793200135231018
Epoch 1: loss = 0.1945372074842453
Epoch 2: loss = 0.19450733065605164
Epoch 3: loss = 0.19450710713863373
Epoch 4: loss = 0.19450710713863373
Epoch 5: loss = 0.19450710713863373
Epoch 6: loss = 0.19450710713863373
Early stopping at epoch 6 with loss 0.1945372074842453
Epoch 0: loss = 0.13456754386425018
Epoch 1: loss = 0.13321688771247864
Epoch 2: loss = 0.13321653008460999
Epoch 3: loss = 0.13321653008460999
Epoch 4: loss = 0.13321653008460999
Epoch 5: loss = 0.13321653008460999
Epoch 6: loss = 0.13321653008460999
Early stopping at epoch 6 with loss 0.13321688771247864
Reconstruction for fluence = 206.9138081114788 photons/pixel
Epoch 0: loss = 2.555229902267456
Epoch 1: loss = 0.45434457063674927
Epoch 2: loss = 0.4542170763015747
Epoch 3: loss = 0.4542137384414673
Epoch 4: loss = 0.4542136788368225
Epoch 5: loss = 0.45421355962753296
Epoch 6: loss = 0.45421355962753296
Epoch 7: loss = 0.45421355962753296
Early stopping at epoch 7 with loss 0.4542170763015747
Epoch 0: loss = -0.07253876328468323
Epoch 1: loss = -0.07405797392129898
Epoch 2: loss = -0.07405819743871689
Epoch 3: loss = -0.07405819743871689
Epoch 4: loss = -0.07405819743871689
Epoch 5: loss = -0.07405819743871689
Epoch 6: loss = -0.07405819743871689
Early stopping at epoch 6 with loss -0.07405797392129898
Reconstruction for fluence = 483.2930238571752 photons/pixel
Epoch 0: loss = 12.512516975402832
Epoch 1: loss = 1.060344934463501
Epoch 2: loss = 1.0598249435424805
Epoch 3: loss = 1.0597991943359375
Epoch 4: loss = 1.0597978830337524
Epoch 5: loss = 1.0597975254058838
Epoch 6: loss = 1.0597972869873047
Epoch 7: loss = 1.0597972869873047
Early stopping at epoch 7 with loss 1.0598249435424805
Epoch 0: loss = -1.0729076862335205
Epoch 1: loss = -1.07460618019104
Epoch 2: loss = -1.07460618019104
Epoch 3: loss = -1.0746062994003296
Epoch 4: loss = -1.0746062994003296
Epoch 5: loss = -1.0746062994003296
Epoch 6: loss = -1.07460618019104
Early stopping at epoch 6 with loss -1.07460618019104
Reconstruction for fluence = 1128.8378916846884 photons/pixel
Epoch 0: loss = 64.92765045166016
Epoch 1: loss = 2.479280948638916
Epoch 2: loss = 2.477100372314453
Epoch 3: loss = 2.4769630432128906
Epoch 4: loss = 2.4769487380981445
Epoch 5: loss = 2.4769463539123535
Epoch 6: loss = 2.4769444465637207
Epoch 7: loss = 2.4769439697265625
Epoch 8: loss = 2.4769434928894043
Early stopping at epoch 8 with loss 2.4769630432128906
Epoch 0: loss = -4.612833023071289
Epoch 1: loss = -4.614749908447266
Epoch 2: loss = -4.614749908447266
Epoch 3: loss = -4.614749908447266
Epoch 4: loss = -4.614749908447266
Epoch 5: loss = -4.614749908447266
Epoch 6: loss = -4.614749908447266
Early stopping at epoch 6 with loss -4.614749908447266
Reconstruction for fluence = 2636.6508987303555 photons/pixel
Epoch 0: loss = 346.5246887207031
Epoch 1: loss = 5.794495582580566
Epoch 2: loss = 5.783897399902344
Epoch 3: loss = 5.783238410949707
Epoch 4: loss = 5.783115386962891
Epoch 5: loss = 5.783092498779297
Epoch 6: loss = 5.783089637756348
Epoch 7: loss = 5.783086776733398
Epoch 8: loss = 5.783085823059082
Epoch 9: loss = 5.783085823059082
Early stopping at epoch 9 with loss 5.783115386962891
Epoch 0: loss = -15.688919067382812
Epoch 1: loss = -15.690845489501953
Epoch 2: loss = -15.690845489501953
Epoch 3: loss = -15.690845489501953
Epoch 4: loss = -15.690847396850586
Epoch 5: loss = -15.690847396850586
Epoch 6: loss = -15.690845489501953
Early stopping at epoch 6 with loss -15.690845489501953
Reconstruction for fluence = 6158.482110660255 photons/pixel
Epoch 0: loss = 1873.031982421875
Epoch 1: loss = 13.592529296875
Epoch 2: loss = 13.539998054504395
Epoch 3: loss = 13.536458015441895
Epoch 4: loss = 13.535723686218262
Epoch 5: loss = 13.535558700561523
Epoch 6: loss = 13.535531997680664
Epoch 7: loss = 13.535531997680664
Epoch 8: loss = 13.535530090332031
Epoch 9: loss = 13.535528182983398
Epoch 10: loss = 13.535526275634766
Early stopping at epoch 10 with loss 13.535558700561523
Epoch 0: loss = -48.121185302734375
Epoch 1: loss = -48.123146057128906
Epoch 2: loss = -48.12315368652344
Epoch 3: loss = -48.12315368652344
Epoch 4: loss = -48.12315368652344
Epoch 5: loss = -48.12314987182617
Epoch 6: loss = -48.12315368652344
Early stopping at epoch 6 with loss -48.123146057128906
Reconstruction for fluence = 14384.498882876629 photons/pixel
Epoch 0: loss = 10173.64453125
Epoch 1: loss = 31.82708740234375
Epoch 2: loss = 31.55679702758789
Epoch 3: loss = 31.538253784179688
Epoch 4: loss = 31.533527374267578
Epoch 5: loss = 31.532424926757812
Epoch 6: loss = 31.53226089477539
Epoch 7: loss = 31.532243728637695
Epoch 8: loss = 31.532230377197266
Epoch 9: loss = 31.53221893310547
Epoch 10: loss = 31.532211303710938
Epoch 11: loss = 31.532196044921875
Early stopping at epoch 11 with loss 31.53226089477539
Epoch 0: loss = -139.23098754882812
Epoch 1: loss = -139.23272705078125
Epoch 2: loss = -139.23272705078125
Epoch 3: loss = -139.23272705078125
Epoch 4: loss = -139.23272705078125
Epoch 5: loss = -139.23272705078125
Epoch 6: loss = -139.23272705078125
Early stopping at epoch 6 with loss -139.23272705078125
Reconstruction for fluence = 33598.18286283781 photons/pixel
Epoch 0: loss = 55412.1484375
Epoch 1: loss = 75.21560668945312
Epoch 2: loss = 73.76812744140625
Epoch 3: loss = 73.670166015625
Epoch 4: loss = 73.64414978027344
Epoch 5: loss = 73.63841247558594
Epoch 6: loss = 73.63739013671875
Epoch 7: loss = 73.63723754882812
Epoch 8: loss = 73.63713073730469
Epoch 9: loss = 73.63711547851562
Epoch 10: loss = 73.63706970214844
Epoch 11: loss = 73.63703918457031
Epoch 12: loss = 73.636962890625
Epoch 13: loss = 73.6369400024414
Epoch 14: loss = 73.63691711425781
Epoch 0: loss = -387.79962158203125
Epoch 1: loss = -387.80145263671875
Epoch 2: loss = -387.80145263671875
Epoch 3: loss = -387.80145263671875
Epoch 4: loss = -387.80145263671875
Epoch 5: loss = -387.80145263671875
Epoch 6: loss = -387.80145263671875
Early stopping at epoch 6 with loss -387.80145263671875
Reconstruction for fluence = 78475.99703514607 photons/pixel
Epoch 0: loss = 302026.6875
Epoch 1: loss = 179.83775329589844
Epoch 2: loss = 171.9961395263672
Epoch 3: loss = 171.47096252441406
Epoch 4: loss = 171.32928466796875
Epoch 5: loss = 171.29373168945312
Epoch 6: loss = 171.28712463378906
Epoch 7: loss = 171.28564453125
Epoch 8: loss = 171.28518676757812
Epoch 9: loss = 171.28506469726562
Epoch 10: loss = 171.28453063964844
Epoch 11: loss = 171.28448486328125
Epoch 12: loss = 171.28440856933594
Epoch 13: loss = 171.28436279296875
Epoch 14: loss = 171.2843017578125
Epoch 0: loss = -1052.1724853515625
Epoch 1: loss = -1052.1741943359375
Epoch 2: loss = -1052.17431640625
Epoch 3: loss = -1052.17431640625
Epoch 4: loss = -1052.17431640625
Epoch 5: loss = -1052.17431640625
Epoch 6: loss = -1052.17431640625
Early stopping at epoch 6 with loss -1052.1741943359375
Reconstruction for fluence = 183298.07108324335 photons/pixel
Epoch 0: loss = 1647249.25
Epoch 1: loss = 446.252685546875
Epoch 2: loss = 403.679443359375
Epoch 3: loss = 400.8306579589844
Epoch 4: loss = 400.0338439941406
Epoch 5: loss = 399.8531494140625
Epoch 6: loss = 399.821044921875
Epoch 7: loss = 399.81268310546875
Epoch 8: loss = 399.8069152832031
Epoch 9: loss = 399.80401611328125
Epoch 10: loss = 399.8033447265625
Epoch 11: loss = 399.802734375
Epoch 12: loss = 399.80230712890625
Epoch 13: loss = 399.80218505859375
Epoch 14: loss = 399.8021545410156
Epoch 0: loss = -2799.24169921875
Epoch 1: loss = -2799.24169921875
Epoch 2: loss = -2799.2431640625
Epoch 3: loss = -2799.2431640625
Epoch 4: loss = -2799.2431640625
Epoch 5: loss = -2799.2431640625
Epoch 6: loss = -2799.2431640625
Epoch 7: loss = -2799.2431640625
Early stopping at epoch 7 with loss -2799.2431640625
Reconstruction for fluence = 428133.2398719387 photons/pixel
Epoch 0: loss = 8986058.0
Epoch 1: loss = 1191.2777099609375
Epoch 2: loss = 959.6966552734375
Epoch 3: loss = 943.956298828125
Epoch 4: loss = 939.7581787109375
Epoch 5: loss = 938.7117919921875
Epoch 6: loss = 938.5279541015625
Epoch 7: loss = 938.4830322265625
Epoch 8: loss = 938.456787109375
Epoch 9: loss = 938.444580078125
Epoch 10: loss = 938.4393920898438
Epoch 11: loss = 938.4384765625
Epoch 12: loss = 938.4381103515625
Epoch 13: loss = 938.4378662109375
Epoch 14: loss = 938.437744140625
Epoch 0: loss = -7335.9658203125
Epoch 1: loss = -7335.9658203125
Epoch 2: loss = -7335.96728515625
Epoch 3: loss = -7335.96728515625
Epoch 4: loss = -7335.96728515625
Epoch 5: loss = -7335.96728515625
Epoch 6: loss = -7335.96728515625
Epoch 7: loss = -7335.96728515625
Early stopping at epoch 7 with loss -7335.96728515625
Reconstruction for fluence = 1000000.0 photons/pixel
Epoch 0: loss = 49022664.0
Epoch 1: loss = 3569.99853515625
Epoch 2: loss = 2306.57470703125
Epoch 3: loss = 2221.0302734375
Epoch 4: loss = 2198.007568359375
Epoch 5: loss = 2192.361328125
Epoch 6: loss = 2191.2919921875
Epoch 7: loss = 2191.01611328125
Epoch 8: loss = 2190.86669921875
Epoch 9: loss = 2190.794677734375
Epoch 10: loss = 2190.76806640625
Epoch 11: loss = 2190.75927734375
Epoch 12: loss = 2190.75732421875
Epoch 13: loss = 2190.75634765625
Epoch 14: loss = 2190.755859375
Epoch 0: loss = -18998.5390625
Epoch 1: loss = -18998.5390625
Epoch 2: loss = -18998.5390625
Epoch 3: loss = -18998.5390625
Epoch 4: loss = -18998.5390625
Epoch 5: loss = -18998.5390625
Early stopping at epoch 5 with loss -18998.5390625
Simulation for n_modes=10 and n_fluences=20 completed!
