Running simulation for steps_size=17 and n_fluences=20
Steps size: 17
Tensors initialization on device cuda
Multiprobe = band_lim
torch.Size([1, 64, 64])

('MSE', None) RECONSTRUCTIONS

Reconstruction for fluence = 0.09999999999999999 photons/pixel
Epoch 0: loss = 0.11601022630929947
Epoch 1: loss = 0.03753464296460152
Epoch 2: loss = 0.03637019917368889
Epoch 3: loss = 0.03623655438423157
Epoch 4: loss = 0.03620745986700058
Epoch 5: loss = 0.03619777783751488
Epoch 6: loss = 0.03619430214166641
Epoch 7: loss = 0.03619353845715523
Epoch 8: loss = 0.03619353845715523
Early stopping at epoch 8 with loss 0.03623655438423157
Reconstruction for fluence = 0.23357214690901223 photons/pixel
Epoch 0: loss = 0.4519103169441223
Epoch 1: loss = 0.08424195647239685
Epoch 2: loss = 0.08100269734859467
Epoch 3: loss = 0.08066348731517792
Epoch 4: loss = 0.08061972260475159
Epoch 5: loss = 0.08061321079730988
Epoch 6: loss = 0.08061161637306213
Epoch 7: loss = 0.0806097462773323
Epoch 8: loss = 0.08060874789953232
Early stopping at epoch 8 with loss 0.08066348731517792
Reconstruction for fluence = 0.5455594781168519 photons/pixel
Epoch 0: loss = 2.065122127532959
Epoch 1: loss = 0.19408485293388367
Epoch 2: loss = 0.18319743871688843
Epoch 3: loss = 0.1819760650396347
Epoch 4: loss = 0.1817341148853302
Epoch 5: loss = 0.1817043125629425
Epoch 6: loss = 0.18169984221458435
Epoch 7: loss = 0.18169935047626495
Epoch 8: loss = 0.18169918656349182
Epoch 9: loss = 0.18169915676116943
Early stopping at epoch 9 with loss 0.1817341148853302
Reconstruction for fluence = 1.2742749857031335 photons/pixel
Epoch 0: loss = 10.33831787109375
Epoch 1: loss = 0.4484468102455139
Epoch 2: loss = 0.4141782820224762
Epoch 3: loss = 0.40989142656326294
Epoch 4: loss = 0.4092578887939453
Epoch 5: loss = 0.4091576635837555
Epoch 6: loss = 0.4091421365737915
Epoch 7: loss = 0.4091380834579468
Epoch 8: loss = 0.409137487411499
Epoch 9: loss = 0.40913742780685425
Epoch 10: loss = 0.40913742780685425
Early stopping at epoch 10 with loss 0.4091576635837555
Reconstruction for fluence = 2.976351441631318 photons/pixel
Epoch 0: loss = 54.1182975769043
Epoch 1: loss = 1.0213569402694702
Epoch 2: loss = 0.9146807193756104
Epoch 3: loss = 0.9001238942146301
Epoch 4: loss = 0.8971757888793945
Epoch 5: loss = 0.8965998888015747
Epoch 6: loss = 0.8964766263961792
Epoch 7: loss = 0.8964439630508423
Epoch 8: loss = 0.8964357376098633
Epoch 9: loss = 0.8964335918426514
Epoch 10: loss = 0.8964333534240723
Epoch 11: loss = 0.8964333534240723
Early stopping at epoch 11 with loss 0.8964766263961792
Reconstruction for fluence = 6.9519279617756045 photons/pixel
Epoch 0: loss = 290.13299560546875
Epoch 1: loss = 2.6450276374816895
Epoch 2: loss = 2.28193998336792
Epoch 3: loss = 2.222818374633789
Epoch 4: loss = 2.2081637382507324
Epoch 5: loss = 2.204725503921509
Epoch 6: loss = 2.204044818878174
Epoch 7: loss = 2.203850030899048
Epoch 8: loss = 2.203782558441162
Epoch 9: loss = 2.2037596702575684
Epoch 10: loss = 2.20375394821167
Epoch 11: loss = 2.2037534713745117
Epoch 12: loss = 2.2037529945373535
Early stopping at epoch 12 with loss 2.203850030899048
Reconstruction for fluence = 16.23776739188721 photons/pixel
Epoch 0: loss = 1571.93505859375
Epoch 1: loss = 6.319725036621094
Epoch 2: loss = 5.107341289520264
Epoch 3: loss = 4.926828384399414
Epoch 4: loss = 4.882591247558594
Epoch 5: loss = 4.869705677032471
Epoch 6: loss = 4.865988731384277
Epoch 7: loss = 4.8645219802856445
Epoch 8: loss = 4.864041328430176
Epoch 9: loss = 4.863854885101318
Epoch 10: loss = 4.86378288269043
Epoch 11: loss = 4.863753318786621
Epoch 12: loss = 4.863751411437988
Epoch 13: loss = 4.863739967346191
Epoch 14: loss = 4.863736152648926
Epoch 15: loss = 4.863736152648926
Epoch 16: loss = 4.863734245300293
Early stopping at epoch 16 with loss 4.863753318786621
Reconstruction for fluence = 37.926901907322495 photons/pixel
Epoch 0: loss = 8560.1796875
Epoch 1: loss = 16.692642211914062
Epoch 2: loss = 11.732025146484375
Epoch 3: loss = 11.096590042114258
Epoch 4: loss = 10.928824424743652
Epoch 5: loss = 10.873041152954102
Epoch 6: loss = 10.854738235473633
Epoch 7: loss = 10.847576141357422
Epoch 8: loss = 10.844085693359375
Epoch 9: loss = 10.842461585998535
Epoch 10: loss = 10.841706275939941
Epoch 11: loss = 10.841339111328125
Epoch 12: loss = 10.841182708740234
Epoch 13: loss = 10.841146469116211
Epoch 14: loss = 10.841079711914062
Epoch 15: loss = 10.841043472290039
Epoch 16: loss = 10.841029167175293
Epoch 17: loss = 10.841024398803711
Epoch 18: loss = 10.841022491455078
Epoch 19: loss = 10.841020584106445
Early stopping at epoch 19 with loss 10.841079711914062
Reconstruction for fluence = 88.58667904100822 photons/pixel
Epoch 0: loss = 46584.3125
Epoch 1: loss = 49.197357177734375
Epoch 2: loss = 27.711944580078125
Epoch 3: loss = 25.492584228515625
Epoch 4: loss = 24.98373031616211
Epoch 5: loss = 24.807174682617188
Epoch 6: loss = 24.740934371948242
Epoch 7: loss = 24.711505889892578
Epoch 8: loss = 24.695253372192383
Epoch 9: loss = 24.686447143554688
Epoch 10: loss = 24.682292938232422
Epoch 11: loss = 24.680252075195312
Epoch 12: loss = 24.67919158935547
Epoch 13: loss = 24.678619384765625
Epoch 14: loss = 24.678319931030273
Epoch 15: loss = 24.678150177001953
Epoch 16: loss = 24.67814064025879
Epoch 17: loss = 24.678096771240234
Epoch 18: loss = 24.67803955078125
Epoch 19: loss = 24.678028106689453
Epoch 20: loss = 24.678028106689453
Epoch 21: loss = 24.67800521850586
Epoch 22: loss = 24.67800521850586
Epoch 23: loss = 24.677997589111328
Early stopping at epoch 23 with loss 24.67803955078125
Reconstruction for fluence = 206.9138081114788 photons/pixel
Epoch 0: loss = 254026.078125
Epoch 1: loss = 187.99929809570312
Epoch 2: loss = 72.82453918457031
Epoch 3: loss = 62.05359649658203
Epoch 4: loss = 59.574676513671875
Epoch 5: loss = 58.74821853637695
Epoch 6: loss = 58.45248031616211
Epoch 7: loss = 58.29521179199219
Epoch 8: loss = 58.21380615234375
Epoch 9: loss = 58.17158889770508
Epoch 10: loss = 58.14905548095703
Epoch 11: loss = 58.13666534423828
Epoch 12: loss = 58.13029479980469
Epoch 13: loss = 58.126041412353516
Epoch 14: loss = 58.12342071533203
Epoch 15: loss = 58.121673583984375
Epoch 16: loss = 58.12071228027344
Epoch 17: loss = 58.12017059326172
Epoch 18: loss = 58.12010955810547
Epoch 19: loss = 58.11966323852539
Epoch 20: loss = 58.11936569213867
Epoch 21: loss = 58.11930465698242
Epoch 22: loss = 58.119285583496094
Epoch 23: loss = 58.119239807128906
Epoch 24: loss = 58.119163513183594
Epoch 25: loss = 58.11912155151367
Epoch 26: loss = 58.119041442871094
Epoch 27: loss = 58.11903381347656
Epoch 28: loss = 58.118980407714844
Epoch 29: loss = 58.11897277832031
Epoch 30: loss = 58.118919372558594
Epoch 31: loss = 58.11890411376953
Epoch 32: loss = 58.11890411376953
Epoch 33: loss = 58.11888122558594
Early stopping at epoch 33 with loss 58.118980407714844
Reconstruction for fluence = 483.2930238571752 photons/pixel
Epoch 0: loss = 1385396.0
Epoch 1: loss = 813.328369140625
Epoch 2: loss = 202.75970458984375
Epoch 3: loss = 146.60391235351562
Epoch 4: loss = 135.3953094482422
Epoch 5: loss = 132.19915771484375
Epoch 6: loss = 131.07135009765625
Epoch 7: loss = 130.5401611328125
Epoch 8: loss = 130.2643280029297
Epoch 9: loss = 130.1001739501953
Epoch 10: loss = 130.00477600097656
Epoch 11: loss = 129.95587158203125
Epoch 12: loss = 129.92630004882812
Epoch 13: loss = 129.90663146972656
Epoch 14: loss = 129.89443969726562
Epoch 15: loss = 129.88624572753906
Epoch 16: loss = 129.88160705566406
Epoch 17: loss = 129.87875366210938
Epoch 18: loss = 129.87664794921875
Epoch 19: loss = 129.87535095214844
Epoch 20: loss = 129.87513732910156
Epoch 21: loss = 129.87478637695312
Epoch 22: loss = 129.8741455078125
Epoch 23: loss = 129.87393188476562
Epoch 24: loss = 129.873779296875
Epoch 25: loss = 129.873779296875
Epoch 26: loss = 129.87368774414062
Epoch 27: loss = 129.87368774414062
Epoch 28: loss = 129.87353515625
Epoch 29: loss = 129.87335205078125
Epoch 30: loss = 129.8733367919922
Epoch 31: loss = 129.87326049804688
Epoch 32: loss = 129.87326049804688
Epoch 33: loss = 129.87322998046875
Epoch 34: loss = 129.8729705810547
Epoch 35: loss = 129.87290954589844
Epoch 36: loss = 129.87290954589844
Epoch 37: loss = 129.87277221679688
Epoch 38: loss = 129.872802734375
Epoch 39: loss = 129.87271118164062
Epoch 40: loss = 129.87257385253906
Epoch 41: loss = 129.8726043701172
Epoch 42: loss = 129.87255859375
Epoch 43: loss = 129.87252807617188
Epoch 44: loss = 129.87252807617188
Epoch 45: loss = 129.8724822998047
Early stopping at epoch 45 with loss 129.87257385253906
Reconstruction for fluence = 1128.8378916846884 photons/pixel
Epoch 0: loss = 7556897.0
Epoch 1: loss = 3857.424072265625
Epoch 2: loss = 665.00048828125
Epoch 3: loss = 375.05914306640625
Epoch 4: loss = 323.490966796875
Epoch 5: loss = 308.8326110839844
Epoch 6: loss = 304.04351806640625
Epoch 7: loss = 301.6833190917969
Epoch 8: loss = 300.49188232421875
Epoch 9: loss = 299.84722900390625
Epoch 10: loss = 299.4637756347656
Epoch 11: loss = 299.2581787109375
Epoch 12: loss = 299.14129638671875
Epoch 13: loss = 299.0557861328125
Epoch 14: loss = 299.0038757324219
Epoch 15: loss = 298.9696960449219
Epoch 16: loss = 298.95025634765625
Epoch 17: loss = 298.9366149902344
Epoch 18: loss = 298.9272155761719
Epoch 19: loss = 298.92010498046875
Epoch 20: loss = 298.9154052734375
Epoch 21: loss = 298.91461181640625
Epoch 22: loss = 298.9130859375
Epoch 23: loss = 298.91259765625
Epoch 24: loss = 298.91070556640625
Epoch 25: loss = 298.91009521484375
Epoch 26: loss = 298.908935546875
Epoch 27: loss = 298.90765380859375
Epoch 28: loss = 298.90765380859375
Epoch 29: loss = 298.90765380859375
Epoch 30: loss = 298.90704345703125
Epoch 31: loss = 298.90704345703125
Epoch 32: loss = 298.90667724609375
Epoch 33: loss = 298.90673828125
Epoch 34: loss = 298.906494140625
Epoch 35: loss = 298.9061279296875
Epoch 36: loss = 298.9061279296875
Epoch 37: loss = 298.90594482421875
Epoch 38: loss = 298.90576171875
Epoch 39: loss = 298.90545654296875
Epoch 40: loss = 298.9053955078125
Epoch 41: loss = 298.90545654296875
Epoch 42: loss = 298.90533447265625
Epoch 43: loss = 298.90545654296875
Epoch 44: loss = 298.9052734375
Epoch 45: loss = 298.9051818847656
Epoch 46: loss = 298.905029296875
Epoch 47: loss = 298.9052429199219
Epoch 48: loss = 298.9051208496094
Epoch 49: loss = 298.9051208496094
Epoch 50: loss = 298.9051513671875
Epoch 51: loss = 298.905029296875
Early stopping at epoch 51 with loss 298.905029296875
Reconstruction for fluence = 2636.6508987303555 photons/pixel
Epoch 0: loss = 41243468.0
Epoch 1: loss = 20050.24609375
Epoch 2: loss = 2605.5263671875
Epoch 3: loss = 1069.1600341796875
Epoch 4: loss = 819.3132934570312
Epoch 5: loss = 744.9126586914062
Epoch 6: loss = 723.94482421875
Epoch 7: loss = 713.78466796875
Epoch 8: loss = 708.3421630859375
Epoch 9: loss = 705.4295654296875
Epoch 10: loss = 703.7324829101562
Epoch 11: loss = 702.7666015625
Epoch 12: loss = 702.2245483398438
Epoch 13: loss = 701.8756103515625
Epoch 14: loss = 701.651611328125
Epoch 15: loss = 701.4959716796875
Epoch 16: loss = 701.399658203125
Epoch 17: loss = 701.3356323242188
Epoch 18: loss = 701.2911376953125
Epoch 19: loss = 701.2593994140625
Epoch 20: loss = 701.2373046875
Epoch 21: loss = 701.2208862304688
Epoch 22: loss = 701.2171020507812
Epoch 23: loss = 701.20751953125
Epoch 24: loss = 701.20166015625
Epoch 25: loss = 701.19970703125
Epoch 26: loss = 701.1962890625
Epoch 27: loss = 701.19482421875
Epoch 28: loss = 701.1943359375
Epoch 29: loss = 701.1909790039062
Epoch 30: loss = 701.1895751953125
Epoch 31: loss = 701.1890869140625
Epoch 32: loss = 701.1881103515625
Epoch 33: loss = 701.1869506835938
Epoch 34: loss = 701.1869506835938
Epoch 35: loss = 701.18603515625
Epoch 36: loss = 701.185791015625
Epoch 37: loss = 701.1860961914062
Epoch 38: loss = 701.1847534179688
Epoch 39: loss = 701.18505859375
Epoch 40: loss = 701.184326171875
Epoch 41: loss = 701.1848754882812
Epoch 42: loss = 701.1846923828125
Epoch 43: loss = 701.1837768554688
Epoch 44: loss = 701.1844482421875
Epoch 45: loss = 701.1839599609375
Epoch 46: loss = 701.184326171875
Epoch 47: loss = 701.184326171875
Epoch 48: loss = 701.18408203125
Early stopping at epoch 48 with loss 701.1837768554688
Reconstruction for fluence = 6158.482110660255 photons/pixel
Epoch 0: loss = 224970624.0
Epoch 1: loss = 108055.578125
Epoch 2: loss = 11541.7275390625
Epoch 3: loss = 3651.009521484375
Epoch 4: loss = 2283.681884765625
Epoch 5: loss = 1910.0601806640625
Epoch 6: loss = 1790.9599609375
Epoch 7: loss = 1744.9415283203125
Epoch 8: loss = 1722.58056640625
Epoch 9: loss = 1710.55859375
Epoch 10: loss = 1703.7744140625
Epoch 11: loss = 1700.2109375
Epoch 12: loss = 1698.0504150390625
Epoch 13: loss = 1696.73828125
Epoch 14: loss = 1695.859130859375
Epoch 15: loss = 1695.2869873046875
Epoch 16: loss = 1694.9600830078125
Epoch 17: loss = 1694.7276611328125
Epoch 18: loss = 1694.556640625
Epoch 19: loss = 1694.4312744140625
Epoch 20: loss = 1694.352294921875
Epoch 21: loss = 1694.2958984375
Epoch 22: loss = 1694.257568359375
Epoch 23: loss = 1694.2293701171875
Epoch 24: loss = 1694.215576171875
Epoch 25: loss = 1694.197021484375
Epoch 26: loss = 1694.1876220703125
Epoch 27: loss = 1694.17626953125
Epoch 28: loss = 1694.1741943359375
Epoch 29: loss = 1694.17333984375
Epoch 30: loss = 1694.16748046875
Epoch 31: loss = 1694.164306640625
Epoch 32: loss = 1694.1632080078125
Epoch 33: loss = 1694.159423828125
Epoch 34: loss = 1694.1588134765625
Epoch 35: loss = 1694.1591796875
Epoch 36: loss = 1694.15966796875
Epoch 37: loss = 1694.157470703125
Epoch 38: loss = 1694.156005859375
Epoch 39: loss = 1694.157958984375
Epoch 40: loss = 1694.15380859375
Epoch 41: loss = 1694.155029296875
Epoch 42: loss = 1694.154541015625
Epoch 43: loss = 1694.15625
Epoch 44: loss = 1694.1552734375
Epoch 45: loss = 1694.15625
Early stopping at epoch 45 with loss 1694.15380859375
Reconstruction for fluence = 14384.498882876629 photons/pixel
Epoch 0: loss = 1227413504.0
Epoch 1: loss = 572248.375
Epoch 2: loss = 59175.44921875
Epoch 3: loss = 14388.6962890625
Epoch 4: loss = 6876.0634765625
Epoch 5: loss = 4989.90576171875
Epoch 6: loss = 4391.791015625
Epoch 7: loss = 4165.87255859375
Epoch 8: loss = 4048.8076171875
Epoch 9: loss = 3988.626953125
Epoch 10: loss = 3954.400146484375
Epoch 11: loss = 3935.44677734375
Epoch 12: loss = 3923.58642578125
Epoch 13: loss = 3916.56396484375
Epoch 14: loss = 3911.744384765625
Epoch 15: loss = 3908.63330078125
Epoch 16: loss = 3906.74560546875
Epoch 17: loss = 3905.51806640625
Epoch 18: loss = 3904.66845703125
Epoch 19: loss = 3904.07763671875
Epoch 20: loss = 3903.677490234375
Epoch 21: loss = 3903.39111328125
Epoch 22: loss = 3903.211669921875
Epoch 23: loss = 3903.085693359375
Epoch 24: loss = 3902.994873046875
Epoch 25: loss = 3902.913330078125
Epoch 26: loss = 3902.871826171875
Epoch 27: loss = 3902.84912109375
Epoch 28: loss = 3902.82666015625
Epoch 29: loss = 3902.79248046875
Epoch 30: loss = 3902.7841796875
Epoch 31: loss = 3902.77978515625
Epoch 32: loss = 3902.767578125
Epoch 33: loss = 3902.76904296875
Epoch 34: loss = 3902.759033203125
Epoch 35: loss = 3902.7529296875
Epoch 36: loss = 3902.7431640625
Epoch 37: loss = 3902.75146484375
Epoch 38: loss = 3902.7421875
Epoch 39: loss = 3902.742431640625
Epoch 40: loss = 3902.73974609375
Epoch 41: loss = 3902.732421875
Epoch 42: loss = 3902.744873046875
Epoch 43: loss = 3902.7470703125
Epoch 44: loss = 3902.741943359375
Epoch 45: loss = 3902.74365234375
Epoch 46: loss = 3902.739990234375
Early stopping at epoch 46 with loss 3902.732421875
Reconstruction for fluence = 33598.18286283781 photons/pixel
Epoch 0: loss = 6695370752.0
Epoch 1: loss = 3098766.75
Epoch 2: loss = 310021.90625
Epoch 3: loss = 67340.9921875
Epoch 4: loss = 25660.224609375
Epoch 5: loss = 15105.80859375
Epoch 6: loss = 11681.263671875
Epoch 7: loss = 10273.673828125
Epoch 8: loss = 9576.5439453125
Epoch 9: loss = 9253.1376953125
Epoch 10: loss = 9065.548828125
Epoch 11: loss = 8963.302734375
Epoch 12: loss = 8904.66796875
Epoch 13: loss = 8866.08984375
Epoch 14: loss = 8842.37109375
Epoch 15: loss = 8826.9892578125
Epoch 16: loss = 8817.3388671875
Epoch 17: loss = 8811.3232421875
Epoch 18: loss = 8807.029296875
Epoch 19: loss = 8804.166015625
Epoch 20: loss = 8802.1201171875
Epoch 21: loss = 8800.66015625
Epoch 22: loss = 8800.248046875
Epoch 23: loss = 8799.443359375
Epoch 24: loss = 8798.880859375
Epoch 25: loss = 8798.490234375
Epoch 26: loss = 8798.2275390625
Epoch 27: loss = 8798.009765625
Epoch 28: loss = 8797.87109375
Epoch 29: loss = 8797.78515625
Epoch 30: loss = 8797.701171875
Epoch 31: loss = 8797.658203125
Epoch 32: loss = 8797.5810546875
Epoch 33: loss = 8797.541015625
Epoch 34: loss = 8797.568359375
Epoch 35: loss = 8797.556640625
Epoch 36: loss = 8797.525390625
Epoch 37: loss = 8797.533203125
Epoch 38: loss = 8797.494140625
Epoch 39: loss = 8797.482421875
Epoch 40: loss = 8797.4814453125
Epoch 41: loss = 8797.470703125
Epoch 42: loss = 8797.494140625
Epoch 43: loss = 8797.466796875
Epoch 44: loss = 8797.494140625
Epoch 45: loss = 8797.48828125
Epoch 46: loss = 8797.44921875
Epoch 47: loss = 8797.44140625
Epoch 48: loss = 8797.45703125
Epoch 49: loss = 8797.474609375
Epoch 50: loss = 8797.46484375
Epoch 51: loss = 8797.458984375
Epoch 52: loss = 8797.451171875
Early stopping at epoch 52 with loss 8797.44140625
Reconstruction for fluence = 78475.99703514607 photons/pixel
Epoch 0: loss = 36527837184.0
Epoch 1: loss = 16841976.0
Epoch 2: loss = 1689550.125
Epoch 3: loss = 354286.8125
Epoch 4: loss = 115470.46875
Epoch 5: loss = 55112.390625
Epoch 6: loss = 36473.5078125
Epoch 7: loss = 29011.34375
Epoch 8: loss = 25315.86328125
Epoch 9: loss = 23376.90234375
Epoch 10: loss = 22312.828125
Epoch 11: loss = 21764.3359375
Epoch 12: loss = 21448.69921875
Epoch 13: loss = 21253.017578125
Epoch 14: loss = 21121.49609375
Epoch 15: loss = 21036.517578125
Epoch 16: loss = 20980.615234375
Epoch 17: loss = 20946.580078125
Epoch 18: loss = 20920.970703125
Epoch 19: loss = 20904.45703125
Epoch 20: loss = 20892.9765625
Epoch 21: loss = 20885.23046875
Epoch 22: loss = 20880.4296875
Epoch 23: loss = 20876.826171875
Epoch 24: loss = 20874.60546875
Epoch 25: loss = 20872.904296875
Epoch 26: loss = 20871.68359375
Epoch 27: loss = 20871.1171875
Epoch 28: loss = 20870.34375
Epoch 29: loss = 20870.125
Epoch 30: loss = 20869.650390625
Epoch 31: loss = 20869.5234375
Epoch 32: loss = 20869.3203125
Epoch 33: loss = 20869.255859375
Epoch 34: loss = 20869.30859375
Epoch 35: loss = 20869.26171875
Epoch 36: loss = 20869.1796875
Epoch 37: loss = 20869.04296875
Epoch 38: loss = 20868.88671875
Epoch 39: loss = 20868.869140625
Epoch 40: loss = 20868.92578125
Epoch 41: loss = 20868.96484375
Epoch 42: loss = 20868.87109375
Epoch 43: loss = 20868.837890625
Epoch 44: loss = 20868.82421875
Epoch 45: loss = 20868.916015625
Epoch 46: loss = 20868.765625
Epoch 47: loss = 20868.875
Epoch 48: loss = 20868.869140625
Epoch 49: loss = 20868.79296875
Epoch 50: loss = 20868.9140625
Epoch 51: loss = 20868.78515625
Early stopping at epoch 51 with loss 20868.765625
Reconstruction for fluence = 183298.07108324335 photons/pixel
Epoch 0: loss = 199289716736.0
Epoch 1: loss = 91737072.0
Epoch 2: loss = 9080190.0
Epoch 3: loss = 1782460.75
Epoch 4: loss = 549313.25
Epoch 5: loss = 247501.546875
Epoch 6: loss = 142708.40625
Epoch 7: loss = 99284.421875
Epoch 8: loss = 77976.5
Epoch 9: loss = 66700.109375
Epoch 10: loss = 60387.234375
Epoch 11: loss = 57079.859375
Epoch 12: loss = 55314.2578125
Epoch 13: loss = 54093.046875
Epoch 14: loss = 53327.32421875
Epoch 15: loss = 52804.984375
Epoch 16: loss = 52492.47265625
Epoch 17: loss = 52295.58203125
Epoch 18: loss = 52155.7265625
Epoch 19: loss = 52059.6953125
Epoch 20: loss = 51994.0703125
Epoch 21: loss = 51950.0546875
Epoch 22: loss = 51923.78125
Epoch 23: loss = 51903.9921875
Epoch 24: loss = 51890.6953125
Epoch 25: loss = 51880.30859375
Epoch 26: loss = 51873.3515625
Epoch 27: loss = 51869.015625
Epoch 28: loss = 51865.83203125
Epoch 29: loss = 51863.38671875
Epoch 30: loss = 51861.56640625
Epoch 31: loss = 51860.56640625
Epoch 32: loss = 51859.59375
Epoch 33: loss = 51858.8671875
Epoch 34: loss = 51858.54296875
Epoch 35: loss = 51857.61328125
Epoch 36: loss = 51857.40625
Epoch 37: loss = 51857.2265625
Epoch 38: loss = 51857.45703125
Epoch 39: loss = 51857.4375
Epoch 40: loss = 51857.1953125
Epoch 41: loss = 51857.27734375
Epoch 42: loss = 51856.765625
Epoch 43: loss = 51856.9296875
Epoch 44: loss = 51857.046875
Epoch 45: loss = 51856.87109375
Epoch 46: loss = 51857.1875
Epoch 47: loss = 51856.8125
Early stopping at epoch 47 with loss 51856.765625
Reconstruction for fluence = 428133.2398719387 photons/pixel
Epoch 0: loss = 1087207309312.0
Epoch 1: loss = 500030752.0
Epoch 2: loss = 49774296.0
Epoch 3: loss = 9875500.0
Epoch 4: loss = 2813498.5
Epoch 5: loss = 1104686.75
Epoch 6: loss = 579842.375
Epoch 7: loss = 359403.21875
Epoch 8: loss = 254793.46875
Epoch 9: loss = 192829.875
Epoch 10: loss = 161427.5625
Epoch 11: loss = 144900.625
Epoch 12: loss = 135876.0625
Epoch 13: loss = 129578.046875
Epoch 14: loss = 125585.0859375
Epoch 15: loss = 122826.09375
Epoch 16: loss = 121132.0859375
Epoch 17: loss = 120109.1875
Epoch 18: loss = 119353.25
Epoch 19: loss = 118877.46875
Epoch 20: loss = 118524.640625
Epoch 21: loss = 118286.15625
Epoch 22: loss = 118145.7265625
Epoch 23: loss = 118034.8359375
Epoch 24: loss = 117962.34375
Epoch 25: loss = 117909.546875
Epoch 26: loss = 117872.671875
Epoch 27: loss = 117849.3515625
Epoch 28: loss = 117834.015625
Epoch 29: loss = 117819.7578125
Epoch 30: loss = 117808.484375
Epoch 31: loss = 117803.0
Epoch 32: loss = 117799.46875
Epoch 33: loss = 117796.546875
Epoch 34: loss = 117792.984375
Epoch 35: loss = 117790.984375
Epoch 36: loss = 117790.8671875
Epoch 37: loss = 117788.453125
Epoch 38: loss = 117788.375
Epoch 39: loss = 117787.0546875
Epoch 40: loss = 117785.2578125
Epoch 41: loss = 117787.7421875
Epoch 42: loss = 117787.2734375
Epoch 43: loss = 117787.265625
Epoch 44: loss = 117785.2109375
Epoch 45: loss = 117785.953125
Epoch 46: loss = 117786.640625
Epoch 47: loss = 117785.3828125
Epoch 48: loss = 117787.3046875
Epoch 49: loss = 117786.7734375
Early stopping at epoch 49 with loss 117785.2109375
Reconstruction for fluence = 1000000.0 photons/pixel
Epoch 0: loss = 5931346690048.0
Epoch 1: loss = 2729681152.0
Epoch 2: loss = 269807616.0
Epoch 3: loss = 53684204.0
Epoch 4: loss = 15543430.0
Epoch 5: loss = 6158892.0
Epoch 6: loss = 3000845.0
Epoch 7: loss = 1637631.75
Epoch 8: loss = 969626.25
Epoch 9: loss = 661617.25
Epoch 10: loss = 490332.09375
Epoch 11: loss = 402011.8125
Epoch 12: loss = 354898.375
Epoch 13: loss = 323585.78125
Epoch 14: loss = 301843.75
Epoch 15: loss = 288671.59375
Epoch 16: loss = 280418.1875
Epoch 17: loss = 274947.15625
Epoch 18: loss = 271348.5625
Epoch 19: loss = 268758.0
Epoch 20: loss = 266994.0625
Epoch 21: loss = 265884.96875
Epoch 22: loss = 265145.6875
Epoch 23: loss = 264668.53125
Epoch 24: loss = 264317.75
Epoch 25: loss = 264051.53125
Epoch 26: loss = 263874.4375
Epoch 27: loss = 263758.84375
Epoch 28: loss = 263676.53125
Epoch 29: loss = 263615.84375
Epoch 30: loss = 263572.375
Epoch 31: loss = 263537.46875
Epoch 32: loss = 263510.625
Epoch 33: loss = 263498.3125
Epoch 34: loss = 263483.75
Epoch 35: loss = 263474.3125
Epoch 36: loss = 263469.5625
Epoch 37: loss = 263463.6875
Epoch 38: loss = 263459.3125
Epoch 39: loss = 263458.40625
Epoch 40: loss = 263457.125
Epoch 41: loss = 263453.9375
Epoch 42: loss = 263452.9375
Epoch 43: loss = 263453.125
Epoch 44: loss = 263446.75
Epoch 45: loss = 263452.875
Epoch 46: loss = 263452.40625
Epoch 47: loss = 263453.125
Epoch 48: loss = 263451.21875
Epoch 49: loss = 263447.0625
Early stopping at epoch 49 with loss 263446.75
Tensors initialization on device cuda
Multiprobe = band_lim
torch.Size([1, 64, 64])

('MSE', 'PoissonNLL') RECONSTRUCTIONS

Reconstruction for fluence = 0.09999999999999999 photons/pixel
Epoch 0: loss = 0.10927222669124603
Epoch 1: loss = 0.03784459829330444
Epoch 2: loss = 0.036589570343494415
Epoch 3: loss = 0.03641654551029205
Epoch 4: loss = 0.036384209990501404
Epoch 5: loss = 0.036377135664224625
Epoch 6: loss = 0.036375630646944046
Epoch 7: loss = 0.036375559866428375
Epoch 8: loss = 0.036375559866428375
Early stopping at epoch 8 with loss 0.03641654551029205
Epoch 0: loss = 0.1055198684334755
Epoch 1: loss = 0.08008293062448502
Epoch 2: loss = 0.07975620776414871
Epoch 3: loss = 0.0797426700592041
Epoch 4: loss = 0.07971887290477753
Epoch 5: loss = 0.07971660047769547
Epoch 6: loss = 0.07971656322479248
Epoch 7: loss = 0.07971656322479248
Early stopping at epoch 7 with loss 0.07975620776414871
Reconstruction for fluence = 0.23357214690901223 photons/pixel
Epoch 0: loss = 0.4197559356689453
Epoch 1: loss = 0.08589959144592285
Epoch 2: loss = 0.08230936527252197
Epoch 3: loss = 0.08185794204473495
Epoch 4: loss = 0.08177250623703003
Epoch 5: loss = 0.08175712823867798
Epoch 6: loss = 0.08175358176231384
Epoch 7: loss = 0.08175285160541534
Epoch 8: loss = 0.08175285160541534
Epoch 9: loss = 0.08175280690193176
Epoch 10: loss = 0.0817527323961258
Early stopping at epoch 10 with loss 0.08175712823867798
Epoch 0: loss = 0.12738469243049622
Epoch 1: loss = 0.08956721425056458
Epoch 2: loss = 0.08911848068237305
Epoch 3: loss = 0.0890207439661026
Epoch 4: loss = 0.08896836638450623
Epoch 5: loss = 0.08895806968212128
Epoch 6: loss = 0.08894899487495422
Epoch 7: loss = 0.0889475867152214
Epoch 8: loss = 0.08894741535186768
Epoch 9: loss = 0.0889473408460617
Early stopping at epoch 9 with loss 0.08896836638450623
Reconstruction for fluence = 0.5455594781168519 photons/pixel
Epoch 0: loss = 1.9148688316345215
Epoch 1: loss = 0.20810455083847046
Epoch 2: loss = 0.19717741012573242
Epoch 3: loss = 0.19579258561134338
Epoch 4: loss = 0.19554930925369263
Epoch 5: loss = 0.1954965889453888
Epoch 6: loss = 0.19548667967319489
Epoch 7: loss = 0.1954825520515442
Epoch 8: loss = 0.19548171758651733
Epoch 9: loss = 0.19548164308071136
Early stopping at epoch 9 with loss 0.19554930925369263
Epoch 0: loss = 0.02188735455274582
Epoch 1: loss = -0.03583424910902977
Epoch 2: loss = -0.03661797195672989
Epoch 3: loss = -0.036716289818286896
Epoch 4: loss = -0.03672794997692108
Epoch 5: loss = -0.036728858947753906
Epoch 6: loss = -0.03672904148697853
Epoch 7: loss = -0.036729052662849426
Epoch 8: loss = -0.036729052662849426
Epoch 9: loss = -0.03672906011343002
Early stopping at epoch 9 with loss -0.03672794997692108
Reconstruction for fluence = 1.2742749857031335 photons/pixel
Epoch 0: loss = 9.249411582946777
Epoch 1: loss = 0.4659216105937958
Epoch 2: loss = 0.4355284571647644
Epoch 3: loss = 0.430480420589447
Epoch 4: loss = 0.42933961749076843
Epoch 5: loss = 0.42909908294677734
Epoch 6: loss = 0.42903316020965576
Epoch 7: loss = 0.42901095747947693
Epoch 8: loss = 0.4290042817592621
Epoch 9: loss = 0.42900222539901733
Epoch 10: loss = 0.42900198698043823
Early stopping at epoch 10 with loss 0.42909908294677734
Epoch 0: loss = -0.6027071475982666
Epoch 1: loss = -0.686210036277771
Epoch 2: loss = -0.6874151229858398
Epoch 3: loss = -0.6875649094581604
Epoch 4: loss = -0.6875916719436646
Epoch 5: loss = -0.6875960826873779
Epoch 6: loss = -0.687599241733551
Epoch 7: loss = -0.6875998973846436
Epoch 8: loss = -0.6876001358032227
Early stopping at epoch 8 with loss -0.6875649094581604
Reconstruction for fluence = 2.976351441631318 photons/pixel
Epoch 0: loss = 49.14466094970703
Epoch 1: loss = 1.143097162246704
Epoch 2: loss = 1.0139398574829102
Epoch 3: loss = 0.9956156015396118
Epoch 4: loss = 0.9916561841964722
Epoch 5: loss = 0.9906080961227417
Epoch 6: loss = 0.9903147220611572
Epoch 7: loss = 0.9902153015136719
Epoch 8: loss = 0.9901733994483948
Epoch 9: loss = 0.9901577234268188
Epoch 10: loss = 0.9901525378227234
Epoch 11: loss = 0.9901511669158936
Epoch 12: loss = 0.9901511669158936
Epoch 13: loss = 0.9901509881019592
Early stopping at epoch 13 with loss 0.9901733994483948
Epoch 0: loss = -2.8509459495544434
Epoch 1: loss = -2.9766454696655273
Epoch 2: loss = -2.9790921211242676
Epoch 3: loss = -2.9796226024627686
Epoch 4: loss = -2.979726791381836
Epoch 5: loss = -2.9798240661621094
Epoch 6: loss = -2.9798412322998047
Epoch 7: loss = -2.9798426628112793
Epoch 8: loss = -2.9798431396484375
Epoch 9: loss = -2.9798431396484375
Epoch 10: loss = -2.9798436164855957
Epoch 11: loss = -2.9798436164855957
Early stopping at epoch 11 with loss -2.9798412322998047
Reconstruction for fluence = 6.9519279617756045 photons/pixel
Epoch 0: loss = 261.96551513671875
Epoch 1: loss = 2.670261859893799
Epoch 2: loss = 2.3402440547943115
Epoch 3: loss = 2.282564640045166
Epoch 4: loss = 2.267540454864502
Epoch 5: loss = 2.2631096839904785
Epoch 6: loss = 2.2618966102600098
Epoch 7: loss = 2.261409282684326
Epoch 8: loss = 2.261197090148926
Epoch 9: loss = 2.261098861694336
Epoch 10: loss = 2.2610530853271484
Epoch 11: loss = 2.2610349655151367
Epoch 12: loss = 2.2610340118408203
Epoch 13: loss = 2.2610325813293457
Epoch 14: loss = 2.2610301971435547
Epoch 0: loss = -10.078521728515625
Epoch 1: loss = -10.253103256225586
Epoch 2: loss = -10.256746292114258
Epoch 3: loss = -10.257326126098633
Epoch 4: loss = -10.25751781463623
Epoch 5: loss = -10.257631301879883
Epoch 6: loss = -10.25772476196289
Epoch 7: loss = -10.25775146484375
Epoch 8: loss = -10.257753372192383
Epoch 9: loss = -10.257757186889648
Epoch 10: loss = -10.257757186889648
Epoch 11: loss = -10.257759094238281
Epoch 12: loss = -10.257759094238281
Early stopping at epoch 12 with loss -10.25775146484375
Reconstruction for fluence = 16.23776739188721 photons/pixel
Epoch 0: loss = 1415.1309814453125
Epoch 1: loss = 6.555805683135986
Epoch 2: loss = 5.298057556152344
Epoch 3: loss = 5.089639186859131
Epoch 4: loss = 5.037069320678711
Epoch 5: loss = 5.01350736618042
Epoch 6: loss = 5.006481170654297
Epoch 7: loss = 5.003676414489746
Epoch 8: loss = 5.002296447753906
Epoch 9: loss = 5.001577377319336
Epoch 10: loss = 5.001231670379639
Epoch 11: loss = 5.001078128814697
Epoch 12: loss = 5.001008987426758
Epoch 13: loss = 5.000974655151367
Epoch 14: loss = 5.000967979431152
Epoch 0: loss = -31.44746971130371
Epoch 1: loss = -31.682559967041016
Epoch 2: loss = -31.68824005126953
Epoch 3: loss = -31.689226150512695
Epoch 4: loss = -31.68954086303711
Epoch 5: loss = -31.68971061706543
Epoch 6: loss = -31.689727783203125
Epoch 7: loss = -31.689733505249023
Epoch 8: loss = -31.689739227294922
Epoch 9: loss = -31.689739227294922
Epoch 10: loss = -31.68974494934082
Early stopping at epoch 10 with loss -31.68971061706543
Reconstruction for fluence = 37.926901907322495 photons/pixel
Epoch 0: loss = 7702.27001953125
Epoch 1: loss = 18.01983642578125
Epoch 2: loss = 12.532350540161133
Epoch 3: loss = 11.754404067993164
Epoch 4: loss = 11.546069145202637
Epoch 5: loss = 11.465827941894531
Epoch 6: loss = 11.43792724609375
Epoch 7: loss = 11.425165176391602
Epoch 8: loss = 11.41828441619873
Epoch 9: loss = 11.414478302001953
Epoch 10: loss = 11.41251277923584
Epoch 11: loss = 11.411432266235352
Epoch 12: loss = 11.410822868347168
Epoch 13: loss = 11.410469055175781
Epoch 14: loss = 11.410274505615234
Epoch 0: loss = -91.67375946044922
Epoch 1: loss = -91.98699188232422
Epoch 2: loss = -91.99458312988281
Epoch 3: loss = -91.99595642089844
Epoch 4: loss = -91.99698638916016
Epoch 5: loss = -91.99726867675781
Epoch 6: loss = -91.99729919433594
Epoch 7: loss = -91.997314453125
Epoch 8: loss = -91.99732971191406
Epoch 9: loss = -91.99735260009766
Epoch 10: loss = -91.99736022949219
Early stopping at epoch 10 with loss -91.99726867675781
Reconstruction for fluence = 88.58667904100822 photons/pixel
Epoch 0: loss = 42002.1640625
Epoch 1: loss = 52.517845153808594
Epoch 2: loss = 30.12742805480957
Epoch 3: loss = 27.35187339782715
Epoch 4: loss = 26.61418342590332
Epoch 5: loss = 26.339548110961914
Epoch 6: loss = 26.239521026611328
Epoch 7: loss = 26.18808937072754
Epoch 8: loss = 26.163654327392578
Epoch 9: loss = 26.14822006225586
Epoch 10: loss = 26.140003204345703
Epoch 11: loss = 26.135272979736328
Epoch 12: loss = 26.13247299194336
Epoch 13: loss = 26.130704879760742
Epoch 14: loss = 26.129592895507812
Epoch 0: loss = -256.3738708496094
Epoch 1: loss = -256.79058837890625
Epoch 2: loss = -256.8084716796875
Epoch 3: loss = -256.8127746582031
Epoch 4: loss = -256.8135986328125
Epoch 5: loss = -256.81365966796875
Epoch 6: loss = -256.813720703125
Epoch 7: loss = -256.8140869140625
Epoch 8: loss = -256.81414794921875
Epoch 9: loss = -256.814208984375
Epoch 10: loss = -256.81427001953125
Epoch 11: loss = -256.81427001953125
Epoch 12: loss = -256.8143310546875
Epoch 13: loss = -256.8143310546875
Epoch 14: loss = -256.81439208984375
Epoch 15: loss = -256.81439208984375
Epoch 16: loss = -256.81439208984375
Epoch 17: loss = -256.81439208984375
Early stopping at epoch 17 with loss -256.8143310546875
Reconstruction for fluence = 206.9138081114788 photons/pixel
Epoch 0: loss = 229088.625
Epoch 1: loss = 193.48635864257812
Epoch 2: loss = 79.27546691894531
Epoch 3: loss = 66.23796081542969
Epoch 4: loss = 63.40979766845703
Epoch 5: loss = 62.51390838623047
Epoch 6: loss = 62.11827850341797
Epoch 7: loss = 61.93100357055664
Epoch 8: loss = 61.83781433105469
Epoch 9: loss = 61.779693603515625
Epoch 10: loss = 61.74609375
Epoch 11: loss = 61.7266845703125
Epoch 12: loss = 61.715049743652344
Epoch 13: loss = 61.70758056640625
Epoch 14: loss = 61.70253372192383
Epoch 0: loss = -698.0791625976562
Epoch 1: loss = -698.6159057617188
Epoch 2: loss = -698.6339111328125
Epoch 3: loss = -698.6343994140625
Epoch 4: loss = -698.634521484375
Epoch 5: loss = -698.6346435546875
Epoch 6: loss = -698.6348266601562
Epoch 7: loss = -698.6348876953125
Epoch 8: loss = -698.6348876953125
Epoch 9: loss = -698.6348876953125
Epoch 10: loss = -698.6348876953125
Epoch 11: loss = -698.6349487304688
Early stopping at epoch 11 with loss -698.6348266601562
Reconstruction for fluence = 483.2930238571752 photons/pixel
Epoch 0: loss = 1248831.25
Epoch 1: loss = 787.7332153320312
Epoch 2: loss = 220.35421752929688
Epoch 3: loss = 154.87521362304688
Epoch 4: loss = 141.82925415039062
Epoch 5: loss = 138.0133819580078
Epoch 6: loss = 136.5523681640625
Epoch 7: loss = 135.87200927734375
Epoch 8: loss = 135.49368286132812
Epoch 9: loss = 135.25828552246094
Epoch 10: loss = 135.11489868164062
Epoch 11: loss = 135.0403594970703
Epoch 12: loss = 134.9755096435547
Epoch 13: loss = 134.9331817626953
Epoch 14: loss = 134.9044189453125
Epoch 0: loss = -1861.906005859375
Epoch 1: loss = -1862.61181640625
Epoch 2: loss = -1862.626220703125
Epoch 3: loss = -1862.6263427734375
Epoch 4: loss = -1862.62646484375
Epoch 5: loss = -1862.62646484375
Epoch 6: loss = -1862.6265869140625
Epoch 7: loss = -1862.6265869140625
Epoch 8: loss = -1862.626708984375
Epoch 9: loss = -1862.626708984375
Epoch 10: loss = -1862.626708984375
Epoch 11: loss = -1862.6268310546875
Epoch 12: loss = -1862.6268310546875
Epoch 13: loss = -1862.626953125
Epoch 14: loss = -1862.626953125
Epoch 15: loss = -1862.626953125
Epoch 16: loss = -1862.626953125
Epoch 17: loss = -1862.626953125
Epoch 18: loss = -1862.626953125
Early stopping at epoch 18 with loss -1862.626953125
Reconstruction for fluence = 1128.8378916846884 photons/pixel
Epoch 0: loss = 6814803.0
Epoch 1: loss = 4535.7578125
Epoch 2: loss = 759.3267211914062
Epoch 3: loss = 415.3910217285156
Epoch 4: loss = 357.2691650390625
Epoch 5: loss = 341.1165466308594
Epoch 6: loss = 335.535400390625
Epoch 7: loss = 332.811279296875
Epoch 8: loss = 331.2795104980469
Epoch 9: loss = 330.3526916503906
Epoch 10: loss = 329.76055908203125
Epoch 11: loss = 329.4525451660156
Epoch 12: loss = 329.2615966796875
Epoch 13: loss = 329.1236572265625
Epoch 14: loss = 329.03204345703125
Epoch 0: loss = -4887.345703125
Epoch 1: loss = -4888.2275390625
Epoch 2: loss = -4888.23291015625
Epoch 3: loss = -4888.2333984375
Epoch 4: loss = -4888.234375
Epoch 5: loss = -4888.234375
Epoch 6: loss = -4888.234375
Epoch 7: loss = -4888.234375
Epoch 8: loss = -4888.234375
Epoch 9: loss = -4888.234375
Early stopping at epoch 9 with loss -4888.234375
Reconstruction for fluence = 2636.6508987303555 photons/pixel
Epoch 0: loss = 37172280.0
Epoch 1: loss = 23527.18359375
Epoch 2: loss = 3037.25390625
Epoch 3: loss = 1222.907958984375
Epoch 4: loss = 916.05224609375
Epoch 5: loss = 832.3984375
Epoch 6: loss = 803.8504638671875
Epoch 7: loss = 791.0819702148438
Epoch 8: loss = 783.9902954101562
Epoch 9: loss = 779.91796875
Epoch 10: loss = 777.5472412109375
Epoch 11: loss = 776.1085205078125
Epoch 12: loss = 775.2598266601562
Epoch 13: loss = 774.672119140625
Epoch 14: loss = 774.2496948242188
Epoch 0: loss = -12673.7421875
Epoch 1: loss = -12674.798828125
Epoch 2: loss = -12674.798828125
Epoch 3: loss = -12674.80078125
Epoch 4: loss = -12674.802734375
Epoch 5: loss = -12674.802734375
Epoch 6: loss = -12674.8017578125
Epoch 7: loss = -12674.8017578125
Epoch 8: loss = -12674.8017578125
Epoch 9: loss = -12674.8017578125
Early stopping at epoch 9 with loss -12674.802734375
Reconstruction for fluence = 6158.482110660255 photons/pixel
Epoch 0: loss = 202773376.0
Epoch 1: loss = 121612.8046875
Epoch 2: loss = 14230.4453125
Epoch 3: loss = 4373.55419921875
Epoch 4: loss = 2584.031494140625
Epoch 5: loss = 2125.174072265625
Epoch 6: loss = 1982.01953125
Epoch 7: loss = 1912.244140625
Epoch 8: loss = 1876.6298828125
Epoch 9: loss = 1854.892333984375
Epoch 10: loss = 1843.181884765625
Epoch 11: loss = 1836.972412109375
Epoch 12: loss = 1833.3612060546875
Epoch 13: loss = 1830.899169921875
Epoch 14: loss = 1829.1519775390625
Epoch 0: loss = -32542.98046875
Epoch 1: loss = -32544.134765625
Epoch 2: loss = -32544.138671875
Epoch 3: loss = -32544.140625
Epoch 4: loss = -32544.140625
Epoch 5: loss = -32544.140625
Epoch 6: loss = -32544.140625
Epoch 7: loss = -32544.140625
Epoch 8: loss = -32544.140625
Early stopping at epoch 8 with loss -32544.140625
Reconstruction for fluence = 14384.498882876629 photons/pixel
Epoch 0: loss = 1106435840.0
Epoch 1: loss = 676681.875
Epoch 2: loss = 67882.296875
Epoch 3: loss = 16868.0703125
Epoch 4: loss = 7855.5380859375
Epoch 5: loss = 5631.2841796875
Epoch 6: loss = 4860.46435546875
Epoch 7: loss = 4542.5146484375
Epoch 8: loss = 4358.5712890625
Epoch 9: loss = 4254.4150390625
Epoch 10: loss = 4195.5986328125
Epoch 11: loss = 4162.5390625
Epoch 12: loss = 4145.81640625
Epoch 13: loss = 4134.40625
Epoch 14: loss = 4126.2353515625
Epoch 0: loss = -82869.2734375
Epoch 1: loss = -82870.4375
Epoch 2: loss = -82870.4453125
Epoch 3: loss = -82870.453125
Epoch 4: loss = -82870.453125
Epoch 5: loss = -82870.453125
Epoch 6: loss = -82870.453125
Epoch 7: loss = -82870.453125
Epoch 8: loss = -82870.453125
Early stopping at epoch 8 with loss -82870.453125
Reconstruction for fluence = 33598.18286283781 photons/pixel
Epoch 0: loss = 6036182016.0
Epoch 1: loss = 3527656.0
Epoch 2: loss = 367634.15625
Epoch 3: loss = 78136.296875
Epoch 4: loss = 31068.240234375
Epoch 5: loss = 18564.10546875
Epoch 6: loss = 14340.109375
Epoch 7: loss = 12455.4453125
Epoch 8: loss = 11456.0
Epoch 9: loss = 10892.705078125
Epoch 10: loss = 10566.76953125
Epoch 11: loss = 10408.421875
Epoch 12: loss = 10308.6357421875
Epoch 13: loss = 10251.62890625
Epoch 14: loss = 10215.0
Epoch 0: loss = -209596.421875
Epoch 1: loss = -209597.875
Epoch 2: loss = -209597.890625
Epoch 3: loss = -209597.90625
Epoch 4: loss = -209597.90625
Epoch 5: loss = -209597.90625
Epoch 6: loss = -209597.90625
Epoch 7: loss = -209597.90625
Epoch 8: loss = -209597.90625
Early stopping at epoch 8 with loss -209597.90625
Reconstruction for fluence = 78475.99703514607 photons/pixel
Epoch 0: loss = 32927649792.0
Epoch 1: loss = 19248004.0
Epoch 2: loss = 1971747.0
Epoch 3: loss = 398160.9375
Epoch 4: loss = 128578.53125
Epoch 5: loss = 65759.828125
Epoch 6: loss = 45540.32421875
Epoch 7: loss = 35162.796875
Epoch 8: loss = 30296.6796875
Epoch 9: loss = 27440.9921875
Epoch 10: loss = 26023.09765625
Epoch 11: loss = 24875.58984375
Epoch 12: loss = 24371.615234375
Epoch 13: loss = 24051.50390625
Epoch 14: loss = 23829.52734375
Epoch 0: loss = -527034.375
Epoch 1: loss = -527036.125
Epoch 2: loss = -527036.25
Epoch 3: loss = -527036.25
Epoch 4: loss = -527036.25
Epoch 5: loss = -527036.25
Epoch 6: loss = -527036.25
Epoch 7: loss = -527036.25
Early stopping at epoch 7 with loss -527036.25
Reconstruction for fluence = 183298.07108324335 photons/pixel
Epoch 0: loss = 179637747712.0
Epoch 1: loss = 107727240.0
Epoch 2: loss = 10362483.0
Epoch 3: loss = 2057472.0
Epoch 4: loss = 644779.125
Epoch 5: loss = 278852.71875
Epoch 6: loss = 165798.84375
Epoch 7: loss = 112869.90625
Epoch 8: loss = 88111.7578125
Epoch 9: loss = 73303.953125
Epoch 10: loss = 64779.56640625
Epoch 11: loss = 60558.42578125
Epoch 12: loss = 58238.11328125
Epoch 13: loss = 56649.81640625
Epoch 14: loss = 55547.83984375
Epoch 0: loss = -1318479.5
Epoch 1: loss = -1318482.0
Epoch 2: loss = -1318482.0
Epoch 3: loss = -1318482.125
Epoch 4: loss = -1318482.125
Epoch 5: loss = -1318482.125
Epoch 6: loss = -1318482.125
Epoch 7: loss = -1318482.125
Epoch 8: loss = -1318482.25
Epoch 9: loss = -1318482.25
Epoch 10: loss = -1318482.25
Epoch 11: loss = -1318482.25
Epoch 12: loss = -1318482.25
Epoch 13: loss = -1318482.25
Early stopping at epoch 13 with loss -1318482.25
Reconstruction for fluence = 428133.2398719387 photons/pixel
Epoch 0: loss = 980019970048.0
Epoch 1: loss = 592008448.0
Epoch 2: loss = 56574480.0
Epoch 3: loss = 11719054.0
Epoch 4: loss = 3389690.0
Epoch 5: loss = 1395104.125
Epoch 6: loss = 766036.3125
Epoch 7: loss = 472839.4375
Epoch 8: loss = 320977.125
Epoch 9: loss = 241250.28125
Epoch 10: loss = 193033.15625
Epoch 11: loss = 167803.71875
Epoch 12: loss = 153174.15625
Epoch 13: loss = 144816.484375
Epoch 14: loss = 138824.71875
Epoch 0: loss = -3283914.5
Epoch 1: loss = -3283919.0
Epoch 2: loss = -3283919.5
Epoch 3: loss = -3283919.5
Epoch 4: loss = -3283919.5
Epoch 5: loss = -3283919.5
Epoch 6: loss = -3283919.5
Epoch 7: loss = -3283919.5
Early stopping at epoch 7 with loss -3283919.5
Reconstruction for fluence = 1000000.0 photons/pixel
Epoch 0: loss = 5346672246784.0
Epoch 1: loss = 3202141184.0
Epoch 2: loss = 307881984.0
Epoch 3: loss = 60554176.0
Epoch 4: loss = 18397962.0
Epoch 5: loss = 7441141.0
Epoch 6: loss = 3896254.0
Epoch 7: loss = 2303012.0
Epoch 8: loss = 1405323.875
Epoch 9: loss = 939656.375
Epoch 10: loss = 669272.375
Epoch 11: loss = 534227.3125
Epoch 12: loss = 451695.0
Epoch 13: loss = 400017.75
Epoch 14: loss = 366535.71875
Epoch 0: loss = -8147448.5
Epoch 1: loss = -8147458.0
Epoch 2: loss = -8147459.0
Epoch 3: loss = -8147459.0
Epoch 4: loss = -8147459.0
Epoch 5: loss = -8147459.0
Epoch 6: loss = -8147459.0
Epoch 7: loss = -8147459.0
Early stopping at epoch 7 with loss -8147459.0
Simulation for steps_size=17 and n_fluences=20 completed!
