Running simulation for principal_mode_weight=11 and n_fluences=20
Weights: [ 0. 50. 50.]
Tensors initialization on device cuda
Multiprobe = grad

('MSE', None) RECONSTRUCTIONS

Reconstruction for fluence = 0.09999999999999999 photons/pixel
Epoch 0: loss = 0.00022367459314409643
Epoch 1: loss = 0.00022367459314409643
Epoch 2: loss = 0.00022367459314409643
Epoch 3: loss = 0.00022367459314409643
Epoch 4: loss = 0.00022367459314409643
Epoch 5: loss = 0.00022367459314409643
Early stopping at epoch 5 with loss 0.00022367459314409643
Reconstruction for fluence = 0.23357214690901223 photons/pixel
Epoch 0: loss = 0.0005195873090997338
Epoch 1: loss = 0.0005195873090997338
Epoch 2: loss = 0.0005195873090997338
Epoch 3: loss = 0.0005195873090997338
Epoch 4: loss = 0.0005195873090997338
Epoch 5: loss = 0.0005195873090997338
Early stopping at epoch 5 with loss 0.0005195873090997338
Reconstruction for fluence = 0.5455594781168519 photons/pixel
Epoch 0: loss = 0.0012201464269310236
Epoch 1: loss = 0.0012201464269310236
Epoch 2: loss = 0.0012201464269310236
Epoch 3: loss = 0.0012201464269310236
Epoch 4: loss = 0.0012201464269310236
Epoch 5: loss = 0.0012201464269310236
Early stopping at epoch 5 with loss 0.0012201464269310236
Reconstruction for fluence = 1.2742749857031335 photons/pixel
Epoch 0: loss = 0.0028916141018271446
Epoch 1: loss = 0.0028916141018271446
Epoch 2: loss = 0.0028916141018271446
Epoch 3: loss = 0.0028916141018271446
Epoch 4: loss = 0.0028916141018271446
Epoch 5: loss = 0.0028916141018271446
Early stopping at epoch 5 with loss 0.0028916141018271446
Reconstruction for fluence = 2.976351441631318 photons/pixel
Epoch 0: loss = 0.007080448791384697
Epoch 1: loss = 0.007080377079546452
Epoch 2: loss = 0.0070803044363856316
Epoch 3: loss = 0.007080232724547386
Epoch 4: loss = 0.007080160081386566
Epoch 5: loss = 0.007080088369548321
Early stopping at epoch 5 with loss 0.007080448791384697
Reconstruction for fluence = 6.9519279617756045 photons/pixel
Epoch 0: loss = 0.01831803098320961
Epoch 1: loss = 0.018315892666578293
Epoch 2: loss = 0.018313756212592125
Epoch 3: loss = 0.018311623483896255
Epoch 4: loss = 0.018309488892555237
Epoch 5: loss = 0.018307358026504517
Early stopping at epoch 5 with loss 0.01831803098320961
Reconstruction for fluence = 16.23776739188721 photons/pixel
Epoch 0: loss = 0.05219152197241783
Epoch 1: loss = 0.03550861030817032
Epoch 2: loss = 0.03550861030817032
Epoch 3: loss = 0.03550861030817032
Epoch 4: loss = 0.03550861030817032
Epoch 5: loss = 0.03550861030817032
Epoch 6: loss = 0.03550861030817032
Early stopping at epoch 6 with loss 0.03550861030817032
Reconstruction for fluence = 37.926901907322495 photons/pixel
Epoch 0: loss = 0.17349138855934143
Epoch 1: loss = 0.08309720456600189
Epoch 2: loss = 0.08309306204319
Epoch 3: loss = 0.08309306204319
Epoch 4: loss = 0.08309306204319
Epoch 5: loss = 0.08309306204319
Epoch 6: loss = 0.08309306204319
Early stopping at epoch 6 with loss 0.08309720456600189
Reconstruction for fluence = 88.58667904100822 photons/pixel
Epoch 0: loss = 0.68792724609375
Epoch 1: loss = 0.1944352686405182
Epoch 2: loss = 0.1944199502468109
Epoch 3: loss = 0.19441810250282288
Epoch 4: loss = 0.19441798329353333
Epoch 5: loss = 0.19441795349121094
Epoch 6: loss = 0.19441795349121094
Early stopping at epoch 6 with loss 0.1944352686405182
Reconstruction for fluence = 206.9138081114788 photons/pixel
Epoch 0: loss = 3.141839027404785
Epoch 1: loss = 0.4536857604980469
Epoch 2: loss = 0.4536266028881073
Epoch 3: loss = 0.45361679792404175
Epoch 4: loss = 0.45361602306365967
Epoch 5: loss = 0.45361584424972534
Epoch 6: loss = 0.45361584424972534
Early stopping at epoch 6 with loss 0.4536857604980469
Reconstruction for fluence = 483.2930238571752 photons/pixel
Epoch 0: loss = 15.738874435424805
Epoch 1: loss = 1.0586018562316895
Epoch 2: loss = 1.0583782196044922
Epoch 3: loss = 1.0583338737487793
Epoch 4: loss = 1.0583268404006958
Epoch 5: loss = 1.0583267211914062
Epoch 6: loss = 1.0583263635635376
Epoch 7: loss = 1.058326244354248
Early stopping at epoch 7 with loss 1.0583782196044922
Reconstruction for fluence = 1128.8378916846884 photons/pixel
Epoch 0: loss = 82.53245544433594
Epoch 1: loss = 2.477494239807129
Epoch 2: loss = 2.4765262603759766
Epoch 3: loss = 2.4763317108154297
Epoch 4: loss = 2.476294994354248
Epoch 5: loss = 2.4762887954711914
Epoch 6: loss = 2.476288318634033
Epoch 7: loss = 2.476287841796875
Epoch 8: loss = 2.476287841796875
Early stopping at epoch 8 with loss 2.4763317108154297
Reconstruction for fluence = 2636.6508987303555 photons/pixel
Epoch 0: loss = 442.4725341796875
Epoch 1: loss = 5.789149284362793
Epoch 2: loss = 5.7846269607543945
Epoch 3: loss = 5.783736228942871
Epoch 4: loss = 5.783526420593262
Epoch 5: loss = 5.78348445892334
Epoch 6: loss = 5.783473491668701
Epoch 7: loss = 5.783473014831543
Epoch 8: loss = 5.783473014831543
Epoch 9: loss = 5.783472061157227
Early stopping at epoch 9 with loss 5.783526420593262
Reconstruction for fluence = 6158.482110660255 photons/pixel
Epoch 0: loss = 2396.23291015625
Epoch 1: loss = 13.564228057861328
Epoch 2: loss = 13.540304183959961
Epoch 3: loss = 13.535888671875
Epoch 4: loss = 13.534942626953125
Epoch 5: loss = 13.53467845916748
Epoch 6: loss = 13.5346097946167
Epoch 7: loss = 13.53460693359375
Epoch 8: loss = 13.534595489501953
Epoch 9: loss = 13.534587860107422
Epoch 10: loss = 13.53458023071289
Early stopping at epoch 10 with loss 13.53467845916748
Reconstruction for fluence = 14384.498882876629 photons/pixel
Epoch 0: loss = 13032.6904296875
Epoch 1: loss = 31.686668395996094
Epoch 2: loss = 31.560096740722656
Epoch 3: loss = 31.53683090209961
Epoch 4: loss = 31.531902313232422
Epoch 5: loss = 31.53053092956543
Epoch 6: loss = 31.5301513671875
Epoch 7: loss = 31.530000686645508
Epoch 8: loss = 31.529972076416016
Epoch 9: loss = 31.529949188232422
Epoch 10: loss = 31.52993392944336
Epoch 11: loss = 31.529930114746094
Epoch 12: loss = 31.529930114746094
Early stopping at epoch 12 with loss 31.530000686645508
Reconstruction for fluence = 33598.18286283781 photons/pixel
Epoch 0: loss = 70988.34375
Epoch 1: loss = 74.31303405761719
Epoch 2: loss = 73.63450622558594
Epoch 3: loss = 73.51563262939453
Epoch 4: loss = 73.49038696289062
Epoch 5: loss = 73.48469543457031
Epoch 6: loss = 73.48214721679688
Epoch 7: loss = 73.48106384277344
Epoch 8: loss = 73.4805908203125
Epoch 9: loss = 73.48043823242188
Epoch 10: loss = 73.48040771484375
Epoch 11: loss = 73.4803695678711
Epoch 12: loss = 73.4803466796875
Epoch 13: loss = 73.4803466796875
Epoch 14: loss = 73.48033142089844
Epoch 15: loss = 73.48033142089844
Epoch 16: loss = 73.48031616210938
Epoch 17: loss = 73.48030853271484
Epoch 18: loss = 73.48029327392578
Epoch 19: loss = 73.48028564453125
Early stopping at epoch 19 with loss 73.48033142089844
Reconstruction for fluence = 78475.99703514607 photons/pixel
Epoch 0: loss = 387057.9375
Epoch 1: loss = 175.7857666015625
Epoch 2: loss = 172.09727478027344
Epoch 3: loss = 171.42892456054688
Epoch 4: loss = 171.30014038085938
Epoch 5: loss = 171.26449584960938
Epoch 6: loss = 171.2539825439453
Epoch 7: loss = 171.24960327148438
Epoch 8: loss = 171.24781799316406
Epoch 9: loss = 171.24693298339844
Epoch 10: loss = 171.24655151367188
Epoch 11: loss = 171.24649047851562
Epoch 12: loss = 171.2464599609375
Epoch 13: loss = 171.2464599609375
Epoch 14: loss = 171.24642944335938
Epoch 15: loss = 171.2464141845703
Epoch 16: loss = 171.24636840820312
Epoch 17: loss = 171.24636840820312
Epoch 18: loss = 171.24636840820312
Epoch 19: loss = 171.24635314941406
Early stopping at epoch 19 with loss 171.24642944335938
Reconstruction for fluence = 183298.07108324335 photons/pixel
Epoch 0: loss = 2111085.5
Epoch 1: loss = 424.6365051269531
Epoch 2: loss = 404.56292724609375
Epoch 3: loss = 400.9483947753906
Epoch 4: loss = 400.23638916015625
Epoch 5: loss = 400.03948974609375
Epoch 6: loss = 399.982421875
Epoch 7: loss = 399.95892333984375
Epoch 8: loss = 399.94830322265625
Epoch 9: loss = 399.9434814453125
Epoch 10: loss = 399.9411315917969
Epoch 11: loss = 399.9404296875
Epoch 12: loss = 399.94024658203125
Epoch 13: loss = 399.9400939941406
Epoch 14: loss = 399.93988037109375
Epoch 15: loss = 399.9398193359375
Epoch 16: loss = 399.9398193359375
Epoch 17: loss = 399.93975830078125
Epoch 18: loss = 399.9397277832031
Epoch 19: loss = 399.9397277832031
Epoch 20: loss = 399.939697265625
Epoch 21: loss = 399.93963623046875
Epoch 22: loss = 399.93963623046875
Epoch 23: loss = 399.93963623046875
Epoch 24: loss = 399.9395751953125
Epoch 25: loss = 399.9395751953125
Epoch 26: loss = 399.9395751953125
Early stopping at epoch 26 with loss 399.93963623046875
Reconstruction for fluence = 428133.2398719387 photons/pixel
Epoch 0: loss = 11516706.0
Epoch 1: loss = 1072.4678955078125
Epoch 2: loss = 963.30419921875
Epoch 3: loss = 943.8414916992188
Epoch 4: loss = 939.7488403320312
Epoch 5: loss = 938.683349609375
Epoch 6: loss = 938.382080078125
Epoch 7: loss = 938.2561645507812
Epoch 8: loss = 938.201416015625
Epoch 9: loss = 938.1756591796875
Epoch 10: loss = 938.163818359375
Epoch 11: loss = 938.1583251953125
Epoch 12: loss = 938.15771484375
Epoch 13: loss = 938.1571044921875
Epoch 14: loss = 938.156494140625
Epoch 15: loss = 938.1558837890625
Epoch 16: loss = 938.155517578125
Epoch 17: loss = 938.1552734375
Epoch 18: loss = 938.1551513671875
Epoch 19: loss = 938.155029296875
Epoch 20: loss = 938.1549072265625
Epoch 21: loss = 938.1548461914062
Epoch 22: loss = 938.15478515625
Epoch 23: loss = 938.1546630859375
Epoch 24: loss = 938.1546020507812
Epoch 25: loss = 938.1544799804688
Epoch 26: loss = 938.1544799804688
Epoch 27: loss = 938.1543579101562
Epoch 28: loss = 938.154296875
Epoch 29: loss = 938.154296875
Epoch 30: loss = 938.1542358398438
Epoch 31: loss = 938.1541748046875
Epoch 32: loss = 938.1541748046875
Epoch 33: loss = 938.1541748046875
Early stopping at epoch 33 with loss 938.154296875
Reconstruction for fluence = 1000000.0 photons/pixel
Epoch 0: loss = 62827800.0
Epoch 1: loss = 2923.22998046875
Epoch 2: loss = 2326.88232421875
Epoch 3: loss = 2219.2626953125
Epoch 4: loss = 2198.537841796875
Epoch 5: loss = 2192.906982421875
Epoch 6: loss = 2191.324462890625
Epoch 7: loss = 2190.60986328125
Epoch 8: loss = 2190.29931640625
Epoch 9: loss = 2190.15283203125
Epoch 10: loss = 2190.08154296875
Epoch 11: loss = 2190.05126953125
Epoch 12: loss = 2190.04248046875
Epoch 13: loss = 2190.0322265625
Epoch 14: loss = 2190.03076171875
Epoch 15: loss = 2190.02880859375
Epoch 16: loss = 2190.02734375
Epoch 17: loss = 2190.02685546875
Epoch 18: loss = 2190.026123046875
Epoch 19: loss = 2190.02587890625
Epoch 20: loss = 2190.02587890625
Epoch 21: loss = 2190.025390625
Epoch 22: loss = 2190.025390625
Epoch 23: loss = 2190.02490234375
Epoch 24: loss = 2190.0244140625
Epoch 25: loss = 2190.0244140625
Epoch 26: loss = 2190.0244140625
Epoch 27: loss = 2190.02392578125
Epoch 28: loss = 2190.02392578125
Epoch 29: loss = 2190.0234375
Epoch 30: loss = 2190.0234375
Epoch 31: loss = 2190.0234375
Epoch 32: loss = 2190.02294921875
Epoch 33: loss = 2190.02294921875
Epoch 34: loss = 2190.02294921875
Epoch 35: loss = 2190.02294921875
Epoch 36: loss = 2190.02294921875
Epoch 37: loss = 2190.02294921875
Early stopping at epoch 37 with loss 2190.02294921875
Tensors initialization on device cuda
Multiprobe = grad

('MSE', 'PoissonNLL') RECONSTRUCTIONS

Reconstruction for fluence = 0.09999999999999999 photons/pixel
Epoch 0: loss = 0.00021983415354043245
Epoch 1: loss = 0.00021983415354043245
Epoch 2: loss = 0.00021983415354043245
Epoch 3: loss = 0.00021983415354043245
Epoch 4: loss = 0.00021983415354043245
Epoch 5: loss = 0.00021983415354043245
Early stopping at epoch 5 with loss 0.00021983415354043245
Epoch 0: loss = 0.0017487469594925642
Epoch 1: loss = 0.0017487180884927511
Epoch 2: loss = 0.0017486894503235817
Epoch 3: loss = 0.0017486608121544123
Epoch 4: loss = 0.0017486321739852428
Epoch 5: loss = 0.001748603768646717
Early stopping at epoch 5 with loss 0.0017487469594925642
Reconstruction for fluence = 0.23357214690901223 photons/pixel
Epoch 0: loss = 0.0005187687347643077
Epoch 1: loss = 0.0005187687347643077
Epoch 2: loss = 0.0005187687347643077
Epoch 3: loss = 0.0005187687347643077
Epoch 4: loss = 0.0005187687347643077
Epoch 5: loss = 0.0005187687347643077
Early stopping at epoch 5 with loss 0.0005187687347643077
Epoch 0: loss = 0.0036857041995972395
Epoch 1: loss = 0.0036856220103800297
Epoch 2: loss = 0.003685539588332176
Epoch 3: loss = 0.0036854571662843227
Epoch 4: loss = 0.0036853752098977566
Epoch 5: loss = 0.003685292787849903
Early stopping at epoch 5 with loss 0.0036857041995972395
Reconstruction for fluence = 0.5455594781168519 photons/pixel
Epoch 0: loss = 0.0012243059463799
Epoch 1: loss = 0.0012243059463799
Epoch 2: loss = 0.0012243059463799
Epoch 3: loss = 0.0012243059463799
Epoch 4: loss = 0.0012243059463799
Epoch 5: loss = 0.0012243059463799
Early stopping at epoch 5 with loss 0.0012243059463799
Epoch 0: loss = 0.007592599838972092
Epoch 1: loss = 0.007592359557747841
Epoch 2: loss = 0.007592112757265568
Epoch 3: loss = 0.007591850124299526
Epoch 4: loss = 0.00759155722334981
Epoch 5: loss = 0.007591206580400467
Early stopping at epoch 5 with loss 0.007592599838972092
Reconstruction for fluence = 1.2742749857031335 photons/pixel
Epoch 0: loss = 0.0028823805041611195
Epoch 1: loss = 0.0028823805041611195
Epoch 2: loss = 0.0028823805041611195
Epoch 3: loss = 0.0028823805041611195
Epoch 4: loss = 0.0028823805041611195
Epoch 5: loss = 0.0028823805041611195
Early stopping at epoch 5 with loss 0.0028823805041611195
Epoch 0: loss = 0.015223704278469086
Epoch 1: loss = 0.015222985297441483
Epoch 2: loss = 0.015221906825900078
Epoch 3: loss = 0.015219444409012794
Epoch 4: loss = 0.015215040184557438
Epoch 5: loss = 0.01350460760295391
Epoch 6: loss = 0.013361337594687939
Epoch 7: loss = 0.013361337594687939
Epoch 8: loss = 0.013361337594687939
Epoch 9: loss = 0.013361337594687939
Epoch 10: loss = 0.013361337594687939
Epoch 11: loss = 0.013361337594687939
Early stopping at epoch 11 with loss 0.013361337594687939
Reconstruction for fluence = 2.976351441631318 photons/pixel
Epoch 0: loss = 0.007084038108587265
Epoch 1: loss = 0.007083965931087732
Epoch 2: loss = 0.0070838937535882
Epoch 3: loss = 0.00708382111042738
Epoch 4: loss = 0.007083749398589134
Epoch 5: loss = 0.007083676755428314
Early stopping at epoch 5 with loss 0.007084038108587265
Epoch 0: loss = 0.030172597616910934
Epoch 1: loss = 0.030166486278176308
Epoch 2: loss = 0.025903290137648582
Epoch 3: loss = 0.02585231512784958
Epoch 4: loss = 0.02585231512784958
Epoch 5: loss = 0.02585231512784958
Epoch 6: loss = 0.02585231512784958
Epoch 7: loss = 0.02585231512784958
Early stopping at epoch 7 with loss 0.025903290137648582
Reconstruction for fluence = 6.9519279617756045 photons/pixel
Epoch 0: loss = 0.01838742010295391
Epoch 1: loss = 0.01838529109954834
Epoch 2: loss = 0.018383163958787918
Epoch 3: loss = 0.018381040543317795
Epoch 4: loss = 0.01837891712784767
Epoch 5: loss = 0.018376797437667847
Early stopping at epoch 5 with loss 0.01838742010295391
Epoch 0: loss = 0.05773958936333656
Epoch 1: loss = 0.04776977002620697
Epoch 2: loss = 0.04771840572357178
Epoch 3: loss = 0.04771840572357178
Epoch 4: loss = 0.04771840572357178
Epoch 5: loss = 0.04771840572357178
Epoch 6: loss = 0.04771840572357178
Early stopping at epoch 6 with loss 0.04776977002620697
Reconstruction for fluence = 16.23776739188721 photons/pixel
Epoch 0: loss = 0.05228067934513092
Epoch 1: loss = 0.03562106564640999
Epoch 2: loss = 0.03562106564640999
Epoch 3: loss = 0.03562106564640999
Epoch 4: loss = 0.03562106564640999
Epoch 5: loss = 0.03562106564640999
Epoch 6: loss = 0.03562106564640999
Early stopping at epoch 6 with loss 0.03562106564640999
Epoch 0: loss = 0.08171743154525757
Epoch 1: loss = 0.08171650767326355
Epoch 2: loss = 0.08171559870243073
Epoch 3: loss = 0.0817147046327591
Epoch 4: loss = 0.08171382546424866
Epoch 5: loss = 0.08171294629573822
Early stopping at epoch 5 with loss 0.08171743154525757
Reconstruction for fluence = 37.926901907322495 photons/pixel
Epoch 0: loss = 0.17364302277565002
Epoch 1: loss = 0.08304668962955475
Epoch 2: loss = 0.0830429345369339
Epoch 3: loss = 0.0830429345369339
Epoch 4: loss = 0.0830429345369339
Epoch 5: loss = 0.0830429345369339
Epoch 6: loss = 0.0830429345369339
Early stopping at epoch 6 with loss 0.08304668962955475
Epoch 0: loss = 0.11972533911466599
Epoch 1: loss = 0.11972299218177795
Epoch 2: loss = 0.11972065269947052
Epoch 3: loss = 0.11971832811832428
Epoch 4: loss = 0.11971600353717804
Epoch 5: loss = 0.119713693857193
Early stopping at epoch 5 with loss 0.11972533911466599
Reconstruction for fluence = 88.58667904100822 photons/pixel
Epoch 0: loss = 0.6877347230911255
Epoch 1: loss = 0.1945071816444397
Epoch 2: loss = 0.19449132680892944
Epoch 3: loss = 0.19448944926261902
Epoch 4: loss = 0.19448944926261902
Epoch 5: loss = 0.19448944926261902
Epoch 6: loss = 0.19448944926261902
Early stopping at epoch 6 with loss 0.1945071816444397
Epoch 0: loss = 0.1136932373046875
Epoch 1: loss = 0.11368681490421295
Epoch 2: loss = 0.11368042975664139
Epoch 3: loss = 0.1136741042137146
Epoch 4: loss = 0.1136678159236908
Epoch 5: loss = 0.11366157233715057
Early stopping at epoch 5 with loss 0.1136932373046875
Reconstruction for fluence = 206.9138081114788 photons/pixel
Epoch 0: loss = 3.1428050994873047
Epoch 1: loss = 0.45329758524894714
Epoch 2: loss = 0.4532421827316284
Epoch 3: loss = 0.45323213934898376
Epoch 4: loss = 0.4532311260700226
Epoch 5: loss = 0.4532310366630554
Epoch 6: loss = 0.45323094725608826
Early stopping at epoch 6 with loss 0.45329758524894714
Epoch 0: loss = -0.12139331549406052
Epoch 1: loss = -0.12297443300485611
Epoch 2: loss = -0.12297443300485611
Epoch 3: loss = -0.12297443300485611
Epoch 4: loss = -0.12297443300485611
Epoch 5: loss = -0.12297443300485611
Epoch 6: loss = -0.12297443300485611
Early stopping at epoch 6 with loss -0.12297443300485611
Reconstruction for fluence = 483.2930238571752 photons/pixel
Epoch 0: loss = 15.747889518737793
Epoch 1: loss = 1.0623787641525269
Epoch 2: loss = 1.0621623992919922
Epoch 3: loss = 1.0621135234832764
Epoch 4: loss = 1.0621061325073242
Epoch 5: loss = 1.0621058940887451
Epoch 6: loss = 1.0621055364608765
Epoch 7: loss = 1.062105417251587
Early stopping at epoch 7 with loss 1.0621623992919922
Epoch 0: loss = -1.183344841003418
Epoch 1: loss = -1.1853306293487549
Epoch 2: loss = -1.185330867767334
Epoch 3: loss = -1.185330867767334
Epoch 4: loss = -1.185330867767334
Epoch 5: loss = -1.185330867767334
Epoch 6: loss = -1.185330867767334
Early stopping at epoch 6 with loss -1.1853306293487549
Reconstruction for fluence = 1128.8378916846884 photons/pixel
Epoch 0: loss = 82.53314208984375
Epoch 1: loss = 2.4774394035339355
Epoch 2: loss = 2.476486921310425
Epoch 3: loss = 2.4762957096099854
Epoch 4: loss = 2.476262092590332
Epoch 5: loss = 2.476256847381592
Epoch 6: loss = 2.476255416870117
Epoch 7: loss = 2.47625470161438
Epoch 8: loss = 2.4762542247772217
Early stopping at epoch 8 with loss 2.4762957096099854
Epoch 0: loss = -4.874111652374268
Epoch 1: loss = -4.876466751098633
Epoch 2: loss = -4.876466751098633
Epoch 3: loss = -4.876466751098633
Epoch 4: loss = -4.876466751098633
Epoch 5: loss = -4.876466751098633
Epoch 6: loss = -4.876466751098633
Early stopping at epoch 6 with loss -4.876466751098633
Reconstruction for fluence = 2636.6508987303555 photons/pixel
Epoch 0: loss = 442.51708984375
Epoch 1: loss = 5.779333591461182
Epoch 2: loss = 5.77475643157959
Epoch 3: loss = 5.77385139465332
Epoch 4: loss = 5.773641586303711
Epoch 5: loss = 5.773593902587891
Epoch 6: loss = 5.773588180541992
Epoch 7: loss = 5.773586273193359
Epoch 8: loss = 5.773585319519043
Epoch 9: loss = 5.773584365844727
Early stopping at epoch 9 with loss 5.773641586303711
Epoch 0: loss = -16.303192138671875
Epoch 1: loss = -16.30611801147461
Epoch 2: loss = -16.306119918823242
Epoch 3: loss = -16.306119918823242
Epoch 4: loss = -16.306119918823242
Epoch 5: loss = -16.306119918823242
Epoch 6: loss = -16.306119918823242
Early stopping at epoch 6 with loss -16.30611801147461
Reconstruction for fluence = 6158.482110660255 photons/pixel
Epoch 0: loss = 2396.46484375
Epoch 1: loss = 13.53341293334961
Epoch 2: loss = 13.509811401367188
Epoch 3: loss = 13.505309104919434
Epoch 4: loss = 13.504369735717773
Epoch 5: loss = 13.504117012023926
Epoch 6: loss = 13.504049301147461
Epoch 7: loss = 13.504047393798828
Epoch 8: loss = 13.504039764404297
Epoch 9: loss = 13.5040283203125
Epoch 10: loss = 13.504024505615234
Early stopping at epoch 10 with loss 13.504117012023926
Epoch 0: loss = -49.55849838256836
Epoch 1: loss = -49.56197738647461
Epoch 2: loss = -49.56197738647461
Epoch 3: loss = -49.56197738647461
Epoch 4: loss = -49.56197738647461
Epoch 5: loss = -49.56197738647461
Epoch 6: loss = -49.56197738647461
Early stopping at epoch 6 with loss -49.56197738647461
Reconstruction for fluence = 14384.498882876629 photons/pixel
Epoch 0: loss = 13030.921875
Epoch 1: loss = 31.674373626708984
Epoch 2: loss = 31.548603057861328
Epoch 3: loss = 31.525638580322266
Epoch 4: loss = 31.520992279052734
Epoch 5: loss = 31.519580841064453
Epoch 6: loss = 31.519248962402344
Epoch 7: loss = 31.51907730102539
Epoch 8: loss = 31.519065856933594
Epoch 9: loss = 31.519004821777344
Epoch 10: loss = 31.518997192382812
Epoch 11: loss = 31.51898956298828
Epoch 12: loss = 31.518985748291016
Early stopping at epoch 12 with loss 31.51907730102539
Epoch 0: loss = -142.57522583007812
Epoch 1: loss = -142.5788116455078
Epoch 2: loss = -142.5788116455078
Epoch 3: loss = -142.5788116455078
Epoch 4: loss = -142.5788116455078
Epoch 5: loss = -142.5788116455078
Epoch 6: loss = -142.5788116455078
Early stopping at epoch 6 with loss -142.5788116455078
Reconstruction for fluence = 33598.18286283781 photons/pixel
Epoch 0: loss = 70993.296875
Epoch 1: loss = 74.30998229980469
Epoch 2: loss = 73.63080596923828
Epoch 3: loss = 73.50662994384766
Epoch 4: loss = 73.48321533203125
Epoch 5: loss = 73.47627258300781
Epoch 6: loss = 73.47468566894531
Epoch 7: loss = 73.47393035888672
Epoch 8: loss = 73.47337341308594
Epoch 9: loss = 73.47314453125
Epoch 10: loss = 73.47309112548828
Epoch 11: loss = 73.47306823730469
Epoch 12: loss = 73.47303771972656
Epoch 13: loss = 73.4730224609375
Epoch 14: loss = 73.47301483154297
Epoch 0: loss = -395.64208984375
Epoch 1: loss = -395.6461181640625
Epoch 2: loss = -395.6461181640625
Epoch 3: loss = -395.6461181640625
Epoch 4: loss = -395.6461181640625
Epoch 5: loss = -395.6461181640625
Epoch 6: loss = -395.6461181640625
Early stopping at epoch 6 with loss -395.6461181640625
Reconstruction for fluence = 78475.99703514607 photons/pixel
Epoch 0: loss = 387053.25
Epoch 1: loss = 176.03952026367188
Epoch 2: loss = 172.30992126464844
Epoch 3: loss = 171.67031860351562
Epoch 4: loss = 171.53936767578125
Epoch 5: loss = 171.50267028808594
Epoch 6: loss = 171.4921875
Epoch 7: loss = 171.4877166748047
Epoch 8: loss = 171.48568725585938
Epoch 9: loss = 171.48526000976562
Epoch 10: loss = 171.48455810546875
Epoch 11: loss = 171.48443603515625
Epoch 12: loss = 171.484375
Epoch 13: loss = 171.48434448242188
Epoch 14: loss = 171.48434448242188
Epoch 0: loss = -1070.4564208984375
Epoch 1: loss = -1070.4603271484375
Epoch 2: loss = -1070.46044921875
Epoch 3: loss = -1070.4605712890625
Epoch 4: loss = -1070.4605712890625
Epoch 5: loss = -1070.4605712890625
Epoch 6: loss = -1070.4605712890625
Epoch 7: loss = -1070.4605712890625
Epoch 8: loss = -1070.4605712890625
Early stopping at epoch 8 with loss -1070.4605712890625
Reconstruction for fluence = 183298.07108324335 photons/pixel
Epoch 0: loss = 2111174.75
Epoch 1: loss = 425.7939453125
Epoch 2: loss = 405.76824951171875
Epoch 3: loss = 402.212158203125
Epoch 4: loss = 401.46856689453125
Epoch 5: loss = 401.2657470703125
Epoch 6: loss = 401.2083740234375
Epoch 7: loss = 401.1829833984375
Epoch 8: loss = 401.1820068359375
Epoch 9: loss = 401.1716003417969
Epoch 10: loss = 401.1667785644531
Epoch 11: loss = 401.16461181640625
Epoch 12: loss = 401.163818359375
Epoch 13: loss = 401.16375732421875
Epoch 14: loss = 401.16357421875
Epoch 0: loss = -2841.81689453125
Epoch 1: loss = -2841.8212890625
Epoch 2: loss = -2841.8212890625
Epoch 3: loss = -2841.8212890625
Epoch 4: loss = -2841.8212890625
Epoch 5: loss = -2841.8212890625
Epoch 6: loss = -2841.8212890625
Early stopping at epoch 6 with loss -2841.8212890625
Reconstruction for fluence = 428133.2398719387 photons/pixel
Epoch 0: loss = 11516716.0
Epoch 1: loss = 1070.4383544921875
Epoch 2: loss = 960.9742431640625
Epoch 3: loss = 941.4227905273438
Epoch 4: loss = 937.4269409179688
Epoch 5: loss = 936.3292236328125
Epoch 6: loss = 936.011474609375
Epoch 7: loss = 935.892578125
Epoch 8: loss = 935.832275390625
Epoch 9: loss = 935.8065185546875
Epoch 10: loss = 935.7944946289062
Epoch 11: loss = 935.7891235351562
Epoch 12: loss = 935.7886962890625
Epoch 13: loss = 935.78662109375
Epoch 14: loss = 935.786376953125
Epoch 0: loss = -7435.6689453125
Epoch 1: loss = -7435.6728515625
Epoch 2: loss = -7435.67333984375
Epoch 3: loss = -7435.67333984375
Epoch 4: loss = -7435.67333984375
Epoch 5: loss = -7435.67333984375
Epoch 6: loss = -7435.67333984375
Epoch 7: loss = -7435.67333984375
Early stopping at epoch 7 with loss -7435.67333984375
Reconstruction for fluence = 1000000.0 photons/pixel
Epoch 0: loss = 62827896.0
Epoch 1: loss = 2929.26123046875
Epoch 2: loss = 2333.962890625
Epoch 3: loss = 2227.087646484375
Epoch 4: loss = 2206.5078125
Epoch 5: loss = 2199.8896484375
Epoch 6: loss = 2198.22705078125
Epoch 7: loss = 2197.5205078125
Epoch 8: loss = 2197.209716796875
Epoch 9: loss = 2197.06005859375
Epoch 10: loss = 2196.9931640625
Epoch 11: loss = 2196.961181640625
Epoch 12: loss = 2196.94970703125
Epoch 13: loss = 2196.94189453125
Epoch 14: loss = 2196.94140625
Epoch 0: loss = -19231.6015625
Epoch 1: loss = -19231.6015625
Epoch 2: loss = -19231.60546875
Epoch 3: loss = -19231.60546875
Epoch 4: loss = -19231.60546875
Epoch 5: loss = -19231.60546875
Epoch 6: loss = -19231.60546875
Epoch 7: loss = -19231.60546875
Early stopping at epoch 7 with loss -19231.60546875
Simulation for principal_mode_weight=11 and n_fluences=20 completed!
