Running simulation for steps_size=8 and n_fluences=20
Steps size: 8
Tensors initialization on device cuda
Multiprobe = band_lim
torch.Size([1, 64, 64])

('MSE', None) RECONSTRUCTIONS

Reconstruction for fluence = 0.09999999999999999 photons/pixel
Epoch 0: loss = 0.017949752509593964
Epoch 1: loss = 0.01794544979929924
Epoch 2: loss = 0.017941154539585114
Epoch 3: loss = 0.017936863005161285
Epoch 4: loss = 0.017932578921318054
Epoch 5: loss = 0.01792829856276512
Early stopping at epoch 5 with loss 0.017949752509593964
Reconstruction for fluence = 0.23357214690901223 photons/pixel
Epoch 0: loss = 0.053821347653865814
Epoch 1: loss = 0.02845670096576214
Epoch 2: loss = 0.028449123725295067
Epoch 3: loss = 0.028449123725295067
Epoch 4: loss = 0.028449123725295067
Epoch 5: loss = 0.028449123725295067
Epoch 6: loss = 0.028449123725295067
Early stopping at epoch 6 with loss 0.02845670096576214
Reconstruction for fluence = 0.5455594781168519 photons/pixel
Epoch 0: loss = 0.19476629793643951
Epoch 1: loss = 0.06577591598033905
Epoch 2: loss = 0.06573393940925598
Epoch 3: loss = 0.06573361903429031
Epoch 4: loss = 0.06573361903429031
Epoch 5: loss = 0.06573361903429031
Epoch 6: loss = 0.06573361903429031
Early stopping at epoch 6 with loss 0.06577591598033905
Reconstruction for fluence = 1.2742749857031335 photons/pixel
Epoch 0: loss = 0.8200335502624512
Epoch 1: loss = 0.15518051385879517
Epoch 2: loss = 0.15493008494377136
Epoch 3: loss = 0.15492656826972961
Epoch 4: loss = 0.15492653846740723
Epoch 5: loss = 0.15492653846740723
Epoch 6: loss = 0.15492653846740723
Epoch 7: loss = 0.15492653846740723
Early stopping at epoch 7 with loss 0.15493008494377136
Reconstruction for fluence = 2.976351441631318 photons/pixel
Epoch 0: loss = 3.909518241882324
Epoch 1: loss = 0.3616005480289459
Epoch 2: loss = 0.3606615662574768
Epoch 3: loss = 0.36063504219055176
Epoch 4: loss = 0.36063438653945923
Epoch 5: loss = 0.3606342077255249
Epoch 6: loss = 0.3606342077255249
Epoch 7: loss = 0.3606342077255249
Early stopping at epoch 7 with loss 0.3606615662574768
Reconstruction for fluence = 6.9519279617756045 photons/pixel
Epoch 0: loss = 19.930179595947266
Epoch 1: loss = 0.834844708442688
Epoch 2: loss = 0.8311994075775146
Epoch 3: loss = 0.8310536742210388
Epoch 4: loss = 0.8310468196868896
Epoch 5: loss = 0.8310455679893494
Epoch 6: loss = 0.831045389175415
Epoch 7: loss = 0.831045389175415
Epoch 8: loss = 0.831045389175415
Early stopping at epoch 8 with loss 0.8310536742210388
Reconstruction for fluence = 16.23776739188721 photons/pixel
Epoch 0: loss = 105.73368072509766
Epoch 1: loss = 1.9541680812835693
Epoch 2: loss = 1.9415359497070312
Epoch 3: loss = 1.9408297538757324
Epoch 4: loss = 1.9407598972320557
Epoch 5: loss = 1.9407522678375244
Epoch 6: loss = 1.9407520294189453
Epoch 7: loss = 1.9407517910003662
Epoch 8: loss = 1.9407517910003662
Early stopping at epoch 8 with loss 1.9408297538757324
Reconstruction for fluence = 37.926901907322495 photons/pixel
Epoch 0: loss = 571.2091064453125
Epoch 1: loss = 4.499000549316406
Epoch 2: loss = 4.448872089385986
Epoch 3: loss = 4.445523738861084
Epoch 4: loss = 4.445091247558594
Epoch 5: loss = 4.4450225830078125
Epoch 6: loss = 4.445016860961914
Epoch 7: loss = 4.445015907287598
Epoch 8: loss = 4.445013046264648
Epoch 9: loss = 4.445013046264648
Early stopping at epoch 9 with loss 4.445091247558594
Reconstruction for fluence = 88.58667904100822 photons/pixel
Epoch 0: loss = 3102.328125
Epoch 1: loss = 10.672697067260742
Epoch 2: loss = 10.505560874938965
Epoch 3: loss = 10.491954803466797
Epoch 4: loss = 10.489880561828613
Epoch 5: loss = 10.48942756652832
Epoch 6: loss = 10.489351272583008
Epoch 7: loss = 10.489309310913086
Epoch 8: loss = 10.48930549621582
Epoch 9: loss = 10.489304542541504
Epoch 10: loss = 10.489301681518555
Epoch 11: loss = 10.489301681518555
Epoch 12: loss = 10.489295959472656
Early stopping at epoch 12 with loss 10.489309310913086
Reconstruction for fluence = 206.9138081114788 photons/pixel
Epoch 0: loss = 16886.56640625
Epoch 1: loss = 25.033857345581055
Epoch 2: loss = 24.298309326171875
Epoch 3: loss = 24.249584197998047
Epoch 4: loss = 24.240346908569336
Epoch 5: loss = 24.237897872924805
Epoch 6: loss = 24.237342834472656
Epoch 7: loss = 24.23714256286621
Epoch 8: loss = 24.23709487915039
Epoch 9: loss = 24.237075805664062
Epoch 10: loss = 24.23706817626953
Epoch 11: loss = 24.23706817626953
Epoch 12: loss = 24.237049102783203
Early stopping at epoch 12 with loss 24.23714256286621
Reconstruction for fluence = 483.2930238571752 photons/pixel
Epoch 0: loss = 91920.1328125
Epoch 1: loss = 60.328609466552734
Epoch 2: loss = 56.746334075927734
Epoch 3: loss = 56.52448272705078
Epoch 4: loss = 56.47914123535156
Epoch 5: loss = 56.46705627441406
Epoch 6: loss = 56.46379470825195
Epoch 7: loss = 56.46247100830078
Epoch 8: loss = 56.46180725097656
Epoch 9: loss = 56.461509704589844
Epoch 10: loss = 56.461448669433594
Epoch 11: loss = 56.461421966552734
Epoch 12: loss = 56.46141815185547
Epoch 13: loss = 56.46139144897461
Epoch 14: loss = 56.461387634277344
Epoch 15: loss = 56.46138000488281
Epoch 16: loss = 56.46138000488281
Epoch 17: loss = 56.461368560791016
Epoch 18: loss = 56.461368560791016
Early stopping at epoch 18 with loss 56.46139144897461
Reconstruction for fluence = 1128.8378916846884 photons/pixel
Epoch 0: loss = 500962.4375
Epoch 1: loss = 149.36517333984375
Epoch 2: loss = 131.71490478515625
Epoch 3: loss = 130.6828155517578
Epoch 4: loss = 130.47952270507812
Epoch 5: loss = 130.42445373535156
Epoch 6: loss = 130.40823364257812
Epoch 7: loss = 130.40084838867188
Epoch 8: loss = 130.39739990234375
Epoch 9: loss = 130.39569091796875
Epoch 10: loss = 130.3949737548828
Epoch 11: loss = 130.3948974609375
Epoch 12: loss = 130.39483642578125
Epoch 13: loss = 130.39483642578125
Epoch 14: loss = 130.39483642578125
Epoch 15: loss = 130.39459228515625
Epoch 16: loss = 130.39459228515625
Epoch 17: loss = 130.39459228515625
Epoch 18: loss = 130.39453125
Epoch 19: loss = 130.39453125
Epoch 20: loss = 130.39451599121094
Early stopping at epoch 20 with loss 130.39459228515625
Reconstruction for fluence = 2636.6508987303555 photons/pixel
Epoch 0: loss = 2733590.5
Epoch 1: loss = 397.5888366699219
Epoch 2: loss = 306.349365234375
Epoch 3: loss = 300.4673156738281
Epoch 4: loss = 299.426513671875
Epoch 5: loss = 299.1348876953125
Epoch 6: loss = 299.05328369140625
Epoch 7: loss = 299.0187683105469
Epoch 8: loss = 299.0005187988281
Epoch 9: loss = 298.9925537109375
Epoch 10: loss = 298.9888916015625
Epoch 11: loss = 298.98797607421875
Epoch 12: loss = 298.98779296875
Epoch 13: loss = 298.9873046875
Epoch 14: loss = 298.9873046875
Epoch 15: loss = 298.98712158203125
Epoch 16: loss = 298.9866943359375
Epoch 17: loss = 298.98651123046875
Epoch 18: loss = 298.98651123046875
Epoch 19: loss = 298.9864196777344
Epoch 20: loss = 298.9864196777344
Epoch 21: loss = 298.9864196777344
Epoch 22: loss = 298.9862365722656
Epoch 23: loss = 298.9861755371094
Epoch 24: loss = 298.98614501953125
Epoch 25: loss = 298.98614501953125
Epoch 26: loss = 298.986083984375
Epoch 27: loss = 298.9859619140625
Epoch 28: loss = 298.98602294921875
Epoch 29: loss = 298.9859619140625
Epoch 30: loss = 298.9859619140625
Epoch 31: loss = 298.9859313964844
Epoch 32: loss = 298.98590087890625
Early stopping at epoch 32 with loss 298.9859619140625
Reconstruction for fluence = 6158.482110660255 photons/pixel
Epoch 0: loss = 14914390.0
Epoch 1: loss = 1246.3720703125
Epoch 2: loss = 764.1062622070312
Epoch 3: loss = 738.3990478515625
Epoch 4: loss = 732.74853515625
Epoch 5: loss = 731.2880859375
Epoch 6: loss = 730.8931884765625
Epoch 7: loss = 730.733642578125
Epoch 8: loss = 730.658935546875
Epoch 9: loss = 730.62451171875
Epoch 10: loss = 730.6076049804688
Epoch 11: loss = 730.6002197265625
Epoch 12: loss = 730.5994873046875
Epoch 13: loss = 730.597900390625
Epoch 14: loss = 730.595458984375
Epoch 15: loss = 730.5939331054688
Epoch 16: loss = 730.59375
Epoch 17: loss = 730.59375
Epoch 18: loss = 730.5933837890625
Epoch 19: loss = 730.5931396484375
Epoch 20: loss = 730.593017578125
Epoch 21: loss = 730.5927734375
Epoch 22: loss = 730.5928955078125
Epoch 23: loss = 730.5927124023438
Epoch 24: loss = 730.592529296875
Epoch 25: loss = 730.5924072265625
Epoch 26: loss = 730.59228515625
Epoch 27: loss = 730.5924072265625
Epoch 28: loss = 730.5921630859375
Epoch 29: loss = 730.592529296875
Epoch 30: loss = 730.59228515625
Epoch 31: loss = 730.59228515625
Early stopping at epoch 31 with loss 730.59228515625
Reconstruction for fluence = 14384.498882876629 photons/pixel
Epoch 0: loss = 81362960.0
Epoch 1: loss = 4461.5380859375
Epoch 2: loss = 1869.0684814453125
Epoch 3: loss = 1722.272216796875
Epoch 4: loss = 1693.30712890625
Epoch 5: loss = 1684.7264404296875
Epoch 6: loss = 1682.475341796875
Epoch 7: loss = 1681.50634765625
Epoch 8: loss = 1681.0009765625
Epoch 9: loss = 1680.77978515625
Epoch 10: loss = 1680.6680908203125
Epoch 11: loss = 1680.621826171875
Epoch 12: loss = 1680.599853515625
Epoch 13: loss = 1680.5938720703125
Epoch 14: loss = 1680.587646484375
Epoch 15: loss = 1680.5860595703125
Epoch 16: loss = 1680.58447265625
Epoch 17: loss = 1680.58251953125
Epoch 18: loss = 1680.579345703125
Epoch 19: loss = 1680.57763671875
Epoch 20: loss = 1680.577392578125
Epoch 21: loss = 1680.5771484375
Epoch 22: loss = 1680.575927734375
Epoch 23: loss = 1680.575439453125
Epoch 24: loss = 1680.5748291015625
Epoch 25: loss = 1680.5743408203125
Epoch 26: loss = 1680.5751953125
Epoch 27: loss = 1680.574951171875
Epoch 28: loss = 1680.57470703125
Epoch 29: loss = 1680.574462890625
Epoch 30: loss = 1680.574462890625
Early stopping at epoch 30 with loss 1680.5743408203125
Reconstruction for fluence = 33598.18286283781 photons/pixel
Epoch 0: loss = 443868704.0
Epoch 1: loss = 19135.6171875
Epoch 2: loss = 5024.615234375
Epoch 3: loss = 4186.9072265625
Epoch 4: loss = 4019.48681640625
Epoch 5: loss = 3972.26123046875
Epoch 6: loss = 3960.380615234375
Epoch 7: loss = 3956.16162109375
Epoch 8: loss = 3953.321044921875
Epoch 9: loss = 3952.164306640625
Epoch 10: loss = 3951.619384765625
Epoch 11: loss = 3951.39501953125
Epoch 12: loss = 3951.296142578125
Epoch 13: loss = 3951.232177734375
Epoch 14: loss = 3951.2119140625
Epoch 15: loss = 3951.189453125
Epoch 16: loss = 3951.18896484375
Epoch 17: loss = 3951.19140625
Epoch 18: loss = 3951.181640625
Epoch 19: loss = 3951.18115234375
Epoch 20: loss = 3951.1787109375
Epoch 21: loss = 3951.17626953125
Epoch 22: loss = 3951.170166015625
Epoch 23: loss = 3951.170654296875
Epoch 24: loss = 3951.172607421875
Epoch 25: loss = 3951.169921875
Epoch 26: loss = 3951.16748046875
Epoch 27: loss = 3951.173583984375
Epoch 28: loss = 3951.16796875
Epoch 29: loss = 3951.168701171875
Epoch 30: loss = 3951.171875
Epoch 31: loss = 3951.16943359375
Early stopping at epoch 31 with loss 3951.16748046875
Reconstruction for fluence = 78475.99703514607 photons/pixel
Epoch 0: loss = 2421452288.0
Epoch 1: loss = 91821.234375
Epoch 2: loss = 14812.8154296875
Epoch 3: loss = 10432.732421875
Epoch 4: loss = 9557.5126953125
Epoch 5: loss = 9313.4921875
Epoch 6: loss = 9248.80859375
Epoch 7: loss = 9223.513671875
Epoch 8: loss = 9210.6884765625
Epoch 9: loss = 9204.451171875
Epoch 10: loss = 9201.404296875
Epoch 11: loss = 9200.171875
Epoch 12: loss = 9199.6513671875
Epoch 13: loss = 9199.49609375
Epoch 14: loss = 9199.26171875
Epoch 15: loss = 9199.166015625
Epoch 16: loss = 9199.0693359375
Epoch 17: loss = 9199.0732421875
Epoch 18: loss = 9199.02734375
Epoch 19: loss = 9199.01953125
Epoch 20: loss = 9199.0078125
Epoch 21: loss = 9199.0078125
Epoch 22: loss = 9199.0087890625
Epoch 23: loss = 9198.998046875
Epoch 24: loss = 9198.986328125
Epoch 25: loss = 9198.990234375
Epoch 26: loss = 9198.990234375
Epoch 27: loss = 9198.98046875
Epoch 28: loss = 9198.9931640625
Epoch 29: loss = 9198.98828125
Epoch 30: loss = 9198.9921875
Epoch 31: loss = 9198.994140625
Epoch 32: loss = 9198.984375
Early stopping at epoch 32 with loss 9198.98046875
Reconstruction for fluence = 183298.07108324335 photons/pixel
Epoch 0: loss = 13209948160.0
Epoch 1: loss = 471202.25
Epoch 2: loss = 51490.3515625
Epoch 3: loss = 28585.279296875
Epoch 4: loss = 23494.2265625
Epoch 5: loss = 22207.95703125
Epoch 6: loss = 21866.16015625
Epoch 7: loss = 21718.48046875
Epoch 8: loss = 21644.78125
Epoch 9: loss = 21612.912109375
Epoch 10: loss = 21599.2265625
Epoch 11: loss = 21592.46875
Epoch 12: loss = 21589.611328125
Epoch 13: loss = 21588.87109375
Epoch 14: loss = 21587.578125
Epoch 15: loss = 21586.892578125
Epoch 16: loss = 21586.7421875
Epoch 17: loss = 21586.529296875
Epoch 18: loss = 21586.5078125
Epoch 19: loss = 21586.5078125
Epoch 20: loss = 21586.45703125
Epoch 21: loss = 21586.4140625
Epoch 22: loss = 21586.33984375
Epoch 23: loss = 21586.34765625
Epoch 24: loss = 21586.33203125
Epoch 25: loss = 21586.33203125
Epoch 26: loss = 21586.32421875
Epoch 27: loss = 21586.32421875
Epoch 28: loss = 21586.345703125
Epoch 29: loss = 21586.328125
Epoch 30: loss = 21586.33984375
Epoch 31: loss = 21586.28515625
Epoch 32: loss = 21586.32421875
Epoch 33: loss = 21586.330078125
Epoch 34: loss = 21586.3515625
Epoch 35: loss = 21586.29296875
Epoch 36: loss = 21586.32421875
Early stopping at epoch 36 with loss 21586.28515625
Reconstruction for fluence = 428133.2398719387 photons/pixel
Epoch 0: loss = 72069496832.0
Epoch 1: loss = 2504122.0
Epoch 2: loss = 215428.15625
Epoch 3: loss = 90441.1640625
Epoch 4: loss = 62094.359375
Epoch 5: loss = 54354.2734375
Epoch 6: loss = 52145.3203125
Epoch 7: loss = 51292.453125
Epoch 8: loss = 50881.28125
Epoch 9: loss = 50705.046875
Epoch 10: loss = 50609.8671875
Epoch 11: loss = 50572.8828125
Epoch 12: loss = 50555.1015625
Epoch 13: loss = 50545.4453125
Epoch 14: loss = 50540.8515625
Epoch 15: loss = 50538.30859375
Epoch 16: loss = 50537.015625
Epoch 17: loss = 50536.53125
Epoch 18: loss = 50536.09375
Epoch 19: loss = 50536.0078125
Epoch 20: loss = 50535.7578125
Epoch 21: loss = 50535.7890625
Epoch 22: loss = 50535.734375
Epoch 23: loss = 50535.7734375
Epoch 24: loss = 50535.63671875
Epoch 25: loss = 50535.9140625
Epoch 26: loss = 50535.6953125
Epoch 27: loss = 50535.734375
Epoch 28: loss = 50535.78125
Epoch 29: loss = 50535.9765625
Early stopping at epoch 29 with loss 50535.63671875
Reconstruction for fluence = 1000000.0 photons/pixel
Epoch 0: loss = 393174646784.0
Epoch 1: loss = 13512894.0
Epoch 2: loss = 1029871.625
Epoch 3: loss = 327129.125
Epoch 4: loss = 176642.1875
Epoch 5: loss = 137152.390625
Epoch 6: loss = 126150.5234375
Epoch 7: loss = 121430.34375
Epoch 8: loss = 119521.21875
Epoch 9: loss = 118547.5546875
Epoch 10: loss = 118134.4765625
Epoch 11: loss = 117962.3046875
Epoch 12: loss = 117881.703125
Epoch 13: loss = 117833.7890625
Epoch 14: loss = 117808.953125
Epoch 15: loss = 117798.109375
Epoch 16: loss = 117791.234375
Epoch 17: loss = 117789.84375
Epoch 18: loss = 117787.640625
Epoch 19: loss = 117785.953125
Epoch 20: loss = 117786.046875
Epoch 21: loss = 117785.90625
Epoch 22: loss = 117785.7734375
Epoch 23: loss = 117785.375
Epoch 24: loss = 117785.3671875
Epoch 25: loss = 117785.203125
Epoch 26: loss = 117785.796875
Epoch 27: loss = 117785.8359375
Epoch 28: loss = 117785.46875
Epoch 29: loss = 117785.5625
Epoch 30: loss = 117785.46875
Early stopping at epoch 30 with loss 117785.203125
Tensors initialization on device cuda
Multiprobe = band_lim
torch.Size([1, 64, 64])

('MSE', 'PoissonNLL') RECONSTRUCTIONS

Reconstruction for fluence = 0.09999999999999999 photons/pixel
Epoch 0: loss = 0.018249232321977615
Epoch 1: loss = 0.018244462087750435
Epoch 2: loss = 0.018239701166749
Epoch 3: loss = 0.018234945833683014
Epoch 4: loss = 0.018230196088552475
Epoch 5: loss = 0.018225453794002533
Early stopping at epoch 5 with loss 0.018249232321977615
Epoch 0: loss = 0.055261701345443726
Epoch 1: loss = 0.038398414850234985
Epoch 2: loss = 0.03837818652391434
Epoch 3: loss = 0.03837522864341736
Epoch 4: loss = 0.03837522864341736
Epoch 5: loss = 0.03837522864341736
Epoch 6: loss = 0.03837522864341736
Early stopping at epoch 6 with loss 0.038398414850234985
Reconstruction for fluence = 0.23357214690901223 photons/pixel
Epoch 0: loss = 0.05547165125608444
Epoch 1: loss = 0.02851988561451435
Epoch 2: loss = 0.028517931699752808
Epoch 3: loss = 0.028517931699752808
Epoch 4: loss = 0.028517931699752808
Epoch 5: loss = 0.028517931699752808
Epoch 6: loss = 0.028517931699752808
Early stopping at epoch 6 with loss 0.02851988561451435
Epoch 0: loss = 0.07737571001052856
Epoch 1: loss = 0.06528035551309586
Epoch 2: loss = 0.06527214497327805
Epoch 3: loss = 0.06527214497327805
Epoch 4: loss = 0.06527214497327805
Epoch 5: loss = 0.06527214497327805
Epoch 6: loss = 0.06527214497327805
Early stopping at epoch 6 with loss 0.06528035551309586
Reconstruction for fluence = 0.5455594781168519 photons/pixel
Epoch 0: loss = 0.2019123136997223
Epoch 1: loss = 0.06545192003250122
Epoch 2: loss = 0.06543533504009247
Epoch 3: loss = 0.06543533504009247
Epoch 4: loss = 0.06543533504009247
Epoch 5: loss = 0.06543533504009247
Epoch 6: loss = 0.06543533504009247
Early stopping at epoch 6 with loss 0.06545192003250122
Epoch 0: loss = 0.10845552384853363
Epoch 1: loss = 0.09090451896190643
Epoch 2: loss = 0.09088403731584549
Epoch 3: loss = 0.09087975323200226
Epoch 4: loss = 0.0908796414732933
Epoch 5: loss = 0.0908796414732933
Epoch 6: loss = 0.0908796414732933
Early stopping at epoch 6 with loss 0.09090451896190643
Reconstruction for fluence = 1.2742749857031335 photons/pixel
Epoch 0: loss = 0.870408296585083
Epoch 1: loss = 0.15421141684055328
Epoch 2: loss = 0.15411196649074554
Epoch 3: loss = 0.1541111022233963
Epoch 4: loss = 0.1541111022233963
Epoch 5: loss = 0.1541111022233963
Epoch 6: loss = 0.1541111022233963
Epoch 7: loss = 0.1541111022233963
Epoch 8: loss = 0.1541111022233963
Early stopping at epoch 8 with loss 0.1541111022233963
Epoch 0: loss = 0.09416532516479492
Epoch 1: loss = 0.06802408397197723
Epoch 2: loss = 0.0679856389760971
Epoch 3: loss = 0.06798340380191803
Epoch 4: loss = 0.06798218190670013
Epoch 5: loss = 0.06798158586025238
Epoch 6: loss = 0.06798158586025238
Early stopping at epoch 6 with loss 0.06802408397197723
Reconstruction for fluence = 2.976351441631318 photons/pixel
Epoch 0: loss = 4.1899495124816895
Epoch 1: loss = 0.3519165515899658
Epoch 2: loss = 0.3514482378959656
Epoch 3: loss = 0.351439893245697
Epoch 4: loss = 0.35143983364105225
Epoch 5: loss = 0.35143977403640747
Epoch 6: loss = 0.35143977403640747
Epoch 7: loss = 0.3514397144317627
Early stopping at epoch 7 with loss 0.3514482378959656
Epoch 0: loss = -0.15453916788101196
Epoch 1: loss = -0.19031673669815063
Epoch 2: loss = -0.19037014245986938
Epoch 3: loss = -0.19037410616874695
Epoch 4: loss = -0.19037514925003052
Epoch 5: loss = -0.1903751790523529
Epoch 6: loss = -0.1903758943080902
Early stopping at epoch 6 with loss -0.19031673669815063
Reconstruction for fluence = 6.9519279617756045 photons/pixel
Epoch 0: loss = 21.41851043701172
Epoch 1: loss = 0.817293643951416
Epoch 2: loss = 0.8149088621139526
Epoch 3: loss = 0.8148437738418579
Epoch 4: loss = 0.8148411512374878
Epoch 5: loss = 0.8148411512374878
Epoch 6: loss = 0.8148410320281982
Epoch 7: loss = 0.8148410320281982
Early stopping at epoch 7 with loss 0.8149088621139526
Epoch 0: loss = -1.2236474752426147
Epoch 1: loss = -1.2714741230010986
Epoch 2: loss = -1.2715551853179932
Epoch 3: loss = -1.2715696096420288
Epoch 4: loss = -1.2715725898742676
Epoch 5: loss = -1.2715728282928467
Epoch 6: loss = -1.2715728282928467
Early stopping at epoch 6 with loss -1.2714741230010986
Reconstruction for fluence = 16.23776739188721 photons/pixel
Epoch 0: loss = 113.82323455810547
Epoch 1: loss = 1.891613483428955
Epoch 2: loss = 1.881868600845337
Epoch 3: loss = 1.8814117908477783
Epoch 4: loss = 1.8813941478729248
Epoch 5: loss = 1.8813834190368652
Epoch 6: loss = 1.8813815116882324
Epoch 7: loss = 1.8813812732696533
Epoch 8: loss = 1.8813810348510742
Early stopping at epoch 8 with loss 1.8814117908477783
Epoch 0: loss = -4.825944900512695
Epoch 1: loss = -4.888129234313965
Epoch 2: loss = -4.8882551193237305
Epoch 3: loss = -4.888258934020996
Epoch 4: loss = -4.8882598876953125
Epoch 5: loss = -4.888275146484375
Epoch 6: loss = -4.888277053833008
Epoch 7: loss = -4.888278007507324
Early stopping at epoch 7 with loss -4.8882551193237305
Reconstruction for fluence = 37.926901907322495 photons/pixel
Epoch 0: loss = 613.8306884765625
Epoch 1: loss = 4.486800193786621
Epoch 2: loss = 4.45051908493042
Epoch 3: loss = 4.448294162750244
Epoch 4: loss = 4.44809627532959
Epoch 5: loss = 4.448078155517578
Epoch 6: loss = 4.448075771331787
Epoch 7: loss = 4.4480743408203125
Epoch 8: loss = 4.448073387145996
Epoch 9: loss = 4.448072910308838
Early stopping at epoch 9 with loss 4.44809627532959
Epoch 0: loss = -15.869706153869629
Epoch 1: loss = -15.948089599609375
Epoch 2: loss = -15.948236465454102
Epoch 3: loss = -15.948238372802734
Epoch 4: loss = -15.9482421875
Epoch 5: loss = -15.948244094848633
Epoch 6: loss = -15.94824504852295
Epoch 7: loss = -15.948247909545898
Early stopping at epoch 7 with loss -15.948236465454102
Reconstruction for fluence = 88.58667904100822 photons/pixel
Epoch 0: loss = 3330.3984375
Epoch 1: loss = 10.31608772277832
Epoch 2: loss = 10.171902656555176
Epoch 3: loss = 10.16292667388916
Epoch 4: loss = 10.16165542602539
Epoch 5: loss = 10.161455154418945
Epoch 6: loss = 10.161436080932617
Epoch 7: loss = 10.161425590515137
Epoch 8: loss = 10.161420822143555
Epoch 9: loss = 10.161418914794922
Epoch 10: loss = 10.161415100097656
Early stopping at epoch 10 with loss 10.161455154418945
Epoch 0: loss = -47.706695556640625
Epoch 1: loss = -47.80316162109375
Epoch 2: loss = -47.803199768066406
Epoch 3: loss = -47.803199768066406
Epoch 4: loss = -47.80320739746094
Epoch 5: loss = -47.80320739746094
Epoch 6: loss = -47.80320739746094
Early stopping at epoch 6 with loss -47.80316162109375
Reconstruction for fluence = 206.9138081114788 photons/pixel
Epoch 0: loss = 18131.625
Epoch 1: loss = 24.38969612121582
Epoch 2: loss = 23.80843734741211
Epoch 3: loss = 23.765398025512695
Epoch 4: loss = 23.75835418701172
Epoch 5: loss = 23.75700569152832
Epoch 6: loss = 23.756725311279297
Epoch 7: loss = 23.756649017333984
Epoch 8: loss = 23.756637573242188
Epoch 9: loss = 23.756637573242188
Epoch 10: loss = 23.75662612915039
Epoch 11: loss = 23.756620407104492
Epoch 12: loss = 23.75661849975586
Epoch 13: loss = 23.75661849975586
Epoch 14: loss = 23.756614685058594
Epoch 0: loss = -136.26394653320312
Epoch 1: loss = -136.37979125976562
Epoch 2: loss = -136.37982177734375
Epoch 3: loss = -136.37982177734375
Epoch 4: loss = -136.3798370361328
Epoch 5: loss = -136.3798370361328
Epoch 6: loss = -136.3798370361328
Early stopping at epoch 6 with loss -136.37979125976562
Reconstruction for fluence = 483.2930238571752 photons/pixel
Epoch 0: loss = 98745.21875
Epoch 1: loss = 58.385772705078125
Epoch 2: loss = 55.81085205078125
Epoch 3: loss = 55.58293914794922
Epoch 4: loss = 55.548133850097656
Epoch 5: loss = 55.540733337402344
Epoch 6: loss = 55.53893280029297
Epoch 7: loss = 55.53840637207031
Epoch 8: loss = 55.53800964355469
Epoch 9: loss = 55.537986755371094
Epoch 10: loss = 55.5379638671875
Epoch 11: loss = 55.53794860839844
Epoch 12: loss = 55.537940979003906
Epoch 13: loss = 55.53791809082031
Early stopping at epoch 13 with loss 55.53800964355469
Epoch 0: loss = -375.9604797363281
Epoch 1: loss = -376.0882873535156
Epoch 2: loss = -376.08831787109375
Epoch 3: loss = -376.08837890625
Epoch 4: loss = -376.08837890625
Epoch 5: loss = -376.08837890625
Epoch 6: loss = -376.0883483886719
Early stopping at epoch 6 with loss -376.0882873535156
Reconstruction for fluence = 1128.8378916846884 photons/pixel
Epoch 0: loss = 538352.875
Epoch 1: loss = 144.04776000976562
Epoch 2: loss = 131.7530517578125
Epoch 3: loss = 130.65835571289062
Epoch 4: loss = 130.48553466796875
Epoch 5: loss = 130.45005798339844
Epoch 6: loss = 130.43759155273438
Epoch 7: loss = 130.4341583251953
Epoch 8: loss = 130.4324951171875
Epoch 9: loss = 130.43211364746094
Epoch 10: loss = 130.43194580078125
Epoch 11: loss = 130.431884765625
Epoch 12: loss = 130.43179321289062
Epoch 13: loss = 130.4317626953125
Epoch 14: loss = 130.4316864013672
Epoch 0: loss = -1013.0170288085938
Epoch 1: loss = -1013.1558837890625
Epoch 2: loss = -1013.1558837890625
Epoch 3: loss = -1013.1558837890625
Epoch 4: loss = -1013.1558837890625
Epoch 5: loss = -1013.1558837890625
Epoch 6: loss = -1013.1558837890625
Early stopping at epoch 6 with loss -1013.1558837890625
Reconstruction for fluence = 2636.6508987303555 photons/pixel
Epoch 0: loss = 2937480.5
Epoch 1: loss = 379.1217956542969
Epoch 2: loss = 312.7550048828125
Epoch 3: loss = 307.66741943359375
Epoch 4: loss = 306.7353210449219
Epoch 5: loss = 306.55401611328125
Epoch 6: loss = 306.5037841796875
Epoch 7: loss = 306.48431396484375
Epoch 8: loss = 306.476318359375
Epoch 9: loss = 306.4729919433594
Epoch 10: loss = 306.4720153808594
Epoch 11: loss = 306.471923828125
Epoch 12: loss = 306.47149658203125
Epoch 13: loss = 306.47137451171875
Epoch 14: loss = 306.4712219238281
Epoch 0: loss = -2680.369140625
Epoch 1: loss = -2680.52880859375
Epoch 2: loss = -2680.52880859375
Epoch 3: loss = -2680.52880859375
Epoch 4: loss = -2680.52880859375
Epoch 5: loss = -2680.52880859375
Epoch 6: loss = -2680.52880859375
Early stopping at epoch 6 with loss -2680.52880859375
Reconstruction for fluence = 6158.482110660255 photons/pixel
Epoch 0: loss = 16025598.0
Epoch 1: loss = 1093.501708984375
Epoch 2: loss = 744.6004638671875
Epoch 3: loss = 718.6317749023438
Epoch 4: loss = 713.646240234375
Epoch 5: loss = 712.621826171875
Epoch 6: loss = 712.4024658203125
Epoch 7: loss = 712.2484741210938
Epoch 8: loss = 712.2017211914062
Epoch 9: loss = 712.181640625
Epoch 10: loss = 712.177001953125
Epoch 11: loss = 712.171630859375
Epoch 12: loss = 712.1710205078125
Epoch 13: loss = 712.1707153320312
Epoch 14: loss = 712.170166015625
Epoch 0: loss = -6996.40625
Epoch 1: loss = -6996.572265625
Epoch 2: loss = -6996.572265625
Epoch 3: loss = -6996.572265625
Epoch 4: loss = -6996.57275390625
Epoch 5: loss = -6996.57275390625
Epoch 6: loss = -6996.57275390625
Epoch 7: loss = -6996.57275390625
Epoch 8: loss = -6996.57275390625
Epoch 9: loss = -6996.57275390625
Early stopping at epoch 9 with loss -6996.57275390625
Reconstruction for fluence = 14384.498882876629 photons/pixel
Epoch 0: loss = 87431208.0
Epoch 1: loss = 3739.0009765625
Epoch 2: loss = 1843.15966796875
Epoch 3: loss = 1713.930908203125
Epoch 4: loss = 1682.2757568359375
Epoch 5: loss = 1676.7269287109375
Epoch 6: loss = 1675.046142578125
Epoch 7: loss = 1674.469970703125
Epoch 8: loss = 1674.218994140625
Epoch 9: loss = 1674.11376953125
Epoch 10: loss = 1674.0703125
Epoch 11: loss = 1674.054931640625
Epoch 12: loss = 1674.0498046875
Epoch 13: loss = 1674.048828125
Epoch 14: loss = 1674.0465087890625
Epoch 0: loss = -18057.490234375
Epoch 1: loss = -18057.66796875
Epoch 2: loss = -18057.66796875
Epoch 3: loss = -18057.66796875
Epoch 4: loss = -18057.66796875
Epoch 5: loss = -18057.66796875
Epoch 6: loss = -18057.66796875
Early stopping at epoch 6 with loss -18057.66796875
Reconstruction for fluence = 33598.18286283781 photons/pixel
Epoch 0: loss = 477028800.0
Epoch 1: loss = 15099.380859375
Epoch 2: loss = 4922.6748046875
Epoch 3: loss = 4100.671875
Epoch 4: loss = 3969.21337890625
Epoch 5: loss = 3936.75732421875
Epoch 6: loss = 3929.06494140625
Epoch 7: loss = 3926.04052734375
Epoch 8: loss = 3924.68310546875
Epoch 9: loss = 3924.1123046875
Epoch 10: loss = 3923.884765625
Epoch 11: loss = 3923.804443359375
Epoch 12: loss = 3923.79052734375
Epoch 13: loss = 3923.7744140625
Epoch 14: loss = 3923.7529296875
Epoch 0: loss = -46181.609375
Epoch 1: loss = -46181.78125
Epoch 2: loss = -46181.78515625
Epoch 3: loss = -46181.78515625
Epoch 4: loss = -46181.78515625
Epoch 5: loss = -46181.78515625
Epoch 6: loss = -46181.78515625
Epoch 7: loss = -46181.78515625
Early stopping at epoch 7 with loss -46181.78515625
Reconstruction for fluence = 78475.99703514607 photons/pixel
Epoch 0: loss = 2602312960.0
Epoch 1: loss = 70136.6015625
Epoch 2: loss = 14163.375
Epoch 3: loss = 10098.9453125
Epoch 4: loss = 9368.7685546875
Epoch 5: loss = 9195.7236328125
Epoch 6: loss = 9152.32421875
Epoch 7: loss = 9137.1572265625
Epoch 8: loss = 9129.9462890625
Epoch 9: loss = 9126.4140625
Epoch 10: loss = 9125.0
Epoch 11: loss = 9124.5068359375
Epoch 12: loss = 9124.310546875
Epoch 13: loss = 9124.1982421875
Epoch 14: loss = 9124.134765625
Epoch 0: loss = -117235.578125
Epoch 1: loss = -117235.7578125
Epoch 2: loss = -117235.7578125
Epoch 3: loss = -117235.7578125
Epoch 4: loss = -117235.7578125
Epoch 5: loss = -117235.7578125
Epoch 6: loss = -117235.7578125
Early stopping at epoch 6 with loss -117235.7578125
Reconstruction for fluence = 183298.07108324335 photons/pixel
Epoch 0: loss = 14197132288.0
Epoch 1: loss = 353591.46875
Epoch 2: loss = 47971.55859375
Epoch 3: loss = 26195.390625
Epoch 4: loss = 22160.3046875
Epoch 5: loss = 21288.73828125
Epoch 6: loss = 21055.0625
Epoch 7: loss = 20978.689453125
Epoch 8: loss = 20944.6796875
Epoch 9: loss = 20927.775390625
Epoch 10: loss = 20921.3046875
Epoch 11: loss = 20918.9140625
Epoch 12: loss = 20917.9453125
Epoch 13: loss = 20917.84375
Epoch 14: loss = 20917.3671875
Epoch 0: loss = -295691.125
Epoch 1: loss = -295691.3125
Epoch 2: loss = -295691.3125
Epoch 3: loss = -295691.3125
Epoch 4: loss = -295691.3125
Epoch 5: loss = -295691.3125
Epoch 6: loss = -295691.3125
Early stopping at epoch 6 with loss -295691.3125
Reconstruction for fluence = 428133.2398719387 photons/pixel
Epoch 0: loss = 77453377536.0
Epoch 1: loss = 1864607.5
Epoch 2: loss = 197475.8125
Epoch 3: loss = 77787.21875
Epoch 4: loss = 56309.7421875
Epoch 5: loss = 51950.421875
Epoch 6: loss = 50791.08984375
Epoch 7: loss = 50329.1015625
Epoch 8: loss = 50123.29296875
Epoch 9: loss = 50034.9296875
Epoch 10: loss = 49998.9375
Epoch 11: loss = 49985.9921875
Epoch 12: loss = 49980.609375
Epoch 13: loss = 49978.1015625
Epoch 14: loss = 49976.82421875
Epoch 0: loss = -741734.6875
Epoch 1: loss = -741734.875
Epoch 2: loss = -741734.875
Epoch 3: loss = -741734.875
Epoch 4: loss = -741734.875
Epoch 5: loss = -741734.875
Epoch 6: loss = -741734.875
Early stopping at epoch 6 with loss -741734.875
Reconstruction for fluence = 1000000.0 photons/pixel
Epoch 0: loss = 422548930560.0
Epoch 1: loss = 10007557.0
Epoch 2: loss = 923713.25
Epoch 3: loss = 279341.3125
Epoch 4: loss = 153009.125
Epoch 5: loss = 126442.296875
Epoch 6: loss = 119282.3671875
Epoch 7: loss = 116623.375
Epoch 8: loss = 115505.15625
Epoch 9: loss = 115044.7578125
Epoch 10: loss = 114849.375
Epoch 11: loss = 114782.5859375
Epoch 12: loss = 114755.859375
Epoch 13: loss = 114741.109375
Epoch 14: loss = 114733.8125
Epoch 0: loss = -1851782.875
Epoch 1: loss = -1851783.0
Epoch 2: loss = -1851783.0
Epoch 3: loss = -1851783.0
Epoch 4: loss = -1851783.0
Epoch 5: loss = -1851783.0
Epoch 6: loss = -1851783.0
Early stopping at epoch 6 with loss -1851783.0
Simulation for steps_size=8 and n_fluences=20 completed!
