Running simulation for steps_size=2 and n_fluences=20
Steps size: 2
Tensors initialization on device cuda
Multiprobe = band_lim
torch.Size([1, 64, 64])

('MSE', None) RECONSTRUCTIONS

Reconstruction for fluence = 0.09999999999999999 photons/pixel
Epoch 0: loss = 9903.05859375
Epoch 1: loss = 3636.18603515625
Epoch 2: loss = 3636.185791015625
Epoch 3: loss = 3636.185791015625
Epoch 4: loss = 3636.185546875
Epoch 5: loss = 3636.185546875
Epoch 6: loss = 3636.185546875
Epoch 7: loss = 3636.185546875
Epoch 8: loss = 3636.185546875
Epoch 9: loss = 3636.185546875
Epoch 10: loss = 3636.185546875
Epoch 11: loss = 3636.185546875
Epoch 12: loss = 3636.185546875
Early stopping at epoch 12 with loss 3636.185546875
Reconstruction for fluence = 0.23357214690901223 photons/pixel
Epoch 0: loss = 21641.447265625
Epoch 1: loss = 8371.40234375
Epoch 2: loss = 8371.40234375
Epoch 3: loss = 8371.40234375
Epoch 4: loss = 8371.40234375
Epoch 5: loss = 8371.40234375
Epoch 6: loss = 8371.40234375
Epoch 7: loss = 8371.40234375
Epoch 8: loss = 8371.40234375
Epoch 9: loss = 8371.40234375
Early stopping at epoch 9 with loss 8371.40234375
Reconstruction for fluence = 0.5455594781168519 photons/pixel
Epoch 0: loss = 45610.609375
Epoch 1: loss = 18753.201171875
Epoch 2: loss = 18753.201171875
Epoch 3: loss = 18753.19921875
Epoch 4: loss = 18753.19921875
Epoch 5: loss = 18753.19921875
Epoch 6: loss = 18753.19921875
Epoch 7: loss = 18753.19921875
Epoch 8: loss = 18753.19921875
Epoch 9: loss = 18753.19921875
Epoch 10: loss = 18753.19921875
Epoch 11: loss = 18753.19921875
Early stopping at epoch 11 with loss 18753.19921875
Reconstruction for fluence = 1.2742749857031335 photons/pixel
Epoch 0: loss = 90600.71875
Epoch 1: loss = 39740.8203125
Epoch 2: loss = 39740.8203125
Epoch 3: loss = 39740.8203125
Epoch 4: loss = 39740.8203125
Epoch 5: loss = 39740.8203125
Epoch 6: loss = 39740.8203125
Epoch 7: loss = 39740.81640625
Epoch 8: loss = 39740.81640625
Epoch 9: loss = 39740.8203125
Epoch 10: loss = 39740.81640625
Epoch 11: loss = 39740.8203125
Epoch 12: loss = 39740.8203125
Epoch 13: loss = 39740.8203125
Epoch 14: loss = 39740.8203125
Epoch 15: loss = 39740.8203125
Early stopping at epoch 15 with loss 39740.81640625
Reconstruction for fluence = 2.976351441631318 photons/pixel
Epoch 0: loss = 164912.90625
Epoch 1: loss = 76634.828125
Epoch 2: loss = 76634.828125
Epoch 3: loss = 76634.828125
Epoch 4: loss = 76634.828125
Epoch 5: loss = 76634.828125
Epoch 6: loss = 76634.828125
Epoch 7: loss = 76634.828125
Epoch 8: loss = 76634.828125
Epoch 9: loss = 76634.8203125
Epoch 10: loss = 76634.8203125
Epoch 11: loss = 76634.8203125
Epoch 12: loss = 76634.8203125
Epoch 13: loss = 76634.828125
Epoch 14: loss = 76634.828125
Epoch 15: loss = 76634.8203125
Epoch 16: loss = 76634.8203125
Epoch 17: loss = 76634.8203125
Early stopping at epoch 17 with loss 76634.8203125
Reconstruction for fluence = 6.9519279617756045 photons/pixel
Epoch 0: loss = 274726.9375
Epoch 1: loss = 129126.109375
Epoch 2: loss = 129126.1015625
Epoch 3: loss = 129126.09375
Epoch 4: loss = 129126.09375
Epoch 5: loss = 129126.09375
Epoch 6: loss = 129126.09375
Epoch 7: loss = 129126.09375
Epoch 8: loss = 129126.09375
Epoch 9: loss = 129126.09375
Epoch 10: loss = 129126.09375
Epoch 11: loss = 129126.09375
Early stopping at epoch 11 with loss 129126.09375
Reconstruction for fluence = 16.23776739188721 photons/pixel
Epoch 0: loss = 430376.3125
Epoch 1: loss = 183812.5
Epoch 2: loss = 183812.5
Epoch 3: loss = 183812.5
Epoch 4: loss = 183812.5
Epoch 5: loss = 183812.5
Epoch 6: loss = 183812.5
Epoch 7: loss = 183812.5
Epoch 8: loss = 183812.5
Epoch 9: loss = 183812.5
Early stopping at epoch 9 with loss 183812.5
Reconstruction for fluence = 37.926901907322495 photons/pixel
Epoch 0: loss = 691921.375
Epoch 1: loss = 229720.75
Epoch 2: loss = 229720.734375
Epoch 3: loss = 229720.734375
Epoch 4: loss = 229720.75
Epoch 5: loss = 229720.734375
Epoch 6: loss = 229720.734375
Epoch 7: loss = 229720.734375
Epoch 8: loss = 229720.734375
Epoch 9: loss = 229720.734375
Epoch 10: loss = 229720.734375
Early stopping at epoch 10 with loss 229720.734375
Reconstruction for fluence = 88.58667904100822 photons/pixel
Epoch 0: loss = 1252077.375
Epoch 1: loss = 277872.6875
Epoch 2: loss = 277872.6875
Epoch 3: loss = 277872.6875
Epoch 4: loss = 277872.65625
Epoch 5: loss = 277872.65625
Epoch 6: loss = 277872.65625
Epoch 7: loss = 277872.65625
Epoch 8: loss = 277872.65625
Epoch 9: loss = 277872.65625
Epoch 10: loss = 277872.65625
Epoch 11: loss = 277872.65625
Epoch 12: loss = 277872.65625
Early stopping at epoch 12 with loss 277872.65625
Reconstruction for fluence = 206.9138081114788 photons/pixel
Epoch 0: loss = 2554537.0
Epoch 1: loss = 349577.0
Epoch 2: loss = 349577.0
Epoch 3: loss = 349577.0
Epoch 4: loss = 349577.0
Epoch 5: loss = 349577.0
Epoch 6: loss = 349577.0
Epoch 7: loss = 349577.0
Epoch 8: loss = 349577.0
Epoch 9: loss = 349577.0
Early stopping at epoch 9 with loss 349577.0
Reconstruction for fluence = 483.2930238571752 photons/pixel
Epoch 0: loss = 5623824.0
Epoch 1: loss = 463438.75
Epoch 2: loss = 463438.75
Epoch 3: loss = 463438.75
Epoch 4: loss = 463438.75
Epoch 5: loss = 463438.75
Epoch 6: loss = 463438.75
Epoch 7: loss = 463438.75
Epoch 8: loss = 463438.75
Epoch 9: loss = 463438.75
Early stopping at epoch 9 with loss 463438.75
Reconstruction for fluence = 1128.8378916846884 photons/pixel
Epoch 0: loss = 12824494.0
Epoch 1: loss = 617574.25
Epoch 2: loss = 617574.25
Epoch 3: loss = 617574.25
Epoch 4: loss = 617574.25
Epoch 5: loss = 617574.25
Epoch 6: loss = 617574.25
Epoch 7: loss = 617574.25
Epoch 8: loss = 617574.25
Epoch 9: loss = 617574.25
Early stopping at epoch 9 with loss 617574.25
Reconstruction for fluence = 2636.6508987303555 photons/pixel
Epoch 0: loss = 29643360.0
Epoch 1: loss = 800218.1875
Epoch 2: loss = 800218.1875
Epoch 3: loss = 800218.1875
Epoch 4: loss = 800218.1875
Epoch 5: loss = 800218.1875
Epoch 6: loss = 800218.1875
Epoch 7: loss = 800218.1875
Epoch 8: loss = 800218.1875
Epoch 9: loss = 800218.1875
Early stopping at epoch 9 with loss 800218.1875
Reconstruction for fluence = 6158.482110660255 photons/pixel
Epoch 0: loss = 68944976.0
Epoch 1: loss = 988032.625
Epoch 2: loss = 988032.625
Epoch 3: loss = 988032.625
Epoch 4: loss = 988032.625
Epoch 5: loss = 988032.625
Epoch 6: loss = 988032.625
Epoch 7: loss = 988032.625
Epoch 8: loss = 988032.625
Epoch 9: loss = 988032.625
Early stopping at epoch 9 with loss 988032.625
Reconstruction for fluence = 14384.498882876629 photons/pixel
Epoch 0: loss = 160787888.0
Epoch 1: loss = 1137392.875
Epoch 2: loss = 1137392.75
Epoch 3: loss = 1137392.75
Epoch 4: loss = 1137392.75
Epoch 5: loss = 1137392.75
Epoch 6: loss = 1137392.75
Epoch 7: loss = 1137392.75
Epoch 8: loss = 1137392.75
Epoch 9: loss = 1137392.75
Epoch 10: loss = 1137392.75
Early stopping at epoch 10 with loss 1137392.75
Reconstruction for fluence = 33598.18286283781 photons/pixel
Epoch 0: loss = 375198208.0
Epoch 1: loss = 1218679.75
Epoch 2: loss = 1218679.75
Epoch 3: loss = 1218679.875
Epoch 4: loss = 1218679.875
Epoch 5: loss = 1218680.0
Epoch 6: loss = 1218679.875
Epoch 7: loss = 1218679.875
Epoch 8: loss = 1218679.875
Epoch 9: loss = 1218679.875
Early stopping at epoch 9 with loss 1218679.75
Reconstruction for fluence = 78475.99703514607 photons/pixel
Epoch 0: loss = 876224256.0
Epoch 1: loss = 1227190.0
Epoch 2: loss = 1227190.0
Epoch 3: loss = 1227190.0
Epoch 4: loss = 1227190.0
Epoch 5: loss = 1227190.0
Epoch 6: loss = 1227190.0
Epoch 7: loss = 1227190.0
Epoch 8: loss = 1227190.0
Epoch 9: loss = 1227190.0
Early stopping at epoch 9 with loss 1227190.0
Reconstruction for fluence = 183298.07108324335 photons/pixel
Epoch 0: loss = 2046196480.0
Epoch 1: loss = 1194516.75
Epoch 2: loss = 1194516.75
Epoch 3: loss = 1194516.75
Epoch 4: loss = 1194516.75
Epoch 5: loss = 1194516.75
Epoch 6: loss = 1194516.75
Epoch 7: loss = 1194516.75
Epoch 8: loss = 1194516.75
Epoch 9: loss = 1194516.75
Early stopping at epoch 9 with loss 1194516.75
Reconstruction for fluence = 428133.2398719387 photons/pixel
Epoch 0: loss = 4778978304.0
Epoch 1: loss = 1151153.0
Epoch 2: loss = 1149477.125
Epoch 3: loss = 1149477.25
Epoch 4: loss = 1149477.25
Epoch 5: loss = 1149477.25
Epoch 6: loss = 1149477.25
Epoch 7: loss = 1149477.125
Epoch 8: loss = 1149477.25
Epoch 9: loss = 1149477.25
Epoch 10: loss = 1149477.125
Early stopping at epoch 10 with loss 1149477.125
Reconstruction for fluence = 1000000.0 photons/pixel
Epoch 0: loss = 11162650624.0
Epoch 1: loss = 1113455.75
Epoch 2: loss = 1108379.375
Epoch 3: loss = 1108379.25
Epoch 4: loss = 1108379.375
Epoch 5: loss = 1108379.375
Epoch 6: loss = 1108379.375
Epoch 7: loss = 1108379.375
Epoch 8: loss = 1108379.375
Epoch 9: loss = 1108379.375
Epoch 10: loss = 1108379.25
Epoch 11: loss = 1108379.25
Early stopping at epoch 11 with loss 1108379.25
Tensors initialization on device cuda
Multiprobe = band_lim
torch.Size([1, 64, 64])

('MSE', 'PoissonNLL') RECONSTRUCTIONS

Reconstruction for fluence = 0.09999999999999999 photons/pixel
Epoch 0: loss = 10001.416015625
Epoch 1: loss = 3614.68408203125
Epoch 2: loss = 3614.68408203125
Epoch 3: loss = 3614.68408203125
Epoch 4: loss = 3614.68408203125
Epoch 5: loss = 3614.683837890625
Epoch 6: loss = 3614.68408203125
Epoch 7: loss = 3614.68408203125
Epoch 8: loss = 3614.68359375
Epoch 9: loss = 3614.68359375
Epoch 10: loss = 3614.68359375
Epoch 11: loss = 3614.68359375
Epoch 12: loss = 3614.683837890625
Epoch 13: loss = 3614.683837890625
Epoch 14: loss = 3614.683837890625
Epoch 0: loss = 0.00782620720565319
Epoch 1: loss = 0.007823579013347626
Epoch 2: loss = 0.00782096292823553
Epoch 3: loss = 0.007818358018994331
Epoch 4: loss = 0.007815762422978878
Epoch 5: loss = 0.00781317800283432
Epoch 6: loss = 0.007810603827238083
Epoch 7: loss = 0.007808039430528879
Epoch 8: loss = 0.007805485278367996
Early stopping at epoch 8 with loss 0.00782620720565319
Reconstruction for fluence = 0.23357214690901223 photons/pixel
Epoch 0: loss = 22049.6796875
Epoch 1: loss = 8352.869140625
Epoch 2: loss = 8352.8681640625
Epoch 3: loss = 8352.8681640625
Epoch 4: loss = 8352.8681640625
Epoch 5: loss = 8352.8681640625
Epoch 6: loss = 8352.8681640625
Epoch 7: loss = 8352.8681640625
Epoch 8: loss = 8352.8681640625
Epoch 9: loss = 8352.8681640625
Epoch 10: loss = 8352.8681640625
Early stopping at epoch 10 with loss 8352.8681640625
Epoch 0: loss = 0.01509777083992958
Epoch 1: loss = 0.015091447159647942
Epoch 2: loss = 0.015085162594914436
Epoch 3: loss = 0.015078917145729065
Epoch 4: loss = 0.01507270522415638
Epoch 5: loss = 0.015066530555486679
Epoch 6: loss = 0.01506038848310709
Epoch 7: loss = 0.015054278075695038
Epoch 8: loss = 0.015048199333250523
Early stopping at epoch 8 with loss 0.01509777083992958
Reconstruction for fluence = 0.5455594781168519 photons/pixel
Epoch 0: loss = 46960.68359375
Epoch 1: loss = 18887.873046875
Epoch 2: loss = 18887.873046875
Epoch 3: loss = 18887.875
Epoch 4: loss = 18887.873046875
Epoch 5: loss = 18887.873046875
Epoch 6: loss = 18887.875
Epoch 7: loss = 18887.875
Epoch 8: loss = 18887.875
Epoch 9: loss = 18887.875
Early stopping at epoch 9 with loss 18887.873046875
Epoch 0: loss = 0.027928154915571213
Epoch 1: loss = 0.018899254500865936
Epoch 2: loss = 0.018899254500865936
Epoch 3: loss = 0.018899254500865936
Epoch 4: loss = 0.018899254500865936
Epoch 5: loss = 0.018899254500865936
Epoch 6: loss = 0.018899254500865936
Epoch 7: loss = 0.018899254500865936
Epoch 8: loss = 0.018899254500865936
Epoch 9: loss = 0.018899254500865936
Early stopping at epoch 9 with loss 0.018899254500865936
Reconstruction for fluence = 1.2742749857031335 photons/pixel
Epoch 0: loss = 94634.796875
Epoch 1: loss = 40631.578125
Epoch 2: loss = 40631.578125
Epoch 3: loss = 40631.578125
Epoch 4: loss = 40631.578125
Epoch 5: loss = 40631.578125
Epoch 6: loss = 40631.578125
Epoch 7: loss = 40631.578125
Epoch 8: loss = 40631.578125
Epoch 9: loss = 40631.578125
Early stopping at epoch 9 with loss 40631.578125
Epoch 0: loss = 0.04832921922206879
Epoch 1: loss = 0.03496629744768143
Epoch 2: loss = 0.03496629744768143
Epoch 3: loss = 0.03496629744768143
Epoch 4: loss = 0.03496629744768143
Epoch 5: loss = 0.03496629744768143
Epoch 6: loss = 0.03496629744768143
Epoch 7: loss = 0.03496629744768143
Epoch 8: loss = 0.03496629744768143
Epoch 9: loss = 0.03496629744768143
Early stopping at epoch 9 with loss 0.03496629744768143
Reconstruction for fluence = 2.976351441631318 photons/pixel
Epoch 0: loss = 174514.03125
Epoch 1: loss = 80209.234375
Epoch 2: loss = 80209.2421875
Epoch 3: loss = 80209.2421875
Epoch 4: loss = 80209.2421875
Epoch 5: loss = 80209.2421875
Epoch 6: loss = 80209.234375
Epoch 7: loss = 80209.234375
Epoch 8: loss = 80209.234375
Epoch 9: loss = 80209.234375
Early stopping at epoch 9 with loss 80209.234375
Epoch 0: loss = 0.07626321911811829
Epoch 1: loss = 0.05986304581165314
Epoch 2: loss = 0.05986304581165314
Epoch 3: loss = 0.05986304581165314
Epoch 4: loss = 0.05986304581165314
Epoch 5: loss = 0.05986304581165314
Epoch 6: loss = 0.05986304581165314
Epoch 7: loss = 0.05986304581165314
Epoch 8: loss = 0.05986304581165314
Epoch 9: loss = 0.05986304581165314
Early stopping at epoch 9 with loss 0.05986304581165314
Reconstruction for fluence = 6.9519279617756045 photons/pixel
Epoch 0: loss = 289137.59375
Epoch 1: loss = 135523.9375
Epoch 2: loss = 135523.9375
Epoch 3: loss = 135523.921875
Epoch 4: loss = 135523.921875
Epoch 5: loss = 135523.921875
Epoch 6: loss = 135523.921875
Epoch 7: loss = 135523.921875
Epoch 8: loss = 135523.921875
Epoch 9: loss = 135523.921875
Epoch 10: loss = 135523.921875
Epoch 11: loss = 135523.9375
Early stopping at epoch 11 with loss 135523.921875
Epoch 0: loss = 0.1049683541059494
Epoch 1: loss = 0.08866997063159943
Epoch 2: loss = 0.0886671245098114
Epoch 3: loss = 0.0886664018034935
Epoch 4: loss = 0.0886664018034935
Epoch 5: loss = 0.0886664018034935
Epoch 6: loss = 0.0886664018034935
Epoch 7: loss = 0.0886664018034935
Epoch 8: loss = 0.0886664018034935
Epoch 9: loss = 0.0886664018034935
Early stopping at epoch 9 with loss 0.08866997063159943
Reconstruction for fluence = 16.23776739188721 photons/pixel
Epoch 0: loss = 441764.9375
Epoch 1: loss = 189846.859375
Epoch 2: loss = 189846.859375
Epoch 3: loss = 189846.859375
Epoch 4: loss = 189846.859375
Epoch 5: loss = 189846.859375
Epoch 6: loss = 189846.859375
Epoch 7: loss = 189846.859375
Epoch 8: loss = 189846.859375
Epoch 9: loss = 189846.859375
Early stopping at epoch 9 with loss 189846.859375
Epoch 0: loss = 0.10080209374427795
Epoch 1: loss = 0.08628188073635101
Epoch 2: loss = 0.08627906441688538
Epoch 3: loss = 0.08627867698669434
Epoch 4: loss = 0.08627867698669434
Epoch 5: loss = 0.08627867698669434
Epoch 6: loss = 0.08627867698669434
Epoch 7: loss = 0.08627867698669434
Epoch 8: loss = 0.08627867698669434
Epoch 9: loss = 0.08627867698669434
Early stopping at epoch 9 with loss 0.08628188073635101
Reconstruction for fluence = 37.926901907322495 photons/pixel
Epoch 0: loss = 699057.25
Epoch 1: loss = 232841.46875
Epoch 2: loss = 232841.46875
Epoch 3: loss = 232841.46875
Epoch 4: loss = 232841.46875
Epoch 5: loss = 232841.46875
Epoch 6: loss = 232841.46875
Epoch 7: loss = 232841.46875
Epoch 8: loss = 232841.46875
Epoch 9: loss = 232841.46875
Early stopping at epoch 9 with loss 232841.46875
Epoch 0: loss = -0.06485378742218018
Epoch 1: loss = -0.07997409999370575
Epoch 2: loss = -0.07997502386569977
Epoch 3: loss = -0.0799751803278923
Epoch 4: loss = -0.07997533679008484
Epoch 5: loss = -0.07997535169124603
Epoch 6: loss = -0.07997535169124603
Epoch 7: loss = -0.07997535169124603
Epoch 8: loss = -0.07997535169124603
Epoch 9: loss = -0.07997535169124603
Early stopping at epoch 9 with loss -0.07997409999370575
Reconstruction for fluence = 88.58667904100822 photons/pixel
Epoch 0: loss = 1268086.25
Epoch 1: loss = 282218.875
Epoch 2: loss = 282218.875
Epoch 3: loss = 282218.90625
Epoch 4: loss = 282218.90625
Epoch 5: loss = 282218.90625
Epoch 6: loss = 282218.90625
Epoch 7: loss = 282218.90625
Epoch 8: loss = 282218.90625
Epoch 9: loss = 282218.90625
Early stopping at epoch 9 with loss 282218.875
Epoch 0: loss = -0.8264666199684143
Epoch 1: loss = -0.8459612727165222
Epoch 2: loss = -0.8459619283676147
Epoch 3: loss = -0.8459622859954834
Epoch 4: loss = -0.8459622859954834
Epoch 5: loss = -0.845962405204773
Epoch 6: loss = -0.8459627628326416
Epoch 7: loss = -0.8459627628326416
Epoch 8: loss = -0.8459627628326416
Epoch 9: loss = -0.8459630012512207
Early stopping at epoch 9 with loss -0.8459612727165222
Reconstruction for fluence = 206.9138081114788 photons/pixel
Epoch 0: loss = 2595325.75
Epoch 1: loss = 357539.4375
Epoch 2: loss = 357539.375
Epoch 3: loss = 357539.375
Epoch 4: loss = 357539.375
Epoch 5: loss = 357539.375
Epoch 6: loss = 357539.375
Epoch 7: loss = 357539.375
Epoch 8: loss = 357539.375
Epoch 9: loss = 357539.375
Epoch 10: loss = 357539.375
Early stopping at epoch 10 with loss 357539.375
Epoch 0: loss = -3.4964089393615723
Epoch 1: loss = -3.5228214263916016
Epoch 2: loss = -3.5228214263916016
Epoch 3: loss = -3.5228216648101807
Epoch 4: loss = -3.5228219032287598
Epoch 5: loss = -3.5228219032287598
Epoch 6: loss = -3.5228219032287598
Epoch 7: loss = -3.5228219032287598
Epoch 8: loss = -3.5228219032287598
Epoch 9: loss = -3.5228219032287598
Early stopping at epoch 9 with loss -3.5228214263916016
Reconstruction for fluence = 483.2930238571752 photons/pixel
Epoch 0: loss = 5731322.0
Epoch 1: loss = 471248.03125
Epoch 2: loss = 471248.0
Epoch 3: loss = 471248.03125
Epoch 4: loss = 471248.03125
Epoch 5: loss = 471248.03125
Epoch 6: loss = 471248.03125
Epoch 7: loss = 471248.03125
Epoch 8: loss = 471248.03125
Epoch 9: loss = 471248.0
Epoch 10: loss = 471248.03125
Early stopping at epoch 10 with loss 471248.0
Epoch 0: loss = -11.790852546691895
Epoch 1: loss = -11.82508659362793
Epoch 2: loss = -11.825088500976562
Epoch 3: loss = -11.825088500976562
Epoch 4: loss = -11.825088500976562
Epoch 5: loss = -11.825088500976562
Epoch 6: loss = -11.825088500976562
Epoch 7: loss = -11.825088500976562
Epoch 8: loss = -11.825088500976562
Epoch 9: loss = -11.825088500976562
Early stopping at epoch 9 with loss -11.82508659362793
Reconstruction for fluence = 1128.8378916846884 photons/pixel
Epoch 0: loss = 13077472.0
Epoch 1: loss = 622729.75
Epoch 2: loss = 622729.75
Epoch 3: loss = 622729.75
Epoch 4: loss = 622729.75
Epoch 5: loss = 622729.75
Epoch 6: loss = 622729.75
Epoch 7: loss = 622729.75
Epoch 8: loss = 622729.75
Epoch 9: loss = 622729.75
Early stopping at epoch 9 with loss 622729.75
Epoch 0: loss = -35.986976623535156
Epoch 1: loss = -36.026878356933594
Epoch 2: loss = -36.026878356933594
Epoch 3: loss = -36.026878356933594
Epoch 4: loss = -36.026878356933594
Epoch 5: loss = -36.026878356933594
Epoch 6: loss = -36.02688217163086
Epoch 7: loss = -36.02688217163086
Epoch 8: loss = -36.02688217163086
Epoch 9: loss = -36.02688217163086
Early stopping at epoch 9 with loss -36.026878356933594
Reconstruction for fluence = 2636.6508987303555 photons/pixel
Epoch 0: loss = 30220656.0
Epoch 1: loss = 803146.0
Epoch 2: loss = 803146.0
Epoch 3: loss = 803146.0
Epoch 4: loss = 803146.0
Epoch 5: loss = 803146.0
Epoch 6: loss = 803146.0
Epoch 7: loss = 803146.0
Epoch 8: loss = 803146.0
Epoch 9: loss = 803146.0
Early stopping at epoch 9 with loss 803146.0
Epoch 0: loss = -103.83139038085938
Epoch 1: loss = -103.87249755859375
Epoch 2: loss = -103.87249755859375
Epoch 3: loss = -103.87249755859375
Epoch 4: loss = -103.87249755859375
Epoch 5: loss = -103.87249755859375
Epoch 6: loss = -103.87249755859375
Epoch 7: loss = -103.87249755859375
Epoch 8: loss = -103.87249755859375
Epoch 9: loss = -103.87250518798828
Early stopping at epoch 9 with loss -103.87249755859375
Reconstruction for fluence = 6158.482110660255 photons/pixel
Epoch 0: loss = 70347320.0
Epoch 1: loss = 984857.125
Epoch 2: loss = 984857.125
Epoch 3: loss = 984857.125
Epoch 4: loss = 984857.125
Epoch 5: loss = 984857.125
Epoch 6: loss = 984857.125
Epoch 7: loss = 984857.125
Epoch 8: loss = 984857.125
Epoch 9: loss = 984857.125
Early stopping at epoch 9 with loss 984857.125
Epoch 0: loss = -288.3648376464844
Epoch 1: loss = -288.40087890625
Epoch 2: loss = -288.40087890625
Epoch 3: loss = -288.40087890625
Epoch 4: loss = -288.40087890625
Epoch 5: loss = -288.40087890625
Epoch 6: loss = -288.40087890625
Epoch 7: loss = -288.40087890625
Epoch 8: loss = -288.40087890625
Epoch 9: loss = -288.40087890625
Early stopping at epoch 9 with loss -288.40087890625
Reconstruction for fluence = 14384.498882876629 photons/pixel
Epoch 0: loss = 163946976.0
Epoch 1: loss = 1130032.25
Epoch 2: loss = 1130032.25
Epoch 3: loss = 1130032.25
Epoch 4: loss = 1130032.375
Epoch 5: loss = 1130032.375
Epoch 6: loss = 1130032.375
Epoch 7: loss = 1130032.375
Epoch 8: loss = 1130032.375
Epoch 9: loss = 1130032.375
Early stopping at epoch 9 with loss 1130032.25
Epoch 0: loss = -780.9530639648438
Epoch 1: loss = -780.9794921875
Epoch 2: loss = -780.9796142578125
Epoch 3: loss = -780.9796142578125
Epoch 4: loss = -780.9795532226562
Epoch 5: loss = -780.9795532226562
Epoch 6: loss = -780.9795532226562
Epoch 7: loss = -780.9795532226562
Epoch 8: loss = -780.9795532226562
Epoch 9: loss = -780.9795532226562
Early stopping at epoch 9 with loss -780.9794921875
Reconstruction for fluence = 33598.18286283781 photons/pixel
Epoch 0: loss = 382702848.0
Epoch 1: loss = 1212264.0
Epoch 2: loss = 1212263.75
Epoch 3: loss = 1212263.75
Epoch 4: loss = 1212263.75
Epoch 5: loss = 1212263.75
Epoch 6: loss = 1212263.75
Epoch 7: loss = 1212263.75
Epoch 8: loss = 1212263.875
Epoch 9: loss = 1212263.75
Epoch 10: loss = 1212263.75
Early stopping at epoch 10 with loss 1212263.75
Epoch 0: loss = -2074.420654296875
Epoch 1: loss = -2074.436767578125
Epoch 2: loss = -2074.436767578125
Epoch 3: loss = -2074.436767578125
Epoch 4: loss = -2074.436767578125
Epoch 5: loss = -2074.436767578125
Epoch 6: loss = -2074.436767578125
Epoch 7: loss = -2074.436767578125
Epoch 8: loss = -2074.436767578125
Epoch 9: loss = -2074.436767578125
Early stopping at epoch 9 with loss -2074.436767578125
Reconstruction for fluence = 78475.99703514607 photons/pixel
Epoch 0: loss = 893598080.0
Epoch 1: loss = 1224248.5
Epoch 2: loss = 1224248.5
Epoch 3: loss = 1224248.5
Epoch 4: loss = 1224248.5
Epoch 5: loss = 1224248.5
Epoch 6: loss = 1224248.5
Epoch 7: loss = 1224248.5
Epoch 8: loss = 1224248.5
Epoch 9: loss = 1224248.5
Early stopping at epoch 9 with loss 1224248.5
Epoch 0: loss = -5430.7109375
Epoch 1: loss = -5430.71923828125
Epoch 2: loss = -5430.71923828125
Epoch 3: loss = -5430.71923828125
Epoch 4: loss = -5430.71923828125
Epoch 5: loss = -5430.71923828125
Epoch 6: loss = -5430.71923828125
Epoch 7: loss = -5430.71923828125
Epoch 8: loss = -5430.71923828125
Epoch 9: loss = -5430.71923828125
Early stopping at epoch 9 with loss -5430.71923828125
Reconstruction for fluence = 183298.07108324335 photons/pixel
Epoch 0: loss = 2086942336.0
Epoch 1: loss = 1193281.0
Epoch 2: loss = 1193281.0
Epoch 3: loss = 1193281.0
Epoch 4: loss = 1193281.0
Epoch 5: loss = 1193281.0
Epoch 6: loss = 1193281.0
Epoch 7: loss = 1193281.0
Epoch 8: loss = 1193281.0
Epoch 9: loss = 1193281.0
Early stopping at epoch 9 with loss 1193281.0
Epoch 0: loss = -14051.3818359375
Epoch 1: loss = -14051.384765625
Epoch 2: loss = -14051.384765625
Epoch 3: loss = -14051.384765625
Epoch 4: loss = -14051.384765625
Epoch 5: loss = -14051.384765625
Epoch 6: loss = -14051.384765625
Epoch 7: loss = -14051.384765625
Epoch 8: loss = -14051.384765625
Epoch 9: loss = -14051.384765625
Early stopping at epoch 9 with loss -14051.384765625
Reconstruction for fluence = 428133.2398719387 photons/pixel
Epoch 0: loss = 4874196992.0
Epoch 1: loss = 1149696.0
Epoch 2: loss = 1149696.0
Epoch 3: loss = 1149696.0
Epoch 4: loss = 1149696.0
Epoch 5: loss = 1149696.0
Epoch 6: loss = 1149696.0
Epoch 7: loss = 1149696.0
Epoch 8: loss = 1149696.0
Epoch 9: loss = 1149696.0
Early stopping at epoch 9 with loss 1149696.0
Epoch 0: loss = -36011.453125
Epoch 1: loss = -36011.453125
Epoch 2: loss = -36011.453125
Epoch 3: loss = -36011.453125
Epoch 4: loss = -36011.453125
Epoch 5: loss = -36011.453125
Epoch 6: loss = -36011.453125
Epoch 7: loss = -36011.453125
Epoch 8: loss = -36011.453125
Early stopping at epoch 8 with loss -36011.453125
Reconstruction for fluence = 1000000.0 photons/pixel
Epoch 0: loss = 11384669184.0
Epoch 1: loss = 1109708.25
Epoch 2: loss = 1109003.0
Epoch 3: loss = 1109003.0
Epoch 4: loss = 1109003.0
Epoch 5: loss = 1109003.0
Epoch 6: loss = 1109003.0
Epoch 7: loss = 1109003.0
Epoch 8: loss = 1109003.0
Epoch 9: loss = 1109003.0
Epoch 10: loss = 1109003.0
Early stopping at epoch 10 with loss 1109003.0
Epoch 0: loss = -91568.4375
Epoch 1: loss = -91568.4375
Epoch 2: loss = -91568.4375
Epoch 3: loss = -91568.4375
Epoch 4: loss = -91568.4375
Epoch 5: loss = -91568.4375
Epoch 6: loss = -91568.4375
Epoch 7: loss = -91568.4375
Epoch 8: loss = -91568.4375
Early stopping at epoch 8 with loss -91568.4375
Simulation for steps_size=2 and n_fluences=20 completed!
