Running simulation for n_modes=10 and n_fluences=20
Tensors initialization on device cuda
Multiprobe = band_lim
torch.Size([10, 64, 64])

('MSE', None) RECONSTRUCTIONS

Reconstruction for fluence = 0.09999999999999999 photons/pixel
Epoch 0: loss = 10713.3271484375
Epoch 1: loss = 3735.9912109375
Epoch 2: loss = 3735.9912109375
Epoch 3: loss = 3735.9912109375
Epoch 4: loss = 3735.9912109375
Epoch 5: loss = 3735.9912109375
Epoch 6: loss = 3735.9912109375
Epoch 7: loss = 3735.9912109375
Epoch 8: loss = 3735.9912109375
Epoch 9: loss = 3735.9912109375
Early stopping at epoch 9 with loss 3735.9912109375
Reconstruction for fluence = 0.23357214690901223 photons/pixel
Epoch 0: loss = 24309.416015625
Epoch 1: loss = 8495.24609375
Epoch 2: loss = 8495.2451171875
Epoch 3: loss = 8495.2451171875
