Running simulation for steps_size=21 and n_fluences=20
Steps size: 21
Tensors initialization on device cuda
Multiprobe = band_lim
torch.Size([1, 64, 64])

('MSE', None) RECONSTRUCTIONS

Reconstruction for fluence = 0.09999999999999999 photons/pixel
Epoch 0: loss = 0.12290757149457932
Epoch 1: loss = 0.03937496244907379
Epoch 2: loss = 0.03689291700720787
Epoch 3: loss = 0.036432813853025436
Epoch 4: loss = 0.03628453612327576
Epoch 5: loss = 0.036206938326358795
Epoch 6: loss = 0.03618115931749344
Epoch 7: loss = 0.036170605570077896
Epoch 8: loss = 0.036167360842227936
Epoch 9: loss = 0.03616654872894287
Epoch 10: loss = 0.03616654872894287
Epoch 11: loss = 0.03616654872894287
Early stopping at epoch 11 with loss 0.03618115931749344
Reconstruction for fluence = 0.23357214690901223 photons/pixel
Epoch 0: loss = 0.4839000701904297
Epoch 1: loss = 0.08639554679393768
Epoch 2: loss = 0.0786290094256401
Epoch 3: loss = 0.07737468183040619
Epoch 4: loss = 0.077122263610363
Epoch 5: loss = 0.07705622911453247
Epoch 6: loss = 0.07704052329063416
Epoch 7: loss = 0.07703394442796707
Epoch 8: loss = 0.07702911645174026
Epoch 9: loss = 0.07702486962080002
Early stopping at epoch 9 with loss 0.077122263610363
Reconstruction for fluence = 0.5455594781168519 photons/pixel
Epoch 0: loss = 2.3113887310028076
Epoch 1: loss = 0.2093331515789032
Epoch 2: loss = 0.18587858974933624
Epoch 3: loss = 0.18172408640384674
Epoch 4: loss = 0.18066324293613434
Epoch 5: loss = 0.18040478229522705
Epoch 6: loss = 0.18035803735256195
Epoch 7: loss = 0.18034176528453827
Epoch 8: loss = 0.1803356111049652
Epoch 9: loss = 0.18033373355865479
Epoch 10: loss = 0.18033316731452942
Early stopping at epoch 10 with loss 0.18040478229522705
Reconstruction for fluence = 1.2742749857031335 photons/pixel
Epoch 0: loss = 11.596420288085938
Epoch 1: loss = 0.47494637966156006
Epoch 2: loss = 0.41103804111480713
Epoch 3: loss = 0.3989560604095459
Epoch 4: loss = 0.3960554003715515
Epoch 5: loss = 0.3952997922897339
Epoch 6: loss = 0.39513474702835083
Epoch 7: loss = 0.3950681686401367
Epoch 8: loss = 0.395042359828949
Epoch 9: loss = 0.3950319290161133
Epoch 10: loss = 0.3950289189815521
Epoch 11: loss = 0.3950282633304596
Epoch 12: loss = 0.39502817392349243
Epoch 13: loss = 0.3950280547142029
Epoch 14: loss = 0.3950280547142029
Early stopping at epoch 14 with loss 0.3950319290161133
Reconstruction for fluence = 2.976351441631318 photons/pixel
Epoch 0: loss = 61.628963470458984
Epoch 1: loss = 1.1840131282806396
Epoch 2: loss = 0.961979329586029
Epoch 3: loss = 0.9207592010498047
Epoch 4: loss = 0.9079781770706177
Epoch 5: loss = 0.9040128588676453
Epoch 6: loss = 0.9028849005699158
Epoch 7: loss = 0.9024189710617065
Epoch 8: loss = 0.9022156000137329
Epoch 9: loss = 0.9021208882331848
Epoch 10: loss = 0.9020816683769226
Epoch 11: loss = 0.9020671844482422
Epoch 12: loss = 0.9020613431930542
Epoch 13: loss = 0.902058482170105
Epoch 14: loss = 0.9020583629608154
Epoch 15: loss = 0.9020572900772095
Early stopping at epoch 15 with loss 0.9020816683769226
Reconstruction for fluence = 6.9519279617756045 photons/pixel
Epoch 0: loss = 330.14166259765625
Epoch 1: loss = 2.910036087036133
Epoch 2: loss = 2.2193331718444824
Epoch 3: loss = 2.096670389175415
Epoch 4: loss = 2.057976722717285
Epoch 5: loss = 2.0444321632385254
Epoch 6: loss = 2.0401840209960938
Epoch 7: loss = 2.038358449935913
Epoch 8: loss = 2.0374250411987305
Epoch 9: loss = 2.0369629859924316
Epoch 10: loss = 2.0367138385772705
Epoch 11: loss = 2.0366194248199463
Epoch 12: loss = 2.036574125289917
Epoch 13: loss = 2.0365476608276367
Epoch 14: loss = 2.0365328788757324
Epoch 15: loss = 2.036531448364258
Epoch 16: loss = 2.0365285873413086
Epoch 17: loss = 2.036527633666992
Early stopping at epoch 17 with loss 2.036574125289917
Reconstruction for fluence = 16.23776739188721 photons/pixel
Epoch 0: loss = 1786.0703125
Epoch 1: loss = 7.951571464538574
Epoch 2: loss = 5.253504276275635
Epoch 3: loss = 4.775397300720215
Epoch 4: loss = 4.6385626792907715
Epoch 5: loss = 4.585488319396973
Epoch 6: loss = 4.569019317626953
Epoch 7: loss = 4.56093168258667
Epoch 8: loss = 4.555893898010254
Epoch 9: loss = 4.552952766418457
Epoch 10: loss = 4.551424980163574
Epoch 11: loss = 4.550833702087402
Epoch 12: loss = 4.550503730773926
Epoch 13: loss = 4.5502729415893555
Epoch 14: loss = 4.550147533416748
Epoch 15: loss = 4.550067901611328
Epoch 16: loss = 4.550053119659424
Epoch 17: loss = 4.550019264221191
Epoch 18: loss = 4.550017356872559
Epoch 19: loss = 4.55001163482666
Epoch 20: loss = 4.550008773803711
Epoch 21: loss = 4.549995422363281
Epoch 22: loss = 4.549991607666016
Early stopping at epoch 22 with loss 4.550019264221191
Reconstruction for fluence = 37.926901907322495 photons/pixel
Epoch 0: loss = 9703.9072265625
Epoch 1: loss = 24.16433334350586
Epoch 2: loss = 12.831470489501953
Epoch 3: loss = 11.115161895751953
Epoch 4: loss = 10.672700881958008
Epoch 5: loss = 10.499738693237305
Epoch 6: loss = 10.44051742553711
Epoch 7: loss = 10.408012390136719
Epoch 8: loss = 10.388205528259277
Epoch 9: loss = 10.37607192993164
Epoch 10: loss = 10.369494438171387
Epoch 11: loss = 10.366376876831055
Epoch 12: loss = 10.364889144897461
Epoch 13: loss = 10.363725662231445
Epoch 14: loss = 10.362992286682129
Epoch 15: loss = 10.36254596710205
Epoch 16: loss = 10.362289428710938
Epoch 17: loss = 10.362146377563477
Epoch 18: loss = 10.362046241760254
Epoch 19: loss = 10.361978530883789
Epoch 20: loss = 10.361949920654297
Epoch 21: loss = 10.361942291259766
Epoch 22: loss = 10.361928939819336
Epoch 23: loss = 10.36192512512207
Epoch 24: loss = 10.361919403076172
Early stopping at epoch 24 with loss 10.361978530883789
Reconstruction for fluence = 88.58667904100822 photons/pixel
Epoch 0: loss = 52879.421875
Epoch 1: loss = 85.74819946289062
Epoch 2: loss = 33.933380126953125
Epoch 3: loss = 25.389360427856445
Epoch 4: loss = 23.648815155029297
Epoch 5: loss = 23.058979034423828
Epoch 6: loss = 22.827289581298828
Epoch 7: loss = 22.710342407226562
Epoch 8: loss = 22.638591766357422
Epoch 9: loss = 22.592620849609375
Epoch 10: loss = 22.563861846923828
Epoch 11: loss = 22.548744201660156
Epoch 12: loss = 22.539445877075195
Epoch 13: loss = 22.53362274169922
Epoch 14: loss = 22.529781341552734
Epoch 15: loss = 22.52716064453125
Epoch 16: loss = 22.525644302368164
Epoch 17: loss = 22.52468490600586
Epoch 18: loss = 22.52399444580078
Epoch 19: loss = 22.52347183227539
Epoch 20: loss = 22.523109436035156
Epoch 21: loss = 22.52289390563965
Epoch 22: loss = 22.52271842956543
Epoch 23: loss = 22.52271270751953
Epoch 24: loss = 22.52262306213379
Epoch 25: loss = 22.522537231445312
Epoch 26: loss = 22.52252960205078
Epoch 27: loss = 22.52248191833496
Epoch 28: loss = 22.52245330810547
Epoch 29: loss = 22.522441864013672
Epoch 30: loss = 22.522430419921875
Epoch 31: loss = 22.52240753173828
Epoch 32: loss = 22.52239227294922
Epoch 33: loss = 22.522382736206055
Epoch 34: loss = 22.52236557006836
Epoch 35: loss = 22.52234649658203
Early stopping at epoch 35 with loss 22.522430419921875
Reconstruction for fluence = 206.9138081114788 photons/pixel
Epoch 0: loss = 288146.3125
Epoch 1: loss = 374.6507568359375
Epoch 2: loss = 97.41455078125
Epoch 3: loss = 65.481689453125
Epoch 4: loss = 58.171173095703125
Epoch 5: loss = 56.11079788208008
Epoch 6: loss = 55.3004035949707
Epoch 7: loss = 54.8480339050293
Epoch 8: loss = 54.601837158203125
Epoch 9: loss = 54.447608947753906
Epoch 10: loss = 54.35211181640625
Epoch 11: loss = 54.29762649536133
Epoch 12: loss = 54.26206970214844
Epoch 13: loss = 54.23291015625
Epoch 14: loss = 54.21217346191406
Epoch 15: loss = 54.19878387451172
Epoch 16: loss = 54.19047546386719
Epoch 17: loss = 54.1846923828125
Epoch 18: loss = 54.180686950683594
Epoch 19: loss = 54.177764892578125
Epoch 20: loss = 54.175514221191406
Epoch 21: loss = 54.173919677734375
Epoch 22: loss = 54.17293167114258
Epoch 23: loss = 54.17196273803711
Epoch 24: loss = 54.171287536621094
Epoch 25: loss = 54.17070007324219
Epoch 26: loss = 54.1705207824707
Epoch 27: loss = 54.170494079589844
Epoch 28: loss = 54.170257568359375
Epoch 29: loss = 54.17008972167969
Epoch 30: loss = 54.170005798339844
Epoch 31: loss = 54.16991424560547
Epoch 32: loss = 54.16985321044922
Epoch 33: loss = 54.16980743408203
Epoch 34: loss = 54.16970443725586
Epoch 35: loss = 54.16958236694336
Epoch 36: loss = 54.169490814208984
Epoch 37: loss = 54.16948699951172
Epoch 38: loss = 54.16946029663086
Epoch 39: loss = 54.169368743896484
Epoch 40: loss = 54.169368743896484
Epoch 41: loss = 54.16937255859375
Epoch 42: loss = 54.16935729980469
Epoch 43: loss = 54.16932678222656
Epoch 44: loss = 54.169349670410156
Epoch 45: loss = 54.16928482055664
Epoch 46: loss = 54.16926574707031
Epoch 47: loss = 54.16926193237305
Early stopping at epoch 47 with loss 54.16935729980469
Reconstruction for fluence = 483.2930238571752 photons/pixel
Epoch 0: loss = 1572601.125
Epoch 1: loss = 1789.272216796875
Epoch 2: loss = 332.16851806640625
Epoch 3: loss = 177.49649047851562
Epoch 4: loss = 141.7413787841797
Epoch 5: loss = 131.3489990234375
Epoch 6: loss = 128.42466735839844
Epoch 7: loss = 126.96197509765625
Epoch 8: loss = 125.97106170654297
Epoch 9: loss = 125.30313110351562
Epoch 10: loss = 124.89938354492188
Epoch 11: loss = 124.67626190185547
Epoch 12: loss = 124.51460266113281
Epoch 13: loss = 124.41365051269531
Epoch 14: loss = 124.33543395996094
Epoch 15: loss = 124.28329467773438
Epoch 16: loss = 124.24070739746094
Epoch 17: loss = 124.21275329589844
Epoch 18: loss = 124.193115234375
Epoch 19: loss = 124.17879486083984
Epoch 20: loss = 124.16759490966797
Epoch 21: loss = 124.15975952148438
Epoch 22: loss = 124.1541976928711
Epoch 23: loss = 124.149658203125
Epoch 24: loss = 124.14561462402344
Epoch 25: loss = 124.14265441894531
Epoch 26: loss = 124.14126586914062
Epoch 27: loss = 124.13960266113281
Epoch 28: loss = 124.13909912109375
Epoch 29: loss = 124.13778686523438
Epoch 30: loss = 124.1370849609375
Epoch 31: loss = 124.13622283935547
Epoch 32: loss = 124.13622283935547
Epoch 33: loss = 124.13553619384766
Epoch 34: loss = 124.13551330566406
Epoch 35: loss = 124.13528442382812
Epoch 36: loss = 124.13519287109375
Epoch 37: loss = 124.13475799560547
Epoch 38: loss = 124.13459777832031
Epoch 39: loss = 124.13432312011719
Epoch 40: loss = 124.1342544555664
Epoch 41: loss = 124.13409423828125
Epoch 42: loss = 124.13375854492188
Epoch 43: loss = 124.13385009765625
Epoch 44: loss = 124.13378143310547
Epoch 45: loss = 124.13377380371094
Epoch 46: loss = 124.13371276855469
Epoch 47: loss = 124.13358306884766
Epoch 48: loss = 124.13352966308594
Epoch 49: loss = 124.13345336914062
Epoch 50: loss = 124.13345336914062
Epoch 51: loss = 124.13335418701172
Epoch 52: loss = 124.13339233398438
Epoch 53: loss = 124.13327026367188
Epoch 54: loss = 124.13333129882812
Epoch 55: loss = 124.13333129882812
Epoch 56: loss = 124.13330078125
Epoch 57: loss = 124.13331604003906
Epoch 58: loss = 124.13327026367188
Early stopping at epoch 58 with loss 124.13327026367188
Reconstruction for fluence = 1128.8378916846884 photons/pixel
Epoch 0: loss = 8573169.0
Epoch 1: loss = 9310.2197265625
Epoch 2: loss = 1347.5579833984375
Epoch 3: loss = 549.4766845703125
Epoch 4: loss = 369.58990478515625
Epoch 5: loss = 322.0219421386719
Epoch 6: loss = 308.9400939941406
Epoch 7: loss = 302.6827697753906
Epoch 8: loss = 299.2070007324219
Epoch 9: loss = 297.0701599121094
Epoch 10: loss = 295.6808166503906
Epoch 11: loss = 294.96612548828125
Epoch 12: loss = 294.49554443359375
Epoch 13: loss = 294.14434814453125
Epoch 14: loss = 293.8702392578125
Epoch 15: loss = 293.67340087890625
Epoch 16: loss = 293.5392150878906
Epoch 17: loss = 293.4456787109375
Epoch 18: loss = 293.38812255859375
Epoch 19: loss = 293.3232421875
Epoch 20: loss = 293.28082275390625
Epoch 21: loss = 293.25042724609375
Epoch 22: loss = 293.228515625
Epoch 23: loss = 293.2109375
Epoch 24: loss = 293.1969909667969
Epoch 25: loss = 293.1857604980469
Epoch 26: loss = 293.1761779785156
Epoch 27: loss = 293.17034912109375
Epoch 28: loss = 293.16650390625
Epoch 29: loss = 293.16461181640625
Epoch 30: loss = 293.163818359375
Epoch 31: loss = 293.1619567871094
Epoch 32: loss = 293.1617736816406
Epoch 33: loss = 293.16058349609375
Epoch 34: loss = 293.15740966796875
Epoch 35: loss = 293.15545654296875
Epoch 36: loss = 293.15386962890625
Epoch 37: loss = 293.15362548828125
Epoch 38: loss = 293.15301513671875
Epoch 39: loss = 293.15185546875
Epoch 40: loss = 293.15185546875
Epoch 41: loss = 293.1514892578125
Epoch 42: loss = 293.15118408203125
Epoch 43: loss = 293.15069580078125
Epoch 44: loss = 293.1502380371094
Epoch 45: loss = 293.14996337890625
Epoch 46: loss = 293.14959716796875
Epoch 47: loss = 293.14971923828125
Epoch 48: loss = 293.14971923828125
Epoch 49: loss = 293.14923095703125
Epoch 50: loss = 293.1488342285156
Epoch 51: loss = 293.14874267578125
Epoch 52: loss = 293.14862060546875
Epoch 53: loss = 293.14862060546875
Epoch 54: loss = 293.1484375
Epoch 55: loss = 293.1484680175781
Epoch 56: loss = 293.1482238769531
Epoch 57: loss = 293.1482238769531
Epoch 58: loss = 293.14825439453125
Epoch 59: loss = 293.148193359375
Epoch 60: loss = 293.1480712890625
Epoch 61: loss = 293.14813232421875
Epoch 62: loss = 293.14813232421875
Epoch 63: loss = 293.1481628417969
Epoch 64: loss = 293.1480712890625
Epoch 65: loss = 293.14788818359375
Epoch 66: loss = 293.14794921875
Epoch 67: loss = 293.1479187011719
Epoch 68: loss = 293.1479187011719
Epoch 69: loss = 293.1478271484375
Epoch 70: loss = 293.1478271484375
Early stopping at epoch 70 with loss 293.14788818359375
Reconstruction for fluence = 2636.6508987303555 photons/pixel
Epoch 0: loss = 46798856.0
Epoch 1: loss = 48756.0546875
Epoch 2: loss = 6165.98828125
Epoch 3: loss = 1892.0323486328125
Epoch 4: loss = 1063.6064453125
Epoch 5: loss = 821.7283935546875
Epoch 6: loss = 753.0086669921875
Epoch 7: loss = 724.61181640625
Epoch 8: loss = 707.398681640625
Epoch 9: loss = 696.78857421875
Epoch 10: loss = 690.82421875
Epoch 11: loss = 688.569580078125
Epoch 12: loss = 685.8666381835938
Epoch 13: loss = 684.518310546875
Epoch 14: loss = 683.4824829101562
Epoch 15: loss = 682.7845458984375
Epoch 16: loss = 682.3102416992188
Epoch 17: loss = 681.995361328125
Epoch 18: loss = 681.7347412109375
Epoch 19: loss = 681.5460815429688
Epoch 20: loss = 681.3899536132812
Epoch 21: loss = 681.2775268554688
Epoch 22: loss = 681.20849609375
Epoch 23: loss = 681.144287109375
Epoch 24: loss = 681.09130859375
Epoch 25: loss = 681.0543212890625
Epoch 26: loss = 681.0166015625
Epoch 27: loss = 680.9940185546875
Epoch 28: loss = 680.9723510742188
Epoch 29: loss = 680.9723510742188
Epoch 30: loss = 680.95849609375
Epoch 31: loss = 680.9454345703125
Epoch 32: loss = 680.9339599609375
Epoch 33: loss = 680.9263916015625
Epoch 34: loss = 680.92578125
Epoch 35: loss = 680.9200439453125
Epoch 36: loss = 680.9200439453125
Epoch 37: loss = 680.916748046875
Epoch 38: loss = 680.9149169921875
Epoch 39: loss = 680.9110717773438
Epoch 40: loss = 680.9085083007812
Epoch 41: loss = 680.9058837890625
Epoch 42: loss = 680.9056396484375
Epoch 43: loss = 680.90478515625
Epoch 44: loss = 680.9043579101562
Epoch 45: loss = 680.9031982421875
Epoch 46: loss = 680.902099609375
Epoch 47: loss = 680.9017333984375
Epoch 48: loss = 680.9010009765625
Epoch 49: loss = 680.9005126953125
Epoch 50: loss = 680.9005126953125
Epoch 51: loss = 680.900634765625
Epoch 52: loss = 680.89990234375
Epoch 53: loss = 680.8992309570312
Epoch 54: loss = 680.900634765625
Epoch 55: loss = 680.900146484375
Epoch 56: loss = 680.8997802734375
Epoch 57: loss = 680.8994140625
Epoch 58: loss = 680.8994750976562
Early stopping at epoch 58 with loss 680.8992309570312
Reconstruction for fluence = 6158.482110660255 photons/pixel
Epoch 0: loss = 255228352.0
Epoch 1: loss = 263565.25
Epoch 2: loss = 32674.90625
Epoch 3: loss = 8320.005859375
Epoch 4: loss = 3609.557861328125
Epoch 5: loss = 2319.9921875
Epoch 6: loss = 1989.8753662109375
Epoch 7: loss = 1837.4332275390625
Epoch 8: loss = 1752.20947265625
Epoch 9: loss = 1699.7540283203125
Epoch 10: loss = 1669.968994140625
Epoch 11: loss = 1657.3095703125
Epoch 12: loss = 1647.0225830078125
Epoch 13: loss = 1640.427001953125
Epoch 14: loss = 1636.362548828125
Epoch 15: loss = 1632.979736328125
Epoch 16: loss = 1630.7935791015625
Epoch 17: loss = 1629.299072265625
Epoch 18: loss = 1628.24658203125
Epoch 19: loss = 1627.4459228515625
Epoch 20: loss = 1626.7921142578125
Epoch 21: loss = 1626.295654296875
Epoch 22: loss = 1625.985107421875
Epoch 23: loss = 1625.7344970703125
Epoch 24: loss = 1625.5216064453125
Epoch 25: loss = 1625.364013671875
Epoch 26: loss = 1625.2310791015625
Epoch 27: loss = 1625.150634765625
Epoch 28: loss = 1625.0745849609375
Epoch 29: loss = 1625.0108642578125
Epoch 30: loss = 1624.956787109375
Epoch 31: loss = 1624.92626953125
Epoch 32: loss = 1624.903564453125
Epoch 33: loss = 1624.878662109375
Epoch 34: loss = 1624.854736328125
Epoch 35: loss = 1624.854736328125
Epoch 36: loss = 1624.833984375
Epoch 37: loss = 1624.8182373046875
Epoch 38: loss = 1624.806884765625
Epoch 39: loss = 1624.7930908203125
Epoch 40: loss = 1624.792724609375
Epoch 41: loss = 1624.789306640625
Epoch 42: loss = 1624.78515625
Epoch 43: loss = 1624.777587890625
Epoch 44: loss = 1624.7720947265625
Epoch 45: loss = 1624.767333984375
Epoch 46: loss = 1624.7640380859375
Epoch 47: loss = 1624.76123046875
Epoch 48: loss = 1624.756591796875
Epoch 49: loss = 1624.756103515625
Epoch 50: loss = 1624.75390625
Epoch 51: loss = 1624.757080078125
Epoch 52: loss = 1624.7529296875
Epoch 53: loss = 1624.75048828125
Epoch 54: loss = 1624.75146484375
Epoch 55: loss = 1624.74951171875
Epoch 56: loss = 1624.7509765625
Epoch 57: loss = 1624.7508544921875
Epoch 58: loss = 1624.7498779296875
Epoch 59: loss = 1624.750244140625
Epoch 60: loss = 1624.7479248046875
Epoch 61: loss = 1624.747314453125
Epoch 62: loss = 1624.75244140625
Epoch 63: loss = 1624.746337890625
Epoch 64: loss = 1624.7476806640625
Epoch 65: loss = 1624.74755859375
Epoch 66: loss = 1624.74560546875
Epoch 67: loss = 1624.748046875
Epoch 68: loss = 1624.74755859375
Epoch 69: loss = 1624.7479248046875
Epoch 70: loss = 1624.74609375
Epoch 71: loss = 1624.74609375
Early stopping at epoch 71 with loss 1624.74560546875
Reconstruction for fluence = 14384.498882876629 photons/pixel
Epoch 0: loss = 1392494080.0
Epoch 1: loss = 1431840.75
Epoch 2: loss = 172249.734375
Epoch 3: loss = 39565.3828125
Epoch 4: loss = 14015.2578125
Epoch 5: loss = 7383.6591796875
Epoch 6: loss = 5599.291015625
Epoch 7: loss = 4864.9228515625
Epoch 8: loss = 4322.7412109375
Epoch 9: loss = 4067.124267578125
Epoch 10: loss = 3878.55078125
Epoch 11: loss = 3793.412109375
Epoch 12: loss = 3747.5478515625
Epoch 13: loss = 3717.52734375
Epoch 14: loss = 3695.37841796875
Epoch 15: loss = 3680.9609375
Epoch 16: loss = 3670.971435546875
Epoch 17: loss = 3663.91455078125
Epoch 18: loss = 3658.8115234375
Epoch 19: loss = 3655.08984375
Epoch 20: loss = 3652.372802734375
Epoch 21: loss = 3650.29443359375
Epoch 22: loss = 3648.7509765625
Epoch 23: loss = 3647.515869140625
Epoch 24: loss = 3646.54296875
Epoch 25: loss = 3645.83056640625
Epoch 26: loss = 3645.283935546875
Epoch 27: loss = 3644.88525390625
Epoch 28: loss = 3644.546630859375
Epoch 29: loss = 3644.2724609375
Epoch 30: loss = 3644.06787109375
Epoch 31: loss = 3643.8876953125
Epoch 32: loss = 3643.74365234375
Epoch 33: loss = 3643.656982421875
Epoch 34: loss = 3643.552734375
Epoch 35: loss = 3643.48583984375
Epoch 36: loss = 3643.417724609375
Epoch 37: loss = 3643.3857421875
Epoch 38: loss = 3643.342041015625
Epoch 39: loss = 3643.325927734375
Epoch 40: loss = 3643.28515625
Epoch 41: loss = 3643.26904296875
Epoch 42: loss = 3643.263671875
Epoch 43: loss = 3643.23486328125
Epoch 44: loss = 3643.23486328125
Epoch 45: loss = 3643.214599609375
Epoch 46: loss = 3643.20849609375
Epoch 47: loss = 3643.203857421875
Epoch 48: loss = 3643.189453125
Epoch 49: loss = 3643.1884765625
Epoch 50: loss = 3643.17431640625
Epoch 51: loss = 3643.17333984375
Epoch 52: loss = 3643.1708984375
Epoch 53: loss = 3643.171875
Epoch 54: loss = 3643.1669921875
Epoch 55: loss = 3643.15869140625
Epoch 56: loss = 3643.1669921875
Epoch 57: loss = 3643.156494140625
Epoch 58: loss = 3643.1591796875
Epoch 59: loss = 3643.1611328125
Epoch 60: loss = 3643.159423828125
Epoch 61: loss = 3643.168701171875
Epoch 62: loss = 3643.16650390625
Early stopping at epoch 62 with loss 3643.156494140625
Reconstruction for fluence = 33598.18286283781 photons/pixel
Epoch 0: loss = 7596875264.0
Epoch 1: loss = 7804842.5
Epoch 2: loss = 872164.25
Epoch 3: loss = 209062.328125
Epoch 4: loss = 66608.625
Epoch 5: loss = 29697.619140625
Epoch 6: loss = 19470.716796875
Epoch 7: loss = 14926.0859375
Epoch 8: loss = 12543.673828125
Epoch 9: loss = 11136.18359375
Epoch 10: loss = 10330.595703125
Epoch 11: loss = 9948.1787109375
Epoch 12: loss = 9727.255859375
Epoch 13: loss = 9571.38671875
Epoch 14: loss = 9469.455078125
Epoch 15: loss = 9392.0927734375
Epoch 16: loss = 9338.154296875
Epoch 17: loss = 9306.01953125
Epoch 18: loss = 9280.38671875
Epoch 19: loss = 9260.7509765625
Epoch 20: loss = 9247.5341796875
Epoch 21: loss = 9233.818359375
Epoch 22: loss = 9227.212890625
Epoch 23: loss = 9221.4482421875
Epoch 24: loss = 9216.6435546875
Epoch 25: loss = 9212.916015625
Epoch 26: loss = 9210.0087890625
Epoch 27: loss = 9208.173828125
Epoch 28: loss = 9206.513671875
Epoch 29: loss = 9205.201171875
Epoch 30: loss = 9204.1220703125
Epoch 31: loss = 9203.20703125
Epoch 32: loss = 9202.623046875
Epoch 33: loss = 9202.1396484375
Epoch 34: loss = 9201.7724609375
Epoch 35: loss = 9201.4296875
Epoch 36: loss = 9201.162109375
Epoch 37: loss = 9200.9296875
Epoch 38: loss = 9200.779296875
Epoch 39: loss = 9200.587890625
Epoch 40: loss = 9200.47265625
Epoch 41: loss = 9200.3662109375
Epoch 42: loss = 9200.3173828125
Epoch 43: loss = 9200.2197265625
Epoch 44: loss = 9200.2138671875
Epoch 45: loss = 9200.0830078125
Epoch 46: loss = 9200.0751953125
Epoch 47: loss = 9200.044921875
Epoch 48: loss = 9200.0
Epoch 49: loss = 9200.052734375
Epoch 50: loss = 9199.970703125
Epoch 51: loss = 9199.97265625
Epoch 52: loss = 9199.984375
Epoch 53: loss = 9199.962890625
Epoch 54: loss = 9199.953125
Epoch 55: loss = 9199.92578125
Epoch 56: loss = 9199.87890625
Epoch 57: loss = 9199.9140625
Epoch 58: loss = 9199.9365234375
Epoch 59: loss = 9199.935546875
Epoch 60: loss = 9199.9453125
Epoch 61: loss = 9199.890625
Early stopping at epoch 61 with loss 9199.87890625
Reconstruction for fluence = 78475.99703514607 photons/pixel
Epoch 0: loss = 41446043648.0
Epoch 1: loss = 42490428.0
Epoch 2: loss = 5020750.0
Epoch 3: loss = 1058455.75
Epoch 4: loss = 311697.125
Epoch 5: loss = 124081.9453125
Epoch 6: loss = 73558.21875
Epoch 7: loss = 50604.56640625
Epoch 8: loss = 37370.2421875
Epoch 9: loss = 30492.45703125
Epoch 10: loss = 26358.1640625
Epoch 11: loss = 24321.009765625
Epoch 12: loss = 23076.87890625
Epoch 13: loss = 22263.8984375
Epoch 14: loss = 21635.267578125
Epoch 15: loss = 21226.55078125
Epoch 16: loss = 20978.94140625
Epoch 17: loss = 20792.78515625
Epoch 18: loss = 20668.9140625
Epoch 19: loss = 20570.79296875
Epoch 20: loss = 20497.3984375
Epoch 21: loss = 20443.873046875
Epoch 22: loss = 20405.7265625
Epoch 23: loss = 20375.56640625
Epoch 24: loss = 20352.73828125
Epoch 25: loss = 20335.359375
Epoch 26: loss = 20321.681640625
Epoch 27: loss = 20312.466796875
Epoch 28: loss = 20305.763671875
Epoch 29: loss = 20299.18359375
Epoch 30: loss = 20293.501953125
Epoch 31: loss = 20289.43359375
Epoch 32: loss = 20286.47265625
Epoch 33: loss = 20283.966796875
Epoch 34: loss = 20282.056640625
Epoch 35: loss = 20280.46484375
Epoch 36: loss = 20279.09765625
Epoch 37: loss = 20278.244140625
Epoch 38: loss = 20277.470703125
Epoch 39: loss = 20276.80859375
Epoch 40: loss = 20276.234375
Epoch 41: loss = 20275.84375
Epoch 42: loss = 20275.44140625
Epoch 43: loss = 20275.47265625
Epoch 44: loss = 20275.1328125
Epoch 45: loss = 20274.814453125
Epoch 46: loss = 20274.7578125
Epoch 47: loss = 20274.62890625
Epoch 48: loss = 20274.427734375
Epoch 49: loss = 20274.416015625
Epoch 50: loss = 20274.40234375
Epoch 51: loss = 20274.294921875
Epoch 52: loss = 20274.15234375
Epoch 53: loss = 20274.142578125
Epoch 54: loss = 20274.109375
Epoch 55: loss = 20274.04296875
Epoch 56: loss = 20273.99609375
Epoch 57: loss = 20273.9765625
Epoch 58: loss = 20273.98828125
Epoch 59: loss = 20273.95703125
Epoch 60: loss = 20273.794921875
Epoch 61: loss = 20273.82421875
Epoch 62: loss = 20273.978515625
Epoch 63: loss = 20273.87109375
Epoch 64: loss = 20273.81640625
Epoch 65: loss = 20273.77734375
Epoch 66: loss = 20273.90625
Epoch 67: loss = 20273.86328125
Epoch 68: loss = 20273.8203125
Epoch 69: loss = 20273.82421875
Epoch 70: loss = 20273.82421875
Early stopping at epoch 70 with loss 20273.77734375
Reconstruction for fluence = 183298.07108324335 photons/pixel
Epoch 0: loss = 226123120640.0
Epoch 1: loss = 231561600.0
Epoch 2: loss = 25864830.0
Epoch 3: loss = 6364879.0
Epoch 4: loss = 2273716.0
Epoch 5: loss = 658525.375
Epoch 6: loss = 344629.09375
Epoch 7: loss = 210242.859375
Epoch 8: loss = 137333.875
Epoch 9: loss = 99290.7578125
Epoch 10: loss = 78969.09375
Epoch 11: loss = 68651.3515625
Epoch 12: loss = 62812.171875
Epoch 13: loss = 58728.6640625
Epoch 14: loss = 55831.359375
Epoch 15: loss = 53980.7421875
Epoch 16: loss = 52773.765625
Epoch 17: loss = 51963.3125
Epoch 18: loss = 51375.9375
Epoch 19: loss = 50930.89453125
Epoch 20: loss = 50566.3515625
Epoch 21: loss = 50335.90625
Epoch 22: loss = 50170.03125
Epoch 23: loss = 50027.3203125
Epoch 24: loss = 49908.21484375
Epoch 25: loss = 49828.0234375
Epoch 26: loss = 49759.2421875
Epoch 27: loss = 49713.3984375
Epoch 28: loss = 49676.6015625
Epoch 29: loss = 49645.91015625
Epoch 30: loss = 49620.10546875
Epoch 31: loss = 49599.609375
Epoch 32: loss = 49586.73046875
Epoch 33: loss = 49575.859375
Epoch 34: loss = 49566.3515625
Epoch 35: loss = 49558.9375
Epoch 36: loss = 49553.83203125
Epoch 37: loss = 49548.953125
Epoch 38: loss = 49545.5078125
Epoch 39: loss = 49542.6875
Epoch 40: loss = 49540.03515625
Epoch 41: loss = 49537.7734375
Epoch 42: loss = 49536.0546875
Epoch 43: loss = 49535.1484375
Epoch 44: loss = 49534.75
Epoch 45: loss = 49533.85546875
Epoch 46: loss = 49532.640625
Epoch 47: loss = 49531.890625
Epoch 48: loss = 49531.44921875
Epoch 49: loss = 49530.41796875
Epoch 50: loss = 49530.52734375
Epoch 51: loss = 49530.55859375
Epoch 52: loss = 49529.59375
Epoch 53: loss = 49529.6796875
Epoch 54: loss = 49529.546875
Epoch 55: loss = 49529.8203125
Epoch 56: loss = 49528.91015625
Epoch 57: loss = 49529.390625
Epoch 58: loss = 49528.9765625
Epoch 59: loss = 49528.8671875
Epoch 60: loss = 49528.90625
Epoch 61: loss = 49528.984375
Epoch 62: loss = 49528.65234375
Epoch 63: loss = 49528.60546875
Epoch 64: loss = 49528.77734375
Epoch 65: loss = 49528.59765625
Epoch 66: loss = 49528.828125
Epoch 67: loss = 49528.6015625
Epoch 68: loss = 49528.5390625
Epoch 69: loss = 49528.296875
Epoch 70: loss = 49529.171875
Epoch 71: loss = 49528.5703125
Epoch 72: loss = 49528.55078125
Epoch 73: loss = 49528.5859375
Epoch 74: loss = 49528.3515625
Early stopping at epoch 74 with loss 49528.296875
Reconstruction for fluence = 428133.2398719387 photons/pixel
Epoch 0: loss = 1233627250688.0
Epoch 1: loss = 1262678144.0
Epoch 2: loss = 138652256.0
Epoch 3: loss = 31579346.0
Epoch 4: loss = 8445434.0
Epoch 5: loss = 2941152.5
Epoch 6: loss = 1567224.5
Epoch 7: loss = 879849.125
Epoch 8: loss = 566906.625
Epoch 9: loss = 375576.5625
Epoch 10: loss = 267863.125
Epoch 11: loss = 212068.84375
Epoch 12: loss = 181517.765625
Epoch 13: loss = 159035.15625
Epoch 14: loss = 145998.59375
Epoch 15: loss = 135729.96875
Epoch 16: loss = 129545.3984375
Epoch 17: loss = 125411.0625
Epoch 18: loss = 122354.046875
Epoch 19: loss = 120355.828125
Epoch 20: loss = 118189.59375
Epoch 21: loss = 116974.859375
Epoch 22: loss = 116042.7890625
Epoch 23: loss = 115308.875
Epoch 24: loss = 114802.84375
Epoch 25: loss = 114405.84375
Epoch 26: loss = 114081.0390625
Epoch 27: loss = 113856.671875
Epoch 28: loss = 113675.125
Epoch 29: loss = 113514.890625
Epoch 30: loss = 113392.2421875
Epoch 31: loss = 113293.5234375
Epoch 32: loss = 113234.5546875
Epoch 33: loss = 113177.6171875
Epoch 34: loss = 113133.234375
Epoch 35: loss = 113095.0625
Epoch 36: loss = 113066.1328125
Epoch 37: loss = 113041.5234375
Epoch 38: loss = 113023.0625
Epoch 39: loss = 113009.09375
Epoch 40: loss = 112994.2421875
Epoch 41: loss = 112985.328125
Epoch 42: loss = 112974.546875
Epoch 43: loss = 112968.109375
Epoch 44: loss = 112961.6875
Epoch 45: loss = 112957.5859375
Epoch 46: loss = 112953.3828125
Epoch 47: loss = 112950.921875
Epoch 48: loss = 112949.8828125
Epoch 49: loss = 112946.1953125
Epoch 50: loss = 112945.46875
Epoch 51: loss = 112942.625
Epoch 52: loss = 112940.7421875
Epoch 53: loss = 112938.9375
Epoch 54: loss = 112937.765625
Epoch 55: loss = 112939.578125
Epoch 56: loss = 112938.40625
Epoch 57: loss = 112940.46875
Epoch 58: loss = 112938.484375
Epoch 59: loss = 112937.0390625
Epoch 60: loss = 112936.5078125
Epoch 61: loss = 112936.046875
Epoch 62: loss = 112935.875
Epoch 63: loss = 112935.03125
Epoch 64: loss = 112935.9375
Epoch 65: loss = 112934.5
Epoch 66: loss = 112935.828125
Epoch 67: loss = 112936.21875
Epoch 68: loss = 112934.46875
Epoch 69: loss = 112934.125
Epoch 70: loss = 112936.859375
Epoch 71: loss = 112934.703125
Epoch 72: loss = 112935.453125
Epoch 73: loss = 112934.0
Epoch 74: loss = 112935.515625
Epoch 75: loss = 112935.2578125
Epoch 76: loss = 112934.3203125
Epoch 77: loss = 112934.171875
Epoch 78: loss = 112935.53125
Early stopping at epoch 78 with loss 112934.0
Reconstruction for fluence = 1000000.0 photons/pixel
Epoch 0: loss = 6730120429568.0
Epoch 1: loss = 6892365312.0
Epoch 2: loss = 755898048.0
Epoch 3: loss = 173201664.0
Epoch 4: loss = 48821472.0
Epoch 5: loss = 16652103.0
Epoch 6: loss = 8389562.0
Epoch 7: loss = 4824107.0
Epoch 8: loss = 2864689.25
Epoch 9: loss = 1767787.5
Epoch 10: loss = 1144984.5
Epoch 11: loss = 830827.25
Epoch 12: loss = 668320.875
Epoch 13: loss = 539674.625
Epoch 14: loss = 458715.0625
Epoch 15: loss = 401224.9375
Epoch 16: loss = 360160.53125
Epoch 17: loss = 335257.125
Epoch 18: loss = 315711.40625
Epoch 19: loss = 301886.90625
Epoch 20: loss = 290311.5
Epoch 21: loss = 282873.625
Epoch 22: loss = 277821.5
Epoch 23: loss = 273728.21875
Epoch 24: loss = 270811.9375
Epoch 25: loss = 268322.625
Epoch 26: loss = 266354.90625
Epoch 27: loss = 265157.0
Epoch 28: loss = 264071.375
Epoch 29: loss = 263235.375
Epoch 30: loss = 262548.6875
Epoch 31: loss = 261978.15625
Epoch 32: loss = 261607.75
Epoch 33: loss = 261303.3125
Epoch 34: loss = 261034.8125
Epoch 35: loss = 260821.46875
Epoch 36: loss = 260623.71875
Epoch 37: loss = 260498.125
Epoch 38: loss = 260390.84375
Epoch 39: loss = 260316.515625
Epoch 40: loss = 260238.71875
Epoch 41: loss = 260183.53125
Epoch 42: loss = 260132.65625
Epoch 43: loss = 260098.171875
Epoch 44: loss = 260066.828125
Epoch 45: loss = 260043.15625
Epoch 46: loss = 260016.3125
Epoch 47: loss = 260002.0
Epoch 48: loss = 259982.3125
Epoch 49: loss = 259974.71875
Epoch 50: loss = 259959.1875
Epoch 51: loss = 259948.84375
Epoch 52: loss = 259949.9375
Epoch 53: loss = 259945.09375
Epoch 54: loss = 259935.875
Epoch 55: loss = 259936.421875
Epoch 56: loss = 259923.703125
Epoch 57: loss = 259929.3125
Epoch 58: loss = 259923.078125
Epoch 59: loss = 259922.421875
Epoch 60: loss = 259919.84375
Epoch 61: loss = 259918.3125
Epoch 62: loss = 259923.625
Epoch 63: loss = 259918.59375
Epoch 64: loss = 259920.796875
Epoch 65: loss = 259918.625
Epoch 66: loss = 259915.671875
Epoch 67: loss = 259909.0625
Epoch 68: loss = 259910.421875
Epoch 69: loss = 259913.65625
Epoch 70: loss = 259918.734375
Epoch 71: loss = 259918.125
Epoch 72: loss = 259914.15625
Early stopping at epoch 72 with loss 259909.0625
Tensors initialization on device cuda
Multiprobe = band_lim
torch.Size([1, 64, 64])

('MSE', 'PoissonNLL') RECONSTRUCTIONS

Reconstruction for fluence = 0.09999999999999999 photons/pixel
Epoch 0: loss = 0.11190234869718552
Epoch 1: loss = 0.038247860968112946
Epoch 2: loss = 0.03640497475862503
Epoch 3: loss = 0.03607736900448799
Epoch 4: loss = 0.035990647971630096
Epoch 5: loss = 0.0359613373875618
Epoch 6: loss = 0.03595028445124626
Epoch 7: loss = 0.035947635769844055
Epoch 8: loss = 0.03594689071178436
Epoch 9: loss = 0.03594689071178436
Epoch 10: loss = 0.03594689071178436
Early stopping at epoch 10 with loss 0.0359613373875618
Epoch 0: loss = 0.10534646362066269
Epoch 1: loss = 0.07833632826805115
Epoch 2: loss = 0.07771117240190506
Epoch 3: loss = 0.07761280983686447
Epoch 4: loss = 0.07759391516447067
Epoch 5: loss = 0.07758357375860214
Epoch 6: loss = 0.07757757604122162
Epoch 7: loss = 0.07757441699504852
Epoch 8: loss = 0.07756184041500092
Epoch 9: loss = 0.07756076753139496
Early stopping at epoch 9 with loss 0.07759391516447067
Reconstruction for fluence = 0.23357214690901223 photons/pixel
Epoch 0: loss = 0.44089531898498535
Epoch 1: loss = 0.0887484923005104
Epoch 2: loss = 0.08296128362417221
Epoch 3: loss = 0.0819213017821312
Epoch 4: loss = 0.081730917096138
Epoch 5: loss = 0.08168655633926392
Epoch 6: loss = 0.08164969086647034
Epoch 7: loss = 0.0816410705447197
Epoch 8: loss = 0.08163916319608688
Epoch 9: loss = 0.08163873851299286
Early stopping at epoch 9 with loss 0.081730917096138
Epoch 0: loss = 0.12452541291713715
Epoch 1: loss = 0.08467842638492584
Epoch 2: loss = 0.08299246430397034
Epoch 3: loss = 0.08272607624530792
Epoch 4: loss = 0.08264980465173721
Epoch 5: loss = 0.082612544298172
Epoch 6: loss = 0.0826072245836258
Epoch 7: loss = 0.08260621130466461
Epoch 8: loss = 0.0826059877872467
Epoch 9: loss = 0.0826059877872467
Epoch 10: loss = 0.08260595798492432
Early stopping at epoch 10 with loss 0.082612544298172
Reconstruction for fluence = 0.5455594781168519 photons/pixel
Epoch 0: loss = 2.018845558166504
Epoch 1: loss = 0.21312092244625092
Epoch 2: loss = 0.19654452800750732
Epoch 3: loss = 0.19349443912506104
Epoch 4: loss = 0.19286373257637024
Epoch 5: loss = 0.19271261990070343
Epoch 6: loss = 0.1926821619272232
Epoch 7: loss = 0.19267255067825317
Epoch 8: loss = 0.19266897439956665
Epoch 9: loss = 0.19266784191131592
Epoch 10: loss = 0.1926676630973816
Early stopping at epoch 10 with loss 0.19271261990070343
Epoch 0: loss = 0.011243973858654499
Epoch 1: loss = -0.04938323050737381
Epoch 2: loss = -0.051242902874946594
Epoch 3: loss = -0.051461510360240936
Epoch 4: loss = -0.05151301622390747
Epoch 5: loss = -0.051528241485357285
Epoch 6: loss = -0.051533978432416916
Epoch 7: loss = -0.051534783095121384
Epoch 8: loss = -0.05153483897447586
Early stopping at epoch 8 with loss -0.051461510360240936
Reconstruction for fluence = 1.2742749857031335 photons/pixel
Epoch 0: loss = 9.933487892150879
Epoch 1: loss = 0.484188437461853
Epoch 2: loss = 0.43164071440696716
Epoch 3: loss = 0.41891998052597046
Epoch 4: loss = 0.416301429271698
Epoch 5: loss = 0.41560670733451843
Epoch 6: loss = 0.41537702083587646
Epoch 7: loss = 0.41528311371803284
Epoch 8: loss = 0.41523656249046326
Epoch 9: loss = 0.4152170419692993
Epoch 10: loss = 0.4152070879936218
Epoch 11: loss = 0.41519299149513245
Epoch 12: loss = 0.4151836037635803
Epoch 13: loss = 0.415181040763855
Early stopping at epoch 13 with loss 0.41523656249046326
Epoch 0: loss = -0.624174952507019
Epoch 1: loss = -0.7141779065132141
Epoch 2: loss = -0.7177829742431641
Epoch 3: loss = -0.7182002067565918
Epoch 4: loss = -0.7183830738067627
Epoch 5: loss = -0.7184114456176758
Epoch 6: loss = -0.7184270620346069
Epoch 7: loss = -0.7184336185455322
Epoch 8: loss = -0.7184377908706665
Epoch 9: loss = -0.7184380292892456
Early stopping at epoch 9 with loss -0.7183830738067627
Reconstruction for fluence = 2.976351441631318 photons/pixel
Epoch 0: loss = 52.366424560546875
Epoch 1: loss = 1.201425313949585
Epoch 2: loss = 1.0266618728637695
Epoch 3: loss = 0.9919324517250061
Epoch 4: loss = 0.9822384119033813
Epoch 5: loss = 0.9794082641601562
Epoch 6: loss = 0.9786040782928467
Epoch 7: loss = 0.9783062934875488
Epoch 8: loss = 0.9781701564788818
Epoch 9: loss = 0.978110671043396
Epoch 10: loss = 0.978084921836853
Epoch 11: loss = 0.9780749082565308
Epoch 12: loss = 0.978070855140686
Epoch 13: loss = 0.9780686497688293
Epoch 14: loss = 0.9780679941177368
Epoch 0: loss = -2.938218116760254
Epoch 1: loss = -3.0659234523773193
Epoch 2: loss = -3.071488380432129
Epoch 3: loss = -3.072209119796753
Epoch 4: loss = -3.07242751121521
Epoch 5: loss = -3.0724780559539795
Epoch 6: loss = -3.0725135803222656
Epoch 7: loss = -3.072537899017334
Epoch 8: loss = -3.072552442550659
Epoch 9: loss = -3.072554111480713
Epoch 10: loss = -3.072554111480713
Epoch 11: loss = -3.0725550651550293
Epoch 12: loss = -3.0725555419921875
Early stopping at epoch 12 with loss -3.072537899017334
Reconstruction for fluence = 6.9519279617756045 photons/pixel
Epoch 0: loss = 279.71380615234375
Epoch 1: loss = 2.70322322845459
Epoch 2: loss = 2.130349636077881
Epoch 3: loss = 2.03067684173584
Epoch 4: loss = 2.0006473064422607
Epoch 5: loss = 1.989753007888794
Epoch 6: loss = 1.9864497184753418
Epoch 7: loss = 1.9849231243133545
Epoch 8: loss = 1.9841850996017456
Epoch 9: loss = 1.9838234186172485
Epoch 10: loss = 1.9836323261260986
Epoch 11: loss = 1.9835457801818848
Epoch 12: loss = 1.9835022687911987
Epoch 13: loss = 1.9834768772125244
Epoch 14: loss = 1.9834624528884888
Epoch 0: loss = -10.251762390136719
Epoch 1: loss = -10.42077922821045
Epoch 2: loss = -10.428208351135254
Epoch 3: loss = -10.429722785949707
Epoch 4: loss = -10.430261611938477
Epoch 5: loss = -10.430427551269531
Epoch 6: loss = -10.43048095703125
Epoch 7: loss = -10.430488586425781
Epoch 8: loss = -10.430501937866211
Epoch 9: loss = -10.430503845214844
Epoch 10: loss = -10.430505752563477
Early stopping at epoch 10 with loss -10.430427551269531
Reconstruction for fluence = 16.23776739188721 photons/pixel
Epoch 0: loss = 1522.255126953125
Epoch 1: loss = 7.461597442626953
Epoch 2: loss = 5.268813133239746
Epoch 3: loss = 4.890249729156494
Epoch 4: loss = 4.787660598754883
Epoch 5: loss = 4.74714469909668
Epoch 6: loss = 4.734570503234863
Epoch 7: loss = 4.728943824768066
Epoch 8: loss = 4.725757598876953
Epoch 9: loss = 4.724175930023193
Epoch 10: loss = 4.723329067230225
Epoch 11: loss = 4.722905158996582
Epoch 12: loss = 4.722679138183594
Epoch 13: loss = 4.722528457641602
Epoch 14: loss = 4.722438335418701
Epoch 0: loss = -31.820629119873047
Epoch 1: loss = -32.06248474121094
Epoch 2: loss = -32.07575225830078
Epoch 3: loss = -32.077903747558594
Epoch 4: loss = -32.078392028808594
Epoch 5: loss = -32.078651428222656
Epoch 6: loss = -32.078826904296875
Epoch 7: loss = -32.07886505126953
Epoch 8: loss = -32.078880310058594
Epoch 9: loss = -32.078887939453125
Epoch 10: loss = -32.078895568847656
Epoch 11: loss = -32.078895568847656
Early stopping at epoch 11 with loss -32.078826904296875
Reconstruction for fluence = 37.926901907322495 photons/pixel
Epoch 0: loss = 8295.912109375
Epoch 1: loss = 22.13402557373047
Epoch 2: loss = 12.771760940551758
Epoch 3: loss = 11.452359199523926
Epoch 4: loss = 11.11398696899414
Epoch 5: loss = 10.96127986907959
Epoch 6: loss = 10.915626525878906
Epoch 7: loss = 10.892939567565918
Epoch 8: loss = 10.879928588867188
Epoch 9: loss = 10.871942520141602
Epoch 10: loss = 10.867166519165039
Epoch 11: loss = 10.864603042602539
Epoch 12: loss = 10.86329460144043
Epoch 13: loss = 10.862384796142578
Epoch 14: loss = 10.861741065979004
Epoch 0: loss = -92.3408203125
Epoch 1: loss = -92.65979766845703
Epoch 2: loss = -92.6741943359375
Epoch 3: loss = -92.67752838134766
Epoch 4: loss = -92.6791763305664
Epoch 5: loss = -92.67964172363281
Epoch 6: loss = -92.67996215820312
Epoch 7: loss = -92.6800537109375
Epoch 8: loss = -92.68008422851562
Epoch 9: loss = -92.68008422851562
Epoch 10: loss = -92.68010711669922
Epoch 11: loss = -92.68014526367188
Epoch 12: loss = -92.68028259277344
Epoch 13: loss = -92.68031311035156
Epoch 14: loss = -92.68032836914062
Epoch 15: loss = -92.68032836914062
Epoch 16: loss = -92.68032836914062
Epoch 17: loss = -92.68032836914062
Early stopping at epoch 17 with loss -92.68028259277344
Reconstruction for fluence = 88.58667904100822 photons/pixel
Epoch 0: loss = 45185.69921875
Epoch 1: loss = 77.90910339355469
Epoch 2: loss = 31.738704681396484
Epoch 3: loss = 26.309505462646484
Epoch 4: loss = 24.848474502563477
Epoch 5: loss = 24.342201232910156
Epoch 6: loss = 24.162330627441406
Epoch 7: loss = 24.06481170654297
Epoch 8: loss = 24.008262634277344
Epoch 9: loss = 23.973087310791016
Epoch 10: loss = 23.950836181640625
Epoch 11: loss = 23.938011169433594
Epoch 12: loss = 23.930784225463867
Epoch 13: loss = 23.925739288330078
Epoch 14: loss = 23.922170639038086
Epoch 0: loss = -258.4190673828125
Epoch 1: loss = -258.83319091796875
Epoch 2: loss = -258.85675048828125
Epoch 3: loss = -258.8614501953125
Epoch 4: loss = -258.86358642578125
Epoch 5: loss = -258.86407470703125
Epoch 6: loss = -258.86419677734375
Epoch 7: loss = -258.8642578125
Epoch 8: loss = -258.86444091796875
Epoch 9: loss = -258.86444091796875
Epoch 10: loss = -258.864501953125
Epoch 11: loss = -258.864501953125
Epoch 12: loss = -258.86456298828125
Epoch 13: loss = -258.86456298828125
Epoch 14: loss = -258.86456298828125
Epoch 15: loss = -258.86456298828125
Epoch 16: loss = -258.8646240234375
Epoch 17: loss = -258.8646240234375
Early stopping at epoch 17 with loss -258.86456298828125
Reconstruction for fluence = 206.9138081114788 photons/pixel
Epoch 0: loss = 245579.6875
Epoch 1: loss = 318.5061340332031
Epoch 2: loss = 86.50225830078125
Epoch 3: loss = 61.79449462890625
Epoch 4: loss = 56.316246032714844
Epoch 5: loss = 54.60588836669922
Epoch 6: loss = 54.02463912963867
Epoch 7: loss = 53.695228576660156
Epoch 8: loss = 53.50038528442383
Epoch 9: loss = 53.36840057373047
Epoch 10: loss = 53.29045486450195
Epoch 11: loss = 53.242977142333984
Epoch 12: loss = 53.21627426147461
Epoch 13: loss = 53.195980072021484
Epoch 14: loss = 53.181396484375
Epoch 0: loss = -703.6090087890625
Epoch 1: loss = -704.1396484375
Epoch 2: loss = -704.1716918945312
Epoch 3: loss = -704.1766357421875
Epoch 4: loss = -704.1766357421875
Epoch 5: loss = -704.1771240234375
Epoch 6: loss = -704.17724609375
Epoch 7: loss = -704.17724609375
Epoch 8: loss = -704.1773071289062
Epoch 9: loss = -704.1773681640625
Epoch 10: loss = -704.177490234375
Epoch 11: loss = -704.177490234375
Epoch 12: loss = -704.1775512695312
Epoch 13: loss = -704.1775512695312
Epoch 14: loss = -704.1775512695312
Epoch 15: loss = -704.1775512695312
Early stopping at epoch 15 with loss -704.177490234375
Reconstruction for fluence = 483.2930238571752 photons/pixel
Epoch 0: loss = 1340574.125
Epoch 1: loss = 1514.1630859375
Epoch 2: loss = 290.9051818847656
Epoch 3: loss = 168.5574951171875
Epoch 4: loss = 142.26431274414062
Epoch 5: loss = 135.24673461914062
Epoch 6: loss = 132.84304809570312
Epoch 7: loss = 131.69400024414062
Epoch 8: loss = 130.97328186035156
Epoch 9: loss = 130.53369140625
Epoch 10: loss = 130.26187133789062
Epoch 11: loss = 130.10934448242188
Epoch 12: loss = 130.0048828125
Epoch 13: loss = 129.9273681640625
Epoch 14: loss = 129.8712615966797
Epoch 0: loss = -1874.151123046875
Epoch 1: loss = -1874.834716796875
Epoch 2: loss = -1874.862548828125
Epoch 3: loss = -1874.866455078125
Epoch 4: loss = -1874.866455078125
Epoch 5: loss = -1874.86669921875
Epoch 6: loss = -1874.86669921875
Epoch 7: loss = -1874.866943359375
Epoch 8: loss = -1874.866943359375
Epoch 9: loss = -1874.866943359375
Epoch 10: loss = -1874.866943359375
Epoch 11: loss = -1874.866943359375
Epoch 12: loss = -1874.866943359375
Early stopping at epoch 12 with loss -1874.866943359375
Reconstruction for fluence = 1128.8378916846884 photons/pixel
Epoch 0: loss = 7319728.5
Epoch 1: loss = 7734.171875
Epoch 2: loss = 1109.65771484375
Epoch 3: loss = 488.1012268066406
Epoch 4: loss = 359.14410400390625
Epoch 5: loss = 324.3554992675781
Epoch 6: loss = 313.00860595703125
Epoch 7: loss = 307.9767150878906
Epoch 8: loss = 305.31292724609375
Epoch 9: loss = 303.56304931640625
Epoch 10: loss = 302.468994140625
Epoch 11: loss = 301.84722900390625
Epoch 12: loss = 301.40496826171875
Epoch 13: loss = 301.097412109375
Epoch 14: loss = 300.8661193847656
Epoch 0: loss = -4915.2041015625
Epoch 1: loss = -4916.0810546875
Epoch 2: loss = -4916.1015625
Epoch 3: loss = -4916.1044921875
Epoch 4: loss = -4916.1044921875
Epoch 5: loss = -4916.1044921875
Epoch 6: loss = -4916.10498046875
Epoch 7: loss = -4916.10546875
Epoch 8: loss = -4916.10595703125
Epoch 9: loss = -4916.10595703125
Epoch 10: loss = -4916.10595703125
Epoch 11: loss = -4916.10595703125
Epoch 12: loss = -4916.1064453125
Epoch 13: loss = -4916.1064453125
Epoch 14: loss = -4916.1064453125
Epoch 15: loss = -4916.1064453125
Epoch 16: loss = -4916.1064453125
Epoch 17: loss = -4916.1064453125
Early stopping at epoch 17 with loss -4916.1064453125
Reconstruction for fluence = 2636.6508987303555 photons/pixel
Epoch 0: loss = 39892740.0
Epoch 1: loss = 40554.08984375
Epoch 2: loss = 5008.0068359375
Epoch 3: loss = 1721.539794921875
Epoch 4: loss = 1011.9566040039062
Epoch 5: loss = 811.7586669921875
Epoch 6: loss = 758.9945068359375
Epoch 7: loss = 736.7430419921875
Epoch 8: loss = 723.4703369140625
Epoch 9: loss = 715.907470703125
Epoch 10: loss = 711.46630859375
Epoch 11: loss = 708.9347534179688
Epoch 12: loss = 707.5267333984375
Epoch 13: loss = 706.5004272460938
Epoch 14: loss = 705.7589111328125
Epoch 0: loss = -12745.869140625
Epoch 1: loss = -12746.8330078125
Epoch 2: loss = -12746.84375
Epoch 3: loss = -12746.845703125
Epoch 4: loss = -12746.845703125
Epoch 5: loss = -12746.8466796875
Epoch 6: loss = -12746.84765625
Epoch 7: loss = -12746.84765625
Epoch 8: loss = -12746.84765625
Epoch 9: loss = -12746.84765625
Epoch 10: loss = -12746.84765625
Epoch 11: loss = -12746.84765625
Early stopping at epoch 11 with loss -12746.84765625
Reconstruction for fluence = 6158.482110660255 photons/pixel
Epoch 0: loss = 217689216.0
Epoch 1: loss = 219321.78125
Epoch 2: loss = 24741.60546875
Epoch 3: loss = 6941.35400390625
Epoch 4: loss = 3177.114013671875
Epoch 5: loss = 2180.05810546875
Epoch 6: loss = 1912.07861328125
Epoch 7: loss = 1806.485595703125
Epoch 8: loss = 1746.181640625
Epoch 9: loss = 1716.010498046875
Epoch 10: loss = 1696.9366455078125
Epoch 11: loss = 1687.21826171875
Epoch 12: loss = 1680.7083740234375
Epoch 13: loss = 1675.9344482421875
Epoch 14: loss = 1672.596923828125
Epoch 0: loss = -32700.421875
Epoch 1: loss = -32701.51171875
Epoch 2: loss = -32701.517578125
Epoch 3: loss = -32701.5234375
Epoch 4: loss = -32701.5234375
Epoch 5: loss = -32701.5234375
Epoch 6: loss = -32701.5234375
Epoch 7: loss = -32701.5234375
Epoch 8: loss = -32701.52734375
Epoch 9: loss = -32701.52734375
Epoch 10: loss = -32701.52734375
Epoch 11: loss = -32701.52734375
Epoch 12: loss = -32701.52734375
Epoch 13: loss = -32701.52734375
Early stopping at epoch 13 with loss -32701.52734375
Reconstruction for fluence = 14384.498882876629 photons/pixel
Epoch 0: loss = 1187665408.0
Epoch 1: loss = 1192514.5
Epoch 2: loss = 129559.5
Epoch 3: loss = 33046.6640625
Epoch 4: loss = 12272.71484375
Epoch 5: loss = 6832.30908203125
Epoch 6: loss = 5362.2236328125
Epoch 7: loss = 4691.03955078125
Epoch 8: loss = 4335.88916015625
Epoch 9: loss = 4162.369140625
Epoch 10: loss = 4066.45263671875
Epoch 11: loss = 4014.211181640625
Epoch 12: loss = 3982.629638671875
Epoch 13: loss = 3959.5673828125
Epoch 14: loss = 3942.80615234375
Epoch 0: loss = -83245.5546875
Epoch 1: loss = -83246.7578125
Epoch 2: loss = -83246.7734375
Epoch 3: loss = -83246.78125
Epoch 4: loss = -83246.7890625
Epoch 5: loss = -83246.7890625
Epoch 6: loss = -83246.7890625
Epoch 7: loss = -83246.7890625
Epoch 8: loss = -83246.7890625
Epoch 9: loss = -83246.7890625
Early stopping at epoch 9 with loss -83246.7890625
Reconstruction for fluence = 33598.18286283781 photons/pixel
Epoch 0: loss = 6479118336.0
Epoch 1: loss = 6461820.5
Epoch 2: loss = 690495.875
Epoch 3: loss = 166915.53125
Epoch 4: loss = 52193.30078125
Epoch 5: loss = 24065.5234375
Epoch 6: loss = 16114.875
Epoch 7: loss = 12819.6142578125
Epoch 8: loss = 11346.3046875
Epoch 9: loss = 10572.32421875
Epoch 10: loss = 10118.509765625
Epoch 11: loss = 9891.7880859375
Epoch 12: loss = 9742.576171875
Epoch 13: loss = 9641.478515625
Epoch 14: loss = 9573.88671875
Epoch 0: loss = -210476.140625
Epoch 1: loss = -210477.625
Epoch 2: loss = -210477.65625
Epoch 3: loss = -210477.65625
Epoch 4: loss = -210477.65625
Epoch 5: loss = -210477.6875
Epoch 6: loss = -210477.6875
Epoch 7: loss = -210477.6875
Epoch 8: loss = -210477.6875
Epoch 9: loss = -210477.6875
Epoch 10: loss = -210477.6875
Early stopping at epoch 10 with loss -210477.6875
Reconstruction for fluence = 78475.99703514607 photons/pixel
Epoch 0: loss = 35345141760.0
Epoch 1: loss = 35292192.0
Epoch 2: loss = 3738493.5
Epoch 3: loss = 874654.625
Epoch 4: loss = 262468.375
Epoch 5: loss = 103519.59375
Epoch 6: loss = 58166.4296875
Epoch 7: loss = 39446.453125
Epoch 8: loss = 30812.8515625
Epoch 9: loss = 26288.703125
Epoch 10: loss = 23824.177734375
Epoch 11: loss = 22550.083984375
Epoch 12: loss = 21782.4296875
Epoch 13: loss = 21214.171875
Epoch 14: loss = 20868.28515625
Epoch 0: loss = -529068.25
Epoch 1: loss = -529070.1875
Epoch 2: loss = -529070.25
Epoch 3: loss = -529070.25
Epoch 4: loss = -529070.25
Epoch 5: loss = -529070.3125
Epoch 6: loss = -529070.3125
Epoch 7: loss = -529070.3125
Epoch 8: loss = -529070.3125
Epoch 9: loss = -529070.3125
Epoch 10: loss = -529070.3125
Early stopping at epoch 10 with loss -529070.3125
Reconstruction for fluence = 183298.07108324335 photons/pixel
Epoch 0: loss = 192837222400.0
Epoch 1: loss = 192457504.0
Epoch 2: loss = 20360864.0
Epoch 3: loss = 4727975.0
Epoch 4: loss = 1376495.75
Epoch 5: loss = 487469.4375
Epoch 6: loss = 256437.75
Epoch 7: loss = 153730.90625
Epoch 8: loss = 104269.296875
Epoch 9: loss = 80075.71875
Epoch 10: loss = 66575.65625
Epoch 11: loss = 59799.0
Epoch 12: loss = 55761.3203125
Epoch 13: loss = 53086.38671875
Epoch 14: loss = 51297.4140625
Epoch 0: loss = -1323230.25
Epoch 1: loss = -1323233.25
Epoch 2: loss = -1323233.25
Epoch 3: loss = -1323233.375
Epoch 4: loss = -1323233.5
Epoch 5: loss = -1323233.5
Epoch 6: loss = -1323233.5
Epoch 7: loss = -1323233.5
Epoch 8: loss = -1323233.5
Epoch 9: loss = -1323233.5
Early stopping at epoch 9 with loss -1323233.5
Reconstruction for fluence = 428133.2398719387 photons/pixel
Epoch 0: loss = 1052009299968.0
Epoch 1: loss = 1049708160.0
Epoch 2: loss = 110882368.0
Epoch 3: loss = 25743972.0
Epoch 4: loss = 7112411.0
Epoch 5: loss = 2483047.0
Epoch 6: loss = 1169154.0
Epoch 7: loss = 651244.75
Epoch 8: loss = 414124.0625
Epoch 9: loss = 300186.65625
Epoch 10: loss = 218840.1875
Epoch 11: loss = 182885.828125
Epoch 12: loss = 163505.03125
Epoch 13: loss = 147611.15625
Epoch 14: loss = 137652.8125
Epoch 0: loss = -3295020.0
Epoch 1: loss = -3295025.5
Epoch 2: loss = -3295025.5
Epoch 3: loss = -3295025.75
Epoch 4: loss = -3295025.75
Epoch 5: loss = -3295025.75
Epoch 6: loss = -3295026.0
Epoch 7: loss = -3295026.0
Epoch 8: loss = -3295026.0
Epoch 9: loss = -3295026.0
Epoch 10: loss = -3295026.0
Epoch 11: loss = -3295026.0
Early stopping at epoch 11 with loss -3295026.0
Reconstruction for fluence = 1000000.0 photons/pixel
Epoch 0: loss = 5739313102848.0
Epoch 1: loss = 5723245568.0
Epoch 2: loss = 604515456.0
Epoch 3: loss = 140034624.0
Epoch 4: loss = 38115888.0
Epoch 5: loss = 13108026.0
Epoch 6: loss = 6339213.5
Epoch 7: loss = 3405871.0
Epoch 8: loss = 1977178.125
Epoch 9: loss = 1245992.75
Epoch 10: loss = 846157.9375
Epoch 11: loss = 640575.25
Epoch 12: loss = 523429.0625
Epoch 13: loss = 440976.1875
Epoch 14: loss = 385843.0625
Epoch 0: loss = -8173463.0
Epoch 1: loss = -8173475.0
Epoch 2: loss = -8173476.0
Epoch 3: loss = -8173476.0
Epoch 4: loss = -8173476.5
Epoch 5: loss = -8173476.5
Epoch 6: loss = -8173476.5
Epoch 7: loss = -8173476.5
Epoch 8: loss = -8173476.5
Epoch 9: loss = -8173476.5
Early stopping at epoch 9 with loss -8173476.5
Simulation for steps_size=21 and n_fluences=20 completed!
