Running simulation for n_fluences=20
Tensors initialization on device cuda
Multiprobe = None

('MSE', None) RECONSTRUCTIONS

Reconstruction for fluence = 100.0 photons/pixel
Epoch 0: loss = 0.14844921231269836
Epoch 1: loss = 0.06159326434135437
Epoch 2: loss = 0.057928748428821564
Epoch 3: loss = 0.057928748428821564
Epoch 4: loss = 0.057928748428821564
Epoch 5: loss = 0.057928748428821564
Epoch 6: loss = 0.057928748428821564
Epoch 7: loss = 0.057928748428821564
Epoch 8: loss = 0.057928748428821564
Epoch 9: loss = 0.057928748428821564
Epoch 10: loss = 0.057928748428821564
Epoch 11: loss = 0.057928748428821564
Epoch 12: loss = 0.057928748428821564
Early stopping at epoch 12 with loss 0.057928748428821564
Reconstruction for fluence = 162.3776739188721 photons/pixel
Epoch 0: loss = 0.18249791860580444
Epoch 1: loss = 0.06520751118659973
Epoch 2: loss = 0.05895685777068138
Epoch 3: loss = 0.05895685777068138
Epoch 4: loss = 0.05895685777068138
Epoch 5: loss = 0.05895685777068138
Epoch 6: loss = 0.05895685777068138
Epoch 7: loss = 0.05895685777068138
Epoch 8: loss = 0.05895685777068138
Epoch 9: loss = 0.05895685777068138
Epoch 10: loss = 0.05895685777068138
Epoch 11: loss = 0.05895685777068138
Epoch 12: loss = 0.05895685777068138
Early stopping at epoch 12 with loss 0.05895685777068138
Reconstruction for fluence = 263.6650898730358 photons/pixel
Epoch 0: loss = 0.24021781980991364
Epoch 1: loss = 0.07489997893571854
Epoch 2: loss = 0.06012701988220215
Epoch 3: loss = 0.06012701988220215
Epoch 4: loss = 0.06012701988220215
Epoch 5: loss = 0.06012701988220215
Epoch 6: loss = 0.06012701988220215
Epoch 7: loss = 0.06012701988220215
Epoch 8: loss = 0.06012701988220215
Epoch 9: loss = 0.06012701988220215
Epoch 10: loss = 0.06012701988220215
Epoch 11: loss = 0.06012701988220215
Epoch 12: loss = 0.06012701988220215
Early stopping at epoch 12 with loss 0.06012701988220215
Reconstruction for fluence = 428.13323987193957 photons/pixel
Epoch 0: loss = 0.3424485921859741
Epoch 1: loss = 0.09115385264158249
Epoch 2: loss = 0.06506809592247009
Epoch 3: loss = 0.06506805866956711
Epoch 4: loss = 0.06506805866956711
Epoch 5: loss = 0.06506805866956711
Epoch 6: loss = 0.06506805866956711
Epoch 7: loss = 0.06506805866956711
Epoch 8: loss = 0.06506805866956711
Epoch 9: loss = 0.06506805866956711
Epoch 10: loss = 0.06506805866956711
Epoch 11: loss = 0.06506805866956711
Epoch 12: loss = 0.06506805866956711
Epoch 13: loss = 0.06506805866956711
Early stopping at epoch 13 with loss 0.06506805866956711
Reconstruction for fluence = 695.1927961775605 photons/pixel
Epoch 0: loss = 0.5159940719604492
Epoch 1: loss = 0.12288980931043625
Epoch 2: loss = 0.07459895312786102
Epoch 3: loss = 0.07459886372089386
Epoch 4: loss = 0.07459884881973267
Epoch 5: loss = 0.07459884881973267
Epoch 6: loss = 0.07459884881973267
Epoch 7: loss = 0.07459884881973267
Epoch 8: loss = 0.07459884881973267
Epoch 9: loss = 0.07459884881973267
Epoch 10: loss = 0.07459884881973267
Epoch 11: loss = 0.07459884881973267
Epoch 12: loss = 0.07459884881973267
Epoch 13: loss = 0.07459884881973267
Epoch 14: loss = 0.07459884881973267
Early stopping at epoch 14 with loss 0.07459884881973267
Reconstruction for fluence = 1128.8378916846884 photons/pixel
Epoch 0: loss = 0.8018521070480347
Epoch 1: loss = 0.14700788259506226
Epoch 2: loss = 0.08771199733018875
Epoch 3: loss = 0.0877118706703186
Epoch 4: loss = 0.0877118706703186
Epoch 5: loss = 0.0877118706703186
Epoch 6: loss = 0.0877118706703186
Epoch 7: loss = 0.0877118706703186
Epoch 8: loss = 0.0877118706703186
Epoch 9: loss = 0.0877118706703186
Epoch 10: loss = 0.0877118706703186
Epoch 11: loss = 0.0877118706703186
Epoch 12: loss = 0.0877118706703186
Epoch 13: loss = 0.0877118706703186
Early stopping at epoch 13 with loss 0.0877118706703186
Reconstruction for fluence = 1832.9807108324355 photons/pixel
Epoch 0: loss = 1.2696342468261719
Epoch 1: loss = 0.12691068649291992
Epoch 2: loss = 0.10430978238582611
Epoch 3: loss = 0.10430978238582611
Epoch 4: loss = 0.10430978238582611
Epoch 5: loss = 0.10430978238582611
Epoch 6: loss = 0.10430978238582611
Epoch 7: loss = 0.10430978238582611
Epoch 8: loss = 0.10430978238582611
Epoch 9: loss = 0.10430978238582611
Epoch 10: loss = 0.10430978238582611
Epoch 11: loss = 0.10430978238582611
Epoch 12: loss = 0.10430978238582611
Early stopping at epoch 12 with loss 0.10430978238582611
Reconstruction for fluence = 2976.351441631319 photons/pixel
Epoch 0: loss = 2.028653621673584
Epoch 1: loss = 0.12377718836069107
Epoch 2: loss = 0.12374205887317657
Epoch 3: loss = 0.12374205887317657
Epoch 4: loss = 0.12374205887317657
Epoch 5: loss = 0.12374205887317657
Epoch 6: loss = 0.12374205887317657
Epoch 7: loss = 0.12374205887317657
Epoch 8: loss = 0.12374205887317657
Epoch 9: loss = 0.12374205887317657
Epoch 10: loss = 0.12374205887317657
Epoch 11: loss = 0.12374205887317657
Epoch 12: loss = 0.12374205887317657
Early stopping at epoch 12 with loss 0.12374205887317657
Reconstruction for fluence = 4832.930238571752 photons/pixel
Epoch 0: loss = 3.2623891830444336
Epoch 1: loss = 0.14610056579113007
Epoch 2: loss = 0.1460980921983719
Epoch 3: loss = 0.1460980921983719
Epoch 4: loss = 0.1460980921983719
Epoch 5: loss = 0.1460980921983719
Epoch 6: loss = 0.1460980921983719
Epoch 7: loss = 0.1460980921983719
Epoch 8: loss = 0.1460980921983719
Epoch 9: loss = 0.1460980921983719
Epoch 10: loss = 0.1460980921983719
Epoch 11: loss = 0.1460980921983719
Epoch 12: loss = 0.1460980921983719
Early stopping at epoch 12 with loss 0.1460980921983719
Reconstruction for fluence = 7847.599703514607 photons/pixel
Epoch 0: loss = 5.267072677612305
Epoch 1: loss = 0.17059555649757385
Epoch 2: loss = 0.17059385776519775
Epoch 3: loss = 0.17059385776519775
Epoch 4: loss = 0.17059385776519775
Epoch 5: loss = 0.17059385776519775
Epoch 6: loss = 0.17059385776519775
Epoch 7: loss = 0.17059385776519775
Epoch 8: loss = 0.17059385776519775
Epoch 9: loss = 0.17059385776519775
Epoch 10: loss = 0.17059385776519775
Epoch 11: loss = 0.17059385776519775
Epoch 12: loss = 0.17059385776519775
Early stopping at epoch 12 with loss 0.17059385776519775
Reconstruction for fluence = 12742.74985703132 photons/pixel
Epoch 0: loss = 8.522241592407227
Epoch 1: loss = 0.19646507501602173
Epoch 2: loss = 0.19646446406841278
Epoch 3: loss = 0.1964644491672516
Epoch 4: loss = 0.1964644491672516
Epoch 5: loss = 0.1964644491672516
Epoch 6: loss = 0.1964644491672516
Epoch 7: loss = 0.1964644491672516
Epoch 8: loss = 0.1964644491672516
Epoch 9: loss = 0.1964644491672516
Epoch 10: loss = 0.1964644491672516
Epoch 11: loss = 0.1964644491672516
Epoch 12: loss = 0.1964644491672516
Early stopping at epoch 12 with loss 0.19646446406841278
Reconstruction for fluence = 20691.3808111479 photons/pixel
Epoch 0: loss = 13.804229736328125
Epoch 1: loss = 0.22196561098098755
Epoch 2: loss = 0.22196444869041443
Epoch 3: loss = 0.22196441888809204
Epoch 4: loss = 0.22196441888809204
Epoch 5: loss = 0.22196441888809204
Epoch 6: loss = 0.22196441888809204
Epoch 7: loss = 0.22196441888809204
Epoch 8: loss = 0.22196441888809204
Epoch 9: loss = 0.22196441888809204
Epoch 10: loss = 0.22196441888809204
Epoch 11: loss = 0.22196441888809204
Epoch 12: loss = 0.22196441888809204
Epoch 13: loss = 0.22196441888809204
Early stopping at epoch 13 with loss 0.22196441888809204
Reconstruction for fluence = 33598.18286283781 photons/pixel
Epoch 0: loss = 22.384445190429688
Epoch 1: loss = 0.24530504643917084
Epoch 2: loss = 0.24530357122421265
Epoch 3: loss = 0.24530358612537384
Epoch 4: loss = 0.24530358612537384
Epoch 5: loss = 0.24530358612537384
Epoch 6: loss = 0.24530358612537384
Epoch 7: loss = 0.24530358612537384
Epoch 8: loss = 0.24530358612537384
Epoch 9: loss = 0.24530358612537384
Epoch 10: loss = 0.24530358612537384
Epoch 11: loss = 0.24530358612537384
Epoch 12: loss = 0.24530358612537384
Early stopping at epoch 12 with loss 0.24530357122421265
Reconstruction for fluence = 54555.947811685146 photons/pixel
Epoch 0: loss = 36.31785583496094
Epoch 1: loss = 0.2649872601032257
Epoch 2: loss = 0.2649827003479004
Epoch 3: loss = 0.264982670545578
Epoch 4: loss = 0.264982670545578
Epoch 5: loss = 0.264982670545578
Epoch 6: loss = 0.264982670545578
Epoch 7: loss = 0.264982670545578
Epoch 8: loss = 0.264982670545578
Epoch 9: loss = 0.264982670545578
Epoch 10: loss = 0.264982670545578
Epoch 11: loss = 0.264982670545578
Epoch 12: loss = 0.264982670545578
Epoch 13: loss = 0.264982670545578
Early stopping at epoch 13 with loss 0.264982670545578
Reconstruction for fluence = 88586.67904100832 photons/pixel
Epoch 0: loss = 58.936344146728516
Epoch 1: loss = 0.2796213924884796
Epoch 2: loss = 0.27961987257003784
Epoch 3: loss = 0.27961987257003784
Epoch 4: loss = 0.27961984276771545
Epoch 5: loss = 0.27961984276771545
Epoch 6: loss = 0.27961984276771545
Epoch 7: loss = 0.27961984276771545
Epoch 8: loss = 0.27961984276771545
Epoch 9: loss = 0.27961984276771545
Epoch 10: loss = 0.27961984276771545
Epoch 11: loss = 0.27961984276771545
Epoch 12: loss = 0.27961984276771545
Epoch 13: loss = 0.27961984276771545
Epoch 14: loss = 0.27961984276771545
Early stopping at epoch 14 with loss 0.27961984276771545
Reconstruction for fluence = 143844.9888287663 photons/pixel
Epoch 0: loss = 95.66728210449219
Epoch 1: loss = 0.2884487211704254
Epoch 2: loss = 0.2884441614151001
Epoch 3: loss = 0.2884441614151001
Epoch 4: loss = 0.2884441614151001
Epoch 5: loss = 0.2884441614151001
Epoch 6: loss = 0.2884441614151001
Epoch 7: loss = 0.2884441614151001
Epoch 8: loss = 0.2884441614151001
Epoch 9: loss = 0.2884441614151001
Epoch 10: loss = 0.2884441614151001
Epoch 11: loss = 0.2884441614151001
Epoch 12: loss = 0.2884441614151001
Early stopping at epoch 12 with loss 0.2884441614151001
Reconstruction for fluence = 233572.1469090121 photons/pixel
Epoch 0: loss = 155.31484985351562
Epoch 1: loss = 0.2920853793621063
Epoch 2: loss = 0.2920796871185303
Epoch 3: loss = 0.2920796871185303
Epoch 4: loss = 0.2920796871185303
Epoch 5: loss = 0.2920796871185303
Epoch 6: loss = 0.2920796871185303
Epoch 7: loss = 0.2920796871185303
Epoch 8: loss = 0.2920796871185303
Epoch 9: loss = 0.2920796871185303
Epoch 10: loss = 0.2920796871185303
Epoch 11: loss = 0.2920796871185303
Epoch 12: loss = 0.2920796871185303
Early stopping at epoch 12 with loss 0.2920796871185303
Reconstruction for fluence = 379269.0190732246 photons/pixel
Epoch 0: loss = 252.1887969970703
Epoch 1: loss = 0.2916661500930786
Epoch 2: loss = 0.2916576862335205
Epoch 3: loss = 0.2916576862335205
Epoch 4: loss = 0.2916576564311981
Epoch 5: loss = 0.2916576564311981
Epoch 6: loss = 0.2916576564311981
Epoch 7: loss = 0.2916576564311981
Epoch 8: loss = 0.2916576564311981
Epoch 9: loss = 0.2916576564311981
Epoch 10: loss = 0.2916576564311981
Epoch 11: loss = 0.2916576564311981
Epoch 12: loss = 0.2916576564311981
Epoch 13: loss = 0.2916576564311981
Epoch 14: loss = 0.2916576564311981
Early stopping at epoch 14 with loss 0.2916576564311981
Reconstruction for fluence = 615848.2110660254 photons/pixel
Epoch 0: loss = 409.46337890625
Epoch 1: loss = 0.2877897620201111
Epoch 2: loss = 0.2877776026725769
Epoch 3: loss = 0.28777754306793213
Epoch 4: loss = 0.28777754306793213
Epoch 5: loss = 0.28777754306793213
Epoch 6: loss = 0.28777754306793213
Epoch 7: loss = 0.28777754306793213
Epoch 8: loss = 0.28777754306793213
Epoch 9: loss = 0.28777754306793213
Epoch 10: loss = 0.28777754306793213
Epoch 11: loss = 0.28777754306793213
Epoch 12: loss = 0.28777754306793213
Epoch 13: loss = 0.28777754306793213
Early stopping at epoch 13 with loss 0.28777754306793213
Reconstruction for fluence = 1000000.0 photons/pixel
Epoch 0: loss = 664.859130859375
Epoch 1: loss = 0.2824293375015259
Epoch 2: loss = 0.28229451179504395
Epoch 3: loss = 0.28229451179504395
Epoch 4: loss = 0.28229451179504395
Epoch 5: loss = 0.28229451179504395
Epoch 6: loss = 0.28229451179504395
Epoch 7: loss = 0.28229451179504395
Epoch 8: loss = 0.28229451179504395
Epoch 9: loss = 0.28229451179504395
Epoch 10: loss = 0.28229451179504395
Epoch 11: loss = 0.28229451179504395
Epoch 12: loss = 0.28229451179504395
Early stopping at epoch 12 with loss 0.28229451179504395
Simulation for n_fluences=20 completed!
