Running simulation for steps_size=21 and n_fluences=20
Steps size: 21
Tensors initialization on device cuda
Multiprobe = None

('MSE', None) RECONSTRUCTIONS

Reconstruction for fluence = 0.09999999999999999 photons/pixel
Epoch 0: loss = 0.09232218563556671
Epoch 1: loss = 0.04237296059727669
Epoch 2: loss = 0.04145963862538338
Epoch 3: loss = 0.04120562598109245
Epoch 4: loss = 0.04113953933119774
Epoch 5: loss = 0.041090238839387894
Epoch 6: loss = 0.04105847701430321
Epoch 7: loss = 0.041034210473299026
Epoch 8: loss = 0.04101106524467468
Epoch 9: loss = 0.041000355035066605
Epoch 10: loss = 0.040992360562086105
Early stopping at epoch 10 with loss 0.041090238839387894
Reconstruction for fluence = 0.23357214690901223 photons/pixel
Epoch 0: loss = 0.3212222456932068
Epoch 1: loss = 0.09804940223693848
Epoch 2: loss = 0.09629283845424652
Epoch 3: loss = 0.09579142928123474
Epoch 4: loss = 0.09555619210004807
Epoch 5: loss = 0.09548765420913696
Epoch 6: loss = 0.09546815603971481
Epoch 7: loss = 0.09543649852275848
Epoch 8: loss = 0.09542739391326904
Epoch 9: loss = 0.09541213512420654
Epoch 10: loss = 0.09540943801403046
Epoch 11: loss = 0.09540873765945435
Epoch 12: loss = 0.09540858119726181
Early stopping at epoch 12 with loss 0.09543649852275848
Reconstruction for fluence = 0.5455594781168519 photons/pixel
Epoch 0: loss = 1.3735828399658203
Epoch 1: loss = 0.22472357749938965
Epoch 2: loss = 0.22032304108142853
Epoch 3: loss = 0.2197689712047577
Epoch 4: loss = 0.2196464091539383
Epoch 5: loss = 0.21958836913108826
Epoch 6: loss = 0.21954914927482605
Epoch 7: loss = 0.21953308582305908
Epoch 8: loss = 0.21953071653842926
Epoch 9: loss = 0.21953026950359344
Epoch 10: loss = 0.21953022480010986
Epoch 11: loss = 0.21953019499778748
Epoch 12: loss = 0.2195301651954651
Early stopping at epoch 12 with loss 0.21953308582305908
Reconstruction for fluence = 1.2742749857031335 photons/pixel
Epoch 0: loss = 6.506629943847656
Epoch 1: loss = 0.5161833763122559
Epoch 2: loss = 0.5013118386268616
Epoch 3: loss = 0.49918869137763977
Epoch 4: loss = 0.49885109066963196
Epoch 5: loss = 0.49877363443374634
Epoch 6: loss = 0.49875935912132263
Epoch 7: loss = 0.4987555146217346
Epoch 8: loss = 0.4987548291683197
Epoch 9: loss = 0.4987543821334839
Early stopping at epoch 9 with loss 0.49885109066963196
Reconstruction for fluence = 2.976351441631318 photons/pixel
Epoch 0: loss = 33.497657775878906
Epoch 1: loss = 1.2623403072357178
Epoch 2: loss = 1.2049612998962402
Epoch 3: loss = 1.1990277767181396
Epoch 4: loss = 1.1982501745224
Epoch 5: loss = 1.1981260776519775
Epoch 6: loss = 1.198106288909912
Epoch 7: loss = 1.1981031894683838
Epoch 8: loss = 1.1981029510498047
Epoch 9: loss = 1.1981029510498047
Epoch 10: loss = 1.1981024742126465
Early stopping at epoch 10 with loss 1.1981260776519775
Reconstruction for fluence = 6.9519279617756045 photons/pixel
Epoch 0: loss = 176.6505584716797
Epoch 1: loss = 2.9443464279174805
Epoch 2: loss = 2.6509933471679688
Epoch 3: loss = 2.6230714321136475
Epoch 4: loss = 2.6191611289978027
Epoch 5: loss = 2.618525266647339
Epoch 6: loss = 2.6184074878692627
Epoch 7: loss = 2.618361473083496
Epoch 8: loss = 2.61833119392395
Epoch 9: loss = 2.6183111667633057
Epoch 10: loss = 2.6183080673217773
Epoch 11: loss = 2.6183032989501953
Epoch 12: loss = 2.618302345275879
Epoch 13: loss = 2.6183021068573
Epoch 14: loss = 2.6183016300201416
Epoch 15: loss = 2.6183016300201416
Epoch 16: loss = 2.6183013916015625
Early stopping at epoch 16 with loss 2.6183032989501953
Reconstruction for fluence = 16.23776739188721 photons/pixel
Epoch 0: loss = 953.8876342773438
Epoch 1: loss = 7.300845146179199
Epoch 2: loss = 6.180635929107666
Epoch 3: loss = 6.064570903778076
Epoch 4: loss = 6.048879146575928
Epoch 5: loss = 6.0459394454956055
Epoch 6: loss = 6.045176982879639
Epoch 7: loss = 6.044797897338867
Epoch 8: loss = 6.044546604156494
Epoch 9: loss = 6.044389724731445
Epoch 10: loss = 6.044322967529297
Epoch 11: loss = 6.04430627822876
Epoch 12: loss = 6.044301986694336
Epoch 13: loss = 6.044299125671387
Epoch 14: loss = 6.044299125671387
Early stopping at epoch 14 with loss 6.044389724731445
Reconstruction for fluence = 37.926901907322495 photons/pixel
Epoch 0: loss = 5178.9326171875
Epoch 1: loss = 19.72970199584961
Epoch 2: loss = 14.794803619384766
Epoch 3: loss = 14.2113037109375
Epoch 4: loss = 14.114641189575195
Epoch 5: loss = 14.09394645690918
Epoch 6: loss = 14.08828353881836
Epoch 7: loss = 14.086248397827148
Epoch 8: loss = 14.085302352905273
Epoch 9: loss = 14.084877014160156
Epoch 10: loss = 14.08473014831543
Epoch 11: loss = 14.084711074829102
Epoch 12: loss = 14.084659576416016
Epoch 13: loss = 14.084654808044434
Epoch 14: loss = 14.084650039672852
Epoch 15: loss = 14.084647178649902
Early stopping at epoch 15 with loss 14.08473014831543
Reconstruction for fluence = 88.58667904100822 photons/pixel
Epoch 0: loss = 28192.96875
Epoch 1: loss = 59.28094482421875
Epoch 2: loss = 33.9582405090332
Epoch 3: loss = 30.918838500976562
Epoch 4: loss = 30.45631217956543
Epoch 5: loss = 30.35163116455078
Epoch 6: loss = 30.321937561035156
Epoch 7: loss = 30.310361862182617
Epoch 8: loss = 30.305007934570312
Epoch 9: loss = 30.302536010742188
Epoch 10: loss = 30.301361083984375
Epoch 11: loss = 30.300806045532227
Epoch 12: loss = 30.30052947998047
Epoch 13: loss = 30.30035400390625
Epoch 14: loss = 30.300312042236328
Epoch 15: loss = 30.300249099731445
Epoch 16: loss = 30.30016326904297
Epoch 17: loss = 30.30008316040039
Epoch 18: loss = 30.300052642822266
Epoch 19: loss = 30.300037384033203
Epoch 20: loss = 30.30002784729004
Epoch 21: loss = 30.300006866455078
Epoch 22: loss = 30.300006866455078
Early stopping at epoch 22 with loss 30.30008316040039
Reconstruction for fluence = 206.9138081114788 photons/pixel
Epoch 0: loss = 153657.9375
Epoch 1: loss = 224.2674560546875
Epoch 2: loss = 92.35875701904297
Epoch 3: loss = 76.8365478515625
Epoch 4: loss = 74.39353942871094
Epoch 5: loss = 73.80464172363281
Epoch 6: loss = 73.62309265136719
Epoch 7: loss = 73.55409240722656
Epoch 8: loss = 73.51677703857422
Epoch 9: loss = 73.49884796142578
Epoch 10: loss = 73.49028015136719
Epoch 11: loss = 73.48564147949219
Epoch 12: loss = 73.4832992553711
Epoch 13: loss = 73.481689453125
Epoch 14: loss = 73.48036193847656
Epoch 15: loss = 73.47970581054688
Epoch 16: loss = 73.47938537597656
Epoch 17: loss = 73.47932434082031
Epoch 18: loss = 73.47925567626953
Epoch 19: loss = 73.47920227050781
Epoch 20: loss = 73.47911071777344
Epoch 21: loss = 73.4790267944336
Epoch 22: loss = 73.47900390625
Epoch 23: loss = 73.47896575927734
Epoch 24: loss = 73.47895812988281
Epoch 25: loss = 73.47895812988281
Epoch 26: loss = 73.47892761230469
Epoch 27: loss = 73.47892761230469
Early stopping at epoch 27 with loss 73.47900390625
Reconstruction for fluence = 483.2930238571752 photons/pixel
Epoch 0: loss = 837571.5
Epoch 1: loss = 952.271484375
Epoch 2: loss = 265.81622314453125
Epoch 3: loss = 182.27163696289062
Epoch 4: loss = 168.77099609375
Epoch 5: loss = 165.88754272460938
Epoch 6: loss = 164.96292114257812
Epoch 7: loss = 164.59307861328125
Epoch 8: loss = 164.4032745361328
Epoch 9: loss = 164.30364990234375
Epoch 10: loss = 164.24441528320312
Epoch 11: loss = 164.2133331298828
Epoch 12: loss = 164.1956329345703
Epoch 13: loss = 164.18418884277344
Epoch 14: loss = 164.17697143554688
Epoch 15: loss = 164.17276000976562
Epoch 16: loss = 164.16998291015625
Epoch 17: loss = 164.16836547851562
Epoch 18: loss = 164.16783142089844
Epoch 19: loss = 164.16729736328125
Epoch 20: loss = 164.16656494140625
Epoch 21: loss = 164.16644287109375
Epoch 22: loss = 164.1663818359375
Epoch 23: loss = 164.16627502441406
Epoch 24: loss = 164.1659698486328
Epoch 25: loss = 164.16587829589844
Epoch 26: loss = 164.1658935546875
Epoch 27: loss = 164.16571044921875
Epoch 28: loss = 164.16561889648438
Epoch 29: loss = 164.16552734375
Epoch 30: loss = 164.16552734375
Epoch 31: loss = 164.16546630859375
Epoch 32: loss = 164.16546630859375
Epoch 33: loss = 164.1654052734375
Epoch 34: loss = 164.165283203125
Epoch 35: loss = 164.165283203125
Epoch 36: loss = 164.16522216796875
Epoch 37: loss = 164.16519165039062
Epoch 38: loss = 164.1651611328125
Epoch 39: loss = 164.16505432128906
Epoch 40: loss = 164.1650390625
Epoch 41: loss = 164.1650390625
Epoch 42: loss = 164.1650390625
Epoch 43: loss = 164.1650390625
Epoch 44: loss = 164.16497802734375
Epoch 45: loss = 164.1649169921875
Epoch 46: loss = 164.1649169921875
Epoch 47: loss = 164.1649169921875
Epoch 48: loss = 164.1649169921875
Epoch 49: loss = 164.16490173339844
Epoch 50: loss = 164.1649169921875
Early stopping at epoch 50 with loss 164.1649169921875
Reconstruction for fluence = 1128.8378916846884 photons/pixel
Epoch 0: loss = 4568858.0
Epoch 1: loss = 4760.4755859375
Epoch 2: loss = 897.8492431640625
Epoch 3: loss = 464.3691101074219
Epoch 4: loss = 403.7282409667969
Epoch 5: loss = 390.30438232421875
Epoch 6: loss = 385.8919677734375
Epoch 7: loss = 384.123291015625
Epoch 8: loss = 383.210693359375
Epoch 9: loss = 382.696533203125
Epoch 10: loss = 382.38470458984375
Epoch 11: loss = 382.211669921875
Epoch 12: loss = 382.11572265625
Epoch 13: loss = 382.0433349609375
Epoch 14: loss = 381.9940185546875
Epoch 15: loss = 381.958984375
Epoch 16: loss = 381.935791015625
Epoch 17: loss = 381.9225769042969
Epoch 18: loss = 381.91302490234375
Epoch 19: loss = 381.91107177734375
Epoch 20: loss = 381.90374755859375
Epoch 21: loss = 381.899169921875
Epoch 22: loss = 381.89825439453125
Epoch 23: loss = 381.89599609375
Epoch 24: loss = 381.89599609375
Epoch 25: loss = 381.8938293457031
Epoch 26: loss = 381.8926696777344
Epoch 27: loss = 381.8918762207031
Epoch 28: loss = 381.8914794921875
Epoch 29: loss = 381.890380859375
Epoch 30: loss = 381.890380859375
Epoch 31: loss = 381.89031982421875
Epoch 32: loss = 381.88970947265625
Epoch 33: loss = 381.8891906738281
Epoch 34: loss = 381.8887023925781
Epoch 35: loss = 381.8885192871094
Epoch 36: loss = 381.8883361816406
Epoch 37: loss = 381.888427734375
Epoch 38: loss = 381.8881530761719
Epoch 39: loss = 381.8880310058594
Epoch 40: loss = 381.887939453125
Epoch 41: loss = 381.88775634765625
Epoch 42: loss = 381.8877258300781
Epoch 43: loss = 381.88763427734375
Epoch 44: loss = 381.887451171875
Epoch 45: loss = 381.8872985839844
Epoch 46: loss = 381.88720703125
Epoch 47: loss = 381.88702392578125
Epoch 48: loss = 381.88690185546875
Epoch 49: loss = 381.886962890625
Epoch 50: loss = 381.88677978515625
Epoch 51: loss = 381.88665771484375
Epoch 52: loss = 381.886474609375
Epoch 53: loss = 381.8864440917969
Epoch 54: loss = 381.88592529296875
Epoch 55: loss = 381.88580322265625
Epoch 56: loss = 381.88525390625
Epoch 57: loss = 381.8848876953125
Epoch 58: loss = 381.884765625
Epoch 59: loss = 381.8836364746094
Epoch 60: loss = 381.8818054199219
Epoch 61: loss = 381.880859375
Epoch 62: loss = 381.88031005859375
Epoch 63: loss = 381.87860107421875
Epoch 64: loss = 381.87646484375
Epoch 65: loss = 381.87481689453125
Epoch 66: loss = 381.87408447265625
Epoch 67: loss = 381.8731384277344
Epoch 68: loss = 381.8720397949219
Epoch 69: loss = 381.8717956542969
Epoch 70: loss = 381.8714599609375
Epoch 71: loss = 381.87109375
Epoch 72: loss = 381.8703308105469
Epoch 73: loss = 381.86956787109375
Epoch 74: loss = 381.869384765625
Epoch 75: loss = 381.86932373046875
Epoch 76: loss = 381.86932373046875
Epoch 77: loss = 381.8687438964844
Epoch 78: loss = 381.86865234375
Epoch 79: loss = 381.86871337890625
Epoch 80: loss = 381.86846923828125
Epoch 81: loss = 381.86846923828125
Epoch 82: loss = 381.8684387207031
Epoch 83: loss = 381.8681640625
Epoch 84: loss = 381.8682861328125
Epoch 85: loss = 381.8682861328125
Epoch 86: loss = 381.86822509765625
Epoch 87: loss = 381.86822509765625
Epoch 88: loss = 381.86810302734375
Early stopping at epoch 88 with loss 381.8681640625
Reconstruction for fluence = 2636.6508987303555 photons/pixel
Epoch 0: loss = 24917760.0
Epoch 1: loss = 23982.15625
Epoch 2: loss = 3352.5771484375
Epoch 3: loss = 1291.660400390625
Epoch 4: loss = 985.011962890625
Epoch 5: loss = 921.0086669921875
Epoch 6: loss = 900.009033203125
Epoch 7: loss = 891.4820556640625
Epoch 8: loss = 886.6776123046875
Epoch 9: loss = 883.8875732421875
Epoch 10: loss = 882.26123046875
Epoch 11: loss = 881.3388671875
Epoch 12: loss = 880.8214111328125
Epoch 13: loss = 880.435302734375
Epoch 14: loss = 880.1710205078125
Epoch 15: loss = 879.9803466796875
Epoch 16: loss = 879.8206787109375
Epoch 17: loss = 879.6887817382812
Epoch 18: loss = 879.48876953125
Epoch 19: loss = 879.31298828125
Epoch 20: loss = 879.2256469726562
Epoch 21: loss = 879.15478515625
Epoch 22: loss = 879.0984497070312
Epoch 23: loss = 879.0517578125
Epoch 24: loss = 879.0164794921875
Epoch 25: loss = 878.9828491210938
Epoch 26: loss = 878.959716796875
Epoch 27: loss = 878.94580078125
Epoch 28: loss = 878.9349975585938
Epoch 29: loss = 878.927490234375
Epoch 30: loss = 878.9208984375
Epoch 31: loss = 878.9200439453125
Epoch 32: loss = 878.9168701171875
Epoch 33: loss = 878.9140014648438
Epoch 34: loss = 878.9133911132812
Epoch 35: loss = 878.9127197265625
Epoch 36: loss = 878.9111328125
Epoch 37: loss = 878.9110107421875
Epoch 38: loss = 878.90966796875
Epoch 39: loss = 878.9085083007812
Epoch 40: loss = 878.9078369140625
Epoch 41: loss = 878.9076538085938
Epoch 42: loss = 878.9068603515625
Epoch 43: loss = 878.90673828125
Epoch 44: loss = 878.9061279296875
Epoch 45: loss = 878.9060668945312
Epoch 46: loss = 878.9057006835938
Epoch 47: loss = 878.9053955078125
Epoch 48: loss = 878.9056396484375
Epoch 49: loss = 878.90478515625
Epoch 50: loss = 878.9053955078125
Epoch 51: loss = 878.9052124023438
Epoch 52: loss = 878.9056396484375
Epoch 53: loss = 878.905029296875
Epoch 54: loss = 878.9049682617188
Early stopping at epoch 54 with loss 878.90478515625
Reconstruction for fluence = 6158.482110660255 photons/pixel
Epoch 0: loss = 135948480.0
Epoch 1: loss = 127065.3125
Epoch 2: loss = 17163.939453125
Epoch 3: loss = 4368.3955078125
Epoch 4: loss = 2682.92529296875
Epoch 5: loss = 2320.34326171875
Epoch 6: loss = 2210.76171875
Epoch 7: loss = 2164.60791015625
Epoch 8: loss = 2138.233642578125
Epoch 9: loss = 2123.33154296875
Epoch 10: loss = 2114.47119140625
Epoch 11: loss = 2108.734619140625
Epoch 12: loss = 2105.271240234375
Epoch 13: loss = 2102.66650390625
Epoch 14: loss = 2100.91650390625
Epoch 15: loss = 2099.71337890625
Epoch 16: loss = 2098.864013671875
Epoch 17: loss = 2098.24853515625
Epoch 18: loss = 2097.751953125
Epoch 19: loss = 2097.311279296875
Epoch 20: loss = 2096.890625
Epoch 21: loss = 2096.505615234375
Epoch 22: loss = 2096.187255859375
Epoch 23: loss = 2095.878662109375
Epoch 24: loss = 2095.4658203125
Epoch 25: loss = 2095.0048828125
Epoch 26: loss = 2094.70361328125
Epoch 27: loss = 2094.57470703125
Epoch 28: loss = 2094.46923828125
Epoch 29: loss = 2094.385009765625
Epoch 30: loss = 2094.33349609375
Epoch 31: loss = 2094.27490234375
Epoch 32: loss = 2094.23583984375
Epoch 33: loss = 2094.21337890625
Epoch 34: loss = 2094.19091796875
Epoch 35: loss = 2094.170166015625
Epoch 36: loss = 2094.153076171875
Epoch 37: loss = 2094.15087890625
Epoch 38: loss = 2094.1474609375
Epoch 39: loss = 2094.1474609375
Epoch 40: loss = 2094.12841796875
Epoch 41: loss = 2094.11328125
Epoch 42: loss = 2094.10498046875
Epoch 43: loss = 2094.10205078125
Epoch 44: loss = 2094.095703125
Epoch 45: loss = 2094.0986328125
Epoch 46: loss = 2094.0927734375
Epoch 47: loss = 2094.08740234375
Epoch 48: loss = 2094.08349609375
Epoch 49: loss = 2094.07958984375
Epoch 50: loss = 2094.078369140625
Epoch 51: loss = 2094.076171875
Epoch 52: loss = 2094.07470703125
Epoch 53: loss = 2094.074462890625
Epoch 54: loss = 2094.07373046875
Epoch 55: loss = 2094.07373046875
Epoch 56: loss = 2094.07177734375
Epoch 57: loss = 2094.07177734375
Epoch 58: loss = 2094.071533203125
Epoch 59: loss = 2094.0703125
Epoch 60: loss = 2094.067626953125
Epoch 61: loss = 2094.0673828125
Epoch 62: loss = 2094.065673828125
Epoch 63: loss = 2094.06396484375
Epoch 64: loss = 2094.06298828125
Epoch 65: loss = 2094.06298828125
Epoch 66: loss = 2094.06103515625
Epoch 67: loss = 2094.06005859375
Epoch 68: loss = 2094.06201171875
Epoch 69: loss = 2094.0546875
Epoch 70: loss = 2094.05712890625
Epoch 71: loss = 2094.0556640625
Epoch 72: loss = 2094.0537109375
Epoch 73: loss = 2094.052490234375
Epoch 74: loss = 2094.052734375
Epoch 75: loss = 2094.05419921875
Epoch 76: loss = 2094.052734375
Epoch 77: loss = 2094.052734375
Epoch 78: loss = 2094.052490234375
Early stopping at epoch 78 with loss 2094.052490234375
Reconstruction for fluence = 14384.498882876629 photons/pixel
Epoch 0: loss = 741731584.0
Epoch 1: loss = 682828.1875
Epoch 2: loss = 83924.671875
Epoch 3: loss = 17369.0
Epoch 4: loss = 7894.6220703125
Epoch 5: loss = 6060.708984375
Epoch 6: loss = 5508.240234375
Epoch 7: loss = 5290.40087890625
Epoch 8: loss = 5165.7568359375
Epoch 9: loss = 5096.64453125
Epoch 10: loss = 5051.9951171875
Epoch 11: loss = 5022.6484375
Epoch 12: loss = 5004.294921875
Epoch 13: loss = 4991.560546875
Epoch 14: loss = 4982.2119140625
Epoch 15: loss = 4975.45068359375
Epoch 16: loss = 4970.3916015625
Epoch 17: loss = 4967.03662109375
Epoch 18: loss = 4963.048828125
Epoch 19: loss = 4958.822265625
Epoch 20: loss = 4956.125
Epoch 21: loss = 4954.49169921875
Epoch 22: loss = 4953.294921875
Epoch 23: loss = 4952.36865234375
Epoch 24: loss = 4951.7041015625
Epoch 25: loss = 4951.22900390625
Epoch 26: loss = 4950.8798828125
Epoch 27: loss = 4950.6396484375
Epoch 28: loss = 4950.44140625
Epoch 29: loss = 4950.3037109375
Epoch 30: loss = 4950.18408203125
Epoch 31: loss = 4950.072265625
Epoch 32: loss = 4950.0224609375
Epoch 33: loss = 4949.998046875
Epoch 34: loss = 4949.9375
Epoch 35: loss = 4949.904296875
Epoch 36: loss = 4949.85888671875
Epoch 37: loss = 4949.86474609375
Epoch 38: loss = 4949.82861328125
Epoch 39: loss = 4949.82275390625
Epoch 40: loss = 4949.8095703125
Epoch 41: loss = 4949.80517578125
Epoch 42: loss = 4949.802734375
Epoch 43: loss = 4949.79296875
Epoch 44: loss = 4949.78662109375
Epoch 45: loss = 4949.78271484375
Epoch 46: loss = 4949.775390625
Epoch 47: loss = 4949.7802734375
Epoch 48: loss = 4949.7744140625
Epoch 49: loss = 4949.779296875
Epoch 50: loss = 4949.779296875
Epoch 51: loss = 4949.78125
Epoch 52: loss = 4949.779296875
Epoch 53: loss = 4949.76953125
Epoch 54: loss = 4949.77294921875
Epoch 55: loss = 4949.771484375
Epoch 56: loss = 4949.77734375
Epoch 57: loss = 4949.76953125
Epoch 58: loss = 4949.771484375
Early stopping at epoch 58 with loss 4949.76953125
Reconstruction for fluence = 33598.18286283781 photons/pixel
Epoch 0: loss = 4046406144.0
Epoch 1: loss = 3710918.5
Epoch 2: loss = 431712.3125
Epoch 3: loss = 80829.78125
Epoch 4: loss = 28441.9765625
Epoch 5: loss = 18208.982421875
Epoch 6: loss = 14745.1337890625
Epoch 7: loss = 13462.087890625
Epoch 8: loss = 12729.541015625
Epoch 9: loss = 12320.5537109375
Epoch 10: loss = 12038.490234375
Epoch 11: loss = 11862.69140625
Epoch 12: loss = 11770.111328125
Epoch 13: loss = 11696.1826171875
Epoch 14: loss = 11643.28125
Epoch 15: loss = 11602.70703125
Epoch 16: loss = 11575.6162109375
Epoch 17: loss = 11556.396484375
Epoch 18: loss = 11543.462890625
Epoch 19: loss = 11523.490234375
Epoch 20: loss = 11502.4677734375
Epoch 21: loss = 11485.00390625
Epoch 22: loss = 11476.15234375
Epoch 23: loss = 11469.189453125
Epoch 24: loss = 11463.43359375
Epoch 25: loss = 11459.158203125
Epoch 26: loss = 11456.380859375
Epoch 27: loss = 11454.677734375
Epoch 28: loss = 11453.5078125
Epoch 29: loss = 11452.681640625
Epoch 30: loss = 11452.06640625
Epoch 31: loss = 11451.580078125
Epoch 32: loss = 11451.453125
Epoch 33: loss = 11451.138671875
Epoch 34: loss = 11450.953125
Epoch 35: loss = 11450.7841796875
Epoch 36: loss = 11450.748046875
Epoch 37: loss = 11450.6259765625
Epoch 38: loss = 11450.5234375
Epoch 39: loss = 11450.4921875
Epoch 40: loss = 11450.51171875
Epoch 41: loss = 11450.43359375
Epoch 42: loss = 11450.380859375
Epoch 43: loss = 11450.380859375
Epoch 44: loss = 11450.3720703125
Epoch 45: loss = 11450.341796875
Epoch 46: loss = 11450.34765625
Epoch 47: loss = 11450.3359375
Epoch 48: loss = 11450.2734375
Epoch 49: loss = 11450.322265625
Epoch 50: loss = 11450.2998046875
Epoch 51: loss = 11450.244140625
Epoch 52: loss = 11450.2802734375
Epoch 53: loss = 11450.2734375
Epoch 54: loss = 11450.26953125
Epoch 55: loss = 11450.2958984375
Epoch 56: loss = 11450.2578125
Early stopping at epoch 56 with loss 11450.244140625
Reconstruction for fluence = 78475.99703514607 photons/pixel
Epoch 0: loss = 22076555264.0
Epoch 1: loss = 20189574.0
Epoch 2: loss = 2388104.5
Epoch 3: loss = 382360.75
Epoch 4: loss = 117789.578125
Epoch 5: loss = 65826.125
Epoch 6: loss = 45287.3203125
Epoch 7: loss = 37954.62890625
Epoch 8: loss = 34007.265625
Epoch 9: loss = 31783.345703125
Epoch 10: loss = 30391.064453125
Epoch 11: loss = 29475.0390625
Epoch 12: loss = 28996.673828125
Epoch 13: loss = 28645.734375
Epoch 14: loss = 28392.64453125
Epoch 15: loss = 28200.5546875
Epoch 16: loss = 28057.736328125
Epoch 17: loss = 27962.921875
Epoch 18: loss = 27876.84375
Epoch 19: loss = 27812.732421875
Epoch 20: loss = 27754.318359375
Epoch 21: loss = 27705.296875
Epoch 22: loss = 27657.78125
Epoch 23: loss = 27584.99609375
Epoch 24: loss = 27529.501953125
Epoch 25: loss = 27501.6015625
Epoch 26: loss = 27486.375
Epoch 27: loss = 27475.744140625
Epoch 28: loss = 27466.087890625
Epoch 29: loss = 27458.162109375
Epoch 30: loss = 27451.87109375
Epoch 31: loss = 27447.24609375
Epoch 32: loss = 27443.828125
Epoch 33: loss = 27441.666015625
Epoch 34: loss = 27440.255859375
Epoch 35: loss = 27439.19921875
Epoch 36: loss = 27438.392578125
Epoch 37: loss = 27438.392578125
Epoch 38: loss = 27437.771484375
Epoch 39: loss = 27437.310546875
Epoch 40: loss = 27437.0859375
Epoch 41: loss = 27436.765625
Epoch 42: loss = 27436.58203125
Epoch 43: loss = 27436.494140625
Epoch 44: loss = 27436.400390625
Epoch 45: loss = 27436.236328125
Epoch 46: loss = 27436.2578125
Epoch 47: loss = 27436.1875
Epoch 48: loss = 27436.16796875
Epoch 49: loss = 27436.140625
Epoch 50: loss = 27436.1171875
Epoch 51: loss = 27436.015625
Epoch 52: loss = 27436.029296875
Epoch 53: loss = 27436.025390625
Epoch 54: loss = 27436.0390625
Epoch 55: loss = 27436.125
Epoch 56: loss = 27435.998046875
Epoch 57: loss = 27436.16796875
Epoch 58: loss = 27436.111328125
Epoch 59: loss = 27436.08984375
Epoch 60: loss = 27435.9296875
Epoch 61: loss = 27436.103515625
Epoch 62: loss = 27436.07421875
Epoch 63: loss = 27436.052734375
Epoch 64: loss = 27436.00390625
Epoch 65: loss = 27435.921875
Epoch 66: loss = 27436.052734375
Epoch 67: loss = 27436.03515625
Epoch 68: loss = 27436.00390625
Epoch 69: loss = 27436.021484375
Epoch 70: loss = 27436.048828125
Early stopping at epoch 70 with loss 27435.921875
Reconstruction for fluence = 183298.07108324335 photons/pixel
Epoch 0: loss = 120441274368.0
Epoch 1: loss = 110424408.0
Epoch 2: loss = 13955844.0
Epoch 3: loss = 2108808.75
Epoch 4: loss = 587894.25
Epoch 5: loss = 265666.09375
Epoch 6: loss = 165675.125
Epoch 7: loss = 123885.578125
Epoch 8: loss = 101179.5859375
Epoch 9: loss = 88320.7734375
Epoch 10: loss = 80363.984375
Epoch 11: loss = 75544.78125
Epoch 12: loss = 72783.703125
Epoch 13: loss = 70768.5234375
Epoch 14: loss = 69283.265625
Epoch 15: loss = 68314.5703125
Epoch 16: loss = 67535.3125
Epoch 17: loss = 67011.53125
Epoch 18: loss = 66577.75
Epoch 19: loss = 66105.21875
Epoch 20: loss = 65550.4453125
Epoch 21: loss = 64969.78125
Epoch 22: loss = 64644.8671875
Epoch 23: loss = 64424.65625
Epoch 24: loss = 64200.09765625
Epoch 25: loss = 64031.8359375
Epoch 26: loss = 63896.34375
Epoch 27: loss = 63811.69140625
Epoch 28: loss = 63746.8671875
Epoch 29: loss = 63698.140625
Epoch 30: loss = 63663.921875
Epoch 31: loss = 63641.15625
Epoch 32: loss = 63625.42578125
Epoch 33: loss = 63615.96875
Epoch 34: loss = 63609.25
Epoch 35: loss = 63603.2109375
Epoch 36: loss = 63598.25390625
Epoch 37: loss = 63595.0625
Epoch 38: loss = 63592.67578125
Epoch 39: loss = 63590.5234375
Epoch 40: loss = 63588.875
Epoch 41: loss = 63588.296875
Epoch 42: loss = 63587.28125
Epoch 43: loss = 63586.296875
Epoch 44: loss = 63586.3671875
Epoch 45: loss = 63586.29296875
Epoch 46: loss = 63585.828125
Epoch 47: loss = 63585.640625
Epoch 48: loss = 63585.85546875
Epoch 49: loss = 63585.26953125
Epoch 50: loss = 63585.40625
Epoch 51: loss = 63585.25
Epoch 52: loss = 63585.046875
Epoch 53: loss = 63584.9765625
Epoch 54: loss = 63585.2890625
Epoch 55: loss = 63585.2265625
Epoch 56: loss = 63585.546875
Epoch 57: loss = 63585.03515625
Epoch 58: loss = 63585.34375
Early stopping at epoch 58 with loss 63584.9765625
Reconstruction for fluence = 428133.2398719387 photons/pixel
Epoch 0: loss = 657076387840.0
Epoch 1: loss = 600740096.0
Epoch 2: loss = 68990072.0
Epoch 3: loss = 10579715.0
Epoch 4: loss = 2739708.0
Epoch 5: loss = 1158587.75
Epoch 6: loss = 698289.375
Epoch 7: loss = 459224.875
Epoch 8: loss = 343162.9375
Epoch 9: loss = 275844.1875
Epoch 10: loss = 234920.3125
Epoch 11: loss = 208550.4375
Epoch 12: loss = 192965.34375
Epoch 13: loss = 182237.640625
Epoch 14: loss = 174525.28125
Epoch 15: loss = 168820.234375
Epoch 16: loss = 164307.625
Epoch 17: loss = 161280.625
Epoch 18: loss = 158822.796875
Epoch 19: loss = 156624.578125
Epoch 20: loss = 154401.6875
Epoch 21: loss = 151926.28125
Epoch 22: loss = 149554.59375
Epoch 23: loss = 147631.921875
Epoch 24: loss = 146643.53125
Epoch 25: loss = 146050.6875
Epoch 26: loss = 145534.203125
Epoch 27: loss = 145148.71875
Epoch 28: loss = 144866.0
Epoch 29: loss = 144656.421875
Epoch 30: loss = 144467.75
Epoch 31: loss = 144316.3125
Epoch 32: loss = 144209.375
Epoch 33: loss = 144143.0625
Epoch 34: loss = 144098.5625
Epoch 35: loss = 144063.921875
Epoch 36: loss = 144037.90625
Epoch 37: loss = 144018.375
Epoch 38: loss = 144005.515625
Epoch 39: loss = 143992.96875
Epoch 40: loss = 143986.203125
Epoch 41: loss = 143980.0625
Epoch 42: loss = 143973.34375
Epoch 43: loss = 143971.140625
Epoch 44: loss = 143968.921875
Epoch 45: loss = 143966.6875
Epoch 46: loss = 143965.625
Epoch 47: loss = 143963.796875
Epoch 48: loss = 143963.796875
Epoch 49: loss = 143963.40625
Epoch 50: loss = 143963.46875
Epoch 51: loss = 143961.796875
Epoch 52: loss = 143961.4375
Epoch 53: loss = 143962.109375
Epoch 54: loss = 143961.09375
Epoch 55: loss = 143962.046875
Epoch 56: loss = 143961.65625
Epoch 57: loss = 143960.03125
Epoch 58: loss = 143961.546875
Epoch 59: loss = 143960.9375
Epoch 60: loss = 143962.046875
Epoch 61: loss = 143961.34375
Epoch 62: loss = 143959.53125
Epoch 63: loss = 143960.53125
Epoch 64: loss = 143960.859375
Epoch 65: loss = 143961.40625
Epoch 66: loss = 143960.9375
Epoch 67: loss = 143961.53125
Early stopping at epoch 67 with loss 143959.53125
Reconstruction for fluence = 1000000.0 photons/pixel
Epoch 0: loss = 3584712245248.0
Epoch 1: loss = 3278643200.0
Epoch 2: loss = 404790400.0
Epoch 3: loss = 60547944.0
Epoch 4: loss = 15368649.0
Epoch 5: loss = 6031160.0
Epoch 6: loss = 3134164.5
Epoch 7: loss = 2088075.75
Epoch 8: loss = 1453055.25
Epoch 9: loss = 1068287.75
Epoch 10: loss = 852794.375
Epoch 11: loss = 708023.4375
Epoch 12: loss = 618763.125
Epoch 13: loss = 557704.375
Epoch 14: loss = 513079.625
Epoch 15: loss = 481930.9375
Epoch 16: loss = 459458.375
Epoch 17: loss = 442756.4375
Epoch 18: loss = 429988.15625
Epoch 19: loss = 417903.4375
Epoch 20: loss = 404613.9375
Epoch 21: loss = 386880.875
Epoch 22: loss = 374102.5625
Epoch 23: loss = 366421.9375
Epoch 24: loss = 361784.9375
Epoch 25: loss = 357781.25
Epoch 26: loss = 354706.96875
Epoch 27: loss = 352810.875
Epoch 28: loss = 351458.34375
Epoch 29: loss = 350410.75
Epoch 30: loss = 349501.9375
Epoch 31: loss = 348743.125
Epoch 32: loss = 348132.875
Epoch 33: loss = 347722.375
Epoch 34: loss = 347431.9375
Epoch 35: loss = 347228.0
Epoch 36: loss = 347174.0625
Epoch 37: loss = 347028.6875
Epoch 38: loss = 346928.1875
Epoch 39: loss = 346853.0625
Epoch 40: loss = 346785.0625
Epoch 41: loss = 346785.0625
Epoch 42: loss = 346734.59375
Epoch 43: loss = 346696.5
Epoch 44: loss = 346667.625
Epoch 45: loss = 346653.46875
Epoch 46: loss = 346641.1875
Epoch 47: loss = 346626.28125
Epoch 48: loss = 346613.84375
Epoch 49: loss = 346613.78125
Epoch 50: loss = 346600.3125
Epoch 51: loss = 346602.5625
Epoch 52: loss = 346598.3125
Epoch 53: loss = 346597.25
Epoch 54: loss = 346595.53125
Epoch 55: loss = 346593.96875
Epoch 56: loss = 346593.34375
Epoch 57: loss = 346594.84375
Epoch 58: loss = 346592.65625
Epoch 59: loss = 346589.875
Epoch 60: loss = 346590.5625
Epoch 61: loss = 346585.375
Epoch 62: loss = 346591.34375
Epoch 63: loss = 346591.1875
Epoch 64: loss = 346592.84375
Epoch 65: loss = 346589.375
Epoch 66: loss = 346593.625
Early stopping at epoch 66 with loss 346585.375
Tensors initialization on device cuda
Multiprobe = None

('MSE', 'PoissonNLL') RECONSTRUCTIONS

Reconstruction for fluence = 0.09999999999999999 photons/pixel
Epoch 0: loss = 0.09240187704563141
Epoch 1: loss = 0.04326269403100014
Epoch 2: loss = 0.04250512272119522
Epoch 3: loss = 0.04214990884065628
Epoch 4: loss = 0.04200134053826332
Epoch 5: loss = 0.04188017547130585
Epoch 6: loss = 0.04182087630033493
Epoch 7: loss = 0.041759513318538666
Epoch 8: loss = 0.041673336178064346
Epoch 9: loss = 0.04161951318383217
Epoch 10: loss = 0.04154982417821884
Epoch 11: loss = 0.041534602642059326
Epoch 12: loss = 0.04149211198091507
Epoch 13: loss = 0.041479673236608505
Epoch 14: loss = 0.04147707670927048
Epoch 0: loss = 0.11547757685184479
Epoch 1: loss = 0.09514974057674408
Epoch 2: loss = 0.09477107226848602
Epoch 3: loss = 0.0947219580411911
Epoch 4: loss = 0.09467491507530212
Epoch 5: loss = 0.0946732759475708
Epoch 6: loss = 0.09467096626758575
Epoch 7: loss = 0.09466926753520966
Epoch 8: loss = 0.09463729709386826
Epoch 9: loss = 0.09459185600280762
Epoch 10: loss = 0.09455123543739319
Epoch 11: loss = 0.09454263746738434
Epoch 12: loss = 0.09454210102558136
Epoch 13: loss = 0.09454208612442017
Epoch 14: loss = 0.09454208612442017
Epoch 15: loss = 0.09454208612442017
Early stopping at epoch 15 with loss 0.09455123543739319
Reconstruction for fluence = 0.23357214690901223 photons/pixel
Epoch 0: loss = 0.32687002420425415
Epoch 1: loss = 0.09796348214149475
Epoch 2: loss = 0.0962245911359787
Epoch 3: loss = 0.09585946798324585
Epoch 4: loss = 0.09568119794130325
Epoch 5: loss = 0.09556904435157776
Epoch 6: loss = 0.09543291479349136
Epoch 7: loss = 0.09530594199895859
Epoch 8: loss = 0.09528373181819916
Epoch 9: loss = 0.09523049741983414
Epoch 10: loss = 0.09522001445293427
Epoch 11: loss = 0.09519761800765991
Epoch 12: loss = 0.09518563002347946
Epoch 13: loss = 0.09518133103847504
Epoch 14: loss = 0.09517871588468552
Epoch 0: loss = 0.15624749660491943
Epoch 1: loss = 0.12493149191141129
Epoch 2: loss = 0.12449027597904205
Epoch 3: loss = 0.12435178458690643
Epoch 4: loss = 0.12432818859815598
Epoch 5: loss = 0.12432670593261719
Epoch 6: loss = 0.124326691031456
Epoch 7: loss = 0.1243266761302948
Epoch 8: loss = 0.1243266612291336
Early stopping at epoch 8 with loss 0.12435178458690643
Reconstruction for fluence = 0.5455594781168519 photons/pixel
Epoch 0: loss = 1.3752267360687256
Epoch 1: loss = 0.22903665900230408
Epoch 2: loss = 0.22454950213432312
Epoch 3: loss = 0.2239600569009781
Epoch 4: loss = 0.22385621070861816
Epoch 5: loss = 0.22382405400276184
Epoch 6: loss = 0.22381190955638885
Epoch 7: loss = 0.22380778193473816
Epoch 8: loss = 0.22378545999526978
Epoch 9: loss = 0.22353367507457733
Epoch 10: loss = 0.22340616583824158
Epoch 11: loss = 0.22334428131580353
Epoch 12: loss = 0.2233356237411499
Epoch 13: loss = 0.22333449125289917
Epoch 14: loss = 0.2233344316482544
Epoch 0: loss = 0.09450969099998474
Epoch 1: loss = 0.045974355190992355
Epoch 2: loss = 0.04567914083600044
Epoch 3: loss = 0.045642007142305374
Epoch 4: loss = 0.04560462757945061
Epoch 5: loss = 0.045592762529850006
Epoch 6: loss = 0.045592084527015686
Epoch 7: loss = 0.04558976739645004
Early stopping at epoch 7 with loss 0.04567914083600044
Reconstruction for fluence = 1.2742749857031335 photons/pixel
Epoch 0: loss = 6.486329078674316
Epoch 1: loss = 0.5264226198196411
Epoch 2: loss = 0.5111699104309082
Epoch 3: loss = 0.509137749671936
Epoch 4: loss = 0.5088127255439758
Epoch 5: loss = 0.5087436437606812
Epoch 6: loss = 0.5087288022041321
Epoch 7: loss = 0.5087279081344604
Epoch 8: loss = 0.5087250471115112
Epoch 9: loss = 0.5087246894836426
Early stopping at epoch 9 with loss 0.5088127255439758
Epoch 0: loss = -0.4207765460014343
Epoch 1: loss = -0.49505284428596497
Epoch 2: loss = -0.49563878774642944
Epoch 3: loss = -0.49575677514076233
Epoch 4: loss = -0.49580058455467224
Epoch 5: loss = -0.49582451581954956
Epoch 6: loss = -0.49583542346954346
Epoch 7: loss = -0.4958398938179016
Epoch 8: loss = -0.4958454370498657
Early stopping at epoch 8 with loss -0.49575677514076233
Reconstruction for fluence = 2.976351441631318 photons/pixel
Epoch 0: loss = 33.440269470214844
Epoch 1: loss = 1.1981849670410156
Epoch 2: loss = 1.1382629871368408
Epoch 3: loss = 1.1316118240356445
Epoch 4: loss = 1.130774736404419
Epoch 5: loss = 1.1306463479995728
Epoch 6: loss = 1.1306211948394775
Epoch 7: loss = 1.1306135654449463
Epoch 8: loss = 1.130612850189209
Epoch 9: loss = 1.1306122541427612
Epoch 10: loss = 1.1306118965148926
Early stopping at epoch 10 with loss 1.1306463479995728
Epoch 0: loss = -2.4109601974487305
Epoch 1: loss = -2.5201303958892822
Epoch 2: loss = -2.5207529067993164
Epoch 3: loss = -2.5209431648254395
Epoch 4: loss = -2.5209836959838867
Epoch 5: loss = -2.5209951400756836
Epoch 6: loss = -2.520995616912842
Epoch 7: loss = -2.520995616912842
Epoch 8: loss = -2.52099609375
Early stopping at epoch 8 with loss -2.5209431648254395
Reconstruction for fluence = 6.9519279617756045 photons/pixel
Epoch 0: loss = 176.44921875
Epoch 1: loss = 2.805023193359375
Epoch 2: loss = 2.5623130798339844
Epoch 3: loss = 2.534644365310669
Epoch 4: loss = 2.5304107666015625
Epoch 5: loss = 2.529674768447876
Epoch 6: loss = 2.5295474529266357
Epoch 7: loss = 2.5295190811157227
Epoch 8: loss = 2.529510974884033
Epoch 9: loss = 2.529508590698242
Epoch 10: loss = 2.5295066833496094
Epoch 11: loss = 2.5295066833496094
Early stopping at epoch 11 with loss 2.5295474529266357
Epoch 0: loss = -9.042316436767578
Epoch 1: loss = -9.198404312133789
Epoch 2: loss = -9.200004577636719
Epoch 3: loss = -9.200403213500977
Epoch 4: loss = -9.200716018676758
Epoch 5: loss = -9.200836181640625
Epoch 6: loss = -9.200862884521484
Epoch 7: loss = -9.200899124145508
Epoch 8: loss = -9.20090103149414
Epoch 9: loss = -9.200904846191406
Epoch 10: loss = -9.200904846191406
Early stopping at epoch 10 with loss -9.200836181640625
Reconstruction for fluence = 16.23776739188721 photons/pixel
Epoch 0: loss = 953.0219116210938
Epoch 1: loss = 7.140571594238281
Epoch 2: loss = 6.045162200927734
Epoch 3: loss = 5.9267449378967285
Epoch 4: loss = 5.906714916229248
Epoch 5: loss = 5.9029693603515625
Epoch 6: loss = 5.9022722244262695
Epoch 7: loss = 5.9020891189575195
Epoch 8: loss = 5.902024269104004
Epoch 9: loss = 5.902009963989258
Epoch 10: loss = 5.902003288269043
Epoch 11: loss = 5.902002334594727
Epoch 12: loss = 5.902000427246094
Early stopping at epoch 12 with loss 5.9020891189575195
Epoch 0: loss = -28.877742767333984
Epoch 1: loss = -29.103191375732422
Epoch 2: loss = -29.105968475341797
Epoch 3: loss = -29.106426239013672
Epoch 4: loss = -29.106651306152344
Epoch 5: loss = -29.106761932373047
Epoch 6: loss = -29.10678482055664
Epoch 7: loss = -29.106788635253906
Epoch 8: loss = -29.106792449951172
Epoch 9: loss = -29.106794357299805
Epoch 10: loss = -29.106796264648438
Early stopping at epoch 10 with loss -29.106761932373047
Reconstruction for fluence = 37.926901907322495 photons/pixel
Epoch 0: loss = 5185.45703125
Epoch 1: loss = 19.290353775024414
Epoch 2: loss = 14.303059577941895
Epoch 3: loss = 13.712703704833984
Epoch 4: loss = 13.617314338684082
Epoch 5: loss = 13.597044944763184
Epoch 6: loss = 13.592216491699219
Epoch 7: loss = 13.590733528137207
Epoch 8: loss = 13.590171813964844
Epoch 9: loss = 13.589962005615234
Epoch 10: loss = 13.589889526367188
Epoch 11: loss = 13.58985710144043
Epoch 12: loss = 13.589845657348633
Epoch 13: loss = 13.58984375
Epoch 14: loss = 13.589839935302734
Epoch 0: loss = -85.56204986572266
Epoch 1: loss = -85.87940979003906
Epoch 2: loss = -85.88347625732422
Epoch 3: loss = -85.88436126708984
Epoch 4: loss = -85.8843994140625
Epoch 5: loss = -85.88449096679688
Epoch 6: loss = -85.88450622558594
Epoch 7: loss = -85.884521484375
Epoch 8: loss = -85.88456726074219
Epoch 9: loss = -85.88465881347656
Epoch 10: loss = -85.88467407226562
Epoch 11: loss = -85.88467407226562
Epoch 12: loss = -85.88468933105469
Epoch 13: loss = -85.88468933105469
Epoch 14: loss = -85.88470458984375
Early stopping at epoch 14 with loss -85.88465881347656
Reconstruction for fluence = 88.58667904100822 photons/pixel
Epoch 0: loss = 28145.71875
Epoch 1: loss = 60.64450454711914
Epoch 2: loss = 35.544532775878906
Epoch 3: loss = 32.789772033691406
Epoch 4: loss = 32.367950439453125
Epoch 5: loss = 32.26734161376953
Epoch 6: loss = 32.23698806762695
Epoch 7: loss = 32.22598648071289
Epoch 8: loss = 32.2205924987793
Epoch 9: loss = 32.21826934814453
Epoch 10: loss = 32.21708679199219
Epoch 11: loss = 32.21691131591797
Epoch 12: loss = 32.216434478759766
Epoch 13: loss = 32.21635818481445
Epoch 14: loss = 32.21617889404297
Epoch 0: loss = -243.0409393310547
Epoch 1: loss = -243.4482421875
Epoch 2: loss = -243.453125
Epoch 3: loss = -243.45346069335938
Epoch 4: loss = -243.45352172851562
Epoch 5: loss = -243.45388793945312
Epoch 6: loss = -243.45391845703125
Epoch 7: loss = -243.45391845703125
Epoch 8: loss = -243.45394897460938
Epoch 9: loss = -243.4539794921875
Epoch 10: loss = -243.4540557861328
Epoch 11: loss = -243.45423889160156
Epoch 12: loss = -243.454345703125
Epoch 13: loss = -243.454345703125
Epoch 14: loss = -243.454345703125
Epoch 15: loss = -243.45437622070312
Epoch 16: loss = -243.45437622070312
Epoch 17: loss = -243.45437622070312
Epoch 18: loss = -243.45440673828125
Epoch 19: loss = -243.45457458496094
Epoch 20: loss = -243.45458984375
Epoch 21: loss = -243.45462036132812
Epoch 22: loss = -243.45462036132812
Epoch 23: loss = -243.45462036132812
Epoch 24: loss = -243.4546356201172
Early stopping at epoch 24 with loss -243.45457458496094
Reconstruction for fluence = 206.9138081114788 photons/pixel
Epoch 0: loss = 153549.65625
Epoch 1: loss = 218.5952606201172
Epoch 2: loss = 88.13430786132812
Epoch 3: loss = 74.7374496459961
Epoch 4: loss = 72.58587646484375
Epoch 5: loss = 72.07846069335938
Epoch 6: loss = 71.93400573730469
Epoch 7: loss = 71.87646484375
Epoch 8: loss = 71.84296417236328
Epoch 9: loss = 71.82760620117188
Epoch 10: loss = 71.81977081298828
Epoch 11: loss = 71.815673828125
Epoch 12: loss = 71.81360626220703
Epoch 13: loss = 71.81221008300781
Epoch 14: loss = 71.81137084960938
Epoch 0: loss = -665.8798828125
Epoch 1: loss = -666.4063110351562
Epoch 2: loss = -666.41357421875
Epoch 3: loss = -666.415771484375
Epoch 4: loss = -666.4158935546875
Epoch 5: loss = -666.4165649414062
Epoch 6: loss = -666.4166259765625
Epoch 7: loss = -666.4169311523438
Epoch 8: loss = -666.4171142578125
Epoch 9: loss = -666.4171142578125
Epoch 10: loss = -666.4171142578125
Epoch 11: loss = -666.4171142578125
Epoch 12: loss = -666.417236328125
Epoch 13: loss = -666.417236328125
Early stopping at epoch 13 with loss -666.4171142578125
Reconstruction for fluence = 483.2930238571752 photons/pixel
Epoch 0: loss = 837564.6875
Epoch 1: loss = 938.99462890625
Epoch 2: loss = 256.3204040527344
Epoch 3: loss = 184.90286254882812
Epoch 4: loss = 174.46827697753906
Epoch 5: loss = 172.09811401367188
Epoch 6: loss = 171.33721923828125
Epoch 7: loss = 171.01019287109375
Epoch 8: loss = 170.83477783203125
Epoch 9: loss = 170.73927307128906
Epoch 10: loss = 170.68724060058594
Epoch 11: loss = 170.65670776367188
Epoch 12: loss = 170.63961791992188
Epoch 13: loss = 170.62808227539062
Epoch 14: loss = 170.6204833984375
Epoch 0: loss = -1786.330810546875
Epoch 1: loss = -1787.041259765625
Epoch 2: loss = -1787.0491943359375
Epoch 3: loss = -1787.0504150390625
Epoch 4: loss = -1787.05078125
Epoch 5: loss = -1787.051025390625
Epoch 6: loss = -1787.0513916015625
Epoch 7: loss = -1787.0513916015625
Epoch 8: loss = -1787.051513671875
Epoch 9: loss = -1787.051513671875
Epoch 10: loss = -1787.051513671875
Epoch 11: loss = -1787.051513671875
Early stopping at epoch 11 with loss -1787.0513916015625
Reconstruction for fluence = 1128.8378916846884 photons/pixel
Epoch 0: loss = 4568490.0
Epoch 1: loss = 4543.287109375
Epoch 2: loss = 864.4683837890625
Epoch 3: loss = 464.4820556640625
Epoch 4: loss = 409.18548583984375
Epoch 5: loss = 396.5520324707031
Epoch 6: loss = 392.3215637207031
Epoch 7: loss = 390.4742431640625
Epoch 8: loss = 389.4825439453125
Epoch 9: loss = 388.9805908203125
Epoch 10: loss = 388.6869201660156
Epoch 11: loss = 388.5551452636719
Epoch 12: loss = 388.45391845703125
Epoch 13: loss = 388.3955078125
Epoch 14: loss = 388.35186767578125
Epoch 0: loss = -4712.486328125
Epoch 1: loss = -4713.3642578125
Epoch 2: loss = -4713.37109375
Epoch 3: loss = -4713.37841796875
Epoch 4: loss = -4713.37890625
Epoch 5: loss = -4713.3798828125
Epoch 6: loss = -4713.380859375
Epoch 7: loss = -4713.380859375
Epoch 8: loss = -4713.380859375
Epoch 9: loss = -4713.3818359375
Epoch 10: loss = -4713.3818359375
Epoch 11: loss = -4713.38232421875
Epoch 12: loss = -4713.3828125
Epoch 13: loss = -4713.3828125
Epoch 14: loss = -4713.3828125
Epoch 15: loss = -4713.3828125
Epoch 16: loss = -4713.3828125
Epoch 17: loss = -4713.3828125
Early stopping at epoch 17 with loss -4713.3828125
Reconstruction for fluence = 2636.6508987303555 photons/pixel
Epoch 0: loss = 24919172.0
Epoch 1: loss = 23621.25390625
Epoch 2: loss = 3464.6435546875
Epoch 3: loss = 1299.55419921875
Epoch 4: loss = 1004.548095703125
Epoch 5: loss = 935.142578125
Epoch 6: loss = 912.3062744140625
Epoch 7: loss = 904.40234375
Epoch 8: loss = 899.14794921875
Epoch 9: loss = 896.171630859375
Epoch 10: loss = 894.5465087890625
Epoch 11: loss = 893.5050048828125
Epoch 12: loss = 892.934814453125
Epoch 13: loss = 892.5717163085938
Epoch 14: loss = 892.31982421875
Epoch 0: loss = -12267.51953125
Epoch 1: loss = -12268.615234375
Epoch 2: loss = -12268.6171875
Epoch 3: loss = -12268.625
Epoch 4: loss = -12268.626953125
Epoch 5: loss = -12268.626953125
Epoch 6: loss = -12268.626953125
Epoch 7: loss = -12268.62890625
Epoch 8: loss = -12268.62890625
Epoch 9: loss = -12268.62890625
Epoch 10: loss = -12268.62890625
Epoch 11: loss = -12268.630859375
Epoch 12: loss = -12268.630859375
Epoch 13: loss = -12268.630859375
Epoch 14: loss = -12268.630859375
Epoch 15: loss = -12268.6328125
Epoch 16: loss = -12268.6328125
Epoch 17: loss = -12268.6328125
Epoch 18: loss = -12268.6328125
Epoch 19: loss = -12268.6328125
Epoch 20: loss = -12268.6328125
Early stopping at epoch 20 with loss -12268.6328125
Reconstruction for fluence = 6158.482110660255 photons/pixel
Epoch 0: loss = 135959008.0
Epoch 1: loss = 127600.578125
Epoch 2: loss = 17703.671875
Epoch 3: loss = 4408.17431640625
Epoch 4: loss = 2724.0751953125
Epoch 5: loss = 2347.03173828125
Epoch 6: loss = 2221.267822265625
Epoch 7: loss = 2169.683349609375
Epoch 8: loss = 2141.029296875
Epoch 9: loss = 2125.87158203125
Epoch 10: loss = 2116.2861328125
Epoch 11: loss = 2110.68896484375
Epoch 12: loss = 2107.4833984375
Epoch 13: loss = 2105.30859375
Epoch 14: loss = 2103.66650390625
Epoch 0: loss = -31589.8359375
Epoch 1: loss = -31591.15234375
Epoch 2: loss = -31591.16015625
Epoch 3: loss = -31591.16015625
Epoch 4: loss = -31591.16796875
Epoch 5: loss = -31591.171875
Epoch 6: loss = -31591.171875
Epoch 7: loss = -31591.171875
Epoch 8: loss = -31591.171875
Epoch 9: loss = -31591.173828125
Epoch 10: loss = -31591.17578125
Epoch 11: loss = -31591.17578125
Epoch 12: loss = -31591.17578125
Epoch 13: loss = -31591.17578125
Epoch 14: loss = -31591.17578125
Epoch 15: loss = -31591.17578125
Early stopping at epoch 15 with loss -31591.17578125
Reconstruction for fluence = 14384.498882876629 photons/pixel
Epoch 0: loss = 741682688.0
Epoch 1: loss = 684316.875
Epoch 2: loss = 90492.7734375
Epoch 3: loss = 17961.9375
Epoch 4: loss = 8159.67333984375
Epoch 5: loss = 6199.490234375
Epoch 6: loss = 5577.16552734375
Epoch 7: loss = 5321.30859375
Epoch 8: loss = 5179.396484375
Epoch 9: loss = 5098.36376953125
Epoch 10: loss = 5048.44921875
Epoch 11: loss = 5019.58056640625
Epoch 12: loss = 5001.3896484375
Epoch 13: loss = 4988.611328125
Epoch 14: loss = 4977.4912109375
Epoch 0: loss = -80656.34375
Epoch 1: loss = -80657.984375
Epoch 2: loss = -80658.0078125
Epoch 3: loss = -80658.0078125
Epoch 4: loss = -80658.0078125
Epoch 5: loss = -80658.0078125
Epoch 6: loss = -80658.0078125
Epoch 7: loss = -80658.0078125
Early stopping at epoch 7 with loss -80658.0078125
Reconstruction for fluence = 33598.18286283781 photons/pixel
Epoch 0: loss = 4046492416.0
Epoch 1: loss = 3719773.5
Epoch 2: loss = 477683.5625
Epoch 3: loss = 80322.015625
Epoch 4: loss = 28968.330078125
Epoch 5: loss = 18329.7265625
Epoch 6: loss = 15056.4404296875
Epoch 7: loss = 13573.2939453125
Epoch 8: loss = 12830.09765625
Epoch 9: loss = 12405.66796875
Epoch 10: loss = 12126.0205078125
Epoch 11: loss = 11965.2431640625
Epoch 12: loss = 11873.927734375
Epoch 13: loss = 11804.326171875
Epoch 14: loss = 11751.8564453125
Epoch 0: loss = -204416.953125
Epoch 1: loss = -204419.046875
Epoch 2: loss = -204419.109375
Epoch 3: loss = -204419.109375
Epoch 4: loss = -204419.125
Epoch 5: loss = -204419.125
Epoch 6: loss = -204419.125
Epoch 7: loss = -204419.125
Epoch 8: loss = -204419.125
Epoch 9: loss = -204419.125
Early stopping at epoch 9 with loss -204419.125
Reconstruction for fluence = 78475.99703514607 photons/pixel
Epoch 0: loss = 22076233728.0
Epoch 1: loss = 20235736.0
Epoch 2: loss = 2563739.5
Epoch 3: loss = 408044.3125
Epoch 4: loss = 120122.390625
Epoch 5: loss = 65804.5
Epoch 6: loss = 45315.3671875
Epoch 7: loss = 37891.359375
Epoch 8: loss = 33854.890625
Epoch 9: loss = 31554.46875
Epoch 10: loss = 30154.95703125
Epoch 11: loss = 29241.62109375
Epoch 12: loss = 28717.716796875
Epoch 13: loss = 28320.638671875
Epoch 14: loss = 28037.197265625
Epoch 0: loss = -514911.9375
Epoch 1: loss = -514915.0625
Epoch 2: loss = -514915.0625
Epoch 3: loss = -514915.0625
Epoch 4: loss = -514915.125
Epoch 5: loss = -514915.125
Epoch 6: loss = -514915.1875
Epoch 7: loss = -514915.1875
Epoch 8: loss = -514915.1875
Epoch 9: loss = -514915.1875
Epoch 10: loss = -514915.1875
Epoch 11: loss = -514915.1875
Early stopping at epoch 11 with loss -514915.1875
Reconstruction for fluence = 183298.07108324335 photons/pixel
Epoch 0: loss = 120441208832.0
Epoch 1: loss = 110353904.0
Epoch 2: loss = 13970096.0
Epoch 3: loss = 2112845.5
Epoch 4: loss = 565877.75
Epoch 5: loss = 251465.84375
Epoch 6: loss = 156671.65625
Epoch 7: loss = 116429.8515625
Epoch 8: loss = 95689.703125
Epoch 9: loss = 84138.8359375
Epoch 10: loss = 76626.5859375
Epoch 11: loss = 72187.4296875
Epoch 12: loss = 69619.2421875
Epoch 13: loss = 67674.359375
Epoch 14: loss = 66391.703125
Epoch 0: loss = -1290122.75
Epoch 1: loss = -1290127.875
Epoch 2: loss = -1290127.875
Epoch 3: loss = -1290127.875
Epoch 4: loss = -1290127.875
Epoch 5: loss = -1290128.0
Epoch 6: loss = -1290128.0
Epoch 7: loss = -1290128.125
Epoch 8: loss = -1290128.125
Epoch 9: loss = -1290128.125
Epoch 10: loss = -1290128.125
Epoch 11: loss = -1290128.125
Epoch 12: loss = -1290128.125
Early stopping at epoch 12 with loss -1290128.125
Reconstruction for fluence = 428133.2398719387 photons/pixel
Epoch 0: loss = 657064394752.0
Epoch 1: loss = 602112000.0
Epoch 2: loss = 75991392.0
Epoch 3: loss = 11254334.0
Epoch 4: loss = 2947363.5
Epoch 5: loss = 1263005.5
Epoch 6: loss = 701297.875
Epoch 7: loss = 485795.8125
Epoch 8: loss = 359857.25
Epoch 9: loss = 292068.25
Epoch 10: loss = 248358.8125
Epoch 11: loss = 218085.375
Epoch 12: loss = 202581.25
Epoch 13: loss = 191399.390625
Epoch 14: loss = 183106.625
Epoch 0: loss = -3217722.5
Epoch 1: loss = -3217733.75
Epoch 2: loss = -3217734.0
Epoch 3: loss = -3217734.0
Epoch 4: loss = -3217734.0
Epoch 5: loss = -3217734.0
Epoch 6: loss = -3217734.0
Epoch 7: loss = -3217734.0
Early stopping at epoch 7 with loss -3217734.0
Reconstruction for fluence = 1000000.0 photons/pixel
Epoch 0: loss = 3584659030016.0
Epoch 1: loss = 3281048576.0
Epoch 2: loss = 413227776.0
Epoch 3: loss = 62206408.0
Epoch 4: loss = 15200984.0
Epoch 5: loss = 6101850.5
Epoch 6: loss = 3214533.0
Epoch 7: loss = 2067034.25
Epoch 8: loss = 1441531.0
Epoch 9: loss = 1064090.5
Epoch 10: loss = 835024.0
Epoch 11: loss = 694247.25
Epoch 12: loss = 613272.125
Epoch 13: loss = 553607.375
Epoch 14: loss = 509969.9375
Epoch 0: loss = -7992972.0
Epoch 1: loss = -7992994.0
Epoch 2: loss = -7992994.0
Epoch 3: loss = -7992995.0
Epoch 4: loss = -7992995.0
Epoch 5: loss = -7992995.0
Epoch 6: loss = -7992996.0
Epoch 7: loss = -7992996.0
Epoch 8: loss = -7992996.0
Epoch 9: loss = -7992996.0
Epoch 10: loss = -7992996.0
Epoch 11: loss = -7992996.0
Early stopping at epoch 11 with loss -7992996.0
Simulation for steps_size=21 and n_fluences=20 completed!
