Running simulation for steps_size=6 and n_fluences=20
Steps size: 6
Tensors initialization on device cuda
Multiprobe = None

('MSE', None) RECONSTRUCTIONS

Reconstruction for fluence = 0.09999999999999999 photons/pixel
Epoch 0: loss = 0.00784518476575613
Epoch 1: loss = 0.007845097221434116
Epoch 2: loss = 0.007845009677112103
Epoch 3: loss = 0.007844921201467514
Epoch 4: loss = 0.007844834588468075
Epoch 5: loss = 0.007844747044146061
Early stopping at epoch 5 with loss 0.00784518476575613
Reconstruction for fluence = 0.23357214690901223 photons/pixel
Epoch 0: loss = 0.020602265372872353
Epoch 1: loss = 0.020599862560629845
Epoch 2: loss = 0.020597465336322784
Epoch 3: loss = 0.020595068112015724
Epoch 4: loss = 0.020592674612998962
Epoch 5: loss = 0.02059028297662735
Early stopping at epoch 5 with loss 0.020602265372872353
Reconstruction for fluence = 0.5455594781168519 photons/pixel
Epoch 0: loss = 0.05778840184211731
Epoch 1: loss = 0.03873860090970993
Epoch 2: loss = 0.038735512644052505
Epoch 3: loss = 0.038735512644052505
Epoch 4: loss = 0.038735512644052505
Epoch 5: loss = 0.038735512644052505
Epoch 6: loss = 0.038735512644052505
Early stopping at epoch 6 with loss 0.03873860090970993
Reconstruction for fluence = 1.2742749857031335 photons/pixel
Epoch 0: loss = 0.18896858394145966
Epoch 1: loss = 0.090546615421772
Epoch 2: loss = 0.09053172916173935
Epoch 3: loss = 0.09053147584199905
Epoch 4: loss = 0.09053147584199905
Epoch 5: loss = 0.09053147584199905
Epoch 6: loss = 0.09053147584199905
Early stopping at epoch 6 with loss 0.090546615421772
Reconstruction for fluence = 2.976351441631318 photons/pixel
Epoch 0: loss = 0.7317876219749451
Epoch 1: loss = 0.21069595217704773
Epoch 2: loss = 0.21063388884067535
Epoch 3: loss = 0.21063217520713806
Epoch 4: loss = 0.2106321007013321
Epoch 5: loss = 0.2106321007013321
Epoch 6: loss = 0.2106321007013321
Early stopping at epoch 6 with loss 0.21069595217704773
Reconstruction for fluence = 6.9519279617756045 photons/pixel
Epoch 0: loss = 3.300644874572754
Epoch 1: loss = 0.48889827728271484
Epoch 2: loss = 0.48850134015083313
Epoch 3: loss = 0.48849064111709595
Epoch 4: loss = 0.4884894788265228
Epoch 5: loss = 0.4884892404079437
Epoch 6: loss = 0.4884892404079437
Epoch 7: loss = 0.48848915100097656
Early stopping at epoch 7 with loss 0.48850134015083313
Reconstruction for fluence = 16.23776739188721 photons/pixel
Epoch 0: loss = 16.356678009033203
Epoch 1: loss = 1.13162100315094
Epoch 2: loss = 1.12991464138031
Epoch 3: loss = 1.1298484802246094
Epoch 4: loss = 1.1298412084579468
Epoch 5: loss = 1.1298408508300781
Epoch 6: loss = 1.129840612411499
Epoch 7: loss = 1.1298401355743408
Early stopping at epoch 7 with loss 1.12991464138031
Reconstruction for fluence = 37.926901907322495 photons/pixel
Epoch 0: loss = 85.5794448852539
Epoch 1: loss = 2.6464931964874268
Epoch 2: loss = 2.638756513595581
Epoch 3: loss = 2.6383233070373535
Epoch 4: loss = 2.6382687091827393
Epoch 5: loss = 2.638259172439575
Epoch 6: loss = 2.638258695602417
Epoch 7: loss = 2.6382577419281006
Epoch 8: loss = 2.6382577419281006
Early stopping at epoch 8 with loss 2.6383233070373535
Reconstruction for fluence = 88.58667904100822 photons/pixel
Epoch 0: loss = 457.4118347167969
Epoch 1: loss = 6.250824928283691
Epoch 2: loss = 6.218238353729248
Epoch 3: loss = 6.215900897979736
Epoch 4: loss = 6.215536594390869
Epoch 5: loss = 6.215455055236816
Epoch 6: loss = 6.215439796447754
Epoch 7: loss = 6.215437889099121
Epoch 8: loss = 6.215434551239014
Epoch 9: loss = 6.215434551239014
Epoch 10: loss = 6.215434551239014
Epoch 11: loss = 6.215432643890381
Epoch 12: loss = 6.215432643890381
Epoch 13: loss = 6.2154316902160645
Early stopping at epoch 13 with loss 6.215434551239014
Reconstruction for fluence = 206.9138081114788 photons/pixel
Epoch 0: loss = 2475.37060546875
Epoch 1: loss = 14.67654037475586
Epoch 2: loss = 14.516879081726074
Epoch 3: loss = 14.505528450012207
Epoch 4: loss = 14.503308296203613
Epoch 5: loss = 14.502750396728516
Epoch 6: loss = 14.50259017944336
Epoch 7: loss = 14.502545356750488
Epoch 8: loss = 14.502541542053223
Epoch 9: loss = 14.502533912658691
Epoch 10: loss = 14.502527236938477
Epoch 11: loss = 14.502527236938477
Early stopping at epoch 11 with loss 14.50259017944336
Reconstruction for fluence = 483.2930238571752 photons/pixel
Epoch 0: loss = 13467.71875
Epoch 1: loss = 34.234588623046875
Epoch 2: loss = 33.50083541870117
Epoch 3: loss = 33.44501495361328
Epoch 4: loss = 33.43244552612305
Epoch 5: loss = 33.428916931152344
Epoch 6: loss = 33.42790985107422
Epoch 7: loss = 33.427528381347656
Epoch 8: loss = 33.427391052246094
Epoch 9: loss = 33.42734909057617
Epoch 10: loss = 33.427330017089844
Epoch 11: loss = 33.42731857299805
Epoch 12: loss = 33.42731475830078
Epoch 13: loss = 33.42730712890625
Early stopping at epoch 13 with loss 33.427391052246094
Reconstruction for fluence = 1128.8378916846884 photons/pixel
Epoch 0: loss = 73342.5859375
Epoch 1: loss = 83.05255126953125
Epoch 2: loss = 79.13600158691406
Epoch 3: loss = 78.85846710205078
Epoch 4: loss = 78.78955841064453
Epoch 5: loss = 78.7694320678711
Epoch 6: loss = 78.76368713378906
Epoch 7: loss = 78.761474609375
Epoch 8: loss = 78.76060485839844
Epoch 9: loss = 78.76002502441406
Epoch 10: loss = 78.75984191894531
Epoch 11: loss = 78.75981140136719
Epoch 12: loss = 78.75978088378906
Epoch 13: loss = 78.75971221923828
Epoch 14: loss = 78.75968170166016
Epoch 15: loss = 78.75968170166016
Epoch 16: loss = 78.7596664428711
Epoch 17: loss = 78.7596664428711
Epoch 18: loss = 78.7596664428711
Early stopping at epoch 18 with loss 78.75971221923828
Reconstruction for fluence = 2636.6508987303555 photons/pixel
Epoch 0: loss = 399900.9375
Epoch 1: loss = 204.52549743652344
Epoch 2: loss = 183.8632049560547
Epoch 3: loss = 182.3709259033203
Epoch 4: loss = 181.99270629882812
Epoch 5: loss = 181.8882293701172
Epoch 6: loss = 181.85813903808594
Epoch 7: loss = 181.84703063964844
Epoch 8: loss = 181.8418426513672
Epoch 9: loss = 181.8394775390625
Epoch 10: loss = 181.83828735351562
Epoch 11: loss = 181.83779907226562
Epoch 12: loss = 181.8377685546875
Epoch 13: loss = 181.83773803710938
Epoch 14: loss = 181.83767700195312
Epoch 15: loss = 181.83767700195312
Epoch 16: loss = 181.8374786376953
Epoch 17: loss = 181.83746337890625
Epoch 18: loss = 181.83741760253906
Epoch 19: loss = 181.83738708496094
Epoch 20: loss = 181.83738708496094
Epoch 21: loss = 181.83737182617188
Early stopping at epoch 21 with loss 181.8374786376953
Reconstruction for fluence = 6158.482110660255 photons/pixel
Epoch 0: loss = 2180569.25
Epoch 1: loss = 552.1991577148438
Epoch 2: loss = 438.59832763671875
Epoch 3: loss = 430.6398620605469
Epoch 4: loss = 428.740234375
Epoch 5: loss = 428.18896484375
Epoch 6: loss = 428.0154113769531
Epoch 7: loss = 427.95257568359375
Epoch 8: loss = 427.92236328125
Epoch 9: loss = 427.9067077636719
Epoch 10: loss = 427.8984375
Epoch 11: loss = 427.8948669433594
Epoch 12: loss = 427.893310546875
Epoch 13: loss = 427.8931884765625
Epoch 14: loss = 427.89306640625
Epoch 15: loss = 427.89300537109375
Epoch 16: loss = 427.8925476074219
Epoch 17: loss = 427.8925476074219
Epoch 18: loss = 427.8923645019531
Epoch 19: loss = 427.8923645019531
Epoch 20: loss = 427.89215087890625
Epoch 21: loss = 427.89202880859375
Epoch 22: loss = 427.89202880859375
Epoch 23: loss = 427.89202880859375
Epoch 24: loss = 427.89190673828125
Epoch 25: loss = 427.89190673828125
Epoch 26: loss = 427.891845703125
Epoch 27: loss = 427.891845703125
Epoch 28: loss = 427.8916931152344
Epoch 29: loss = 427.8916931152344
Epoch 30: loss = 427.8916931152344
Epoch 31: loss = 427.8916931152344
Epoch 32: loss = 427.8916931152344
Epoch 33: loss = 427.8916320800781
Early stopping at epoch 33 with loss 427.8916931152344
Reconstruction for fluence = 14384.498882876629 photons/pixel
Epoch 0: loss = 11898164.0
Epoch 1: loss = 1678.8001708984375
Epoch 2: loss = 1071.4906005859375
Epoch 3: loss = 1027.5084228515625
Epoch 4: loss = 1016.1240234375
Epoch 5: loss = 1012.9035034179688
Epoch 6: loss = 1011.8989868164062
Epoch 7: loss = 1011.50732421875
Epoch 8: loss = 1011.3406982421875
Epoch 9: loss = 1011.2546997070312
Epoch 10: loss = 1011.2142944335938
Epoch 11: loss = 1011.1946411132812
Epoch 12: loss = 1011.1870727539062
Epoch 13: loss = 1011.1804809570312
Epoch 14: loss = 1011.1795654296875
Epoch 15: loss = 1011.178955078125
Epoch 16: loss = 1011.1780395507812
Epoch 17: loss = 1011.1771240234375
Epoch 18: loss = 1011.1767578125
Epoch 19: loss = 1011.1759643554688
Epoch 20: loss = 1011.1757202148438
Epoch 21: loss = 1011.1754760742188
Epoch 22: loss = 1011.1754760742188
Epoch 23: loss = 1011.1754760742188
Epoch 24: loss = 1011.175048828125
Epoch 25: loss = 1011.1749267578125
Epoch 26: loss = 1011.1749267578125
Epoch 27: loss = 1011.1748046875
Epoch 28: loss = 1011.1748046875
Epoch 29: loss = 1011.174560546875
Epoch 30: loss = 1011.174560546875
Epoch 31: loss = 1011.174560546875
Epoch 32: loss = 1011.174560546875
Epoch 33: loss = 1011.174560546875
Epoch 34: loss = 1011.174560546875
Early stopping at epoch 34 with loss 1011.174560546875
Reconstruction for fluence = 33598.18286283781 photons/pixel
Epoch 0: loss = 64910528.0
Epoch 1: loss = 5952.3779296875
Epoch 2: loss = 2670.674560546875
Epoch 3: loss = 2432.8359375
Epoch 4: loss = 2369.525634765625
Epoch 5: loss = 2353.299560546875
Epoch 6: loss = 2348.651611328125
Epoch 7: loss = 2346.737548828125
Epoch 8: loss = 2345.890869140625
Epoch 9: loss = 2345.463623046875
Epoch 10: loss = 2345.2578125
Epoch 11: loss = 2345.155029296875
Epoch 12: loss = 2345.10888671875
Epoch 13: loss = 2345.08203125
Epoch 14: loss = 2345.080078125
Epoch 15: loss = 2345.077880859375
Epoch 16: loss = 2345.0712890625
Epoch 17: loss = 2345.064453125
Epoch 18: loss = 2345.06298828125
Epoch 19: loss = 2345.0625
Epoch 20: loss = 2345.0625
Epoch 21: loss = 2345.061279296875
Epoch 22: loss = 2345.060302734375
Epoch 23: loss = 2345.060302734375
Epoch 24: loss = 2345.059814453125
Epoch 25: loss = 2345.057861328125
Epoch 26: loss = 2345.057861328125
Epoch 27: loss = 2345.056884765625
Epoch 28: loss = 2345.05615234375
Epoch 29: loss = 2345.05615234375
Epoch 30: loss = 2345.05615234375
Epoch 31: loss = 2345.05615234375
Epoch 32: loss = 2345.055908203125
Epoch 33: loss = 2345.05517578125
Epoch 34: loss = 2345.05517578125
Epoch 35: loss = 2345.05517578125
Epoch 36: loss = 2345.05517578125
Epoch 37: loss = 2345.05517578125
Epoch 38: loss = 2345.054931640625
Epoch 39: loss = 2345.05517578125
Epoch 40: loss = 2345.054443359375
Epoch 41: loss = 2345.05419921875
Epoch 42: loss = 2345.0546875
Epoch 43: loss = 2345.0546875
Epoch 44: loss = 2345.05419921875
Epoch 45: loss = 2345.054443359375
Epoch 46: loss = 2345.05419921875
Early stopping at epoch 46 with loss 2345.05419921875
Reconstruction for fluence = 78475.99703514607 photons/pixel
Epoch 0: loss = 354090144.0
Epoch 1: loss = 25326.234375
Epoch 2: loss = 7205.89404296875
Epoch 3: loss = 5953.3427734375
Epoch 4: loss = 5617.3427734375
Epoch 5: loss = 5525.60205078125
Epoch 6: loss = 5497.6787109375
Epoch 7: loss = 5489.236328125
Epoch 8: loss = 5482.3447265625
Epoch 9: loss = 5479.984375
Epoch 10: loss = 5478.8134765625
Epoch 11: loss = 5478.2529296875
Epoch 12: loss = 5477.96435546875
Epoch 13: loss = 5477.83740234375
Epoch 14: loss = 5477.77978515625
Epoch 15: loss = 5477.73828125
Epoch 16: loss = 5477.72216796875
Epoch 17: loss = 5477.71630859375
Epoch 18: loss = 5477.6982421875
Epoch 19: loss = 5477.69384765625
Epoch 20: loss = 5477.69287109375
Epoch 21: loss = 5477.69189453125
Epoch 22: loss = 5477.69091796875
Epoch 23: loss = 5477.68994140625
Epoch 24: loss = 5477.68798828125
Epoch 25: loss = 5477.68798828125
Epoch 26: loss = 5477.68798828125
Epoch 27: loss = 5477.68505859375
Epoch 28: loss = 5477.68359375
Epoch 29: loss = 5477.68408203125
Epoch 30: loss = 5477.681640625
Epoch 31: loss = 5477.68359375
Epoch 32: loss = 5477.68017578125
Epoch 33: loss = 5477.6806640625
Epoch 34: loss = 5477.6806640625
Epoch 35: loss = 5477.6796875
Epoch 36: loss = 5477.67919921875
Epoch 37: loss = 5477.677734375
Epoch 38: loss = 5477.6787109375
Epoch 39: loss = 5477.6796875
Epoch 40: loss = 5477.677734375
Epoch 41: loss = 5477.6796875
Epoch 42: loss = 5477.6787109375
Early stopping at epoch 42 with loss 5477.677734375
Reconstruction for fluence = 183298.07108324335 photons/pixel
Epoch 0: loss = 1931822464.0
Epoch 1: loss = 120929.9765625
Epoch 2: loss = 22285.849609375
Epoch 3: loss = 15394.9345703125
Epoch 4: loss = 13716.869140625
Epoch 5: loss = 13243.609375
Epoch 6: loss = 13100.5078125
Epoch 7: loss = 13044.2109375
Epoch 8: loss = 13018.13671875
Epoch 9: loss = 13004.9365234375
Epoch 10: loss = 12998.5693359375
Epoch 11: loss = 12995.4599609375
Epoch 12: loss = 12994.0419921875
Epoch 13: loss = 12993.2275390625
Epoch 14: loss = 12992.79296875
Epoch 15: loss = 12992.583984375
Epoch 16: loss = 12992.513671875
Epoch 17: loss = 12992.455078125
Epoch 18: loss = 12992.4130859375
Epoch 19: loss = 12992.3984375
Epoch 20: loss = 12992.388671875
Epoch 21: loss = 12992.3740234375
Epoch 22: loss = 12992.3623046875
Epoch 23: loss = 12992.36328125
Epoch 24: loss = 12992.361328125
Epoch 25: loss = 12992.3544921875
Epoch 26: loss = 12992.35546875
Epoch 27: loss = 12992.35546875
Epoch 28: loss = 12992.3544921875
Epoch 29: loss = 12992.3525390625
Epoch 30: loss = 12992.3525390625
Epoch 31: loss = 12992.359375
Epoch 32: loss = 12992.3505859375
Epoch 33: loss = 12992.3505859375
Epoch 34: loss = 12992.3505859375
Epoch 35: loss = 12992.3486328125
Epoch 36: loss = 12992.3525390625
Epoch 37: loss = 12992.345703125
Epoch 38: loss = 12992.34375
Epoch 39: loss = 12992.349609375
Epoch 40: loss = 12992.3447265625
Epoch 41: loss = 12992.345703125
Epoch 42: loss = 12992.34375
Epoch 43: loss = 12992.3505859375
Early stopping at epoch 43 with loss 12992.34375
Reconstruction for fluence = 428133.2398719387 photons/pixel
Epoch 0: loss = 10539340800.0
Epoch 1: loss = 618436.125
Epoch 2: loss = 80480.40625
Epoch 3: loss = 43896.78515625
Epoch 4: loss = 33960.33984375
Epoch 5: loss = 31351.205078125
Epoch 6: loss = 30563.3203125
Epoch 7: loss = 30222.71484375
Epoch 8: loss = 30077.482421875
Epoch 9: loss = 30008.970703125
Epoch 10: loss = 29975.3515625
Epoch 11: loss = 29960.51171875
Epoch 12: loss = 29952.3671875
Epoch 13: loss = 29948.43359375
Epoch 14: loss = 29946.236328125
Epoch 15: loss = 29945.1796875
Epoch 16: loss = 29945.044921875
Epoch 17: loss = 29944.546875
Epoch 18: loss = 29944.30078125
Epoch 19: loss = 29944.2265625
Epoch 20: loss = 29944.123046875
Epoch 21: loss = 29944.0859375
Epoch 22: loss = 29944.06640625
Epoch 23: loss = 29944.0078125
Epoch 24: loss = 29944.052734375
Epoch 25: loss = 29943.978515625
Epoch 26: loss = 29943.978515625
Epoch 27: loss = 29943.96484375
Epoch 28: loss = 29943.966796875
Epoch 29: loss = 29943.970703125
Epoch 30: loss = 29943.953125
Epoch 31: loss = 29943.990234375
Epoch 32: loss = 29943.9765625
Epoch 33: loss = 29943.97265625
Epoch 34: loss = 29943.982421875
Epoch 35: loss = 29943.96484375
Early stopping at epoch 35 with loss 29943.953125
Reconstruction for fluence = 1000000.0 photons/pixel
Epoch 0: loss = 57497518080.0
Epoch 1: loss = 3278056.0
Epoch 2: loss = 349309.21875
Epoch 3: loss = 147725.484375
Epoch 4: loss = 92686.875
Epoch 5: loss = 76991.5234375
Epoch 6: loss = 72673.3203125
Epoch 7: loss = 70986.5703125
Epoch 8: loss = 70158.3046875
Epoch 9: loss = 69754.9921875
Epoch 10: loss = 69558.6171875
Epoch 11: loss = 69458.90625
Epoch 12: loss = 69416.078125
Epoch 13: loss = 69392.640625
Epoch 14: loss = 69380.1796875
Epoch 15: loss = 69373.6015625
Epoch 16: loss = 69370.625
Epoch 17: loss = 69369.0546875
Epoch 18: loss = 69368.25
Epoch 19: loss = 69368.09375
Epoch 20: loss = 69367.53125
Epoch 21: loss = 69367.5
Epoch 22: loss = 69367.3515625
Epoch 23: loss = 69367.2890625
Epoch 24: loss = 69367.3203125
Epoch 25: loss = 69367.25
Epoch 26: loss = 69367.2890625
Epoch 27: loss = 69367.171875
Epoch 28: loss = 69367.28125
Epoch 29: loss = 69367.203125
Epoch 30: loss = 69367.140625
Epoch 31: loss = 69367.15625
Epoch 32: loss = 69367.15625
Epoch 33: loss = 69367.1015625
Epoch 34: loss = 69367.0546875
Epoch 35: loss = 69367.1328125
Epoch 36: loss = 69367.1171875
Epoch 37: loss = 69367.0234375
Epoch 38: loss = 69367.15625
Epoch 39: loss = 69367.1953125
Epoch 40: loss = 69367.1015625
Epoch 41: loss = 69367.1171875
Epoch 42: loss = 69367.2578125
Early stopping at epoch 42 with loss 69367.0234375
Tensors initialization on device cuda
Multiprobe = None

('MSE', 'PoissonNLL') RECONSTRUCTIONS

Reconstruction for fluence = 0.09999999999999999 photons/pixel
Epoch 0: loss = 0.00801786407828331
Epoch 1: loss = 0.008017780259251595
Epoch 2: loss = 0.008017695508897305
Epoch 3: loss = 0.00801761168986559
Epoch 4: loss = 0.008017527870833874
Epoch 5: loss = 0.008017444051802158
Early stopping at epoch 5 with loss 0.00801786407828331
Epoch 0: loss = 0.03561585396528244
Epoch 1: loss = 0.027563195675611496
Epoch 2: loss = 0.02756202034652233
Epoch 3: loss = 0.02756202034652233
Epoch 4: loss = 0.02756202034652233
Epoch 5: loss = 0.02756202034652233
Epoch 6: loss = 0.02756202034652233
Early stopping at epoch 6 with loss 0.027563195675611496
Reconstruction for fluence = 0.23357214690901223 photons/pixel
Epoch 0: loss = 0.020354006439447403
Epoch 1: loss = 0.020351551473140717
Epoch 2: loss = 0.02034910023212433
Epoch 3: loss = 0.02034664899110794
Epoch 4: loss = 0.02034420147538185
Epoch 5: loss = 0.02034175768494606
Early stopping at epoch 5 with loss 0.020354006439447403
Epoch 0: loss = 0.06828223913908005
Epoch 1: loss = 0.050371263176202774
Epoch 2: loss = 0.05036274343729019
Epoch 3: loss = 0.05036274343729019
Epoch 4: loss = 0.05036274343729019
Epoch 5: loss = 0.05036274343729019
Epoch 6: loss = 0.05036274343729019
Early stopping at epoch 6 with loss 0.050371263176202774
Reconstruction for fluence = 0.5455594781168519 photons/pixel
Epoch 0: loss = 0.05776313692331314
Epoch 1: loss = 0.038887228816747665
Epoch 2: loss = 0.03888498991727829
Epoch 3: loss = 0.03888498991727829
Epoch 4: loss = 0.03888498991727829
Epoch 5: loss = 0.03888498991727829
Epoch 6: loss = 0.03888498991727829
Early stopping at epoch 6 with loss 0.038887228816747665
Epoch 0: loss = 0.09437311440706253
Epoch 1: loss = 0.08734587579965591
Epoch 2: loss = 0.08734197169542313
Epoch 3: loss = 0.08734168112277985
Epoch 4: loss = 0.08734168112277985
Epoch 5: loss = 0.08734168112277985
Epoch 6: loss = 0.08734168112277985
Early stopping at epoch 6 with loss 0.08734587579965591
Reconstruction for fluence = 1.2742749857031335 photons/pixel
Epoch 0: loss = 0.18810823559761047
Epoch 1: loss = 0.08995316177606583
Epoch 2: loss = 0.08994097262620926
Epoch 3: loss = 0.08994094282388687
Epoch 4: loss = 0.08994094282388687
Epoch 5: loss = 0.08994094282388687
Epoch 6: loss = 0.08994094282388687
Early stopping at epoch 6 with loss 0.08995316177606583
Epoch 0: loss = 0.13477882742881775
Epoch 1: loss = 0.12521745264530182
Epoch 2: loss = 0.12520994246006012
Epoch 3: loss = 0.12520477175712585
Epoch 4: loss = 0.12520477175712585
Epoch 5: loss = 0.12520477175712585
Epoch 6: loss = 0.12520477175712585
Early stopping at epoch 6 with loss 0.12521745264530182
Reconstruction for fluence = 2.976351441631318 photons/pixel
Epoch 0: loss = 0.7247909903526306
Epoch 1: loss = 0.207273930311203
Epoch 2: loss = 0.2072015106678009
Epoch 3: loss = 0.20720015466213226
Epoch 4: loss = 0.20720000565052032
Epoch 5: loss = 0.20720000565052032
Epoch 6: loss = 0.20720000565052032
Early stopping at epoch 6 with loss 0.207273930311203
Epoch 0: loss = 0.12198677659034729
Epoch 1: loss = 0.1082046702504158
Epoch 2: loss = 0.10818283259868622
Epoch 3: loss = 0.10817696154117584
Epoch 4: loss = 0.10817451775074005
Epoch 5: loss = 0.10817451775074005
Epoch 6: loss = 0.10817451775074005
Early stopping at epoch 6 with loss 0.1082046702504158
Reconstruction for fluence = 6.9519279617756045 photons/pixel
Epoch 0: loss = 3.2977356910705566
Epoch 1: loss = 0.4845239520072937
Epoch 2: loss = 0.48419010639190674
Epoch 3: loss = 0.4841793179512024
Epoch 4: loss = 0.48417896032333374
Epoch 5: loss = 0.4841785132884979
Epoch 6: loss = 0.4841783940792084
Epoch 7: loss = 0.4841783940792084
Early stopping at epoch 7 with loss 0.48419010639190674
Epoch 0: loss = -0.16358786821365356
Epoch 1: loss = -0.18179203569889069
Epoch 2: loss = -0.18184641003608704
Epoch 3: loss = -0.18185575306415558
Epoch 4: loss = -0.1818588376045227
Epoch 5: loss = -0.1818588674068451
Epoch 6: loss = -0.1818588674068451
Early stopping at epoch 6 with loss -0.18179203569889069
Reconstruction for fluence = 16.23776739188721 photons/pixel
Epoch 0: loss = 16.37093734741211
Epoch 1: loss = 1.1426738500595093
Epoch 2: loss = 1.1408861875534058
Epoch 3: loss = 1.1408138275146484
Epoch 4: loss = 1.1408060789108276
Epoch 5: loss = 1.1408054828643799
Epoch 6: loss = 1.1408052444458008
Epoch 7: loss = 1.1408050060272217
Early stopping at epoch 7 with loss 1.1408861875534058
Epoch 0: loss = -1.4162348508834839
Epoch 1: loss = -1.4407380819320679
Epoch 2: loss = -1.4408369064331055
Epoch 3: loss = -1.4408470392227173
Epoch 4: loss = -1.4408470392227173
Epoch 5: loss = -1.4408470392227173
Epoch 6: loss = -1.4408471584320068
Epoch 7: loss = -1.4408471584320068
Epoch 8: loss = -1.4408471584320068
Early stopping at epoch 8 with loss -1.4408470392227173
Reconstruction for fluence = 37.926901907322495 photons/pixel
Epoch 0: loss = 85.5962142944336
Epoch 1: loss = 2.6504580974578857
Epoch 2: loss = 2.643975257873535
Epoch 3: loss = 2.643589973449707
Epoch 4: loss = 2.643543004989624
Epoch 5: loss = 2.643535852432251
Epoch 6: loss = 2.6435344219207764
Epoch 7: loss = 2.643533706665039
Epoch 8: loss = 2.6435329914093018
Early stopping at epoch 8 with loss 2.643589973449707
Epoch 0: loss = -5.713206768035889
Epoch 1: loss = -5.745780944824219
Epoch 2: loss = -5.745824337005615
Epoch 3: loss = -5.74583101272583
Epoch 4: loss = -5.74583101272583
Epoch 5: loss = -5.74583101272583
Epoch 6: loss = -5.745832443237305
Early stopping at epoch 6 with loss -5.745780944824219
Reconstruction for fluence = 88.58667904100822 photons/pixel
Epoch 0: loss = 458.19207763671875
Epoch 1: loss = 6.216975212097168
Epoch 2: loss = 6.183915138244629
Epoch 3: loss = 6.181678295135498
Epoch 4: loss = 6.181347846984863
Epoch 5: loss = 6.181272029876709
Epoch 6: loss = 6.181252956390381
Epoch 7: loss = 6.181251049041748
Epoch 8: loss = 6.181250095367432
Epoch 9: loss = 6.181250095367432
Early stopping at epoch 9 with loss 6.181347846984863
Epoch 0: loss = -18.9731388092041
Epoch 1: loss = -19.012670516967773
Epoch 2: loss = -19.012704849243164
Epoch 3: loss = -19.012706756591797
Epoch 4: loss = -19.012710571289062
Epoch 5: loss = -19.012718200683594
Epoch 6: loss = -19.01272201538086
Early stopping at epoch 6 with loss -19.012670516967773
Reconstruction for fluence = 206.9138081114788 photons/pixel
Epoch 0: loss = 2476.966552734375
Epoch 1: loss = 14.683453559875488
Epoch 2: loss = 14.530964851379395
Epoch 3: loss = 14.520249366760254
Epoch 4: loss = 14.51794719696045
Epoch 5: loss = 14.517434120178223
Epoch 6: loss = 14.517285346984863
Epoch 7: loss = 14.517251014709473
Epoch 8: loss = 14.517226219177246
Epoch 9: loss = 14.517216682434082
Epoch 10: loss = 14.51721477508545
Epoch 11: loss = 14.517212867736816
Early stopping at epoch 11 with loss 14.517285346984863
Epoch 0: loss = -57.42573928833008
Epoch 1: loss = -57.47300720214844
Epoch 2: loss = -57.473018646240234
Epoch 3: loss = -57.473026275634766
Epoch 4: loss = -57.4730339050293
Epoch 5: loss = -57.4730339050293
Epoch 6: loss = -57.4730339050293
Early stopping at epoch 6 with loss -57.47300720214844
Reconstruction for fluence = 483.2930238571752 photons/pixel
Epoch 0: loss = 13467.2255859375
Epoch 1: loss = 34.57012939453125
Epoch 2: loss = 33.78712463378906
Epoch 3: loss = 33.730224609375
Epoch 4: loss = 33.71603012084961
Epoch 5: loss = 33.71223831176758
Epoch 6: loss = 33.71118927001953
Epoch 7: loss = 33.71083450317383
Epoch 8: loss = 33.71070098876953
Epoch 9: loss = 33.71067810058594
Epoch 10: loss = 33.710636138916016
Epoch 11: loss = 33.71062469482422
Epoch 12: loss = 33.71062469482422
Epoch 13: loss = 33.71061706542969
Early stopping at epoch 13 with loss 33.71070098876953
Epoch 0: loss = -164.62188720703125
Epoch 1: loss = -164.67526245117188
Epoch 2: loss = -164.67526245117188
Epoch 3: loss = -164.67526245117188
Epoch 4: loss = -164.67529296875
Epoch 5: loss = -164.67529296875
Epoch 6: loss = -164.67527770996094
Early stopping at epoch 6 with loss -164.67526245117188
Reconstruction for fluence = 1128.8378916846884 photons/pixel
Epoch 0: loss = 73312.40625
Epoch 1: loss = 83.38089752197266
Epoch 2: loss = 79.51231384277344
Epoch 3: loss = 79.2188720703125
Epoch 4: loss = 79.14620971679688
Epoch 5: loss = 79.1251449584961
Epoch 6: loss = 79.1192626953125
Epoch 7: loss = 79.11678314208984
Epoch 8: loss = 79.11579895019531
Epoch 9: loss = 79.1153335571289
Epoch 10: loss = 79.1152114868164
Epoch 11: loss = 79.11515045166016
Epoch 12: loss = 79.1151351928711
Epoch 13: loss = 79.1150894165039
Epoch 14: loss = 79.11505126953125
Epoch 0: loss = -456.0725402832031
Epoch 1: loss = -456.1343994140625
Epoch 2: loss = -456.1344299316406
Epoch 3: loss = -456.13446044921875
Epoch 4: loss = -456.13446044921875
Epoch 5: loss = -456.13446044921875
Epoch 6: loss = -456.13446044921875
Early stopping at epoch 6 with loss -456.1343994140625
Reconstruction for fluence = 2636.6508987303555 photons/pixel
Epoch 0: loss = 399986.5
Epoch 1: loss = 206.89019775390625
Epoch 2: loss = 185.95834350585938
Epoch 3: loss = 184.42938232421875
Epoch 4: loss = 184.05029296875
Epoch 5: loss = 183.94534301757812
Epoch 6: loss = 183.9136962890625
Epoch 7: loss = 183.9019317626953
Epoch 8: loss = 183.89613342285156
Epoch 9: loss = 183.8933868408203
Epoch 10: loss = 183.89210510253906
Epoch 11: loss = 183.8915252685547
Epoch 12: loss = 183.8913116455078
Epoch 13: loss = 183.89125061035156
Epoch 14: loss = 183.89120483398438
Epoch 0: loss = -1231.245849609375
Epoch 1: loss = -1231.3150634765625
Epoch 2: loss = -1231.3150634765625
Epoch 3: loss = -1231.3150634765625
Epoch 4: loss = -1231.315185546875
Epoch 5: loss = -1231.315185546875
Epoch 6: loss = -1231.315185546875
Early stopping at epoch 6 with loss -1231.3150634765625
Reconstruction for fluence = 6158.482110660255 photons/pixel
Epoch 0: loss = 2181627.25
Epoch 1: loss = 554.49560546875
Epoch 2: loss = 440.9033203125
Epoch 3: loss = 432.9848937988281
Epoch 4: loss = 430.9539489746094
Epoch 5: loss = 430.4507751464844
Epoch 6: loss = 430.2882995605469
Epoch 7: loss = 430.22528076171875
Epoch 8: loss = 430.1963806152344
Epoch 9: loss = 430.18267822265625
Epoch 10: loss = 430.1759948730469
Epoch 11: loss = 430.1728820800781
Epoch 12: loss = 430.1718444824219
Epoch 13: loss = 430.171142578125
Epoch 14: loss = 430.17095947265625
Epoch 0: loss = -3264.2451171875
Epoch 1: loss = -3264.31884765625
Epoch 2: loss = -3264.319091796875
Epoch 3: loss = -3264.319091796875
Epoch 4: loss = -3264.319091796875
Epoch 5: loss = -3264.319091796875
Epoch 6: loss = -3264.319091796875
Epoch 7: loss = -3264.319091796875
Early stopping at epoch 7 with loss -3264.319091796875
Reconstruction for fluence = 14384.498882876629 photons/pixel
Epoch 0: loss = 11898300.0
Epoch 1: loss = 1674.694091796875
Epoch 2: loss = 1067.19580078125
Epoch 3: loss = 1025.006591796875
Epoch 4: loss = 1013.5995483398438
Epoch 5: loss = 1010.4796752929688
Epoch 6: loss = 1009.4835815429688
Epoch 7: loss = 1009.0836181640625
Epoch 8: loss = 1008.91552734375
Epoch 9: loss = 1008.83349609375
Epoch 10: loss = 1008.7920532226562
Epoch 11: loss = 1008.7723999023438
Epoch 12: loss = 1008.7632446289062
Epoch 13: loss = 1008.761474609375
Epoch 14: loss = 1008.7608032226562
Epoch 0: loss = -8532.83203125
Epoch 1: loss = -8532.904296875
Epoch 2: loss = -8532.904296875
Epoch 3: loss = -8532.904296875
Epoch 4: loss = -8532.904296875
Epoch 5: loss = -8532.904296875
Epoch 6: loss = -8532.904296875
Early stopping at epoch 6 with loss -8532.904296875
Reconstruction for fluence = 33598.18286283781 photons/pixel
Epoch 0: loss = 64908388.0
Epoch 1: loss = 5979.9697265625
Epoch 2: loss = 2669.81298828125
Epoch 3: loss = 2439.790771484375
Epoch 4: loss = 2380.650146484375
Epoch 5: loss = 2364.218017578125
Epoch 6: loss = 2359.916748046875
Epoch 7: loss = 2357.58203125
Epoch 8: loss = 2356.781494140625
Epoch 9: loss = 2356.338134765625
Epoch 10: loss = 2356.11962890625
Epoch 11: loss = 2356.02001953125
Epoch 12: loss = 2355.969970703125
Epoch 13: loss = 2355.943115234375
Epoch 14: loss = 2355.9296875
Epoch 0: loss = -22050.076171875
Epoch 1: loss = -22050.15234375
Epoch 2: loss = -22050.15234375
Epoch 3: loss = -22050.15234375
Epoch 4: loss = -22050.15234375
Epoch 5: loss = -22050.15234375
Epoch 6: loss = -22050.15234375
Early stopping at epoch 6 with loss -22050.15234375
Reconstruction for fluence = 78475.99703514607 photons/pixel
Epoch 0: loss = 354115424.0
Epoch 1: loss = 25179.037109375
Epoch 2: loss = 7133.95556640625
Epoch 3: loss = 5890.78076171875
Epoch 4: loss = 5566.8291015625
Epoch 5: loss = 5475.97705078125
Epoch 6: loss = 5449.07421875
Epoch 7: loss = 5438.86669921875
Epoch 8: loss = 5434.07861328125
Epoch 9: loss = 5431.74560546875
Epoch 10: loss = 5430.54345703125
Epoch 11: loss = 5430.02392578125
Epoch 12: loss = 5429.74267578125
Epoch 13: loss = 5429.59619140625
Epoch 14: loss = 5429.5126953125
Epoch 0: loss = -56455.39453125
Epoch 1: loss = -56455.4765625
Epoch 2: loss = -56455.4765625
Epoch 3: loss = -56455.4765625
Epoch 4: loss = -56455.4765625
Epoch 5: loss = -56455.4765625
Epoch 6: loss = -56455.4765625
Early stopping at epoch 6 with loss -56455.4765625
Reconstruction for fluence = 183298.07108324335 photons/pixel
Epoch 0: loss = 1931819520.0
Epoch 1: loss = 121027.6171875
Epoch 2: loss = 22352.14453125
Epoch 3: loss = 15510.9521484375
Epoch 4: loss = 13776.3232421875
Epoch 5: loss = 13233.7060546875
Epoch 6: loss = 13082.06640625
Epoch 7: loss = 13015.91015625
Epoch 8: loss = 12987.076171875
Epoch 9: loss = 12971.9375
Epoch 10: loss = 12964.7998046875
Epoch 11: loss = 12961.326171875
Epoch 12: loss = 12959.701171875
Epoch 13: loss = 12958.78515625
Epoch 14: loss = 12958.29296875
Epoch 0: loss = -143430.4375
Epoch 1: loss = -143430.546875
Epoch 2: loss = -143430.546875
Epoch 3: loss = -143430.546875
Epoch 4: loss = -143430.546875
Epoch 5: loss = -143430.546875
Epoch 6: loss = -143430.546875
Early stopping at epoch 6 with loss -143430.546875
Reconstruction for fluence = 428133.2398719387 photons/pixel
Epoch 0: loss = 10539165696.0
Epoch 1: loss = 617382.875
Epoch 2: loss = 80934.1015625
Epoch 3: loss = 43896.9765625
Epoch 4: loss = 33839.79296875
Epoch 5: loss = 31176.455078125
Epoch 6: loss = 30372.77734375
Epoch 7: loss = 30036.568359375
Epoch 8: loss = 29893.291015625
Epoch 9: loss = 29822.435546875
Epoch 10: loss = 29788.59765625
Epoch 11: loss = 29771.8125
Epoch 12: loss = 29764.056640625
Epoch 13: loss = 29759.798828125
Epoch 14: loss = 29757.419921875
Epoch 0: loss = -362032.3125
Epoch 1: loss = -362032.4375
Epoch 2: loss = -362032.4375
Epoch 3: loss = -362032.4375
Epoch 4: loss = -362032.4375
Epoch 5: loss = -362032.4375
Epoch 6: loss = -362032.4375
Early stopping at epoch 6 with loss -362032.4375
Reconstruction for fluence = 1000000.0 photons/pixel
Epoch 0: loss = 57497239552.0
Epoch 1: loss = 3279406.0
Epoch 2: loss = 348505.3125
Epoch 3: loss = 145192.953125
Epoch 4: loss = 91962.890625
Epoch 5: loss = 77480.15625
Epoch 6: loss = 72999.8984375
Epoch 7: loss = 71122.2421875
Epoch 8: loss = 70346.25
Epoch 9: loss = 69957.734375
Epoch 10: loss = 69767.4453125
Epoch 11: loss = 69674.5390625
Epoch 12: loss = 69634.7109375
Epoch 13: loss = 69611.7578125
Epoch 14: loss = 69599.796875
Epoch 0: loss = -908698.5625
Epoch 1: loss = -908698.5625
Epoch 2: loss = -908698.5625
Epoch 3: loss = -908698.625
Epoch 4: loss = -908698.625
Epoch 5: loss = -908698.625
Epoch 6: loss = -908698.5625
Epoch 7: loss = -908698.5625
Epoch 8: loss = -908698.5625
Early stopping at epoch 8 with loss -908698.625
Simulation for steps_size=6 and n_fluences=20 completed!
