Running simulation for steps_size=23 and n_fluences=20
Steps size: 23
Tensors initialization on device cuda
Multiprobe = band_lim
torch.Size([1, 64, 64])

('MSE', None) RECONSTRUCTIONS

Reconstruction for fluence = 0.09999999999999999 photons/pixel
Epoch 0: loss = 0.08964002877473831
Epoch 1: loss = 0.035583678632974625
Epoch 2: loss = 0.03531193733215332
Epoch 3: loss = 0.0352926179766655
Epoch 4: loss = 0.035289179533720016
Epoch 5: loss = 0.035288624465465546
Epoch 6: loss = 0.03528859466314316
Epoch 7: loss = 0.03528859466314316
Early stopping at epoch 7 with loss 0.03531193733215332
Reconstruction for fluence = 0.23357214690901223 photons/pixel
Epoch 0: loss = 0.13068051636219025
Epoch 1: loss = 0.04314539209008217
Epoch 2: loss = 0.04271811991930008
Epoch 3: loss = 0.04270108416676521
Epoch 4: loss = 0.04270002618432045
Epoch 5: loss = 0.042699966579675674
Epoch 6: loss = 0.04269995912909508
Epoch 7: loss = 0.04269995167851448
Early stopping at epoch 7 with loss 0.04271811991930008
Reconstruction for fluence = 0.5455594781168519 photons/pixel
Epoch 0: loss = 0.2179638296365738
Epoch 1: loss = 0.05077589675784111
Epoch 2: loss = 0.05013944208621979
Epoch 3: loss = 0.050097450613975525
Epoch 4: loss = 0.050090491771698
Epoch 5: loss = 0.050088923424482346
Epoch 6: loss = 0.05008475482463837
Epoch 7: loss = 0.050083789974451065
Early stopping at epoch 7 with loss 0.05013944208621979
Reconstruction for fluence = 1.2742749857031335 photons/pixel
Epoch 0: loss = 0.4312877953052521
Epoch 1: loss = 0.0637730062007904
Epoch 2: loss = 0.062094610184431076
Epoch 3: loss = 0.06197123974561691
Epoch 4: loss = 0.061954498291015625
Epoch 5: loss = 0.06194780394434929
Epoch 6: loss = 0.06194690242409706
Epoch 7: loss = 0.061946287751197815
Epoch 8: loss = 0.061945848166942596
Early stopping at epoch 8 with loss 0.06197123974561691
Reconstruction for fluence = 2.976351441631318 photons/pixel
Epoch 0: loss = 0.9315805435180664
Epoch 1: loss = 0.08549322187900543
Epoch 2: loss = 0.08150694519281387
Epoch 3: loss = 0.08121997863054276
Epoch 4: loss = 0.08117636293172836
Epoch 5: loss = 0.0811699628829956
Epoch 6: loss = 0.08116708695888519
Epoch 7: loss = 0.0811660960316658
Epoch 8: loss = 0.08116500824689865
Early stopping at epoch 8 with loss 0.08121997863054276
Reconstruction for fluence = 6.9519279617756045 photons/pixel
Epoch 0: loss = 2.0779221057891846
Epoch 1: loss = 0.11584825068712234
Epoch 2: loss = 0.10717175155878067
Epoch 3: loss = 0.10653504729270935
Epoch 4: loss = 0.10642218589782715
Epoch 5: loss = 0.10639533400535583
Epoch 6: loss = 0.10638850182294846
Epoch 7: loss = 0.10638611763715744
Epoch 8: loss = 0.10638236999511719
Epoch 9: loss = 0.10638107359409332
Early stopping at epoch 9 with loss 0.10642218589782715
Reconstruction for fluence = 16.23776739188721 photons/pixel
Epoch 0: loss = 4.762311935424805
Epoch 1: loss = 0.1562538892030716
Epoch 2: loss = 0.13917531073093414
Epoch 3: loss = 0.13804922997951508
Epoch 4: loss = 0.13787312805652618
Epoch 5: loss = 0.1378108710050583
Epoch 6: loss = 0.13778965175151825
Epoch 7: loss = 0.13777224719524384
Epoch 8: loss = 0.13776537775993347
Epoch 9: loss = 0.1377626657485962
Epoch 10: loss = 0.13776060938835144
Epoch 11: loss = 0.1377592384815216
Epoch 12: loss = 0.13775648176670074
Early stopping at epoch 12 with loss 0.13777224719524384
Reconstruction for fluence = 37.926901907322495 photons/pixel
Epoch 0: loss = 11.03966999053955
Epoch 1: loss = 0.2194693237543106
Epoch 2: loss = 0.17594429850578308
Epoch 3: loss = 0.1719498634338379
Epoch 4: loss = 0.17122751474380493
Epoch 5: loss = 0.17110022902488708
Epoch 6: loss = 0.1710616499185562
Epoch 7: loss = 0.17105087637901306
Epoch 8: loss = 0.17104406654834747
Epoch 9: loss = 0.1710343062877655
Epoch 10: loss = 0.17102889716625214
Early stopping at epoch 10 with loss 0.17110022902488708
Reconstruction for fluence = 88.58667904100822 photons/pixel
Epoch 0: loss = 25.78061866760254
Epoch 1: loss = 0.32489416003227234
Epoch 2: loss = 0.21612568199634552
Epoch 3: loss = 0.20599699020385742
Epoch 4: loss = 0.20468124747276306
Epoch 5: loss = 0.20423312485218048
Epoch 6: loss = 0.20412832498550415
Epoch 7: loss = 0.2040857970714569
Epoch 8: loss = 0.20406614243984222
Epoch 9: loss = 0.20406337082386017
Epoch 10: loss = 0.20406289398670197
Epoch 11: loss = 0.20406152307987213
Early stopping at epoch 11 with loss 0.20412832498550415
Reconstruction for fluence = 206.9138081114788 photons/pixel
Epoch 0: loss = 60.10258102416992
Epoch 1: loss = 0.5041736960411072
Epoch 2: loss = 0.24994638562202454
Epoch 3: loss = 0.2249130755662918
Epoch 4: loss = 0.22112417221069336
Epoch 5: loss = 0.22041504085063934
Epoch 6: loss = 0.22028771042823792
Epoch 7: loss = 0.2202301323413849
Epoch 8: loss = 0.2202005386352539
Epoch 9: loss = 0.22019121050834656
Epoch 10: loss = 0.22018787264823914
Epoch 11: loss = 0.22018662095069885
Epoch 12: loss = 0.2201543152332306
Epoch 13: loss = 0.22006388008594513
Epoch 14: loss = 0.2200550138950348
Epoch 15: loss = 0.2200542539358139
Epoch 16: loss = 0.22005410492420197
Epoch 17: loss = 0.22005407512187958
Epoch 18: loss = 0.22005407512187958
Early stopping at epoch 18 with loss 0.22006388008594513
Reconstruction for fluence = 483.2930238571752 photons/pixel
Epoch 0: loss = 140.42630004882812
Epoch 1: loss = 0.8226815462112427
Epoch 2: loss = 0.30384382605552673
Epoch 3: loss = 0.24766312539577484
Epoch 4: loss = 0.23507894575595856
Epoch 5: loss = 0.2332010269165039
Epoch 6: loss = 0.23233802616596222
Epoch 7: loss = 0.23222820460796356
Epoch 8: loss = 0.23211809992790222
Epoch 9: loss = 0.23209746181964874
Epoch 10: loss = 0.23209428787231445
Epoch 11: loss = 0.23198188841342926
Epoch 12: loss = 0.23019756376743317
Epoch 13: loss = 0.23011572659015656
Epoch 14: loss = 0.2301124781370163
Epoch 15: loss = 0.23011234402656555
Epoch 16: loss = 0.23011228442192078
Epoch 17: loss = 0.23011228442192078
Early stopping at epoch 17 with loss 0.23019756376743317
Reconstruction for fluence = 1128.8378916846884 photons/pixel
Epoch 0: loss = 327.9994201660156
Epoch 1: loss = 1.6468884944915771
Epoch 2: loss = 0.399318128824234
Epoch 3: loss = 0.29555806517601013
Epoch 4: loss = 0.2790684700012207
Epoch 5: loss = 0.27535828948020935
Epoch 6: loss = 0.25656917691230774
Epoch 7: loss = 0.22779960930347443
Epoch 8: loss = 0.22714826464653015
Epoch 9: loss = 0.22712408006191254
Epoch 10: loss = 0.22712236642837524
Epoch 11: loss = 0.2271219938993454
Epoch 12: loss = 0.2271219938993454
Epoch 13: loss = 0.22712193429470062
Early stopping at epoch 13 with loss 0.22714826464653015
Reconstruction for fluence = 2636.6508987303555 photons/pixel
Epoch 0: loss = 765.5914916992188
Epoch 1: loss = 3.116604804992676
Epoch 2: loss = 0.539353609085083
Epoch 3: loss = 0.2654389441013336
Epoch 4: loss = 0.22159773111343384
Epoch 5: loss = 0.219621479511261
Epoch 6: loss = 0.21944007277488708
Epoch 7: loss = 0.21942098438739777
Epoch 8: loss = 0.2194182425737381
Epoch 9: loss = 0.21941815316677094
Epoch 10: loss = 0.21941787004470825
Epoch 11: loss = 0.21941781044006348
Early stopping at epoch 11 with loss 0.21944007277488708
Reconstruction for fluence = 6158.482110660255 photons/pixel
Epoch 0: loss = 1789.011962890625
Epoch 1: loss = 6.931342124938965
Epoch 2: loss = 1.0850015878677368
Epoch 3: loss = 0.3902873694896698
Epoch 4: loss = 0.22902461886405945
Epoch 5: loss = 0.2119339555501938
Epoch 6: loss = 0.21121340990066528
Epoch 7: loss = 0.21113771200180054
Epoch 8: loss = 0.21113069355487823
Epoch 9: loss = 0.21112969517707825
Epoch 10: loss = 0.2111295908689499
Epoch 11: loss = 0.21112960577011108
Early stopping at epoch 11 with loss 0.21121340990066528
Reconstruction for fluence = 14384.498882876629 photons/pixel
Epoch 0: loss = 4177.85400390625
Epoch 1: loss = 16.607589721679688
Epoch 2: loss = 2.438290596008301
Epoch 3: loss = 0.506587564945221
Epoch 4: loss = 0.2903176546096802
Epoch 5: loss = 0.20524106919765472
Epoch 6: loss = 0.20114050805568695
Epoch 7: loss = 0.20081500709056854
Epoch 8: loss = 0.20078112185001373
Epoch 9: loss = 0.20077835023403168
Epoch 10: loss = 0.20077605545520782
Epoch 11: loss = 0.20077605545520782
Epoch 12: loss = 0.2007758617401123
Early stopping at epoch 12 with loss 0.20081500709056854
Reconstruction for fluence = 33598.18286283781 photons/pixel
Epoch 0: loss = 9759.3359375
Epoch 1: loss = 35.40431213378906
Epoch 2: loss = 4.887238502502441
Epoch 3: loss = 1.3848767280578613
Epoch 4: loss = 0.24577198922634125
Epoch 5: loss = 0.20419511198997498
Epoch 6: loss = 0.20101533830165863
Epoch 7: loss = 0.20072275400161743
Epoch 8: loss = 0.20068855583667755
Epoch 9: loss = 0.2006823569536209
Epoch 10: loss = 0.2006818950176239
Epoch 11: loss = 0.20068182051181793
Epoch 12: loss = 0.20068171620368958
Early stopping at epoch 12 with loss 0.20072275400161743
Reconstruction for fluence = 78475.99703514607 photons/pixel
Epoch 0: loss = 22793.7109375
Epoch 1: loss = 92.12355041503906
Epoch 2: loss = 10.127655982971191
Epoch 3: loss = 1.588753581047058
Epoch 4: loss = 0.2772679924964905
Epoch 5: loss = 0.2016887068748474
Epoch 6: loss = 0.19618728756904602
Epoch 7: loss = 0.19560495018959045
Epoch 8: loss = 0.1955307573080063
Epoch 9: loss = 0.19551913440227509
Epoch 10: loss = 0.19551828503608704
Epoch 11: loss = 0.19551803171634674
Epoch 12: loss = 0.1955181211233139
Early stopping at epoch 12 with loss 0.19560495018959045
Reconstruction for fluence = 183298.07108324335 photons/pixel
Epoch 0: loss = 53235.484375
Epoch 1: loss = 207.0092315673828
Epoch 2: loss = 25.16910171508789
Epoch 3: loss = 3.9703876972198486
Epoch 4: loss = 0.5319833755493164
Epoch 5: loss = 0.30315059423446655
Epoch 6: loss = 0.28819456696510315
Epoch 7: loss = 0.2864556610584259
Epoch 8: loss = 0.2862791121006012
Epoch 9: loss = 0.2862514555454254
Epoch 10: loss = 0.286249041557312
Epoch 11: loss = 0.2862488031387329
Epoch 12: loss = 0.28624868392944336
Epoch 13: loss = 0.28624868392944336
Early stopping at epoch 13 with loss 0.2862791121006012
Reconstruction for fluence = 428133.2398719387 photons/pixel
Epoch 0: loss = 124344.6953125
Epoch 1: loss = 523.5908813476562
Epoch 2: loss = 53.223628997802734
Epoch 3: loss = 7.0181756019592285
Epoch 4: loss = 1.4532939195632935
Epoch 5: loss = 0.259680837392807
Epoch 6: loss = 0.20087115466594696
Epoch 7: loss = 0.19588036835193634
Epoch 8: loss = 0.19525504112243652
Epoch 9: loss = 0.19515109062194824
Epoch 10: loss = 0.19513842463493347
Epoch 11: loss = 0.19513745605945587
Epoch 12: loss = 0.19513727724552155
Epoch 13: loss = 0.19513726234436035
Epoch 14: loss = 0.19513726234436035
Early stopping at epoch 14 with loss 0.19515109062194824
Reconstruction for fluence = 1000000.0 photons/pixel
Epoch 0: loss = 290434.09375
Epoch 1: loss = 1189.1845703125
Epoch 2: loss = 175.07223510742188
Epoch 3: loss = 69.21610260009766
Epoch 4: loss = 45.464725494384766
Epoch 5: loss = 40.51929473876953
Epoch 6: loss = 39.34528732299805
Epoch 7: loss = 39.00857925415039
Epoch 8: loss = 38.99211883544922
Epoch 9: loss = 38.989845275878906
Epoch 10: loss = 38.98945999145508
Epoch 11: loss = 38.98936080932617
Epoch 12: loss = 38.98933792114258
Epoch 13: loss = 38.98933792114258
Epoch 14: loss = 38.98933792114258
Epoch 15: loss = 38.98933029174805
Epoch 16: loss = 38.98933410644531
Epoch 17: loss = 38.98933792114258
Early stopping at epoch 17 with loss 38.98933792114258
Tensors initialization on device cuda
Multiprobe = band_lim
torch.Size([1, 64, 64])

('MSE', 'PoissonNLL') RECONSTRUCTIONS

Reconstruction for fluence = 0.09999999999999999 photons/pixel
Epoch 0: loss = 0.08716677129268646
Epoch 1: loss = 0.03402607887983322
Epoch 2: loss = 0.03372122347354889
Epoch 3: loss = 0.03370140865445137
Epoch 4: loss = 0.03369959071278572
Epoch 5: loss = 0.03369959071278572
Epoch 6: loss = 0.03369947895407677
Epoch 7: loss = 0.03369947895407677
Early stopping at epoch 7 with loss 0.03372122347354889
Epoch 0: loss = 0.09016993641853333
Epoch 1: loss = 0.07855282723903656
Epoch 2: loss = 0.07848017662763596
Epoch 3: loss = 0.07847088575363159
Epoch 4: loss = 0.07846757024526596
Epoch 5: loss = 0.07846663892269135
Epoch 6: loss = 0.07846610248088837
Early stopping at epoch 6 with loss 0.07855282723903656
Reconstruction for fluence = 0.23357214690901223 photons/pixel
Epoch 0: loss = 0.1306188702583313
Epoch 1: loss = 0.04329506680369377
Epoch 2: loss = 0.04285130277276039
Epoch 3: loss = 0.04282447323203087
Epoch 4: loss = 0.0428207591176033
Epoch 5: loss = 0.04282030835747719
Epoch 6: loss = 0.0428202748298645
Epoch 7: loss = 0.04282026365399361
Early stopping at epoch 7 with loss 0.04285130277276039
Epoch 0: loss = 0.022625617682933807
Epoch 1: loss = 0.011492088437080383
Epoch 2: loss = 0.011371088214218616
Epoch 3: loss = 0.011344857513904572
Epoch 4: loss = 0.011328814551234245
Epoch 5: loss = 0.011319872923195362
Epoch 6: loss = 0.011315369047224522
Epoch 7: loss = 0.011314352974295616
Early stopping at epoch 7 with loss 0.011371088214218616
Reconstruction for fluence = 0.5455594781168519 photons/pixel
Epoch 0: loss = 0.21651966869831085
Epoch 1: loss = 0.050573911517858505
Epoch 2: loss = 0.05002420395612717
Epoch 3: loss = 0.04998735710978508
Epoch 4: loss = 0.04998210072517395
Epoch 5: loss = 0.04998130351305008
Epoch 6: loss = 0.04998106136918068
Epoch 7: loss = 0.0499810054898262
Early stopping at epoch 7 with loss 0.05002420395612717
Epoch 0: loss = -0.41223806142807007
Epoch 1: loss = -0.4242114722728729
Epoch 2: loss = -0.4243610203266144
Epoch 3: loss = -0.4244093894958496
Epoch 4: loss = -0.4244330823421478
Epoch 5: loss = -0.42444053292274475
Epoch 6: loss = -0.4244452714920044
Epoch 7: loss = -0.42444753646850586
Early stopping at epoch 7 with loss -0.4243610203266144
Reconstruction for fluence = 1.2742749857031335 photons/pixel
Epoch 0: loss = 0.41992178559303284
Epoch 1: loss = 0.060046449303627014
Epoch 2: loss = 0.058777570724487305
Epoch 3: loss = 0.05866524949669838
Epoch 4: loss = 0.0586535818874836
Epoch 5: loss = 0.05864563211798668
Epoch 6: loss = 0.05864037573337555
Epoch 7: loss = 0.05863888934254646
Epoch 8: loss = 0.05863706395030022
Early stopping at epoch 8 with loss 0.05866524949669838
Epoch 0: loss = -2.0191290378570557
Epoch 1: loss = -2.0348455905914307
Epoch 2: loss = -2.0350515842437744
Epoch 3: loss = -2.0351076126098633
Epoch 4: loss = -2.03513503074646
Epoch 5: loss = -2.0351474285125732
Epoch 6: loss = -2.0351481437683105
Epoch 7: loss = -2.0351498126983643
Early stopping at epoch 7 with loss -2.0350515842437744
Reconstruction for fluence = 2.976351441631318 photons/pixel
Epoch 0: loss = 0.887478232383728
Epoch 1: loss = 0.07755280286073685
Epoch 2: loss = 0.07469471544027328
Epoch 3: loss = 0.0744623988866806
Epoch 4: loss = 0.07442446798086166
Epoch 5: loss = 0.07440599799156189
Epoch 6: loss = 0.07439202070236206
Epoch 7: loss = 0.07438448816537857
Epoch 8: loss = 0.07438255101442337
Early stopping at epoch 8 with loss 0.0744623988866806
Epoch 0: loss = -7.187408447265625
Epoch 1: loss = -7.208122253417969
Epoch 2: loss = -7.20836877822876
Epoch 3: loss = -7.208425045013428
Epoch 4: loss = -7.208438396453857
Epoch 5: loss = -7.208443641662598
Epoch 6: loss = -7.208445072174072
Epoch 7: loss = -7.208446979522705
Early stopping at epoch 7 with loss -7.20836877822876
Reconstruction for fluence = 6.9519279617756045 photons/pixel
Epoch 0: loss = 2.0018069744110107
Epoch 1: loss = 0.10799947381019592
Epoch 2: loss = 0.10056904703378677
Epoch 3: loss = 0.09998787939548492
Epoch 4: loss = 0.09984252601861954
Epoch 5: loss = 0.09980306029319763
Epoch 6: loss = 0.09978990256786346
Epoch 7: loss = 0.09977930784225464
Epoch 8: loss = 0.0997750535607338
Epoch 9: loss = 0.09977282583713531
Early stopping at epoch 9 with loss 0.09984252601861954
Epoch 0: loss = -22.625564575195312
Epoch 1: loss = -22.65420913696289
Epoch 2: loss = -22.65464210510254
Epoch 3: loss = -22.654714584350586
Epoch 4: loss = -22.654733657836914
Epoch 5: loss = -22.65475082397461
Epoch 6: loss = -22.654754638671875
Epoch 7: loss = -22.654762268066406
Epoch 8: loss = -22.65476417541504
Epoch 9: loss = -22.654766082763672
Epoch 10: loss = -22.65477180480957
Early stopping at epoch 10 with loss -22.65475082397461
Reconstruction for fluence = 16.23776739188721 photons/pixel
Epoch 0: loss = 4.632662296295166
Epoch 1: loss = 0.14994990825653076
Epoch 2: loss = 0.13428521156311035
Epoch 3: loss = 0.132911816239357
Epoch 4: loss = 0.13264481723308563
Epoch 5: loss = 0.13250882923603058
Epoch 6: loss = 0.13241103291511536
Epoch 7: loss = 0.1323794275522232
Epoch 8: loss = 0.13236024975776672
Epoch 9: loss = 0.13234145939350128
Epoch 10: loss = 0.13233013451099396
Epoch 11: loss = 0.132318913936615
Epoch 12: loss = 0.13231196999549866
Early stopping at epoch 12 with loss 0.1323794275522232
Epoch 0: loss = -66.6396713256836
Epoch 1: loss = -66.67340087890625
Epoch 2: loss = -66.67386627197266
Epoch 3: loss = -66.6740493774414
Epoch 4: loss = -66.67411041259766
Epoch 5: loss = -66.67412567138672
Epoch 6: loss = -66.67414855957031
Epoch 7: loss = -66.67416381835938
Epoch 8: loss = -66.6741714477539
Epoch 9: loss = -66.67418670654297
Epoch 10: loss = -66.67420959472656
Epoch 11: loss = -66.67422485351562
Epoch 12: loss = -66.67422485351562
Early stopping at epoch 12 with loss -66.67416381835938
Reconstruction for fluence = 37.926901907322495 photons/pixel
Epoch 0: loss = 10.797464370727539
Epoch 1: loss = 0.21193401515483856
Epoch 2: loss = 0.1731531172990799
Epoch 3: loss = 0.16845925152301788
Epoch 4: loss = 0.16705076396465302
Epoch 5: loss = 0.16670295596122742
Epoch 6: loss = 0.16657236218452454
Epoch 7: loss = 0.1665075570344925
Epoch 8: loss = 0.16646678745746613
Epoch 9: loss = 0.16644985973834991
Epoch 10: loss = 0.16644251346588135
Epoch 11: loss = 0.1664220541715622
Epoch 12: loss = 0.16640064120292664
Epoch 13: loss = 0.1663917452096939
Early stopping at epoch 13 with loss 0.16646678745746613
Epoch 0: loss = -187.75048828125
Epoch 1: loss = -187.78614807128906
Epoch 2: loss = -187.78648376464844
Epoch 3: loss = -187.7866973876953
Epoch 4: loss = -187.78675842285156
Epoch 5: loss = -187.7867889404297
Epoch 6: loss = -187.78680419921875
Epoch 7: loss = -187.78683471679688
Epoch 8: loss = -187.786865234375
Epoch 9: loss = -187.78689575195312
Epoch 10: loss = -187.78689575195312
Epoch 11: loss = -187.78689575195312
Epoch 12: loss = -187.7869415283203
Early stopping at epoch 12 with loss -187.78683471679688
Reconstruction for fluence = 88.58667904100822 photons/pixel
Epoch 0: loss = 25.02973747253418
Epoch 1: loss = 0.31081637740135193
Epoch 2: loss = 0.21492482721805573
Epoch 3: loss = 0.20273122191429138
Epoch 4: loss = 0.19677218794822693
Epoch 5: loss = 0.19549663364887238
Epoch 6: loss = 0.19517439603805542
Epoch 7: loss = 0.19507057964801788
Epoch 8: loss = 0.1950240433216095
Epoch 9: loss = 0.19499419629573822
Epoch 10: loss = 0.194971963763237
Epoch 11: loss = 0.1949622482061386
Epoch 12: loss = 0.19492879509925842
Epoch 13: loss = 0.1949225217103958
Epoch 14: loss = 0.19492165744304657
Epoch 0: loss = -514.213134765625
Epoch 1: loss = -514.24609375
Epoch 2: loss = -514.2463989257812
Epoch 3: loss = -514.2463989257812
Epoch 4: loss = -514.2463989257812
Epoch 5: loss = -514.2465209960938
Epoch 6: loss = -514.2466430664062
Epoch 7: loss = -514.2466430664062
Epoch 8: loss = -514.2467651367188
Epoch 9: loss = -514.2467651367188
Epoch 10: loss = -514.2468872070312
Epoch 11: loss = -514.2468872070312
Epoch 12: loss = -514.2468872070312
Epoch 13: loss = -514.2468872070312
Epoch 14: loss = -514.2468872070312
Epoch 15: loss = -514.2468872070312
Early stopping at epoch 15 with loss -514.2468872070312
Reconstruction for fluence = 206.9138081114788 photons/pixel
Epoch 0: loss = 58.35773468017578
Epoch 1: loss = 0.47106897830963135
Epoch 2: loss = 0.2670632004737854
Epoch 3: loss = 0.23241159319877625
Epoch 4: loss = 0.22489643096923828
Epoch 5: loss = 0.2204955369234085
Epoch 6: loss = 0.2184162735939026
Epoch 7: loss = 0.2181718349456787
Epoch 8: loss = 0.21808387339115143
Epoch 9: loss = 0.21802163124084473
Epoch 10: loss = 0.21757367253303528
Epoch 11: loss = 0.21735312044620514
Epoch 12: loss = 0.21731361746788025
Epoch 13: loss = 0.21729262173175812
Epoch 14: loss = 0.21728412806987762
Epoch 0: loss = -1376.0111083984375
Epoch 1: loss = -1376.037353515625
Epoch 2: loss = -1376.0390625
Epoch 3: loss = -1376.039306640625
Epoch 4: loss = -1376.039306640625
Epoch 5: loss = -1376.03955078125
Epoch 6: loss = -1376.03955078125
Epoch 7: loss = -1376.03955078125
Epoch 8: loss = -1376.03955078125
Epoch 9: loss = -1376.03955078125
Epoch 10: loss = -1376.03955078125
Early stopping at epoch 10 with loss -1376.03955078125
Reconstruction for fluence = 483.2930238571752 photons/pixel
Epoch 0: loss = 136.3270263671875
Epoch 1: loss = 0.7719586491584778
Epoch 2: loss = 0.35994428396224976
Epoch 3: loss = 0.30701446533203125
Epoch 4: loss = 0.2796702980995178
Epoch 5: loss = 0.26899296045303345
Epoch 6: loss = 0.25632038712501526
Epoch 7: loss = 0.25366559624671936
Epoch 8: loss = 0.252422571182251
Epoch 9: loss = 0.22875097393989563
Epoch 10: loss = 0.22602060437202454
Epoch 11: loss = 0.22486822307109833
Epoch 12: loss = 0.22449509799480438
Epoch 13: loss = 0.22441843152046204
Epoch 14: loss = 0.2243678867816925
Epoch 0: loss = -3623.223876953125
Epoch 1: loss = -3623.24267578125
Epoch 2: loss = -3623.2431640625
Epoch 3: loss = -3623.2431640625
Epoch 4: loss = -3623.2431640625
Epoch 5: loss = -3623.243408203125
Epoch 6: loss = -3623.243408203125
Epoch 7: loss = -3623.24365234375
Epoch 8: loss = -3623.24365234375
Epoch 9: loss = -3623.243896484375
Epoch 10: loss = -3623.243896484375
Epoch 11: loss = -3623.243896484375
Epoch 12: loss = -3623.243896484375
Epoch 13: loss = -3623.243896484375
Epoch 14: loss = -3623.243896484375
Early stopping at epoch 14 with loss -3623.243896484375
Reconstruction for fluence = 1128.8378916846884 photons/pixel
Epoch 0: loss = 318.2433776855469
Epoch 1: loss = 1.6328285932540894
Epoch 2: loss = 0.5962390899658203
Epoch 3: loss = 0.42462092638015747
Epoch 4: loss = 0.36360201239585876
Epoch 5: loss = 0.28477591276168823
Epoch 6: loss = 0.27171987295150757
Epoch 7: loss = 0.24188919365406036
Epoch 8: loss = 0.2322811335325241
Epoch 9: loss = 0.2288634330034256
Epoch 10: loss = 0.22723388671875
Epoch 11: loss = 0.22586499154567719
Epoch 12: loss = 0.22580428421497345
Epoch 13: loss = 0.22579394280910492
Epoch 14: loss = 0.2257928103208542
Epoch 0: loss = -9423.1552734375
Epoch 1: loss = -9423.1650390625
Epoch 2: loss = -9423.1669921875
Epoch 3: loss = -9423.1669921875
Epoch 4: loss = -9423.1689453125
Epoch 5: loss = -9423.1689453125
Epoch 6: loss = -9423.1689453125
Epoch 7: loss = -9423.1689453125
Epoch 8: loss = -9423.1689453125
Epoch 9: loss = -9423.1689453125
Early stopping at epoch 9 with loss -9423.1689453125
Reconstruction for fluence = 2636.6508987303555 photons/pixel
Epoch 0: loss = 743.4710083007812
Epoch 1: loss = 3.15364933013916
Epoch 2: loss = 1.1963108777999878
Epoch 3: loss = 0.6746199727058411
Epoch 4: loss = 0.46958330273628235
Epoch 5: loss = 0.40794479846954346
Epoch 6: loss = 0.3564469516277313
Epoch 7: loss = 0.3252469599246979
Epoch 8: loss = 0.2931451201438904
Epoch 9: loss = 0.23673343658447266
Epoch 10: loss = 0.22998905181884766
Epoch 11: loss = 0.22969336807727814
Epoch 12: loss = 0.22967572510242462
Epoch 13: loss = 0.22967465221881866
Epoch 14: loss = 0.22967423498630524
Epoch 0: loss = -24242.017578125
Epoch 1: loss = -24242.021484375
Epoch 2: loss = -24242.025390625
Epoch 3: loss = -24242.025390625
Epoch 4: loss = -24242.025390625
Epoch 5: loss = -24242.025390625
Epoch 6: loss = -24242.025390625
Epoch 7: loss = -24242.025390625
Early stopping at epoch 7 with loss -24242.025390625
Reconstruction for fluence = 6158.482110660255 photons/pixel
Epoch 0: loss = 1735.947265625
Epoch 1: loss = 6.587335586547852
Epoch 2: loss = 1.943095326423645
Epoch 3: loss = 1.3648717403411865
Epoch 4: loss = 1.089906930923462
Epoch 5: loss = 0.950287938117981
Epoch 6: loss = 0.851143479347229
Epoch 7: loss = 0.690342903137207
Epoch 8: loss = 0.6022474765777588
Epoch 9: loss = 0.3292679190635681
Epoch 10: loss = 0.2153102308511734
Epoch 11: loss = 0.21222764253616333
Epoch 12: loss = 0.21205772459506989
Epoch 13: loss = 0.2120368927717209
Epoch 14: loss = 0.21203482151031494
Epoch 0: loss = -61853.66796875
Epoch 1: loss = -61853.66796875
Epoch 2: loss = -61853.66796875
Epoch 3: loss = -61853.66796875
Epoch 4: loss = -61853.66796875
Epoch 5: loss = -61853.66796875
Early stopping at epoch 5 with loss -61853.66796875
Reconstruction for fluence = 14384.498882876629 photons/pixel
Epoch 0: loss = 4055.182373046875
Epoch 1: loss = 16.074453353881836
Epoch 2: loss = 4.848584175109863
Epoch 3: loss = 2.3013601303100586
Epoch 4: loss = 1.6727495193481445
Epoch 5: loss = 1.327812671661377
Epoch 6: loss = 1.095502257347107
Epoch 7: loss = 0.8048554062843323
Epoch 8: loss = 0.5822421312332153
Epoch 9: loss = 0.2770279347896576
Epoch 10: loss = 0.252192884683609
Epoch 11: loss = 0.25123342871665955
Epoch 12: loss = 0.2511668801307678
Epoch 13: loss = 0.25116124749183655
Epoch 14: loss = 0.25116124749183655
Epoch 0: loss = -156671.328125
Epoch 1: loss = -156671.328125
Epoch 2: loss = -156671.328125
Epoch 3: loss = -156671.328125
Epoch 4: loss = -156671.328125
Epoch 5: loss = -156671.328125
Early stopping at epoch 5 with loss -156671.328125
Reconstruction for fluence = 33598.18286283781 photons/pixel
Epoch 0: loss = 9471.693359375
Epoch 1: loss = 37.16096878051758
Epoch 2: loss = 11.3740873336792
Epoch 3: loss = 6.1622161865234375
Epoch 4: loss = 4.84232759475708
Epoch 5: loss = 4.122290134429932
Epoch 6: loss = 3.7184224128723145
Epoch 7: loss = 1.888651728630066
Epoch 8: loss = 1.0110117197036743
Epoch 9: loss = 0.9219431281089783
Epoch 10: loss = 0.8191479444503784
Epoch 11: loss = 0.24653778970241547
Epoch 12: loss = 0.2006295621395111
Epoch 13: loss = 0.19848179817199707
Epoch 14: loss = 0.19837352633476257
Epoch 0: loss = -394417.34375
Epoch 1: loss = -394417.34375
Epoch 2: loss = -394417.34375
Epoch 3: loss = -394417.34375
Epoch 4: loss = -394417.34375
Epoch 5: loss = -394417.34375
Early stopping at epoch 5 with loss -394417.34375
Reconstruction for fluence = 78475.99703514607 photons/pixel
Epoch 0: loss = 22123.33984375
Epoch 1: loss = 85.49589538574219
Epoch 2: loss = 24.544189453125
Epoch 3: loss = 11.160870552062988
Epoch 4: loss = 4.998846530914307
Epoch 5: loss = 2.5944859981536865
Epoch 6: loss = 1.5934292078018188
Epoch 7: loss = 0.4884909689426422
Epoch 8: loss = 0.2129432111978531
Epoch 9: loss = 0.19971917569637299
Epoch 10: loss = 0.19904470443725586
Epoch 11: loss = 0.19899991154670715
Epoch 12: loss = 0.1989973932504654
Epoch 13: loss = 0.19899709522724152
Epoch 14: loss = 0.19899685680866241
Epoch 0: loss = -987891.25
Epoch 1: loss = -987891.25
Epoch 2: loss = -987891.25
Epoch 3: loss = -987891.25
Epoch 4: loss = -987891.25
Epoch 5: loss = -987891.25
Early stopping at epoch 5 with loss -987891.25
Reconstruction for fluence = 183298.07108324335 photons/pixel
Epoch 0: loss = 51672.47265625
Epoch 1: loss = 213.6033477783203
Epoch 2: loss = 66.01541900634766
Epoch 3: loss = 37.07918930053711
Epoch 4: loss = 30.01828956604004
Epoch 5: loss = 26.49923324584961
Epoch 6: loss = 22.6082706451416
Epoch 7: loss = 20.79831314086914
Epoch 8: loss = 16.364177703857422
Epoch 9: loss = 11.507071495056152
Epoch 10: loss = 3.458209276199341
Epoch 11: loss = 0.4095703363418579
Epoch 12: loss = 0.2502567768096924
Epoch 13: loss = 0.19818398356437683
Epoch 14: loss = 0.19636066257953644
Epoch 0: loss = -2462962.25
Epoch 1: loss = -2462962.25
Epoch 2: loss = -2462962.25
Epoch 3: loss = -2462962.25
Epoch 4: loss = -2462962.25
Epoch 5: loss = -2462962.25
Early stopping at epoch 5 with loss -2462962.25
Reconstruction for fluence = 428133.2398719387 photons/pixel
Epoch 0: loss = 120693.640625
Epoch 1: loss = 490.8077392578125
Epoch 2: loss = 123.75284576416016
Epoch 3: loss = 62.81818389892578
Epoch 4: loss = 40.71942901611328
Epoch 5: loss = 28.45143699645996
Epoch 6: loss = 23.801467895507812
Epoch 7: loss = 21.606346130371094
Epoch 8: loss = 16.874889373779297
Epoch 9: loss = 6.703579425811768
Epoch 10: loss = 1.9796350002288818
Epoch 11: loss = 1.554211139678955
Epoch 12: loss = 1.534279465675354
Epoch 13: loss = 1.533180832862854
Epoch 14: loss = 1.5330952405929565
Epoch 0: loss = -6115918.5
Epoch 1: loss = -6115918.5
Epoch 2: loss = -6115918.5
Epoch 3: loss = -6115918.5
Epoch 4: loss = -6115918.5
Epoch 5: loss = -6115918.5
Early stopping at epoch 5 with loss -6115918.5
Reconstruction for fluence = 1000000.0 photons/pixel
Epoch 0: loss = 281911.4375
Epoch 1: loss = 1104.2098388671875
Epoch 2: loss = 369.36529541015625
Epoch 3: loss = 191.45651245117188
Epoch 4: loss = 100.14142608642578
Epoch 5: loss = 48.93168258666992
Epoch 6: loss = 23.69816017150879
Epoch 7: loss = 6.351416110992432
Epoch 8: loss = 2.5168392658233643
Epoch 9: loss = 0.23716217279434204
Epoch 10: loss = 0.1976902037858963
Epoch 11: loss = 0.19483795762062073
Epoch 12: loss = 0.1946229189634323
Epoch 13: loss = 0.19460511207580566
Epoch 14: loss = 0.19460248947143555
Epoch 0: loss = -15133269.0
Epoch 1: loss = -15133269.0
Epoch 2: loss = -15133269.0
Epoch 3: loss = -15133269.0
Epoch 4: loss = -15133269.0
Epoch 5: loss = -15133269.0
Early stopping at epoch 5 with loss -15133269.0
Simulation for steps_size=23 and n_fluences=20 completed!
