Running simulation for steps_size=5 and n_fluences=20
Steps size: 5
Tensors initialization on device cuda
Multiprobe = band_lim
torch.Size([1, 64, 64])

('MSE', None) RECONSTRUCTIONS

Reconstruction for fluence = 0.09999999999999999 photons/pixel
Epoch 0: loss = 8523.3544921875
Epoch 1: loss = 3381.32177734375
Epoch 2: loss = 3381.32177734375
Epoch 3: loss = 3381.321533203125
Epoch 4: loss = 3381.321533203125
Epoch 5: loss = 3381.321533203125
Epoch 6: loss = 3381.3212890625
Epoch 7: loss = 3381.3212890625
Epoch 8: loss = 3381.3212890625
Epoch 9: loss = 3381.3212890625
Epoch 10: loss = 3381.3212890625
Epoch 11: loss = 3381.3212890625
Epoch 12: loss = 3381.3212890625
Epoch 13: loss = 3381.3212890625
Epoch 14: loss = 3381.3212890625
Early stopping at epoch 14 with loss 3381.3212890625
Reconstruction for fluence = 0.23357214690901223 photons/pixel
Epoch 0: loss = 17129.13671875
Epoch 1: loss = 7429.91455078125
Epoch 2: loss = 7429.9140625
Epoch 3: loss = 7429.908203125
Epoch 4: loss = 7429.9072265625
Epoch 5: loss = 7429.9072265625
Epoch 6: loss = 7429.90625
Epoch 7: loss = 7429.90576171875
Epoch 8: loss = 7429.90576171875
Epoch 9: loss = 7429.90576171875
Epoch 10: loss = 7429.90576171875
Epoch 11: loss = 7429.90576171875
Epoch 12: loss = 7429.90576171875
Epoch 13: loss = 7429.90576171875
Epoch 14: loss = 7429.90576171875
Epoch 15: loss = 7429.90576171875
Early stopping at epoch 15 with loss 7429.90576171875
Reconstruction for fluence = 0.5455594781168519 photons/pixel
Epoch 0: loss = 31469.2890625
Epoch 1: loss = 14468.244140625
Epoch 2: loss = 14468.244140625
Epoch 3: loss = 14468.244140625
Epoch 4: loss = 14468.244140625
Epoch 5: loss = 14468.244140625
Epoch 6: loss = 14468.244140625
Epoch 7: loss = 14468.244140625
Epoch 8: loss = 14468.244140625
Epoch 9: loss = 14468.244140625
Early stopping at epoch 9 with loss 14468.244140625
Reconstruction for fluence = 1.2742749857031335 photons/pixel
Epoch 0: loss = 51797.62890625
Epoch 1: loss = 23917.064453125
Epoch 2: loss = 23917.0625
Epoch 3: loss = 23917.0625
Epoch 4: loss = 23917.0625
Epoch 5: loss = 23917.0625
Epoch 6: loss = 23917.0625
Epoch 7: loss = 23917.0625
Epoch 8: loss = 23917.0625
Epoch 9: loss = 23917.0625
Epoch 10: loss = 23917.0625
Early stopping at epoch 10 with loss 23917.0625
Reconstruction for fluence = 2.976351441631318 photons/pixel
Epoch 0: loss = 77375.84375
Epoch 1: loss = 32640.1875
Epoch 2: loss = 32640.1875
Epoch 3: loss = 32640.1875
Epoch 4: loss = 32640.1875
Epoch 5: loss = 32640.185546875
Epoch 6: loss = 32640.185546875
Epoch 7: loss = 32640.185546875
Epoch 8: loss = 32640.18359375
Epoch 9: loss = 32640.18359375
Epoch 10: loss = 32640.1875
Epoch 11: loss = 32640.1875
Epoch 12: loss = 32640.1875
Epoch 13: loss = 32640.1875
Epoch 14: loss = 32640.1875
Epoch 15: loss = 32640.1875
Epoch 16: loss = 32640.1875
Early stopping at epoch 16 with loss 32640.18359375
Reconstruction for fluence = 6.9519279617756045 photons/pixel
Epoch 0: loss = 124002.453125
Epoch 1: loss = 39702.234375
Epoch 2: loss = 39702.234375
Epoch 3: loss = 39702.234375
Epoch 4: loss = 39702.234375
Epoch 5: loss = 39702.234375
Epoch 6: loss = 39702.234375
Epoch 7: loss = 39702.234375
Epoch 8: loss = 39702.23046875
Epoch 9: loss = 39702.234375
Epoch 10: loss = 39702.234375
Epoch 11: loss = 39702.23046875
Epoch 12: loss = 39702.23046875
Epoch 13: loss = 39702.234375
Epoch 14: loss = 39702.23046875
Epoch 15: loss = 39702.2265625
Epoch 16: loss = 39702.2265625
Epoch 17: loss = 39702.23046875
Epoch 18: loss = 39702.23046875
Epoch 19: loss = 39702.23046875
Epoch 20: loss = 39702.23046875
Epoch 21: loss = 39702.23046875
Epoch 22: loss = 39702.23046875
Epoch 23: loss = 39702.23046875
Early stopping at epoch 23 with loss 39702.2265625
Reconstruction for fluence = 16.23776739188721 photons/pixel
Epoch 0: loss = 226881.625
Epoch 1: loss = 48269.0703125
Epoch 2: loss = 48269.0703125
Epoch 3: loss = 48269.0703125
Epoch 4: loss = 48269.0703125
Epoch 5: loss = 48269.0703125
Epoch 6: loss = 48269.06640625
Epoch 7: loss = 48269.0625
Epoch 8: loss = 48269.0625
Epoch 9: loss = 48269.0625
Epoch 10: loss = 48269.0625
Epoch 11: loss = 48269.0625
Epoch 12: loss = 48269.0625
Epoch 13: loss = 48269.0625
Epoch 14: loss = 48269.0625
Epoch 15: loss = 48269.0625
Early stopping at epoch 15 with loss 48269.0625
Reconstruction for fluence = 37.926901907322495 photons/pixel
Epoch 0: loss = 471206.8125
Epoch 1: loss = 61529.15625
Epoch 2: loss = 61529.15234375
Epoch 3: loss = 61529.1484375
Epoch 4: loss = 61529.1484375
Epoch 5: loss = 61529.1484375
Epoch 6: loss = 61529.15234375
Epoch 7: loss = 61529.1484375
Epoch 8: loss = 61529.1484375
Epoch 9: loss = 61529.15234375
Epoch 10: loss = 61529.15234375
Epoch 11: loss = 61529.15234375
Early stopping at epoch 11 with loss 61529.1484375
Reconstruction for fluence = 88.58667904100822 photons/pixel
Epoch 0: loss = 1045796.5625
Epoch 1: loss = 81458.390625
Epoch 2: loss = 81458.390625
Epoch 3: loss = 81458.390625
Epoch 4: loss = 81458.390625
Epoch 5: loss = 81458.390625
Epoch 6: loss = 81458.390625
Epoch 7: loss = 81458.390625
Epoch 8: loss = 81458.3828125
Epoch 9: loss = 81458.3828125
Epoch 10: loss = 81458.3828125
Epoch 11: loss = 81458.3828125
Epoch 12: loss = 81458.390625
Epoch 13: loss = 81458.3828125
Epoch 14: loss = 81458.3828125
Epoch 15: loss = 81458.3828125
Epoch 16: loss = 81458.3828125
Early stopping at epoch 16 with loss 81458.3828125
Reconstruction for fluence = 206.9138081114788 photons/pixel
Epoch 0: loss = 2394603.5
Epoch 1: loss = 107596.296875
Epoch 2: loss = 107596.296875
Epoch 3: loss = 107596.296875
Epoch 4: loss = 107596.296875
Epoch 5: loss = 107596.296875
Epoch 6: loss = 107596.296875
Epoch 7: loss = 107596.296875
Epoch 8: loss = 107596.296875
Epoch 9: loss = 107596.296875
Early stopping at epoch 9 with loss 107596.296875
Reconstruction for fluence = 483.2930238571752 photons/pixel
Epoch 0: loss = 5537257.5
Epoch 1: loss = 138189.84375
Epoch 2: loss = 138189.796875
Epoch 3: loss = 138189.796875
Epoch 4: loss = 138189.796875
Epoch 5: loss = 138189.796875
Epoch 6: loss = 138189.796875
Epoch 7: loss = 138189.796875
Epoch 8: loss = 138189.796875
Epoch 9: loss = 138189.796875
Epoch 10: loss = 138189.796875
Early stopping at epoch 10 with loss 138189.796875
Reconstruction for fluence = 1128.8378916846884 photons/pixel
Epoch 0: loss = 12886456.0
Epoch 1: loss = 167850.875
Epoch 2: loss = 167850.84375
Epoch 3: loss = 167850.84375
Epoch 4: loss = 167850.84375
Epoch 5: loss = 167850.84375
Epoch 6: loss = 167850.84375
Epoch 7: loss = 167850.84375
Epoch 8: loss = 167850.84375
Epoch 9: loss = 167850.84375
Epoch 10: loss = 167850.84375
Early stopping at epoch 10 with loss 167850.84375
Reconstruction for fluence = 2636.6508987303555 photons/pixel
Epoch 0: loss = 30067482.0
Epoch 1: loss = 191134.6875
Epoch 2: loss = 191134.625
Epoch 3: loss = 191134.625
Epoch 4: loss = 191134.625
Epoch 5: loss = 191134.625
Epoch 6: loss = 191134.625
Epoch 7: loss = 191134.625
Epoch 8: loss = 191134.625
Epoch 9: loss = 191134.625
Epoch 10: loss = 191134.625
Early stopping at epoch 10 with loss 191134.625
Reconstruction for fluence = 6158.482110660255 photons/pixel
Epoch 0: loss = 70151600.0
Epoch 1: loss = 200715.53125
Epoch 2: loss = 200715.390625
Epoch 3: loss = 200715.390625
Epoch 4: loss = 200715.390625
Epoch 5: loss = 200715.390625
Epoch 6: loss = 200715.390625
Epoch 7: loss = 200715.390625
Epoch 8: loss = 200715.390625
Epoch 9: loss = 200715.390625
Epoch 10: loss = 200715.390625
Early stopping at epoch 10 with loss 200715.390625
Reconstruction for fluence = 14384.498882876629 photons/pixel
Epoch 0: loss = 163866144.0
Epoch 1: loss = 200516.9375
Epoch 2: loss = 200516.9375
Epoch 3: loss = 200516.9375
Epoch 4: loss = 200516.9375
Epoch 5: loss = 200516.9375
Epoch 6: loss = 200516.9375
Epoch 7: loss = 200516.9375
Epoch 8: loss = 200516.9375
Epoch 9: loss = 200516.9375
Early stopping at epoch 9 with loss 200516.9375
Reconstruction for fluence = 33598.18286283781 photons/pixel
Epoch 0: loss = 382680320.0
Epoch 1: loss = 193483.6875
Epoch 2: loss = 193483.6875
Epoch 3: loss = 193483.6875
Epoch 4: loss = 193483.6875
Epoch 5: loss = 193483.6875
Epoch 6: loss = 193483.6875
Epoch 7: loss = 193483.6875
Epoch 8: loss = 193483.6875
Epoch 9: loss = 193483.6875
Early stopping at epoch 9 with loss 193483.6875
Reconstruction for fluence = 78475.99703514607 photons/pixel
Epoch 0: loss = 893819904.0
Epoch 1: loss = 185826.03125
Epoch 2: loss = 185826.03125
Epoch 3: loss = 185826.03125
Epoch 4: loss = 185826.03125
Epoch 5: loss = 185826.03125
Epoch 6: loss = 185826.03125
Epoch 7: loss = 185826.03125
Epoch 8: loss = 185826.03125
Epoch 9: loss = 185826.03125
Early stopping at epoch 9 with loss 185826.03125
Reconstruction for fluence = 183298.07108324335 photons/pixel
Epoch 0: loss = 2087648000.0
Epoch 1: loss = 179485.8125
Epoch 2: loss = 179485.8125
Epoch 3: loss = 179485.8125
Epoch 4: loss = 179485.796875
Epoch 5: loss = 179485.8125
Epoch 6: loss = 179485.8125
Epoch 7: loss = 179485.8125
Epoch 8: loss = 179485.8125
Epoch 9: loss = 179485.8125
Epoch 10: loss = 179485.8125
Epoch 11: loss = 179485.8125
Epoch 12: loss = 179485.8125
Early stopping at epoch 12 with loss 179485.796875
Reconstruction for fluence = 428133.2398719387 photons/pixel
Epoch 0: loss = 4876132352.0
Epoch 1: loss = 178277.25
Epoch 2: loss = 175536.71875
Epoch 3: loss = 175536.71875
Epoch 4: loss = 175536.71875
Epoch 5: loss = 175536.71875
Epoch 6: loss = 175536.71875
Epoch 7: loss = 175536.71875
Epoch 8: loss = 175536.71875
Epoch 9: loss = 175536.71875
Epoch 10: loss = 175536.71875
Early stopping at epoch 10 with loss 175536.71875
Reconstruction for fluence = 1000000.0 photons/pixel
Epoch 0: loss = 11389433856.0
Epoch 1: loss = 173471.0625
Epoch 2: loss = 173471.0625
Epoch 3: loss = 173471.078125
Epoch 4: loss = 173471.09375
Epoch 5: loss = 173471.078125
Epoch 6: loss = 173471.0625
Epoch 7: loss = 173471.0625
Epoch 8: loss = 173471.0625
Epoch 9: loss = 173471.0625
Early stopping at epoch 9 with loss 173471.0625
Tensors initialization on device cuda
Multiprobe = band_lim
torch.Size([1, 64, 64])

('MSE', 'PoissonNLL') RECONSTRUCTIONS

Reconstruction for fluence = 0.09999999999999999 photons/pixel
Epoch 0: loss = 8511.064453125
Epoch 1: loss = 3415.473388671875
Epoch 2: loss = 3415.47314453125
Epoch 3: loss = 3415.472900390625
Epoch 4: loss = 3415.472900390625
Epoch 5: loss = 3415.472900390625
Epoch 6: loss = 3415.472900390625
Epoch 7: loss = 3415.472900390625
Epoch 8: loss = 3415.472900390625
Epoch 9: loss = 3415.472900390625
Epoch 10: loss = 3415.472900390625
Epoch 11: loss = 3415.472900390625
Early stopping at epoch 11 with loss 3415.472900390625
Epoch 0: loss = 0.02884792536497116
Epoch 1: loss = 0.02883324772119522
Epoch 2: loss = 0.028818633407354355
Epoch 3: loss = 0.028804080560803413
Epoch 4: loss = 0.028789589181542397
Epoch 5: loss = 0.028775159269571304
Epoch 6: loss = 0.028760787099599838
Epoch 7: loss = 0.028746476396918297
Epoch 8: loss = 0.028732217848300934
Epoch 9: loss = 0.028718022629618645
Epoch 10: loss = 0.028703881427645683
Epoch 11: loss = 0.0286897961050272
Epoch 12: loss = 0.02867576852440834
Epoch 13: loss = 0.02866179682314396
Epoch 14: loss = 0.028647875413298607
Epoch 15: loss = 0.02863400988280773
Epoch 16: loss = 0.028620194643735886
Epoch 17: loss = 0.028606435284018517
Epoch 18: loss = 0.028592724353075027
Epoch 19: loss = 0.028579069301486015
Epoch 20: loss = 0.028565462678670883
Epoch 21: loss = 0.02855190634727478
Epoch 22: loss = 0.028538400307297707
Epoch 23: loss = 0.028524944558739662
Epoch 24: loss = 0.028511539101600647
Epoch 25: loss = 0.028498176485300064
Epoch 26: loss = 0.02848486416041851
Epoch 27: loss = 0.028471602126955986
Epoch 28: loss = 0.028458384796977043
Epoch 29: loss = 0.02844521403312683
Epoch 30: loss = 0.02843208983540535
Epoch 31: loss = 0.0284190122038126
Epoch 32: loss = 0.02840597927570343
Epoch 33: loss = 0.028392992913722992
Epoch 34: loss = 0.028380049392580986
Epoch 35: loss = 0.02836715057492256
Epoch 36: loss = 0.028354298323392868
Epoch 37: loss = 0.02834148518741131
Epoch 38: loss = 0.02832872048020363
Epoch 39: loss = 0.028315996751189232
Epoch 40: loss = 0.028303315863013268
Epoch 41: loss = 0.028290681540966034
Epoch 42: loss = 0.028278082609176636
Epoch 43: loss = 0.02826553024351597
Epoch 44: loss = 0.028253013268113136
Epoch 45: loss = 0.028240542858839035
Epoch 46: loss = 0.028228111565113068
Epoch 47: loss = 0.028215719386935234
Epoch 48: loss = 0.028203366324305534
Epoch 49: loss = 0.028191059827804565
Epoch 50: loss = 0.028178784996271133
Epoch 51: loss = 0.028166554868221283
Epoch 52: loss = 0.028154361993074417
Epoch 53: loss = 0.028142206370830536
Epoch 54: loss = 0.028130093589425087
Epoch 55: loss = 0.028118016198277473
Early stopping at epoch 55 with loss 0.028215719386935234
Reconstruction for fluence = 0.23357214690901223 photons/pixel
Epoch 0: loss = 17074.57421875
Epoch 1: loss = 7295.86279296875
Epoch 2: loss = 7295.86279296875
Epoch 3: loss = 7295.8623046875
Epoch 4: loss = 7295.86181640625
Epoch 5: loss = 7295.86181640625
Epoch 6: loss = 7295.86181640625
Epoch 7: loss = 7295.86181640625
Epoch 8: loss = 7295.8623046875
Epoch 9: loss = 7295.8623046875
Epoch 10: loss = 7295.86181640625
Epoch 11: loss = 7295.86181640625
Epoch 12: loss = 7295.86181640625
Early stopping at epoch 12 with loss 7295.86181640625
Epoch 0: loss = 0.05024956166744232
Epoch 1: loss = 0.03664575517177582
Epoch 2: loss = 0.03664402663707733
Epoch 3: loss = 0.03664402663707733
Epoch 4: loss = 0.03664402663707733
Epoch 5: loss = 0.03664402663707733
Epoch 6: loss = 0.03664402663707733
Epoch 7: loss = 0.03664402663707733
Epoch 8: loss = 0.03664402663707733
Epoch 9: loss = 0.03664402663707733
Early stopping at epoch 9 with loss 0.03664575517177582
Reconstruction for fluence = 0.5455594781168519 photons/pixel
Epoch 0: loss = 31401.48828125
Epoch 1: loss = 14309.25
Epoch 2: loss = 14309.2470703125
Epoch 3: loss = 14309.2470703125
Epoch 4: loss = 14309.2470703125
Epoch 5: loss = 14309.2470703125
Epoch 6: loss = 14309.2470703125
Epoch 7: loss = 14309.24609375
Epoch 8: loss = 14309.2470703125
Epoch 9: loss = 14309.24609375
Epoch 10: loss = 14309.24609375
Epoch 11: loss = 14309.24609375
Epoch 12: loss = 14309.24609375
Epoch 13: loss = 14309.24609375
Epoch 14: loss = 14309.24609375
Epoch 0: loss = 0.07898188382387161
Epoch 1: loss = 0.062444474548101425
Epoch 2: loss = 0.06244434788823128
Epoch 3: loss = 0.06244434788823128
Epoch 4: loss = 0.06244434788823128
Epoch 5: loss = 0.06244434788823128
Epoch 6: loss = 0.06244434788823128
Epoch 7: loss = 0.06244434788823128
Epoch 8: loss = 0.06244434788823128
Epoch 9: loss = 0.06244434788823128
Early stopping at epoch 9 with loss 0.062444474548101425
Reconstruction for fluence = 1.2742749857031335 photons/pixel
Epoch 0: loss = 51251.7421875
Epoch 1: loss = 23609.6328125
Epoch 2: loss = 23609.62890625
Epoch 3: loss = 23609.62890625
Epoch 4: loss = 23609.62890625
Epoch 5: loss = 23609.626953125
Epoch 6: loss = 23609.626953125
Epoch 7: loss = 23609.625
Epoch 8: loss = 23609.626953125
Epoch 9: loss = 23609.625
Epoch 10: loss = 23609.626953125
Epoch 11: loss = 23609.626953125
Epoch 12: loss = 23609.626953125
Epoch 13: loss = 23609.626953125
Epoch 14: loss = 23609.626953125
Epoch 0: loss = 0.1056663915514946
Epoch 1: loss = 0.0900886058807373
Epoch 2: loss = 0.09008203446865082
Epoch 3: loss = 0.09008167684078217
Epoch 4: loss = 0.09008167684078217
Epoch 5: loss = 0.09008167684078217
Epoch 6: loss = 0.09008167684078217
Epoch 7: loss = 0.09008167684078217
Epoch 8: loss = 0.09008167684078217
Epoch 9: loss = 0.09008167684078217
Early stopping at epoch 9 with loss 0.0900886058807373
Reconstruction for fluence = 2.976351441631318 photons/pixel
Epoch 0: loss = 77694.765625
Epoch 1: loss = 32174.12109375
Epoch 2: loss = 32174.1171875
Epoch 3: loss = 32174.1171875
Epoch 4: loss = 32174.1171875
Epoch 5: loss = 32174.1171875
Epoch 6: loss = 32174.11328125
Epoch 7: loss = 32174.11328125
Epoch 8: loss = 32174.11328125
Epoch 9: loss = 32174.11328125
Epoch 10: loss = 32174.11328125
Epoch 11: loss = 32174.11328125
Epoch 12: loss = 32174.11328125
Epoch 13: loss = 32174.11328125
Epoch 14: loss = 32174.11328125
Early stopping at epoch 14 with loss 32174.11328125
Epoch 0: loss = 0.09231109172105789
Epoch 1: loss = 0.0790003091096878
Epoch 2: loss = 0.07899507880210876
Epoch 3: loss = 0.07899166643619537
Epoch 4: loss = 0.07899077981710434
Epoch 5: loss = 0.07899077981710434
Epoch 6: loss = 0.07899077981710434
Epoch 7: loss = 0.07899077981710434
Epoch 8: loss = 0.07899077981710434
Epoch 9: loss = 0.07899077981710434
Early stopping at epoch 9 with loss 0.0790003091096878
Reconstruction for fluence = 6.9519279617756045 photons/pixel
Epoch 0: loss = 122686.9140625
Epoch 1: loss = 38104.890625
Epoch 2: loss = 38104.8828125
Epoch 3: loss = 38104.875
Epoch 4: loss = 38104.875
Epoch 5: loss = 38104.875
Epoch 6: loss = 38104.875
Epoch 7: loss = 38104.875
Epoch 8: loss = 38104.875
Epoch 9: loss = 38104.875
Epoch 10: loss = 38104.875
Epoch 11: loss = 38104.875
Early stopping at epoch 11 with loss 38104.875
Epoch 0: loss = -0.11461099982261658
Epoch 1: loss = -0.1285555362701416
Epoch 2: loss = -0.1285659372806549
Epoch 3: loss = -0.1285683661699295
Epoch 4: loss = -0.12857039272785187
Epoch 5: loss = -0.1285705417394638
Epoch 6: loss = -0.1285705417394638
Epoch 7: loss = -0.1285705417394638
Epoch 8: loss = -0.1285705417394638
Epoch 9: loss = -0.1285705417394638
Early stopping at epoch 9 with loss -0.1285555362701416
Reconstruction for fluence = 16.23776739188721 photons/pixel
Epoch 0: loss = 223343.75
Epoch 1: loss = 45187.703125
Epoch 2: loss = 45187.703125
Epoch 3: loss = 45187.703125
Epoch 4: loss = 45187.6953125
Epoch 5: loss = 45187.69921875
Epoch 6: loss = 45187.69921875
Epoch 7: loss = 45187.6953125
Epoch 8: loss = 45187.6953125
Epoch 9: loss = 45187.6953125
Epoch 10: loss = 45187.6953125
Epoch 11: loss = 45187.6953125
Epoch 12: loss = 45187.6953125
Early stopping at epoch 12 with loss 45187.6953125
Epoch 0: loss = -1.0080255270004272
Epoch 1: loss = -1.0268129110336304
Epoch 2: loss = -1.0268139839172363
Epoch 3: loss = -1.0268148183822632
Epoch 4: loss = -1.0268158912658691
Epoch 5: loss = -1.0268162488937378
Epoch 6: loss = -1.0268166065216064
Epoch 7: loss = -1.0268166065216064
Epoch 8: loss = -1.0268168449401855
Epoch 9: loss = -1.0268182754516602
Early stopping at epoch 9 with loss -1.0268129110336304
Reconstruction for fluence = 37.926901907322495 photons/pixel
Epoch 0: loss = 464388.9375
Epoch 1: loss = 58090.37109375
Epoch 2: loss = 58090.37109375
Epoch 3: loss = 58090.37109375
Epoch 4: loss = 58090.3671875
Epoch 5: loss = 58090.3671875
Epoch 6: loss = 58090.3671875
Epoch 7: loss = 58090.3671875
Epoch 8: loss = 58090.3671875
Epoch 9: loss = 58090.37109375
Epoch 10: loss = 58090.3671875
Epoch 11: loss = 58090.3671875
Epoch 12: loss = 58090.3671875
Early stopping at epoch 12 with loss 58090.3671875
Epoch 0: loss = -4.068480491638184
Epoch 1: loss = -4.095682621002197
Epoch 2: loss = -4.095686435699463
Epoch 3: loss = -4.095688819885254
Epoch 4: loss = -4.095693588256836
Epoch 5: loss = -4.095696449279785
Epoch 6: loss = -4.095696449279785
Epoch 7: loss = -4.095696449279785
Epoch 8: loss = -4.095696449279785
Epoch 9: loss = -4.095697402954102
Early stopping at epoch 9 with loss -4.095682621002197
Reconstruction for fluence = 88.58667904100822 photons/pixel
Epoch 0: loss = 1024988.25
Epoch 1: loss = 77047.046875
Epoch 2: loss = 77047.0390625
Epoch 3: loss = 77047.0390625
Epoch 4: loss = 77047.0390625
Epoch 5: loss = 77047.0390625
Epoch 6: loss = 77047.0390625
Epoch 7: loss = 77047.0390625
Epoch 8: loss = 77047.0390625
Epoch 9: loss = 77047.0390625
Epoch 10: loss = 77047.046875
Early stopping at epoch 10 with loss 77047.0390625
Epoch 0: loss = -13.546719551086426
Epoch 1: loss = -13.583150863647461
Epoch 2: loss = -13.583150863647461
Epoch 3: loss = -13.583152770996094
Epoch 4: loss = -13.583152770996094
Epoch 5: loss = -13.583152770996094
Epoch 6: loss = -13.583152770996094
Epoch 7: loss = -13.583152770996094
Epoch 8: loss = -13.583152770996094
Epoch 9: loss = -13.58315372467041
Early stopping at epoch 9 with loss -13.583150863647461
Reconstruction for fluence = 206.9138081114788 photons/pixel
Epoch 0: loss = 2341927.0
Epoch 1: loss = 103198.921875
Epoch 2: loss = 103198.921875
Epoch 3: loss = 103198.921875
Epoch 4: loss = 103198.921875
Epoch 5: loss = 103198.921875
Epoch 6: loss = 103198.921875
Epoch 7: loss = 103198.921875
Epoch 8: loss = 103198.921875
Epoch 9: loss = 103198.921875
Early stopping at epoch 9 with loss 103198.921875
Epoch 0: loss = -41.041709899902344
Epoch 1: loss = -41.08492660522461
Epoch 2: loss = -41.08493423461914
Epoch 3: loss = -41.08493423461914
Epoch 4: loss = -41.08493423461914
Epoch 5: loss = -41.08493423461914
Epoch 6: loss = -41.08493423461914
Epoch 7: loss = -41.08493423461914
Epoch 8: loss = -41.08493423461914
Epoch 9: loss = -41.08493423461914
Early stopping at epoch 9 with loss -41.08492660522461
Reconstruction for fluence = 483.2930238571752 photons/pixel
Epoch 0: loss = 5424426.0
Epoch 1: loss = 133960.359375
Epoch 2: loss = 133960.359375
Epoch 3: loss = 133960.359375
Epoch 4: loss = 133960.359375
Epoch 5: loss = 133960.359375
Epoch 6: loss = 133960.359375
Epoch 7: loss = 133960.359375
Epoch 8: loss = 133960.359375
Epoch 9: loss = 133960.375
Early stopping at epoch 9 with loss 133960.359375
Epoch 0: loss = -117.64257049560547
Epoch 1: loss = -117.68729400634766
Epoch 2: loss = -117.68729400634766
Epoch 3: loss = -117.68729400634766
Epoch 4: loss = -117.68729400634766
Epoch 5: loss = -117.68729400634766
Epoch 6: loss = -117.68729400634766
Epoch 7: loss = -117.68729400634766
Epoch 8: loss = -117.68729400634766
Epoch 9: loss = -117.68729400634766
Early stopping at epoch 9 with loss -117.68729400634766
Reconstruction for fluence = 1128.8378916846884 photons/pixel
Epoch 0: loss = 12622594.0
Epoch 1: loss = 164995.15625
Epoch 2: loss = 164995.15625
Epoch 3: loss = 164995.15625
Epoch 4: loss = 164995.15625
Epoch 5: loss = 164995.15625
Epoch 6: loss = 164995.15625
Epoch 7: loss = 164995.15625
Epoch 8: loss = 164995.15625
Epoch 9: loss = 164995.15625
Early stopping at epoch 9 with loss 164995.15625
Epoch 0: loss = -325.8923034667969
Epoch 1: loss = -325.93145751953125
Epoch 2: loss = -325.93145751953125
Epoch 3: loss = -325.93145751953125
Epoch 4: loss = -325.93145751953125
Epoch 5: loss = -325.93145751953125
Epoch 6: loss = -325.93145751953125
Epoch 7: loss = -325.93145751953125
Epoch 8: loss = -325.93145751953125
Epoch 9: loss = -325.93145751953125
Early stopping at epoch 9 with loss -325.93145751953125
Reconstruction for fluence = 2636.6508987303555 photons/pixel
Epoch 0: loss = 29440068.0
Epoch 1: loss = 189334.78125
Epoch 2: loss = 189334.78125
Epoch 3: loss = 189334.78125
Epoch 4: loss = 189334.78125
Epoch 5: loss = 189334.78125
Epoch 6: loss = 189334.78125
Epoch 7: loss = 189334.78125
Epoch 8: loss = 189334.78125
Epoch 9: loss = 189334.796875
Early stopping at epoch 9 with loss 189334.78125
Epoch 0: loss = -880.3530883789062
Epoch 1: loss = -880.3812866210938
Epoch 2: loss = -880.3812866210938
Epoch 3: loss = -880.3812866210938
Epoch 4: loss = -880.3812866210938
Epoch 5: loss = -880.3812866210938
Epoch 6: loss = -880.3812866210938
Epoch 7: loss = -880.3812866210938
Epoch 8: loss = -880.3812866210938
Epoch 9: loss = -880.3812866210938
Early stopping at epoch 9 with loss -880.3812866210938
Reconstruction for fluence = 6158.482110660255 photons/pixel
Epoch 0: loss = 68709920.0
Epoch 1: loss = 201141.375
Epoch 2: loss = 201141.375
Epoch 3: loss = 201141.375
Epoch 4: loss = 201141.375
Epoch 5: loss = 201141.375
Epoch 6: loss = 201141.375
Epoch 7: loss = 201141.375
Epoch 8: loss = 201141.375
Epoch 9: loss = 201141.375
Early stopping at epoch 9 with loss 201141.375
Epoch 0: loss = -2334.491455078125
Epoch 1: loss = -2334.508056640625
Epoch 2: loss = -2334.508056640625
Epoch 3: loss = -2334.508056640625
Epoch 4: loss = -2334.508056640625
Epoch 5: loss = -2334.508056640625
Epoch 6: loss = -2334.508056640625
Epoch 7: loss = -2334.508056640625
Epoch 8: loss = -2334.508056640625
Epoch 9: loss = -2334.508056640625
Early stopping at epoch 9 with loss -2334.508056640625
Reconstruction for fluence = 14384.498882876629 photons/pixel
Epoch 0: loss = 160397264.0
Epoch 1: loss = 202248.40625
Epoch 2: loss = 202248.40625
Epoch 3: loss = 202248.40625
Epoch 4: loss = 202248.40625
Epoch 5: loss = 202248.40625
Epoch 6: loss = 202248.40625
Epoch 7: loss = 202248.40625
Epoch 8: loss = 202248.40625
Epoch 9: loss = 202248.40625
Early stopping at epoch 9 with loss 202248.40625
Epoch 0: loss = -6103.0166015625
Epoch 1: loss = -6103.025390625
Epoch 2: loss = -6103.025390625
Epoch 3: loss = -6103.025390625
Epoch 4: loss = -6103.025390625
Epoch 5: loss = -6103.025390625
Epoch 6: loss = -6103.025390625
Epoch 7: loss = -6103.025390625
Epoch 8: loss = -6103.025390625
Epoch 9: loss = -6103.025390625
Early stopping at epoch 9 with loss -6103.025390625
Reconstruction for fluence = 33598.18286283781 photons/pixel
Epoch 0: loss = 374611360.0
Epoch 1: loss = 195280.6875
Epoch 2: loss = 195280.671875
Epoch 3: loss = 195280.65625
Epoch 4: loss = 195280.65625
Epoch 5: loss = 195280.671875
Epoch 6: loss = 195280.671875
Epoch 7: loss = 195280.671875
Epoch 8: loss = 195280.671875
Epoch 9: loss = 195280.671875
Epoch 10: loss = 195280.65625
Epoch 11: loss = 195280.65625
Early stopping at epoch 11 with loss 195280.65625
Epoch 0: loss = -15773.06640625
Epoch 1: loss = -15773.0693359375
Epoch 2: loss = -15773.0693359375
Epoch 3: loss = -15773.0693359375
Epoch 4: loss = -15773.0693359375
Epoch 5: loss = -15773.0693359375
Epoch 6: loss = -15773.0693359375
Epoch 7: loss = -15773.0693359375
Epoch 8: loss = -15773.0693359375
Epoch 9: loss = -15773.0693359375
Early stopping at epoch 9 with loss -15773.0693359375
Reconstruction for fluence = 78475.99703514607 photons/pixel
Epoch 0: loss = 874998912.0
Epoch 1: loss = 186661.328125
Epoch 2: loss = 186661.34375
Epoch 3: loss = 186661.34375
Epoch 4: loss = 186661.34375
Epoch 5: loss = 186661.34375
Epoch 6: loss = 186661.34375
Epoch 7: loss = 186661.328125
Epoch 8: loss = 186661.34375
Epoch 9: loss = 186661.34375
Early stopping at epoch 9 with loss 186661.328125
Epoch 0: loss = -40386.44140625
Epoch 1: loss = -40386.4453125
Epoch 2: loss = -40386.4453125
Epoch 3: loss = -40386.4453125
Epoch 4: loss = -40386.4453125
Epoch 5: loss = -40386.4453125
Epoch 6: loss = -40386.4453125
Epoch 7: loss = -40386.4453125
Epoch 8: loss = -40386.4453125
Epoch 9: loss = -40386.4453125
Early stopping at epoch 9 with loss -40386.4453125
Reconstruction for fluence = 183298.07108324335 photons/pixel
Epoch 0: loss = 2043649280.0
Epoch 1: loss = 179787.890625
Epoch 2: loss = 179787.84375
Epoch 3: loss = 179787.84375
Epoch 4: loss = 179787.84375
Epoch 5: loss = 179787.84375
Epoch 6: loss = 179787.859375
Epoch 7: loss = 179787.84375
Epoch 8: loss = 179787.84375
Epoch 9: loss = 179787.84375
Epoch 10: loss = 179787.84375
Early stopping at epoch 10 with loss 179787.84375
Epoch 0: loss = -102610.6640625
Epoch 1: loss = -102610.6796875
Epoch 2: loss = -102610.6796875
Epoch 3: loss = -102610.6796875
Epoch 4: loss = -102610.6796875
Epoch 5: loss = -102610.6796875
Epoch 6: loss = -102610.6796875
Epoch 7: loss = -102610.6796875
Epoch 8: loss = -102610.6796875
Epoch 9: loss = -102610.6796875
Early stopping at epoch 9 with loss -102610.6796875
Reconstruction for fluence = 428133.2398719387 photons/pixel
Epoch 0: loss = 4773468672.0
Epoch 1: loss = 176276.484375
Epoch 2: loss = 176276.4375
Epoch 3: loss = 176276.46875
Epoch 4: loss = 176276.46875
Epoch 5: loss = 176276.453125
Epoch 6: loss = 176276.46875
Epoch 7: loss = 176276.453125
Epoch 8: loss = 176276.453125
Epoch 9: loss = 176276.453125
Epoch 10: loss = 176276.46875
Early stopping at epoch 10 with loss 176276.4375
Epoch 0: loss = -259011.015625
Epoch 1: loss = -259011.015625
Epoch 2: loss = -259011.015625
Epoch 3: loss = -259011.015625
Epoch 4: loss = -259011.015625
Epoch 5: loss = -259011.015625
Epoch 6: loss = -259011.015625
Epoch 7: loss = -259011.015625
Epoch 8: loss = -259011.015625
Early stopping at epoch 8 with loss -259011.015625
Reconstruction for fluence = 1000000.0 photons/pixel
Epoch 0: loss = 11149349888.0
Epoch 1: loss = 173074.96875
Epoch 2: loss = 173074.890625
Epoch 3: loss = 173074.875
Epoch 4: loss = 173074.875
Epoch 5: loss = 173074.90625
Epoch 6: loss = 173074.90625
Epoch 7: loss = 173074.90625
Epoch 8: loss = 173074.90625
Epoch 9: loss = 173074.90625
Epoch 10: loss = 173074.890625
Epoch 11: loss = 173074.90625
Early stopping at epoch 11 with loss 173074.875
Epoch 0: loss = -650158.6875
Epoch 1: loss = -650158.6875
Epoch 2: loss = -650158.6875
Epoch 3: loss = -650158.6875
Epoch 4: loss = -650158.6875
Epoch 5: loss = -650158.6875
Epoch 6: loss = -650158.6875
Epoch 7: loss = -650158.6875
Epoch 8: loss = -650158.6875
Early stopping at epoch 8 with loss -650158.6875
Simulation for steps_size=5 and n_fluences=20 completed!
