Running simulation for principal_mode_weight=3 and n_fluences=20
Weights: [80 20  0]
Tensors initialization on device cuda
Multiprobe = grad

('MSE', None) RECONSTRUCTIONS

Reconstruction for fluence = 0.09999999999999999 photons/pixel
Epoch 0: loss = 10653.7626953125
Epoch 1: loss = 3649.22021484375
Epoch 2: loss = 3649.21337890625
Epoch 3: loss = 3649.212890625
Epoch 4: loss = 3649.212890625
Epoch 5: loss = 3649.212890625
Epoch 6: loss = 3649.212890625
Epoch 7: loss = 3649.212890625
Epoch 8: loss = 3649.212890625
Early stopping at epoch 8 with loss 3649.212890625
Reconstruction for fluence = 0.23357214690901223 photons/pixel
Epoch 0: loss = 24394.791015625
Epoch 1: loss = 8536.01953125
Epoch 2: loss = 8536.0185546875
Epoch 3: loss = 8536.017578125
Epoch 4: loss = 8536.017578125
Epoch 5: loss = 8536.017578125
Epoch 6: loss = 8536.017578125
Epoch 7: loss = 8536.017578125
Epoch 8: loss = 8536.017578125
Early stopping at epoch 8 with loss 8536.017578125
Reconstruction for fluence = 0.5455594781168519 photons/pixel
Epoch 0: loss = 55162.37109375
Epoch 1: loss = 19850.52734375
Epoch 2: loss = 19850.5234375
Epoch 3: loss = 19850.51953125
Epoch 4: loss = 19850.515625
Epoch 5: loss = 19850.515625
Epoch 6: loss = 19850.51171875
Epoch 7: loss = 19850.51171875
Epoch 8: loss = 19850.51171875
Epoch 9: loss = 19850.51171875
Epoch 10: loss = 19850.51171875
Epoch 11: loss = 19850.51171875
Early stopping at epoch 11 with loss 19850.51171875
Reconstruction for fluence = 1.2742749857031335 photons/pixel
Epoch 0: loss = 122362.4375
Epoch 1: loss = 45804.73046875
Epoch 2: loss = 45804.578125
Epoch 3: loss = 45804.5703125
Epoch 4: loss = 45804.56640625
Epoch 5: loss = 45804.56640625
Epoch 6: loss = 45804.5625
Epoch 7: loss = 45804.5625
Epoch 8: loss = 45804.5625
Epoch 9: loss = 45804.5625
Epoch 10: loss = 45804.55859375
Epoch 11: loss = 45804.55859375
Epoch 12: loss = 45804.55859375
Epoch 13: loss = 45804.55859375
Epoch 14: loss = 45804.55859375
Epoch 15: loss = 45804.55859375
Early stopping at epoch 15 with loss 45804.55859375
Reconstruction for fluence = 2.976351441631318 photons/pixel
Epoch 0: loss = 263025.59375
Epoch 1: loss = 103850.0859375
Epoch 2: loss = 103849.75
Epoch 3: loss = 103849.75
Epoch 4: loss = 103849.75
Epoch 5: loss = 103849.75
Epoch 6: loss = 103849.75
Epoch 7: loss = 103849.75
Early stopping at epoch 7 with loss 103849.75
Reconstruction for fluence = 6.9519279617756045 photons/pixel
Epoch 0: loss = 536622.75
Epoch 1: loss = 225661.09375
Epoch 2: loss = 225659.59375
Epoch 3: loss = 225659.578125
Epoch 4: loss = 225659.5625
Epoch 5: loss = 225659.5625
Epoch 6: loss = 225659.5625
Epoch 7: loss = 225659.546875
Epoch 8: loss = 225659.546875
Epoch 9: loss = 225659.546875
Epoch 10: loss = 225659.546875
Epoch 11: loss = 225659.546875
Epoch 12: loss = 225659.546875
Early stopping at epoch 12 with loss 225659.546875
Reconstruction for fluence = 16.23776739188721 photons/pixel
Epoch 0: loss = 1005700.5
Epoch 1: loss = 449107.09375
Epoch 2: loss = 449102.90625
Epoch 3: loss = 449102.84375
Epoch 4: loss = 449102.84375
Epoch 5: loss = 449102.8125
Epoch 6: loss = 449102.8125
Epoch 7: loss = 449102.8125
Epoch 8: loss = 449102.8125
Epoch 9: loss = 449102.8125
Epoch 10: loss = 449102.8125
Early stopping at epoch 10 with loss 449102.8125
Reconstruction for fluence = 37.926901907322495 photons/pixel
Epoch 0: loss = 1653528.25
Epoch 1: loss = 752295.25
Epoch 2: loss = 752281.875
Epoch 3: loss = 752281.75
Epoch 4: loss = 752281.6875
Epoch 5: loss = 752281.6875
Epoch 6: loss = 752281.6875
Epoch 7: loss = 752281.6875
Epoch 8: loss = 752281.6875
Epoch 9: loss = 752281.6875
Early stopping at epoch 9 with loss 752281.6875
Reconstruction for fluence = 88.58667904100822 photons/pixel
Epoch 0: loss = 2372316.25
Epoch 1: loss = 962378.1875
Epoch 2: loss = 962341.375
Epoch 3: loss = 962341.25
Epoch 4: loss = 962341.25
Epoch 5: loss = 962341.25
Epoch 6: loss = 962341.125
Epoch 7: loss = 962341.125
Epoch 8: loss = 962341.125
Epoch 9: loss = 962341.125
Epoch 10: loss = 962341.125
Epoch 11: loss = 962341.125
Early stopping at epoch 11 with loss 962341.125
Reconstruction for fluence = 206.9138081114788 photons/pixel
Epoch 0: loss = 3463496.5
Epoch 1: loss = 995296.0
Epoch 2: loss = 995256.0
Epoch 3: loss = 995256.0
Epoch 4: loss = 995255.9375
Epoch 5: loss = 995255.875
Epoch 6: loss = 995255.875
Epoch 7: loss = 995255.8125
Epoch 8: loss = 995255.8125
Epoch 9: loss = 995255.75
Epoch 10: loss = 995255.75
Epoch 11: loss = 995255.75
Epoch 12: loss = 995255.75
Epoch 13: loss = 995255.75
Epoch 14: loss = 995255.75
Early stopping at epoch 14 with loss 995255.75
Reconstruction for fluence = 483.2930238571752 photons/pixel
Epoch 0: loss = 6299776.0
Epoch 1: loss = 1128617.375
Epoch 2: loss = 1128547.5
Epoch 3: loss = 1128547.25
Epoch 4: loss = 1128547.0
Epoch 5: loss = 1128547.0
Epoch 6: loss = 1128547.0
Epoch 7: loss = 1128547.0
Epoch 8: loss = 1128547.0
Epoch 9: loss = 1128546.75
Epoch 10: loss = 1128546.75
Epoch 11: loss = 1128546.75
Epoch 12: loss = 1128546.75
Epoch 13: loss = 1128546.75
Epoch 14: loss = 1128546.75
Early stopping at epoch 14 with loss 1128546.75
Reconstruction for fluence = 1128.8378916846884 photons/pixel
Epoch 0: loss = 13365727.0
Epoch 1: loss = 1480976.375
Epoch 2: loss = 1480778.0
Epoch 3: loss = 1480777.25
Epoch 4: loss = 1480777.0
Epoch 5: loss = 1480776.75
Epoch 6: loss = 1480776.75
Epoch 7: loss = 1480776.625
Epoch 8: loss = 1480776.625
Epoch 9: loss = 1480776.625
Epoch 10: loss = 1480776.625
Epoch 11: loss = 1480776.5
Epoch 12: loss = 1480776.5
Epoch 13: loss = 1480776.5
Epoch 14: loss = 1480776.5
Epoch 15: loss = 1480776.5
Epoch 16: loss = 1480776.5
Early stopping at epoch 16 with loss 1480776.5
Reconstruction for fluence = 2636.6508987303555 photons/pixel
Epoch 0: loss = 30019528.0
Epoch 1: loss = 2008095.375
Epoch 2: loss = 2007238.75
Epoch 3: loss = 2007237.75
Epoch 4: loss = 2007237.5
Epoch 5: loss = 2007237.5
Epoch 6: loss = 2007237.25
Epoch 7: loss = 2007237.25
Epoch 8: loss = 2007237.25
Epoch 9: loss = 2007237.25
Epoch 10: loss = 2007237.125
Epoch 11: loss = 2007237.125
Epoch 12: loss = 2007237.125
Epoch 13: loss = 2007237.125
Epoch 14: loss = 2007237.125
Epoch 15: loss = 2007237.125
Early stopping at epoch 15 with loss 2007237.125
Reconstruction for fluence = 6158.482110660255 photons/pixel
Epoch 0: loss = 68944056.0
Epoch 1: loss = 2685707.25
Epoch 2: loss = 2682238.5
Epoch 3: loss = 2682213.0
Epoch 4: loss = 2682213.0
Epoch 5: loss = 2682212.5
Epoch 6: loss = 2682212.5
Epoch 7: loss = 2682212.5
Epoch 8: loss = 2682212.5
Epoch 9: loss = 2682212.5
Epoch 10: loss = 2682212.5
Early stopping at epoch 10 with loss 2682212.5
Reconstruction for fluence = 14384.498882876629 photons/pixel
Epoch 0: loss = 159812112.0
Epoch 1: loss = 3463106.0
Epoch 2: loss = 3455812.0
Epoch 3: loss = 3455753.0
Epoch 4: loss = 3455753.0
Epoch 5: loss = 3455752.5
Epoch 6: loss = 3455752.5
Epoch 7: loss = 3455752.5
Epoch 8: loss = 3455752.5
Epoch 9: loss = 3455752.5
Epoch 10: loss = 3455752.5
Early stopping at epoch 10 with loss 3455752.5
Reconstruction for fluence = 33598.18286283781 photons/pixel
Epoch 0: loss = 371981952.0
Epoch 1: loss = 4207486.0
Epoch 2: loss = 4190972.75
Epoch 3: loss = 4190830.0
Epoch 4: loss = 4190830.0
Epoch 5: loss = 4190829.5
Epoch 6: loss = 4190829.5
Epoch 7: loss = 4190829.5
Epoch 8: loss = 4190829.5
Epoch 9: loss = 4190829.25
Epoch 10: loss = 4190829.25
Epoch 11: loss = 4190829.25
Epoch 12: loss = 4190829.25
Epoch 13: loss = 4190829.25
Epoch 14: loss = 4190829.0
Epoch 15: loss = 4190829.0
Epoch 16: loss = 4190829.0
Epoch 17: loss = 4190829.0
Epoch 18: loss = 4190829.0
Epoch 19: loss = 4190829.0
Early stopping at epoch 19 with loss 4190829.0
Reconstruction for fluence = 78475.99703514607 photons/pixel
Epoch 0: loss = 867498048.0
Epoch 1: loss = 4760516.0
Epoch 2: loss = 4724462.0
Epoch 3: loss = 4724457.0
Epoch 4: loss = 4724455.0
Epoch 5: loss = 4724455.0
Epoch 6: loss = 4724455.0
Epoch 7: loss = 4724455.0
Epoch 8: loss = 4724454.5
Epoch 9: loss = 4724454.5
Epoch 10: loss = 4724454.5
Epoch 11: loss = 4724454.5
Epoch 12: loss = 4724454.5
Epoch 13: loss = 4724454.5
Early stopping at epoch 13 with loss 4724454.5
Reconstruction for fluence = 183298.07108324335 photons/pixel
Epoch 0: loss = 2024690304.0
Epoch 1: loss = 5047865.0
Epoch 2: loss = 4965462.0
Epoch 3: loss = 4965306.0
Epoch 4: loss = 4965305.0
Epoch 5: loss = 4965305.0
Epoch 6: loss = 4965305.0
Epoch 7: loss = 4965304.5
Epoch 8: loss = 4965304.5
Epoch 9: loss = 4965304.5
Epoch 10: loss = 4965304.5
Epoch 11: loss = 4965304.5
Epoch 12: loss = 4965304.5
Early stopping at epoch 12 with loss 4965304.5
Reconstruction for fluence = 428133.2398719387 photons/pixel
Epoch 0: loss = 4728134656.0
Epoch 1: loss = 5105235.0
Epoch 2: loss = 4933743.0
Epoch 3: loss = 4933715.0
Epoch 4: loss = 4933714.0
Epoch 5: loss = 4933714.0
Epoch 6: loss = 4933714.0
Epoch 7: loss = 4933713.0
Epoch 8: loss = 4933713.0
Epoch 9: loss = 4933713.0
Epoch 10: loss = 4933713.0
Epoch 11: loss = 4933713.0
Epoch 12: loss = 4933713.0
Early stopping at epoch 12 with loss 4933713.0
Reconstruction for fluence = 1000000.0 photons/pixel
Epoch 0: loss = 11042437120.0
Epoch 1: loss = 5117938.5
Epoch 2: loss = 4754038.0
Epoch 3: loss = 4753912.0
Epoch 4: loss = 4753912.0
Epoch 5: loss = 4753911.0
Epoch 6: loss = 4753911.0
Epoch 7: loss = 4753910.5
Epoch 8: loss = 4753910.5
Epoch 9: loss = 4753910.5
Epoch 10: loss = 4753910.5
Epoch 11: loss = 4753910.5
Epoch 12: loss = 4753910.5
Early stopping at epoch 12 with loss 4753910.5
Tensors initialization on device cuda
Multiprobe = grad

('MSE', 'PoissonNLL') RECONSTRUCTIONS

Reconstruction for fluence = 0.09999999999999999 photons/pixel
Epoch 0: loss = 10705.419921875
Epoch 1: loss = 3706.77587890625
Epoch 2: loss = 3706.7744140625
Epoch 3: loss = 3706.7744140625
Epoch 4: loss = 3706.77392578125
Epoch 5: loss = 3706.77392578125
Epoch 6: loss = 3706.77392578125
Epoch 7: loss = 3706.77392578125
Epoch 8: loss = 3706.77392578125
Epoch 9: loss = 3706.773681640625
Epoch 10: loss = 3706.773681640625
Epoch 11: loss = 3706.773681640625
Epoch 12: loss = 3706.773681640625
Epoch 13: loss = 3706.773681640625
Epoch 14: loss = 3706.773681640625
Early stopping at epoch 14 with loss 3706.773681640625
Epoch 0: loss = 0.002743128687143326
Epoch 1: loss = 0.0016050719423219562
Epoch 2: loss = 0.0016050719423219562
Epoch 3: loss = 0.0016050719423219562
Epoch 4: loss = 0.0016050719423219562
Epoch 5: loss = 0.0016050719423219562
Epoch 6: loss = 0.0016050719423219562
Early stopping at epoch 6 with loss 0.0016050719423219562
Reconstruction for fluence = 0.23357214690901223 photons/pixel
Epoch 0: loss = 24480.884765625
Epoch 1: loss = 8637.08984375
Epoch 2: loss = 8637.0830078125
Epoch 3: loss = 8637.08203125
Epoch 4: loss = 8637.08203125
Epoch 5: loss = 8637.0810546875
Epoch 6: loss = 8637.080078125
Epoch 7: loss = 8637.080078125
Epoch 8: loss = 8637.080078125
Epoch 9: loss = 8637.080078125
Epoch 10: loss = 8637.080078125
Epoch 11: loss = 8637.080078125
Early stopping at epoch 11 with loss 8637.080078125
Epoch 0: loss = 0.005629830993711948
Epoch 1: loss = 0.0033620826434344053
Epoch 2: loss = 0.0033507971093058586
Epoch 3: loss = 0.0033507971093058586
Epoch 4: loss = 0.0033507971093058586
Epoch 5: loss = 0.0033507971093058586
Epoch 6: loss = 0.0033507971093058586
Early stopping at epoch 6 with loss 0.0033620826434344053
Reconstruction for fluence = 0.5455594781168519 photons/pixel
Epoch 0: loss = 55117.71875
Epoch 1: loss = 19792.314453125
Epoch 2: loss = 19792.29296875
Epoch 3: loss = 19792.2890625
Epoch 4: loss = 19792.287109375
Epoch 5: loss = 19792.287109375
Epoch 6: loss = 19792.287109375
Epoch 7: loss = 19792.287109375
Epoch 8: loss = 19792.287109375
Epoch 9: loss = 19792.287109375
Early stopping at epoch 9 with loss 19792.287109375
Epoch 0: loss = 0.01110420934855938
Epoch 1: loss = 0.006776771508157253
Epoch 2: loss = 0.006772078573703766
Epoch 3: loss = 0.006772078573703766
Epoch 4: loss = 0.006772078573703766
Epoch 5: loss = 0.006772078573703766
Epoch 6: loss = 0.006772078573703766
Early stopping at epoch 6 with loss 0.006776771508157253
Reconstruction for fluence = 1.2742749857031335 photons/pixel
Epoch 0: loss = 122520.9453125
Epoch 1: loss = 46044.94140625
Epoch 2: loss = 46044.8203125
Epoch 3: loss = 46044.8125
Epoch 4: loss = 46044.8125
Epoch 5: loss = 46044.8125
Epoch 6: loss = 46044.8125
Epoch 7: loss = 46044.80859375
Epoch 8: loss = 46044.80859375
Epoch 9: loss = 46044.80859375
Epoch 10: loss = 46044.80859375
Epoch 11: loss = 46044.80859375
Epoch 12: loss = 46044.80859375
Early stopping at epoch 12 with loss 46044.80859375
Epoch 0: loss = 0.021538136526942253
Epoch 1: loss = 0.013630695641040802
Epoch 2: loss = 0.013627077452838421
Epoch 3: loss = 0.013627077452838421
Epoch 4: loss = 0.013627077452838421
Epoch 5: loss = 0.013627077452838421
Epoch 6: loss = 0.013627077452838421
Early stopping at epoch 6 with loss 0.013630695641040802
Reconstruction for fluence = 2.976351441631318 photons/pixel
Epoch 0: loss = 262936.3125
Epoch 1: loss = 103517.5703125
Epoch 2: loss = 103517.375
Epoch 3: loss = 103517.375
Epoch 4: loss = 103517.359375
Epoch 5: loss = 103517.359375
Epoch 6: loss = 103517.359375
Epoch 7: loss = 103517.359375
Epoch 8: loss = 103517.359375
Epoch 9: loss = 103517.359375
Early stopping at epoch 9 with loss 103517.359375
Epoch 0: loss = 0.03947986289858818
Epoch 1: loss = 0.026230691000819206
Epoch 2: loss = 0.02622963860630989
Epoch 3: loss = 0.02622963860630989
Epoch 4: loss = 0.02622963860630989
Epoch 5: loss = 0.02622963860630989
Epoch 6: loss = 0.02622963860630989
Early stopping at epoch 6 with loss 0.026230691000819206
Reconstruction for fluence = 6.9519279617756045 photons/pixel
Epoch 0: loss = 536737.5
Epoch 1: loss = 225236.5625
Epoch 2: loss = 225235.6875
Epoch 3: loss = 225235.65625
Epoch 4: loss = 225235.65625
Epoch 5: loss = 225235.65625
Epoch 6: loss = 225235.65625
Epoch 7: loss = 225235.65625
Epoch 8: loss = 225235.65625
Early stopping at epoch 8 with loss 225235.65625
Epoch 0: loss = 0.06820881366729736
Epoch 1: loss = 0.048505038022994995
Epoch 2: loss = 0.048450857400894165
Epoch 3: loss = 0.048440176993608475
Epoch 4: loss = 0.04843905195593834
Epoch 5: loss = 0.04843905195593834
Epoch 6: loss = 0.04843905195593834
Early stopping at epoch 6 with loss 0.048505038022994995
Reconstruction for fluence = 16.23776739188721 photons/pixel
Epoch 0: loss = 1004977.375
Epoch 1: loss = 449184.9375
Epoch 2: loss = 449183.0
Epoch 3: loss = 449182.9375
Epoch 4: loss = 449182.9375
Epoch 5: loss = 449182.875
Epoch 6: loss = 449182.875
Epoch 7: loss = 449182.875
Epoch 8: loss = 449182.875
Epoch 9: loss = 449182.875
Epoch 10: loss = 449182.875
Early stopping at epoch 10 with loss 449182.875
Epoch 0: loss = 0.10763958096504211
Epoch 1: loss = 0.08323071897029877
Epoch 2: loss = 0.08322548121213913
Epoch 3: loss = 0.08322541415691376
Epoch 4: loss = 0.08322541415691376
Epoch 5: loss = 0.08322541415691376
Epoch 6: loss = 0.08322541415691376
Early stopping at epoch 6 with loss 0.08323071897029877
Reconstruction for fluence = 37.926901907322495 photons/pixel
Epoch 0: loss = 1654875.0
Epoch 1: loss = 752201.875
Epoch 2: loss = 752187.4375
Epoch 3: loss = 752187.375
Epoch 4: loss = 752187.25
Epoch 5: loss = 752187.25
Epoch 6: loss = 752187.25
Epoch 7: loss = 752187.25
Epoch 8: loss = 752187.25
Epoch 9: loss = 752187.25
Early stopping at epoch 9 with loss 752187.25
Epoch 0: loss = 0.14669224619865417
Epoch 1: loss = 0.12391886860132217
Epoch 2: loss = 0.12391266226768494
Epoch 3: loss = 0.12391214072704315
Epoch 4: loss = 0.12391214072704315
Epoch 5: loss = 0.12391214072704315
Epoch 6: loss = 0.12391214072704315
Early stopping at epoch 6 with loss 0.12391886860132217
Reconstruction for fluence = 88.58667904100822 photons/pixel
Epoch 0: loss = 2370960.5
Epoch 1: loss = 960962.5
Epoch 2: loss = 960947.75
Epoch 3: loss = 960947.625
Epoch 4: loss = 960947.625
Epoch 5: loss = 960947.625
Epoch 6: loss = 960947.5625
Epoch 7: loss = 960947.5625
Epoch 8: loss = 960947.5625
Epoch 9: loss = 960947.5625
Epoch 10: loss = 960947.5625
Epoch 11: loss = 960947.5625
Early stopping at epoch 11 with loss 960947.5625
Epoch 0: loss = 0.14092440903186798
Epoch 1: loss = 0.12434986233711243
Epoch 2: loss = 0.1243458017706871
Epoch 3: loss = 0.12434560060501099
Epoch 4: loss = 0.12434560060501099
Epoch 5: loss = 0.12434560060501099
Epoch 6: loss = 0.12434560060501099
Early stopping at epoch 6 with loss 0.12434986233711243
Reconstruction for fluence = 206.9138081114788 photons/pixel
Epoch 0: loss = 3462145.25
Epoch 1: loss = 996189.75
Epoch 2: loss = 996171.9375
Epoch 3: loss = 996171.8125
Epoch 4: loss = 996171.75
Epoch 5: loss = 996171.75
Epoch 6: loss = 996171.75
Epoch 7: loss = 996171.75
Epoch 8: loss = 996171.75
Epoch 9: loss = 996171.75
Early stopping at epoch 9 with loss 996171.75
Epoch 0: loss = -0.0790303498506546
Epoch 1: loss = -0.09511717408895493
Epoch 2: loss = -0.09511923789978027
Epoch 3: loss = -0.09511923789978027
Epoch 4: loss = -0.09511923789978027
Epoch 5: loss = -0.09511923789978027
Epoch 6: loss = -0.09511923789978027
Early stopping at epoch 6 with loss -0.09511717408895493
Reconstruction for fluence = 483.2930238571752 photons/pixel
Epoch 0: loss = 6301454.0
Epoch 1: loss = 1128349.25
Epoch 2: loss = 1128294.0
Epoch 3: loss = 1128293.75
Epoch 4: loss = 1128293.75
Epoch 5: loss = 1128293.75
Epoch 6: loss = 1128293.625
Epoch 7: loss = 1128293.625
Epoch 8: loss = 1128293.625
Epoch 9: loss = 1128293.625
Epoch 10: loss = 1128293.625
Epoch 11: loss = 1128293.625
Early stopping at epoch 11 with loss 1128293.625
Epoch 0: loss = -1.0984059572219849
Epoch 1: loss = -1.1212481260299683
Epoch 2: loss = -1.1212613582611084
Epoch 3: loss = -1.1212615966796875
Epoch 4: loss = -1.1212618350982666
Epoch 5: loss = -1.1212620735168457
Epoch 6: loss = -1.1212620735168457
Early stopping at epoch 6 with loss -1.1212481260299683
Reconstruction for fluence = 1128.8378916846884 photons/pixel
Epoch 0: loss = 13363596.0
Epoch 1: loss = 1482049.875
Epoch 2: loss = 1481849.0
Epoch 3: loss = 1481847.75
Epoch 4: loss = 1481847.75
Epoch 5: loss = 1481847.625
Epoch 6: loss = 1481847.625
Epoch 7: loss = 1481847.625
Epoch 8: loss = 1481847.625
Epoch 9: loss = 1481847.625
Epoch 10: loss = 1481847.625
Early stopping at epoch 10 with loss 1481847.625
Epoch 0: loss = -4.69344425201416
Epoch 1: loss = -4.725407600402832
Epoch 2: loss = -4.725414276123047
Epoch 3: loss = -4.725414276123047
Epoch 4: loss = -4.725414276123047
Epoch 5: loss = -4.725414276123047
Epoch 6: loss = -4.725414276123047
Early stopping at epoch 6 with loss -4.725407600402832
Reconstruction for fluence = 2636.6508987303555 photons/pixel
Epoch 0: loss = 30027460.0
Epoch 1: loss = 2007624.0
Epoch 2: loss = 2006757.25
Epoch 3: loss = 2006756.875
Epoch 4: loss = 2006756.75
Epoch 5: loss = 2006756.75
Epoch 6: loss = 2006756.75
Epoch 7: loss = 2006756.625
Epoch 8: loss = 2006756.625
Epoch 9: loss = 2006756.625
Epoch 10: loss = 2006756.5
Epoch 11: loss = 2006756.5
Epoch 12: loss = 2006756.5
Epoch 13: loss = 2006756.5
Epoch 14: loss = 2006756.5
Epoch 0: loss = -15.908208847045898
Epoch 1: loss = -15.948932647705078
Epoch 2: loss = -15.948932647705078
Epoch 3: loss = -15.948934555053711
Epoch 4: loss = -15.948934555053711
Epoch 5: loss = -15.948934555053711
Epoch 6: loss = -15.948934555053711
Early stopping at epoch 6 with loss -15.948932647705078
Reconstruction for fluence = 6158.482110660255 photons/pixel
Epoch 0: loss = 68962424.0
Epoch 1: loss = 2694619.25
Epoch 2: loss = 2684081.0
Epoch 3: loss = 2684016.0
Epoch 4: loss = 2684015.5
Epoch 5: loss = 2684015.5
Epoch 6: loss = 2684015.5
Epoch 7: loss = 2684015.5
Epoch 8: loss = 2684015.5
Epoch 9: loss = 2684015.5
Early stopping at epoch 9 with loss 2684015.5
Epoch 0: loss = -48.68120574951172
Epoch 1: loss = -48.72804260253906
Epoch 2: loss = -48.72804641723633
Epoch 3: loss = -48.728050231933594
Epoch 4: loss = -48.728050231933594
Epoch 5: loss = -48.72805404663086
Epoch 6: loss = -48.72805404663086
Early stopping at epoch 6 with loss -48.72804260253906
Reconstruction for fluence = 14384.498882876629 photons/pixel
Epoch 0: loss = 159815008.0
Epoch 1: loss = 3464983.0
Epoch 2: loss = 3455545.0
Epoch 3: loss = 3455473.5
Epoch 4: loss = 3455473.0
Epoch 5: loss = 3455473.0
Epoch 6: loss = 3455472.5
Epoch 7: loss = 3455472.5
Epoch 8: loss = 3455472.5
Epoch 9: loss = 3455472.5
Epoch 10: loss = 3455472.5
Epoch 11: loss = 3455472.5
Early stopping at epoch 11 with loss 3455472.5
Epoch 0: loss = -140.5900115966797
Epoch 1: loss = -140.63690185546875
Epoch 2: loss = -140.63693237304688
Epoch 3: loss = -140.63693237304688
Epoch 4: loss = -140.63693237304688
Epoch 5: loss = -140.63693237304688
Epoch 6: loss = -140.63693237304688
Early stopping at epoch 6 with loss -140.63690185546875
Reconstruction for fluence = 33598.18286283781 photons/pixel
Epoch 0: loss = 371993888.0
Epoch 1: loss = 4206092.0
Epoch 2: loss = 4189383.25
Epoch 3: loss = 4189239.25
Epoch 4: loss = 4189239.25
Epoch 5: loss = 4189239.0
Epoch 6: loss = 4189239.0
Epoch 7: loss = 4189238.5
Epoch 8: loss = 4189238.5
Epoch 9: loss = 4189238.5
Epoch 10: loss = 4189238.5
Epoch 11: loss = 4189238.5
Epoch 12: loss = 4189238.5
Early stopping at epoch 12 with loss 4189238.5
Epoch 0: loss = -391.0897216796875
Epoch 1: loss = -391.12945556640625
Epoch 2: loss = -391.1295166015625
Epoch 3: loss = -391.1295166015625
Epoch 4: loss = -391.1295166015625
Epoch 5: loss = -391.1295166015625
Epoch 6: loss = -391.1295166015625
Early stopping at epoch 6 with loss -391.12945556640625
Reconstruction for fluence = 78475.99703514607 photons/pixel
Epoch 0: loss = 867523200.0
Epoch 1: loss = 4758227.0
Epoch 2: loss = 4722064.0
Epoch 3: loss = 4722057.0
Epoch 4: loss = 4722057.0
Epoch 5: loss = 4722056.0
Epoch 6: loss = 4722056.0
Epoch 7: loss = 4722056.0
Epoch 8: loss = 4722056.0
Epoch 9: loss = 4722056.0
Epoch 10: loss = 4722056.0
Early stopping at epoch 10 with loss 4722056.0
Epoch 0: loss = -1059.847412109375
Epoch 1: loss = -1059.87548828125
Epoch 2: loss = -1059.8756103515625
Epoch 3: loss = -1059.8756103515625
Epoch 4: loss = -1059.8756103515625
Epoch 5: loss = -1059.8756103515625
Epoch 6: loss = -1059.8756103515625
Early stopping at epoch 6 with loss -1059.87548828125
Reconstruction for fluence = 183298.07108324335 photons/pixel
Epoch 0: loss = 2024691584.0
Epoch 1: loss = 5047752.0
Epoch 2: loss = 4965238.0
Epoch 3: loss = 4965084.0
Epoch 4: loss = 4965083.0
Epoch 5: loss = 4965083.0
Epoch 6: loss = 4965082.0
Epoch 7: loss = 4965082.0
Epoch 8: loss = 4965082.0
Epoch 9: loss = 4965082.0
Epoch 10: loss = 4965082.0
Epoch 11: loss = 4965082.0
Early stopping at epoch 11 with loss 4965082.0
Epoch 0: loss = -2817.21337890625
Epoch 1: loss = -2817.22998046875
Epoch 2: loss = -2817.22998046875
Epoch 3: loss = -2817.22998046875
Epoch 4: loss = -2817.22998046875
Epoch 5: loss = -2817.22998046875
Epoch 6: loss = -2817.22998046875
Early stopping at epoch 6 with loss -2817.22998046875
Reconstruction for fluence = 428133.2398719387 photons/pixel
Epoch 0: loss = 4728128512.0
Epoch 1: loss = 5124204.5
Epoch 2: loss = 4935501.0
Epoch 3: loss = 4933958.0
Epoch 4: loss = 4933950.0
Epoch 5: loss = 4933949.0
Epoch 6: loss = 4933949.0
Epoch 7: loss = 4933949.0
Epoch 8: loss = 4933949.0
Epoch 9: loss = 4933949.0
Epoch 10: loss = 4933949.0
Early stopping at epoch 10 with loss 4933949.0
Epoch 0: loss = -7378.060546875
Epoch 1: loss = -7378.060546875
Epoch 2: loss = -7378.068359375
Epoch 3: loss = -7378.068359375
Epoch 4: loss = -7378.068359375
Epoch 5: loss = -7378.068359375
Epoch 6: loss = -7378.06884765625
Epoch 7: loss = -7378.06884765625
Epoch 8: loss = -7378.06884765625
Epoch 9: loss = -7378.06884765625
Epoch 10: loss = -7378.06884765625
Epoch 11: loss = -7378.06884765625
Early stopping at epoch 11 with loss -7378.06884765625
Reconstruction for fluence = 1000000.0 photons/pixel
Epoch 0: loss = 11042552832.0
Epoch 1: loss = 5121062.5
Epoch 2: loss = 4757628.5
Epoch 3: loss = 4757526.0
Epoch 4: loss = 4757526.0
Epoch 5: loss = 4757525.0
Epoch 6: loss = 4757525.0
Epoch 7: loss = 4757525.0
Epoch 8: loss = 4757525.0
Epoch 9: loss = 4757525.0
Epoch 10: loss = 4757525.0
Early stopping at epoch 10 with loss 4757525.0
Epoch 0: loss = -19096.66796875
Epoch 1: loss = -19096.66796875
Epoch 2: loss = -19096.66796875
Epoch 3: loss = -19096.66796875
Epoch 4: loss = -19096.669921875
Epoch 5: loss = -19096.671875
Epoch 6: loss = -19096.671875
Epoch 7: loss = -19096.671875
Epoch 8: loss = -19096.671875
Epoch 9: loss = -19096.671875
Epoch 10: loss = -19096.671875
Early stopping at epoch 10 with loss -19096.671875
Simulation for principal_mode_weight=3 and n_fluences=20 completed!
