Running simulation for principal_mode_weight=2 and n_fluences=20
Weights: [90.  5.  5.]
Tensors initialization on device cuda
Multiprobe = grad

('MSE', None) RECONSTRUCTIONS

Reconstruction for fluence = 0.09999999999999999 photons/pixel
Epoch 0: loss = 0.00022113138402346522
Epoch 1: loss = 0.00022113138402346522
Epoch 2: loss = 0.00022113138402346522
Epoch 3: loss = 0.00022113138402346522
Epoch 4: loss = 0.00022113138402346522
Epoch 5: loss = 0.00022113138402346522
Early stopping at epoch 5 with loss 0.00022113138402346522
Reconstruction for fluence = 0.23357214690901223 photons/pixel
Epoch 0: loss = 0.0005121529102325439
Epoch 1: loss = 0.0005121529102325439
Epoch 2: loss = 0.0005121529102325439
Epoch 3: loss = 0.0005121529102325439
Epoch 4: loss = 0.0005121529102325439
Epoch 5: loss = 0.0005121529102325439
Early stopping at epoch 5 with loss 0.0005121529102325439
Reconstruction for fluence = 0.5455594781168519 photons/pixel
Epoch 0: loss = 0.0012126932851970196
Epoch 1: loss = 0.0012126932851970196
Epoch 2: loss = 0.0012126932851970196
Epoch 3: loss = 0.0012126932851970196
Epoch 4: loss = 0.0012126932851970196
Epoch 5: loss = 0.0012126932851970196
Early stopping at epoch 5 with loss 0.0012126932851970196
Reconstruction for fluence = 1.2742749857031335 photons/pixel
Epoch 0: loss = 0.002876595128327608
Epoch 1: loss = 0.002876595128327608
Epoch 2: loss = 0.002876595128327608
Epoch 3: loss = 0.002876595128327608
Epoch 4: loss = 0.002876595128327608
Epoch 5: loss = 0.002876595128327608
Early stopping at epoch 5 with loss 0.002876595128327608
Reconstruction for fluence = 2.976351441631318 photons/pixel
Epoch 0: loss = 0.006977876648306847
Epoch 1: loss = 0.0069778310135006905
Epoch 2: loss = 0.006977784913033247
Epoch 3: loss = 0.0069777388125658035
Epoch 4: loss = 0.006977693177759647
Epoch 5: loss = 0.006977647542953491
Early stopping at epoch 5 with loss 0.006977876648306847
Reconstruction for fluence = 6.9519279617756045 photons/pixel
Epoch 0: loss = 0.017780153080821037
Epoch 1: loss = 0.017778795212507248
Epoch 2: loss = 0.017777439206838608
Epoch 3: loss = 0.017776083201169968
Epoch 4: loss = 0.017774727195501328
Epoch 5: loss = 0.017773374915122986
Early stopping at epoch 5 with loss 0.017780153080821037
Reconstruction for fluence = 16.23776739188721 photons/pixel
Epoch 0: loss = 0.04899037256836891
Epoch 1: loss = 0.03566703945398331
Epoch 2: loss = 0.03566684573888779
Epoch 3: loss = 0.03566684573888779
Epoch 4: loss = 0.03566684573888779
Epoch 5: loss = 0.03566684573888779
Epoch 6: loss = 0.03566684573888779
Early stopping at epoch 6 with loss 0.03566703945398331
Reconstruction for fluence = 37.926901907322495 photons/pixel
Epoch 0: loss = 0.15592753887176514
Epoch 1: loss = 0.08312060683965683
Epoch 2: loss = 0.08311587572097778
Epoch 3: loss = 0.08311587572097778
Epoch 4: loss = 0.08311587572097778
Epoch 5: loss = 0.08311587572097778
Epoch 6: loss = 0.08311587572097778
Early stopping at epoch 6 with loss 0.08312060683965683
Reconstruction for fluence = 88.58667904100822 photons/pixel
Epoch 0: loss = 0.5908036231994629
Epoch 1: loss = 0.19423016905784607
Epoch 2: loss = 0.19421321153640747
Epoch 3: loss = 0.1942119002342224
Epoch 4: loss = 0.1942116618156433
Epoch 5: loss = 0.19421161711215973
Epoch 6: loss = 0.19421161711215973
Early stopping at epoch 6 with loss 0.19423016905784607
Reconstruction for fluence = 206.9138081114788 photons/pixel
Epoch 0: loss = 2.616070032119751
Epoch 1: loss = 0.4543045163154602
Epoch 2: loss = 0.4542381763458252
Epoch 3: loss = 0.45423024892807007
Epoch 4: loss = 0.45422863960266113
Epoch 5: loss = 0.45422857999801636
Epoch 6: loss = 0.4542285203933716
Early stopping at epoch 6 with loss 0.4543045163154602
Reconstruction for fluence = 483.2930238571752 photons/pixel
Epoch 0: loss = 12.843046188354492
Epoch 1: loss = 1.059844970703125
Epoch 2: loss = 1.0595403909683228
Epoch 3: loss = 1.0595016479492188
Epoch 4: loss = 1.0594921112060547
Epoch 5: loss = 1.0594902038574219
Epoch 6: loss = 1.0594902038574219
Epoch 7: loss = 1.0594894886016846
Early stopping at epoch 7 with loss 1.0595403909683228
Reconstruction for fluence = 1128.8378916846884 photons/pixel
Epoch 0: loss = 66.76063537597656
Epoch 1: loss = 2.480052947998047
Epoch 2: loss = 2.4785947799682617
Epoch 3: loss = 2.4783918857574463
Epoch 4: loss = 2.478347063064575
Epoch 5: loss = 2.478335380554199
Epoch 6: loss = 2.478334426879883
Epoch 7: loss = 2.478332996368408
Epoch 8: loss = 2.47833251953125
Early stopping at epoch 8 with loss 2.4783918857574463
Reconstruction for fluence = 2636.6508987303555 photons/pixel
Epoch 0: loss = 356.4622802734375
Epoch 1: loss = 5.791753768920898
Epoch 2: loss = 5.784150123596191
Epoch 3: loss = 5.783146858215332
Epoch 4: loss = 5.782923698425293
Epoch 5: loss = 5.782862663269043
Epoch 6: loss = 5.78285026550293
Epoch 7: loss = 5.782848358154297
Epoch 8: loss = 5.782844543457031
Epoch 9: loss = 5.782841682434082
Early stopping at epoch 9 with loss 5.782923698425293
Reconstruction for fluence = 6158.482110660255 photons/pixel
Epoch 0: loss = 1926.9549560546875
Epoch 1: loss = 13.576091766357422
Epoch 2: loss = 13.537951469421387
Epoch 3: loss = 13.532610893249512
Epoch 4: loss = 13.531147003173828
Epoch 5: loss = 13.53078842163086
Epoch 6: loss = 13.530669212341309
Epoch 7: loss = 13.53065299987793
Epoch 8: loss = 13.530614852905273
Epoch 9: loss = 13.53061294555664
Epoch 10: loss = 13.530607223510742
Epoch 11: loss = 13.530604362487793
Early stopping at epoch 11 with loss 13.530669212341309
Reconstruction for fluence = 14384.498882876629 photons/pixel
Epoch 0: loss = 10469.236328125
Epoch 1: loss = 31.79242515563965
Epoch 2: loss = 31.5794677734375
Epoch 3: loss = 31.550926208496094
Epoch 4: loss = 31.543119430541992
Epoch 5: loss = 31.540996551513672
Epoch 6: loss = 31.540287017822266
Epoch 7: loss = 31.539987564086914
Epoch 8: loss = 31.539859771728516
Epoch 9: loss = 31.539840698242188
Epoch 10: loss = 31.539825439453125
Epoch 11: loss = 31.539810180664062
Epoch 12: loss = 31.53980255126953
Epoch 13: loss = 31.53980255126953
Early stopping at epoch 13 with loss 31.539859771728516
Reconstruction for fluence = 33598.18286283781 photons/pixel
Epoch 0: loss = 57011.96875
Epoch 1: loss = 74.98002624511719
Epoch 2: loss = 73.82339477539062
Epoch 3: loss = 73.67054748535156
Epoch 4: loss = 73.6333999633789
Epoch 5: loss = 73.62263488769531
Epoch 6: loss = 73.61894226074219
Epoch 7: loss = 73.61751556396484
Epoch 8: loss = 73.61686706542969
Epoch 9: loss = 73.61680603027344
Epoch 10: loss = 73.61676025390625
Epoch 11: loss = 73.6167221069336
Epoch 12: loss = 73.61654663085938
Epoch 13: loss = 73.61653137207031
Epoch 14: loss = 73.61648559570312
Epoch 15: loss = 73.61646270751953
Epoch 16: loss = 73.6164321899414
Epoch 17: loss = 73.61642456054688
Epoch 18: loss = 73.61640930175781
Epoch 19: loss = 73.61640167236328
Epoch 20: loss = 73.61637878417969
Epoch 21: loss = 73.61637115478516
Early stopping at epoch 21 with loss 73.6164321899414
Reconstruction for fluence = 78475.99703514607 photons/pixel
Epoch 0: loss = 310805.78125
Epoch 1: loss = 178.6148681640625
Epoch 2: loss = 172.3287811279297
Epoch 3: loss = 171.47592163085938
Epoch 4: loss = 171.27403259277344
Epoch 5: loss = 171.21978759765625
Epoch 6: loss = 171.2002716064453
Epoch 7: loss = 171.19287109375
Epoch 8: loss = 171.18896484375
Epoch 9: loss = 171.187255859375
Epoch 10: loss = 171.1864013671875
Epoch 11: loss = 171.1862030029297
Epoch 12: loss = 171.1861572265625
Epoch 13: loss = 171.18606567382812
Epoch 14: loss = 171.1859588623047
Epoch 15: loss = 171.1859130859375
Epoch 16: loss = 171.1859130859375
Epoch 17: loss = 171.18588256835938
Epoch 18: loss = 171.18585205078125
Epoch 19: loss = 171.18582153320312
Epoch 20: loss = 171.18582153320312
Early stopping at epoch 20 with loss 171.1859130859375
Reconstruction for fluence = 183298.07108324335 photons/pixel
Epoch 0: loss = 1695015.5
Epoch 1: loss = 440.2918701171875
Epoch 2: loss = 406.4239196777344
Epoch 3: loss = 401.9068298339844
Epoch 4: loss = 400.6246337890625
Epoch 5: loss = 400.3172607421875
Epoch 6: loss = 400.20697021484375
Epoch 7: loss = 400.16290283203125
Epoch 8: loss = 400.140625
Epoch 9: loss = 400.13079833984375
Epoch 10: loss = 400.12591552734375
Epoch 11: loss = 400.1234436035156
Epoch 12: loss = 400.1229248046875
Epoch 13: loss = 400.1224365234375
Epoch 14: loss = 400.12200927734375
Epoch 15: loss = 400.1219482421875
Epoch 16: loss = 400.121826171875
Epoch 17: loss = 400.1217346191406
Epoch 18: loss = 400.12164306640625
Epoch 19: loss = 400.12164306640625
Epoch 20: loss = 400.12152099609375
Epoch 21: loss = 400.12152099609375
Epoch 22: loss = 400.1214904785156
Epoch 23: loss = 400.1214599609375
Epoch 24: loss = 400.1214294433594
Epoch 25: loss = 400.12139892578125
Epoch 26: loss = 400.12139892578125
Epoch 27: loss = 400.121337890625
Epoch 28: loss = 400.121337890625
Epoch 29: loss = 400.121337890625
Epoch 30: loss = 400.121337890625
Early stopping at epoch 30 with loss 400.12139892578125
Reconstruction for fluence = 428133.2398719387 photons/pixel
Epoch 0: loss = 9246895.0
Epoch 1: loss = 1155.99560546875
Epoch 2: loss = 970.6026611328125
Epoch 3: loss = 945.9571533203125
Epoch 4: loss = 939.490478515625
Epoch 5: loss = 937.8326416015625
Epoch 6: loss = 937.2701416015625
Epoch 7: loss = 937.050537109375
Epoch 8: loss = 936.9417114257812
Epoch 9: loss = 936.8890380859375
Epoch 10: loss = 936.8638305664062
Epoch 11: loss = 936.85107421875
Epoch 12: loss = 936.8456420898438
Epoch 13: loss = 936.84228515625
Epoch 14: loss = 936.84228515625
Epoch 15: loss = 936.842041015625
Epoch 16: loss = 936.8414306640625
Epoch 17: loss = 936.8412475585938
Epoch 18: loss = 936.8409423828125
Epoch 19: loss = 936.8406982421875
Epoch 20: loss = 936.840576171875
Epoch 21: loss = 936.8404541015625
Epoch 22: loss = 936.84033203125
Epoch 23: loss = 936.8402099609375
Epoch 24: loss = 936.840087890625
Epoch 25: loss = 936.8399658203125
Epoch 26: loss = 936.8399658203125
Epoch 27: loss = 936.8399047851562
Epoch 28: loss = 936.83984375
Epoch 29: loss = 936.83984375
Epoch 30: loss = 936.83984375
Early stopping at epoch 30 with loss 936.8399658203125
Reconstruction for fluence = 1000000.0 photons/pixel
Epoch 0: loss = 50444232.0
Epoch 1: loss = 3395.4306640625
Epoch 2: loss = 2383.34619140625
Epoch 3: loss = 2246.794921875
Epoch 4: loss = 2211.93017578125
Epoch 5: loss = 2202.5341796875
Epoch 6: loss = 2199.579345703125
Epoch 7: loss = 2198.31982421875
Epoch 8: loss = 2197.7099609375
Epoch 9: loss = 2197.42529296875
Epoch 10: loss = 2197.29736328125
Epoch 11: loss = 2197.2353515625
Epoch 12: loss = 2197.20654296875
Epoch 13: loss = 2197.18994140625
Epoch 14: loss = 2197.18603515625
Epoch 15: loss = 2197.18505859375
Epoch 16: loss = 2197.18212890625
Epoch 17: loss = 2197.18115234375
Epoch 18: loss = 2197.18017578125
Epoch 19: loss = 2197.17919921875
Epoch 20: loss = 2197.178955078125
Epoch 21: loss = 2197.177734375
Epoch 22: loss = 2197.1767578125
Epoch 23: loss = 2197.1767578125
Epoch 24: loss = 2197.17626953125
Epoch 25: loss = 2197.17529296875
Epoch 26: loss = 2197.17529296875
Epoch 27: loss = 2197.175048828125
Epoch 28: loss = 2197.1748046875
Epoch 29: loss = 2197.1748046875
Epoch 30: loss = 2197.1748046875
Epoch 31: loss = 2197.174560546875
Epoch 32: loss = 2197.17431640625
Epoch 33: loss = 2197.17431640625
Epoch 34: loss = 2197.17431640625
Epoch 35: loss = 2197.17431640625
Epoch 36: loss = 2197.173828125
Epoch 37: loss = 2197.173828125
Epoch 38: loss = 2197.173828125
Epoch 39: loss = 2197.173828125
Epoch 40: loss = 2197.173828125
Epoch 41: loss = 2197.173828125
Early stopping at epoch 41 with loss 2197.173828125
Tensors initialization on device cuda
Multiprobe = grad

('MSE', 'PoissonNLL') RECONSTRUCTIONS

Reconstruction for fluence = 0.09999999999999999 photons/pixel
Epoch 0: loss = 0.00021771082538180053
Epoch 1: loss = 0.00021771082538180053
Epoch 2: loss = 0.00021771082538180053
Epoch 3: loss = 0.00021771082538180053
Epoch 4: loss = 0.00021771082538180053
Epoch 5: loss = 0.00021771082538180053
Early stopping at epoch 5 with loss 0.00021771082538180053
Epoch 0: loss = 0.0017884753178805113
Epoch 1: loss = 0.0017884753178805113
Epoch 2: loss = 0.0017884753178805113
Epoch 3: loss = 0.0017884753178805113
Epoch 4: loss = 0.0017884753178805113
Epoch 5: loss = 0.0017884753178805113
Early stopping at epoch 5 with loss 0.0017884753178805113
Reconstruction for fluence = 0.23357214690901223 photons/pixel
Epoch 0: loss = 0.000517174368724227
Epoch 1: loss = 0.000517174368724227
Epoch 2: loss = 0.000517174368724227
Epoch 3: loss = 0.000517174368724227
Epoch 4: loss = 0.000517174368724227
Epoch 5: loss = 0.000517174368724227
Early stopping at epoch 5 with loss 0.000517174368724227
Epoch 0: loss = 0.0037823189049959183
Epoch 1: loss = 0.0037823189049959183
Epoch 2: loss = 0.0037823189049959183
Epoch 3: loss = 0.0037823189049959183
Epoch 4: loss = 0.0037823189049959183
Epoch 5: loss = 0.0037823189049959183
Early stopping at epoch 5 with loss 0.0037823189049959183
Reconstruction for fluence = 0.5455594781168519 photons/pixel
Epoch 0: loss = 0.0012198133626952767
Epoch 1: loss = 0.0012198133626952767
Epoch 2: loss = 0.0012198133626952767
Epoch 3: loss = 0.0012198133626952767
Epoch 4: loss = 0.0012198133626952767
Epoch 5: loss = 0.0012198133626952767
Early stopping at epoch 5 with loss 0.0012198133626952767
Epoch 0: loss = 0.007832618430256844
Epoch 1: loss = 0.007832547649741173
Epoch 2: loss = 0.00783245638012886
Epoch 3: loss = 0.007832285948097706
Epoch 4: loss = 0.007831811904907227
Epoch 5: loss = 0.007830480113625526
Early stopping at epoch 5 with loss 0.007832618430256844
Reconstruction for fluence = 1.2742749857031335 photons/pixel
Epoch 0: loss = 0.002897160593420267
Epoch 1: loss = 0.002897160593420267
Epoch 2: loss = 0.002897160593420267
Epoch 3: loss = 0.002897160593420267
Epoch 4: loss = 0.002897160593420267
Epoch 5: loss = 0.002897160593420267
Early stopping at epoch 5 with loss 0.002897160593420267
Epoch 0: loss = 0.015846136957406998
Epoch 1: loss = 0.01584569364786148
Epoch 2: loss = 0.015841539949178696
Epoch 3: loss = 0.01582321897149086
Epoch 4: loss = 0.015791965648531914
Epoch 5: loss = 0.013606416061520576
Epoch 6: loss = 0.013598009943962097
Epoch 7: loss = 0.013598009943962097
Epoch 8: loss = 0.013598009943962097
Epoch 9: loss = 0.013598009943962097
Epoch 10: loss = 0.013598009943962097
Early stopping at epoch 10 with loss 0.013606416061520576
Reconstruction for fluence = 2.976351441631318 photons/pixel
Epoch 0: loss = 0.0070306528359651566
Epoch 1: loss = 0.007030607201159
Epoch 2: loss = 0.0070305620320141315
Epoch 3: loss = 0.007030516862869263
Epoch 4: loss = 0.0070304712280631065
Epoch 5: loss = 0.007030426058918238
Early stopping at epoch 5 with loss 0.0070306528359651566
Epoch 0: loss = 0.0316719189286232
Epoch 1: loss = 0.03161455690860748
Epoch 2: loss = 0.026397988200187683
Epoch 3: loss = 0.026380620896816254
Epoch 4: loss = 0.026380620896816254
Epoch 5: loss = 0.026380620896816254
Epoch 6: loss = 0.026380620896816254
Epoch 7: loss = 0.026380620896816254
Early stopping at epoch 7 with loss 0.026397988200187683
Reconstruction for fluence = 6.9519279617756045 photons/pixel
Epoch 0: loss = 0.01769068092107773
Epoch 1: loss = 0.017689308151602745
Epoch 2: loss = 0.01768793910741806
Epoch 3: loss = 0.017686570063233376
Epoch 4: loss = 0.01768520288169384
Epoch 5: loss = 0.017683833837509155
Early stopping at epoch 5 with loss 0.01769068092107773
Epoch 0: loss = 0.060610461980104446
Epoch 1: loss = 0.04832770675420761
Epoch 2: loss = 0.048321738839149475
Epoch 3: loss = 0.048321738839149475
Epoch 4: loss = 0.048321738839149475
Epoch 5: loss = 0.048321738839149475
Epoch 6: loss = 0.048321738839149475
Early stopping at epoch 6 with loss 0.04832770675420761
Reconstruction for fluence = 16.23776739188721 photons/pixel
Epoch 0: loss = 0.048918697983026505
Epoch 1: loss = 0.03557485342025757
Epoch 2: loss = 0.03557468205690384
Epoch 3: loss = 0.03557468205690384
Epoch 4: loss = 0.03557468205690384
Epoch 5: loss = 0.03557468205690384
Epoch 6: loss = 0.03557468205690384
Early stopping at epoch 6 with loss 0.03557485342025757
Epoch 0: loss = 0.0836477279663086
Epoch 1: loss = 0.08300341665744781
Epoch 2: loss = 0.08300253748893738
Epoch 3: loss = 0.08300253748893738
Epoch 4: loss = 0.08300253748893738
Epoch 5: loss = 0.08300253748893738
Epoch 6: loss = 0.08300253748893738
Early stopping at epoch 6 with loss 0.08300341665744781
Reconstruction for fluence = 37.926901907322495 photons/pixel
Epoch 0: loss = 0.15579712390899658
Epoch 1: loss = 0.083115354180336
Epoch 2: loss = 0.08311121165752411
Epoch 3: loss = 0.08311121165752411
Epoch 4: loss = 0.08311121165752411
Epoch 5: loss = 0.08311121165752411
Epoch 6: loss = 0.08311121165752411
Early stopping at epoch 6 with loss 0.083115354180336
Epoch 0: loss = 0.12444305419921875
Epoch 1: loss = 0.12351559847593307
Epoch 2: loss = 0.12351305037736893
Epoch 3: loss = 0.12351305037736893
Epoch 4: loss = 0.12351305037736893
Epoch 5: loss = 0.12351305037736893
Epoch 6: loss = 0.12351305037736893
Early stopping at epoch 6 with loss 0.12351559847593307
Reconstruction for fluence = 88.58667904100822 photons/pixel
Epoch 0: loss = 0.5904120206832886
Epoch 1: loss = 0.19372689723968506
Epoch 2: loss = 0.19370952248573303
Epoch 3: loss = 0.19370810687541962
Epoch 4: loss = 0.19370801746845245
Epoch 5: loss = 0.19370785355567932
Epoch 6: loss = 0.19370782375335693
Early stopping at epoch 6 with loss 0.19372689723968506
Epoch 0: loss = 0.12486542016267776
Epoch 1: loss = 0.12369949370622635
Epoch 2: loss = 0.12369808554649353
Epoch 3: loss = 0.12369801849126816
Epoch 4: loss = 0.12369801849126816
Epoch 5: loss = 0.12369801849126816
Epoch 6: loss = 0.12369801849126816
Early stopping at epoch 6 with loss 0.12369949370622635
Reconstruction for fluence = 206.9138081114788 photons/pixel
Epoch 0: loss = 2.6131927967071533
Epoch 1: loss = 0.4538749158382416
Epoch 2: loss = 0.4538045823574066
Epoch 3: loss = 0.4537965655326843
Epoch 4: loss = 0.4537954330444336
Epoch 5: loss = 0.45379525423049927
Epoch 6: loss = 0.4537951350212097
Early stopping at epoch 6 with loss 0.4538749158382416
Epoch 0: loss = -0.09548500925302505
Epoch 1: loss = -0.09692077338695526
Epoch 2: loss = -0.09692125022411346
Epoch 3: loss = -0.09692125022411346
Epoch 4: loss = -0.09692125022411346
Epoch 5: loss = -0.09692125022411346
Epoch 6: loss = -0.09692125022411346
Early stopping at epoch 6 with loss -0.09692077338695526
Reconstruction for fluence = 483.2930238571752 photons/pixel
Epoch 0: loss = 12.84516716003418
Epoch 1: loss = 1.061955213546753
Epoch 2: loss = 1.0616450309753418
Epoch 3: loss = 1.0616064071655273
Epoch 4: loss = 1.0616014003753662
Epoch 5: loss = 1.0615990161895752
Epoch 6: loss = 1.061598539352417
Epoch 7: loss = 1.0615980625152588
Early stopping at epoch 7 with loss 1.0616450309753418
Epoch 0: loss = -1.125821828842163
Epoch 1: loss = -1.1276036500930786
Epoch 2: loss = -1.1276036500930786
Epoch 3: loss = -1.1276037693023682
Epoch 4: loss = -1.1276037693023682
Epoch 5: loss = -1.1276037693023682
Epoch 6: loss = -1.1276037693023682
Early stopping at epoch 6 with loss -1.1276036500930786
Reconstruction for fluence = 1128.8378916846884 photons/pixel
Epoch 0: loss = 66.75399017333984
Epoch 1: loss = 2.473032236099243
Epoch 2: loss = 2.4715757369995117
Epoch 3: loss = 2.4713926315307617
Epoch 4: loss = 2.4713518619537354
Epoch 5: loss = 2.471342086791992
Epoch 6: loss = 2.471341133117676
Epoch 7: loss = 2.471339702606201
Epoch 8: loss = 2.471339225769043
Early stopping at epoch 8 with loss 2.4713926315307617
Epoch 0: loss = -4.733471870422363
Epoch 1: loss = -4.73546028137207
Epoch 2: loss = -4.73546028137207
Epoch 3: loss = -4.73546028137207
Epoch 4: loss = -4.73546028137207
Epoch 5: loss = -4.7354607582092285
Epoch 6: loss = -4.7354607582092285
Early stopping at epoch 6 with loss -4.73546028137207
Reconstruction for fluence = 2636.6508987303555 photons/pixel
Epoch 0: loss = 356.4766540527344
Epoch 1: loss = 5.790835380554199
Epoch 2: loss = 5.7834577560424805
Epoch 3: loss = 5.782474040985107
Epoch 4: loss = 5.782245635986328
Epoch 5: loss = 5.7821807861328125
Epoch 6: loss = 5.78216028213501
Epoch 7: loss = 5.782155990600586
Epoch 8: loss = 5.782154083251953
Epoch 9: loss = 5.782153129577637
Early stopping at epoch 9 with loss 5.782245635986328
Epoch 0: loss = -15.973527908325195
Epoch 1: loss = -15.97552490234375
Epoch 2: loss = -15.97552490234375
Epoch 3: loss = -15.97552490234375
Epoch 4: loss = -15.97552490234375
Epoch 5: loss = -15.975525856018066
Epoch 6: loss = -15.975525856018066
Early stopping at epoch 6 with loss -15.97552490234375
Reconstruction for fluence = 6158.482110660255 photons/pixel
Epoch 0: loss = 1926.7484130859375
Epoch 1: loss = 13.55106258392334
Epoch 2: loss = 13.511170387268066
Epoch 3: loss = 13.505983352661133
Epoch 4: loss = 13.50471305847168
Epoch 5: loss = 13.504364013671875
Epoch 6: loss = 13.504240036010742
Epoch 7: loss = 13.504193305969238
Epoch 8: loss = 13.504180908203125
Epoch 9: loss = 13.504179000854492
Epoch 10: loss = 13.504179000854492
Epoch 11: loss = 13.504173278808594
Early stopping at epoch 11 with loss 13.504240036010742
Epoch 0: loss = -48.78672790527344
Epoch 1: loss = -48.78894805908203
Epoch 2: loss = -48.78894805908203
Epoch 3: loss = -48.78894805908203
Epoch 4: loss = -48.78894805908203
Epoch 5: loss = -48.78894805908203
Epoch 6: loss = -48.78894805908203
Early stopping at epoch 6 with loss -48.78894805908203
Reconstruction for fluence = 14384.498882876629 photons/pixel
Epoch 0: loss = 10469.021484375
Epoch 1: loss = 31.799510955810547
Epoch 2: loss = 31.588214874267578
Epoch 3: loss = 31.56026840209961
Epoch 4: loss = 31.553503036499023
Epoch 5: loss = 31.551578521728516
Epoch 6: loss = 31.550941467285156
Epoch 7: loss = 31.550689697265625
Epoch 8: loss = 31.550567626953125
Epoch 9: loss = 31.55052375793457
Epoch 10: loss = 31.550518035888672
Epoch 11: loss = 31.55051040649414
Epoch 12: loss = 31.550500869750977
Epoch 13: loss = 31.550495147705078
Early stopping at epoch 13 with loss 31.550567626953125
Epoch 0: loss = -140.7864532470703
Epoch 1: loss = -140.7886962890625
Epoch 2: loss = -140.7886962890625
Epoch 3: loss = -140.7886962890625
Epoch 4: loss = -140.7886962890625
Epoch 5: loss = -140.7886962890625
Epoch 6: loss = -140.7886962890625
Early stopping at epoch 6 with loss -140.7886962890625
Reconstruction for fluence = 33598.18286283781 photons/pixel
Epoch 0: loss = 57012.7734375
Epoch 1: loss = 74.89353942871094
Epoch 2: loss = 73.7674331665039
Epoch 3: loss = 73.61006164550781
Epoch 4: loss = 73.5655746459961
Epoch 5: loss = 73.55481719970703
Epoch 6: loss = 73.55101013183594
Epoch 7: loss = 73.54957580566406
Epoch 8: loss = 73.54924011230469
Epoch 9: loss = 73.54864501953125
Epoch 10: loss = 73.54853820800781
Epoch 11: loss = 73.54844665527344
Epoch 12: loss = 73.54840087890625
Epoch 13: loss = 73.5483627319336
Epoch 14: loss = 73.54830932617188
Epoch 0: loss = -391.47393798828125
Epoch 1: loss = -391.47625732421875
Epoch 2: loss = -391.47625732421875
Epoch 3: loss = -391.47625732421875
Epoch 4: loss = -391.47625732421875
Epoch 5: loss = -391.47625732421875
Epoch 6: loss = -391.47625732421875
Early stopping at epoch 6 with loss -391.47625732421875
Reconstruction for fluence = 78475.99703514607 photons/pixel
Epoch 0: loss = 310800.96875
Epoch 1: loss = 178.88143920898438
Epoch 2: loss = 172.5855712890625
Epoch 3: loss = 171.75100708007812
Epoch 4: loss = 171.55569458007812
Epoch 5: loss = 171.4995880126953
Epoch 6: loss = 171.4798126220703
Epoch 7: loss = 171.4727325439453
Epoch 8: loss = 171.46932983398438
Epoch 9: loss = 171.46771240234375
Epoch 10: loss = 171.46690368652344
Epoch 11: loss = 171.46658325195312
Epoch 12: loss = 171.466552734375
Epoch 13: loss = 171.46652221679688
Epoch 14: loss = 171.46649169921875
Epoch 0: loss = -1060.6763916015625
Epoch 1: loss = -1060.6788330078125
Epoch 2: loss = -1060.6788330078125
Epoch 3: loss = -1060.6788330078125
Epoch 4: loss = -1060.6788330078125
Epoch 5: loss = -1060.6788330078125
Epoch 6: loss = -1060.6788330078125
Early stopping at epoch 6 with loss -1060.6788330078125
Reconstruction for fluence = 183298.07108324335 photons/pixel
Epoch 0: loss = 1694979.75
Epoch 1: loss = 440.38800048828125
Epoch 2: loss = 406.26275634765625
Epoch 3: loss = 401.60565185546875
Epoch 4: loss = 400.5140380859375
Epoch 5: loss = 400.2147216796875
Epoch 6: loss = 400.11322021484375
Epoch 7: loss = 400.07745361328125
Epoch 8: loss = 400.05767822265625
Epoch 9: loss = 400.04913330078125
Epoch 10: loss = 400.0445251464844
Epoch 11: loss = 400.0421142578125
Epoch 12: loss = 400.0419616699219
Epoch 13: loss = 400.0413818359375
Epoch 14: loss = 400.0411376953125
Epoch 0: loss = -2819.160400390625
Epoch 1: loss = -2819.1630859375
Epoch 2: loss = -2819.1630859375
Epoch 3: loss = -2819.1630859375
Epoch 4: loss = -2819.1630859375
Epoch 5: loss = -2819.1630859375
Epoch 6: loss = -2819.1630859375
Early stopping at epoch 6 with loss -2819.1630859375
Reconstruction for fluence = 428133.2398719387 photons/pixel
Epoch 0: loss = 9246842.0
Epoch 1: loss = 1157.473388671875
Epoch 2: loss = 972.2007446289062
Epoch 3: loss = 947.5733642578125
Epoch 4: loss = 940.8168334960938
Epoch 5: loss = 938.9292602539062
Epoch 6: loss = 938.3533325195312
Epoch 7: loss = 938.0950927734375
Epoch 8: loss = 937.9854125976562
Epoch 9: loss = 937.934814453125
Epoch 10: loss = 937.9114379882812
Epoch 11: loss = 937.8990478515625
Epoch 12: loss = 937.8980712890625
Epoch 13: loss = 937.89306640625
Epoch 14: loss = 937.891845703125
Epoch 0: loss = -7382.28271484375
Epoch 1: loss = -7382.28515625
Epoch 2: loss = -7382.28515625
Epoch 3: loss = -7382.28515625
Epoch 4: loss = -7382.28515625
Epoch 5: loss = -7382.28515625
Epoch 6: loss = -7382.28515625
Early stopping at epoch 6 with loss -7382.28515625
Reconstruction for fluence = 1000000.0 photons/pixel
Epoch 0: loss = 50443736.0
Epoch 1: loss = 3392.93505859375
Epoch 2: loss = 2379.570068359375
Epoch 3: loss = 2244.04833984375
Epoch 4: loss = 2207.54150390625
Epoch 5: loss = 2198.662109375
Epoch 6: loss = 2195.678466796875
Epoch 7: loss = 2194.482421875
Epoch 8: loss = 2193.90234375
Epoch 9: loss = 2193.6220703125
Epoch 10: loss = 2193.489013671875
Epoch 11: loss = 2193.41845703125
Epoch 12: loss = 2193.38525390625
Epoch 13: loss = 2193.3662109375
Epoch 14: loss = 2193.36083984375
Epoch 0: loss = -19107.171875
Epoch 1: loss = -19107.17578125
Epoch 2: loss = -19107.17578125
Epoch 3: loss = -19107.17578125
Epoch 4: loss = -19107.17578125
Epoch 5: loss = -19107.17578125
Epoch 6: loss = -19107.17578125
Early stopping at epoch 6 with loss -19107.17578125
Simulation for principal_mode_weight=2 and n_fluences=20 completed!
