Running simulation for n_modes=2 and n_fluences=20
Tensors initialization on device cuda
Multiprobe = band_lim
torch.Size([2, 64, 64])

('MSE', None) RECONSTRUCTIONS

Reconstruction for fluence = 0.09999999999999999 photons/pixel
Epoch 0: loss = 10659.796875
Epoch 1: loss = 3723.09765625
Epoch 2: loss = 3722.84619140625
Epoch 3: loss = 3722.845703125
Epoch 4: loss = 3722.84521484375
Epoch 5: loss = 3722.84521484375
Epoch 6: loss = 3722.84521484375
Epoch 7: loss = 3722.84521484375
Epoch 8: loss = 3722.84521484375
Epoch 9: loss = 3722.84521484375
Early stopping at epoch 9 with loss 3722.84521484375
Reconstruction for fluence = 0.23357214690901223 photons/pixel
Epoch 0: loss = 24287.470703125
Epoch 1: loss = 8643.59765625
Epoch 2: loss = 8643.03125
Epoch 3: loss = 8643.0302734375
Epoch 4: loss = 8643.0302734375
Epoch 5: loss = 8643.029296875
Epoch 6: loss = 8643.029296875
Epoch 7: loss = 8643.029296875
Epoch 8: loss = 8643.0283203125
Epoch 9: loss = 8643.0283203125
Epoch 10: loss = 8643.0283203125
Epoch 11: loss = 8643.0283203125
Epoch 12: loss = 8643.0283203125
Epoch 13: loss = 8643.0283203125
Early stopping at epoch 13 with loss 8643.0283203125
Reconstruction for fluence = 0.5455594781168519 photons/pixel
Epoch 0: loss = 54431.703125
Epoch 1: loss = 19823.921875
Epoch 2: loss = 19822.66796875
Epoch 3: loss = 19822.6640625
Epoch 4: loss = 19822.662109375
Epoch 5: loss = 19822.662109375
Epoch 6: loss = 19822.66015625
Epoch 7: loss = 19822.66015625
Epoch 8: loss = 19822.66015625
Epoch 9: loss = 19822.66015625
Epoch 10: loss = 19822.66015625
Epoch 11: loss = 19822.66015625
Early stopping at epoch 11 with loss 19822.66015625
Reconstruction for fluence = 1.2742749857031335 photons/pixel
Epoch 0: loss = 119889.359375
Epoch 1: loss = 45704.6640625
Epoch 2: loss = 45701.9765625
Epoch 3: loss = 45701.96875
Epoch 4: loss = 45701.96875
Epoch 5: loss = 45701.96484375
Epoch 6: loss = 45701.96484375
Epoch 7: loss = 45701.96484375
Epoch 8: loss = 45701.96484375
Epoch 9: loss = 45701.96484375
Epoch 10: loss = 45701.96484375
Early stopping at epoch 10 with loss 45701.96484375
Reconstruction for fluence = 2.976351441631318 photons/pixel
Epoch 0: loss = 254366.375
Epoch 1: loss = 102736.9375
Epoch 2: loss = 102731.359375
Epoch 3: loss = 102731.34375
Epoch 4: loss = 102731.34375
Epoch 5: loss = 102731.328125
Epoch 6: loss = 102731.3203125
Epoch 7: loss = 102731.3203125
Epoch 8: loss = 102731.3203125
Epoch 9: loss = 102731.3203125
Epoch 10: loss = 102731.3203125
Epoch 11: loss = 102731.3203125
Early stopping at epoch 11 with loss 102731.3203125
Reconstruction for fluence = 6.9519279617756045 photons/pixel
Epoch 0: loss = 508599.875
Epoch 1: loss = 221078.625
Epoch 2: loss = 221067.90625
Epoch 3: loss = 221067.875
Epoch 4: loss = 221067.875
Epoch 5: loss = 221067.875
Epoch 6: loss = 221067.84375
Epoch 7: loss = 221067.84375
Epoch 8: loss = 221067.84375
Epoch 9: loss = 221067.84375
Epoch 10: loss = 221067.84375
Epoch 11: loss = 221067.84375
Early stopping at epoch 11 with loss 221067.84375
Reconstruction for fluence = 16.23776739188721 photons/pixel
Epoch 0: loss = 925403.5625
Epoch 1: loss = 431070.875
Epoch 2: loss = 431052.0625
Epoch 3: loss = 431052.03125
Epoch 4: loss = 431052.0
Epoch 5: loss = 431052.0
Epoch 6: loss = 431052.0
Epoch 7: loss = 431052.0
Epoch 8: loss = 431052.0
Epoch 9: loss = 431052.0
Early stopping at epoch 9 with loss 431052.0
Reconstruction for fluence = 37.926901907322495 photons/pixel
Epoch 0: loss = 1478439.5
Epoch 1: loss = 705416.5
Epoch 2: loss = 705386.8125
Epoch 3: loss = 705386.75
Epoch 4: loss = 705386.75
Epoch 5: loss = 705386.625
Epoch 6: loss = 705386.625
Epoch 7: loss = 705386.625
Epoch 8: loss = 705386.625
Epoch 9: loss = 705386.625
Epoch 10: loss = 705386.625
Early stopping at epoch 10 with loss 705386.625
Reconstruction for fluence = 88.58667904100822 photons/pixel
Epoch 0: loss = 2123193.5
Epoch 1: loss = 5676060.0
Epoch 2: loss = 912876.75
Epoch 3: loss = 912721.125
Epoch 4: loss = 912721.125
Epoch 5: loss = 912721.125
Epoch 6: loss = 912721.125
Epoch 7: loss = 912721.0625
Epoch 8: loss = 912721.0625
Epoch 9: loss = 912721.0625
Epoch 10: loss = 912721.0
Epoch 11: loss = 912721.0
Epoch 12: loss = 912721.0
Epoch 13: loss = 912721.0
Epoch 14: loss = 912721.0
Epoch 15: loss = 912721.0
Early stopping at epoch 15 with loss 912721.0
Reconstruction for fluence = 206.9138081114788 photons/pixel
Epoch 0: loss = 3206279.0
Epoch 1: loss = 46590916.0
Epoch 2: loss = 1017009.5
Epoch 3: loss = 1015537.125
Epoch 4: loss = 1015537.0
Epoch 5: loss = 1015536.8125
Epoch 6: loss = 1015536.75
Epoch 7: loss = 1015536.75
Epoch 8: loss = 1015536.75
Epoch 9: loss = 1015536.75
Epoch 10: loss = 1015536.75
Epoch 11: loss = 1015536.75
Early stopping at epoch 11 with loss 1015536.75
Reconstruction for fluence = 483.2930238571752 photons/pixel
Epoch 0: loss = 5847986.0
Epoch 1: loss = 518133696.0
Epoch 2: loss = 1203221.25
Epoch 3: loss = 1189202.5
Epoch 4: loss = 1189202.5
Epoch 5: loss = 1189202.25
Epoch 6: loss = 1189202.25
Epoch 7: loss = 1189202.25
Epoch 8: loss = 1189202.125
Epoch 9: loss = 1189202.125
Epoch 10: loss = 1189202.125
Epoch 11: loss = 1189202.0
Epoch 12: loss = 1189202.0
Epoch 13: loss = 1189202.0
Epoch 14: loss = 1189202.0
Epoch 15: loss = 1189202.0
Epoch 16: loss = 1189202.0
Early stopping at epoch 16 with loss 1189202.0
Reconstruction for fluence = 1128.8378916846884 photons/pixel
Epoch 0: loss = 12315478.0
Epoch 1: loss = 6402621952.0
Epoch 2: loss = 1809210.625
Epoch 3: loss = 1558217.25
Epoch 4: loss = 1558214.5
Epoch 5: loss = 1558214.25
Epoch 6: loss = 1558214.25
Epoch 7: loss = 1558214.25
Epoch 8: loss = 1558214.25
Epoch 9: loss = 1558214.125
Epoch 10: loss = 1558214.0
Epoch 11: loss = 1558214.0
Epoch 12: loss = 1558214.125
Epoch 13: loss = 1558214.125
Epoch 14: loss = 1558214.125
Epoch 15: loss = 1558214.0
Early stopping at epoch 15 with loss 1558214.0
Reconstruction for fluence = 2636.6508987303555 photons/pixel
Epoch 0: loss = 27592312.0
Epoch 1: loss = 81676369920.0
Epoch 2: loss = 7857085.0
Epoch 3: loss = 2117534.5
Epoch 4: loss = 2117489.5
Epoch 5: loss = 2117489.0
Epoch 6: loss = 2117489.0
Epoch 7: loss = 2117488.5
Epoch 8: loss = 2117488.5
Epoch 9: loss = 2117488.5
Epoch 10: loss = 2117488.5
Epoch 11: loss = 2117488.5
Epoch 12: loss = 2117488.5
Early stopping at epoch 12 with loss 2117488.5
Reconstruction for fluence = 6158.482110660255 photons/pixel
Epoch 0: loss = 63347260.0
Epoch 1: loss = 1050089684992.0
Epoch 2: loss = 42318020.0
Epoch 3: loss = 2830152.75
Epoch 4: loss = 2828471.0
Epoch 5: loss = 2828470.5
Epoch 6: loss = 2828470.25
Epoch 7: loss = 2828470.0
Epoch 8: loss = 2828470.0
Epoch 9: loss = 2828470.0
Epoch 10: loss = 2828469.75
Epoch 11: loss = 2828469.75
Epoch 12: loss = 2828469.75
Epoch 13: loss = 2828469.75
Epoch 14: loss = 2828469.75
Epoch 15: loss = 2828469.75
Early stopping at epoch 15 with loss 2828469.75
Reconstruction for fluence = 14384.498882876629 photons/pixel
Epoch 0: loss = 146946096.0
Epoch 1: loss = 13509791318016.0
Epoch 2: loss = 395144960.0
Epoch 3: loss = 3695513.0
Epoch 4: loss = 3632666.25
Epoch 5: loss = 3632665.25
Epoch 6: loss = 3632665.0
Epoch 7: loss = 3632664.75
Epoch 8: loss = 3632664.5
Epoch 9: loss = 3632664.5
Epoch 10: loss = 3632664.5
Epoch 11: loss = 3632664.5
Epoch 12: loss = 3632664.5
Epoch 13: loss = 3632664.5
Early stopping at epoch 13 with loss 3632664.5
Reconstruction for fluence = 33598.18286283781 photons/pixel
Epoch 0: loss = 342127936.0
Epoch 1: loss = 173396755218432.0
Epoch 2: loss = 4696544256.0
Epoch 3: loss = 5531960.0
Epoch 4: loss = 4380880.0
Epoch 5: loss = 4380830.0
Epoch 6: loss = 4380828.0
Epoch 7: loss = 4380827.0
Epoch 8: loss = 4380827.0
Epoch 9: loss = 4380826.5
Epoch 10: loss = 4380826.5
Epoch 11: loss = 4380826.5
Epoch 12: loss = 4380826.0
Epoch 13: loss = 4380826.0
Epoch 14: loss = 4380826.0
Epoch 15: loss = 4380826.0
Epoch 16: loss = 4380826.0
Epoch 17: loss = 4380826.0
Early stopping at epoch 17 with loss 4380826.0
Reconstruction for fluence = 78475.99703514607 photons/pixel
Epoch 0: loss = 798020352.0
Epoch 1: loss = 2221575323516928.0
Epoch 2: loss = 59229822976.0
Epoch 3: loss = 14513132.0
Epoch 4: loss = 4896092.0
Epoch 5: loss = 4894943.0
Epoch 6: loss = 4894943.0
Epoch 7: loss = 4894942.5
Epoch 8: loss = 4894942.5
Epoch 9: loss = 4894942.5
Epoch 10: loss = 4894942.0
Epoch 11: loss = 4894942.0
Epoch 12: loss = 4894942.0
Epoch 13: loss = 4894942.0
Epoch 14: loss = 4894942.0
Epoch 15: loss = 4894942.0
Early stopping at epoch 15 with loss 4894942.0
Reconstruction for fluence = 183298.07108324335 photons/pixel
Epoch 0: loss = 1862982912.0
Epoch 1: loss = 2.8422800779771904e+16
Epoch 2: loss = 755477970944.0
Epoch 3: loss = 99755016.0
Epoch 4: loss = 5072369.0
Epoch 5: loss = 5053479.0
Epoch 6: loss = 5053478.0
Epoch 7: loss = 5053478.0
Epoch 8: loss = 5053477.5
Epoch 9: loss = 5053477.5
Epoch 10: loss = 5053477.5
Epoch 11: loss = 5053477.5
Epoch 12: loss = 5053477.0
Epoch 13: loss = 5053477.0
Epoch 14: loss = 5053477.0
Epoch 15: loss = 5053477.0
Epoch 16: loss = 5053477.0
Epoch 17: loss = 5053477.0
Early stopping at epoch 17 with loss 5053477.0
Reconstruction for fluence = 428133.2398719387 photons/pixel
Epoch 0: loss = 4350587392.0
Epoch 1: loss = 3.6316422388842496e+17
Epoch 2: loss = 9647393079296.0
Epoch 3: loss = 850583168.0
Epoch 4: loss = 5199446.0
Epoch 5: loss = 4921250.0
Epoch 6: loss = 4921245.5
Epoch 7: loss = 4921245.0
Epoch 8: loss = 4921245.0
Epoch 9: loss = 4921245.0
Epoch 10: loss = 4921245.0
Epoch 11: loss = 4921244.5
Epoch 12: loss = 4921244.5
Epoch 13: loss = 4921244.5
Epoch 14: loss = 4921244.5
Epoch 15: loss = 4921244.5
Epoch 16: loss = 4921244.5
Early stopping at epoch 16 with loss 4921244.5
Reconstruction for fluence = 1000000.0 photons/pixel
Epoch 0: loss = 10160719872.0
Epoch 1: loss = 4.634554760773501e+18
Epoch 2: loss = 123103157944320.0
Epoch 3: loss = 5140239360.0
Epoch 4: loss = 8041360.5
Epoch 5: loss = 4678490.0
Epoch 6: loss = 4678422.0
Epoch 7: loss = 4678421.0
Epoch 8: loss = 4678421.0
Epoch 9: loss = 4678421.0
Epoch 10: loss = 4678420.5
Epoch 11: loss = 4678420.5
Epoch 12: loss = 4678420.5
Epoch 13: loss = 4678420.5
Epoch 14: loss = 4678420.0
Epoch 15: loss = 4678420.0
Epoch 16: loss = 4678420.0
Epoch 17: loss = 4678420.0
Epoch 18: loss = 4678420.0
Epoch 19: loss = 4678420.0
Early stopping at epoch 19 with loss 4678420.0
Tensors initialization on device cuda
Multiprobe = band_lim
torch.Size([2, 64, 64])

('MSE', 'PoissonNLL') RECONSTRUCTIONS

Reconstruction for fluence = 0.09999999999999999 photons/pixel
Epoch 0: loss = 10625.3623046875
Epoch 1: loss = 3685.20751953125
Epoch 2: loss = 3684.9541015625
Epoch 3: loss = 3684.953857421875
Epoch 4: loss = 3684.95361328125
Epoch 5: loss = 3684.95361328125
Epoch 6: loss = 3684.95361328125
Epoch 7: loss = 3684.953369140625
Epoch 8: loss = 3684.95361328125
Epoch 9: loss = 3684.953125
Epoch 10: loss = 3684.953125
Epoch 11: loss = 3684.953125
Epoch 12: loss = 3684.953125
Epoch 13: loss = 3684.953125
Epoch 14: loss = 3684.953369140625
Early stopping at epoch 14 with loss 3684.953125
Epoch 0: loss = 0.0026815528981387615
Epoch 1: loss = 0.002681349404156208
Epoch 2: loss = 0.002681146375834942
Epoch 3: loss = 0.0026809433475136757
Epoch 4: loss = 0.002680740552023053
Epoch 5: loss = 0.0026805379893630743
Early stopping at epoch 5 with loss 0.0026815528981387615
Reconstruction for fluence = 0.23357214690901223 photons/pixel
Epoch 0: loss = 24269.80859375
Epoch 1: loss = 8637.123046875
Epoch 2: loss = 8636.560546875
Epoch 3: loss = 8636.55859375
Epoch 4: loss = 8636.55859375
Epoch 5: loss = 8636.556640625
Epoch 6: loss = 8636.556640625
Epoch 7: loss = 8636.556640625
Epoch 8: loss = 8636.556640625
Epoch 9: loss = 8636.5546875
Epoch 10: loss = 8636.5556640625
Epoch 11: loss = 8636.5546875
Epoch 12: loss = 8636.5546875
Epoch 13: loss = 8636.5546875
Epoch 14: loss = 8636.5546875
Early stopping at epoch 14 with loss 8636.5546875
Epoch 0: loss = 0.005489387083798647
Epoch 1: loss = 0.005488873925060034
Epoch 2: loss = 0.005488361231982708
Epoch 3: loss = 0.005487849470227957
Epoch 4: loss = 0.005487338174134493
Epoch 5: loss = 0.005486827809363604
Early stopping at epoch 5 with loss 0.005489387083798647
Reconstruction for fluence = 0.5455594781168519 photons/pixel
Epoch 0: loss = 54318.53515625
Epoch 1: loss = 19675.3359375
Epoch 2: loss = 19674.08203125
Epoch 3: loss = 19674.078125
Epoch 4: loss = 19674.07421875
Epoch 5: loss = 19674.072265625
Epoch 6: loss = 19674.072265625
Epoch 7: loss = 19674.07421875
Epoch 8: loss = 19674.072265625
Epoch 9: loss = 19674.072265625
Epoch 10: loss = 19674.072265625
Early stopping at epoch 10 with loss 19674.072265625
Epoch 0: loss = 0.01071150228381157
Epoch 1: loss = 0.010710254311561584
Epoch 2: loss = 0.010709010064601898
Epoch 3: loss = 0.010707765817642212
Epoch 4: loss = 0.010706525295972824
Epoch 5: loss = 0.010705286636948586
Early stopping at epoch 5 with loss 0.01071150228381157
Reconstruction for fluence = 1.2742749857031335 photons/pixel
Epoch 0: loss = 119819.515625
Epoch 1: loss = 45778.51171875
Epoch 2: loss = 45775.79296875
Epoch 3: loss = 45775.7890625
Epoch 4: loss = 45775.7890625
Epoch 5: loss = 45775.7890625
Epoch 6: loss = 45775.7890625
Epoch 7: loss = 45775.78515625
Epoch 8: loss = 45775.78515625
Epoch 9: loss = 45775.78515625
Epoch 10: loss = 45775.78515625
Epoch 11: loss = 45775.78515625
Epoch 12: loss = 45775.78125
Epoch 13: loss = 45775.78125
Epoch 14: loss = 45775.78125
Epoch 0: loss = 0.020658425986766815
Epoch 1: loss = 0.02065538801252842
Epoch 2: loss = 0.02065236121416092
Epoch 3: loss = 0.020649347454309464
Epoch 4: loss = 0.020646343007683754
Epoch 5: loss = 0.02064334973692894
Early stopping at epoch 5 with loss 0.020658425986766815
Reconstruction for fluence = 2.976351441631318 photons/pixel
Epoch 0: loss = 253943.703125
Epoch 1: loss = 102331.90625
Epoch 2: loss = 102326.234375
Epoch 3: loss = 102326.234375
Epoch 4: loss = 102326.234375
Epoch 5: loss = 102326.2265625
Epoch 6: loss = 102326.21875
Epoch 7: loss = 102326.21875
Epoch 8: loss = 102326.21875
Epoch 9: loss = 102326.21875
Epoch 10: loss = 102326.21875
Epoch 11: loss = 102326.21875
Early stopping at epoch 11 with loss 102326.21875
Epoch 0: loss = 0.0375366173684597
Epoch 1: loss = 0.03752928227186203
Epoch 2: loss = 0.03752201050519943
Epoch 3: loss = 0.03751479834318161
Epoch 4: loss = 0.037507638335227966
Epoch 5: loss = 0.0375005304813385
Early stopping at epoch 5 with loss 0.0375366173684597
Reconstruction for fluence = 6.9519279617756045 photons/pixel
Epoch 0: loss = 508435.84375
Epoch 1: loss = 220181.296875
Epoch 2: loss = 220170.3125
Epoch 3: loss = 220170.3125
Epoch 4: loss = 220170.3125
Epoch 5: loss = 220170.296875
Epoch 6: loss = 220170.28125
Epoch 7: loss = 220170.28125
Epoch 8: loss = 220170.28125
Epoch 9: loss = 220170.28125
Epoch 10: loss = 220170.296875
Epoch 11: loss = 220170.28125
Early stopping at epoch 11 with loss 220170.28125
Epoch 0: loss = 0.06427785754203796
Epoch 1: loss = 0.06426044553518295
Epoch 2: loss = 0.06424340605735779
Epoch 3: loss = 0.0642266720533371
Epoch 4: loss = 0.0642101913690567
Epoch 5: loss = 0.06419393420219421
Early stopping at epoch 5 with loss 0.06427785754203796
Reconstruction for fluence = 16.23776739188721 photons/pixel
Epoch 0: loss = 924759.875
Epoch 1: loss = 429308.8125
Epoch 2: loss = 429289.8125
Epoch 3: loss = 429289.75
Epoch 4: loss = 429289.75
Epoch 5: loss = 429289.6875
Epoch 6: loss = 429289.6875
Epoch 7: loss = 429289.6875
Epoch 8: loss = 429289.6875
Epoch 9: loss = 429289.6875
Epoch 10: loss = 429289.65625
Epoch 11: loss = 429289.65625
Epoch 12: loss = 429289.65625
Epoch 13: loss = 429289.65625
Epoch 14: loss = 429289.65625
Epoch 0: loss = 0.10002721846103668
Epoch 1: loss = 0.07880561053752899
Epoch 2: loss = 0.0787777230143547
Epoch 3: loss = 0.0787777230143547
Epoch 4: loss = 0.0787777230143547
Epoch 5: loss = 0.0787777230143547
Epoch 6: loss = 0.0787777230143547
Early stopping at epoch 6 with loss 0.07880561053752899
Reconstruction for fluence = 37.926901907322495 photons/pixel
Epoch 0: loss = 1478935.0
Epoch 1: loss = 704609.1875
Epoch 2: loss = 704578.875
Epoch 3: loss = 704578.75
Epoch 4: loss = 704578.625
Epoch 5: loss = 704578.625
Epoch 6: loss = 704578.625
Epoch 7: loss = 704578.625
Epoch 8: loss = 704578.5625
Epoch 9: loss = 704578.5625
Epoch 10: loss = 704578.5625
Epoch 11: loss = 704578.5625
Epoch 12: loss = 704578.5625
Epoch 13: loss = 704578.5625
Early stopping at epoch 13 with loss 704578.5625
Epoch 0: loss = 0.13389593362808228
Epoch 1: loss = 0.11380765587091446
Epoch 2: loss = 0.11378262937068939
Epoch 3: loss = 0.11378262937068939
Epoch 4: loss = 0.11378262937068939
Epoch 5: loss = 0.11378262937068939
Epoch 6: loss = 0.11378262937068939
Early stopping at epoch 6 with loss 0.11380765587091446
Reconstruction for fluence = 88.58667904100822 photons/pixel
Epoch 0: loss = 2129051.5
Epoch 1: loss = 5698802.0
Epoch 2: loss = 912496.25
Epoch 3: loss = 912336.25
Epoch 4: loss = 912336.25
Epoch 5: loss = 912336.125
Epoch 6: loss = 912336.125
Epoch 7: loss = 912336.125
Epoch 8: loss = 912336.0
Epoch 9: loss = 912336.0
Epoch 10: loss = 912336.0
Epoch 11: loss = 912336.0
Epoch 12: loss = 912336.0
Epoch 13: loss = 912336.0
Early stopping at epoch 13 with loss 912336.0
Epoch 0: loss = 0.1176922619342804
Epoch 1: loss = 0.10052027553319931
Epoch 2: loss = 0.10050556063652039
Epoch 3: loss = 0.10050556063652039
Epoch 4: loss = 0.10050556063652039
Epoch 5: loss = 0.10050556063652039
Epoch 6: loss = 0.10050556063652039
Early stopping at epoch 6 with loss 0.10052027553319931
Reconstruction for fluence = 206.9138081114788 photons/pixel
Epoch 0: loss = 3212162.0
Epoch 1: loss = 46739888.0
Epoch 2: loss = 1017033.5625
Epoch 3: loss = 1015487.5
Epoch 4: loss = 1015487.25
Epoch 5: loss = 1015487.1875
Epoch 6: loss = 1015487.0625
Epoch 7: loss = 1015487.0625
Epoch 8: loss = 1015487.0625
Epoch 9: loss = 1015487.0
Epoch 10: loss = 1015487.0
Epoch 11: loss = 1015487.0
Epoch 12: loss = 1015487.0
Epoch 13: loss = 1015487.0
Epoch 14: loss = 1015487.0
Early stopping at epoch 14 with loss 1015487.0
Epoch 0: loss = -0.13026359677314758
Epoch 1: loss = -0.15020594000816345
Epoch 2: loss = -0.15022629499435425
Epoch 3: loss = -0.15022632479667664
Epoch 4: loss = -0.15022635459899902
Epoch 5: loss = -0.15022635459899902
Epoch 6: loss = -0.15022636950016022
Early stopping at epoch 6 with loss -0.15020594000816345
Reconstruction for fluence = 483.2930238571752 photons/pixel
Epoch 0: loss = 5843292.5
Epoch 1: loss = 518582944.0
Epoch 2: loss = 1203526.25
Epoch 3: loss = 1188010.75
Epoch 4: loss = 1188010.5
Epoch 5: loss = 1188010.375
Epoch 6: loss = 1188010.25
Epoch 7: loss = 1188010.25
Epoch 8: loss = 1188010.25
Epoch 9: loss = 1188010.25
Epoch 10: loss = 1188010.25
Epoch 11: loss = 1188010.25
Early stopping at epoch 11 with loss 1188010.25
Epoch 0: loss = -1.2230250835418701
Epoch 1: loss = -1.251636266708374
Epoch 2: loss = -1.2516508102416992
Epoch 3: loss = -1.2516510486602783
Epoch 4: loss = -1.2516510486602783
Epoch 5: loss = -1.2516510486602783
Epoch 6: loss = -1.2516511678695679
Early stopping at epoch 6 with loss -1.251636266708374
Reconstruction for fluence = 1128.8378916846884 photons/pixel
Epoch 0: loss = 12309944.0
Epoch 1: loss = 6413329408.0
Epoch 2: loss = 1755945.25
Epoch 3: loss = 1560544.0
Epoch 4: loss = 1560540.5
Epoch 5: loss = 1560540.5
Epoch 6: loss = 1560540.25
Epoch 7: loss = 1560540.25
Epoch 8: loss = 1560540.25
Epoch 9: loss = 1560540.25
Epoch 10: loss = 1560540.25
Epoch 11: loss = 1560540.125
Epoch 12: loss = 1560540.125
Epoch 13: loss = 1560540.125
Epoch 14: loss = 1560540.125
Epoch 0: loss = -4.98362398147583
Epoch 1: loss = -5.023711681365967
Epoch 2: loss = -5.023725509643555
Epoch 3: loss = -5.023725509643555
Epoch 4: loss = -5.023726463317871
Epoch 5: loss = -5.023726463317871
Epoch 6: loss = -5.023726463317871
Early stopping at epoch 6 with loss -5.023711681365967
Reconstruction for fluence = 2636.6508987303555 photons/pixel
Epoch 0: loss = 27569784.0
Epoch 1: loss = 81708384256.0
Epoch 2: loss = 7545410.0
Epoch 3: loss = 2126213.75
Epoch 4: loss = 2126186.5
Epoch 5: loss = 2126186.5
Epoch 6: loss = 2126186.5
Epoch 7: loss = 2126186.5
Epoch 8: loss = 2126186.25
Epoch 9: loss = 2126186.25
Epoch 10: loss = 2126186.25
Epoch 11: loss = 2126186.25
Epoch 12: loss = 2126186.0
Epoch 13: loss = 2126186.25
Epoch 14: loss = 2126186.25
Epoch 0: loss = -16.600723266601562
Epoch 1: loss = -16.651639938354492
Epoch 2: loss = -16.651639938354492
Epoch 3: loss = -16.651643753051758
Epoch 4: loss = -16.651643753051758
Epoch 5: loss = -16.651643753051758
Epoch 6: loss = -16.651643753051758
Early stopping at epoch 6 with loss -16.651639938354492
Reconstruction for fluence = 6158.482110660255 photons/pixel
Epoch 0: loss = 63304080.0
Epoch 1: loss = 1049544228864.0
Epoch 2: loss = 42174012.0
Epoch 3: loss = 2850796.25
Epoch 4: loss = 2848805.0
Epoch 5: loss = 2848804.75
Epoch 6: loss = 2848804.5
Epoch 7: loss = 2848804.5
Epoch 8: loss = 2848804.5
Epoch 9: loss = 2848804.5
Epoch 10: loss = 2848804.5
Epoch 11: loss = 2848804.5
Early stopping at epoch 11 with loss 2848804.5
Epoch 0: loss = -50.318092346191406
Epoch 1: loss = -50.37602233886719
Epoch 2: loss = -50.37602233886719
Epoch 3: loss = -50.37602996826172
Epoch 4: loss = -50.37602996826172
Epoch 5: loss = -50.37602996826172
Epoch 6: loss = -50.37603759765625
Early stopping at epoch 6 with loss -50.37602233886719
Reconstruction for fluence = 14384.498882876629 photons/pixel
Epoch 0: loss = 146814976.0
Epoch 1: loss = 13489619861504.0
Epoch 2: loss = 394752576.0
Epoch 3: loss = 3765449.0
Epoch 4: loss = 3666713.5
Epoch 5: loss = 3666712.5
Epoch 6: loss = 3666711.5
Epoch 7: loss = 3666711.25
Epoch 8: loss = 3666711.25
Epoch 9: loss = 3666711.0
Epoch 10: loss = 3666711.0
Epoch 11: loss = 3666711.0
Epoch 12: loss = 3666711.0
Epoch 13: loss = 3666710.75
Epoch 14: loss = 3666710.75
Epoch 0: loss = -144.41983032226562
Epoch 1: loss = -144.4771270751953
Epoch 2: loss = -144.47714233398438
Epoch 3: loss = -144.47714233398438
Epoch 4: loss = -144.4771728515625
Epoch 5: loss = -144.4771728515625
Epoch 6: loss = -144.4771728515625
Early stopping at epoch 6 with loss -144.4771270751953
Reconstruction for fluence = 33598.18286283781 photons/pixel
Epoch 0: loss = 341809696.0
Epoch 1: loss = 173127548010496.0
Epoch 2: loss = 4690328576.0
Epoch 3: loss = 6029001.5
Epoch 4: loss = 4429074.0
Epoch 5: loss = 4428985.0
Epoch 6: loss = 4428983.5
Epoch 7: loss = 4428983.0
Epoch 8: loss = 4428983.0
Epoch 9: loss = 4428983.0
Epoch 10: loss = 4428983.0
Epoch 11: loss = 4428983.0
Epoch 12: loss = 4428983.0
Early stopping at epoch 12 with loss 4428983.0
Epoch 0: loss = -400.04998779296875
Epoch 1: loss = -400.09771728515625
Epoch 2: loss = -400.0977783203125
Epoch 3: loss = -400.0977783203125
Epoch 4: loss = -400.0977783203125
Epoch 5: loss = -400.0977783203125
Epoch 6: loss = -400.0978088378906
Early stopping at epoch 6 with loss -400.09771728515625
Reconstruction for fluence = 78475.99703514607 photons/pixel
Epoch 0: loss = 797303296.0
Epoch 1: loss = 2218787084435456.0
Epoch 2: loss = 59158781952.0
Epoch 3: loss = 16077718.0
Epoch 4: loss = 4937917.0
Epoch 5: loss = 4935904.0
Epoch 6: loss = 4935903.5
Epoch 7: loss = 4935903.0
Epoch 8: loss = 4935903.0
Epoch 9: loss = 4935903.0
Epoch 10: loss = 4935903.0
Epoch 11: loss = 4935903.0
Epoch 12: loss = 4935903.0
Early stopping at epoch 12 with loss 4935903.0
Epoch 0: loss = -1080.810302734375
Epoch 1: loss = -1080.842529296875
Epoch 2: loss = -1080.842529296875
Epoch 3: loss = -1080.8426513671875
Epoch 4: loss = -1080.8427734375
Epoch 5: loss = -1080.8427734375
Epoch 6: loss = -1080.8427734375
Epoch 7: loss = -1080.8427734375
Epoch 8: loss = -1080.8427734375
Epoch 9: loss = -1080.8427734375
Early stopping at epoch 9 with loss -1080.8427734375
Reconstruction for fluence = 183298.07108324335 photons/pixel
Epoch 0: loss = 1861346048.0
Epoch 1: loss = 2.8395879924760576e+16
Epoch 2: loss = 754770706432.0
Epoch 3: loss = 96848808.0
Epoch 4: loss = 5107543.0
Epoch 5: loss = 5074436.0
Epoch 6: loss = 5074435.0
Epoch 7: loss = 5074435.0
Epoch 8: loss = 5074434.0
Epoch 9: loss = 5074434.5
Epoch 10: loss = 5074434.5
Epoch 11: loss = 5074434.0
Epoch 12: loss = 5074434.0
Epoch 13: loss = 5074434.0
Early stopping at epoch 13 with loss 5074434.0
Epoch 0: loss = -2866.16259765625
Epoch 1: loss = -2866.16259765625
Epoch 2: loss = -2866.1787109375
Epoch 3: loss = -2866.17919921875
Epoch 4: loss = -2866.1796875
Epoch 5: loss = -2866.1796875
Epoch 6: loss = -2866.1796875
Epoch 7: loss = -2866.18017578125
Epoch 8: loss = -2866.18017578125
Epoch 9: loss = -2866.18017578125
Epoch 10: loss = -2866.18017578125
Epoch 11: loss = -2866.18017578125
Epoch 12: loss = -2866.18017578125
Early stopping at epoch 12 with loss -2866.18017578125
Reconstruction for fluence = 428133.2398719387 photons/pixel
Epoch 0: loss = 4346897920.0
Epoch 1: loss = 3.628365694233477e+17
Epoch 2: loss = 9638706675712.0
Epoch 3: loss = 791187776.0
Epoch 4: loss = 5355491.5
Epoch 5: loss = 4915276.0
Epoch 6: loss = 4915272.0
Epoch 7: loss = 4915271.0
Epoch 8: loss = 4915271.0
Epoch 9: loss = 4915270.0
Epoch 10: loss = 4915270.0
Epoch 11: loss = 4915270.0
Epoch 12: loss = 4915270.0
Epoch 13: loss = 4915270.0
Epoch 14: loss = 4915270.0
Early stopping at epoch 14 with loss 4915270.0
Epoch 0: loss = -7492.2919921875
Epoch 1: loss = -7492.2978515625
Epoch 2: loss = -7492.298828125
Epoch 3: loss = -7492.298828125
Epoch 4: loss = -7492.2998046875
Epoch 5: loss = -7492.2998046875
Epoch 6: loss = -7492.2998046875
Epoch 7: loss = -7492.2998046875
Epoch 8: loss = -7492.2998046875
Epoch 9: loss = -7492.2998046875
Early stopping at epoch 9 with loss -7492.2998046875
Reconstruction for fluence = 1000000.0 photons/pixel
Epoch 0: loss = 10152261632.0
Epoch 1: loss = 4.630230381541458e+18
Epoch 2: loss = 122988410175488.0
Epoch 3: loss = 5089011200.0
Epoch 4: loss = 10109860.0
Epoch 5: loss = 4659334.0
Epoch 6: loss = 4659241.0
Epoch 7: loss = 4659240.0
Epoch 8: loss = 4659239.0
Epoch 9: loss = 4659239.0
Epoch 10: loss = 4659238.5
Epoch 11: loss = 4659238.5
Epoch 12: loss = 4659238.0
Epoch 13: loss = 4659238.0
Epoch 14: loss = 4659238.0
Epoch 0: loss = -19363.787109375
Epoch 1: loss = -19363.7890625
Epoch 2: loss = -19363.7890625
Epoch 3: loss = -19363.7890625
Epoch 4: loss = -19363.7890625
Epoch 5: loss = -19363.7890625
Epoch 6: loss = -19363.7890625
Early stopping at epoch 6 with loss -19363.7890625
Simulation for n_modes=2 and n_fluences=20 completed!
