Running simulation for n_modes=1 and n_fluences=20
Tensors initialization on device cuda
Multiprobe = band_lim
torch.Size([1, 64, 64])

('MSE', None) RECONSTRUCTIONS

Reconstruction for fluence = 0.09999999999999999 photons/pixel
Epoch 0: loss = 0.00022091565188020468
Epoch 1: loss = 0.00022091565188020468
Epoch 2: loss = 0.00022091565188020468
Epoch 3: loss = 0.00022091565188020468
Epoch 4: loss = 0.00022091565188020468
Epoch 5: loss = 0.00022091565188020468
Early stopping at epoch 5 with loss 0.00022091565188020468
Reconstruction for fluence = 0.23357214690901223 photons/pixel
Epoch 0: loss = 0.0005120658315718174
Epoch 1: loss = 0.0005120658315718174
Epoch 2: loss = 0.0005120658315718174
Epoch 3: loss = 0.0005120658315718174
Epoch 4: loss = 0.0005120658315718174
Epoch 5: loss = 0.0005120658315718174
Early stopping at epoch 5 with loss 0.0005120658315718174
Reconstruction for fluence = 0.5455594781168519 photons/pixel
Epoch 0: loss = 0.0012397326063364744
Epoch 1: loss = 0.0012397326063364744
Epoch 2: loss = 0.0012397326063364744
Epoch 3: loss = 0.0012397326063364744
Epoch 4: loss = 0.0012397326063364744
Epoch 5: loss = 0.0012397326063364744
Early stopping at epoch 5 with loss 0.0012397326063364744
Reconstruction for fluence = 1.2742749857031335 photons/pixel
Epoch 0: loss = 0.002969984896481037
Epoch 1: loss = 0.002969984896481037
Epoch 2: loss = 0.002969984896481037
Epoch 3: loss = 0.002969984896481037
Epoch 4: loss = 0.002969984896481037
Epoch 5: loss = 0.002969984896481037
Early stopping at epoch 5 with loss 0.002969984896481037
Reconstruction for fluence = 2.976351441631318 photons/pixel
Epoch 0: loss = 0.007423940114676952
Epoch 1: loss = 0.007423760835081339
Epoch 2: loss = 0.007423581555485725
Epoch 3: loss = 0.007423402275890112
Epoch 4: loss = 0.0074232229962944984
Epoch 5: loss = 0.007423043251037598
Early stopping at epoch 5 with loss 0.007423940114676952
Reconstruction for fluence = 6.9519279617756045 photons/pixel
Epoch 0: loss = 0.020112913101911545
Epoch 1: loss = 0.02010761760175228
Epoch 2: loss = 0.020102329552173615
Epoch 3: loss = 0.020097050815820694
Epoch 4: loss = 0.020091775804758072
Epoch 5: loss = 0.020086511969566345
Early stopping at epoch 5 with loss 0.020112913101911545
Reconstruction for fluence = 16.23776739188721 photons/pixel
Epoch 0: loss = 0.062019579112529755
Epoch 1: loss = 0.03554563224315643
Epoch 2: loss = 0.03554563224315643
Epoch 3: loss = 0.03554563224315643
Epoch 4: loss = 0.03554563224315643
Epoch 5: loss = 0.03554563224315643
Epoch 6: loss = 0.03554563224315643
Early stopping at epoch 6 with loss 0.03554563224315643
Reconstruction for fluence = 37.926901907322495 photons/pixel
Epoch 0: loss = 0.2277754843235016
Epoch 1: loss = 0.08308398723602295
Epoch 2: loss = 0.08308090269565582
Epoch 3: loss = 0.08308090269565582
Epoch 4: loss = 0.08308090269565582
Epoch 5: loss = 0.08308090269565582
Epoch 6: loss = 0.08308090269565582
Early stopping at epoch 6 with loss 0.08308398723602295
Reconstruction for fluence = 88.58667904100822 photons/pixel
Epoch 0: loss = 0.9793310165405273
Epoch 1: loss = 0.1937878131866455
Epoch 2: loss = 0.19377470016479492
Epoch 3: loss = 0.19377397000789642
Epoch 4: loss = 0.19377397000789642
Epoch 5: loss = 0.19377397000789642
Epoch 6: loss = 0.19377397000789642
Early stopping at epoch 6 with loss 0.1937878131866455
Reconstruction for fluence = 206.9138081114788 photons/pixel
Epoch 0: loss = 4.737610816955566
Epoch 1: loss = 0.4527249336242676
Epoch 2: loss = 0.4526713490486145
Epoch 3: loss = 0.4526660442352295
Epoch 4: loss = 0.4526660442352295
Epoch 5: loss = 0.45266586542129517
Epoch 6: loss = 0.4526657462120056
Early stopping at epoch 6 with loss 0.4527249336242676
Reconstruction for fluence = 483.2930238571752 photons/pixel
Epoch 0: loss = 24.437606811523438
Epoch 1: loss = 1.0577504634857178
Epoch 2: loss = 1.0575108528137207
Epoch 3: loss = 1.0574824810028076
Epoch 4: loss = 1.0574796199798584
Epoch 5: loss = 1.0574793815612793
Epoch 6: loss = 1.0574793815612793
Epoch 7: loss = 1.0574791431427002
Early stopping at epoch 7 with loss 1.0575108528137207
Reconstruction for fluence = 1128.8378916846884 photons/pixel
Epoch 0: loss = 130.03836059570312
Epoch 1: loss = 2.47186541557312
Epoch 2: loss = 2.4707517623901367
Epoch 3: loss = 2.4705991744995117
Epoch 4: loss = 2.470578193664551
Epoch 5: loss = 2.470576763153076
Epoch 6: loss = 2.470576763153076
Epoch 7: loss = 2.4705758094787598
Epoch 8: loss = 2.4705758094787598
Early stopping at epoch 8 with loss 2.4705991744995117
Reconstruction for fluence = 2636.6508987303555 photons/pixel
Epoch 0: loss = 701.7327880859375
Epoch 1: loss = 5.784071922302246
Epoch 2: loss = 5.7786149978637695
Epoch 3: loss = 5.7777814865112305
Epoch 4: loss = 5.777677536010742
Epoch 5: loss = 5.7776594161987305
Epoch 6: loss = 5.777658462524414
Epoch 7: loss = 5.777655601501465
Epoch 8: loss = 5.777655124664307
Epoch 9: loss = 5.777654647827148
Early stopping at epoch 9 with loss 5.777677536010742
Reconstruction for fluence = 6158.482110660255 photons/pixel
Epoch 0: loss = 3810.326171875
Epoch 1: loss = 13.511280059814453
Epoch 2: loss = 13.482637405395508
Epoch 3: loss = 13.478214263916016
Epoch 4: loss = 13.477624893188477
Epoch 5: loss = 13.477533340454102
Epoch 6: loss = 13.477514266967773
Epoch 7: loss = 13.47751235961914
Epoch 8: loss = 13.477510452270508
Epoch 9: loss = 13.477510452270508
Epoch 10: loss = 13.477508544921875
Epoch 11: loss = 13.477505683898926
Early stopping at epoch 11 with loss 13.477514266967773
Reconstruction for fluence = 14384.498882876629 photons/pixel
Epoch 0: loss = 20746.73046875
Epoch 1: loss = 31.660770416259766
Epoch 2: loss = 31.504138946533203
Epoch 3: loss = 31.481796264648438
Epoch 4: loss = 31.478851318359375
Epoch 5: loss = 31.478286743164062
Epoch 6: loss = 31.478191375732422
Epoch 7: loss = 31.478160858154297
Epoch 8: loss = 31.4781494140625
Epoch 9: loss = 31.478132247924805
Epoch 10: loss = 31.478132247924805
Epoch 11: loss = 31.478124618530273
Epoch 12: loss = 31.478118896484375
Early stopping at epoch 12 with loss 31.478160858154297
Reconstruction for fluence = 33598.18286283781 photons/pixel
Epoch 0: loss = 113074.453125
Epoch 1: loss = 74.34104919433594
Epoch 2: loss = 73.49716186523438
Epoch 3: loss = 73.37010955810547
Epoch 4: loss = 73.35429382324219
Epoch 5: loss = 73.35130310058594
Epoch 6: loss = 73.35069274902344
Epoch 7: loss = 73.35069274902344
Epoch 8: loss = 73.35063171386719
Epoch 9: loss = 73.3505859375
Epoch 10: loss = 73.35055541992188
Epoch 11: loss = 73.35052490234375
Epoch 12: loss = 73.35049438476562
Epoch 13: loss = 73.35047912597656
Epoch 14: loss = 73.35047912597656
Epoch 15: loss = 73.3504638671875
Epoch 16: loss = 73.3504638671875
Epoch 17: loss = 73.35044860839844
Epoch 18: loss = 73.3504409790039
Early stopping at epoch 18 with loss 73.35047912597656
Reconstruction for fluence = 78475.99703514607 photons/pixel
Epoch 0: loss = 616680.125
Epoch 1: loss = 176.50013732910156
Epoch 2: loss = 172.05410766601562
Epoch 3: loss = 171.23150634765625
Epoch 4: loss = 171.14971923828125
Epoch 5: loss = 171.13385009765625
Epoch 6: loss = 171.130615234375
Epoch 7: loss = 171.12954711914062
Epoch 8: loss = 171.12954711914062
Epoch 9: loss = 171.12939453125
Epoch 10: loss = 171.12930297851562
Epoch 11: loss = 171.1292724609375
Epoch 12: loss = 171.12921142578125
Epoch 13: loss = 171.12918090820312
Epoch 14: loss = 171.129150390625
Epoch 15: loss = 171.129150390625
Epoch 16: loss = 171.12911987304688
Epoch 17: loss = 171.1291046142578
Epoch 18: loss = 171.12908935546875
Epoch 19: loss = 171.12908935546875
Early stopping at epoch 19 with loss 171.129150390625
Reconstruction for fluence = 183298.07108324335 photons/pixel
Epoch 0: loss = 3363800.0
Epoch 1: loss = 430.44891357421875
Epoch 2: loss = 405.36260986328125
Epoch 3: loss = 401.7091979980469
Epoch 4: loss = 401.25189208984375
Epoch 5: loss = 401.1632080078125
Epoch 6: loss = 401.1441650390625
Epoch 7: loss = 401.13934326171875
Epoch 8: loss = 401.13714599609375
Epoch 9: loss = 401.13671875
Epoch 10: loss = 401.13641357421875
Epoch 11: loss = 401.13623046875
Epoch 12: loss = 401.13604736328125
Epoch 13: loss = 401.1358642578125
Epoch 14: loss = 401.13580322265625
Epoch 15: loss = 401.1357421875
Epoch 16: loss = 401.13568115234375
Epoch 17: loss = 401.1356201171875
Epoch 18: loss = 401.1356201171875
Epoch 19: loss = 401.13555908203125
Epoch 20: loss = 401.13555908203125
Epoch 21: loss = 401.135498046875
Epoch 22: loss = 401.135498046875
Epoch 23: loss = 401.135498046875
Epoch 24: loss = 401.135498046875
Epoch 25: loss = 401.13543701171875
Epoch 26: loss = 401.13543701171875
Early stopping at epoch 26 with loss 401.135498046875
Reconstruction for fluence = 428133.2398719387 photons/pixel
Epoch 0: loss = 18350964.0
Epoch 1: loss = 1095.953125
Epoch 2: loss = 958.78515625
Epoch 3: loss = 939.640869140625
Epoch 4: loss = 937.023193359375
Epoch 5: loss = 936.5136108398438
Epoch 6: loss = 936.4210205078125
Epoch 7: loss = 936.3873901367188
Epoch 8: loss = 936.370361328125
Epoch 9: loss = 936.3645629882812
Epoch 10: loss = 936.3631591796875
Epoch 11: loss = 936.3629150390625
Epoch 12: loss = 936.36279296875
Epoch 13: loss = 936.3627319335938
Epoch 14: loss = 936.3626708984375
Epoch 15: loss = 936.362548828125
Epoch 16: loss = 936.362548828125
Epoch 17: loss = 936.3624267578125
Epoch 18: loss = 936.3624267578125
Epoch 19: loss = 936.3624267578125
Epoch 20: loss = 936.3624267578125
Early stopping at epoch 20 with loss 936.362548828125
Reconstruction for fluence = 1000000.0 photons/pixel
Epoch 0: loss = 100113728.0
Epoch 1: loss = 3058.28076171875
Epoch 2: loss = 2343.04541015625
Epoch 3: loss = 2205.35693359375
Epoch 4: loss = 2191.407470703125
Epoch 5: loss = 2188.70458984375
Epoch 6: loss = 2188.16650390625
Epoch 7: loss = 2188.0078125
Epoch 8: loss = 2187.94677734375
Epoch 9: loss = 2187.927734375
Epoch 10: loss = 2187.921875
Epoch 11: loss = 2187.92138671875
Epoch 12: loss = 2187.9208984375
Epoch 13: loss = 2187.9208984375
Epoch 14: loss = 2187.92041015625
Epoch 15: loss = 2187.92041015625
Epoch 16: loss = 2187.92041015625
Epoch 17: loss = 2187.92041015625
Epoch 18: loss = 2187.92041015625
Epoch 19: loss = 2187.919921875
Epoch 20: loss = 2187.919921875
Epoch 21: loss = 2187.919921875
Epoch 22: loss = 2187.919921875
Epoch 23: loss = 2187.919921875
Epoch 24: loss = 2187.919921875
Early stopping at epoch 24 with loss 2187.919921875
Tensors initialization on device cuda
Multiprobe = band_lim
torch.Size([1, 64, 64])

('MSE', 'PoissonNLL') RECONSTRUCTIONS

Reconstruction for fluence = 0.09999999999999999 photons/pixel
Epoch 0: loss = 0.00021979448501951993
Epoch 1: loss = 0.00021979448501951993
Epoch 2: loss = 0.00021979448501951993
Epoch 3: loss = 0.00021979448501951993
Epoch 4: loss = 0.00021979448501951993
Epoch 5: loss = 0.00021979448501951993
Early stopping at epoch 5 with loss 0.00021979448501951993
Epoch 0: loss = 0.0016944552771747112
Epoch 1: loss = 0.0016944552771747112
Epoch 2: loss = 0.0016944552771747112
Epoch 3: loss = 0.0016944552771747112
Epoch 4: loss = 0.0016944552771747112
Epoch 5: loss = 0.0016944552771747112
Early stopping at epoch 5 with loss 0.0016944552771747112
Reconstruction for fluence = 0.23357214690901223 photons/pixel
Epoch 0: loss = 0.0005139755085110664
Epoch 1: loss = 0.0005139755085110664
Epoch 2: loss = 0.0005139755085110664
Epoch 3: loss = 0.0005139755085110664
Epoch 4: loss = 0.0005139755085110664
Epoch 5: loss = 0.0005139755085110664
Early stopping at epoch 5 with loss 0.0005139755085110664
Epoch 0: loss = 0.003538100514560938
Epoch 1: loss = 0.003538100514560938
Epoch 2: loss = 0.003538100514560938
Epoch 3: loss = 0.003538100514560938
Epoch 4: loss = 0.003538100514560938
Epoch 5: loss = 0.003538100514560938
Early stopping at epoch 5 with loss 0.003538100514560938
Reconstruction for fluence = 0.5455594781168519 photons/pixel
Epoch 0: loss = 0.0012306012213230133
Epoch 1: loss = 0.0012306012213230133
Epoch 2: loss = 0.0012306012213230133
Epoch 3: loss = 0.0012306012213230133
Epoch 4: loss = 0.0012306012213230133
Epoch 5: loss = 0.0012306012213230133
Early stopping at epoch 5 with loss 0.0012306012213230133
Epoch 0: loss = 0.007374000735580921
Epoch 1: loss = 0.007373965345323086
Epoch 2: loss = 0.007373911794275045
Epoch 3: loss = 0.007373646833002567
Epoch 4: loss = 0.007371186278760433
Epoch 5: loss = 0.007360223680734634
Early stopping at epoch 5 with loss 0.007374000735580921
Reconstruction for fluence = 1.2742749857031335 photons/pixel
Epoch 0: loss = 0.0029565647710114717
Epoch 1: loss = 0.0029565647710114717
Epoch 2: loss = 0.0029565647710114717
Epoch 3: loss = 0.0029565647710114717
Epoch 4: loss = 0.0029565647710114717
Epoch 5: loss = 0.0029565647710114717
Early stopping at epoch 5 with loss 0.0029565647710114717
Epoch 0: loss = 0.014916416257619858
Epoch 1: loss = 0.01491461880505085
Epoch 2: loss = 0.012621411122381687
Epoch 3: loss = 0.01254433672875166
Epoch 4: loss = 0.01254433672875166
Epoch 5: loss = 0.01254433672875166
Epoch 6: loss = 0.01254433672875166
Epoch 7: loss = 0.01254433672875166
Early stopping at epoch 7 with loss 0.012621411122381687
Reconstruction for fluence = 2.976351441631318 photons/pixel
Epoch 0: loss = 0.007434210740029812
Epoch 1: loss = 0.007434019818902016
Epoch 2: loss = 0.007433829829096794
Epoch 3: loss = 0.007433639373630285
Epoch 4: loss = 0.007433448918163776
Epoch 5: loss = 0.007433258928358555
Early stopping at epoch 5 with loss 0.007434210740029812
Epoch 0: loss = 0.029426513239741325
Epoch 1: loss = 0.023814747110009193
Epoch 2: loss = 0.023808633908629417
Epoch 3: loss = 0.023808633908629417
Epoch 4: loss = 0.023808633908629417
Epoch 5: loss = 0.023808633908629417
Epoch 6: loss = 0.023808633908629417
Early stopping at epoch 6 with loss 0.023814747110009193
Reconstruction for fluence = 6.9519279617756045 photons/pixel
Epoch 0: loss = 0.02028508670628071
Epoch 1: loss = 0.020279424265027046
Epoch 2: loss = 0.02027377113699913
Epoch 3: loss = 0.02026812732219696
Epoch 4: loss = 0.020262490957975388
Epoch 5: loss = 0.02025686204433441
Early stopping at epoch 5 with loss 0.02028508670628071
Epoch 0: loss = 0.056354694068431854
Epoch 1: loss = 0.042967576533555984
Epoch 2: loss = 0.04296736791729927
Epoch 3: loss = 0.04296736791729927
Epoch 4: loss = 0.04296736791729927
Epoch 5: loss = 0.04296736791729927
Epoch 6: loss = 0.04296736791729927
Early stopping at epoch 6 with loss 0.042967576533555984
Reconstruction for fluence = 16.23776739188721 photons/pixel
Epoch 0: loss = 0.06298823654651642
Epoch 1: loss = 0.03558646887540817
Epoch 2: loss = 0.03558618575334549
Epoch 3: loss = 0.03558618575334549
Epoch 4: loss = 0.03558618575334549
Epoch 5: loss = 0.03558618575334549
Epoch 6: loss = 0.03558618575334549
Early stopping at epoch 6 with loss 0.03558646887540817
Epoch 0: loss = 0.07130435109138489
Epoch 1: loss = 0.07043366134166718
Epoch 2: loss = 0.07043196260929108
Epoch 3: loss = 0.07043196260929108
Epoch 4: loss = 0.07043196260929108
Epoch 5: loss = 0.07043196260929108
Epoch 6: loss = 0.07043196260929108
Early stopping at epoch 6 with loss 0.07043366134166718
Reconstruction for fluence = 37.926901907322495 photons/pixel
Epoch 0: loss = 0.23222288489341736
Epoch 1: loss = 0.08314420282840729
Epoch 2: loss = 0.08314076066017151
Epoch 3: loss = 0.08314076066017151
Epoch 4: loss = 0.08314076066017151
Epoch 5: loss = 0.08314076066017151
Epoch 6: loss = 0.08314076066017151
Early stopping at epoch 6 with loss 0.08314420282840729
Epoch 0: loss = 0.09510765969753265
Epoch 1: loss = 0.09393660724163055
Epoch 2: loss = 0.09393421560525894
Epoch 3: loss = 0.09393421560525894
Epoch 4: loss = 0.09393421560525894
Epoch 5: loss = 0.09393421560525894
Epoch 6: loss = 0.09393421560525894
Early stopping at epoch 6 with loss 0.09393660724163055
Reconstruction for fluence = 88.58667904100822 photons/pixel
Epoch 0: loss = 1.0079525709152222
Epoch 1: loss = 0.19344010949134827
Epoch 2: loss = 0.19342422485351562
Epoch 3: loss = 0.19342365860939026
Epoch 4: loss = 0.1934235692024231
Epoch 5: loss = 0.19342352449893951
Epoch 6: loss = 0.19342352449893951
Early stopping at epoch 6 with loss 0.19344010949134827
Epoch 0: loss = 0.05617421492934227
Epoch 1: loss = 0.054607003927230835
Epoch 2: loss = 0.054606206715106964
Epoch 3: loss = 0.054606206715106964
Epoch 4: loss = 0.054606206715106964
Epoch 5: loss = 0.054606206715106964
Epoch 6: loss = 0.054606206715106964
Early stopping at epoch 6 with loss 0.054607003927230835
Reconstruction for fluence = 206.9138081114788 photons/pixel
Epoch 0: loss = 4.8889899253845215
Epoch 1: loss = 0.45360636711120605
Epoch 2: loss = 0.4535505175590515
Epoch 3: loss = 0.4535454511642456
Epoch 4: loss = 0.4535452723503113
Epoch 5: loss = 0.4535450339317322
Epoch 6: loss = 0.4535449743270874
Early stopping at epoch 6 with loss 0.45360636711120605
Epoch 0: loss = -0.2564179301261902
Epoch 1: loss = -0.25817394256591797
Epoch 2: loss = -0.25817400217056274
Epoch 3: loss = -0.25817400217056274
Epoch 4: loss = -0.2581740617752075
Epoch 5: loss = -0.2581740617752075
Epoch 6: loss = -0.2581740617752075
Early stopping at epoch 6 with loss -0.25817394256591797
Reconstruction for fluence = 483.2930238571752 photons/pixel
Epoch 0: loss = 25.28257179260254
Epoch 1: loss = 1.0584262609481812
Epoch 2: loss = 1.0581791400909424
Epoch 3: loss = 1.058152198791504
Epoch 4: loss = 1.0581482648849487
Epoch 5: loss = 1.0581481456756592
Epoch 6: loss = 1.0581480264663696
Epoch 7: loss = 1.058147668838501
Early stopping at epoch 7 with loss 1.0581791400909424
Epoch 0: loss = -1.500016450881958
Epoch 1: loss = -1.502134919166565
Epoch 2: loss = -1.5021350383758545
Epoch 3: loss = -1.5021350383758545
Epoch 4: loss = -1.5021350383758545
Epoch 5: loss = -1.5021350383758545
Epoch 6: loss = -1.5021350383758545
Early stopping at epoch 6 with loss -1.502134919166565
Reconstruction for fluence = 1128.8378916846884 photons/pixel
Epoch 0: loss = 134.6362762451172
Epoch 1: loss = 2.4750514030456543
Epoch 2: loss = 2.4739017486572266
Epoch 3: loss = 2.473764657974243
Epoch 4: loss = 2.473745346069336
Epoch 5: loss = 2.4737439155578613
Epoch 6: loss = 2.473740577697754
Epoch 7: loss = 2.4737401008605957
Epoch 8: loss = 2.4737391471862793
Early stopping at epoch 8 with loss 2.473764657974243
Epoch 0: loss = -5.609709739685059
Epoch 1: loss = -5.611994743347168
Epoch 2: loss = -5.611994743347168
Epoch 3: loss = -5.611994743347168
Epoch 4: loss = -5.611994743347168
Epoch 5: loss = -5.611994743347168
Epoch 6: loss = -5.611994743347168
Early stopping at epoch 6 with loss -5.611994743347168
Reconstruction for fluence = 2636.6508987303555 photons/pixel
Epoch 0: loss = 726.6505737304688
Epoch 1: loss = 5.788723945617676
Epoch 2: loss = 5.783196926116943
Epoch 3: loss = 5.782374858856201
Epoch 4: loss = 5.782242774963379
Epoch 5: loss = 5.7822136878967285
Epoch 6: loss = 5.782212257385254
Epoch 7: loss = 5.782210350036621
Epoch 8: loss = 5.782209396362305
Epoch 9: loss = 5.782209396362305
Early stopping at epoch 9 with loss 5.782242774963379
Epoch 0: loss = -18.021957397460938
Epoch 1: loss = -18.024349212646484
Epoch 2: loss = -18.02435302734375
Epoch 3: loss = -18.02435302734375
Epoch 4: loss = -18.02435302734375
Epoch 5: loss = -18.02435302734375
Epoch 6: loss = -18.02435302734375
Early stopping at epoch 6 with loss -18.024349212646484
Reconstruction for fluence = 6158.482110660255 photons/pixel
Epoch 0: loss = 3946.55078125
Epoch 1: loss = 13.529672622680664
Epoch 2: loss = 13.500930786132812
Epoch 3: loss = 13.496519088745117
Epoch 4: loss = 13.49575424194336
Epoch 5: loss = 13.495595932006836
Epoch 6: loss = 13.49556827545166
Epoch 7: loss = 13.495565414428711
Epoch 8: loss = 13.495560646057129
Epoch 9: loss = 13.49555778503418
Epoch 10: loss = 13.49555492401123
Early stopping at epoch 10 with loss 13.495595932006836
Epoch 0: loss = -53.58061981201172
Epoch 1: loss = -53.58309555053711
Epoch 2: loss = -53.58309555053711
Epoch 3: loss = -53.583091735839844
Epoch 4: loss = -53.583099365234375
Epoch 5: loss = -53.583099365234375
Epoch 6: loss = -53.583099365234375
Early stopping at epoch 6 with loss -53.58309555053711
Reconstruction for fluence = 14384.498882876629 photons/pixel
Epoch 0: loss = 21486.44921875
Epoch 1: loss = 31.688461303710938
Epoch 2: loss = 31.53191375732422
Epoch 3: loss = 31.508258819580078
Epoch 4: loss = 31.50436782836914
Epoch 5: loss = 31.503541946411133
Epoch 6: loss = 31.503341674804688
Epoch 7: loss = 31.503320693969727
Epoch 8: loss = 31.50330352783203
Epoch 9: loss = 31.503257751464844
Epoch 10: loss = 31.50324821472168
Epoch 11: loss = 31.503246307373047
Early stopping at epoch 11 with loss 31.503341674804688
Epoch 0: loss = -151.96084594726562
Epoch 1: loss = -151.96343994140625
Epoch 2: loss = -151.96343994140625
Epoch 3: loss = -151.96343994140625
Epoch 4: loss = -151.96343994140625
Epoch 5: loss = -151.96343994140625
Epoch 6: loss = -151.96343994140625
Early stopping at epoch 6 with loss -151.96343994140625
Reconstruction for fluence = 33598.18286283781 photons/pixel
Epoch 0: loss = 117111.75
Epoch 1: loss = 74.55805969238281
Epoch 2: loss = 73.71448516845703
Epoch 3: loss = 73.58306884765625
Epoch 4: loss = 73.56256103515625
Epoch 5: loss = 73.5579833984375
Epoch 6: loss = 73.556884765625
Epoch 7: loss = 73.55659484863281
Epoch 8: loss = 73.55651092529297
Epoch 9: loss = 73.55642700195312
Epoch 10: loss = 73.55641174316406
Epoch 11: loss = 73.55636596679688
Epoch 12: loss = 73.55630493164062
Epoch 13: loss = 73.5562744140625
Epoch 14: loss = 73.5562744140625
Epoch 0: loss = -417.5981750488281
Epoch 1: loss = -417.60076904296875
Epoch 2: loss = -417.60076904296875
Epoch 3: loss = -417.60076904296875
Epoch 4: loss = -417.60076904296875
Epoch 5: loss = -417.60076904296875
Epoch 6: loss = -417.60076904296875
Early stopping at epoch 6 with loss -417.60076904296875
Reconstruction for fluence = 78475.99703514607 photons/pixel
Epoch 0: loss = 638698.125
Epoch 1: loss = 176.67440795898438
Epoch 2: loss = 172.07911682128906
Epoch 3: loss = 171.3883056640625
Epoch 4: loss = 171.24008178710938
Epoch 5: loss = 171.21466064453125
Epoch 6: loss = 171.20831298828125
Epoch 7: loss = 171.20831298828125
Epoch 8: loss = 171.20620727539062
Epoch 9: loss = 171.20510864257812
Epoch 10: loss = 171.20501708984375
Epoch 11: loss = 171.2049560546875
Epoch 12: loss = 171.20480346679688
Epoch 13: loss = 171.2047576904297
Epoch 14: loss = 171.20474243164062
Epoch 0: loss = -1121.6676025390625
Epoch 1: loss = -1121.6702880859375
Epoch 2: loss = -1121.6702880859375
Epoch 3: loss = -1121.6702880859375
Epoch 4: loss = -1121.6702880859375
Epoch 5: loss = -1121.6702880859375
Epoch 6: loss = -1121.6702880859375
Early stopping at epoch 6 with loss -1121.6702880859375
Reconstruction for fluence = 183298.07108324335 photons/pixel
Epoch 0: loss = 3484047.25
Epoch 1: loss = 430.94683837890625
Epoch 2: loss = 405.9404296875
Epoch 3: loss = 402.062744140625
Epoch 4: loss = 401.38739013671875
Epoch 5: loss = 401.2394714355469
Epoch 6: loss = 401.209228515625
Epoch 7: loss = 401.1913146972656
Epoch 8: loss = 401.1861572265625
Epoch 9: loss = 401.18414306640625
Epoch 10: loss = 401.183837890625
Epoch 11: loss = 401.18365478515625
Epoch 12: loss = 401.18353271484375
Epoch 13: loss = 401.1834716796875
Epoch 14: loss = 401.1834716796875
Epoch 0: loss = -2961.541259765625
Epoch 1: loss = -2961.5439453125
Epoch 2: loss = -2961.5439453125
Epoch 3: loss = -2961.5439453125
Epoch 4: loss = -2961.5439453125
Epoch 5: loss = -2961.5439453125
Epoch 6: loss = -2961.5439453125
Early stopping at epoch 6 with loss -2961.5439453125
Reconstruction for fluence = 428133.2398719387 photons/pixel
Epoch 0: loss = 19006596.0
Epoch 1: loss = 1098.499755859375
Epoch 2: loss = 962.3109130859375
Epoch 3: loss = 941.187744140625
Epoch 4: loss = 937.5777587890625
Epoch 5: loss = 936.7854614257812
Epoch 6: loss = 936.61962890625
Epoch 7: loss = 936.5298461914062
Epoch 8: loss = 936.4982299804688
Epoch 9: loss = 936.4876708984375
Epoch 10: loss = 936.4842529296875
Epoch 11: loss = 936.4830322265625
Epoch 12: loss = 936.4827880859375
Epoch 13: loss = 936.4827880859375
Epoch 14: loss = 936.4827880859375
Epoch 0: loss = -7715.173828125
Epoch 1: loss = -7715.1767578125
Epoch 2: loss = -7715.1767578125
Epoch 3: loss = -7715.1767578125
Epoch 4: loss = -7715.1767578125
Epoch 5: loss = -7715.1767578125
Epoch 6: loss = -7715.1767578125
Early stopping at epoch 6 with loss -7715.1767578125
Reconstruction for fluence = 1000000.0 photons/pixel
Epoch 0: loss = 103693184.0
Epoch 1: loss = 3074.17333984375
Epoch 2: loss = 2329.884765625
Epoch 3: loss = 2215.31591796875
Epoch 4: loss = 2197.408203125
Epoch 5: loss = 2193.56982421875
Epoch 6: loss = 2192.699951171875
Epoch 7: loss = 2192.328125
Epoch 8: loss = 2192.173828125
Epoch 9: loss = 2192.11474609375
Epoch 10: loss = 2192.096923828125
Epoch 11: loss = 2192.09326171875
Epoch 12: loss = 2192.09326171875
Epoch 13: loss = 2192.0927734375
Epoch 14: loss = 2192.09228515625
Epoch 0: loss = -19884.236328125
Epoch 1: loss = -19884.23828125
Epoch 2: loss = -19884.23828125
Epoch 3: loss = -19884.23828125
Epoch 4: loss = -19884.23828125
Epoch 5: loss = -19884.23828125
Epoch 6: loss = -19884.23828125
Early stopping at epoch 6 with loss -19884.23828125
Simulation for n_modes=1 and n_fluences=20 completed!
