Running simulation for steps_size=11 and n_fluences=20
Steps size: 11
Tensors initialization on device cuda
Multiprobe = band_lim
torch.Size([1, 64, 64])

('MSE', None) RECONSTRUCTIONS

Reconstruction for fluence = 0.09999999999999999 photons/pixel
Epoch 0: loss = 6046.33447265625
Epoch 1: loss = 2654.37548828125
Epoch 2: loss = 2654.2763671875
Epoch 3: loss = 2654.276611328125
Epoch 4: loss = 2654.2763671875
Epoch 5: loss = 2654.276611328125
Epoch 6: loss = 2654.2763671875
Epoch 7: loss = 2654.276611328125
Epoch 8: loss = 2654.2763671875
Epoch 9: loss = 2654.2763671875
Epoch 10: loss = 2654.2763671875
Early stopping at epoch 10 with loss 2654.2763671875
Reconstruction for fluence = 0.23357214690901223 photons/pixel
Epoch 0: loss = 10144.306640625
Epoch 1: loss = 4653.494140625
Epoch 2: loss = 4653.3857421875
Epoch 3: loss = 4653.384765625
Epoch 4: loss = 4653.384765625
Epoch 5: loss = 4653.38427734375
Epoch 6: loss = 4653.3837890625
Epoch 7: loss = 4653.3837890625
Epoch 8: loss = 4653.3837890625
Epoch 9: loss = 4653.3837890625
Epoch 10: loss = 4653.38330078125
Epoch 11: loss = 4653.38330078125
Epoch 12: loss = 4653.38330078125
Epoch 13: loss = 4653.3837890625
Epoch 14: loss = 4653.3837890625
Epoch 15: loss = 4653.38330078125
Epoch 16: loss = 4653.38330078125
Epoch 17: loss = 4653.38330078125
Epoch 18: loss = 4653.38330078125
Early stopping at epoch 18 with loss 4653.38330078125
Reconstruction for fluence = 0.5455594781168519 photons/pixel
Epoch 0: loss = 15553.5517578125
Epoch 1: loss = 6592.13671875
Epoch 2: loss = 6592.0712890625
Epoch 3: loss = 6592.06982421875
Epoch 4: loss = 6592.06982421875
Epoch 5: loss = 6592.06982421875
Epoch 6: loss = 6592.06982421875
Epoch 7: loss = 6592.0693359375
Epoch 8: loss = 6592.0693359375
Epoch 9: loss = 6592.0693359375
Epoch 10: loss = 6592.0693359375
Epoch 11: loss = 6592.0693359375
Epoch 12: loss = 6592.0693359375
Epoch 13: loss = 6592.0693359375
Epoch 14: loss = 6592.0693359375
Epoch 15: loss = 6592.0693359375
Early stopping at epoch 15 with loss 6592.0693359375
Reconstruction for fluence = 1.2742749857031335 photons/pixel
Epoch 0: loss = 23599.8203125
Epoch 1: loss = 7867.12890625
Epoch 2: loss = 7866.9560546875
Epoch 3: loss = 7866.9560546875
Epoch 4: loss = 7866.955078125
Epoch 5: loss = 7866.95458984375
Epoch 6: loss = 7866.9541015625
Epoch 7: loss = 7866.9541015625
Epoch 8: loss = 7866.9541015625
Epoch 9: loss = 7866.9541015625
Epoch 10: loss = 7866.9541015625
Epoch 11: loss = 7866.9541015625
Epoch 12: loss = 7866.9541015625
Epoch 13: loss = 7866.9541015625
Epoch 14: loss = 7866.9541015625
Early stopping at epoch 14 with loss 7866.9541015625
Reconstruction for fluence = 2.976351441631318 photons/pixel
Epoch 0: loss = 42266.4765625
Epoch 1: loss = 9437.6630859375
Epoch 2: loss = 9437.2177734375
Epoch 3: loss = 9437.2138671875
Epoch 4: loss = 9437.212890625
Epoch 5: loss = 9437.212890625
Epoch 6: loss = 9437.2109375
Epoch 7: loss = 9437.2119140625
Epoch 8: loss = 9437.2119140625
Epoch 9: loss = 9437.2119140625
Epoch 10: loss = 9437.2119140625
Epoch 11: loss = 9437.2119140625
Epoch 12: loss = 9437.2119140625
Epoch 13: loss = 9437.2119140625
Epoch 14: loss = 9437.2119140625
Early stopping at epoch 14 with loss 9437.2109375
Reconstruction for fluence = 6.9519279617756045 photons/pixel
Epoch 0: loss = 85517.5078125
Epoch 1: loss = 11700.4775390625
Epoch 2: loss = 11699.2001953125
Epoch 3: loss = 11699.1640625
Epoch 4: loss = 11699.16015625
Epoch 5: loss = 11699.16015625
Epoch 6: loss = 11699.16015625
Epoch 7: loss = 11699.1591796875
Epoch 8: loss = 11699.16015625
Epoch 9: loss = 11699.16015625
Epoch 10: loss = 11699.1591796875
Epoch 11: loss = 11699.1591796875
Epoch 12: loss = 11699.16015625
Epoch 13: loss = 11699.1591796875
Epoch 14: loss = 11699.1591796875
Epoch 15: loss = 11699.16015625
Early stopping at epoch 15 with loss 11699.1591796875
Reconstruction for fluence = 16.23776739188721 photons/pixel
Epoch 0: loss = 188824.171875
Epoch 1: loss = 15502.6279296875
Epoch 2: loss = 15500.6669921875
Epoch 3: loss = 15500.62890625
Epoch 4: loss = 15500.6259765625
Epoch 5: loss = 15500.623046875
Epoch 6: loss = 15500.6220703125
Epoch 7: loss = 15500.62109375
Epoch 8: loss = 15500.62109375
Epoch 9: loss = 15500.6220703125
Epoch 10: loss = 15500.62109375
Epoch 11: loss = 15500.62109375
Epoch 12: loss = 15500.62109375
Epoch 13: loss = 15500.62109375
Epoch 14: loss = 15500.62109375
Epoch 15: loss = 15500.62109375
Early stopping at epoch 15 with loss 15500.62109375
Reconstruction for fluence = 37.926901907322495 photons/pixel
Epoch 0: loss = 427944.40625
Epoch 1: loss = 20580.4296875
Epoch 2: loss = 20575.52734375
Epoch 3: loss = 20575.509765625
Epoch 4: loss = 20575.509765625
Epoch 5: loss = 20575.505859375
Epoch 6: loss = 20575.505859375
Epoch 7: loss = 20575.505859375
Epoch 8: loss = 20575.505859375
Epoch 9: loss = 20575.505859375
Epoch 10: loss = 20575.505859375
Epoch 11: loss = 20575.50390625
Epoch 12: loss = 20575.505859375
Epoch 13: loss = 20575.50390625
Epoch 14: loss = 20575.50390625
Epoch 15: loss = 20575.50390625
Epoch 16: loss = 20575.50390625
Epoch 17: loss = 20575.50390625
Epoch 18: loss = 20575.50390625
Epoch 19: loss = 20575.50390625
Early stopping at epoch 19 with loss 20575.50390625
Reconstruction for fluence = 88.58667904100822 photons/pixel
Epoch 0: loss = 989812.625
Epoch 1: loss = 26900.55859375
Epoch 2: loss = 26892.37109375
Epoch 3: loss = 26892.36328125
Epoch 4: loss = 26892.36328125
Epoch 5: loss = 26892.361328125
Epoch 6: loss = 26892.359375
Epoch 7: loss = 26892.361328125
Epoch 8: loss = 26892.359375
Epoch 9: loss = 26892.361328125
Epoch 10: loss = 26892.361328125
Epoch 11: loss = 26892.361328125
Epoch 12: loss = 26892.361328125
Epoch 13: loss = 26892.361328125
Epoch 14: loss = 26892.361328125
Early stopping at epoch 14 with loss 26892.359375
Reconstruction for fluence = 206.9138081114788 photons/pixel
Epoch 0: loss = 2304251.25
Epoch 1: loss = 32908.51171875
Epoch 2: loss = 32891.48828125
Epoch 3: loss = 32891.484375
Epoch 4: loss = 32891.48046875
Epoch 5: loss = 32891.4765625
Epoch 6: loss = 32891.4765625
Epoch 7: loss = 32891.4765625
Epoch 8: loss = 32891.4765625
Epoch 9: loss = 32891.4765625
Epoch 10: loss = 32891.4765625
Epoch 11: loss = 32891.4765625
Epoch 12: loss = 32891.4765625
Epoch 13: loss = 32891.4765625
Early stopping at epoch 13 with loss 32891.4765625
Reconstruction for fluence = 483.2930238571752 photons/pixel
Epoch 0: loss = 5377859.5
Epoch 1: loss = 38313.8203125
Epoch 2: loss = 38258.15625
Epoch 3: loss = 38258.1328125
Epoch 4: loss = 38258.1328125
Epoch 5: loss = 38258.1328125
Epoch 6: loss = 38258.1328125
Epoch 7: loss = 38258.1328125
Epoch 8: loss = 38258.13671875
Epoch 9: loss = 38258.1328125
Epoch 10: loss = 38258.1328125
Epoch 11: loss = 38258.1328125
Early stopping at epoch 11 with loss 38258.1328125
Reconstruction for fluence = 1128.8378916846884 photons/pixel
Epoch 0: loss = 12544715.0
Epoch 1: loss = 40923.84765625
Epoch 2: loss = 40842.515625
Epoch 3: loss = 40842.515625
Epoch 4: loss = 40842.50390625
Epoch 5: loss = 40842.5
Epoch 6: loss = 40842.5
Epoch 7: loss = 40842.5
Epoch 8: loss = 40842.5
Epoch 9: loss = 40842.5
Epoch 10: loss = 40842.5
Epoch 11: loss = 40842.49609375
Epoch 12: loss = 40842.49609375
Epoch 13: loss = 40842.49609375
Epoch 14: loss = 40842.49609375
Epoch 15: loss = 40842.5
Epoch 16: loss = 40842.5
Epoch 17: loss = 40842.5
Epoch 18: loss = 40842.5
Epoch 19: loss = 40842.5
Early stopping at epoch 19 with loss 40842.49609375
Reconstruction for fluence = 2636.6508987303555 photons/pixel
Epoch 0: loss = 29277260.0
Epoch 1: loss = 41455.15234375
Epoch 2: loss = 41284.45703125
Epoch 3: loss = 41284.44140625
Epoch 4: loss = 41284.44140625
Epoch 5: loss = 41284.4375
Epoch 6: loss = 41284.4375
Epoch 7: loss = 41284.43359375
Epoch 8: loss = 41284.43359375
Epoch 9: loss = 41284.4375
Epoch 10: loss = 41284.4375
Epoch 11: loss = 41284.4375
Epoch 12: loss = 41284.4375
Epoch 13: loss = 41284.4375
Epoch 14: loss = 41284.4375
Epoch 15: loss = 41284.4375
Early stopping at epoch 15 with loss 41284.43359375
Reconstruction for fluence = 6158.482110660255 photons/pixel
Epoch 0: loss = 68365632.0
Epoch 1: loss = 40036.87890625
Epoch 2: loss = 39574.97265625
Epoch 3: loss = 39574.91796875
Epoch 4: loss = 39574.91796875
Epoch 5: loss = 39574.9140625
Epoch 6: loss = 39574.9140625
Epoch 7: loss = 39574.91796875
Epoch 8: loss = 39574.91796875
Epoch 9: loss = 39574.9140625
Epoch 10: loss = 39574.9140625
Epoch 11: loss = 39574.9140625
Epoch 12: loss = 39574.9140625
Epoch 13: loss = 39574.9140625
Early stopping at epoch 13 with loss 39574.9140625
Reconstruction for fluence = 14384.498882876629 photons/pixel
Epoch 0: loss = 159716208.0
Epoch 1: loss = 39197.44140625
Epoch 2: loss = 38028.02734375
Epoch 3: loss = 38027.86328125
Epoch 4: loss = 38027.859375
Epoch 5: loss = 38027.859375
Epoch 6: loss = 38027.859375
Epoch 7: loss = 38027.859375
Epoch 8: loss = 38027.859375
Epoch 9: loss = 38027.859375
Epoch 10: loss = 38027.859375
Epoch 11: loss = 38027.859375
Epoch 12: loss = 38027.859375
Early stopping at epoch 12 with loss 38027.859375
Reconstruction for fluence = 33598.18286283781 photons/pixel
Epoch 0: loss = 373079040.0
Epoch 1: loss = 40720.1640625
Epoch 2: loss = 36811.51171875
Epoch 3: loss = 36811.09765625
Epoch 4: loss = 36811.09375
Epoch 5: loss = 36811.09375
Epoch 6: loss = 36811.09375
Epoch 7: loss = 36811.09375
Epoch 8: loss = 36811.08984375
Epoch 9: loss = 36811.08984375
Epoch 10: loss = 36811.08984375
Epoch 11: loss = 36811.08984375
Epoch 12: loss = 36811.08984375
Epoch 13: loss = 36811.09375
Epoch 14: loss = 36811.09375
Epoch 15: loss = 36811.09375
Epoch 16: loss = 36811.08984375
Early stopping at epoch 16 with loss 36811.08984375
Reconstruction for fluence = 78475.99703514607 photons/pixel
Epoch 0: loss = 871257728.0
Epoch 1: loss = 40604.796875
Epoch 2: loss = 35657.421875
Epoch 3: loss = 35656.90625
Epoch 4: loss = 35656.91015625
Epoch 5: loss = 35656.90234375
Epoch 6: loss = 35656.8984375
Epoch 7: loss = 35656.8984375
Epoch 8: loss = 35656.8984375
Epoch 9: loss = 35656.89453125
Epoch 10: loss = 35656.89453125
Epoch 11: loss = 35656.8984375
Epoch 12: loss = 35656.8984375
Epoch 13: loss = 35656.89453125
Epoch 14: loss = 35656.8984375
Epoch 15: loss = 35656.90234375
Epoch 16: loss = 35656.90234375
Epoch 17: loss = 35656.90234375
Early stopping at epoch 17 with loss 35656.89453125
Reconstruction for fluence = 183298.07108324335 photons/pixel
Epoch 0: loss = 2035046400.0
Epoch 1: loss = 49983.1171875
Epoch 2: loss = 35163.05078125
Epoch 3: loss = 35160.65625
Epoch 4: loss = 35160.65625
Epoch 5: loss = 35160.65234375
Epoch 6: loss = 35160.65234375
Epoch 7: loss = 35160.65234375
Epoch 8: loss = 35160.65234375
Epoch 9: loss = 35160.65234375
Epoch 10: loss = 35160.65234375
Epoch 11: loss = 35160.6484375
Epoch 12: loss = 35160.6484375
Epoch 13: loss = 35160.6484375
Epoch 14: loss = 35160.65625
Epoch 15: loss = 35160.65234375
Epoch 16: loss = 35160.65234375
Epoch 17: loss = 35160.65234375
Epoch 18: loss = 35160.65234375
Epoch 19: loss = 35160.65625
Early stopping at epoch 19 with loss 35160.6484375
Reconstruction for fluence = 428133.2398719387 photons/pixel
Epoch 0: loss = 4753498112.0
Epoch 1: loss = 76845.0859375
Epoch 2: loss = 34959.63671875
Epoch 3: loss = 34954.1875
Epoch 4: loss = 34954.1796875
Epoch 5: loss = 34954.18359375
Epoch 6: loss = 34954.1796875
Epoch 7: loss = 34954.1953125
Epoch 8: loss = 34954.1953125
Epoch 9: loss = 34954.1953125
Epoch 10: loss = 34954.1796875
Epoch 11: loss = 34954.19140625
Epoch 12: loss = 34954.19140625
Early stopping at epoch 12 with loss 34954.1796875
Reconstruction for fluence = 1000000.0 photons/pixel
Epoch 0: loss = 11102974976.0
Epoch 1: loss = 147206.890625
Epoch 2: loss = 34732.98046875
Epoch 3: loss = 34721.66015625
Epoch 4: loss = 34721.65625
Epoch 5: loss = 34721.67578125
Epoch 6: loss = 34721.67578125
Epoch 7: loss = 34721.6796875
Epoch 8: loss = 34721.66796875
Epoch 9: loss = 34721.6796875
Epoch 10: loss = 34721.68359375
Epoch 11: loss = 34721.671875
Epoch 12: loss = 34721.66015625
Early stopping at epoch 12 with loss 34721.65625
Tensors initialization on device cuda
Multiprobe = band_lim
torch.Size([1, 64, 64])

('MSE', 'PoissonNLL') RECONSTRUCTIONS

Reconstruction for fluence = 0.09999999999999999 photons/pixel
Epoch 0: loss = 5842.20458984375
Epoch 1: loss = 2648.01318359375
Epoch 2: loss = 2647.97802734375
Epoch 3: loss = 2647.97802734375
Epoch 4: loss = 2647.97802734375
Epoch 5: loss = 2647.97802734375
Epoch 6: loss = 2647.977783203125
Epoch 7: loss = 2647.9775390625
Epoch 8: loss = 2647.9775390625
Epoch 9: loss = 2647.9775390625
Epoch 10: loss = 2647.9775390625
Epoch 11: loss = 2647.9775390625
Epoch 12: loss = 2647.9775390625
Epoch 13: loss = 2647.9775390625
Epoch 14: loss = 2647.9775390625
Epoch 0: loss = 0.06799103319644928
Epoch 1: loss = 0.05377155542373657
Epoch 2: loss = 0.05376606434583664
Epoch 3: loss = 0.05376570299267769
Epoch 4: loss = 0.05376570299267769
Epoch 5: loss = 0.05376570299267769
Epoch 6: loss = 0.05376570299267769
Epoch 7: loss = 0.05376570299267769
Epoch 8: loss = 0.05376570299267769
Epoch 9: loss = 0.05376570299267769
Early stopping at epoch 9 with loss 0.05377155542373657
Reconstruction for fluence = 0.23357214690901223 photons/pixel
Epoch 0: loss = 9694.103515625
Epoch 1: loss = 4430.4375
Epoch 2: loss = 4430.4228515625
Epoch 3: loss = 4430.4228515625
Epoch 4: loss = 4430.4228515625
Epoch 5: loss = 4430.4228515625
Epoch 6: loss = 4430.4228515625
Epoch 7: loss = 4430.4228515625
Epoch 8: loss = 4430.42236328125
Epoch 9: loss = 4430.42236328125
Epoch 10: loss = 4430.4228515625
Epoch 11: loss = 4430.42236328125
Epoch 12: loss = 4430.42236328125
Epoch 13: loss = 4430.42236328125
Epoch 14: loss = 4430.42236328125
Epoch 0: loss = 0.09461446106433868
Epoch 1: loss = 0.07994137704372406
Epoch 2: loss = 0.07993665337562561
Epoch 3: loss = 0.07993593066930771
Epoch 4: loss = 0.07993593066930771
Epoch 5: loss = 0.07993593066930771
Epoch 6: loss = 0.07993593066930771
Epoch 7: loss = 0.07993593066930771
Epoch 8: loss = 0.07993593066930771
Epoch 9: loss = 0.07993593066930771
Early stopping at epoch 9 with loss 0.07994137704372406
Reconstruction for fluence = 0.5455594781168519 photons/pixel
Epoch 0: loss = 14787.2890625
Epoch 1: loss = 6253.56787109375
Epoch 2: loss = 6253.56396484375
Epoch 3: loss = 6253.5634765625
Epoch 4: loss = 6253.5625
Epoch 5: loss = 6253.56298828125
Epoch 6: loss = 6253.5615234375
Epoch 7: loss = 6253.5615234375
Epoch 8: loss = 6253.5615234375
Epoch 9: loss = 6253.560546875
Epoch 10: loss = 6253.560546875
Epoch 11: loss = 6253.56005859375
Epoch 12: loss = 6253.55908203125
Epoch 13: loss = 6253.55810546875
Epoch 14: loss = 6253.55810546875
Epoch 0: loss = 0.08861488848924637
Epoch 1: loss = 0.07534556090831757
Epoch 2: loss = 0.07532935589551926
Epoch 3: loss = 0.07532546669244766
Epoch 4: loss = 0.07532446831464767
Epoch 5: loss = 0.075324147939682
Epoch 6: loss = 0.075324147939682
Epoch 7: loss = 0.075324147939682
Epoch 8: loss = 0.075324147939682
Epoch 9: loss = 0.075324147939682
Early stopping at epoch 9 with loss 0.07534556090831757
Reconstruction for fluence = 1.2742749857031335 photons/pixel
Epoch 0: loss = 23823.43359375
Epoch 1: loss = 7732.6337890625
Epoch 2: loss = 7732.576171875
Epoch 3: loss = 7732.57568359375
Epoch 4: loss = 7732.57568359375
Epoch 5: loss = 7732.57568359375
Epoch 6: loss = 7732.57568359375
Epoch 7: loss = 7732.5751953125
Epoch 8: loss = 7732.5751953125
Epoch 9: loss = 7732.57568359375
Epoch 10: loss = 7732.57568359375
Epoch 11: loss = 7732.57568359375
Epoch 12: loss = 7732.5751953125
Epoch 13: loss = 7732.5751953125
Epoch 14: loss = 7732.5751953125
Epoch 0: loss = -0.07012239843606949
Epoch 1: loss = -0.0835672989487648
Epoch 2: loss = -0.08358040452003479
Epoch 3: loss = -0.08358175307512283
Epoch 4: loss = -0.08358226716518402
Epoch 5: loss = -0.0835825577378273
Epoch 6: loss = -0.08358273655176163
Epoch 7: loss = -0.08358273655176163
Epoch 8: loss = -0.08358273655176163
Epoch 9: loss = -0.08358273655176163
Early stopping at epoch 9 with loss -0.0835672989487648
Reconstruction for fluence = 2.976351441631318 photons/pixel
Epoch 0: loss = 42446.1484375
Epoch 1: loss = 9401.583984375
Epoch 2: loss = 9401.4921875
Epoch 3: loss = 9401.490234375
Epoch 4: loss = 9401.4892578125
Epoch 5: loss = 9401.4892578125
Epoch 6: loss = 9401.4892578125
Epoch 7: loss = 9401.4892578125
Epoch 8: loss = 9401.4892578125
Epoch 9: loss = 9401.4892578125
Epoch 10: loss = 9401.4892578125
Epoch 11: loss = 9401.4892578125
Epoch 12: loss = 9401.4892578125
Early stopping at epoch 12 with loss 9401.4892578125
Epoch 0: loss = -0.8035038113594055
Epoch 1: loss = -0.8219209909439087
Epoch 2: loss = -0.8219648003578186
Epoch 3: loss = -0.8219773173332214
Epoch 4: loss = -0.8219837546348572
Epoch 5: loss = -0.8219846487045288
Epoch 6: loss = -0.8219849467277527
Epoch 7: loss = -0.8219850659370422
Epoch 8: loss = -0.821985125541687
Epoch 9: loss = -0.821985125541687
Early stopping at epoch 9 with loss -0.8219209909439087
Reconstruction for fluence = 6.9519279617756045 photons/pixel
Epoch 0: loss = 86483.5625
Epoch 1: loss = 11823.0732421875
Epoch 2: loss = 11822.76953125
Epoch 3: loss = 11822.767578125
Epoch 4: loss = 11822.7666015625
Epoch 5: loss = 11822.765625
Epoch 6: loss = 11822.765625
Epoch 7: loss = 11822.7666015625
Epoch 8: loss = 11822.7666015625
Epoch 9: loss = 11822.765625
Epoch 10: loss = 11822.7666015625
Epoch 11: loss = 11822.765625
Epoch 12: loss = 11822.765625
Epoch 13: loss = 11822.765625
Early stopping at epoch 13 with loss 11822.765625
Epoch 0: loss = -3.33797287940979
Epoch 1: loss = -3.3636715412139893
Epoch 2: loss = -3.3637139797210693
Epoch 3: loss = -3.3637313842773438
Epoch 4: loss = -3.363736152648926
Epoch 5: loss = -3.3637373447418213
Epoch 6: loss = -3.3637375831604004
Epoch 7: loss = -3.3637382984161377
Epoch 8: loss = -3.363738536834717
Epoch 9: loss = -3.363738775253296
Early stopping at epoch 9 with loss -3.3636715412139893
Reconstruction for fluence = 16.23776739188721 photons/pixel
Epoch 0: loss = 188840.796875
Epoch 1: loss = 15439.0859375
Epoch 2: loss = 15438.6416015625
Epoch 3: loss = 15438.6416015625
Epoch 4: loss = 15438.6416015625
Epoch 5: loss = 15438.6416015625
Epoch 6: loss = 15438.640625
Epoch 7: loss = 15438.640625
Epoch 8: loss = 15438.640625
Epoch 9: loss = 15438.640625
Epoch 10: loss = 15438.640625
Epoch 11: loss = 15438.640625
Epoch 12: loss = 15438.640625
Epoch 13: loss = 15438.640625
Epoch 14: loss = 15438.640625
Early stopping at epoch 14 with loss 15438.640625
Epoch 0: loss = -11.268815040588379
Epoch 1: loss = -11.302942276000977
Epoch 2: loss = -11.302978515625
Epoch 3: loss = -11.302982330322266
Epoch 4: loss = -11.302984237670898
Epoch 5: loss = -11.30298900604248
Epoch 6: loss = -11.302990913391113
Epoch 7: loss = -11.302990913391113
Epoch 8: loss = -11.302994728088379
Epoch 9: loss = -11.302995681762695
Early stopping at epoch 9 with loss -11.302942276000977
Reconstruction for fluence = 37.926901907322495 photons/pixel
Epoch 0: loss = 430984.84375
Epoch 1: loss = 20923.31640625
Epoch 2: loss = 20922.7890625
Epoch 3: loss = 20922.787109375
Epoch 4: loss = 20922.787109375
Epoch 5: loss = 20922.78515625
Epoch 6: loss = 20922.78515625
Epoch 7: loss = 20922.78515625
Epoch 8: loss = 20922.78515625
Epoch 9: loss = 20922.78515625
Epoch 10: loss = 20922.783203125
Epoch 11: loss = 20922.783203125
Epoch 12: loss = 20922.78125
Epoch 13: loss = 20922.78125
Epoch 14: loss = 20922.78125
Epoch 0: loss = -34.40567398071289
Epoch 1: loss = -34.44862365722656
Epoch 2: loss = -34.448646545410156
Epoch 3: loss = -34.44865798950195
Epoch 4: loss = -34.44868469238281
Epoch 5: loss = -34.44868469238281
Epoch 6: loss = -34.44868469238281
Epoch 7: loss = -34.44868850708008
Epoch 8: loss = -34.44868850708008
Epoch 9: loss = -34.44868850708008
Early stopping at epoch 9 with loss -34.44862365722656
Reconstruction for fluence = 88.58667904100822 photons/pixel
Epoch 0: loss = 998394.875
Epoch 1: loss = 26942.90234375
Epoch 2: loss = 26942.73828125
Epoch 3: loss = 26942.734375
Epoch 4: loss = 26942.734375
Epoch 5: loss = 26942.734375
Epoch 6: loss = 26942.734375
Epoch 7: loss = 26942.734375
Epoch 8: loss = 26942.734375
Epoch 9: loss = 26942.734375
Epoch 10: loss = 26942.734375
Epoch 11: loss = 26942.734375
Early stopping at epoch 11 with loss 26942.734375
Epoch 0: loss = -98.89754486083984
Epoch 1: loss = -98.94229125976562
Epoch 2: loss = -98.94229888916016
Epoch 3: loss = -98.94229888916016
Epoch 4: loss = -98.94230651855469
Epoch 5: loss = -98.94230651855469
Epoch 6: loss = -98.94231414794922
Epoch 7: loss = -98.94231414794922
Epoch 8: loss = -98.94232940673828
Epoch 9: loss = -98.94232940673828
Early stopping at epoch 9 with loss -98.94229125976562
Reconstruction for fluence = 206.9138081114788 photons/pixel
Epoch 0: loss = 2318478.0
Epoch 1: loss = 33407.88671875
Epoch 2: loss = 33407.3984375
Epoch 3: loss = 33407.390625
Epoch 4: loss = 33407.390625
Epoch 5: loss = 33407.38671875
Epoch 6: loss = 33407.38671875
Epoch 7: loss = 33407.38671875
Epoch 8: loss = 33407.38671875
Epoch 9: loss = 33407.38671875
Epoch 10: loss = 33407.38671875
Epoch 11: loss = 33407.38671875
Epoch 12: loss = 33407.38671875
Epoch 13: loss = 33407.38671875
Early stopping at epoch 13 with loss 33407.38671875
Epoch 0: loss = -275.3268737792969
Epoch 1: loss = -275.36822509765625
Epoch 2: loss = -275.3682861328125
Epoch 3: loss = -275.3682861328125
Epoch 4: loss = -275.3682861328125
Epoch 5: loss = -275.3682861328125
Epoch 6: loss = -275.3682861328125
Epoch 7: loss = -275.3682861328125
Epoch 8: loss = -275.3682861328125
Epoch 9: loss = -275.3683166503906
Early stopping at epoch 9 with loss -275.36822509765625
Reconstruction for fluence = 483.2930238571752 photons/pixel
Epoch 0: loss = 5413358.0
Epoch 1: loss = 38831.12890625
Epoch 2: loss = 38830.203125
Epoch 3: loss = 38830.203125
Epoch 4: loss = 38830.203125
Epoch 5: loss = 38830.203125
Epoch 6: loss = 38830.203125
Epoch 7: loss = 38830.203125
Epoch 8: loss = 38830.203125
Epoch 9: loss = 38830.203125
Epoch 10: loss = 38830.203125
Early stopping at epoch 10 with loss 38830.203125
Epoch 0: loss = -745.3220825195312
Epoch 1: loss = -745.3536987304688
Epoch 2: loss = -745.353759765625
Epoch 3: loss = -745.353759765625
Epoch 4: loss = -745.3538208007812
Epoch 5: loss = -745.3538208007812
Epoch 6: loss = -745.3538208007812
Epoch 7: loss = -745.3538208007812
Epoch 8: loss = -745.3538208007812
Epoch 9: loss = -745.3538208007812
Early stopping at epoch 9 with loss -745.3536987304688
Reconstruction for fluence = 1128.8378916846884 photons/pixel
Epoch 0: loss = 12634245.0
Epoch 1: loss = 40835.2109375
Epoch 2: loss = 40834.109375
Epoch 3: loss = 40834.10546875
Epoch 4: loss = 40834.10546875
Epoch 5: loss = 40834.10546875
Epoch 6: loss = 40834.1015625
Epoch 7: loss = 40834.1015625
Epoch 8: loss = 40834.1015625
Epoch 9: loss = 40834.10546875
Epoch 10: loss = 40834.10546875
Epoch 11: loss = 40834.1015625
Epoch 12: loss = 40834.10546875
Epoch 13: loss = 40834.10546875
Epoch 14: loss = 40834.10546875
Early stopping at epoch 14 with loss 40834.1015625
Epoch 0: loss = -1980.0482177734375
Epoch 1: loss = -1980.0675048828125
Epoch 2: loss = -1980.0677490234375
Epoch 3: loss = -1980.0677490234375
Epoch 4: loss = -1980.0677490234375
Epoch 5: loss = -1980.0677490234375
Epoch 6: loss = -1980.0677490234375
Epoch 7: loss = -1980.0677490234375
Epoch 8: loss = -1980.0677490234375
Epoch 9: loss = -1980.0677490234375
Epoch 10: loss = -1980.0677490234375
Early stopping at epoch 10 with loss -1980.0677490234375
Reconstruction for fluence = 2636.6508987303555 photons/pixel
Epoch 0: loss = 29491800.0
Epoch 1: loss = 41302.21484375
Epoch 2: loss = 41299.578125
Epoch 3: loss = 41299.578125
Epoch 4: loss = 41299.578125
Epoch 5: loss = 41299.57421875
Epoch 6: loss = 41299.57421875
Epoch 7: loss = 41299.57421875
Epoch 8: loss = 41299.57421875
Epoch 9: loss = 41299.57421875
Epoch 10: loss = 41299.57421875
Epoch 11: loss = 41299.57421875
Epoch 12: loss = 41299.57421875
Epoch 13: loss = 41299.57421875
Early stopping at epoch 13 with loss 41299.57421875
Epoch 0: loss = -5185.15185546875
Epoch 1: loss = -5185.1630859375
Epoch 2: loss = -5185.1630859375
Epoch 3: loss = -5185.1630859375
Epoch 4: loss = -5185.1630859375
Epoch 5: loss = -5185.1630859375
Epoch 6: loss = -5185.1630859375
Epoch 7: loss = -5185.1630859375
Epoch 8: loss = -5185.1630859375
Epoch 9: loss = -5185.1630859375
Early stopping at epoch 9 with loss -5185.1630859375
Reconstruction for fluence = 6158.482110660255 photons/pixel
Epoch 0: loss = 68894944.0
Epoch 1: loss = 40317.9375
Epoch 2: loss = 40301.29296875
Epoch 3: loss = 40301.29296875
Epoch 4: loss = 40301.29296875
Epoch 5: loss = 40301.2890625
Epoch 6: loss = 40301.2890625
Epoch 7: loss = 40301.2890625
Epoch 8: loss = 40301.29296875
Epoch 9: loss = 40301.2890625
Epoch 10: loss = 40301.29296875
Epoch 11: loss = 40301.2890625
Epoch 12: loss = 40301.29296875
Epoch 13: loss = 40301.29296875
Early stopping at epoch 13 with loss 40301.2890625
Epoch 0: loss = -13415.4658203125
Epoch 1: loss = -13415.4716796875
Epoch 2: loss = -13415.47265625
Epoch 3: loss = -13415.4716796875
Epoch 4: loss = -13415.47265625
Epoch 5: loss = -13415.4716796875
Epoch 6: loss = -13415.4716796875
Epoch 7: loss = -13415.47265625
Epoch 8: loss = -13415.4716796875
Epoch 9: loss = -13415.4716796875
Epoch 10: loss = -13415.4716796875
Early stopping at epoch 10 with loss -13415.47265625
Reconstruction for fluence = 14384.498882876629 photons/pixel
Epoch 0: loss = 160886080.0
Epoch 1: loss = 38366.125
Epoch 2: loss = 38329.27734375
Epoch 3: loss = 38329.27734375
Epoch 4: loss = 38329.28125
Epoch 5: loss = 38329.28125
Epoch 6: loss = 38329.28125
Epoch 7: loss = 38329.28125
Epoch 8: loss = 38329.28125
Epoch 9: loss = 38329.28125
Epoch 10: loss = 38329.28125
Early stopping at epoch 10 with loss 38329.27734375
Epoch 0: loss = -34385.28515625
Epoch 1: loss = -34385.28515625
Epoch 2: loss = -34385.28515625
Epoch 3: loss = -34385.2890625
Epoch 4: loss = -34385.2890625
Epoch 5: loss = -34385.2890625
Epoch 6: loss = -34385.2890625
Epoch 7: loss = -34385.2890625
Epoch 8: loss = -34385.2890625
Epoch 9: loss = -34385.2890625
Epoch 10: loss = -34385.2890625
Epoch 11: loss = -34385.2890625
Early stopping at epoch 11 with loss -34385.2890625
Reconstruction for fluence = 33598.18286283781 photons/pixel
Epoch 0: loss = 375850208.0
Epoch 1: loss = 36668.28125
Epoch 2: loss = 36554.828125
Epoch 3: loss = 36554.8203125
Epoch 4: loss = 36554.82421875
Epoch 5: loss = 36554.8203125
Epoch 6: loss = 36554.8203125
Epoch 7: loss = 36554.8203125
Epoch 8: loss = 36554.82421875
Epoch 9: loss = 36554.82421875
Epoch 10: loss = 36554.82421875
Epoch 11: loss = 36554.8203125
Early stopping at epoch 11 with loss 36554.8203125
Epoch 0: loss = -87436.328125
Epoch 1: loss = -87436.328125
Epoch 2: loss = -87436.328125
Epoch 3: loss = -87436.328125
Epoch 4: loss = -87436.328125
Epoch 5: loss = -87436.328125
Epoch 6: loss = -87436.328125
Epoch 7: loss = -87436.328125
Epoch 8: loss = -87436.328125
Early stopping at epoch 8 with loss -87436.328125
Reconstruction for fluence = 78475.99703514607 photons/pixel
Epoch 0: loss = 877722496.0
Epoch 1: loss = 35955.0078125
Epoch 2: loss = 35838.1015625
Epoch 3: loss = 35838.1015625
Epoch 4: loss = 35838.09375
Epoch 5: loss = 35838.09375
Epoch 6: loss = 35838.09375
Epoch 7: loss = 35838.09765625
Epoch 8: loss = 35838.09765625
Epoch 9: loss = 35838.09765625
Epoch 10: loss = 35838.09375
Epoch 11: loss = 35838.09375
Epoch 12: loss = 35838.09375
Early stopping at epoch 12 with loss 35838.09375
Epoch 0: loss = -220880.3125
Epoch 1: loss = -220880.3125
Epoch 2: loss = -220880.3125
Epoch 3: loss = -220880.3125
Epoch 4: loss = -220880.3125
Epoch 5: loss = -220880.3125
Epoch 6: loss = -220880.3125
Epoch 7: loss = -220880.3125
Epoch 8: loss = -220880.3125
Early stopping at epoch 8 with loss -220880.3125
Reconstruction for fluence = 183298.07108324335 photons/pixel
Epoch 0: loss = 2050166016.0
Epoch 1: loss = 35897.3828125
Epoch 2: loss = 35356.03515625
Epoch 3: loss = 35356.03125
Epoch 4: loss = 35356.0234375
Epoch 5: loss = 35356.02734375
Epoch 6: loss = 35356.01953125
Epoch 7: loss = 35356.03125
Epoch 8: loss = 35356.03125
Epoch 9: loss = 35356.03125
Epoch 10: loss = 35356.02734375
Epoch 11: loss = 35356.02734375
Epoch 12: loss = 35356.02734375
Epoch 13: loss = 35356.03125
Epoch 14: loss = 35356.03125
Early stopping at epoch 14 with loss 35356.01953125
Epoch 0: loss = -554791.25
Epoch 1: loss = -554791.25
Epoch 2: loss = -554791.25
Epoch 3: loss = -554791.25
Epoch 4: loss = -554791.25
Epoch 5: loss = -554791.25
Epoch 6: loss = -554791.25
Epoch 7: loss = -554791.25
Epoch 8: loss = -554791.25
Early stopping at epoch 8 with loss -554791.25
Reconstruction for fluence = 428133.2398719387 photons/pixel
Epoch 0: loss = 4788401152.0
Epoch 1: loss = 36418.3671875
Epoch 2: loss = 35375.10546875
Epoch 3: loss = 35375.09375
Epoch 4: loss = 35375.1015625
Epoch 5: loss = 35375.1015625
Epoch 6: loss = 35375.078125
Epoch 7: loss = 35375.09765625
Epoch 8: loss = 35375.09765625
Epoch 9: loss = 35375.09765625
Epoch 10: loss = 35375.09375
Epoch 11: loss = 35375.09375
Epoch 12: loss = 35375.1015625
Epoch 13: loss = 35375.1015625
Epoch 14: loss = 35375.0859375
Early stopping at epoch 14 with loss 35375.078125
Epoch 0: loss = -1386646.375
Epoch 1: loss = -1386646.375
Epoch 2: loss = -1386646.375
Epoch 3: loss = -1386646.375
Epoch 4: loss = -1386646.375
Epoch 5: loss = -1386646.375
Epoch 6: loss = -1386646.375
Epoch 7: loss = -1386646.375
Epoch 8: loss = -1386646.375
Early stopping at epoch 8 with loss -1386646.375
Reconstruction for fluence = 1000000.0 photons/pixel
Epoch 0: loss = 11184498688.0
Epoch 1: loss = 37085.6328125
Epoch 2: loss = 34730.671875
Epoch 3: loss = 34730.6875
Epoch 4: loss = 34730.65625
Epoch 5: loss = 34730.65625
Epoch 6: loss = 34730.67578125
Epoch 7: loss = 34730.65625
Epoch 8: loss = 34730.65625
Epoch 9: loss = 34730.6484375
Epoch 10: loss = 34730.67578125
Epoch 11: loss = 34730.66796875
Epoch 12: loss = 34730.6640625
Epoch 13: loss = 34730.6640625
Epoch 14: loss = 34730.6640625
Epoch 0: loss = -3450914.75
Epoch 1: loss = -3450914.75
Epoch 2: loss = -3450914.75
Epoch 3: loss = -3450914.75
Epoch 4: loss = -3450914.75
Epoch 5: loss = -3450914.25
Epoch 6: loss = -3450914.75
Epoch 7: loss = -3450914.75
Epoch 8: loss = -3450914.75
Early stopping at epoch 8 with loss -3450914.75
Simulation for steps_size=11 and n_fluences=20 completed!
