Running simulation for steps_size=27 and n_fluences=20
Steps size: 27
Tensors initialization on device cuda
Multiprobe = band_lim
torch.Size([1, 64, 64])

('MSE', None) RECONSTRUCTIONS

Reconstruction for fluence = 0.09999999999999999 photons/pixel
Epoch 0: loss = 0.23893404006958008
Epoch 1: loss = 0.05027957260608673
Epoch 2: loss = 0.044160712510347366
Epoch 3: loss = 0.04292020946741104
Epoch 4: loss = 0.04252004623413086
Epoch 5: loss = 0.04227053001523018
Epoch 6: loss = 0.042183246463537216
Epoch 7: loss = 0.04214899614453316
Epoch 8: loss = 0.04213094338774681
Epoch 9: loss = 0.04211968183517456
Epoch 10: loss = 0.04210825636982918
Epoch 11: loss = 0.042098987847566605
Epoch 12: loss = 0.04208040237426758
Early stopping at epoch 12 with loss 0.04214899614453316
Reconstruction for fluence = 0.23357214690901223 photons/pixel
Epoch 0: loss = 0.9896653294563293
Epoch 1: loss = 0.12018413096666336
Epoch 2: loss = 0.10314134508371353
Epoch 3: loss = 0.09939683973789215
Epoch 4: loss = 0.09826618432998657
Epoch 5: loss = 0.09777271747589111
Epoch 6: loss = 0.09759218245744705
Epoch 7: loss = 0.09749412536621094
Epoch 8: loss = 0.09741219878196716
Epoch 9: loss = 0.0973539650440216
Epoch 10: loss = 0.09731393307447433
Epoch 11: loss = 0.09727727621793747
Epoch 12: loss = 0.09721659123897552
Epoch 13: loss = 0.09716273844242096
Epoch 14: loss = 0.09709928929805756
Epoch 15: loss = 0.09699736535549164
Epoch 16: loss = 0.09694653004407883
Epoch 17: loss = 0.09693197160959244
Epoch 18: loss = 0.0969218760728836
Epoch 19: loss = 0.09691718220710754
Epoch 20: loss = 0.09691376239061356
Early stopping at epoch 20 with loss 0.09699736535549164
Reconstruction for fluence = 0.5455594781168519 photons/pixel
Epoch 0: loss = 4.693536758422852
Epoch 1: loss = 0.2805609107017517
Epoch 2: loss = 0.22082792222499847
Epoch 3: loss = 0.21012145280838013
Epoch 4: loss = 0.20676913857460022
Epoch 5: loss = 0.20566554367542267
Epoch 6: loss = 0.20529086887836456
Epoch 7: loss = 0.20512087643146515
Epoch 8: loss = 0.20504003763198853
Epoch 9: loss = 0.20499952137470245
Epoch 10: loss = 0.20497934520244598
Epoch 11: loss = 0.2049715667963028
Epoch 12: loss = 0.2049684077501297
Epoch 13: loss = 0.204967200756073
Epoch 14: loss = 0.20496684312820435
Early stopping at epoch 14 with loss 0.20499952137470245
Reconstruction for fluence = 1.2742749857031335 photons/pixel
Epoch 0: loss = 23.7154541015625
Epoch 1: loss = 0.6466759443283081
Epoch 2: loss = 0.5026801228523254
Epoch 3: loss = 0.46868976950645447
Epoch 4: loss = 0.45825624465942383
Epoch 5: loss = 0.4547988176345825
Epoch 6: loss = 0.45359936356544495
Epoch 7: loss = 0.45303472876548767
Epoch 8: loss = 0.4527303874492645
Epoch 9: loss = 0.45254480838775635
Epoch 10: loss = 0.45245203375816345
Epoch 11: loss = 0.45240700244903564
Epoch 12: loss = 0.4523896276950836
Epoch 13: loss = 0.4523773789405823
Epoch 14: loss = 0.4523709714412689
Epoch 15: loss = 0.45236936211586
Epoch 16: loss = 0.45236778259277344
Early stopping at epoch 16 with loss 0.45240700244903564
Reconstruction for fluence = 2.976351441631318 photons/pixel
Epoch 0: loss = 125.7138442993164
Epoch 1: loss = 1.6434049606323242
Epoch 2: loss = 1.1948198080062866
Epoch 3: loss = 1.0824522972106934
Epoch 4: loss = 1.044789433479309
Epoch 5: loss = 1.0306415557861328
Epoch 6: loss = 1.025665044784546
Epoch 7: loss = 1.0232912302017212
Epoch 8: loss = 1.0220551490783691
Epoch 9: loss = 1.0215145349502563
Epoch 10: loss = 1.0211217403411865
Epoch 11: loss = 1.0209811925888062
Epoch 12: loss = 1.02090585231781
Epoch 13: loss = 1.0208669900894165
Epoch 14: loss = 1.0208450555801392
Epoch 15: loss = 1.0208323001861572
Epoch 16: loss = 1.0208288431167603
Epoch 17: loss = 1.0208269357681274
Epoch 18: loss = 1.0208250284194946
Early stopping at epoch 18 with loss 1.0208669900894165
Reconstruction for fluence = 6.9519279617756045 photons/pixel
Epoch 0: loss = 674.8816528320312
Epoch 1: loss = 4.028280735015869
Epoch 2: loss = 2.5523574352264404
Epoch 3: loss = 2.1928913593292236
Epoch 4: loss = 2.0776240825653076
Epoch 5: loss = 2.0310444831848145
Epoch 6: loss = 2.013502836227417
Epoch 7: loss = 2.0048341751098633
Epoch 8: loss = 1.9999834299087524
Epoch 9: loss = 1.997658371925354
Epoch 10: loss = 1.996329665184021
Epoch 11: loss = 1.9956940412521362
Epoch 12: loss = 1.9953609704971313
Epoch 13: loss = 1.9951664209365845
Epoch 14: loss = 1.9950506687164307
Epoch 15: loss = 1.9949836730957031
Epoch 16: loss = 1.9949493408203125
Epoch 17: loss = 1.9949413537979126
Epoch 18: loss = 1.99492609500885
Epoch 19: loss = 1.9949239492416382
Epoch 20: loss = 1.9949231147766113
Epoch 21: loss = 1.9949204921722412
Early stopping at epoch 21 with loss 1.9949493408203125
Reconstruction for fluence = 16.23776739188721 photons/pixel
Epoch 0: loss = 3683.495361328125
Epoch 1: loss = 11.946279525756836
Epoch 2: loss = 6.247672080993652
Epoch 3: loss = 5.022675514221191
Epoch 4: loss = 4.629623889923096
Epoch 5: loss = 4.4608635902404785
Epoch 6: loss = 4.38238000869751
Epoch 7: loss = 4.345325946807861
Epoch 8: loss = 4.325671672821045
Epoch 9: loss = 4.3092570304870605
Epoch 10: loss = 4.301676273345947
Epoch 11: loss = 4.2976579666137695
Epoch 12: loss = 4.294962406158447
Epoch 13: loss = 4.293281555175781
Epoch 14: loss = 4.292166233062744
Epoch 15: loss = 4.291454315185547
Epoch 16: loss = 4.29100227355957
Epoch 17: loss = 4.290753364562988
Epoch 18: loss = 4.290592670440674
Epoch 19: loss = 4.290481090545654
Epoch 20: loss = 4.290407180786133
Epoch 21: loss = 4.2903666496276855
Epoch 22: loss = 4.2903571128845215
Epoch 23: loss = 4.290345191955566
Epoch 24: loss = 4.290335178375244
Epoch 25: loss = 4.290332317352295
Epoch 26: loss = 4.290323734283447
Early stopping at epoch 26 with loss 4.2903666496276855
Reconstruction for fluence = 37.926901907322495 photons/pixel
Epoch 0: loss = 19900.517578125
Epoch 1: loss = 38.65388488769531
Epoch 2: loss = 15.9459228515625
Epoch 3: loss = 12.245392799377441
Epoch 4: loss = 10.936783790588379
Epoch 5: loss = 10.477397918701172
Epoch 6: loss = 10.201908111572266
Epoch 7: loss = 10.076301574707031
Epoch 8: loss = 9.99541187286377
Epoch 9: loss = 9.948247909545898
Epoch 10: loss = 9.916048049926758
Epoch 11: loss = 9.89859390258789
Epoch 12: loss = 9.888145446777344
Epoch 13: loss = 9.88054084777832
Epoch 14: loss = 9.875459671020508
Epoch 15: loss = 9.87216854095459
Epoch 16: loss = 9.869938850402832
Epoch 17: loss = 9.868504524230957
Epoch 18: loss = 9.86759090423584
Epoch 19: loss = 9.866924285888672
Epoch 20: loss = 9.866411209106445
Epoch 21: loss = 9.86606216430664
Epoch 22: loss = 9.865828514099121
Epoch 23: loss = 9.865681648254395
Epoch 24: loss = 9.865578651428223
Epoch 25: loss = 9.865500450134277
Epoch 26: loss = 9.865443229675293
Epoch 27: loss = 9.86544132232666
Epoch 28: loss = 9.86544132232666
Epoch 29: loss = 9.865422248840332
Epoch 30: loss = 9.865422248840332
Epoch 31: loss = 9.8654146194458
Early stopping at epoch 31 with loss 9.865443229675293
Reconstruction for fluence = 88.58667904100822 photons/pixel
Epoch 0: loss = 109127.25
Epoch 1: loss = 158.26510620117188
Epoch 2: loss = 45.33555603027344
Epoch 3: loss = 29.22681999206543
Epoch 4: loss = 24.32322120666504
Epoch 5: loss = 22.520259857177734
Epoch 6: loss = 21.702648162841797
Epoch 7: loss = 21.30008316040039
Epoch 8: loss = 21.01884651184082
Epoch 9: loss = 20.838520050048828
Epoch 10: loss = 20.72275733947754
Epoch 11: loss = 20.655874252319336
Epoch 12: loss = 20.61175537109375
Epoch 13: loss = 20.582786560058594
Epoch 14: loss = 20.564035415649414
Epoch 15: loss = 20.546520233154297
Epoch 16: loss = 20.536760330200195
Epoch 17: loss = 20.529937744140625
Epoch 18: loss = 20.52521514892578
Epoch 19: loss = 20.521820068359375
Epoch 20: loss = 20.519371032714844
Epoch 21: loss = 20.517457962036133
Epoch 22: loss = 20.51621437072754
Epoch 23: loss = 20.515268325805664
Epoch 24: loss = 20.514564514160156
Epoch 25: loss = 20.51406478881836
Epoch 26: loss = 20.513696670532227
Epoch 27: loss = 20.513439178466797
Epoch 28: loss = 20.513418197631836
Epoch 29: loss = 20.513418197631836
Epoch 30: loss = 20.513273239135742
Epoch 31: loss = 20.5131778717041
Epoch 32: loss = 20.513166427612305
Epoch 33: loss = 20.513065338134766
Epoch 34: loss = 20.513065338134766
Epoch 35: loss = 20.513010025024414
Epoch 36: loss = 20.513010025024414
Epoch 37: loss = 20.5129337310791
Epoch 38: loss = 20.512874603271484
Epoch 39: loss = 20.51287269592285
Epoch 40: loss = 20.51283836364746
Epoch 41: loss = 20.512828826904297
Epoch 42: loss = 20.512800216674805
Epoch 43: loss = 20.512781143188477
Epoch 44: loss = 20.512781143188477
Epoch 45: loss = 20.512781143188477
Epoch 46: loss = 20.51277732849121
Early stopping at epoch 46 with loss 20.512828826904297
Reconstruction for fluence = 206.9138081114788 photons/pixel
Epoch 0: loss = 593446.3125
Epoch 1: loss = 728.005859375
Epoch 2: loss = 154.75975036621094
Epoch 3: loss = 82.29570770263672
Epoch 4: loss = 62.22314453125
Epoch 5: loss = 54.603004455566406
Epoch 6: loss = 51.833335876464844
Epoch 7: loss = 50.10297775268555
Epoch 8: loss = 49.0309944152832
Epoch 9: loss = 48.3331184387207
Epoch 10: loss = 47.92121505737305
Epoch 11: loss = 47.66744613647461
Epoch 12: loss = 47.51255798339844
Epoch 13: loss = 47.40086364746094
Epoch 14: loss = 47.31406021118164
Epoch 15: loss = 47.245948791503906
Epoch 16: loss = 47.19598388671875
Epoch 17: loss = 47.16377258300781
Epoch 18: loss = 47.13854217529297
Epoch 19: loss = 47.12070083618164
Epoch 20: loss = 47.106197357177734
Epoch 21: loss = 47.09503173828125
Epoch 22: loss = 47.08735656738281
Epoch 23: loss = 47.08134078979492
Epoch 24: loss = 47.07645034790039
Epoch 25: loss = 47.072731018066406
Epoch 26: loss = 47.069801330566406
Epoch 27: loss = 47.067684173583984
Epoch 28: loss = 47.06604766845703
Epoch 29: loss = 47.06453323364258
Epoch 30: loss = 47.06332778930664
Epoch 31: loss = 47.0622444152832
Epoch 32: loss = 47.06128692626953
Epoch 33: loss = 47.06035614013672
Epoch 34: loss = 47.05921936035156
Epoch 35: loss = 47.05799102783203
Epoch 36: loss = 47.05689239501953
Epoch 37: loss = 47.05603790283203
Epoch 38: loss = 47.05533981323242
Epoch 39: loss = 47.05489730834961
Epoch 40: loss = 47.05446243286133
Epoch 41: loss = 47.05412292480469
Epoch 42: loss = 47.053924560546875
Epoch 43: loss = 47.05379867553711
Epoch 44: loss = 47.05359649658203
Epoch 45: loss = 47.0535888671875
Epoch 46: loss = 47.05356216430664
Epoch 47: loss = 47.05342483520508
Epoch 48: loss = 47.05339431762695
Epoch 49: loss = 47.053382873535156
Epoch 50: loss = 47.05335235595703
Epoch 51: loss = 47.05335235595703
Epoch 52: loss = 47.05330276489258
Epoch 53: loss = 47.05325698852539
Epoch 54: loss = 47.05325698852539
Epoch 55: loss = 47.05317687988281
Epoch 56: loss = 47.05311965942383
Epoch 57: loss = 47.05306625366211
Epoch 58: loss = 47.05305862426758
Epoch 59: loss = 47.05302810668945
Epoch 60: loss = 47.05302810668945
Epoch 61: loss = 47.05302047729492
Epoch 62: loss = 47.05299758911133
Early stopping at epoch 62 with loss 47.05306625366211
Reconstruction for fluence = 483.2930238571752 photons/pixel
Epoch 0: loss = 3240136.0
Epoch 1: loss = 3665.969970703125
Epoch 2: loss = 681.0197143554688
Epoch 3: loss = 278.4562683105469
Epoch 4: loss = 175.92587280273438
Epoch 5: loss = 143.29159545898438
Epoch 6: loss = 130.63671875
Epoch 7: loss = 124.10916137695312
Epoch 8: loss = 120.30501556396484
Epoch 9: loss = 118.13384246826172
Epoch 10: loss = 116.378173828125
Epoch 11: loss = 115.4938735961914
Epoch 12: loss = 114.90040588378906
Epoch 13: loss = 114.45079040527344
Epoch 14: loss = 114.11195373535156
Epoch 15: loss = 113.8752212524414
Epoch 16: loss = 113.70447540283203
Epoch 17: loss = 113.57664489746094
Epoch 18: loss = 113.48080444335938
Epoch 19: loss = 113.40409088134766
Epoch 20: loss = 113.34699249267578
Epoch 21: loss = 113.30101013183594
Epoch 22: loss = 113.26696014404297
Epoch 23: loss = 113.23755645751953
Epoch 24: loss = 113.21392059326172
Epoch 25: loss = 113.19618225097656
Epoch 26: loss = 113.17887115478516
Epoch 27: loss = 113.1678237915039
Epoch 28: loss = 113.15753936767578
Epoch 29: loss = 113.14846801757812
Epoch 30: loss = 113.1413345336914
Epoch 31: loss = 113.13499450683594
Epoch 32: loss = 113.12955474853516
Epoch 33: loss = 113.12454986572266
Epoch 34: loss = 113.11991882324219
Epoch 35: loss = 113.11559295654297
Epoch 36: loss = 113.1117935180664
Epoch 37: loss = 113.10856628417969
Epoch 38: loss = 113.10592651367188
Epoch 39: loss = 113.10397338867188
Epoch 40: loss = 113.10257720947266
Epoch 41: loss = 113.10124969482422
Epoch 42: loss = 113.10037994384766
Epoch 43: loss = 113.09952545166016
Epoch 44: loss = 113.09917449951172
Epoch 45: loss = 113.09915161132812
Epoch 46: loss = 113.09857177734375
Epoch 47: loss = 113.09847259521484
Epoch 48: loss = 113.09842681884766
Epoch 49: loss = 113.09809875488281
Epoch 50: loss = 113.09786224365234
Epoch 51: loss = 113.0977783203125
Epoch 52: loss = 113.09757995605469
Epoch 53: loss = 113.0975112915039
Epoch 54: loss = 113.0973892211914
Epoch 55: loss = 113.09725189208984
Epoch 56: loss = 113.09725189208984
Epoch 57: loss = 113.09725189208984
Epoch 58: loss = 113.09707641601562
Epoch 59: loss = 113.0970230102539
Epoch 60: loss = 113.0970230102539
Epoch 61: loss = 113.09697723388672
Epoch 62: loss = 113.09689331054688
Epoch 63: loss = 113.0968246459961
Epoch 64: loss = 113.09671020507812
Epoch 65: loss = 113.09660339355469
Epoch 66: loss = 113.09664154052734
Epoch 67: loss = 113.0966567993164
Epoch 68: loss = 113.0965576171875
Epoch 69: loss = 113.0965347290039
Epoch 70: loss = 113.096435546875
Epoch 71: loss = 113.0965347290039
Epoch 72: loss = 113.09648895263672
Epoch 73: loss = 113.09651947021484
Epoch 74: loss = 113.09647369384766
Epoch 75: loss = 113.09645080566406
Early stopping at epoch 75 with loss 113.096435546875
Reconstruction for fluence = 1128.8378916846884 photons/pixel
Epoch 0: loss = 17670766.0
Epoch 1: loss = 19273.134765625
Epoch 2: loss = 3030.157958984375
Epoch 3: loss = 987.2339477539062
Epoch 4: loss = 525.6716918945312
Epoch 5: loss = 385.2223205566406
Epoch 6: loss = 322.8209533691406
Epoch 7: loss = 294.7727966308594
Epoch 8: loss = 279.0516357421875
Epoch 9: loss = 269.362548828125
Epoch 10: loss = 262.7056884765625
Epoch 11: loss = 258.63568115234375
Epoch 12: loss = 256.30743408203125
Epoch 13: loss = 254.61056518554688
Epoch 14: loss = 253.41110229492188
Epoch 15: loss = 252.5512237548828
Epoch 16: loss = 252.0116729736328
Epoch 17: loss = 251.48287963867188
Epoch 18: loss = 251.15115356445312
Epoch 19: loss = 250.89195251464844
Epoch 20: loss = 250.66978454589844
Epoch 21: loss = 250.4960479736328
Epoch 22: loss = 250.374267578125
Epoch 23: loss = 250.27842712402344
Epoch 24: loss = 250.1988067626953
Epoch 25: loss = 250.1338653564453
Epoch 26: loss = 250.07980346679688
Epoch 27: loss = 250.03965759277344
Epoch 28: loss = 250.00662231445312
Epoch 29: loss = 249.9785919189453
Epoch 30: loss = 249.9563751220703
Epoch 31: loss = 249.93798828125
Epoch 32: loss = 249.9195098876953
Epoch 33: loss = 249.9058380126953
Epoch 34: loss = 249.894775390625
Epoch 35: loss = 249.8905792236328
Epoch 36: loss = 249.8809356689453
Epoch 37: loss = 249.87332153320312
Epoch 38: loss = 249.86767578125
Epoch 39: loss = 249.86170959472656
Epoch 40: loss = 249.8572540283203
Epoch 41: loss = 249.8532257080078
Epoch 42: loss = 249.84967041015625
Epoch 43: loss = 249.84820556640625
Epoch 44: loss = 249.84722900390625
Epoch 45: loss = 249.8451690673828
Epoch 46: loss = 249.84304809570312
Epoch 47: loss = 249.8413848876953
Epoch 48: loss = 249.83963012695312
Epoch 49: loss = 249.83924865722656
Epoch 50: loss = 249.8390350341797
Epoch 51: loss = 249.83848571777344
Epoch 52: loss = 249.83753967285156
Epoch 53: loss = 249.83746337890625
Epoch 54: loss = 249.83645629882812
Epoch 55: loss = 249.83555603027344
Epoch 56: loss = 249.83457946777344
Epoch 57: loss = 249.8338165283203
Epoch 58: loss = 249.83338928222656
Epoch 59: loss = 249.8330078125
Epoch 60: loss = 249.83273315429688
Epoch 61: loss = 249.83224487304688
Epoch 62: loss = 249.83224487304688
Epoch 63: loss = 249.83181762695312
Epoch 64: loss = 249.83164978027344
Epoch 65: loss = 249.83154296875
Epoch 66: loss = 249.83143615722656
Epoch 67: loss = 249.83094787597656
Epoch 68: loss = 249.8308868408203
Epoch 69: loss = 249.83111572265625
Epoch 70: loss = 249.83111572265625
Epoch 71: loss = 249.8308868408203
Epoch 72: loss = 249.8308868408203
Early stopping at epoch 72 with loss 249.83094787597656
Reconstruction for fluence = 2636.6508987303555 photons/pixel
Epoch 0: loss = 96389576.0
Epoch 1: loss = 103853.734375
Epoch 2: loss = 15628.59375
Epoch 3: loss = 4603.8544921875
Epoch 4: loss = 2088.11767578125
Epoch 5: loss = 1277.476318359375
Epoch 6: loss = 967.9140625
Epoch 7: loss = 816.0691528320312
Epoch 8: loss = 727.8259887695312
Epoch 9: loss = 675.3103637695312
Epoch 10: loss = 648.450439453125
Epoch 11: loss = 625.1566162109375
Epoch 12: loss = 614.767822265625
Epoch 13: loss = 605.0577392578125
Epoch 14: loss = 599.0206298828125
Epoch 15: loss = 594.6841430664062
Epoch 16: loss = 591.7061767578125
Epoch 17: loss = 589.6204223632812
Epoch 18: loss = 587.83447265625
Epoch 19: loss = 586.560302734375
Epoch 20: loss = 585.586181640625
Epoch 21: loss = 584.8757934570312
Epoch 22: loss = 584.3604736328125
Epoch 23: loss = 583.9263916015625
Epoch 24: loss = 583.548095703125
Epoch 25: loss = 583.2567138671875
Epoch 26: loss = 583.0178833007812
Epoch 27: loss = 582.8543701171875
Epoch 28: loss = 582.6925048828125
Epoch 29: loss = 582.5593872070312
Epoch 30: loss = 582.4577026367188
Epoch 31: loss = 582.3659057617188
Epoch 32: loss = 582.2965698242188
Epoch 33: loss = 582.236572265625
Epoch 34: loss = 582.1887817382812
Epoch 35: loss = 582.1433715820312
Epoch 36: loss = 582.1077270507812
Epoch 37: loss = 582.086181640625
Epoch 38: loss = 582.057861328125
Epoch 39: loss = 582.0433959960938
Epoch 40: loss = 582.0211791992188
Epoch 41: loss = 582.0064697265625
Epoch 42: loss = 581.9911499023438
Epoch 43: loss = 581.9795532226562
Epoch 44: loss = 581.9703979492188
Epoch 45: loss = 581.9666748046875
Epoch 46: loss = 581.9585571289062
Epoch 47: loss = 581.9578857421875
Epoch 48: loss = 581.951416015625
Epoch 49: loss = 581.9485473632812
Epoch 50: loss = 581.9456176757812
Epoch 51: loss = 581.94140625
Epoch 52: loss = 581.9373168945312
Epoch 53: loss = 581.9329833984375
Epoch 54: loss = 581.9319458007812
Epoch 55: loss = 581.92919921875
Epoch 56: loss = 581.9278564453125
Epoch 57: loss = 581.9246215820312
Epoch 58: loss = 581.9241333007812
Epoch 59: loss = 581.9217529296875
Epoch 60: loss = 581.9210205078125
Epoch 61: loss = 581.9205322265625
Epoch 62: loss = 581.9202270507812
Epoch 63: loss = 581.9198608398438
Epoch 64: loss = 581.9192504882812
Epoch 65: loss = 581.9192504882812
Epoch 66: loss = 581.91796875
Epoch 67: loss = 581.9180908203125
Epoch 68: loss = 581.9172973632812
Epoch 69: loss = 581.9178466796875
Epoch 70: loss = 581.916259765625
Epoch 71: loss = 581.9163208007812
Epoch 72: loss = 581.9169921875
Epoch 73: loss = 581.9158325195312
Epoch 74: loss = 581.916259765625
Epoch 75: loss = 581.9155883789062
Epoch 76: loss = 581.9149169921875
Epoch 77: loss = 581.9154663085938
Epoch 78: loss = 581.9154663085938
Epoch 79: loss = 581.9158325195312
Epoch 80: loss = 581.9158935546875
Epoch 81: loss = 581.9150390625
Early stopping at epoch 81 with loss 581.9149169921875
Reconstruction for fluence = 6158.482110660255 photons/pixel
Epoch 0: loss = 525901824.0
Epoch 1: loss = 562913.25
Epoch 2: loss = 86561.7890625
Epoch 3: loss = 23650.05859375
Epoch 4: loss = 9186.6015625
Epoch 5: loss = 4762.6708984375
Epoch 6: loss = 3184.768310546875
Epoch 7: loss = 2463.55908203125
Epoch 8: loss = 1990.9329833984375
Epoch 9: loss = 1734.5914306640625
Epoch 10: loss = 1575.5460205078125
Epoch 11: loss = 1488.7535400390625
Epoch 12: loss = 1432.3673095703125
Epoch 13: loss = 1390.5355224609375
Epoch 14: loss = 1362.7340087890625
Epoch 15: loss = 1343.1353759765625
Epoch 16: loss = 1329.8992919921875
Epoch 17: loss = 1321.2242431640625
Epoch 18: loss = 1314.481201171875
Epoch 19: loss = 1308.5120849609375
Epoch 20: loss = 1304.194580078125
Epoch 21: loss = 1301.1729736328125
Epoch 22: loss = 1298.909912109375
Epoch 23: loss = 1297.075927734375
Epoch 24: loss = 1295.643798828125
Epoch 25: loss = 1294.4068603515625
Epoch 26: loss = 1293.377197265625
Epoch 27: loss = 1292.6319580078125
Epoch 28: loss = 1292.0142822265625
Epoch 29: loss = 1291.5208740234375
Epoch 30: loss = 1291.1400146484375
Epoch 31: loss = 1290.83203125
Epoch 32: loss = 1290.588134765625
Epoch 33: loss = 1290.3975830078125
Epoch 34: loss = 1290.232666015625
Epoch 35: loss = 1290.091796875
Epoch 36: loss = 1289.966552734375
Epoch 37: loss = 1289.8590087890625
Epoch 38: loss = 1289.8560791015625
Epoch 39: loss = 1289.76904296875
Epoch 40: loss = 1289.701416015625
Epoch 41: loss = 1289.6422119140625
Epoch 42: loss = 1289.6087646484375
Epoch 43: loss = 1289.5635986328125
Epoch 44: loss = 1289.531982421875
Epoch 45: loss = 1289.505859375
Epoch 46: loss = 1289.47900390625
Epoch 47: loss = 1289.4617919921875
Epoch 48: loss = 1289.43994140625
Epoch 49: loss = 1289.431884765625
Epoch 50: loss = 1289.4185791015625
Epoch 51: loss = 1289.4117431640625
Epoch 52: loss = 1289.400390625
Epoch 53: loss = 1289.3892822265625
Epoch 54: loss = 1289.3802490234375
Epoch 55: loss = 1289.3758544921875
Epoch 56: loss = 1289.3668212890625
Epoch 57: loss = 1289.3614501953125
Epoch 58: loss = 1289.357421875
Epoch 59: loss = 1289.355224609375
Epoch 60: loss = 1289.3489990234375
Epoch 61: loss = 1289.3453369140625
Epoch 62: loss = 1289.3428955078125
Epoch 63: loss = 1289.3404541015625
Epoch 64: loss = 1289.3394775390625
Epoch 65: loss = 1289.33984375
Epoch 66: loss = 1289.3365478515625
Epoch 67: loss = 1289.336181640625
Epoch 68: loss = 1289.3353271484375
Epoch 69: loss = 1289.333740234375
Epoch 70: loss = 1289.3333740234375
Epoch 71: loss = 1289.33251953125
Epoch 72: loss = 1289.3297119140625
Epoch 73: loss = 1289.3311767578125
Epoch 74: loss = 1289.3297119140625
Epoch 75: loss = 1289.33056640625
Epoch 76: loss = 1289.3306884765625
Epoch 77: loss = 1289.32666015625
Epoch 78: loss = 1289.3282470703125
Epoch 79: loss = 1289.326416015625
Epoch 80: loss = 1289.328369140625
Epoch 81: loss = 1289.3287353515625
Epoch 82: loss = 1289.3277587890625
Epoch 83: loss = 1289.326416015625
Epoch 84: loss = 1289.325927734375
Epoch 85: loss = 1289.326416015625
Epoch 86: loss = 1289.32470703125
Epoch 87: loss = 1289.3297119140625
Epoch 88: loss = 1289.326416015625
Epoch 89: loss = 1289.3258056640625
Epoch 90: loss = 1289.324951171875
Epoch 91: loss = 1289.327392578125
Early stopping at epoch 91 with loss 1289.32470703125
Reconstruction for fluence = 14384.498882876629 photons/pixel
Epoch 0: loss = 2868756480.0
Epoch 1: loss = 3068679.75
Epoch 2: loss = 460640.65625
Epoch 3: loss = 120067.3046875
Epoch 4: loss = 47084.54296875
Epoch 5: loss = 23044.271484375
Epoch 6: loss = 14164.091796875
Epoch 7: loss = 9760.619140625
Epoch 8: loss = 7328.88037109375
Epoch 9: loss = 5821.77001953125
Epoch 10: loss = 4910.34033203125
Epoch 11: loss = 4392.2587890625
Epoch 12: loss = 4086.514892578125
Epoch 13: loss = 3869.010498046875
Epoch 14: loss = 3710.944580078125
Epoch 15: loss = 3608.84228515625
Epoch 16: loss = 3543.55029296875
Epoch 17: loss = 3498.2138671875
Epoch 18: loss = 3461.661865234375
Epoch 19: loss = 3435.119384765625
Epoch 20: loss = 3415.414306640625
Epoch 21: loss = 3400.84814453125
Epoch 22: loss = 3389.865966796875
Epoch 23: loss = 3381.444580078125
Epoch 24: loss = 3374.25146484375
Epoch 25: loss = 3368.365966796875
Epoch 26: loss = 3363.78564453125
Epoch 27: loss = 3360.688232421875
Epoch 28: loss = 3357.94921875
Epoch 29: loss = 3355.822021484375
Epoch 30: loss = 3354.091064453125
Epoch 31: loss = 3352.618408203125
Epoch 32: loss = 3351.58154296875
Epoch 33: loss = 3350.7158203125
Epoch 34: loss = 3349.939697265625
Epoch 35: loss = 3349.3193359375
Epoch 36: loss = 3348.68017578125
Epoch 37: loss = 3348.220947265625
Epoch 38: loss = 3347.84033203125
Epoch 39: loss = 3347.494384765625
Epoch 40: loss = 3347.19677734375
Epoch 41: loss = 3346.966064453125
Epoch 42: loss = 3346.800048828125
Epoch 43: loss = 3346.6474609375
Epoch 44: loss = 3346.511474609375
Epoch 45: loss = 3346.405029296875
Epoch 46: loss = 3346.304931640625
Epoch 47: loss = 3346.24658203125
Epoch 48: loss = 3346.185791015625
Epoch 49: loss = 3346.138916015625
Epoch 50: loss = 3346.08447265625
Epoch 51: loss = 3346.041015625
Epoch 52: loss = 3346.00439453125
Epoch 53: loss = 3345.977783203125
Epoch 54: loss = 3345.950439453125
Epoch 55: loss = 3345.936279296875
Epoch 56: loss = 3345.926513671875
Epoch 57: loss = 3345.892578125
Epoch 58: loss = 3345.899658203125
Epoch 59: loss = 3345.884033203125
Epoch 60: loss = 3345.873291015625
Epoch 61: loss = 3345.861083984375
Epoch 62: loss = 3345.843017578125
Epoch 63: loss = 3345.843017578125
Epoch 64: loss = 3345.85107421875
Epoch 65: loss = 3345.84130859375
Epoch 66: loss = 3345.8291015625
Epoch 67: loss = 3345.84716796875
Epoch 68: loss = 3345.832275390625
Epoch 69: loss = 3345.823486328125
Epoch 70: loss = 3345.826416015625
Epoch 71: loss = 3345.82373046875
Epoch 72: loss = 3345.82666015625
Epoch 73: loss = 3345.8330078125
Epoch 74: loss = 3345.822509765625
Epoch 75: loss = 3345.83349609375
Epoch 76: loss = 3345.819580078125
Epoch 77: loss = 3345.819091796875
Epoch 78: loss = 3345.80615234375
Epoch 79: loss = 3345.8203125
Epoch 80: loss = 3345.81494140625
Epoch 81: loss = 3345.81640625
Epoch 82: loss = 3345.80810546875
Epoch 83: loss = 3345.818603515625
Early stopping at epoch 83 with loss 3345.80615234375
Reconstruction for fluence = 33598.18286283781 photons/pixel
Epoch 0: loss = 15651784704.0
Epoch 1: loss = 16686574.0
Epoch 2: loss = 2411714.75
Epoch 3: loss = 668942.5625
Epoch 4: loss = 253539.421875
Epoch 5: loss = 115392.15625
Epoch 6: loss = 67037.84375
Epoch 7: loss = 42708.33984375
Epoch 8: loss = 28975.111328125
Epoch 9: loss = 20647.4375
Epoch 10: loss = 15774.533203125
Epoch 11: loss = 13082.9658203125
Epoch 12: loss = 11447.3779296875
Epoch 13: loss = 10278.140625
Epoch 14: loss = 9461.8681640625
Epoch 15: loss = 8908.5087890625
Epoch 16: loss = 8556.763671875
Epoch 17: loss = 8305.4189453125
Epoch 18: loss = 8111.1328125
Epoch 19: loss = 7963.78125
Epoch 20: loss = 7849.828125
Epoch 21: loss = 7767.2255859375
Epoch 22: loss = 7710.94970703125
Epoch 23: loss = 7667.501953125
Epoch 24: loss = 7629.296875
Epoch 25: loss = 7598.9609375
Epoch 26: loss = 7571.609375
Epoch 27: loss = 7553.72412109375
Epoch 28: loss = 7538.5791015625
Epoch 29: loss = 7527.16943359375
Epoch 30: loss = 7517.1494140625
Epoch 31: loss = 7509.171875
Epoch 32: loss = 7503.37353515625
Epoch 33: loss = 7498.60498046875
Epoch 34: loss = 7494.70849609375
Epoch 35: loss = 7491.2255859375
Epoch 36: loss = 7488.45849609375
Epoch 37: loss = 7486.3056640625
Epoch 38: loss = 7484.3662109375
Epoch 39: loss = 7482.71728515625
Epoch 40: loss = 7481.41064453125
Epoch 41: loss = 7480.33935546875
Epoch 42: loss = 7479.46533203125
Epoch 43: loss = 7478.703125
Epoch 44: loss = 7478.0087890625
Epoch 45: loss = 7477.4921875
Epoch 46: loss = 7476.978515625
Epoch 47: loss = 7476.6318359375
Epoch 48: loss = 7476.296875
Epoch 49: loss = 7476.26904296875
Epoch 50: loss = 7476.033203125
Epoch 51: loss = 7475.798828125
Epoch 52: loss = 7475.61279296875
Epoch 53: loss = 7475.46875
Epoch 54: loss = 7475.3193359375
Epoch 55: loss = 7475.173828125
Epoch 56: loss = 7475.1083984375
Epoch 57: loss = 7474.9775390625
Epoch 58: loss = 7474.9287109375
Epoch 59: loss = 7474.89501953125
Epoch 60: loss = 7474.87939453125
Epoch 61: loss = 7474.767578125
Epoch 62: loss = 7474.7802734375
Epoch 63: loss = 7474.71728515625
Epoch 64: loss = 7474.70166015625
Epoch 65: loss = 7474.67822265625
Epoch 66: loss = 7474.61572265625
Epoch 67: loss = 7474.65283203125
Epoch 68: loss = 7474.63916015625
Epoch 69: loss = 7474.65087890625
Epoch 70: loss = 7474.57666015625
Epoch 71: loss = 7474.63818359375
Epoch 72: loss = 7474.58349609375
Epoch 73: loss = 7474.58154296875
Epoch 74: loss = 7474.55712890625
Epoch 75: loss = 7474.55029296875
Epoch 76: loss = 7474.53662109375
Epoch 77: loss = 7474.53662109375
Epoch 78: loss = 7474.57275390625
Epoch 79: loss = 7474.51220703125
Epoch 80: loss = 7474.51416015625
Epoch 81: loss = 7474.51220703125
Epoch 82: loss = 7474.51416015625
Epoch 83: loss = 7474.5078125
Epoch 84: loss = 7474.47509765625
Epoch 85: loss = 7474.5458984375
Epoch 86: loss = 7474.48974609375
Epoch 87: loss = 7474.50537109375
Epoch 88: loss = 7474.47216796875
Epoch 89: loss = 7474.48876953125
Epoch 90: loss = 7474.478515625
Epoch 91: loss = 7474.46728515625
Epoch 92: loss = 7474.4931640625
Epoch 93: loss = 7474.484375
Epoch 94: loss = 7474.486328125
Epoch 95: loss = 7474.47314453125
Epoch 96: loss = 7474.470703125
Early stopping at epoch 96 with loss 7474.46728515625
Reconstruction for fluence = 78475.99703514607 photons/pixel
Epoch 0: loss = 85393072128.0
Epoch 1: loss = 91012360.0
Epoch 2: loss = 12670970.0
Epoch 3: loss = 3526909.25
Epoch 4: loss = 1309941.375
Epoch 5: loss = 582067.5625
Epoch 6: loss = 333474.875
Epoch 7: loss = 203590.359375
Epoch 8: loss = 130651.234375
Epoch 9: loss = 87080.6796875
Epoch 10: loss = 60645.30078125
Epoch 11: loss = 46777.52734375
Epoch 12: loss = 37432.73828125
Epoch 13: loss = 31233.56640625
Epoch 14: loss = 27162.81640625
Epoch 15: loss = 24185.794921875
Epoch 16: loss = 22334.015625
Epoch 17: loss = 20942.4140625
Epoch 18: loss = 20006.021484375
Epoch 19: loss = 19228.837890625
Epoch 20: loss = 18646.3203125
Epoch 21: loss = 18239.900390625
Epoch 22: loss = 17951.4609375
Epoch 23: loss = 17721.181640625
Epoch 24: loss = 17550.626953125
Epoch 25: loss = 17418.681640625
Epoch 26: loss = 17308.37890625
Epoch 27: loss = 17220.107421875
Epoch 28: loss = 17153.732421875
Epoch 29: loss = 17098.75390625
Epoch 30: loss = 17056.744140625
Epoch 31: loss = 17020.24609375
Epoch 32: loss = 16995.853515625
Epoch 33: loss = 16975.125
Epoch 34: loss = 16958.1328125
Epoch 35: loss = 16943.205078125
Epoch 36: loss = 16931.076171875
Epoch 37: loss = 16921.244140625
Epoch 38: loss = 16912.99609375
Epoch 39: loss = 16906.244140625
Epoch 40: loss = 16900.619140625
Epoch 41: loss = 16895.84765625
Epoch 42: loss = 16892.275390625
Epoch 43: loss = 16889.166015625
Epoch 44: loss = 16886.73828125
Epoch 45: loss = 16885.947265625
Epoch 46: loss = 16883.947265625
Epoch 47: loss = 16882.904296875
Epoch 48: loss = 16881.595703125
Epoch 49: loss = 16880.3203125
Epoch 50: loss = 16879.328125
Epoch 51: loss = 16878.69140625
Epoch 52: loss = 16878.08984375
Epoch 53: loss = 16877.37109375
Epoch 54: loss = 16876.837890625
Epoch 55: loss = 16876.775390625
Epoch 56: loss = 16876.416015625
Epoch 57: loss = 16876.06640625
Epoch 58: loss = 16875.771484375
Epoch 59: loss = 16875.482421875
Epoch 60: loss = 16875.392578125
Epoch 61: loss = 16875.310546875
Epoch 62: loss = 16875.2265625
Epoch 63: loss = 16874.697265625
Epoch 64: loss = 16874.74609375
Epoch 65: loss = 16874.759765625
Epoch 66: loss = 16874.572265625
Epoch 67: loss = 16874.517578125
Epoch 68: loss = 16874.4921875
Epoch 69: loss = 16874.375
Epoch 70: loss = 16874.326171875
Epoch 71: loss = 16874.296875
Epoch 72: loss = 16874.201171875
Epoch 73: loss = 16874.244140625
Epoch 74: loss = 16874.26953125
Epoch 75: loss = 16874.146484375
Epoch 76: loss = 16874.115234375
Epoch 77: loss = 16874.076171875
Epoch 78: loss = 16874.0625
Epoch 79: loss = 16874.140625
Epoch 80: loss = 16874.16015625
Epoch 81: loss = 16873.958984375
Epoch 82: loss = 16874.205078125
Epoch 83: loss = 16874.03125
Epoch 84: loss = 16874.125
Epoch 85: loss = 16873.955078125
Epoch 86: loss = 16874.134765625
Epoch 87: loss = 16874.123046875
Epoch 88: loss = 16874.087890625
Epoch 89: loss = 16874.12890625
Epoch 90: loss = 16874.119140625
Early stopping at epoch 90 with loss 16873.955078125
Reconstruction for fluence = 183298.07108324335 photons/pixel
Epoch 0: loss = 465871667200.0
Epoch 1: loss = 496276704.0
Epoch 2: loss = 74499624.0
Epoch 3: loss = 18599676.0
Epoch 4: loss = 6915841.0
Epoch 5: loss = 3171173.25
Epoch 6: loss = 1777789.125
Epoch 7: loss = 1102609.25
Epoch 8: loss = 668353.5625
Epoch 9: loss = 440011.90625
Epoch 10: loss = 288867.5625
Epoch 11: loss = 202953.0
Epoch 12: loss = 155989.578125
Epoch 13: loss = 120620.0
Epoch 14: loss = 96610.28125
Epoch 15: loss = 79580.6953125
Epoch 16: loss = 68989.3203125
Epoch 17: loss = 61666.72265625
Epoch 18: loss = 56501.7265625
Epoch 19: loss = 52418.015625
Epoch 20: loss = 49239.87109375
Epoch 21: loss = 46935.30078125
Epoch 22: loss = 45311.03125
Epoch 23: loss = 44022.796875
Epoch 24: loss = 43061.28125
Epoch 25: loss = 42255.39453125
Epoch 26: loss = 41614.33984375
Epoch 27: loss = 41152.49609375
Epoch 28: loss = 40788.40234375
Epoch 29: loss = 40490.953125
Epoch 30: loss = 40243.3671875
Epoch 31: loss = 40044.1171875
Epoch 32: loss = 39903.453125
Epoch 33: loss = 39785.2734375
Epoch 34: loss = 39689.75
Epoch 35: loss = 39608.6171875
Epoch 36: loss = 39541.45703125
Epoch 37: loss = 39490.453125
Epoch 38: loss = 39443.34765625
Epoch 39: loss = 39408.09375
Epoch 40: loss = 39376.25
Epoch 41: loss = 39352.0546875
Epoch 42: loss = 39331.390625
Epoch 43: loss = 39315.46875
Epoch 44: loss = 39301.6328125
Epoch 45: loss = 39290.55078125
Epoch 46: loss = 39281.6328125
Epoch 47: loss = 39273.9296875
Epoch 48: loss = 39267.30078125
Epoch 49: loss = 39261.35546875
Epoch 50: loss = 39258.01953125
Epoch 51: loss = 39253.09765625
Epoch 52: loss = 39250.14453125
Epoch 53: loss = 39248.48046875
Epoch 54: loss = 39246.49609375
Epoch 55: loss = 39244.17578125
Epoch 56: loss = 39242.37109375
Epoch 57: loss = 39240.7421875
Epoch 58: loss = 39240.28515625
Epoch 59: loss = 39238.77734375
Epoch 60: loss = 39238.6171875
Epoch 61: loss = 39238.015625
Epoch 62: loss = 39237.578125
Epoch 63: loss = 39236.64453125
Epoch 64: loss = 39236.64453125
Epoch 65: loss = 39236.375
Epoch 66: loss = 39236.10546875
Epoch 67: loss = 39236.10546875
Epoch 68: loss = 39235.72265625
Epoch 69: loss = 39235.828125
Epoch 70: loss = 39235.3125
Epoch 71: loss = 39234.3515625
Epoch 72: loss = 39234.97265625
Epoch 73: loss = 39234.95703125
Epoch 74: loss = 39234.73046875
Epoch 75: loss = 39234.5859375
Epoch 76: loss = 39235.4609375
Early stopping at epoch 76 with loss 39234.3515625
Reconstruction for fluence = 428133.2398719387 photons/pixel
Epoch 0: loss = 2541590675456.0
Epoch 1: loss = 2706694144.0
Epoch 2: loss = 405629440.0
Epoch 3: loss = 101334312.0
Epoch 4: loss = 35535496.0
Epoch 5: loss = 16210222.0
Epoch 6: loss = 9212572.0
Epoch 7: loss = 5729904.0
Epoch 8: loss = 3438168.75
Epoch 9: loss = 2285804.75
Epoch 10: loss = 1427311.375
Epoch 11: loss = 998309.125
Epoch 12: loss = 721886.3125
Epoch 13: loss = 528028.875
Epoch 14: loss = 403957.0625
Epoch 15: loss = 317558.34375
Epoch 16: loss = 264193.34375
Epoch 17: loss = 222044.921875
Epoch 18: loss = 193508.875
Epoch 19: loss = 169877.109375
Epoch 20: loss = 151226.609375
Epoch 21: loss = 139650.078125
Epoch 22: loss = 130631.4296875
Epoch 23: loss = 123791.0546875
Epoch 24: loss = 118448.3046875
Epoch 25: loss = 114061.2890625
Epoch 26: loss = 110544.7265625
Epoch 27: loss = 108123.4140625
Epoch 28: loss = 105993.9375
Epoch 29: loss = 104298.109375
Epoch 30: loss = 103043.25
Epoch 31: loss = 102002.8046875
Epoch 32: loss = 101226.8515625
Epoch 33: loss = 100575.03125
Epoch 34: loss = 100075.015625
Epoch 35: loss = 99616.5703125
Epoch 36: loss = 99281.5078125
Epoch 37: loss = 99012.734375
Epoch 38: loss = 98761.640625
Epoch 39: loss = 98573.609375
Epoch 40: loss = 98405.828125
Epoch 41: loss = 98265.953125
Epoch 42: loss = 98151.390625
Epoch 43: loss = 98061.0
Epoch 44: loss = 97997.9765625
Epoch 45: loss = 97937.0
Epoch 46: loss = 97887.1640625
Epoch 47: loss = 97846.7890625
Epoch 48: loss = 97813.734375
Epoch 49: loss = 97782.234375
Epoch 50: loss = 97762.6953125
Epoch 51: loss = 97741.8046875
Epoch 52: loss = 97723.734375
Epoch 53: loss = 97714.859375
Epoch 54: loss = 97701.5078125
Epoch 55: loss = 97690.8515625
Epoch 56: loss = 97684.6328125
Epoch 57: loss = 97678.046875
Epoch 58: loss = 97672.2109375
Epoch 59: loss = 97668.234375
Epoch 60: loss = 97663.4296875
Epoch 61: loss = 97659.0703125
Epoch 62: loss = 97656.0546875
Epoch 63: loss = 97655.0390625
Epoch 64: loss = 97655.265625
Epoch 65: loss = 97653.15625
Epoch 66: loss = 97651.0546875
Epoch 67: loss = 97650.703125
Epoch 68: loss = 97650.5
Epoch 69: loss = 97648.421875
Epoch 70: loss = 97645.2265625
Epoch 71: loss = 97646.125
Epoch 72: loss = 97647.1015625
Epoch 73: loss = 97644.359375
Epoch 74: loss = 97643.3359375
Epoch 75: loss = 97644.4140625
Epoch 76: loss = 97643.6328125
Epoch 77: loss = 97642.0546875
Epoch 78: loss = 97644.7734375
Epoch 79: loss = 97644.828125
Epoch 80: loss = 97644.6015625
Epoch 81: loss = 97645.0390625
Epoch 82: loss = 97642.3984375
Early stopping at epoch 82 with loss 97642.0546875
Reconstruction for fluence = 1000000.0 photons/pixel
Epoch 0: loss = 13865927573504.0
Epoch 1: loss = 14769433600.0
Epoch 2: loss = 2228823040.0
Epoch 3: loss = 558309888.0
Epoch 4: loss = 210043088.0
Epoch 5: loss = 90536248.0
Epoch 6: loss = 49702856.0
Epoch 7: loss = 28601126.0
Epoch 8: loss = 17624988.0
Epoch 9: loss = 11057900.0
Epoch 10: loss = 7150999.0
Epoch 11: loss = 4863672.0
Epoch 12: loss = 3473791.5
Epoch 13: loss = 2512426.25
Epoch 14: loss = 1815310.0
Epoch 15: loss = 1372359.625
Epoch 16: loss = 1068614.875
Epoch 17: loss = 869036.25
Epoch 18: loss = 720374.0
Epoch 19: loss = 599877.5625
Epoch 20: loss = 512168.4375
Epoch 21: loss = 450176.78125
Epoch 22: loss = 405087.21875
Epoch 23: loss = 367241.90625
Epoch 24: loss = 338477.40625
Epoch 25: loss = 315190.0625
Epoch 26: loss = 297355.34375
Epoch 27: loss = 283000.59375
Epoch 28: loss = 272277.1875
Epoch 29: loss = 263320.84375
Epoch 30: loss = 256561.5625
Epoch 31: loss = 251047.078125
Epoch 32: loss = 246835.71875
Epoch 33: loss = 243365.5
Epoch 34: loss = 240681.171875
Epoch 35: loss = 238287.640625
Epoch 36: loss = 236418.109375
Epoch 37: loss = 234939.421875
Epoch 38: loss = 233630.28125
Epoch 39: loss = 232584.359375
Epoch 40: loss = 231647.171875
Epoch 41: loss = 230900.0
Epoch 42: loss = 230321.953125
Epoch 43: loss = 229822.078125
Epoch 44: loss = 229420.9375
Epoch 45: loss = 229088.328125
Epoch 46: loss = 228802.96875
Epoch 47: loss = 228594.265625
Epoch 48: loss = 228398.0
Epoch 49: loss = 228242.09375
Epoch 50: loss = 228116.28125
Epoch 51: loss = 228001.328125
Epoch 52: loss = 227911.75
Epoch 53: loss = 227830.625
Epoch 54: loss = 227767.875
Epoch 55: loss = 227712.6875
Epoch 56: loss = 227667.03125
Epoch 57: loss = 227629.40625
Epoch 58: loss = 227588.0625
Epoch 59: loss = 227573.15625
Epoch 60: loss = 227550.0
Epoch 61: loss = 227529.6875
Epoch 62: loss = 227514.71875
Epoch 63: loss = 227507.734375
Epoch 64: loss = 227485.171875
Epoch 65: loss = 227474.28125
Epoch 66: loss = 227465.046875
Epoch 67: loss = 227469.5
Epoch 68: loss = 227447.25
Epoch 69: loss = 227453.75
Epoch 70: loss = 227443.515625
Epoch 71: loss = 227435.328125
Epoch 72: loss = 227434.046875
Epoch 73: loss = 227429.53125
Epoch 74: loss = 227423.921875
Epoch 75: loss = 227422.890625
Epoch 76: loss = 227427.609375
Epoch 77: loss = 227426.109375
Epoch 78: loss = 227415.453125
Epoch 79: loss = 227426.46875
Epoch 80: loss = 227412.28125
Epoch 81: loss = 227419.203125
Epoch 82: loss = 227414.015625
Epoch 83: loss = 227410.40625
Epoch 84: loss = 227420.09375
Epoch 85: loss = 227407.828125
Epoch 86: loss = 227408.734375
Epoch 87: loss = 227414.859375
Epoch 88: loss = 227414.515625
Epoch 89: loss = 227410.140625
Epoch 90: loss = 227413.21875
Early stopping at epoch 90 with loss 227407.828125
Tensors initialization on device cuda
Multiprobe = band_lim
torch.Size([1, 64, 64])

('MSE', 'PoissonNLL') RECONSTRUCTIONS

Reconstruction for fluence = 0.09999999999999999 photons/pixel
Epoch 0: loss = 0.2610648274421692
Epoch 1: loss = 0.054284121841192245
Epoch 2: loss = 0.04463212564587593
Epoch 3: loss = 0.042382270097732544
Epoch 4: loss = 0.0415838249027729
Epoch 5: loss = 0.0411970429122448
Epoch 6: loss = 0.041018128395080566
Epoch 7: loss = 0.04091055691242218
Epoch 8: loss = 0.040847934782505035
Epoch 9: loss = 0.040794771164655685
Epoch 10: loss = 0.040740255266427994
Epoch 11: loss = 0.04071446880698204
Epoch 12: loss = 0.04070045426487923
Epoch 13: loss = 0.04068969935178757
Epoch 14: loss = 0.040681444108486176
Epoch 0: loss = 0.12827570736408234
Epoch 1: loss = 0.08890264481306076
Epoch 2: loss = 0.08634068071842194
Epoch 3: loss = 0.08583206683397293
Epoch 4: loss = 0.08571828156709671
Epoch 5: loss = 0.08558259159326553
Epoch 6: loss = 0.08550027757883072
Epoch 7: loss = 0.0854858011007309
Epoch 8: loss = 0.08548198640346527
Epoch 9: loss = 0.08548039942979813
Epoch 10: loss = 0.08547955006361008
Epoch 11: loss = 0.08547935634851456
Epoch 12: loss = 0.085479237139225
Epoch 13: loss = 0.08547922223806381
Early stopping at epoch 13 with loss 0.08548198640346527
Reconstruction for fluence = 0.23357214690901223 photons/pixel
Epoch 0: loss = 1.1536551713943481
Epoch 1: loss = 0.12411940097808838
Epoch 2: loss = 0.1001073494553566
Epoch 3: loss = 0.09416284412145615
Epoch 4: loss = 0.09222200512886047
Epoch 5: loss = 0.09146354347467422
Epoch 6: loss = 0.09116218239068985
Epoch 7: loss = 0.0910254716873169
Epoch 8: loss = 0.09094210714101791
Epoch 9: loss = 0.09088758379220963
Epoch 10: loss = 0.09084544330835342
Epoch 11: loss = 0.09078885614871979
Epoch 12: loss = 0.09076539427042007
Epoch 13: loss = 0.09075354784727097
Epoch 14: loss = 0.09074660390615463
Epoch 0: loss = 0.08309733867645264
Epoch 1: loss = 0.02416255697607994
Epoch 2: loss = 0.01976270228624344
Epoch 3: loss = 0.018924186006188393
Epoch 4: loss = 0.01879853755235672
Epoch 5: loss = 0.01877092383801937
Epoch 6: loss = 0.018752142786979675
Epoch 7: loss = 0.018735818564891815
Epoch 8: loss = 0.01872721128165722
Epoch 9: loss = 0.018721729516983032
Early stopping at epoch 9 with loss 0.01879853755235672
Reconstruction for fluence = 0.5455594781168519 photons/pixel
Epoch 0: loss = 5.637270450592041
Epoch 1: loss = 0.30299848318099976
Epoch 2: loss = 0.23423899710178375
Epoch 3: loss = 0.2153061479330063
Epoch 4: loss = 0.20839078724384308
Epoch 5: loss = 0.20593710243701935
Epoch 6: loss = 0.20505836606025696
Epoch 7: loss = 0.20464831590652466
Epoch 8: loss = 0.20430438220500946
Epoch 9: loss = 0.20412397384643555
Epoch 10: loss = 0.20402880012989044
Epoch 11: loss = 0.20397789776325226
Epoch 12: loss = 0.20393486320972443
Epoch 13: loss = 0.2038935273885727
Epoch 14: loss = 0.2038644403219223
Epoch 0: loss = -0.29252591729164124
Epoch 1: loss = -0.3814268410205841
Epoch 2: loss = -0.3887247145175934
Epoch 3: loss = -0.3898739814758301
Epoch 4: loss = -0.39026811718940735
Epoch 5: loss = -0.3904530704021454
Epoch 6: loss = -0.3905617296695709
Epoch 7: loss = -0.3906109035015106
Epoch 8: loss = -0.3906306326389313
Epoch 9: loss = -0.3906390964984894
Epoch 10: loss = -0.39064130187034607
Epoch 11: loss = -0.39064159989356995
Early stopping at epoch 11 with loss -0.3905617296695709
Reconstruction for fluence = 1.2742749857031335 photons/pixel
Epoch 0: loss = 28.851587295532227
Epoch 1: loss = 0.7338605523109436
Epoch 2: loss = 0.54000324010849
Epoch 3: loss = 0.48391193151474
Epoch 4: loss = 0.46420976519584656
Epoch 5: loss = 0.4562031328678131
Epoch 6: loss = 0.4533589780330658
Epoch 7: loss = 0.45190006494522095
Epoch 8: loss = 0.4511224031448364
Epoch 9: loss = 0.45066016912460327
Epoch 10: loss = 0.45041710138320923
Epoch 11: loss = 0.45028844475746155
Epoch 12: loss = 0.4502235949039459
Epoch 13: loss = 0.45018577575683594
Epoch 14: loss = 0.45016422867774963
Epoch 0: loss = -1.7821232080459595
Epoch 1: loss = -1.9143850803375244
Epoch 2: loss = -1.9239014387130737
Epoch 3: loss = -1.9255863428115845
Epoch 4: loss = -1.92618727684021
Epoch 5: loss = -1.9264640808105469
Epoch 6: loss = -1.9265989065170288
Epoch 7: loss = -1.926700234413147
Epoch 8: loss = -1.9267468452453613
Epoch 9: loss = -1.9267929792404175
Epoch 10: loss = -1.926872730255127
Epoch 11: loss = -1.9269155263900757
Epoch 12: loss = -1.9269479513168335
Epoch 13: loss = -1.926965355873108
Epoch 14: loss = -1.9269773960113525
Epoch 15: loss = -1.92698335647583
Epoch 16: loss = -1.9269930124282837
Epoch 17: loss = -1.9269932508468628
Epoch 18: loss = -1.9269939661026
Epoch 19: loss = -1.9269943237304688
Early stopping at epoch 19 with loss -1.9269773960113525
Reconstruction for fluence = 2.976351441631318 photons/pixel
Epoch 0: loss = 152.3136444091797
Epoch 1: loss = 1.7732446193695068
Epoch 2: loss = 1.1715176105499268
Epoch 3: loss = 1.008009672164917
Epoch 4: loss = 0.9455435872077942
Epoch 5: loss = 0.9203364253044128
Epoch 6: loss = 0.9104064106941223
Epoch 7: loss = 0.9052786231040955
Epoch 8: loss = 0.9022389650344849
Epoch 9: loss = 0.9005262851715088
Epoch 10: loss = 0.8996211290359497
Epoch 11: loss = 0.899108350276947
Epoch 12: loss = 0.8988483548164368
Epoch 13: loss = 0.898640513420105
Epoch 14: loss = 0.8984981179237366
Epoch 0: loss = -6.796926021575928
Epoch 1: loss = -6.981925010681152
Epoch 2: loss = -6.995271682739258
Epoch 3: loss = -6.997908592224121
Epoch 4: loss = -6.998725891113281
Epoch 5: loss = -6.999120235443115
Epoch 6: loss = -6.999354362487793
Epoch 7: loss = -6.999500274658203
Epoch 8: loss = -6.999567985534668
Epoch 9: loss = -6.999608993530273
Epoch 10: loss = -6.999636173248291
Epoch 11: loss = -6.999647617340088
Epoch 12: loss = -6.999654293060303
Epoch 13: loss = -6.999656677246094
Epoch 14: loss = -6.999659061431885
Early stopping at epoch 14 with loss -6.999608993530273
Reconstruction for fluence = 6.9519279617756045 photons/pixel
Epoch 0: loss = 820.57275390625
Epoch 1: loss = 5.085216999053955
Epoch 2: loss = 2.9963581562042236
Epoch 3: loss = 2.473376512527466
Epoch 4: loss = 2.273937940597534
Epoch 5: loss = 2.1929538249969482
Epoch 6: loss = 2.162757396697998
Epoch 7: loss = 2.14697265625
Epoch 8: loss = 2.137026786804199
Epoch 9: loss = 2.1305651664733887
Epoch 10: loss = 2.1269023418426514
Epoch 11: loss = 2.1249868869781494
Epoch 12: loss = 2.1238725185394287
Epoch 13: loss = 2.12307071685791
Epoch 14: loss = 2.1225273609161377
Epoch 0: loss = -21.953035354614258
Epoch 1: loss = -22.21858787536621
Epoch 2: loss = -22.238513946533203
Epoch 3: loss = -22.242639541625977
Epoch 4: loss = -22.243911743164062
Epoch 5: loss = -22.244455337524414
Epoch 6: loss = -22.244760513305664
Epoch 7: loss = -22.244945526123047
Epoch 8: loss = -22.245075225830078
Epoch 9: loss = -22.2452335357666
Epoch 10: loss = -22.245407104492188
Epoch 11: loss = -22.245447158813477
Epoch 12: loss = -22.245512008666992
Epoch 13: loss = -22.245521545410156
Epoch 14: loss = -22.245527267456055
Epoch 15: loss = -22.24553108215332
Epoch 16: loss = -22.245534896850586
Epoch 17: loss = -22.24553871154785
Early stopping at epoch 17 with loss -22.245512008666992
Reconstruction for fluence = 16.23776739188721 photons/pixel
Epoch 0: loss = 4453.27587890625
Epoch 1: loss = 15.256772994995117
Epoch 2: loss = 7.096283435821533
Epoch 3: loss = 5.4485931396484375
Epoch 4: loss = 4.849896430969238
Epoch 5: loss = 4.588912010192871
Epoch 6: loss = 4.47835111618042
Epoch 7: loss = 4.4162445068359375
Epoch 8: loss = 4.372649192810059
Epoch 9: loss = 4.347803592681885
Epoch 10: loss = 4.3330230712890625
Epoch 11: loss = 4.3249616622924805
Epoch 12: loss = 4.3202948570251465
Epoch 13: loss = 4.316850185394287
Epoch 14: loss = 4.314359664916992
Epoch 0: loss = -65.2828140258789
Epoch 1: loss = -65.63228607177734
Epoch 2: loss = -65.66020202636719
Epoch 3: loss = -65.66580200195312
Epoch 4: loss = -65.66803741455078
Epoch 5: loss = -65.66883087158203
Epoch 6: loss = -65.66922760009766
Epoch 7: loss = -65.6692886352539
Epoch 8: loss = -65.66932678222656
Epoch 9: loss = -65.6694107055664
Epoch 10: loss = -65.6695327758789
Epoch 11: loss = -65.6695556640625
Epoch 12: loss = -65.66959381103516
Epoch 13: loss = -65.66960906982422
Epoch 14: loss = -65.66963958740234
Epoch 15: loss = -65.6699447631836
Epoch 16: loss = -65.67012786865234
Epoch 17: loss = -65.67020416259766
Epoch 18: loss = -65.67020416259766
Epoch 19: loss = -65.67021942138672
Epoch 20: loss = -65.67023468017578
Epoch 21: loss = -65.67024993896484
Epoch 22: loss = -65.67027282714844
Epoch 23: loss = -65.67030334472656
Epoch 24: loss = -65.67031860351562
Epoch 25: loss = -65.67034149169922
Epoch 26: loss = -65.67034149169922
Epoch 27: loss = -65.67035675048828
Epoch 28: loss = -65.67037200927734
Epoch 29: loss = -65.67037200927734
Epoch 30: loss = -65.67037963867188
Early stopping at epoch 30 with loss -65.67034149169922
Reconstruction for fluence = 37.926901907322495 photons/pixel
Epoch 0: loss = 24164.4140625
Epoch 1: loss = 55.781959533691406
Epoch 2: loss = 19.707618713378906
Epoch 3: loss = 13.423531532287598
Epoch 4: loss = 11.16006851196289
Epoch 5: loss = 10.22618579864502
Epoch 6: loss = 9.83112907409668
Epoch 7: loss = 9.57413101196289
Epoch 8: loss = 9.405532836914062
Epoch 9: loss = 9.311553955078125
Epoch 10: loss = 9.248773574829102
Epoch 11: loss = 9.211949348449707
Epoch 12: loss = 9.187895774841309
Epoch 13: loss = 9.169642448425293
Epoch 14: loss = 9.156651496887207
Epoch 0: loss = -185.07118225097656
Epoch 1: loss = -185.51527404785156
Epoch 2: loss = -185.5524139404297
Epoch 3: loss = -185.559326171875
Epoch 4: loss = -185.5618133544922
Epoch 5: loss = -185.56295776367188
Epoch 6: loss = -185.56399536132812
Epoch 7: loss = -185.56431579589844
Epoch 8: loss = -185.5644073486328
Epoch 9: loss = -185.56451416015625
Epoch 10: loss = -185.5647735595703
Epoch 11: loss = -185.56478881835938
Epoch 12: loss = -185.56483459472656
Epoch 13: loss = -185.5648651123047
Epoch 14: loss = -185.5648651123047
Epoch 15: loss = -185.5648651123047
Early stopping at epoch 15 with loss -185.5647735595703
Reconstruction for fluence = 88.58667904100822 photons/pixel
Epoch 0: loss = 131648.890625
Epoch 1: loss = 240.41580200195312
Epoch 2: loss = 62.35724639892578
Epoch 3: loss = 35.33245086669922
Epoch 4: loss = 27.605398178100586
Epoch 5: loss = 24.366912841796875
Epoch 6: loss = 22.881938934326172
Epoch 7: loss = 22.14158058166504
Epoch 8: loss = 21.61305809020996
Epoch 9: loss = 21.297250747680664
Epoch 10: loss = 21.065834045410156
Epoch 11: loss = 20.92696189880371
Epoch 12: loss = 20.833961486816406
Epoch 13: loss = 20.765228271484375
Epoch 14: loss = 20.714189529418945
Epoch 0: loss = -508.3425598144531
Epoch 1: loss = -508.95025634765625
Epoch 2: loss = -509.0041809082031
Epoch 3: loss = -509.0158386230469
Epoch 4: loss = -509.0205078125
Epoch 5: loss = -509.0232238769531
Epoch 6: loss = -509.0243225097656
Epoch 7: loss = -509.0245361328125
Epoch 8: loss = -509.0246276855469
Epoch 9: loss = -509.0246276855469
Epoch 10: loss = -509.0247497558594
Epoch 11: loss = -509.02484130859375
Epoch 12: loss = -509.02496337890625
Epoch 13: loss = -509.02496337890625
Epoch 14: loss = -509.02496337890625
Epoch 15: loss = -509.0250244140625
Epoch 16: loss = -509.0251159667969
Epoch 17: loss = -509.0251770019531
Epoch 18: loss = -509.0251770019531
Epoch 19: loss = -509.0251770019531
Epoch 20: loss = -509.0251770019531
Epoch 21: loss = -509.0251770019531
Early stopping at epoch 21 with loss -509.0251159667969
Reconstruction for fluence = 206.9138081114788 photons/pixel
Epoch 0: loss = 718242.25
Epoch 1: loss = 1181.570556640625
Epoch 2: loss = 235.38368225097656
Epoch 3: loss = 106.13526153564453
Epoch 4: loss = 71.65473175048828
Epoch 5: loss = 59.08171844482422
Epoch 6: loss = 54.29945373535156
Epoch 7: loss = 51.47766876220703
Epoch 8: loss = 49.507896423339844
Epoch 9: loss = 48.24625015258789
Epoch 10: loss = 47.405517578125
Epoch 11: loss = 46.87782287597656
Epoch 12: loss = 46.5518798828125
Epoch 13: loss = 46.30359649658203
Epoch 14: loss = 46.11498260498047
Epoch 0: loss = -1362.694091796875
Epoch 1: loss = -1363.44091796875
Epoch 2: loss = -1363.5152587890625
Epoch 3: loss = -1363.529052734375
Epoch 4: loss = -1363.53173828125
Epoch 5: loss = -1363.5323486328125
Epoch 6: loss = -1363.5338134765625
Epoch 7: loss = -1363.53564453125
Epoch 8: loss = -1363.5357666015625
Epoch 9: loss = -1363.535888671875
Epoch 10: loss = -1363.5360107421875
Epoch 11: loss = -1363.5362548828125
Epoch 12: loss = -1363.5362548828125
Epoch 13: loss = -1363.5362548828125
Epoch 14: loss = -1363.53662109375
Epoch 15: loss = -1363.53662109375
Epoch 16: loss = -1363.53662109375
Epoch 17: loss = -1363.5367431640625
Epoch 18: loss = -1363.5367431640625
Epoch 19: loss = -1363.5367431640625
Early stopping at epoch 19 with loss -1363.53662109375
Reconstruction for fluence = 483.2930238571752 photons/pixel
Epoch 0: loss = 3913953.25
Epoch 1: loss = 6025.32373046875
Epoch 2: loss = 1011.1607055664062
Epoch 3: loss = 381.53753662109375
Epoch 4: loss = 213.74131774902344
Epoch 5: loss = 156.3554229736328
Epoch 6: loss = 135.2199249267578
Epoch 7: loss = 124.49794006347656
Epoch 8: loss = 117.4461669921875
Epoch 9: loss = 112.86170959472656
Epoch 10: loss = 109.99609375
Epoch 11: loss = 108.18888854980469
Epoch 12: loss = 107.59261322021484
Epoch 13: loss = 106.09834289550781
Epoch 14: loss = 105.41436004638672
Epoch 0: loss = -3596.514892578125
Epoch 1: loss = -3597.512451171875
Epoch 2: loss = -3597.585205078125
Epoch 3: loss = -3597.594970703125
Epoch 4: loss = -3597.596923828125
Epoch 5: loss = -3597.598876953125
Epoch 6: loss = -3597.599853515625
Epoch 7: loss = -3597.599853515625
Epoch 8: loss = -3597.600830078125
Epoch 9: loss = -3597.600830078125
Epoch 10: loss = -3597.601318359375
Epoch 11: loss = -3597.6015625
Epoch 12: loss = -3597.60205078125
Epoch 13: loss = -3597.60205078125
Epoch 14: loss = -3597.60205078125
Epoch 15: loss = -3597.602783203125
Epoch 16: loss = -3597.602783203125
Epoch 17: loss = -3597.602783203125
Epoch 18: loss = -3597.602783203125
Epoch 19: loss = -3597.603271484375
Epoch 20: loss = -3597.603271484375
Epoch 21: loss = -3597.603271484375
Epoch 22: loss = -3597.603271484375
Epoch 23: loss = -3597.603759765625
Epoch 24: loss = -3597.604248046875
Epoch 25: loss = -3597.604248046875
Epoch 26: loss = -3597.604248046875
Epoch 27: loss = -3597.604248046875
Epoch 28: loss = -3597.604248046875
Epoch 29: loss = -3597.604248046875
Early stopping at epoch 29 with loss -3597.604248046875
Reconstruction for fluence = 1128.8378916846884 photons/pixel
Epoch 0: loss = 21355926.0
Epoch 1: loss = 31789.31640625
Epoch 2: loss = 5316.505859375
Epoch 3: loss = 1761.4918212890625
Epoch 4: loss = 814.2874145507812
Epoch 5: loss = 528.6275024414062
Epoch 6: loss = 414.1632995605469
Epoch 7: loss = 351.71295166015625
Epoch 8: loss = 313.4955139160156
Epoch 9: loss = 292.5906066894531
Epoch 10: loss = 278.8924865722656
Epoch 11: loss = 270.9610900878906
Epoch 12: loss = 265.94476318359375
Epoch 13: loss = 261.7037353515625
Epoch 14: loss = 258.8103332519531
Epoch 0: loss = -9352.7802734375
Epoch 1: loss = -9354.0908203125
Epoch 2: loss = -9354.1611328125
Epoch 3: loss = -9354.1669921875
Epoch 4: loss = -9354.1669921875
Epoch 5: loss = -9354.1689453125
Epoch 6: loss = -9354.1689453125
Epoch 7: loss = -9354.169921875
Epoch 8: loss = -9354.169921875
Epoch 9: loss = -9354.169921875
Epoch 10: loss = -9354.171875
Epoch 11: loss = -9354.173828125
Epoch 12: loss = -9354.173828125
Epoch 13: loss = -9354.173828125
Epoch 14: loss = -9354.173828125
Epoch 15: loss = -9354.173828125
Epoch 16: loss = -9354.17578125
Epoch 17: loss = -9354.17578125
Epoch 18: loss = -9354.17578125
Epoch 19: loss = -9354.1767578125
Epoch 20: loss = -9354.1767578125
Epoch 21: loss = -9354.1767578125
Epoch 22: loss = -9354.1767578125
Epoch 23: loss = -9354.1767578125
Epoch 24: loss = -9354.1767578125
Early stopping at epoch 24 with loss -9354.1767578125
Reconstruction for fluence = 2636.6508987303555 photons/pixel
Epoch 0: loss = 116571384.0
Epoch 1: loss = 171524.6875
Epoch 2: loss = 27707.291015625
Epoch 3: loss = 8571.6650390625
Epoch 4: loss = 3550.5322265625
Epoch 5: loss = 1913.015380859375
Epoch 6: loss = 1351.7086181640625
Epoch 7: loss = 1077.3173828125
Epoch 8: loss = 897.269775390625
Epoch 9: loss = 796.4963989257812
Epoch 10: loss = 734.5464477539062
Epoch 11: loss = 701.041259765625
Epoch 12: loss = 678.7354736328125
Epoch 13: loss = 662.9752807617188
Epoch 14: loss = 649.0576171875
Epoch 0: loss = -24083.001953125
Epoch 1: loss = -24084.732421875
Epoch 2: loss = -24084.78515625
Epoch 3: loss = -24084.802734375
Epoch 4: loss = -24084.806640625
Epoch 5: loss = -24084.806640625
Epoch 6: loss = -24084.80859375
Epoch 7: loss = -24084.80859375
Epoch 8: loss = -24084.8125
Epoch 9: loss = -24084.8125
Epoch 10: loss = -24084.81640625
Epoch 11: loss = -24084.81640625
Epoch 12: loss = -24084.81640625
Epoch 13: loss = -24084.81640625
Epoch 14: loss = -24084.81640625
Epoch 15: loss = -24084.81640625
Early stopping at epoch 15 with loss -24084.81640625
Reconstruction for fluence = 6158.482110660255 photons/pixel
Epoch 0: loss = 635808192.0
Epoch 1: loss = 932262.125
Epoch 2: loss = 147854.390625
Epoch 3: loss = 44033.2578125
Epoch 4: loss = 16910.861328125
Epoch 5: loss = 8376.18359375
Epoch 6: loss = 5226.43994140625
Epoch 7: loss = 3722.591064453125
Epoch 8: loss = 2816.64111328125
Epoch 9: loss = 2350.81201171875
Epoch 10: loss = 1978.7486572265625
Epoch 11: loss = 1796.2540283203125
Epoch 12: loss = 1679.9259033203125
Epoch 13: loss = 1596.05810546875
Epoch 14: loss = 1538.8370361328125
Epoch 0: loss = -61480.33203125
Epoch 1: loss = -61482.6953125
Epoch 2: loss = -61482.70703125
Epoch 3: loss = -61482.73828125
Epoch 4: loss = -61482.75
Epoch 5: loss = -61482.75
Epoch 6: loss = -61482.75
Epoch 7: loss = -61482.765625
Epoch 8: loss = -61482.765625
Epoch 9: loss = -61482.765625
Epoch 10: loss = -61482.765625
Epoch 11: loss = -61482.77734375
Epoch 12: loss = -61482.77734375
Epoch 13: loss = -61482.77734375
Epoch 14: loss = -61482.77734375
Epoch 15: loss = -61482.77734375
Epoch 16: loss = -61482.77734375
Early stopping at epoch 16 with loss -61482.77734375
Reconstruction for fluence = 14384.498882876629 photons/pixel
Epoch 0: loss = 3469485312.0
Epoch 1: loss = 5076878.0
Epoch 2: loss = 795858.6875
Epoch 3: loss = 231567.828125
Epoch 4: loss = 84082.1015625
Epoch 5: loss = 39908.04296875
Epoch 6: loss = 24650.96484375
Epoch 7: loss = 16519.109375
Epoch 8: loss = 11201.3505859375
Epoch 9: loss = 8239.05859375
Epoch 10: loss = 6383.73876953125
Epoch 11: loss = 5370.93603515625
Epoch 12: loss = 4815.37646484375
Epoch 13: loss = 4446.02197265625
Epoch 14: loss = 4006.13671875
Epoch 0: loss = -155790.15625
Epoch 1: loss = -155792.578125
Epoch 2: loss = -155793.6875
Epoch 3: loss = -155793.734375
Epoch 4: loss = -155793.765625
Epoch 5: loss = -155793.796875
Epoch 6: loss = -155793.796875
Epoch 7: loss = -155793.8125
Epoch 8: loss = -155793.8125
Epoch 9: loss = -155793.8125
Epoch 10: loss = -155793.828125
Epoch 11: loss = -155793.828125
Epoch 12: loss = -155793.828125
Epoch 13: loss = -155793.828125
Epoch 14: loss = -155793.828125
Epoch 15: loss = -155793.828125
Early stopping at epoch 15 with loss -155793.828125
Reconstruction for fluence = 33598.18286283781 photons/pixel
Epoch 0: loss = 18925578240.0
Epoch 1: loss = 27665192.0
Epoch 2: loss = 4339439.0
Epoch 3: loss = 1261656.25
Epoch 4: loss = 474356.15625
Epoch 5: loss = 208442.109375
Epoch 6: loss = 118395.4453125
Epoch 7: loss = 75839.4140625
Epoch 8: loss = 48594.20703125
Epoch 9: loss = 33311.01953125
Epoch 10: loss = 23819.857421875
Epoch 11: loss = 18733.390625
Epoch 12: loss = 15423.142578125
Epoch 13: loss = 13372.732421875
Epoch 14: loss = 11713.73046875
Epoch 0: loss = -392426.375
Epoch 1: loss = -392432.34375
Epoch 2: loss = -392432.4375
Epoch 3: loss = -392432.59375
Epoch 4: loss = -392432.625
Epoch 5: loss = -392432.625
Epoch 6: loss = -392432.65625
Epoch 7: loss = -392432.65625
Epoch 8: loss = -392432.65625
Epoch 9: loss = -392432.65625
Epoch 10: loss = -392432.65625
Epoch 11: loss = -392432.65625
Early stopping at epoch 11 with loss -392432.65625
Reconstruction for fluence = 78475.99703514607 photons/pixel
Epoch 0: loss = 103254859776.0
Epoch 1: loss = 151180880.0
Epoch 2: loss = 23592626.0
Epoch 3: loss = 6867337.5
Epoch 4: loss = 2496075.25
Epoch 5: loss = 1077255.75
Epoch 6: loss = 649636.3125
Epoch 7: loss = 390749.78125
Epoch 8: loss = 235921.78125
Epoch 9: loss = 154771.828125
Epoch 10: loss = 104103.9140625
Epoch 11: loss = 75739.765625
Epoch 12: loss = 59971.39453125
Epoch 13: loss = 47723.41796875
Epoch 14: loss = 38551.21484375
Epoch 0: loss = -983185.875
Epoch 1: loss = -983197.5625
Epoch 2: loss = -983197.6875
Epoch 3: loss = -983197.8125
Epoch 4: loss = -983197.8125
Epoch 5: loss = -983197.875
Epoch 6: loss = -983198.0
Epoch 7: loss = -983198.0
Epoch 8: loss = -983198.0
Epoch 9: loss = -983198.0
Epoch 10: loss = -983198.125
Epoch 11: loss = -983198.125
Epoch 12: loss = -983198.125
Epoch 13: loss = -983198.125
Epoch 14: loss = -983198.125
Epoch 15: loss = -983198.125
Early stopping at epoch 15 with loss -983198.125
Reconstruction for fluence = 183298.07108324335 photons/pixel
Epoch 0: loss = 563298500608.0
Epoch 1: loss = 824256576.0
Epoch 2: loss = 129230648.0
Epoch 3: loss = 37589488.0
Epoch 4: loss = 13376358.0
Epoch 5: loss = 5889530.5
Epoch 6: loss = 3440362.5
Epoch 7: loss = 2100651.25
Epoch 8: loss = 1321378.875
Epoch 9: loss = 844569.8125
Epoch 10: loss = 557217.3125
Epoch 11: loss = 400060.375
Epoch 12: loss = 294729.5625
Epoch 13: loss = 225456.625
Epoch 14: loss = 176941.890625
Epoch 0: loss = -2451921.0
Epoch 1: loss = -2451948.0
Epoch 2: loss = -2451948.5
Epoch 3: loss = -2451948.75
Epoch 4: loss = -2451949.0
Epoch 5: loss = -2451949.25
Epoch 6: loss = -2451949.25
Epoch 7: loss = -2451949.25
Epoch 8: loss = -2451949.25
Epoch 9: loss = -2451949.25
Epoch 10: loss = -2451949.25
Early stopping at epoch 10 with loss -2451949.25
Reconstruction for fluence = 428133.2398719387 photons/pixel
Epoch 0: loss = 3073054605312.0
Epoch 1: loss = 4493560320.0
Epoch 2: loss = 704524352.0
Epoch 3: loss = 204653008.0
Epoch 4: loss = 73070536.0
Epoch 5: loss = 32750952.0
Epoch 6: loss = 18324162.0
Epoch 7: loss = 11537437.0
Epoch 8: loss = 6942921.5
Epoch 9: loss = 4470299.5
Epoch 10: loss = 2854080.25
Epoch 11: loss = 2026142.625
Epoch 12: loss = 1510945.125
Epoch 13: loss = 1102166.0
Epoch 14: loss = 828695.0
Epoch 0: loss = -6090282.5
Epoch 1: loss = -6090345.0
Epoch 2: loss = -6090346.0
Epoch 3: loss = -6090346.0
Epoch 4: loss = -6090346.0
Epoch 5: loss = -6090346.0
Epoch 6: loss = -6090346.5
Epoch 7: loss = -6090346.5
Epoch 8: loss = -6090346.5
Epoch 9: loss = -6090346.5
Epoch 10: loss = -6090346.5
Epoch 11: loss = -6090346.5
Early stopping at epoch 11 with loss -6090346.5
Reconstruction for fluence = 1000000.0 photons/pixel
Epoch 0: loss = 16765986799616.0
Epoch 1: loss = 24518797312.0
Epoch 2: loss = 3840791808.0
Epoch 3: loss = 1116499456.0
Epoch 4: loss = 397878560.0
Epoch 5: loss = 176715200.0
Epoch 6: loss = 101193744.0
Epoch 7: loss = 61464436.0
Epoch 8: loss = 37139492.0
Epoch 9: loss = 23499706.0
Epoch 10: loss = 15073236.0
Epoch 11: loss = 10569710.0
Epoch 12: loss = 7666743.0
Epoch 13: loss = 5513706.0
Epoch 14: loss = 4072156.5
Epoch 0: loss = -15073497.0
Epoch 1: loss = -15073632.0
Epoch 2: loss = -15073636.0
Epoch 3: loss = -15073636.0
Epoch 4: loss = -15073639.0
Epoch 5: loss = -15073639.0
Epoch 6: loss = -15073639.0
Epoch 7: loss = -15073639.0
Epoch 8: loss = -15073641.0
Epoch 9: loss = -15073643.0
Epoch 10: loss = -15073643.0
Epoch 11: loss = -15073643.0
Epoch 12: loss = -15073643.0
Epoch 13: loss = -15073643.0
Epoch 14: loss = -15073643.0
Early stopping at epoch 14 with loss -15073643.0
Simulation for steps_size=27 and n_fluences=20 completed!
