Running simulation for steps_size=26 and n_fluences=20
Steps size: 26
Tensors initialization on device cuda
Multiprobe = None

('MSE', None) RECONSTRUCTIONS

Reconstruction for fluence = 0.09999999999999999 photons/pixel
Epoch 0: loss = 0.18270033597946167
Epoch 1: loss = 0.05738217383623123
Epoch 2: loss = 0.05396450310945511
Epoch 3: loss = 0.05319131910800934
Epoch 4: loss = 0.05285470560193062
Epoch 5: loss = 0.052619948983192444
Epoch 6: loss = 0.052347034215927124
Epoch 7: loss = 0.052137888967990875
Epoch 8: loss = 0.05195122957229614
Epoch 9: loss = 0.05180417373776436
Epoch 10: loss = 0.05165286362171173
Epoch 11: loss = 0.05160970240831375
Epoch 12: loss = 0.05158764123916626
Epoch 13: loss = 0.051559604704380035
Epoch 14: loss = 0.05138063430786133
Epoch 15: loss = 0.05113142728805542
Epoch 16: loss = 0.051046743988990784
Epoch 17: loss = 0.05099945515394211
Epoch 18: loss = 0.05093906447291374
Epoch 19: loss = 0.05086703225970268
Epoch 20: loss = 0.050810568034648895
Epoch 21: loss = 0.05076145380735397
Epoch 22: loss = 0.05074745789170265
Epoch 23: loss = 0.050744131207466125
Epoch 24: loss = 0.050742678344249725
Epoch 25: loss = 0.05074194073677063
Epoch 26: loss = 0.0507490411400795
Early stopping at epoch 26 with loss 0.05076145380735397
Reconstruction for fluence = 0.23357214690901223 photons/pixel
Epoch 0: loss = 0.6907975077629089
Epoch 1: loss = 0.13902465999126434
Epoch 2: loss = 0.13153664767742157
Epoch 3: loss = 0.12998220324516296
Epoch 4: loss = 0.12946616113185883
Epoch 5: loss = 0.1290552169084549
Epoch 6: loss = 0.12887658178806305
Epoch 7: loss = 0.12879835069179535
Epoch 8: loss = 0.12872910499572754
Epoch 9: loss = 0.12868179380893707
Epoch 10: loss = 0.12866699695587158
Epoch 11: loss = 0.1286616176366806
Epoch 12: loss = 0.1286514401435852
Epoch 13: loss = 0.12860937416553497
Epoch 14: loss = 0.12859193980693817
Epoch 15: loss = 0.12857501208782196
Epoch 16: loss = 0.12856286764144897
Epoch 17: loss = 0.12854976952075958
Epoch 18: loss = 0.12853951752185822
Early stopping at epoch 18 with loss 0.12860937416553497
Reconstruction for fluence = 0.5455594781168519 photons/pixel
Epoch 0: loss = 3.0889134407043457
Epoch 1: loss = 0.31345871090888977
Epoch 2: loss = 0.29123958945274353
Epoch 3: loss = 0.28725507855415344
Epoch 4: loss = 0.2861630618572235
Epoch 5: loss = 0.28580281138420105
Epoch 6: loss = 0.28566664457321167
Epoch 7: loss = 0.28561487793922424
Epoch 8: loss = 0.28559473156929016
Epoch 9: loss = 0.2854824364185333
Epoch 10: loss = 0.28530311584472656
Epoch 11: loss = 0.2852862477302551
Epoch 12: loss = 0.2852841913700104
Epoch 13: loss = 0.2852795422077179
Epoch 14: loss = 0.28527799248695374
Epoch 15: loss = 0.2852770984172821
Early stopping at epoch 15 with loss 0.28530311584472656
Reconstruction for fluence = 1.2742749857031335 photons/pixel
Epoch 0: loss = 14.83599853515625
Epoch 1: loss = 0.6896848678588867
Epoch 2: loss = 0.6241705417633057
Epoch 3: loss = 0.6131362915039062
Epoch 4: loss = 0.6100710034370422
Epoch 5: loss = 0.6091373562812805
Epoch 6: loss = 0.6088218092918396
Epoch 7: loss = 0.6086812019348145
Epoch 8: loss = 0.6086133122444153
Epoch 9: loss = 0.6085753440856934
Epoch 10: loss = 0.6085525751113892
Epoch 11: loss = 0.6085414290428162
Epoch 12: loss = 0.608535647392273
Epoch 13: loss = 0.608532726764679
Epoch 14: loss = 0.6085284352302551
Early stopping at epoch 14 with loss 0.6085753440856934
Reconstruction for fluence = 2.976351441631318 photons/pixel
Epoch 0: loss = 78.22232818603516
Epoch 1: loss = 1.6274003982543945
Epoch 2: loss = 1.3774750232696533
Epoch 3: loss = 1.3388172388076782
Epoch 4: loss = 1.3287290334701538
Epoch 5: loss = 1.3262865543365479
Epoch 6: loss = 1.3257280588150024
Epoch 7: loss = 1.3255778551101685
Epoch 8: loss = 1.3255236148834229
Epoch 9: loss = 1.3255043029785156
Epoch 10: loss = 1.3254958391189575
Epoch 11: loss = 1.3254934549331665
Epoch 12: loss = 1.3254934549331665
Early stopping at epoch 12 with loss 1.3255778551101685
Reconstruction for fluence = 6.9519279617756045 photons/pixel
Epoch 0: loss = 417.2200012207031
Epoch 1: loss = 3.9482548236846924
Epoch 2: loss = 3.0980446338653564
Epoch 3: loss = 2.960739850997925
Epoch 4: loss = 2.9267494678497314
Epoch 5: loss = 2.9174673557281494
Epoch 6: loss = 2.914783000946045
Epoch 7: loss = 2.913541555404663
Epoch 8: loss = 2.91284441947937
Epoch 9: loss = 2.9124886989593506
Epoch 10: loss = 2.912306070327759
Epoch 11: loss = 2.9122254848480225
Epoch 12: loss = 2.912188768386841
Epoch 13: loss = 2.912163734436035
Epoch 14: loss = 2.91215443611145
Epoch 15: loss = 2.9121508598327637
Epoch 16: loss = 2.91214919090271
Epoch 17: loss = 2.9121458530426025
Early stopping at epoch 17 with loss 2.912188768386841
Reconstruction for fluence = 16.23776739188721 photons/pixel
Epoch 0: loss = 2239.44580078125
Epoch 1: loss = 11.380455017089844
Epoch 2: loss = 7.780243873596191
Epoch 3: loss = 6.930815696716309
Epoch 4: loss = 6.7198100090026855
Epoch 5: loss = 6.66558837890625
Epoch 6: loss = 6.653173923492432
Epoch 7: loss = 6.648058891296387
Epoch 8: loss = 6.645532608032227
Epoch 9: loss = 6.644439697265625
Epoch 10: loss = 6.6438889503479
Epoch 11: loss = 6.643667697906494
Epoch 12: loss = 6.64356803894043
Epoch 13: loss = 6.643514156341553
Epoch 14: loss = 6.643484115600586
Epoch 15: loss = 6.6434736251831055
Epoch 16: loss = 6.643473148345947
Epoch 17: loss = 6.64346981048584
Epoch 18: loss = 6.643467426300049
Early stopping at epoch 18 with loss 6.643514156341553
Reconstruction for fluence = 37.926901907322495 photons/pixel
Epoch 0: loss = 12180.8681640625
Epoch 1: loss = 36.31422424316406
Epoch 2: loss = 19.535720825195312
Epoch 3: loss = 15.8883056640625
Epoch 4: loss = 14.9690523147583
Epoch 5: loss = 14.67941951751709
Epoch 6: loss = 14.580400466918945
Epoch 7: loss = 14.542922973632812
Epoch 8: loss = 14.527180671691895
Epoch 9: loss = 14.52007007598877
Epoch 10: loss = 14.516077995300293
Epoch 11: loss = 14.514022827148438
Epoch 12: loss = 14.51309871673584
Epoch 13: loss = 14.51254653930664
Epoch 14: loss = 14.512161254882812
Epoch 15: loss = 14.51192569732666
Epoch 16: loss = 14.51176929473877
Epoch 17: loss = 14.511749267578125
Epoch 18: loss = 14.51172924041748
Epoch 19: loss = 14.511685371398926
Epoch 20: loss = 14.51166820526123
Epoch 21: loss = 14.51165771484375
Epoch 22: loss = 14.511588096618652
Epoch 23: loss = 14.51154899597168
Epoch 24: loss = 14.51154613494873
Epoch 25: loss = 14.51154613494873
Epoch 26: loss = 14.51153564453125
Epoch 27: loss = 14.51150894165039
Epoch 28: loss = 14.51150894165039
Early stopping at epoch 28 with loss 14.51154899597168
Reconstruction for fluence = 88.58667904100822 photons/pixel
Epoch 0: loss = 66390.4375
Epoch 1: loss = 141.5065155029297
Epoch 2: loss = 55.3519401550293
Epoch 3: loss = 39.254886627197266
Epoch 4: loss = 35.02897644042969
Epoch 5: loss = 33.78398895263672
Epoch 6: loss = 33.320194244384766
Epoch 7: loss = 33.132835388183594
Epoch 8: loss = 32.968746185302734
Epoch 9: loss = 32.84307861328125
Epoch 10: loss = 32.76978302001953
Epoch 11: loss = 32.74018859863281
Epoch 12: loss = 32.72488021850586
Epoch 13: loss = 32.71547317504883
Epoch 14: loss = 32.70966339111328
Epoch 15: loss = 32.70627975463867
Epoch 16: loss = 32.704315185546875
Epoch 17: loss = 32.70322036743164
Epoch 18: loss = 32.70240783691406
Epoch 19: loss = 32.70169448852539
Epoch 20: loss = 32.701202392578125
Epoch 21: loss = 32.70112991333008
Epoch 22: loss = 32.70082473754883
Epoch 23: loss = 32.70049285888672
Epoch 24: loss = 32.70049285888672
Epoch 25: loss = 32.70043182373047
Epoch 26: loss = 32.70035171508789
Epoch 27: loss = 32.70008850097656
Epoch 28: loss = 32.69973373413086
Epoch 29: loss = 32.69965362548828
Epoch 30: loss = 32.69921875
Epoch 31: loss = 32.69880676269531
Epoch 32: loss = 32.69832992553711
Epoch 33: loss = 32.697731018066406
Epoch 34: loss = 32.69704055786133
Epoch 35: loss = 32.69614791870117
Epoch 36: loss = 32.69500732421875
Epoch 37: loss = 32.69350051879883
Epoch 38: loss = 32.69071578979492
Epoch 39: loss = 32.685054779052734
Epoch 40: loss = 32.66903305053711
Epoch 41: loss = 32.61947250366211
Epoch 42: loss = 32.60500717163086
Epoch 43: loss = 32.5999641418457
Epoch 44: loss = 32.597652435302734
Epoch 45: loss = 32.59645462036133
Epoch 46: loss = 32.59575653076172
Epoch 47: loss = 32.59535217285156
Epoch 48: loss = 32.59529495239258
Epoch 49: loss = 32.59514236450195
Epoch 50: loss = 32.59507369995117
Epoch 51: loss = 32.59494400024414
Epoch 52: loss = 32.59492111206055
Epoch 53: loss = 32.59488296508789
Epoch 54: loss = 32.59486389160156
Epoch 55: loss = 32.59486389160156
Epoch 56: loss = 32.594852447509766
Early stopping at epoch 56 with loss 32.59494400024414
Reconstruction for fluence = 206.9138081114788 photons/pixel
Epoch 0: loss = 361543.375
Epoch 1: loss = 577.3507080078125
Epoch 2: loss = 186.0513458251953
Epoch 3: loss = 107.3987808227539
Epoch 4: loss = 84.09860229492188
Epoch 5: loss = 77.704833984375
Epoch 6: loss = 75.8985366821289
Epoch 7: loss = 75.18770599365234
Epoch 8: loss = 74.81365203857422
Epoch 9: loss = 74.6071548461914
Epoch 10: loss = 74.49488067626953
Epoch 11: loss = 74.42489624023438
Epoch 12: loss = 74.38917541503906
Epoch 13: loss = 74.3639144897461
Epoch 14: loss = 74.34666442871094
Epoch 15: loss = 74.33454132080078
Epoch 16: loss = 74.32633209228516
Epoch 17: loss = 74.32131958007812
Epoch 18: loss = 74.31720733642578
Epoch 19: loss = 74.31414794921875
Epoch 20: loss = 74.31159210205078
Epoch 21: loss = 74.30982971191406
Epoch 22: loss = 74.30850982666016
Epoch 23: loss = 74.3083267211914
Epoch 24: loss = 74.30741119384766
Epoch 25: loss = 74.30730438232422
Epoch 26: loss = 74.3068618774414
Epoch 27: loss = 74.30619049072266
Epoch 28: loss = 74.30609893798828
Epoch 29: loss = 74.30599212646484
Epoch 30: loss = 74.30593872070312
Epoch 31: loss = 74.30561065673828
Epoch 32: loss = 74.30545806884766
Epoch 33: loss = 74.30543518066406
Epoch 34: loss = 74.30543518066406
Epoch 35: loss = 74.30531311035156
Epoch 36: loss = 74.3050537109375
Epoch 37: loss = 74.3050537109375
Epoch 38: loss = 74.3049087524414
Epoch 39: loss = 74.30486297607422
Epoch 40: loss = 74.30461883544922
Epoch 41: loss = 74.30448150634766
Epoch 42: loss = 74.30430603027344
Epoch 43: loss = 74.30418395996094
Epoch 44: loss = 74.30418395996094
Epoch 45: loss = 74.30418395996094
Epoch 46: loss = 74.30406188964844
Epoch 47: loss = 74.30399322509766
Epoch 48: loss = 74.30389404296875
Epoch 49: loss = 74.30388641357422
Epoch 50: loss = 74.30387115478516
Epoch 51: loss = 74.30387115478516
Epoch 52: loss = 74.30384826660156
Epoch 53: loss = 74.3038101196289
Early stopping at epoch 53 with loss 74.30389404296875
Reconstruction for fluence = 483.2930238571752 photons/pixel
Epoch 0: loss = 1970155.625
Epoch 1: loss = 2935.392333984375
Epoch 2: loss = 801.683837890625
Epoch 3: loss = 363.78814697265625
Epoch 4: loss = 238.41476440429688
Epoch 5: loss = 193.7241973876953
Epoch 6: loss = 182.99424743652344
Epoch 7: loss = 178.56494140625
Epoch 8: loss = 176.2687225341797
Epoch 9: loss = 175.17698669433594
Epoch 10: loss = 174.584228515625
Epoch 11: loss = 174.2482452392578
Epoch 12: loss = 174.0542755126953
Epoch 13: loss = 173.9251251220703
Epoch 14: loss = 173.8336944580078
Epoch 15: loss = 173.7649688720703
Epoch 16: loss = 173.71923828125
Epoch 17: loss = 173.68991088867188
Epoch 18: loss = 173.6663360595703
Epoch 19: loss = 173.6482696533203
Epoch 20: loss = 173.6356658935547
Epoch 21: loss = 173.62335205078125
Epoch 22: loss = 173.61439514160156
Epoch 23: loss = 173.6067657470703
Epoch 24: loss = 173.6002655029297
Epoch 25: loss = 173.59510803222656
Epoch 26: loss = 173.59109497070312
Epoch 27: loss = 173.58847045898438
Epoch 28: loss = 173.5858154296875
Epoch 29: loss = 173.58328247070312
Epoch 30: loss = 173.58154296875
Epoch 31: loss = 173.5812225341797
Epoch 32: loss = 173.5797576904297
Epoch 33: loss = 173.57911682128906
Epoch 34: loss = 173.57810974121094
Epoch 35: loss = 173.57794189453125
Epoch 36: loss = 173.57760620117188
Epoch 37: loss = 173.57696533203125
Epoch 38: loss = 173.5767822265625
Epoch 39: loss = 173.57650756835938
Epoch 40: loss = 173.57606506347656
Epoch 41: loss = 173.57595825195312
Epoch 42: loss = 173.5753936767578
Epoch 43: loss = 173.57484436035156
Epoch 44: loss = 173.57470703125
Epoch 45: loss = 173.57403564453125
Epoch 46: loss = 173.57383728027344
Epoch 47: loss = 173.57359313964844
Epoch 48: loss = 173.5733184814453
Epoch 49: loss = 173.57269287109375
Epoch 50: loss = 173.57212829589844
Epoch 51: loss = 173.57212829589844
Epoch 52: loss = 173.57212829589844
Epoch 53: loss = 173.5716094970703
Epoch 54: loss = 173.57156372070312
Epoch 55: loss = 173.5712127685547
Epoch 56: loss = 173.5709991455078
Epoch 57: loss = 173.56996154785156
Epoch 58: loss = 173.569091796875
Epoch 59: loss = 173.56890869140625
Epoch 60: loss = 173.568603515625
Epoch 61: loss = 173.567626953125
Epoch 62: loss = 173.5674591064453
Epoch 63: loss = 173.5673370361328
Epoch 64: loss = 173.56692504882812
Epoch 65: loss = 173.56671142578125
Epoch 66: loss = 173.56622314453125
Epoch 67: loss = 173.56613159179688
Epoch 68: loss = 173.56602478027344
Epoch 69: loss = 173.5658416748047
Epoch 70: loss = 173.5656280517578
Epoch 71: loss = 173.5655975341797
Epoch 72: loss = 173.5655975341797
Epoch 73: loss = 173.5653076171875
Epoch 74: loss = 173.5653533935547
Epoch 75: loss = 173.5654296875
Epoch 76: loss = 173.5652618408203
Epoch 77: loss = 173.5652618408203
Epoch 78: loss = 173.5651092529297
Epoch 79: loss = 173.5651397705078
Epoch 80: loss = 173.5650177001953
Epoch 81: loss = 173.56503295898438
Epoch 82: loss = 173.56504821777344
Epoch 83: loss = 173.5649871826172
Epoch 84: loss = 173.5649871826172
Epoch 85: loss = 173.56494140625
Epoch 86: loss = 173.56491088867188
Epoch 87: loss = 173.56491088867188
Epoch 88: loss = 173.56500244140625
Early stopping at epoch 88 with loss 173.5649871826172
Reconstruction for fluence = 1128.8378916846884 photons/pixel
Epoch 0: loss = 10759385.0
Epoch 1: loss = 15135.1982421875
Epoch 2: loss = 3744.13232421875
Epoch 3: loss = 1384.97314453125
Epoch 4: loss = 693.5628662109375
Epoch 5: loss = 492.2716979980469
Epoch 6: loss = 444.5807189941406
Epoch 7: loss = 425.8429870605469
Epoch 8: loss = 415.9299621582031
Epoch 9: loss = 410.48431396484375
Epoch 10: loss = 407.5440368652344
Epoch 11: loss = 405.9460144042969
Epoch 12: loss = 405.14910888671875
Epoch 13: loss = 404.5228576660156
Epoch 14: loss = 404.08697509765625
Epoch 15: loss = 403.7643127441406
Epoch 16: loss = 403.5438537597656
Epoch 17: loss = 403.42205810546875
Epoch 18: loss = 403.32037353515625
Epoch 19: loss = 403.2391052246094
Epoch 20: loss = 403.1784973144531
Epoch 21: loss = 403.1306457519531
Epoch 22: loss = 403.09722900390625
Epoch 23: loss = 403.0710144042969
Epoch 24: loss = 403.0480651855469
Epoch 25: loss = 403.0286865234375
Epoch 26: loss = 403.0104064941406
Epoch 27: loss = 402.9991760253906
Epoch 28: loss = 402.9886169433594
Epoch 29: loss = 402.9781799316406
Epoch 30: loss = 402.9689636230469
Epoch 31: loss = 402.9606628417969
Epoch 32: loss = 402.9591369628906
Epoch 33: loss = 402.9563903808594
Epoch 34: loss = 402.95458984375
Epoch 35: loss = 402.95068359375
Epoch 36: loss = 402.94525146484375
Epoch 37: loss = 402.9410400390625
Epoch 38: loss = 402.9406433105469
Epoch 39: loss = 402.9366760253906
Epoch 40: loss = 402.9354553222656
Epoch 41: loss = 402.9345703125
Epoch 42: loss = 402.9325256347656
Epoch 43: loss = 402.93023681640625
Epoch 44: loss = 402.9298400878906
Epoch 45: loss = 402.92779541015625
Epoch 46: loss = 402.9259948730469
Epoch 47: loss = 402.9254455566406
Epoch 48: loss = 402.9252014160156
Epoch 49: loss = 402.9247131347656
Epoch 50: loss = 402.92352294921875
Epoch 51: loss = 402.9230041503906
Epoch 52: loss = 402.9226379394531
Epoch 53: loss = 402.9222717285156
Epoch 54: loss = 402.9220275878906
Epoch 55: loss = 402.92132568359375
Epoch 56: loss = 402.9208068847656
Epoch 57: loss = 402.9200134277344
Epoch 58: loss = 402.9195556640625
Epoch 59: loss = 402.9188537597656
Epoch 60: loss = 402.918212890625
Epoch 61: loss = 402.91790771484375
Epoch 62: loss = 402.9169921875
Epoch 63: loss = 402.91656494140625
Epoch 64: loss = 402.91644287109375
Epoch 65: loss = 402.91558837890625
Epoch 66: loss = 402.9144592285156
Epoch 67: loss = 402.9146728515625
Epoch 68: loss = 402.9138488769531
Epoch 69: loss = 402.9126892089844
Epoch 70: loss = 402.91168212890625
Epoch 71: loss = 402.9098815917969
Epoch 72: loss = 402.908203125
Epoch 73: loss = 402.905517578125
Epoch 74: loss = 402.9045715332031
Epoch 75: loss = 402.9017028808594
Epoch 76: loss = 402.90032958984375
Epoch 77: loss = 402.8935852050781
Epoch 78: loss = 402.8857421875
Epoch 79: loss = 402.8731689453125
Epoch 80: loss = 402.8594970703125
Epoch 81: loss = 402.8456726074219
Epoch 82: loss = 402.8333435058594
Epoch 83: loss = 402.8247985839844
Epoch 84: loss = 402.8181457519531
Epoch 85: loss = 402.8174743652344
Epoch 86: loss = 402.8157653808594
Epoch 87: loss = 402.8103942871094
Epoch 88: loss = 402.8099670410156
Epoch 89: loss = 402.8083190917969
Epoch 90: loss = 402.80767822265625
Epoch 91: loss = 402.8048095703125
Epoch 92: loss = 402.80267333984375
Epoch 93: loss = 402.80181884765625
Epoch 94: loss = 402.8003845214844
Epoch 95: loss = 402.80035400390625
Epoch 96: loss = 402.79962158203125
Epoch 97: loss = 402.79925537109375
Epoch 98: loss = 402.7985534667969
Epoch 99: loss = 402.7985534667969
Epoch 100: loss = 402.7988586425781
Epoch 101: loss = 402.79888916015625
Epoch 102: loss = 402.7983093261719
Epoch 103: loss = 402.79833984375
Epoch 104: loss = 402.7982482910156
Epoch 105: loss = 402.7982482910156
Epoch 106: loss = 402.7981872558594
Epoch 107: loss = 402.7979736328125
Epoch 108: loss = 402.79742431640625
Epoch 109: loss = 402.79736328125
Epoch 110: loss = 402.7972717285156
Epoch 111: loss = 402.7972717285156
Epoch 112: loss = 402.7969055175781
Epoch 113: loss = 402.7965087890625
Epoch 114: loss = 402.7962646484375
Epoch 115: loss = 402.796142578125
Epoch 116: loss = 402.79644775390625
Epoch 117: loss = 402.7958984375
Epoch 118: loss = 402.7955627441406
Epoch 119: loss = 402.7955322265625
Epoch 120: loss = 402.79547119140625
Epoch 121: loss = 402.79498291015625
Epoch 122: loss = 402.7947692871094
Epoch 123: loss = 402.7951354980469
Epoch 124: loss = 402.7945251464844
Epoch 125: loss = 402.7944030761719
Epoch 126: loss = 402.7944030761719
Epoch 127: loss = 402.79388427734375
Epoch 128: loss = 402.7938537597656
Epoch 129: loss = 402.79388427734375
Epoch 130: loss = 402.7935791015625
Epoch 131: loss = 402.7938537597656
Epoch 132: loss = 402.7938537597656
Epoch 133: loss = 402.7932434082031
Epoch 134: loss = 402.79327392578125
Epoch 135: loss = 402.7933654785156
Epoch 136: loss = 402.7929992675781
Epoch 137: loss = 402.79290771484375
Epoch 138: loss = 402.79290771484375
Epoch 139: loss = 402.79290771484375
Epoch 140: loss = 402.7927551269531
Epoch 141: loss = 402.7926330566406
Epoch 142: loss = 402.7928771972656
Epoch 143: loss = 402.7925720214844
Epoch 144: loss = 402.7926330566406
Epoch 145: loss = 402.7926940917969
Epoch 146: loss = 402.7923889160156
Epoch 147: loss = 402.7923889160156
Epoch 148: loss = 402.79248046875
Epoch 149: loss = 402.79248046875
Epoch 150: loss = 402.7926330566406
Epoch 151: loss = 402.7926940917969
Early stopping at epoch 151 with loss 402.7923889160156
Reconstruction for fluence = 2636.6508987303555 photons/pixel
Epoch 0: loss = 58685548.0
Epoch 1: loss = 81882.28125
Epoch 2: loss = 20217.970703125
Epoch 3: loss = 6517.00244140625
Epoch 4: loss = 2598.170166015625
Epoch 5: loss = 1411.9986572265625
Epoch 6: loss = 1127.8172607421875
Epoch 7: loss = 1014.508056640625
Epoch 8: loss = 951.9312133789062
Epoch 9: loss = 921.3519897460938
Epoch 10: loss = 905.7793579101562
Epoch 11: loss = 896.6590576171875
Epoch 12: loss = 891.59765625
Epoch 13: loss = 887.8262329101562
Epoch 14: loss = 885.1544189453125
Epoch 15: loss = 883.3264770507812
Epoch 16: loss = 881.9085083007812
Epoch 17: loss = 881.0711059570312
Epoch 18: loss = 880.4223022460938
Epoch 19: loss = 879.9356689453125
Epoch 20: loss = 879.5867919921875
Epoch 21: loss = 879.3356323242188
Epoch 22: loss = 879.1474609375
Epoch 23: loss = 879.0114135742188
Epoch 24: loss = 878.8988037109375
Epoch 25: loss = 878.8096923828125
Epoch 26: loss = 878.7379760742188
Epoch 27: loss = 878.6863403320312
Epoch 28: loss = 878.6461791992188
Epoch 29: loss = 878.6057739257812
Epoch 30: loss = 878.5743408203125
Epoch 31: loss = 878.5459594726562
Epoch 32: loss = 878.525146484375
Epoch 33: loss = 878.5082397460938
Epoch 34: loss = 878.5050048828125
Epoch 35: loss = 878.49169921875
Epoch 36: loss = 878.476318359375
Epoch 37: loss = 878.4650268554688
Epoch 38: loss = 878.4554443359375
Epoch 39: loss = 878.4473876953125
Epoch 40: loss = 878.4467163085938
Epoch 41: loss = 878.4426879882812
Epoch 42: loss = 878.437744140625
Epoch 43: loss = 878.4379272460938
Epoch 44: loss = 878.4343872070312
Epoch 45: loss = 878.4313354492188
Epoch 46: loss = 878.4263916015625
Epoch 47: loss = 878.4227294921875
Epoch 48: loss = 878.4217529296875
Epoch 49: loss = 878.41943359375
Epoch 50: loss = 878.4189453125
Epoch 51: loss = 878.4187622070312
Epoch 52: loss = 878.41796875
Epoch 53: loss = 878.417236328125
Epoch 54: loss = 878.4165649414062
Epoch 55: loss = 878.4163818359375
Epoch 56: loss = 878.4168090820312
Epoch 57: loss = 878.4163208007812
Epoch 58: loss = 878.4148559570312
Epoch 59: loss = 878.4139404296875
Epoch 60: loss = 878.4129028320312
Epoch 61: loss = 878.413330078125
Epoch 62: loss = 878.4136352539062
Epoch 63: loss = 878.4122924804688
Epoch 64: loss = 878.4129028320312
Epoch 65: loss = 878.4124145507812
Epoch 66: loss = 878.4124145507812
Epoch 67: loss = 878.4114379882812
Epoch 68: loss = 878.4114379882812
Epoch 69: loss = 878.412109375
Epoch 70: loss = 878.4119873046875
Epoch 71: loss = 878.4114379882812
Epoch 72: loss = 878.4114379882812
Early stopping at epoch 72 with loss 878.4114379882812
Reconstruction for fluence = 6158.482110660255 photons/pixel
Epoch 0: loss = 320182848.0
Epoch 1: loss = 438525.15625
Epoch 2: loss = 99149.8046875
Epoch 3: loss = 30126.357421875
Epoch 4: loss = 11069.1875
Epoch 5: loss = 5023.24609375
Epoch 6: loss = 3385.455810546875
Epoch 7: loss = 2787.301025390625
Epoch 8: loss = 2492.481689453125
Epoch 9: loss = 2331.92333984375
Epoch 10: loss = 2248.639404296875
Epoch 11: loss = 2204.472900390625
Epoch 12: loss = 2177.57080078125
Epoch 13: loss = 2159.46826171875
Epoch 14: loss = 2146.104736328125
Epoch 15: loss = 2136.393310546875
Epoch 16: loss = 2129.384521484375
Epoch 17: loss = 2125.071533203125
Epoch 18: loss = 2121.217529296875
Epoch 19: loss = 2118.4287109375
Epoch 20: loss = 2116.376708984375
Epoch 21: loss = 2114.885498046875
Epoch 22: loss = 2113.759033203125
Epoch 23: loss = 2112.872314453125
Epoch 24: loss = 2112.158203125
Epoch 25: loss = 2111.60791015625
Epoch 26: loss = 2111.156494140625
Epoch 27: loss = 2110.84326171875
Epoch 28: loss = 2110.558837890625
Epoch 29: loss = 2110.28955078125
Epoch 30: loss = 2110.057373046875
Epoch 31: loss = 2109.846435546875
Epoch 32: loss = 2109.66845703125
Epoch 33: loss = 2109.533935546875
Epoch 34: loss = 2109.4150390625
Epoch 35: loss = 2109.304443359375
Epoch 36: loss = 2109.205078125
Epoch 37: loss = 2109.108642578125
Epoch 38: loss = 2108.984619140625
Epoch 39: loss = 2108.744873046875
Epoch 40: loss = 2108.198974609375
Epoch 41: loss = 2107.371826171875
Epoch 42: loss = 2106.756103515625
Epoch 43: loss = 2106.388427734375
Epoch 44: loss = 2106.1533203125
Epoch 45: loss = 2106.012451171875
Epoch 46: loss = 2105.912841796875
Epoch 47: loss = 2105.860107421875
Epoch 48: loss = 2105.849365234375
Epoch 49: loss = 2105.822509765625
Epoch 50: loss = 2105.803955078125
Epoch 51: loss = 2105.803955078125
Epoch 52: loss = 2105.782958984375
Epoch 53: loss = 2105.761474609375
Epoch 54: loss = 2105.7529296875
Epoch 55: loss = 2105.734375
Epoch 56: loss = 2105.739501953125
Epoch 57: loss = 2105.7275390625
Epoch 58: loss = 2105.721435546875
Epoch 59: loss = 2105.716064453125
Epoch 60: loss = 2105.708251953125
Epoch 61: loss = 2105.706298828125
Epoch 62: loss = 2105.70361328125
Epoch 63: loss = 2105.696533203125
Epoch 64: loss = 2105.694580078125
Epoch 65: loss = 2105.69140625
Epoch 66: loss = 2105.691650390625
Epoch 67: loss = 2105.691650390625
Epoch 68: loss = 2105.681396484375
Epoch 69: loss = 2105.687255859375
Epoch 70: loss = 2105.681396484375
Epoch 71: loss = 2105.684814453125
Epoch 72: loss = 2105.68359375
Epoch 73: loss = 2105.6806640625
Epoch 74: loss = 2105.6806640625
Epoch 75: loss = 2105.67724609375
Epoch 76: loss = 2105.6796875
Epoch 77: loss = 2105.677734375
Epoch 78: loss = 2105.677001953125
Epoch 79: loss = 2105.676513671875
Epoch 80: loss = 2105.674072265625
Epoch 81: loss = 2105.677490234375
Epoch 82: loss = 2105.674072265625
Epoch 83: loss = 2105.676025390625
Epoch 84: loss = 2105.67626953125
Epoch 85: loss = 2105.673095703125
Epoch 86: loss = 2105.669189453125
Epoch 87: loss = 2105.674072265625
Epoch 88: loss = 2105.673095703125
Epoch 89: loss = 2105.673828125
Epoch 90: loss = 2105.66796875
Epoch 91: loss = 2105.671630859375
Epoch 92: loss = 2105.673095703125
Epoch 93: loss = 2105.66748046875
Epoch 94: loss = 2105.677978515625
Epoch 95: loss = 2105.67236328125
Epoch 96: loss = 2105.67138671875
Epoch 97: loss = 2105.668701171875
Epoch 98: loss = 2105.673095703125
Early stopping at epoch 98 with loss 2105.66748046875
Reconstruction for fluence = 14384.498882876629 photons/pixel
Epoch 0: loss = 1746450944.0
Epoch 1: loss = 2387853.25
Epoch 2: loss = 562712.5625
Epoch 3: loss = 160844.78125
Epoch 4: loss = 56564.1640625
Epoch 5: loss = 21389.03125
Epoch 6: loss = 12498.1240234375
Epoch 7: loss = 8887.37890625
Epoch 8: loss = 6964.63134765625
Epoch 9: loss = 6078.2021484375
Epoch 10: loss = 5617.12353515625
Epoch 11: loss = 5383.23681640625
Epoch 12: loss = 5252.4384765625
Epoch 13: loss = 5154.86669921875
Epoch 14: loss = 5082.09375
Epoch 15: loss = 5026.83837890625
Epoch 16: loss = 4989.97265625
Epoch 17: loss = 4968.7177734375
Epoch 18: loss = 4949.40185546875
Epoch 19: loss = 4935.3154296875
Epoch 20: loss = 4924.35400390625
Epoch 21: loss = 4914.97216796875
Epoch 22: loss = 4908.74853515625
Epoch 23: loss = 4902.62744140625
Epoch 24: loss = 4897.2958984375
Epoch 25: loss = 4892.99755859375
Epoch 26: loss = 4889.42919921875
Epoch 27: loss = 4887.33935546875
Epoch 28: loss = 4885.55126953125
Epoch 29: loss = 4883.91552734375
Epoch 30: loss = 4882.77490234375
Epoch 31: loss = 4881.93603515625
Epoch 32: loss = 4881.3291015625
Epoch 33: loss = 4880.86328125
Epoch 34: loss = 4880.384765625
Epoch 35: loss = 4880.00048828125
Epoch 36: loss = 4879.71533203125
Epoch 37: loss = 4879.49169921875
Epoch 38: loss = 4879.32470703125
Epoch 39: loss = 4879.2724609375
Epoch 40: loss = 4879.10888671875
Epoch 41: loss = 4879.09521484375
Epoch 42: loss = 4878.96044921875
Epoch 43: loss = 4878.87939453125
Epoch 44: loss = 4878.78662109375
Epoch 45: loss = 4878.72509765625
Epoch 46: loss = 4878.72509765625
Epoch 47: loss = 4878.625
Epoch 48: loss = 4878.53271484375
Epoch 49: loss = 4878.41552734375
Epoch 50: loss = 4878.2978515625
Epoch 51: loss = 4878.212890625
Epoch 52: loss = 4878.1044921875
Epoch 53: loss = 4878.00048828125
Epoch 54: loss = 4877.9326171875
Epoch 55: loss = 4877.85693359375
Epoch 56: loss = 4877.78857421875
Epoch 57: loss = 4877.74072265625
Epoch 58: loss = 4877.70068359375
Epoch 59: loss = 4877.65966796875
Epoch 60: loss = 4877.6171875
Epoch 61: loss = 4877.587890625
Epoch 62: loss = 4877.56982421875
Epoch 63: loss = 4877.54443359375
Epoch 64: loss = 4877.50341796875
Epoch 65: loss = 4877.47900390625
Epoch 66: loss = 4877.47509765625
Epoch 67: loss = 4877.447265625
Epoch 68: loss = 4877.42724609375
Epoch 69: loss = 4877.384765625
Epoch 70: loss = 4877.38037109375
Epoch 71: loss = 4877.34716796875
Epoch 72: loss = 4877.34521484375
Epoch 73: loss = 4877.32373046875
Epoch 74: loss = 4877.30859375
Epoch 75: loss = 4877.28564453125
Epoch 76: loss = 4877.25244140625
Epoch 77: loss = 4877.23291015625
Epoch 78: loss = 4877.2197265625
Epoch 79: loss = 4877.19921875
Epoch 80: loss = 4877.18701171875
Epoch 81: loss = 4877.16943359375
Epoch 82: loss = 4877.15283203125
Epoch 83: loss = 4877.1279296875
Epoch 84: loss = 4877.11376953125
Epoch 85: loss = 4877.11279296875
Epoch 86: loss = 4877.0947265625
Epoch 87: loss = 4877.08251953125
Epoch 88: loss = 4877.08251953125
Epoch 89: loss = 4877.09228515625
Epoch 90: loss = 4877.07666015625
Epoch 91: loss = 4877.0625
Epoch 92: loss = 4877.06103515625
Epoch 93: loss = 4877.0458984375
Epoch 94: loss = 4877.05810546875
Epoch 95: loss = 4877.06103515625
Epoch 96: loss = 4877.046875
Epoch 97: loss = 4877.0576171875
Epoch 98: loss = 4877.05712890625
Early stopping at epoch 98 with loss 4877.0458984375
Reconstruction for fluence = 33598.18286283781 photons/pixel
Epoch 0: loss = 9527580672.0
Epoch 1: loss = 13078941.0
Epoch 2: loss = 3158095.25
Epoch 3: loss = 903025.5625
Epoch 4: loss = 299652.65625
Epoch 5: loss = 101505.203125
Epoch 6: loss = 50740.45703125
Epoch 7: loss = 31876.423828125
Epoch 8: loss = 22926.212890625
Epoch 9: loss = 17974.58203125
Epoch 10: loss = 15391.4794921875
Epoch 11: loss = 13901.6005859375
Epoch 12: loss = 13074.03515625
Epoch 13: loss = 12472.2470703125
Epoch 14: loss = 12058.9970703125
Epoch 15: loss = 11784.17578125
Epoch 16: loss = 11577.7626953125
Epoch 17: loss = 11448.9716796875
Epoch 18: loss = 11336.89453125
Epoch 19: loss = 11234.439453125
Epoch 20: loss = 11163.771484375
Epoch 21: loss = 11111.9931640625
Epoch 22: loss = 11073.9130859375
Epoch 23: loss = 11043.4443359375
Epoch 24: loss = 11018.3076171875
Epoch 25: loss = 10996.3798828125
Epoch 26: loss = 10979.3779296875
Epoch 27: loss = 10967.4990234375
Epoch 28: loss = 10956.7783203125
Epoch 29: loss = 10947.7275390625
Epoch 30: loss = 10941.0048828125
Epoch 31: loss = 10936.0205078125
Epoch 32: loss = 10932.669921875
Epoch 33: loss = 10929.8505859375
Epoch 34: loss = 10927.47265625
Epoch 35: loss = 10925.28125
Epoch 36: loss = 10923.2666015625
Epoch 37: loss = 10921.7314453125
Epoch 38: loss = 10920.466796875
Epoch 39: loss = 10919.3251953125
Epoch 40: loss = 10918.939453125
Epoch 41: loss = 10917.7255859375
Epoch 42: loss = 10916.5283203125
Epoch 43: loss = 10915.2734375
Epoch 44: loss = 10913.5673828125
Epoch 45: loss = 10911.685546875
Epoch 46: loss = 10909.5302734375
Epoch 47: loss = 10907.62890625
Epoch 48: loss = 10906.0439453125
Epoch 49: loss = 10904.4794921875
Epoch 50: loss = 10903.2412109375
Epoch 51: loss = 10902.505859375
Epoch 52: loss = 10902.095703125
Epoch 53: loss = 10901.828125
Epoch 54: loss = 10901.6279296875
Epoch 55: loss = 10901.45703125
Epoch 56: loss = 10901.3173828125
Epoch 57: loss = 10901.1943359375
Epoch 58: loss = 10901.1650390625
Epoch 59: loss = 10901.125
Epoch 60: loss = 10901.0966796875
Epoch 61: loss = 10901.0576171875
Epoch 62: loss = 10901.03125
Epoch 63: loss = 10900.9853515625
Epoch 64: loss = 10901.044921875
Epoch 65: loss = 10900.9482421875
Epoch 66: loss = 10900.958984375
Epoch 67: loss = 10900.9267578125
Epoch 68: loss = 10900.9189453125
Epoch 69: loss = 10900.9228515625
Epoch 70: loss = 10900.9033203125
Epoch 71: loss = 10900.9443359375
Epoch 72: loss = 10900.8642578125
Epoch 73: loss = 10900.873046875
Epoch 74: loss = 10900.9052734375
Epoch 75: loss = 10900.8466796875
Epoch 76: loss = 10900.8837890625
Epoch 77: loss = 10900.8720703125
Epoch 78: loss = 10900.8720703125
Epoch 79: loss = 10900.9111328125
Epoch 80: loss = 10900.89453125
Early stopping at epoch 80 with loss 10900.8466796875
Reconstruction for fluence = 78475.99703514607 photons/pixel
Epoch 0: loss = 51979390976.0
Epoch 1: loss = 71051000.0
Epoch 2: loss = 16998144.0
Epoch 3: loss = 4867638.0
Epoch 4: loss = 1572925.375
Epoch 5: loss = 497653.5625
Epoch 6: loss = 234011.28125
Epoch 7: loss = 140604.109375
Epoch 8: loss = 87973.0
Epoch 9: loss = 64127.6171875
Epoch 10: loss = 50296.2890625
Epoch 11: loss = 43469.99609375
Epoch 12: loss = 39166.9296875
Epoch 13: loss = 35756.66796875
Epoch 14: loss = 33339.6875
Epoch 15: loss = 31873.68359375
Epoch 16: loss = 30741.517578125
Epoch 17: loss = 29942.705078125
Epoch 18: loss = 29277.28515625
Epoch 19: loss = 28763.138671875
Epoch 20: loss = 28344.25390625
Epoch 21: loss = 28037.8515625
Epoch 22: loss = 27874.55859375
Epoch 23: loss = 27701.1640625
Epoch 24: loss = 27568.3984375
Epoch 25: loss = 27462.681640625
Epoch 26: loss = 27381.990234375
Epoch 27: loss = 27330.072265625
Epoch 28: loss = 27280.853515625
Epoch 29: loss = 27235.025390625
Epoch 30: loss = 27195.53125
Epoch 31: loss = 27165.2734375
Epoch 32: loss = 27144.43359375
Epoch 33: loss = 27126.779296875
Epoch 34: loss = 27111.267578125
Epoch 35: loss = 27097.041015625
Epoch 36: loss = 27085.041015625
Epoch 37: loss = 27073.96875
Epoch 38: loss = 27064.6640625
Epoch 39: loss = 27054.58984375
Epoch 40: loss = 27044.087890625
Epoch 41: loss = 27035.384765625
Epoch 42: loss = 27028.654296875
Epoch 43: loss = 27023.916015625
Epoch 44: loss = 27019.837890625
Epoch 45: loss = 27016.560546875
Epoch 46: loss = 27013.62890625
Epoch 47: loss = 27011.3671875
Epoch 48: loss = 27010.650390625
Epoch 49: loss = 27008.740234375
Epoch 50: loss = 27007.302734375
Epoch 51: loss = 27006.490234375
Epoch 52: loss = 27005.28515625
Epoch 53: loss = 27004.47265625
Epoch 54: loss = 27003.68359375
Epoch 55: loss = 27003.326171875
Epoch 56: loss = 27002.666015625
Epoch 57: loss = 27002.994140625
Epoch 58: loss = 27002.33203125
Epoch 59: loss = 27002.28515625
Epoch 60: loss = 27001.978515625
Epoch 61: loss = 27001.681640625
Epoch 62: loss = 27001.400390625
Epoch 63: loss = 27001.26953125
Epoch 64: loss = 27001.259765625
Epoch 65: loss = 27001.05078125
Epoch 66: loss = 27000.705078125
Epoch 67: loss = 27001.052734375
Epoch 68: loss = 27001.12109375
Epoch 69: loss = 27001.06640625
Epoch 70: loss = 27001.025390625
Epoch 71: loss = 27000.923828125
Early stopping at epoch 71 with loss 27000.705078125
Reconstruction for fluence = 183298.07108324335 photons/pixel
Epoch 0: loss = 283579744256.0
Epoch 1: loss = 386792416.0
Epoch 2: loss = 92250544.0
Epoch 3: loss = 25234794.0
Epoch 4: loss = 8331194.5
Epoch 5: loss = 2669073.75
Epoch 6: loss = 1131635.375
Epoch 7: loss = 601961.8125
Epoch 8: loss = 367450.65625
Epoch 9: loss = 247045.390625
Epoch 10: loss = 177582.328125
Epoch 11: loss = 142694.640625
Epoch 12: loss = 122554.5546875
Epoch 13: loss = 107399.5390625
Epoch 14: loss = 95885.9609375
Epoch 15: loss = 87822.640625
Epoch 16: loss = 82881.6875
Epoch 17: loss = 78850.8203125
Epoch 18: loss = 74947.4453125
Epoch 19: loss = 72360.46875
Epoch 20: loss = 70544.328125
Epoch 21: loss = 68746.9140625
Epoch 22: loss = 67728.3359375
Epoch 23: loss = 66803.5703125
Epoch 24: loss = 66160.1015625
Epoch 25: loss = 65630.640625
Epoch 26: loss = 65202.140625
Epoch 27: loss = 64881.765625
Epoch 28: loss = 64607.52734375
Epoch 29: loss = 64370.34765625
Epoch 30: loss = 64132.9453125
Epoch 31: loss = 63925.77734375
Epoch 32: loss = 63748.4453125
Epoch 33: loss = 63608.58984375
Epoch 34: loss = 63490.42578125
Epoch 35: loss = 63390.98046875
Epoch 36: loss = 63304.4296875
Epoch 37: loss = 63229.79296875
Epoch 38: loss = 63169.203125
Epoch 39: loss = 63102.5546875
Epoch 40: loss = 63035.05078125
Epoch 41: loss = 62973.95703125
Epoch 42: loss = 62932.33203125
Epoch 43: loss = 62905.8046875
Epoch 44: loss = 62886.515625
Epoch 45: loss = 62871.39453125
Epoch 46: loss = 62862.1328125
Epoch 47: loss = 62852.97265625
Epoch 48: loss = 62847.64453125
Epoch 49: loss = 62842.5078125
Epoch 50: loss = 62837.91796875
Epoch 51: loss = 62833.42578125
Epoch 52: loss = 62830.25
Epoch 53: loss = 62827.03515625
Epoch 54: loss = 62825.1796875
Epoch 55: loss = 62824.3046875
Epoch 56: loss = 62822.140625
Epoch 57: loss = 62821.3046875
Epoch 58: loss = 62819.84765625
Epoch 59: loss = 62819.5
Epoch 60: loss = 62819.140625
Epoch 61: loss = 62818.33203125
Epoch 62: loss = 62817.98828125
Epoch 63: loss = 62817.55078125
Epoch 64: loss = 62817.265625
Epoch 65: loss = 62816.3046875
Epoch 66: loss = 62816.5546875
Epoch 67: loss = 62816.078125
Epoch 68: loss = 62815.890625
Epoch 69: loss = 62814.890625
Epoch 70: loss = 62815.125
Epoch 71: loss = 62815.47265625
Epoch 72: loss = 62815.7421875
Epoch 73: loss = 62814.61328125
Epoch 74: loss = 62814.91796875
Epoch 75: loss = 62814.92578125
Epoch 76: loss = 62814.30078125
Epoch 77: loss = 62814.6171875
Epoch 78: loss = 62814.5
Epoch 79: loss = 62814.21484375
Epoch 80: loss = 62814.22265625
Epoch 81: loss = 62814.5546875
Epoch 82: loss = 62814.08203125
Epoch 83: loss = 62814.375
Epoch 84: loss = 62814.83984375
Epoch 85: loss = 62813.97265625
Epoch 86: loss = 62814.9453125
Epoch 87: loss = 62813.86328125
Epoch 88: loss = 62814.2578125
Epoch 89: loss = 62814.41796875
Epoch 90: loss = 62814.59765625
Epoch 91: loss = 62814.0
Epoch 92: loss = 62813.91796875
Early stopping at epoch 92 with loss 62813.86328125
Reconstruction for fluence = 428133.2398719387 photons/pixel
Epoch 0: loss = 1547138629632.0
Epoch 1: loss = 2109110912.0
Epoch 2: loss = 500358272.0
Epoch 3: loss = 142662480.0
Epoch 4: loss = 45889668.0
Epoch 5: loss = 14350765.0
Epoch 6: loss = 6251983.5
Epoch 7: loss = 3101545.0
Epoch 8: loss = 1869131.125
Epoch 9: loss = 1160981.625
Epoch 10: loss = 795456.3125
Epoch 11: loss = 596334.9375
Epoch 12: loss = 474657.0
Epoch 13: loss = 390736.09375
Epoch 14: loss = 331968.375
Epoch 15: loss = 292285.78125
Epoch 16: loss = 257853.28125
Epoch 17: loss = 237071.203125
Epoch 18: loss = 216105.328125
Epoch 19: loss = 201192.0625
Epoch 20: loss = 186692.34375
Epoch 21: loss = 178236.3125
Epoch 22: loss = 173331.640625
Epoch 23: loss = 169824.375
Epoch 24: loss = 165631.96875
Epoch 25: loss = 162842.421875
Epoch 26: loss = 160857.875
Epoch 27: loss = 159264.171875
Epoch 28: loss = 157986.71875
Epoch 29: loss = 156697.3125
Epoch 30: loss = 155532.5
Epoch 31: loss = 154445.796875
Epoch 32: loss = 153543.296875
Epoch 33: loss = 152702.453125
Epoch 34: loss = 151880.65625
Epoch 35: loss = 151224.671875
Epoch 36: loss = 150619.265625
Epoch 37: loss = 150163.859375
Epoch 38: loss = 149853.21875
Epoch 39: loss = 149612.96875
Epoch 40: loss = 149428.109375
Epoch 41: loss = 149286.0625
Epoch 42: loss = 149196.296875
Epoch 43: loss = 149130.59375
Epoch 44: loss = 149071.375
Epoch 45: loss = 149020.078125
Epoch 46: loss = 148985.390625
Epoch 47: loss = 148944.5
Epoch 48: loss = 148913.921875
Epoch 49: loss = 148889.5625
Epoch 50: loss = 148869.640625
Epoch 51: loss = 148853.828125
Epoch 52: loss = 148837.390625
Epoch 53: loss = 148822.046875
Epoch 54: loss = 148814.96875
Epoch 55: loss = 148806.46875
Epoch 56: loss = 148792.859375
Epoch 57: loss = 148787.109375
Epoch 58: loss = 148785.578125
Epoch 59: loss = 148774.9375
Epoch 60: loss = 148772.8125
Epoch 61: loss = 148772.140625
Epoch 62: loss = 148767.296875
Epoch 63: loss = 148764.90625
Epoch 64: loss = 148765.359375
Epoch 65: loss = 148760.109375
Epoch 66: loss = 148761.609375
Epoch 67: loss = 148760.5
Epoch 68: loss = 148756.46875
Epoch 69: loss = 148761.5625
Epoch 70: loss = 148756.671875
Epoch 71: loss = 148753.296875
Epoch 72: loss = 148754.5
Epoch 73: loss = 148756.21875
Epoch 74: loss = 148756.25
Epoch 75: loss = 148755.859375
Epoch 76: loss = 148753.78125
Early stopping at epoch 76 with loss 148753.296875
Reconstruction for fluence = 1000000.0 photons/pixel
Epoch 0: loss = 8440494161920.0
Epoch 1: loss = 11514402816.0
Epoch 2: loss = 2618712064.0
Epoch 3: loss = 742948160.0
Epoch 4: loss = 234775856.0
Epoch 5: loss = 74090080.0
Epoch 6: loss = 32657052.0
Epoch 7: loss = 16731044.0
Epoch 8: loss = 9558550.0
Epoch 9: loss = 5915070.0
Epoch 10: loss = 3874185.75
Epoch 11: loss = 2724784.5
Epoch 12: loss = 2044060.5
Epoch 13: loss = 1577147.625
Epoch 14: loss = 1269589.125
Epoch 15: loss = 1050055.0
Epoch 16: loss = 893491.0625
Epoch 17: loss = 779548.0625
Epoch 18: loss = 683642.3125
Epoch 19: loss = 603449.8125
Epoch 20: loss = 538270.25
Epoch 21: loss = 493028.125
Epoch 22: loss = 464028.28125
Epoch 23: loss = 441272.125
Epoch 24: loss = 422982.0625
Epoch 25: loss = 408639.125
Epoch 26: loss = 396049.09375
Epoch 27: loss = 387448.15625
Epoch 28: loss = 379710.71875
Epoch 29: loss = 372633.4375
Epoch 30: loss = 365889.5
Epoch 31: loss = 360195.875
Epoch 32: loss = 356349.90625
Epoch 33: loss = 352832.0
Epoch 34: loss = 349840.625
Epoch 35: loss = 347499.28125
Epoch 36: loss = 345471.9375
Epoch 37: loss = 343623.71875
Epoch 38: loss = 341776.15625
Epoch 39: loss = 339931.6875
Epoch 40: loss = 337912.21875
Epoch 41: loss = 336082.71875
Epoch 42: loss = 334756.5
Epoch 43: loss = 333884.8125
Epoch 44: loss = 333152.15625
Epoch 45: loss = 332620.28125
Epoch 46: loss = 332198.15625
Epoch 47: loss = 331900.5
Epoch 48: loss = 331681.21875
Epoch 49: loss = 331504.8125
Epoch 50: loss = 331335.78125
Epoch 51: loss = 331189.34375
Epoch 52: loss = 331064.4375
Epoch 53: loss = 330975.71875
Epoch 54: loss = 330911.78125
Epoch 55: loss = 330832.03125
Epoch 56: loss = 330782.4375
Epoch 57: loss = 330733.46875
Epoch 58: loss = 330690.6875
Epoch 59: loss = 330663.40625
Epoch 60: loss = 330639.0
Epoch 61: loss = 330609.90625
Epoch 62: loss = 330607.21875
Epoch 63: loss = 330587.78125
Epoch 64: loss = 330577.15625
Epoch 65: loss = 330561.90625
Epoch 66: loss = 330554.71875
Epoch 67: loss = 330549.0625
Epoch 68: loss = 330545.125
Epoch 69: loss = 330541.6875
Epoch 70: loss = 330533.5625
Epoch 71: loss = 330527.84375
Epoch 72: loss = 330529.4375
Epoch 73: loss = 330526.90625
Epoch 74: loss = 330512.59375
Epoch 75: loss = 330522.15625
Epoch 76: loss = 330515.03125
Epoch 77: loss = 330523.0625
Epoch 78: loss = 330516.375
Epoch 79: loss = 330519.0625
Early stopping at epoch 79 with loss 330512.59375
Tensors initialization on device cuda
Multiprobe = None

('MSE', 'PoissonNLL') RECONSTRUCTIONS

Reconstruction for fluence = 0.09999999999999999 photons/pixel
Epoch 0: loss = 0.18413154780864716
Epoch 1: loss = 0.05896821245551109
Epoch 2: loss = 0.055826637893915176
Epoch 3: loss = 0.05451495945453644
Epoch 4: loss = 0.05392128974199295
Epoch 5: loss = 0.05359245464205742
Epoch 6: loss = 0.05345737189054489
Epoch 7: loss = 0.053380388766527176
Epoch 8: loss = 0.05332397297024727
Epoch 9: loss = 0.05328673869371414
Epoch 10: loss = 0.05325360968708992
Epoch 11: loss = 0.053240079432725906
Epoch 12: loss = 0.05319816619157791
Epoch 13: loss = 0.05315630882978439
Epoch 14: loss = 0.05312880501151085
Epoch 0: loss = 0.14429333806037903
Epoch 1: loss = 0.10951878130435944
Epoch 2: loss = 0.10887322574853897
Epoch 3: loss = 0.10848776251077652
Epoch 4: loss = 0.10844782739877701
Epoch 5: loss = 0.10838880389928818
Epoch 6: loss = 0.10831698030233383
Epoch 7: loss = 0.1083156168460846
Epoch 8: loss = 0.1083156168460846
Epoch 9: loss = 0.1083156168460846
Epoch 10: loss = 0.1083156168460846
Epoch 11: loss = 0.1083156168460846
Early stopping at epoch 11 with loss 0.10831698030233383
Reconstruction for fluence = 0.23357214690901223 photons/pixel
Epoch 0: loss = 0.6943299770355225
Epoch 1: loss = 0.13558132946491241
Epoch 2: loss = 0.12780798971652985
Epoch 3: loss = 0.12622734904289246
Epoch 4: loss = 0.1256531924009323
Epoch 5: loss = 0.1255088597536087
Epoch 6: loss = 0.12547537684440613
Epoch 7: loss = 0.1254027932882309
Epoch 8: loss = 0.12528066337108612
Epoch 9: loss = 0.12508784234523773
Epoch 10: loss = 0.12485718727111816
Epoch 11: loss = 0.12475576996803284
Epoch 12: loss = 0.12473109364509583
Epoch 13: loss = 0.12469414621591568
Epoch 14: loss = 0.1246613934636116
Epoch 0: loss = 0.13487374782562256
Epoch 1: loss = 0.08171650767326355
Epoch 2: loss = 0.08096691220998764
Epoch 3: loss = 0.08064312487840652
Epoch 4: loss = 0.0805615484714508
Epoch 5: loss = 0.08051541447639465
Epoch 6: loss = 0.08050857484340668
Epoch 7: loss = 0.08050619065761566
Epoch 8: loss = 0.08050511032342911
Epoch 9: loss = 0.08050511032342911
Epoch 10: loss = 0.08050505071878433
Early stopping at epoch 10 with loss 0.08051541447639465
Reconstruction for fluence = 0.5455594781168519 photons/pixel
Epoch 0: loss = 3.0687642097473145
Epoch 1: loss = 0.30985456705093384
Epoch 2: loss = 0.2886244058609009
Epoch 3: loss = 0.28462037444114685
Epoch 4: loss = 0.2833822965621948
Epoch 5: loss = 0.2829321324825287
Epoch 6: loss = 0.28281864523887634
Epoch 7: loss = 0.2827783226966858
Epoch 8: loss = 0.2827528119087219
Epoch 9: loss = 0.2827388048171997
Epoch 10: loss = 0.2827252447605133
Epoch 11: loss = 0.28271904587745667
Early stopping at epoch 11 with loss 0.28281864523887634
Epoch 0: loss = -0.16811394691467285
Epoch 1: loss = -0.247963085770607
Epoch 2: loss = -0.24876509606838226
Epoch 3: loss = -0.2488923817873001
Epoch 4: loss = -0.24893556535243988
Epoch 5: loss = -0.24894979596138
Epoch 6: loss = -0.2489502727985382
Epoch 7: loss = -0.24895985424518585
Epoch 8: loss = -0.24896134436130524
Early stopping at epoch 8 with loss -0.2488923817873001
Reconstruction for fluence = 1.2742749857031335 photons/pixel
Epoch 0: loss = 14.790328979492188
Epoch 1: loss = 0.7137570977210999
Epoch 2: loss = 0.6488354206085205
Epoch 3: loss = 0.6380106806755066
Epoch 4: loss = 0.6358486413955688
Epoch 5: loss = 0.6350890398025513
Epoch 6: loss = 0.6347840428352356
Epoch 7: loss = 0.634613037109375
Epoch 8: loss = 0.6343744993209839
Epoch 9: loss = 0.6341549754142761
Epoch 10: loss = 0.6340887546539307
Epoch 11: loss = 0.6340729594230652
Epoch 12: loss = 0.6340702176094055
Epoch 13: loss = 0.6340650916099548
Epoch 14: loss = 0.6340528130531311
Epoch 0: loss = -1.5000908374786377
Epoch 1: loss = -1.6232383251190186
Epoch 2: loss = -1.624552607536316
Epoch 3: loss = -1.6247807741165161
Epoch 4: loss = -1.62483549118042
Epoch 5: loss = -1.624859094619751
Epoch 6: loss = -1.6248682737350464
Epoch 7: loss = -1.6248732805252075
Epoch 8: loss = -1.6248815059661865
Epoch 9: loss = -1.6248949766159058
Epoch 10: loss = -1.6248961687088013
Epoch 11: loss = -1.6248974800109863
Epoch 12: loss = -1.624898076057434
Epoch 13: loss = -1.6248985528945923
Early stopping at epoch 13 with loss -1.6248815059661865
Reconstruction for fluence = 2.976351441631318 photons/pixel
Epoch 0: loss = 78.22762298583984
Epoch 1: loss = 1.6628100872039795
Epoch 2: loss = 1.42641282081604
Epoch 3: loss = 1.3789764642715454
Epoch 4: loss = 1.366844654083252
Epoch 5: loss = 1.3641067743301392
Epoch 6: loss = 1.3633261919021606
Epoch 7: loss = 1.3630515336990356
Epoch 8: loss = 1.3629158735275269
Epoch 9: loss = 1.3628520965576172
Epoch 10: loss = 1.3628323078155518
Epoch 11: loss = 1.3628278970718384
Epoch 12: loss = 1.362826943397522
Epoch 13: loss = 1.3628251552581787
Early stopping at epoch 13 with loss 1.3629158735275269
Epoch 0: loss = -6.074830532073975
Epoch 1: loss = -6.252379417419434
Epoch 2: loss = -6.254690647125244
Epoch 3: loss = -6.255181312561035
Epoch 4: loss = -6.255634307861328
Epoch 5: loss = -6.255863666534424
Epoch 6: loss = -6.255982398986816
Epoch 7: loss = -6.2561750411987305
Epoch 8: loss = -6.256227493286133
Epoch 9: loss = -6.256231784820557
Epoch 10: loss = -6.256235599517822
Epoch 11: loss = -6.256285667419434
Epoch 12: loss = -6.25629186630249
Epoch 13: loss = -6.256292819976807
Epoch 14: loss = -6.25632381439209
Epoch 15: loss = -6.256325721740723
Epoch 16: loss = -6.256327152252197
Early stopping at epoch 16 with loss -6.256285667419434
Reconstruction for fluence = 6.9519279617756045 photons/pixel
Epoch 0: loss = 415.1483459472656
Epoch 1: loss = 4.562535285949707
Epoch 2: loss = 3.4725310802459717
Epoch 3: loss = 3.3137929439544678
Epoch 4: loss = 3.270359992980957
Epoch 5: loss = 3.257155179977417
Epoch 6: loss = 3.2535712718963623
Epoch 7: loss = 3.2518932819366455
Epoch 8: loss = 3.2510735988616943
Epoch 9: loss = 3.2506723403930664
Epoch 10: loss = 3.2504749298095703
Epoch 11: loss = 3.250401258468628
Epoch 12: loss = 3.2503719329833984
Epoch 13: loss = 3.250361680984497
Epoch 14: loss = 3.250352144241333
Epoch 0: loss = -20.195749282836914
Epoch 1: loss = -20.454627990722656
Epoch 2: loss = -20.459123611450195
Epoch 3: loss = -20.459943771362305
Epoch 4: loss = -20.460161209106445
Epoch 5: loss = -20.460208892822266
Epoch 6: loss = -20.460214614868164
Epoch 7: loss = -20.46022605895996
Epoch 8: loss = -20.460269927978516
Epoch 9: loss = -20.46027374267578
Epoch 10: loss = -20.46027946472168
Epoch 11: loss = -20.460283279418945
Epoch 12: loss = -20.460290908813477
Epoch 13: loss = -20.46029281616211
Early stopping at epoch 13 with loss -20.460269927978516
Reconstruction for fluence = 16.23776739188721 photons/pixel
Epoch 0: loss = 2245.927001953125
Epoch 1: loss = 11.624174118041992
Epoch 2: loss = 8.035489082336426
Epoch 3: loss = 7.283745765686035
Epoch 4: loss = 7.0658698081970215
Epoch 5: loss = 7.002045631408691
Epoch 6: loss = 6.985964298248291
Epoch 7: loss = 6.979362487792969
Epoch 8: loss = 6.975839614868164
Epoch 9: loss = 6.974371910095215
Epoch 10: loss = 6.973685264587402
Epoch 11: loss = 6.973343372344971
Epoch 12: loss = 6.973056793212891
Epoch 13: loss = 6.972778797149658
Epoch 14: loss = 6.97266149520874
Epoch 0: loss = -61.04719924926758
Epoch 1: loss = -61.41426467895508
Epoch 2: loss = -61.42191696166992
Epoch 3: loss = -61.42423629760742
Epoch 4: loss = -61.42461395263672
Epoch 5: loss = -61.4246826171875
Epoch 6: loss = -61.42469787597656
Epoch 7: loss = -61.42500305175781
Epoch 8: loss = -61.42500686645508
Epoch 9: loss = -61.42502212524414
Epoch 10: loss = -61.4250373840332
Epoch 11: loss = -61.42593002319336
Epoch 12: loss = -61.42605972290039
Epoch 13: loss = -61.42606735229492
Epoch 14: loss = -61.4262580871582
Epoch 15: loss = -61.42626953125
Epoch 16: loss = -61.42628479003906
Epoch 17: loss = -61.42628479003906
Epoch 18: loss = -61.42628479003906
Epoch 19: loss = -61.42629623413086
Early stopping at epoch 19 with loss -61.4262580871582
Reconstruction for fluence = 37.926901907322495 photons/pixel
Epoch 0: loss = 12163.9375
Epoch 1: loss = 35.37798309326172
Epoch 2: loss = 19.170692443847656
Epoch 3: loss = 15.65476131439209
Epoch 4: loss = 14.75859260559082
Epoch 5: loss = 14.533279418945312
Epoch 6: loss = 14.47411060333252
Epoch 7: loss = 14.45315933227539
Epoch 8: loss = 14.44267749786377
Epoch 9: loss = 14.43742847442627
Epoch 10: loss = 14.434574127197266
Epoch 11: loss = 14.433259963989258
Epoch 12: loss = 14.432493209838867
Epoch 13: loss = 14.43202018737793
Epoch 14: loss = 14.43175983428955
Epoch 0: loss = -175.42135620117188
Epoch 1: loss = -175.91612243652344
Epoch 2: loss = -175.9281768798828
Epoch 3: loss = -175.93075561523438
Epoch 4: loss = -175.9325714111328
Epoch 5: loss = -175.93299865722656
Epoch 6: loss = -175.93309020996094
Epoch 7: loss = -175.93316650390625
Epoch 8: loss = -175.93321228027344
Epoch 9: loss = -175.93331909179688
Epoch 10: loss = -175.93331909179688
Epoch 11: loss = -175.93338012695312
Epoch 12: loss = -175.9334259033203
Epoch 13: loss = -175.93345642089844
Epoch 14: loss = -175.93348693847656
Epoch 15: loss = -175.93348693847656
Epoch 16: loss = -175.93350219726562
Epoch 17: loss = -175.9335174560547
Epoch 18: loss = -175.9335174560547
Early stopping at epoch 18 with loss -175.93345642089844
Reconstruction for fluence = 88.58667904100822 photons/pixel
Epoch 0: loss = 66373.4453125
Epoch 1: loss = 137.4916534423828
Epoch 2: loss = 58.77544403076172
Epoch 3: loss = 37.99066162109375
Epoch 4: loss = 32.47040939331055
Epoch 5: loss = 31.0277042388916
Epoch 6: loss = 30.65028190612793
Epoch 7: loss = 30.48312759399414
Epoch 8: loss = 30.39900016784668
Epoch 9: loss = 30.35746192932129
Epoch 10: loss = 30.33012580871582
Epoch 11: loss = 30.31624984741211
Epoch 12: loss = 30.307804107666016
Epoch 13: loss = 30.30306053161621
Epoch 14: loss = 30.299909591674805
Epoch 0: loss = -484.5693359375
Epoch 1: loss = -485.2064514160156
Epoch 2: loss = -485.2198486328125
Epoch 3: loss = -485.22320556640625
Epoch 4: loss = -485.2237548828125
Epoch 5: loss = -485.2237548828125
Epoch 6: loss = -485.2239685058594
Epoch 7: loss = -485.22406005859375
Epoch 8: loss = -485.22418212890625
Epoch 9: loss = -485.2242736816406
Epoch 10: loss = -485.2252502441406
Epoch 11: loss = -485.2253723144531
Epoch 12: loss = -485.2258605957031
Epoch 13: loss = -485.22601318359375
Epoch 14: loss = -485.22601318359375
Epoch 15: loss = -485.22601318359375
Epoch 16: loss = -485.22601318359375
Epoch 17: loss = -485.22607421875
Epoch 18: loss = -485.22613525390625
Epoch 19: loss = -485.22613525390625
Epoch 20: loss = -485.2262268066406
Epoch 21: loss = -485.2264709472656
Epoch 22: loss = -485.2264709472656
Epoch 23: loss = -485.2264709472656
Epoch 24: loss = -485.2264709472656
Epoch 25: loss = -485.2264709472656
Epoch 26: loss = -485.2265625
Early stopping at epoch 26 with loss -485.2264709472656
Reconstruction for fluence = 206.9138081114788 photons/pixel
Epoch 0: loss = 361465.125
Epoch 1: loss = 610.7549438476562
Epoch 2: loss = 210.07177734375
Epoch 3: loss = 115.8329849243164
Epoch 4: loss = 91.40983581542969
Epoch 5: loss = 82.41034698486328
Epoch 6: loss = 79.59880828857422
Epoch 7: loss = 78.20256042480469
Epoch 8: loss = 77.59607696533203
Epoch 9: loss = 77.30171966552734
Epoch 10: loss = 77.13753509521484
Epoch 11: loss = 77.05426788330078
Epoch 12: loss = 77.00259399414062
Epoch 13: loss = 76.96918487548828
Epoch 14: loss = 76.94384002685547
Epoch 0: loss = -1309.166748046875
Epoch 1: loss = -1310.0531005859375
Epoch 2: loss = -1310.0736083984375
Epoch 3: loss = -1310.0819091796875
Epoch 4: loss = -1310.083984375
Epoch 5: loss = -1310.084228515625
Epoch 6: loss = -1310.0843505859375
Epoch 7: loss = -1310.0845947265625
Epoch 8: loss = -1310.0848388671875
Epoch 9: loss = -1310.0848388671875
Epoch 10: loss = -1310.0853271484375
Epoch 11: loss = -1310.0855712890625
Epoch 12: loss = -1310.0859375
Epoch 13: loss = -1310.0865478515625
Epoch 14: loss = -1310.0865478515625
Epoch 15: loss = -1310.0865478515625
Epoch 16: loss = -1310.0865478515625
Epoch 17: loss = -1310.086669921875
Epoch 18: loss = -1310.0870361328125
Epoch 19: loss = -1310.0870361328125
Epoch 20: loss = -1310.0872802734375
Epoch 21: loss = -1310.0872802734375
Epoch 22: loss = -1310.08740234375
Epoch 23: loss = -1310.0875244140625
Epoch 24: loss = -1310.0875244140625
Epoch 25: loss = -1310.0875244140625
Epoch 26: loss = -1310.0875244140625
Epoch 27: loss = -1310.0875244140625
Epoch 28: loss = -1310.0875244140625
Early stopping at epoch 28 with loss -1310.0875244140625
Reconstruction for fluence = 483.2930238571752 photons/pixel
Epoch 0: loss = 1972013.75
Epoch 1: loss = 2954.880615234375
Epoch 2: loss = 856.78662109375
Epoch 3: loss = 351.6533508300781
Epoch 4: loss = 229.6175994873047
Epoch 5: loss = 186.76913452148438
Epoch 6: loss = 176.7979278564453
Epoch 7: loss = 172.7082977294922
Epoch 8: loss = 170.8277130126953
Epoch 9: loss = 169.8223114013672
Epoch 10: loss = 169.2253875732422
Epoch 11: loss = 168.89898681640625
Epoch 12: loss = 168.70257568359375
Epoch 13: loss = 168.5640411376953
Epoch 14: loss = 168.4633331298828
Epoch 0: loss = -3468.744873046875
Epoch 1: loss = -3469.873291015625
Epoch 2: loss = -3469.90087890625
Epoch 3: loss = -3469.90283203125
Epoch 4: loss = -3469.903564453125
Epoch 5: loss = -3469.9140625
Epoch 6: loss = -3469.91455078125
Epoch 7: loss = -3469.914794921875
Epoch 8: loss = -3469.914794921875
Epoch 9: loss = -3469.9150390625
Epoch 10: loss = -3469.9150390625
Epoch 11: loss = -3469.915283203125
Epoch 12: loss = -3469.915283203125
Epoch 13: loss = -3469.915283203125
Epoch 14: loss = -3469.915283203125
Epoch 15: loss = -3469.915283203125
Epoch 16: loss = -3469.915283203125
Early stopping at epoch 16 with loss -3469.915283203125
Reconstruction for fluence = 1128.8378916846884 photons/pixel
Epoch 0: loss = 10758301.0
Epoch 1: loss = 14983.423828125
Epoch 2: loss = 3949.439208984375
Epoch 3: loss = 1421.8697509765625
Epoch 4: loss = 695.7903442382812
Epoch 5: loss = 479.5094299316406
Epoch 6: loss = 420.3484191894531
Epoch 7: loss = 396.4312744140625
Epoch 8: loss = 386.86328125
Epoch 9: loss = 379.7446594238281
Epoch 10: loss = 376.63916015625
Epoch 11: loss = 374.9146728515625
Epoch 12: loss = 373.9813537597656
Epoch 13: loss = 373.2745056152344
Epoch 14: loss = 372.7712097167969
Epoch 0: loss = -9059.505859375
Epoch 1: loss = -9060.927734375
Epoch 2: loss = -9060.9501953125
Epoch 3: loss = -9060.9541015625
Epoch 4: loss = -9060.9580078125
Epoch 5: loss = -9060.9599609375
Epoch 6: loss = -9060.9619140625
Epoch 7: loss = -9060.9638671875
Epoch 8: loss = -9060.9638671875
Epoch 9: loss = -9060.9638671875
Epoch 10: loss = -9060.9658203125
Epoch 11: loss = -9060.9658203125
Epoch 12: loss = -9060.966796875
Epoch 13: loss = -9060.96875
Epoch 14: loss = -9060.96875
Epoch 15: loss = -9060.96875
Epoch 16: loss = -9060.970703125
Epoch 17: loss = -9060.97265625
Epoch 18: loss = -9060.97265625
Epoch 19: loss = -9060.97265625
Epoch 20: loss = -9060.97265625
Epoch 21: loss = -9060.97265625
Epoch 22: loss = -9060.9736328125
Epoch 23: loss = -9060.9736328125
Epoch 24: loss = -9060.9736328125
Epoch 25: loss = -9060.9736328125
Epoch 26: loss = -9060.9736328125
Epoch 27: loss = -9060.9736328125
Early stopping at epoch 27 with loss -9060.9736328125
Reconstruction for fluence = 2636.6508987303555 photons/pixel
Epoch 0: loss = 58665348.0
Epoch 1: loss = 81458.1328125
Epoch 2: loss = 19137.84765625
Epoch 3: loss = 6352.58251953125
Epoch 4: loss = 2672.567626953125
Epoch 5: loss = 1458.743896484375
Epoch 6: loss = 1134.35009765625
Epoch 7: loss = 1013.2935180664062
Epoch 8: loss = 956.8667602539062
Epoch 9: loss = 927.551025390625
Epoch 10: loss = 910.6608276367188
Epoch 11: loss = 902.078369140625
Epoch 12: loss = 896.8588256835938
Epoch 13: loss = 893.5489501953125
Epoch 14: loss = 891.2290649414062
Epoch 0: loss = -23401.634765625
Epoch 1: loss = -23403.576171875
Epoch 2: loss = -23403.587890625
Epoch 3: loss = -23403.587890625
Epoch 4: loss = -23403.58984375
Epoch 5: loss = -23403.591796875
Epoch 6: loss = -23403.591796875
Epoch 7: loss = -23403.59375
Epoch 8: loss = -23403.59765625
Epoch 9: loss = -23403.59765625
Epoch 10: loss = -23403.59765625
Epoch 11: loss = -23403.59765625
Epoch 12: loss = -23403.59765625
Epoch 13: loss = -23403.59765625
Early stopping at epoch 13 with loss -23403.59765625
Reconstruction for fluence = 6158.482110660255 photons/pixel
Epoch 0: loss = 320158400.0
Epoch 1: loss = 442372.21875
Epoch 2: loss = 111445.75
Epoch 3: loss = 32743.958984375
Epoch 4: loss = 12196.978515625
Epoch 5: loss = 5242.30712890625
Epoch 6: loss = 3491.716064453125
Epoch 7: loss = 2835.830810546875
Epoch 8: loss = 2511.046875
Epoch 9: loss = 2354.872314453125
Epoch 10: loss = 2270.455810546875
Epoch 11: loss = 2225.825439453125
Epoch 12: loss = 2198.154541015625
Epoch 13: loss = 2180.06982421875
Epoch 14: loss = 2166.3984375
Epoch 0: loss = -59877.140625
Epoch 1: loss = -59879.73828125
Epoch 2: loss = -59879.77734375
Epoch 3: loss = -59879.77734375
Epoch 4: loss = -59879.77734375
Epoch 5: loss = -59879.79296875
Epoch 6: loss = -59879.79296875
Epoch 7: loss = -59879.8046875
Epoch 8: loss = -59879.8125
Epoch 9: loss = -59879.8203125
Epoch 10: loss = -59879.8203125
Epoch 11: loss = -59879.8203125
Epoch 12: loss = -59879.828125
Epoch 13: loss = -59879.828125
Epoch 14: loss = -59879.828125
Epoch 15: loss = -59879.828125
Epoch 16: loss = -59879.828125
Epoch 17: loss = -59879.828125
Early stopping at epoch 17 with loss -59879.828125
Reconstruction for fluence = 14384.498882876629 photons/pixel
Epoch 0: loss = 1746529920.0
Epoch 1: loss = 2390459.25
Epoch 2: loss = 564492.9375
Epoch 3: loss = 160621.59375
Epoch 4: loss = 51686.11328125
Epoch 5: loss = 20066.5390625
Epoch 6: loss = 11531.0009765625
Epoch 7: loss = 8437.2861328125
Epoch 8: loss = 6810.876953125
Epoch 9: loss = 6033.2939453125
Epoch 10: loss = 5616.8740234375
Epoch 11: loss = 5376.75048828125
Epoch 12: loss = 5247.5546875
Epoch 13: loss = 5149.72705078125
Epoch 14: loss = 5087.16650390625
Epoch 0: loss = -152066.5625
Epoch 1: loss = -152070.203125
Epoch 2: loss = -152070.25
Epoch 3: loss = -152070.28125
Epoch 4: loss = -152070.3125
Epoch 5: loss = -152070.328125
Epoch 6: loss = -152070.328125
Epoch 7: loss = -152070.328125
Epoch 8: loss = -152070.359375
Epoch 9: loss = -152070.359375
Epoch 10: loss = -152070.359375
Epoch 11: loss = -152070.359375
Epoch 12: loss = -152070.359375
Epoch 13: loss = -152070.359375
Early stopping at epoch 13 with loss -152070.359375
Reconstruction for fluence = 33598.18286283781 photons/pixel
Epoch 0: loss = 9528008704.0
Epoch 1: loss = 13006336.0
Epoch 2: loss = 2962729.0
Epoch 3: loss = 875487.0625
Epoch 4: loss = 292648.84375
Epoch 5: loss = 95458.2265625
Epoch 6: loss = 46908.39453125
Epoch 7: loss = 29573.236328125
Epoch 8: loss = 21602.59765625
Epoch 9: loss = 17474.09375
Epoch 10: loss = 15262.75390625
Epoch 11: loss = 14099.9267578125
Epoch 12: loss = 13329.9482421875
Epoch 13: loss = 12824.5625
Epoch 14: loss = 12433.8681640625
Epoch 0: loss = -383699.59375
Epoch 1: loss = -383704.65625
Epoch 2: loss = -383704.71875
Epoch 3: loss = -383704.78125
Epoch 4: loss = -383704.78125
Epoch 5: loss = -383704.875
Epoch 6: loss = -383704.90625
Epoch 7: loss = -383704.90625
Epoch 8: loss = -383704.9375
Epoch 9: loss = -383704.9375
Epoch 10: loss = -383704.9375
Epoch 11: loss = -383704.96875
Epoch 12: loss = -383704.96875
Epoch 13: loss = -383704.96875
Epoch 14: loss = -383704.96875
Epoch 15: loss = -383704.96875
Epoch 16: loss = -383704.96875
Early stopping at epoch 16 with loss -383704.96875
Reconstruction for fluence = 78475.99703514607 photons/pixel
Epoch 0: loss = 51978817536.0
Epoch 1: loss = 71221752.0
Epoch 2: loss = 17088072.0
Epoch 3: loss = 4798830.0
Epoch 4: loss = 1492589.875
Epoch 5: loss = 491478.0625
Epoch 6: loss = 238595.25
Epoch 7: loss = 135994.015625
Epoch 8: loss = 90020.6796875
Epoch 9: loss = 65112.765625
Epoch 10: loss = 52159.9296875
Epoch 11: loss = 44767.91015625
Epoch 12: loss = 40561.95703125
Epoch 13: loss = 37384.1171875
Epoch 14: loss = 35078.98828125
Epoch 0: loss = -962760.875
Epoch 1: loss = -962770.4375
Epoch 2: loss = -962770.4375
Epoch 3: loss = -962770.6875
Epoch 4: loss = -962770.6875
Epoch 5: loss = -962770.6875
Epoch 6: loss = -962770.875
Epoch 7: loss = -962770.875
Epoch 8: loss = -962771.125
Epoch 9: loss = -962771.125
Epoch 10: loss = -962771.125
Epoch 11: loss = -962771.125
Epoch 12: loss = -962771.125
Epoch 13: loss = -962771.125
Early stopping at epoch 13 with loss -962771.125
Reconstruction for fluence = 183298.07108324335 photons/pixel
Epoch 0: loss = 283589705728.0
Epoch 1: loss = 386930336.0
Epoch 2: loss = 89901240.0
Epoch 3: loss = 25247562.0
Epoch 4: loss = 8165938.0
Epoch 5: loss = 2606075.25
Epoch 6: loss = 1161029.75
Epoch 7: loss = 604012.9375
Epoch 8: loss = 370120.90625
Epoch 9: loss = 247804.171875
Epoch 10: loss = 178149.15625
Epoch 11: loss = 142193.078125
Epoch 12: loss = 118998.40625
Epoch 13: loss = 104755.4609375
Epoch 14: loss = 93942.9453125
Epoch 0: loss = -2404267.75
Epoch 1: loss = -2404285.75
Epoch 2: loss = -2404285.75
Epoch 3: loss = -2404285.75
Epoch 4: loss = -2404286.25
Epoch 5: loss = -2404286.75
Epoch 6: loss = -2404286.75
Epoch 7: loss = -2404286.75
Epoch 8: loss = -2404287.25
Epoch 9: loss = -2404287.25
Epoch 10: loss = -2404287.25
Epoch 11: loss = -2404287.25
Epoch 12: loss = -2404287.25
Epoch 13: loss = -2404287.25
Early stopping at epoch 13 with loss -2404287.25
Reconstruction for fluence = 428133.2398719387 photons/pixel
Epoch 0: loss = 1547114774528.0
Epoch 1: loss = 2111032192.0
Epoch 2: loss = 479063488.0
Epoch 3: loss = 141832784.0
Epoch 4: loss = 44795248.0
Epoch 5: loss = 13721497.0
Epoch 6: loss = 6044202.0
Epoch 7: loss = 3300993.75
Epoch 8: loss = 1912653.75
Epoch 9: loss = 1214788.625
Epoch 10: loss = 802208.0
Epoch 11: loss = 602354.1875
Epoch 12: loss = 480415.5
Epoch 13: loss = 389941.90625
Epoch 14: loss = 324714.0625
Epoch 0: loss = -5978895.0
Epoch 1: loss = -5978936.0
Epoch 2: loss = -5978936.0
Epoch 3: loss = -5978937.0
Epoch 4: loss = -5978937.5
Epoch 5: loss = -5978938.5
Epoch 6: loss = -5978938.5
Epoch 7: loss = -5978938.5
Epoch 8: loss = -5978938.5
Epoch 9: loss = -5978938.5
Epoch 10: loss = -5978938.5
Early stopping at epoch 10 with loss -5978938.5
Reconstruction for fluence = 1000000.0 photons/pixel
Epoch 0: loss = 8440373051392.0
Epoch 1: loss = 11519938560.0
Epoch 2: loss = 2620617728.0
Epoch 3: loss = 763107136.0
Epoch 4: loss = 230942736.0
Epoch 5: loss = 70505048.0
Epoch 6: loss = 30908666.0
Epoch 7: loss = 16072228.0
Epoch 8: loss = 9001357.0
Epoch 9: loss = 5490197.5
Epoch 10: loss = 3584632.5
Epoch 11: loss = 2544839.75
Epoch 12: loss = 1952605.75
Epoch 13: loss = 1546437.375
Epoch 14: loss = 1246429.625
Epoch 0: loss = -14813445.0
Epoch 1: loss = -14813530.0
Epoch 2: loss = -14813533.0
Epoch 3: loss = -14813534.0
Epoch 4: loss = -14813536.0
Epoch 5: loss = -14813538.0
Epoch 6: loss = -14813538.0
Epoch 7: loss = -14813539.0
Epoch 8: loss = -14813540.0
Epoch 9: loss = -14813540.0
Epoch 10: loss = -14813540.0
Epoch 11: loss = -14813540.0
Epoch 12: loss = -14813540.0
Epoch 13: loss = -14813540.0
Early stopping at epoch 13 with loss -14813540.0
Simulation for steps_size=26 and n_fluences=20 completed!
