Running simulation for steps_size=8 and n_fluences=20
Steps size: 8
Tensors initialization on device cuda
Multiprobe = None

('MSE', None) RECONSTRUCTIONS

Reconstruction for fluence = 0.09999999999999999 photons/pixel
Epoch 0: loss = 0.016371889039874077
Epoch 1: loss = 0.01637079566717148
Epoch 2: loss = 0.01636970043182373
Epoch 3: loss = 0.016368607059121132
Epoch 4: loss = 0.016367513686418533
Epoch 5: loss = 0.016366422176361084
Early stopping at epoch 5 with loss 0.016371889039874077
Reconstruction for fluence = 0.23357214690901223 photons/pixel
Epoch 0: loss = 0.04412424564361572
Epoch 1: loss = 0.02967519499361515
Epoch 2: loss = 0.02966894954442978
Epoch 3: loss = 0.02966894954442978
Epoch 4: loss = 0.02966894954442978
Epoch 5: loss = 0.02966894954442978
Epoch 6: loss = 0.02966894954442978
Early stopping at epoch 6 with loss 0.02967519499361515
Reconstruction for fluence = 0.5455594781168519 photons/pixel
Epoch 0: loss = 0.13798683881759644
Epoch 1: loss = 0.06949828565120697
Epoch 2: loss = 0.0694846510887146
Epoch 3: loss = 0.0694846510887146
Epoch 4: loss = 0.0694846510887146
Epoch 5: loss = 0.0694846510887146
Epoch 6: loss = 0.0694846510887146
Early stopping at epoch 6 with loss 0.06949828565120697
Reconstruction for fluence = 1.2742749857031335 photons/pixel
Epoch 0: loss = 0.5124819874763489
Epoch 1: loss = 0.16186928749084473
Epoch 2: loss = 0.1617727428674698
Epoch 3: loss = 0.16177141666412354
Epoch 4: loss = 0.16177138686180115
Epoch 5: loss = 0.16177129745483398
Epoch 6: loss = 0.16177129745483398
Early stopping at epoch 6 with loss 0.16186928749084473
Reconstruction for fluence = 2.976351441631318 photons/pixel
Epoch 0: loss = 2.232120990753174
Epoch 1: loss = 0.36934715509414673
Epoch 2: loss = 0.3690757751464844
Epoch 3: loss = 0.3690677881240845
Epoch 4: loss = 0.3690674901008606
Epoch 5: loss = 0.36906707286834717
Epoch 6: loss = 0.3690670132637024
Epoch 7: loss = 0.3690669536590576
Early stopping at epoch 7 with loss 0.3690757751464844
Reconstruction for fluence = 6.9519279617756045 photons/pixel
Epoch 0: loss = 10.934762954711914
Epoch 1: loss = 0.8666683435440063
Epoch 2: loss = 0.8651566505432129
Epoch 3: loss = 0.8651144504547119
Epoch 4: loss = 0.8651105165481567
Epoch 5: loss = 0.865109920501709
Epoch 6: loss = 0.865109920501709
Epoch 7: loss = 0.8651098608970642
Early stopping at epoch 7 with loss 0.8651566505432129
Reconstruction for fluence = 16.23776739188721 photons/pixel
Epoch 0: loss = 56.660404205322266
Epoch 1: loss = 2.0173940658569336
Epoch 2: loss = 2.010789394378662
Epoch 3: loss = 2.0105528831481934
Epoch 4: loss = 2.010523557662964
Epoch 5: loss = 2.010519504547119
Epoch 6: loss = 2.010519027709961
Epoch 7: loss = 2.0105185508728027
Epoch 8: loss = 2.0105183124542236
Early stopping at epoch 8 with loss 2.0105528831481934
Reconstruction for fluence = 37.926901907322495 photons/pixel
Epoch 0: loss = 302.11871337890625
Epoch 1: loss = 4.849798202514648
Epoch 2: loss = 4.817588806152344
Epoch 3: loss = 4.8160295486450195
Epoch 4: loss = 4.815804481506348
Epoch 5: loss = 4.815762042999268
Epoch 6: loss = 4.815756797790527
Epoch 7: loss = 4.815755367279053
Epoch 8: loss = 4.8157548904418945
Epoch 9: loss = 4.815752983093262
Early stopping at epoch 9 with loss 4.815804481506348
Reconstruction for fluence = 88.58667904100822 photons/pixel
Epoch 0: loss = 1634.565673828125
Epoch 1: loss = 11.235081672668457
Epoch 2: loss = 11.112415313720703
Epoch 3: loss = 11.103296279907227
Epoch 4: loss = 11.101902961730957
Epoch 5: loss = 11.1016263961792
Epoch 6: loss = 11.101570129394531
Epoch 7: loss = 11.10156536102295
Epoch 8: loss = 11.101554870605469
Epoch 9: loss = 11.101547241210938
Epoch 10: loss = 11.101545333862305
Early stopping at epoch 10 with loss 11.1016263961792
Reconstruction for fluence = 206.9138081114788 photons/pixel
Epoch 0: loss = 8867.0361328125
Epoch 1: loss = 26.431678771972656
Epoch 2: loss = 25.764076232910156
Epoch 3: loss = 25.72331428527832
Epoch 4: loss = 25.713315963745117
Epoch 5: loss = 25.711332321166992
Epoch 6: loss = 25.710805892944336
Epoch 7: loss = 25.710620880126953
Epoch 8: loss = 25.710594177246094
Epoch 9: loss = 25.710556030273438
Epoch 10: loss = 25.710548400878906
Epoch 11: loss = 25.710519790649414
Epoch 12: loss = 25.71051788330078
Epoch 13: loss = 25.710514068603516
Epoch 14: loss = 25.710514068603516
Epoch 15: loss = 25.710514068603516
Epoch 16: loss = 25.71051025390625
Early stopping at epoch 16 with loss 25.710519790649414
Reconstruction for fluence = 483.2930238571752 photons/pixel
Epoch 0: loss = 48230.109375
Epoch 1: loss = 63.845054626464844
Epoch 2: loss = 60.80828857421875
Epoch 3: loss = 60.59941864013672
Epoch 4: loss = 60.552799224853516
Epoch 5: loss = 60.541297912597656
Epoch 6: loss = 60.537750244140625
Epoch 7: loss = 60.5364875793457
Epoch 8: loss = 60.53594970703125
Epoch 9: loss = 60.53572082519531
Epoch 10: loss = 60.53562545776367
Epoch 11: loss = 60.535606384277344
Epoch 12: loss = 60.535560607910156
Epoch 13: loss = 60.535552978515625
Epoch 14: loss = 60.535552978515625
Epoch 15: loss = 60.535552978515625
Epoch 16: loss = 60.535545349121094
Early stopping at epoch 16 with loss 60.535606384277344
Reconstruction for fluence = 1128.8378916846884 photons/pixel
Epoch 0: loss = 263013.03125
Epoch 1: loss = 157.1153564453125
Epoch 2: loss = 140.68565368652344
Epoch 3: loss = 139.64169311523438
Epoch 4: loss = 139.3721466064453
Epoch 5: loss = 139.30276489257812
Epoch 6: loss = 139.2805938720703
Epoch 7: loss = 139.27264404296875
Epoch 8: loss = 139.2689971923828
Epoch 9: loss = 139.26727294921875
Epoch 10: loss = 139.26651000976562
Epoch 11: loss = 139.266357421875
Epoch 12: loss = 139.26626586914062
Epoch 13: loss = 139.26611328125
Epoch 14: loss = 139.26605224609375
Epoch 15: loss = 139.26589965820312
Epoch 16: loss = 139.265869140625
Epoch 17: loss = 139.26583862304688
Epoch 18: loss = 139.26583862304688
Epoch 19: loss = 139.26583862304688
Epoch 20: loss = 139.26583862304688
Early stopping at epoch 20 with loss 139.26589965820312
Reconstruction for fluence = 2636.6508987303555 photons/pixel
Epoch 0: loss = 1434077.0
Epoch 1: loss = 419.9178161621094
Epoch 2: loss = 334.8471374511719
Epoch 3: loss = 329.65716552734375
Epoch 4: loss = 327.9846496582031
Epoch 5: loss = 327.615234375
Epoch 6: loss = 327.4866638183594
Epoch 7: loss = 327.44488525390625
Epoch 8: loss = 327.41522216796875
Epoch 9: loss = 327.404296875
Epoch 10: loss = 327.39849853515625
Epoch 11: loss = 327.39556884765625
Epoch 12: loss = 327.3944091796875
Epoch 13: loss = 327.39404296875
Epoch 14: loss = 327.39385986328125
Epoch 15: loss = 327.3936767578125
Epoch 16: loss = 327.39349365234375
Epoch 17: loss = 327.39337158203125
Epoch 18: loss = 327.39337158203125
Epoch 19: loss = 327.39337158203125
Epoch 20: loss = 327.39324951171875
Epoch 21: loss = 327.3931884765625
Epoch 22: loss = 327.39306640625
Epoch 23: loss = 327.3929443359375
Epoch 24: loss = 327.3929443359375
Epoch 25: loss = 327.3929443359375
Epoch 26: loss = 327.3929443359375
Epoch 27: loss = 327.3928527832031
Epoch 28: loss = 327.392822265625
Epoch 29: loss = 327.392822265625
Epoch 30: loss = 327.3927917480469
Epoch 31: loss = 327.392822265625
Epoch 32: loss = 327.3927307128906
Epoch 33: loss = 327.39263916015625
Epoch 34: loss = 327.39263916015625
Epoch 35: loss = 327.39263916015625
Epoch 36: loss = 327.39263916015625
Epoch 37: loss = 327.392578125
Epoch 38: loss = 327.392578125
Early stopping at epoch 38 with loss 327.39263916015625
Reconstruction for fluence = 6158.482110660255 photons/pixel
Epoch 0: loss = 7823907.5
Epoch 1: loss = 1261.843994140625
Epoch 2: loss = 805.4827880859375
Epoch 3: loss = 774.5223388671875
Epoch 4: loss = 767.3905029296875
Epoch 5: loss = 765.7073974609375
Epoch 6: loss = 764.8614501953125
Epoch 7: loss = 764.617919921875
Epoch 8: loss = 764.5106811523438
Epoch 9: loss = 764.455322265625
Epoch 10: loss = 764.427001953125
Epoch 11: loss = 764.412109375
Epoch 12: loss = 764.4095458984375
Epoch 13: loss = 764.4041748046875
Epoch 14: loss = 764.401611328125
Epoch 15: loss = 764.400634765625
Epoch 16: loss = 764.400146484375
Epoch 17: loss = 764.3997192382812
Epoch 18: loss = 764.3992919921875
Epoch 19: loss = 764.398681640625
Epoch 20: loss = 764.398681640625
Epoch 21: loss = 764.3980712890625
Epoch 22: loss = 764.3977661132812
Epoch 23: loss = 764.397705078125
Epoch 24: loss = 764.3978271484375
Epoch 25: loss = 764.3978271484375
Epoch 26: loss = 764.3975830078125
Epoch 27: loss = 764.3974609375
Epoch 28: loss = 764.3974609375
Epoch 29: loss = 764.3974609375
Epoch 30: loss = 764.3974609375
Epoch 31: loss = 764.3974609375
Early stopping at epoch 31 with loss 764.3975830078125
Reconstruction for fluence = 14384.498882876629 photons/pixel
Epoch 0: loss = 42683720.0
Epoch 1: loss = 4506.59130859375
Epoch 2: loss = 2004.940673828125
Epoch 3: loss = 1852.3175048828125
Epoch 4: loss = 1807.8702392578125
Epoch 5: loss = 1797.14990234375
Epoch 6: loss = 1793.4862060546875
Epoch 7: loss = 1792.167236328125
Epoch 8: loss = 1791.4710693359375
Epoch 9: loss = 1791.12841796875
Epoch 10: loss = 1790.960693359375
Epoch 11: loss = 1790.8760986328125
Epoch 12: loss = 1790.8359375
Epoch 13: loss = 1790.8121337890625
Epoch 14: loss = 1790.798828125
Epoch 15: loss = 1790.795166015625
Epoch 16: loss = 1790.795166015625
Epoch 17: loss = 1790.792236328125
Epoch 18: loss = 1790.78955078125
Epoch 19: loss = 1790.789306640625
Epoch 20: loss = 1790.789306640625
Epoch 21: loss = 1790.788818359375
Epoch 22: loss = 1790.7882080078125
Epoch 23: loss = 1790.7880859375
Epoch 24: loss = 1790.787109375
Epoch 25: loss = 1790.78564453125
Epoch 26: loss = 1790.785888671875
Epoch 27: loss = 1790.785888671875
Epoch 28: loss = 1790.785888671875
Epoch 29: loss = 1790.785888671875
Epoch 30: loss = 1790.785888671875
Early stopping at epoch 30 with loss 1790.78564453125
Reconstruction for fluence = 33598.18286283781 photons/pixel
Epoch 0: loss = 232850512.0
Epoch 1: loss = 19294.74609375
Epoch 2: loss = 5402.0625
Epoch 3: loss = 4563.57763671875
Epoch 4: loss = 4312.1669921875
Epoch 5: loss = 4246.759765625
Epoch 6: loss = 4225.64404296875
Epoch 7: loss = 4217.5986328125
Epoch 8: loss = 4213.580078125
Epoch 9: loss = 4211.6220703125
Epoch 10: loss = 4210.666015625
Epoch 11: loss = 4210.173828125
Epoch 12: loss = 4209.9326171875
Epoch 13: loss = 4209.8095703125
Epoch 14: loss = 4209.74462890625
Epoch 15: loss = 4209.734375
Epoch 16: loss = 4209.705078125
Epoch 17: loss = 4209.7001953125
Epoch 18: loss = 4209.689453125
Epoch 19: loss = 4209.689453125
Epoch 20: loss = 4209.6875
Epoch 21: loss = 4209.67919921875
Epoch 22: loss = 4209.6806640625
Epoch 23: loss = 4209.6806640625
Epoch 24: loss = 4209.677734375
Epoch 25: loss = 4209.67431640625
Epoch 26: loss = 4209.6708984375
Epoch 27: loss = 4209.6708984375
Epoch 28: loss = 4209.67138671875
Epoch 29: loss = 4209.6708984375
Epoch 30: loss = 4209.6708984375
Epoch 31: loss = 4209.6689453125
Epoch 32: loss = 4209.669921875
Epoch 33: loss = 4209.66796875
Epoch 34: loss = 4209.66796875
Epoch 35: loss = 4209.66748046875
Epoch 36: loss = 4209.6650390625
Epoch 37: loss = 4209.666015625
Epoch 38: loss = 4209.6650390625
Epoch 39: loss = 4209.666015625
Epoch 40: loss = 4209.6650390625
Epoch 41: loss = 4209.666015625
Early stopping at epoch 41 with loss 4209.6650390625
Reconstruction for fluence = 78475.99703514607 photons/pixel
Epoch 0: loss = 1270332928.0
Epoch 1: loss = 90782.6640625
Epoch 2: loss = 17309.763671875
Epoch 3: loss = 11645.810546875
Epoch 4: loss = 10377.447265625
Epoch 5: loss = 10017.1953125
Epoch 6: loss = 9893.3388671875
Epoch 7: loss = 9847.6669921875
Epoch 8: loss = 9824.91796875
Epoch 9: loss = 9814.09375
Epoch 10: loss = 9808.869140625
Epoch 11: loss = 9806.1650390625
Epoch 12: loss = 9804.912109375
Epoch 13: loss = 9804.1875
Epoch 14: loss = 9803.8046875
Epoch 15: loss = 9803.697265625
Epoch 16: loss = 9803.529296875
Epoch 17: loss = 9803.5234375
Epoch 18: loss = 9803.44921875
Epoch 19: loss = 9803.44921875
Epoch 20: loss = 9803.4130859375
Epoch 21: loss = 9803.404296875
Epoch 22: loss = 9803.3935546875
Epoch 23: loss = 9803.39453125
Epoch 24: loss = 9803.3857421875
Epoch 25: loss = 9803.37890625
Epoch 26: loss = 9803.380859375
Epoch 27: loss = 9803.380859375
Epoch 28: loss = 9803.3740234375
Epoch 29: loss = 9803.3671875
Epoch 30: loss = 9803.373046875
Epoch 31: loss = 9803.37109375
Epoch 32: loss = 9803.361328125
Epoch 33: loss = 9803.365234375
Epoch 34: loss = 9803.359375
Epoch 35: loss = 9803.3564453125
Epoch 36: loss = 9803.359375
Epoch 37: loss = 9803.357421875
Epoch 38: loss = 9803.3603515625
Epoch 39: loss = 9803.3623046875
Epoch 40: loss = 9803.3671875
Early stopping at epoch 40 with loss 9803.3564453125
Reconstruction for fluence = 183298.07108324335 photons/pixel
Epoch 0: loss = 6930332160.0
Epoch 1: loss = 466786.8125
Epoch 2: loss = 59343.84375
Epoch 3: loss = 32860.6640625
Epoch 4: loss = 25435.689453125
Epoch 5: loss = 23541.822265625
Epoch 6: loss = 22932.015625
Epoch 7: loss = 22700.7578125
Epoch 8: loss = 22596.42578125
Epoch 9: loss = 22544.51171875
Epoch 10: loss = 22519.1796875
Epoch 11: loss = 22505.86328125
Epoch 12: loss = 22499.685546875
Epoch 13: loss = 22496.267578125
Epoch 14: loss = 22494.41015625
Epoch 15: loss = 22493.38671875
Epoch 16: loss = 22492.83984375
Epoch 17: loss = 22492.62890625
Epoch 18: loss = 22492.453125
Epoch 19: loss = 22492.41015625
Epoch 20: loss = 22492.39453125
Epoch 21: loss = 22492.33984375
Epoch 22: loss = 22492.27734375
Epoch 23: loss = 22492.24609375
Epoch 24: loss = 22492.2265625
Epoch 25: loss = 22492.22265625
Epoch 26: loss = 22492.19140625
Epoch 27: loss = 22492.1875
Epoch 28: loss = 22492.169921875
Epoch 29: loss = 22492.203125
Epoch 30: loss = 22492.1875
Epoch 31: loss = 22492.203125
Epoch 32: loss = 22492.181640625
Epoch 33: loss = 22492.18359375
Early stopping at epoch 33 with loss 22492.169921875
Reconstruction for fluence = 428133.2398719387 photons/pixel
Epoch 0: loss = 37809704960.0
Epoch 1: loss = 2463188.5
Epoch 2: loss = 256944.265625
Epoch 3: loss = 107909.890625
Epoch 4: loss = 69630.796875
Epoch 5: loss = 59796.0859375
Epoch 6: loss = 56438.80078125
Epoch 7: loss = 55387.59375
Epoch 8: loss = 54631.16796875
Epoch 9: loss = 54326.46875
Epoch 10: loss = 54186.80078125
Epoch 11: loss = 54110.32421875
Epoch 12: loss = 54077.1875
Epoch 13: loss = 54053.78515625
Epoch 14: loss = 54043.296875
Epoch 15: loss = 54037.578125
Epoch 16: loss = 54034.515625
Epoch 17: loss = 54033.0234375
Epoch 18: loss = 54032.75
Epoch 19: loss = 54032.03515625
Epoch 20: loss = 54031.5390625
Epoch 21: loss = 54031.4296875
Epoch 22: loss = 54031.19140625
Epoch 23: loss = 54031.1171875
Epoch 24: loss = 54031.06640625
Epoch 25: loss = 54030.9375
Epoch 26: loss = 54030.984375
Epoch 27: loss = 54030.890625
Epoch 28: loss = 54030.828125
Epoch 29: loss = 54030.84375
Epoch 30: loss = 54030.8515625
Epoch 31: loss = 54030.8203125
Epoch 32: loss = 54030.8671875
Epoch 33: loss = 54030.8671875
Epoch 34: loss = 54030.82421875
Epoch 35: loss = 54030.828125
Epoch 36: loss = 54030.8359375
Early stopping at epoch 36 with loss 54030.8203125
Reconstruction for fluence = 1000000.0 photons/pixel
Epoch 0: loss = 206271250432.0
Epoch 1: loss = 13326434.0
Epoch 2: loss = 1228908.0
Epoch 3: loss = 435811.25
Epoch 4: loss = 215704.65625
Epoch 5: loss = 157007.953125
Epoch 6: loss = 138794.6875
Epoch 7: loss = 132297.15625
Epoch 8: loss = 129196.109375
Epoch 9: loss = 127755.6171875
Epoch 10: loss = 127032.578125
Epoch 11: loss = 126645.359375
Epoch 12: loss = 126473.3203125
Epoch 13: loss = 126370.171875
Epoch 14: loss = 126314.328125
Epoch 15: loss = 126286.375
Epoch 16: loss = 126271.765625
Epoch 17: loss = 126263.828125
Epoch 18: loss = 126261.015625
Epoch 19: loss = 126258.71875
Epoch 20: loss = 126258.21875
Epoch 21: loss = 126258.21875
Epoch 22: loss = 126255.953125
Epoch 23: loss = 126254.9375
Epoch 24: loss = 126254.296875
Epoch 25: loss = 126253.78125
Epoch 26: loss = 126253.890625
Epoch 27: loss = 126253.375
Epoch 28: loss = 126253.5625
Epoch 29: loss = 126253.34375
Epoch 30: loss = 126253.390625
Epoch 31: loss = 126253.359375
Epoch 32: loss = 126253.015625
Epoch 33: loss = 126253.4375
Epoch 34: loss = 126253.3125
Epoch 35: loss = 126252.90625
Epoch 36: loss = 126253.6640625
Epoch 37: loss = 126253.2890625
Epoch 38: loss = 126253.5703125
Epoch 39: loss = 126253.09375
Epoch 40: loss = 126253.0
Early stopping at epoch 40 with loss 126252.90625
Tensors initialization on device cuda
Multiprobe = None

('MSE', 'PoissonNLL') RECONSTRUCTIONS

Reconstruction for fluence = 0.09999999999999999 photons/pixel
Epoch 0: loss = 0.016422133892774582
Epoch 1: loss = 0.016421061009168625
Epoch 2: loss = 0.016419991850852966
Epoch 3: loss = 0.016418922692537308
Epoch 4: loss = 0.01641785353422165
Epoch 5: loss = 0.01641678623855114
Early stopping at epoch 5 with loss 0.016422133892774582
Epoch 0: loss = 0.05903035029768944
Epoch 1: loss = 0.04341839998960495
Epoch 2: loss = 0.04341467469930649
Epoch 3: loss = 0.04341467469930649
Epoch 4: loss = 0.04341467469930649
Epoch 5: loss = 0.04341467469930649
Epoch 6: loss = 0.04341467469930649
Early stopping at epoch 6 with loss 0.04341839998960495
Reconstruction for fluence = 0.23357214690901223 photons/pixel
Epoch 0: loss = 0.04426728934049606
Epoch 1: loss = 0.02987826056778431
Epoch 2: loss = 0.029874220490455627
Epoch 3: loss = 0.029874220490455627
Epoch 4: loss = 0.029874220490455627
Epoch 5: loss = 0.029874220490455627
Epoch 6: loss = 0.029874220490455627
Early stopping at epoch 6 with loss 0.02987826056778431
Epoch 0: loss = 0.08367665857076645
Epoch 1: loss = 0.08366451412439346
Epoch 2: loss = 0.08365240693092346
Epoch 3: loss = 0.08364033699035645
Epoch 4: loss = 0.08362831175327301
Epoch 5: loss = 0.08361630141735077
Early stopping at epoch 5 with loss 0.08367665857076645
Reconstruction for fluence = 0.5455594781168519 photons/pixel
Epoch 0: loss = 0.13736698031425476
Epoch 1: loss = 0.06852734088897705
Epoch 2: loss = 0.06851494312286377
Epoch 3: loss = 0.06851494312286377
Epoch 4: loss = 0.06851494312286377
Epoch 5: loss = 0.06851494312286377
Epoch 6: loss = 0.06851494312286377
Early stopping at epoch 6 with loss 0.06852734088897705
Epoch 0: loss = 0.12828314304351807
Epoch 1: loss = 0.11560822278261185
Epoch 2: loss = 0.1155974492430687
Epoch 3: loss = 0.1155974492430687
Epoch 4: loss = 0.1155974492430687
Epoch 5: loss = 0.1155974492430687
Epoch 6: loss = 0.1155974492430687
Early stopping at epoch 6 with loss 0.11560822278261185
Reconstruction for fluence = 1.2742749857031335 photons/pixel
Epoch 0: loss = 0.5148751139640808
Epoch 1: loss = 0.1626315712928772
Epoch 2: loss = 0.16257981956005096
Epoch 3: loss = 0.16257870197296143
Epoch 4: loss = 0.16257861256599426
Epoch 5: loss = 0.16257861256599426
Epoch 6: loss = 0.16257861256599426
Early stopping at epoch 6 with loss 0.1626315712928772
Epoch 0: loss = 0.14098501205444336
Epoch 1: loss = 0.12262517213821411
Epoch 2: loss = 0.12259354442358017
Epoch 3: loss = 0.12259340286254883
Epoch 4: loss = 0.12259340286254883
Epoch 5: loss = 0.12259340286254883
Epoch 6: loss = 0.12259340286254883
Early stopping at epoch 6 with loss 0.12262517213821411
Reconstruction for fluence = 2.976351441631318 photons/pixel
Epoch 0: loss = 2.257019519805908
Epoch 1: loss = 0.3754224181175232
Epoch 2: loss = 0.3750494122505188
Epoch 3: loss = 0.3750424385070801
Epoch 4: loss = 0.3750419616699219
Epoch 5: loss = 0.3750419020652771
Epoch 6: loss = 0.3750418424606323
Epoch 7: loss = 0.37504178285598755
Early stopping at epoch 7 with loss 0.3750494122505188
Epoch 0: loss = -0.03481799364089966
Epoch 1: loss = -0.060613371431827545
Epoch 2: loss = -0.06063537672162056
Epoch 3: loss = -0.0606367252767086
Epoch 4: loss = -0.0606367252767086
Epoch 5: loss = -0.0606367252767086
Epoch 6: loss = -0.0606367252767086
Early stopping at epoch 6 with loss -0.060613371431827545
Reconstruction for fluence = 6.9519279617756045 photons/pixel
Epoch 0: loss = 10.951553344726562
Epoch 1: loss = 0.8829654455184937
Epoch 2: loss = 0.881399929523468
Epoch 3: loss = 0.8813619613647461
Epoch 4: loss = 0.8813587427139282
Epoch 5: loss = 0.8813586235046387
Epoch 6: loss = 0.8813586235046387
Epoch 7: loss = 0.8813585042953491
Early stopping at epoch 7 with loss 0.881399929523468
Epoch 0: loss = -0.927151083946228
Epoch 1: loss = -0.9630714058876038
Epoch 2: loss = -0.9630613327026367
Epoch 3: loss = -0.9631762504577637
Epoch 4: loss = -0.9631973505020142
Epoch 5: loss = -0.9631974697113037
Epoch 6: loss = -0.963204026222229
Epoch 7: loss = -0.9632053375244141
Epoch 8: loss = -0.9632053375244141
Early stopping at epoch 8 with loss -0.9631762504577637
Reconstruction for fluence = 16.23776739188721 photons/pixel
Epoch 0: loss = 56.643524169921875
Epoch 1: loss = 2.0557498931884766
Epoch 2: loss = 2.0483713150024414
Epoch 3: loss = 2.0481247901916504
Epoch 4: loss = 2.048098564147949
Epoch 5: loss = 2.048095226287842
Epoch 6: loss = 2.0480942726135254
Epoch 7: loss = 2.048093795776367
Epoch 8: loss = 2.048093557357788
Early stopping at epoch 8 with loss 2.0481247901916504
Epoch 0: loss = -4.136358737945557
Epoch 1: loss = -4.184848308563232
Epoch 2: loss = -4.184921741485596
Epoch 3: loss = -4.184932708740234
Epoch 4: loss = -4.184936046600342
Epoch 5: loss = -4.184937000274658
Epoch 6: loss = -4.184937000274658
Early stopping at epoch 6 with loss -4.184848308563232
Reconstruction for fluence = 37.926901907322495 photons/pixel
Epoch 0: loss = 301.9275207519531
Epoch 1: loss = 4.788139343261719
Epoch 2: loss = 4.757811546325684
Epoch 3: loss = 4.756048202514648
Epoch 4: loss = 4.75579833984375
Epoch 5: loss = 4.755754470825195
Epoch 6: loss = 4.755751609802246
Epoch 7: loss = 4.7557477951049805
Epoch 8: loss = 4.755746841430664
Epoch 9: loss = 4.755745887756348
Early stopping at epoch 9 with loss 4.75579833984375
Epoch 0: loss = -14.21489429473877
Epoch 1: loss = -14.275121688842773
Epoch 2: loss = -14.275270462036133
Epoch 3: loss = -14.275272369384766
Epoch 4: loss = -14.275274276733398
Epoch 5: loss = -14.275276184082031
Epoch 6: loss = -14.275277137756348
Epoch 7: loss = -14.275278091430664
Early stopping at epoch 7 with loss -14.275270462036133
Reconstruction for fluence = 88.58667904100822 photons/pixel
Epoch 0: loss = 1629.527099609375
Epoch 1: loss = 11.233328819274902
Epoch 2: loss = 11.108325958251953
Epoch 3: loss = 11.100549697875977
Epoch 4: loss = 11.099190711975098
Epoch 5: loss = 11.098928451538086
Epoch 6: loss = 11.098819732666016
Epoch 7: loss = 11.098796844482422
Epoch 8: loss = 11.098790168762207
Epoch 9: loss = 11.098787307739258
Epoch 10: loss = 11.098783493041992
Epoch 11: loss = 11.09878158569336
Early stopping at epoch 11 with loss 11.098819732666016
Epoch 0: loss = -43.86790466308594
Epoch 1: loss = -43.944576263427734
Epoch 2: loss = -43.94476318359375
Epoch 3: loss = -43.94476318359375
Epoch 4: loss = -43.94477081298828
Epoch 5: loss = -43.94477081298828
Epoch 6: loss = -43.94477462768555
Epoch 7: loss = -43.94477462768555
Early stopping at epoch 7 with loss -43.94476318359375
Reconstruction for fluence = 206.9138081114788 photons/pixel
Epoch 0: loss = 8858.70703125
Epoch 1: loss = 26.701940536499023
Epoch 2: loss = 26.066272735595703
Epoch 3: loss = 26.022762298583984
Epoch 4: loss = 26.014278411865234
Epoch 5: loss = 26.01233673095703
Epoch 6: loss = 26.01181983947754
Epoch 7: loss = 26.011672973632812
Epoch 8: loss = 26.011600494384766
Epoch 9: loss = 26.011587142944336
Epoch 10: loss = 26.011581420898438
Epoch 11: loss = 26.011573791503906
Epoch 12: loss = 26.011566162109375
Epoch 13: loss = 26.011566162109375
Epoch 14: loss = 26.01156234741211
Epoch 0: loss = -127.12796020507812
Epoch 1: loss = -127.22206115722656
Epoch 2: loss = -127.22209167480469
Epoch 3: loss = -127.22209167480469
Epoch 4: loss = -127.22209167480469
Epoch 5: loss = -127.22209167480469
Epoch 6: loss = -127.22209167480469
Early stopping at epoch 6 with loss -127.22206115722656
Reconstruction for fluence = 483.2930238571752 photons/pixel
Epoch 0: loss = 48258.234375
Epoch 1: loss = 63.088802337646484
Epoch 2: loss = 59.987388610839844
Epoch 3: loss = 59.781089782714844
Epoch 4: loss = 59.7325439453125
Epoch 5: loss = 59.72062683105469
Epoch 6: loss = 59.7167854309082
Epoch 7: loss = 59.715484619140625
Epoch 8: loss = 59.714927673339844
Epoch 9: loss = 59.71488952636719
Epoch 10: loss = 59.714698791503906
Epoch 11: loss = 59.71465301513672
Epoch 12: loss = 59.714622497558594
Epoch 13: loss = 59.714576721191406
Epoch 14: loss = 59.71451950073242
Epoch 0: loss = -354.54638671875
Epoch 1: loss = -354.65960693359375
Epoch 2: loss = -354.65960693359375
Epoch 3: loss = -354.65960693359375
Epoch 4: loss = -354.65966796875
Epoch 5: loss = -354.65966796875
Epoch 6: loss = -354.6596374511719
Early stopping at epoch 6 with loss -354.65960693359375
Reconstruction for fluence = 1128.8378916846884 photons/pixel
Epoch 0: loss = 263015.5625
Epoch 1: loss = 157.65313720703125
Epoch 2: loss = 141.43312072753906
Epoch 3: loss = 140.36451721191406
Epoch 4: loss = 140.06719970703125
Epoch 5: loss = 139.9918212890625
Epoch 6: loss = 139.96719360351562
Epoch 7: loss = 139.95950317382812
Epoch 8: loss = 139.95558166503906
Epoch 9: loss = 139.95367431640625
Epoch 10: loss = 139.95297241210938
Epoch 11: loss = 139.95263671875
Epoch 12: loss = 139.95254516601562
Epoch 13: loss = 139.9525146484375
Epoch 14: loss = 139.9525146484375
Epoch 0: loss = -963.4476318359375
Epoch 1: loss = -963.5755004882812
Epoch 2: loss = -963.5755615234375
Epoch 3: loss = -963.5755615234375
Epoch 4: loss = -963.5755615234375
Epoch 5: loss = -963.5755615234375
Epoch 6: loss = -963.5755615234375
Early stopping at epoch 6 with loss -963.5755004882812
Reconstruction for fluence = 2636.6508987303555 photons/pixel
Epoch 0: loss = 1434330.25
Epoch 1: loss = 419.741455078125
Epoch 2: loss = 332.87945556640625
Epoch 3: loss = 327.36248779296875
Epoch 4: loss = 325.90936279296875
Epoch 5: loss = 325.5303955078125
Epoch 6: loss = 325.39837646484375
Epoch 7: loss = 325.3524169921875
Epoch 8: loss = 325.33056640625
Epoch 9: loss = 325.3211669921875
Epoch 10: loss = 325.316162109375
Epoch 11: loss = 325.3135986328125
Epoch 12: loss = 325.3124084472656
Epoch 13: loss = 325.3121032714844
Epoch 14: loss = 325.31195068359375
Epoch 0: loss = -2564.88427734375
Epoch 1: loss = -2565.02294921875
Epoch 2: loss = -2565.02294921875
Epoch 3: loss = -2565.02294921875
Epoch 4: loss = -2565.02294921875
Epoch 5: loss = -2565.02294921875
Epoch 6: loss = -2565.02294921875
Early stopping at epoch 6 with loss -2565.02294921875
Reconstruction for fluence = 6158.482110660255 photons/pixel
Epoch 0: loss = 7825322.0
Epoch 1: loss = 1293.0772705078125
Epoch 2: loss = 818.7440185546875
Epoch 3: loss = 789.4720458984375
Epoch 4: loss = 781.036376953125
Epoch 5: loss = 778.929443359375
Epoch 6: loss = 778.2643432617188
Epoch 7: loss = 778.0059204101562
Epoch 8: loss = 777.8848266601562
Epoch 9: loss = 777.8259887695312
Epoch 10: loss = 777.7982177734375
Epoch 11: loss = 777.783203125
Epoch 12: loss = 777.7763671875
Epoch 13: loss = 777.7760009765625
Epoch 14: loss = 777.7747802734375
Epoch 0: loss = -6724.6015625
Epoch 1: loss = -6724.74609375
Epoch 2: loss = -6724.74609375
Epoch 3: loss = -6724.74609375
Epoch 4: loss = -6724.74609375
Epoch 5: loss = -6724.74609375
Epoch 6: loss = -6724.74609375
Early stopping at epoch 6 with loss -6724.74609375
Reconstruction for fluence = 14384.498882876629 photons/pixel
Epoch 0: loss = 42683828.0
Epoch 1: loss = 4593.86572265625
Epoch 2: loss = 2017.46142578125
Epoch 3: loss = 1855.1795654296875
Epoch 4: loss = 1814.3837890625
Epoch 5: loss = 1803.4013671875
Epoch 6: loss = 1799.8385009765625
Epoch 7: loss = 1798.4833984375
Epoch 8: loss = 1797.8765869140625
Epoch 9: loss = 1797.5679931640625
Epoch 10: loss = 1797.4141845703125
Epoch 11: loss = 1797.3382568359375
Epoch 12: loss = 1797.3031005859375
Epoch 13: loss = 1797.2939453125
Epoch 14: loss = 1797.29052734375
Epoch 0: loss = -17425.3046875
Epoch 1: loss = -17425.44921875
Epoch 2: loss = -17425.44921875
Epoch 3: loss = -17425.44921875
Epoch 4: loss = -17425.44921875
Epoch 5: loss = -17425.44921875
Epoch 6: loss = -17425.44921875
Early stopping at epoch 6 with loss -17425.44921875
Reconstruction for fluence = 33598.18286283781 photons/pixel
Epoch 0: loss = 232872256.0
Epoch 1: loss = 18995.734375
Epoch 2: loss = 5432.64892578125
Epoch 3: loss = 4535.3173828125
Epoch 4: loss = 4321.6640625
Epoch 5: loss = 4258.49609375
Epoch 6: loss = 4240.31640625
Epoch 7: loss = 4233.404296875
Epoch 8: loss = 4229.78369140625
Epoch 9: loss = 4228.080078125
Epoch 10: loss = 4227.26220703125
Epoch 11: loss = 4226.87109375
Epoch 12: loss = 4226.68408203125
Epoch 13: loss = 4226.57763671875
Epoch 14: loss = 4226.53173828125
Epoch 0: loss = -44702.75390625
Epoch 1: loss = -44702.8984375
Epoch 2: loss = -44702.8984375
Epoch 3: loss = -44702.8984375
Epoch 4: loss = -44702.8984375
Epoch 5: loss = -44702.8984375
Epoch 6: loss = -44702.8984375
Early stopping at epoch 6 with loss -44702.8984375
Reconstruction for fluence = 78475.99703514607 photons/pixel
Epoch 0: loss = 1270351872.0
Epoch 1: loss = 91339.140625
Epoch 2: loss = 16464.47265625
Epoch 3: loss = 11641.23828125
Epoch 4: loss = 10361.041015625
Epoch 5: loss = 10035.986328125
Epoch 6: loss = 9919.5703125
Epoch 7: loss = 9877.4970703125
Epoch 8: loss = 9856.51171875
Epoch 9: loss = 9846.875
Epoch 10: loss = 9842.310546875
Epoch 11: loss = 9839.861328125
Epoch 12: loss = 9838.6484375
Epoch 13: loss = 9837.986328125
Epoch 14: loss = 9837.634765625
Epoch 0: loss = -113779.8984375
Epoch 1: loss = -113780.0625
Epoch 2: loss = -113780.0625
Epoch 3: loss = -113780.0625
Epoch 4: loss = -113780.0625
Epoch 5: loss = -113780.0625
Epoch 6: loss = -113780.0625
Early stopping at epoch 6 with loss -113780.0625
Reconstruction for fluence = 183298.07108324335 photons/pixel
Epoch 0: loss = 6930480640.0
Epoch 1: loss = 467339.0625
Epoch 2: loss = 59768.78515625
Epoch 3: loss = 33083.5859375
Epoch 4: loss = 25674.376953125
Epoch 5: loss = 23728.84765625
Epoch 6: loss = 23148.921875
Epoch 7: loss = 22925.623046875
Epoch 8: loss = 22814.96875
Epoch 9: loss = 22763.4375
Epoch 10: loss = 22738.2890625
Epoch 11: loss = 22724.05859375
Epoch 12: loss = 22717.57421875
Epoch 13: loss = 22713.94921875
Epoch 14: loss = 22712.0625
Epoch 0: loss = -287626.125
Epoch 1: loss = -287626.125
Epoch 2: loss = -287626.25
Epoch 3: loss = -287626.25
Epoch 4: loss = -287626.28125
Epoch 5: loss = -287626.28125
Epoch 6: loss = -287626.28125
Epoch 7: loss = -287626.25
Epoch 8: loss = -287626.25
Epoch 9: loss = -287626.25
Early stopping at epoch 9 with loss -287626.28125
Reconstruction for fluence = 428133.2398719387 photons/pixel
Epoch 0: loss = 37809979392.0
Epoch 1: loss = 2461605.5
Epoch 2: loss = 271859.875
Epoch 3: loss = 108904.53125
Epoch 4: loss = 69373.125
Epoch 5: loss = 59198.2265625
Epoch 6: loss = 55797.3515625
Epoch 7: loss = 54501.5234375
Epoch 8: loss = 53917.15625
Epoch 9: loss = 53607.109375
Epoch 10: loss = 53459.8515625
Epoch 11: loss = 53388.1484375
Epoch 12: loss = 53352.75
Epoch 13: loss = 53333.5390625
Epoch 14: loss = 53323.58203125
Epoch 0: loss = -722882.375
Epoch 1: loss = -722882.5625
Epoch 2: loss = -722882.5625
Epoch 3: loss = -722882.5625
Epoch 4: loss = -722882.5625
Epoch 5: loss = -722882.5625
Epoch 6: loss = -722882.5625
Early stopping at epoch 6 with loss -722882.5625
Reconstruction for fluence = 1000000.0 photons/pixel
Epoch 0: loss = 206273642496.0
Epoch 1: loss = 13316826.0
Epoch 2: loss = 1255762.0
Epoch 3: loss = 426193.25
Epoch 4: loss = 210099.0
Epoch 5: loss = 154857.453125
Epoch 6: loss = 136169.84375
Epoch 7: loss = 129266.0546875
Epoch 8: loss = 125902.9296875
Epoch 9: loss = 124389.640625
Epoch 10: loss = 123682.515625
Epoch 11: loss = 123313.9140625
Epoch 12: loss = 123140.28125
Epoch 13: loss = 123044.3671875
Epoch 14: loss = 122996.46875
Epoch 0: loss = -1807783.75
Epoch 1: loss = -1807784.0
Epoch 2: loss = -1807784.0
Epoch 3: loss = -1807784.0
Epoch 4: loss = -1807784.0
Epoch 5: loss = -1807784.0
Epoch 6: loss = -1807784.0
Early stopping at epoch 6 with loss -1807784.0
Simulation for steps_size=8 and n_fluences=20 completed!
