Running simulation for n_fluences=60
Tensors initialization on device cuda
Multiprobe = None

('MSE', None) RECONSTRUCTIONS

Reconstruction for fluence = 0.09999999999999999 photons/pixel
Epoch 0: loss = 0.0006325177382677794
Epoch 1: loss = 0.0006325177382677794
Epoch 2: loss = 0.0006325177382677794
Epoch 3: loss = 0.0006325177382677794
Epoch 4: loss = 0.0006325177382677794
Epoch 5: loss = 0.0006325177382677794
Early stopping at epoch 5 with loss 0.0006325177382677794
Reconstruction for fluence = 0.13141473626117564 photons/pixel
Epoch 0: loss = 0.000831843470223248
Epoch 1: loss = 0.000831843470223248
Epoch 2: loss = 0.000831843470223248
Epoch 3: loss = 0.000831843470223248
Epoch 4: loss = 0.000831843470223248
Epoch 5: loss = 0.000831843470223248
Early stopping at epoch 5 with loss 0.000831843470223248
Reconstruction for fluence = 0.1726983290659435 photons/pixel
Epoch 0: loss = 0.0010904348455369473
Epoch 1: loss = 0.0010904348455369473
Epoch 2: loss = 0.0010904348455369473
Epoch 3: loss = 0.0010904348455369473
Epoch 4: loss = 0.0010904348455369473
Epoch 5: loss = 0.0010904348455369473
Early stopping at epoch 5 with loss 0.0010904348455369473
Reconstruction for fluence = 0.22695105366946683 photons/pixel
Epoch 0: loss = 0.0014106857124716043
Epoch 1: loss = 0.0014106857124716043
Epoch 2: loss = 0.0014106857124716043
Epoch 3: loss = 0.0014106857124716043
Epoch 4: loss = 0.0014106857124716043
Epoch 5: loss = 0.0014106857124716043
Early stopping at epoch 5 with loss 0.0014106857124716043
Reconstruction for fluence = 0.2982471286216891 photons/pixel
Epoch 0: loss = 0.0018433064687997103
Epoch 1: loss = 0.001843276433646679
Epoch 2: loss = 0.001843246165663004
Epoch 3: loss = 0.0018432161305099726
Epoch 4: loss = 0.0018431858625262976
Epoch 5: loss = 0.0018431557109579444
Early stopping at epoch 5 with loss 0.0018433064687997103
Reconstruction for fluence = 0.3919406774847219 photons/pixel
Epoch 0: loss = 0.002398414071649313
Epoch 1: loss = 0.0023983619175851345
Epoch 2: loss = 0.0023983095306903124
Epoch 3: loss = 0.0023982576094567776
Epoch 4: loss = 0.0023982056882232428
Epoch 5: loss = 0.0023981535341590643
Early stopping at epoch 5 with loss 0.002398414071649313
Reconstruction for fluence = 0.5150678076168124 photons/pixel
Epoch 0: loss = 0.003105859737843275
Epoch 1: loss = 0.0031057707965373993
Epoch 2: loss = 0.0031056818552315235
Epoch 3: loss = 0.0031055929139256477
Epoch 4: loss = 0.003105503972619772
Epoch 5: loss = 0.003105415031313896
Early stopping at epoch 5 with loss 0.003105859737843275
Reconstruction for fluence = 0.6768750009458534 photons/pixel
Epoch 0: loss = 0.004037812352180481
Epoch 1: loss = 0.004037662409245968
Epoch 2: loss = 0.004037512466311455
Epoch 3: loss = 0.004037362523376942
Epoch 4: loss = 0.004037212580442429
Epoch 5: loss = 0.0040370626375079155
Early stopping at epoch 5 with loss 0.004037812352180481
Reconstruction for fluence = 0.8895134973108234 photons/pixel
Epoch 0: loss = 0.005222015082836151
Epoch 1: loss = 0.005221761297434568
Epoch 2: loss = 0.005221507977694273
Epoch 3: loss = 0.005221254657953978
Epoch 4: loss = 0.005221001338213682
Epoch 5: loss = 0.005220748484134674
Early stopping at epoch 5 with loss 0.005222015082836151
Reconstruction for fluence = 1.1689518164985782 photons/pixel
Epoch 0: loss = 0.006728132721036673
Epoch 1: loss = 0.006727705709636211
Epoch 2: loss = 0.0067272791638970375
Epoch 3: loss = 0.006726853549480438
Epoch 4: loss = 0.006726427003741264
Epoch 5: loss = 0.006726001389324665
Early stopping at epoch 5 with loss 0.006728132721036673
Reconstruction for fluence = 1.536174946671828 photons/pixel
Epoch 0: loss = 0.008672253228724003
Epoch 1: loss = 0.008671538904309273
Epoch 2: loss = 0.008670825511217117
Epoch 3: loss = 0.008670113980770111
Epoch 4: loss = 0.008669400587677956
Epoch 5: loss = 0.00866868905723095
Early stopping at epoch 5 with loss 0.008672253228724003
Reconstruction for fluence = 2.018760254679039 photons/pixel
Epoch 0: loss = 0.011094675399363041
Epoch 1: loss = 0.011093485169112682
Epoch 2: loss = 0.01109229400753975
Epoch 3: loss = 0.011091102845966816
Epoch 4: loss = 0.011089911684393883
Epoch 5: loss = 0.011088721454143524
Early stopping at epoch 5 with loss 0.011094675399363041
Reconstruction for fluence = 2.652948464431896 photons/pixel
Epoch 0: loss = 0.014156927354633808
Epoch 1: loss = 0.014154954813420773
Epoch 2: loss = 0.014152981340885162
Epoch 3: loss = 0.014151007868349552
Epoch 4: loss = 0.014149035327136517
Epoch 5: loss = 0.014147061854600906
Early stopping at epoch 5 with loss 0.014156927354633808
Reconstruction for fluence = 3.486365227678086 photons/pixel
Epoch 0: loss = 0.01799093373119831
Epoch 1: loss = 0.017987679690122604
Epoch 2: loss = 0.017984427511692047
Epoch 3: loss = 0.01798117533326149
Epoch 4: loss = 0.01797792688012123
Epoch 5: loss = 0.017974676564335823
Early stopping at epoch 5 with loss 0.01799093373119831
Reconstruction for fluence = 4.58159766905449 photons/pixel
Epoch 0: loss = 0.02271610125899315
Epoch 1: loss = 0.022710783407092094
Epoch 2: loss = 0.02270546182990074
Epoch 3: loss = 0.022700143977999687
Epoch 4: loss = 0.022694826126098633
Epoch 5: loss = 0.022689510136842728
Early stopping at epoch 5 with loss 0.02271610125899315
Reconstruction for fluence = 6.020894493336131 photons/pixel
Epoch 0: loss = 0.028499266132712364
Epoch 1: loss = 0.02849063277244568
Epoch 2: loss = 0.028481993824243546
Epoch 3: loss = 0.02847336046397686
Epoch 4: loss = 0.028464730829000473
Epoch 5: loss = 0.028456103056669235
Early stopping at epoch 5 with loss 0.028499266132712364
Reconstruction for fluence = 7.912342618981323 photons/pixel
Epoch 0: loss = 0.03545010834932327
Epoch 1: loss = 0.035436224192380905
Epoch 2: loss = 0.035422347486019135
Epoch 3: loss = 0.03540847450494766
Epoch 4: loss = 0.03539460897445679
Epoch 5: loss = 0.03538075089454651
Early stopping at epoch 5 with loss 0.03545010834932327
Reconstruction for fluence = 10.397984184814899 photons/pixel
Epoch 0: loss = 0.04368212819099426
Epoch 1: loss = 0.04365998134016991
Epoch 2: loss = 0.04363784193992615
Epoch 3: loss = 0.04361571744084358
Epoch 4: loss = 0.04359360784292221
Epoch 5: loss = 0.04357152432203293
Epoch 6: loss = 0.04354945570230484
Epoch 7: loss = 0.04352740943431854
Epoch 8: loss = 0.043505385518074036
Epoch 9: loss = 0.043483372777700424
Epoch 10: loss = 0.0434613861143589
Epoch 11: loss = 0.04343941807746887
Epoch 12: loss = 0.043417468667030334
Epoch 13: loss = 0.04339554160833359
Epoch 14: loss = 0.04337363317608833
Epoch 15: loss = 0.04335173964500427
Epoch 16: loss = 0.0433298721909523
Epoch 17: loss = 0.04330801963806152
Epoch 18: loss = 0.04328618943691254
Epoch 19: loss = 0.04326437786221504
Epoch 20: loss = 0.04324258863925934
Epoch 21: loss = 0.04322081804275513
Epoch 22: loss = 0.04319906234741211
Epoch 23: loss = 0.04317732900381088
Epoch 24: loss = 0.04315561801195145
Epoch 25: loss = 0.043133921921253204
Epoch 26: loss = 0.04311224818229675
Epoch 27: loss = 0.043090589344501495
Epoch 28: loss = 0.043068960309028625
Epoch 29: loss = 0.04304733872413635
Epoch 30: loss = 0.04302574321627617
Epoch 31: loss = 0.04300416633486748
Epoch 32: loss = 0.04298260807991028
Epoch 33: loss = 0.04296106845140457
Epoch 34: loss = 0.042939551174640656
Epoch 35: loss = 0.04291804879903793
Epoch 36: loss = 0.042896565049886703
Epoch 37: loss = 0.042875103652477264
Epoch 38: loss = 0.04285366088151932
Epoch 39: loss = 0.04283224046230316
Epoch 40: loss = 0.0428108349442482
Epoch 41: loss = 0.04278945177793503
Epoch 42: loss = 0.04276808351278305
Epoch 43: loss = 0.042746737599372864
Epoch 44: loss = 0.04272541031241417
Epoch 45: loss = 0.04270410165190697
Epoch 46: loss = 0.04268281161785126
Epoch 47: loss = 0.04266154021024704
Epoch 48: loss = 0.04264029115438461
Epoch 49: loss = 0.04261905699968338
Epoch 50: loss = 0.04259784519672394
Epoch 51: loss = 0.04257665574550629
Epoch 52: loss = 0.04255547747015953
Epoch 53: loss = 0.042534321546554565
Epoch 54: loss = 0.04251318424940109
Epoch 55: loss = 0.04249206557869911
Epoch 56: loss = 0.04247096925973892
Epoch 57: loss = 0.042449887841939926
Epoch 58: loss = 0.04242882505059242
Epoch 59: loss = 0.04240778088569641
Epoch 60: loss = 0.04238675907254219
Epoch 61: loss = 0.042365752160549164
Epoch 62: loss = 0.04234476760029793
Epoch 63: loss = 0.042323797941207886
Epoch 64: loss = 0.042302850633859634
Epoch 65: loss = 0.042281925678253174
Epoch 66: loss = 0.04226101189851761
Epoch 67: loss = 0.042240120470523834
Epoch 68: loss = 0.042219243943691254
Epoch 69: loss = 0.04219839349389076
Epoch 70: loss = 0.042177557945251465
Epoch 71: loss = 0.04215673729777336
Epoch 72: loss = 0.04213593900203705
Epoch 73: loss = 0.04211515933275223
Epoch 74: loss = 0.0420944020152092
Epoch 75: loss = 0.04207365959882736
Epoch 76: loss = 0.04205293208360672
Epoch 77: loss = 0.04203222692012787
Epoch 78: loss = 0.04201154038310051
Epoch 79: loss = 0.04199087247252464
Epoch 80: loss = 0.04197021946310997
Epoch 81: loss = 0.04194958880543709
Epoch 82: loss = 0.0419289767742157
Epoch 83: loss = 0.0419083833694458
Epoch 84: loss = 0.041887808591127396
Epoch 85: loss = 0.041867248713970184
Epoch 86: loss = 0.041846711188554764
Epoch 87: loss = 0.041826192289590836
Epoch 88: loss = 0.0418056845664978
Epoch 89: loss = 0.04178520292043686
Epoch 90: loss = 0.041764743626117706
Epoch 91: loss = 0.04174429178237915
Epoch 92: loss = 0.041723862290382385
Epoch 93: loss = 0.04170345142483711
Epoch 94: loss = 0.04168306291103363
Epoch 95: loss = 0.041662685573101044
Epoch 96: loss = 0.04164233058691025
Epoch 97: loss = 0.04162199795246124
Epoch 98: loss = 0.04160167649388313
Epoch 99: loss = 0.041581373661756516
Epoch 100: loss = 0.04156108945608139
Epoch 101: loss = 0.04154082387685776
Epoch 102: loss = 0.041520580649375916
Epoch 103: loss = 0.04150034859776497
Epoch 104: loss = 0.04148014634847641
Epoch 105: loss = 0.04145994782447815
Epoch 106: loss = 0.04143977910280228
Epoch 107: loss = 0.0414196252822876
Epoch 108: loss = 0.041399482637643814
Epoch 109: loss = 0.04137936234474182
Epoch 110: loss = 0.04135926067829132
Epoch 111: loss = 0.041339173913002014
Epoch 112: loss = 0.0413191094994545
Epoch 113: loss = 0.04129906743764877
Epoch 114: loss = 0.041279036551713943
Epoch 115: loss = 0.041259024292230606
Epoch 116: loss = 0.04123903065919876
Epoch 117: loss = 0.04121905565261841
Epoch 118: loss = 0.04119909554719925
Epoch 119: loss = 0.04117915779352188
Epoch 120: loss = 0.04115923494100571
Early stopping at epoch 120 with loss 0.041259024292230606
Reconstruction for fluence = 13.664483492953257 photons/pixel
Epoch 0: loss = 0.05321985483169556
Epoch 1: loss = 0.05318498983979225
Epoch 2: loss = 0.05315013974905014
Epoch 3: loss = 0.053115323185920715
Epoch 4: loss = 0.053080543875694275
Epoch 5: loss = 0.053045812994241714
Epoch 6: loss = 0.05301111936569214
Epoch 7: loss = 0.052976466715335846
Epoch 8: loss = 0.05294185131788254
Epoch 9: loss = 0.05290728062391281
Epoch 10: loss = 0.05287274718284607
Epoch 11: loss = 0.05283825844526291
Epoch 12: loss = 0.05280380696058273
Epoch 13: loss = 0.05276940017938614
Epoch 14: loss = 0.05273503065109253
Epoch 15: loss = 0.0527007021009922
Epoch 16: loss = 0.05266641452908516
Epoch 17: loss = 0.0526321679353714
Epoch 18: loss = 0.05259795859456062
Epoch 19: loss = 0.05256379395723343
Epoch 20: loss = 0.05252966284751892
Epoch 21: loss = 0.05249558389186859
Epoch 22: loss = 0.05246153473854065
Epoch 23: loss = 0.05242752656340599
Epoch 24: loss = 0.05239356309175491
Epoch 25: loss = 0.05235963314771652
Epoch 26: loss = 0.05232574790716171
Epoch 27: loss = 0.052291903644800186
Epoch 28: loss = 0.052258096635341644
Epoch 29: loss = 0.052224330604076385
Epoch 30: loss = 0.05219060182571411
Epoch 31: loss = 0.05215691775083542
Epoch 32: loss = 0.05212326720356941
Epoch 33: loss = 0.05208966135978699
Epoch 34: loss = 0.05205609276890755
Epoch 35: loss = 0.05202256143093109
Epoch 36: loss = 0.05198907479643822
Epoch 37: loss = 0.05195562541484833
Epoch 38: loss = 0.05192221701145172
Epoch 39: loss = 0.0518888458609581
Epoch 40: loss = 0.05185551196336746
Epoch 41: loss = 0.05182221904397011
Epoch 42: loss = 0.05178896337747574
Epoch 43: loss = 0.05175575241446495
Epoch 44: loss = 0.05172257870435715
Epoch 45: loss = 0.05168944224715233
Epoch 46: loss = 0.05165634676814079
Epoch 47: loss = 0.05162328481674194
Epoch 48: loss = 0.051590267568826675
Epoch 49: loss = 0.05155728757381439
Epoch 50: loss = 0.05152434855699539
Epoch 51: loss = 0.05149144306778908
Epoch 52: loss = 0.051458582282066345
Epoch 53: loss = 0.0514257550239563
Epoch 54: loss = 0.051392972469329834
Epoch 55: loss = 0.051360223442316055
Epoch 56: loss = 0.05132751166820526
Epoch 57: loss = 0.05129484087228775
Epoch 58: loss = 0.05126221105456352
Epoch 59: loss = 0.05122961476445198
Epoch 60: loss = 0.05119705945253372
Epoch 61: loss = 0.051164545118808746
Epoch 62: loss = 0.051132068037986755
Epoch 63: loss = 0.05109962821006775
Epoch 64: loss = 0.05106722563505173
Epoch 65: loss = 0.05103485658764839
Epoch 66: loss = 0.05100253224372864
Epoch 67: loss = 0.05097024515271187
Epoch 68: loss = 0.050937995314598083
Epoch 69: loss = 0.05090578645467758
Epoch 70: loss = 0.05087360739707947
Epoch 71: loss = 0.050841473042964935
Epoch 72: loss = 0.05080937594175339
Epoch 73: loss = 0.050777316093444824
Epoch 74: loss = 0.050745293498039246
Epoch 75: loss = 0.05071330815553665
Epoch 76: loss = 0.05068136006593704
Epoch 77: loss = 0.05064944922924042
Epoch 78: loss = 0.050617583096027374
Epoch 79: loss = 0.05058574303984642
Epoch 80: loss = 0.05055394768714905
Epoch 81: loss = 0.05052218586206436
Epoch 82: loss = 0.05049046874046326
Epoch 83: loss = 0.05045878142118454
Epoch 84: loss = 0.05042713135480881
Epoch 85: loss = 0.050395525991916656
Epoch 86: loss = 0.05036395043134689
Epoch 87: loss = 0.05033241584897041
Epoch 88: loss = 0.05030091851949692
Epoch 89: loss = 0.05026945471763611
Epoch 90: loss = 0.050238028168678284
Epoch 91: loss = 0.05020664632320404
Epoch 92: loss = 0.050175294280052185
Epoch 93: loss = 0.050143979489803314
Epoch 94: loss = 0.050112705677747726
Epoch 95: loss = 0.050081461668014526
Epoch 96: loss = 0.05005025863647461
Epoch 97: loss = 0.05001909285783768
Epoch 98: loss = 0.04998796433210373
Epoch 99: loss = 0.049956873059272766
Epoch 100: loss = 0.04992581158876419
Epoch 101: loss = 0.0498947948217392
Epoch 102: loss = 0.04986381158232689
Epoch 103: loss = 0.049832865595817566
Epoch 104: loss = 0.04980195313692093
Epoch 105: loss = 0.049771081656217575
Epoch 106: loss = 0.049740247428417206
Epoch 107: loss = 0.04970944672822952
Epoch 108: loss = 0.04967867583036423
Epoch 109: loss = 0.04964794963598251
Epoch 110: loss = 0.049617256969213486
Epoch 111: loss = 0.04958660155534744
Epoch 112: loss = 0.049555979669094086
Epoch 113: loss = 0.04952539503574371
Epoch 114: loss = 0.049494847655296326
Epoch 115: loss = 0.04946433752775192
Epoch 116: loss = 0.04943385720252991
Epoch 117: loss = 0.049403417855501175
Epoch 118: loss = 0.04937301576137543
Epoch 119: loss = 0.049342647194862366
Epoch 120: loss = 0.04931231215596199
Epoch 121: loss = 0.0492820143699646
Epoch 122: loss = 0.049251750111579895
Epoch 123: loss = 0.04922153055667877
Epoch 124: loss = 0.04919134080410004
Epoch 125: loss = 0.04916118457913399
Epoch 126: loss = 0.049131061881780624
Epoch 127: loss = 0.049100980162620544
Epoch 128: loss = 0.04907093197107315
Epoch 129: loss = 0.04904092103242874
Epoch 130: loss = 0.04901093989610672
Epoch 131: loss = 0.04898099601268768
Epoch 132: loss = 0.04895109310746193
Epoch 133: loss = 0.04892122000455856
Epoch 134: loss = 0.04889138042926788
Epoch 135: loss = 0.048861581832170486
Epoch 136: loss = 0.048831816762685776
Epoch 137: loss = 0.04880208522081375
Epoch 138: loss = 0.04877238720655441
Epoch 139: loss = 0.04874272644519806
Epoch 140: loss = 0.04871310293674469
Epoch 141: loss = 0.04868350923061371
Epoch 142: loss = 0.04865395277738571
Epoch 143: loss = 0.0486244298517704
Epoch 144: loss = 0.048594944179058075
Epoch 145: loss = 0.04856548830866814
Epoch 146: loss = 0.04853607341647148
Epoch 147: loss = 0.048506684601306915
Epoch 148: loss = 0.04847734048962593
Epoch 149: loss = 0.048448026180267334
Epoch 150: loss = 0.04841874539852142
Epoch 151: loss = 0.0483895018696785
Epoch 152: loss = 0.04836029186844826
Epoch 153: loss = 0.048331115394830704
Epoch 154: loss = 0.048301972448825836
Epoch 155: loss = 0.04827286675572395
Epoch 156: loss = 0.048243794590234756
Epoch 157: loss = 0.048214755952358246
Epoch 158: loss = 0.04818574711680412
Epoch 159: loss = 0.048156775534152985
Epoch 160: loss = 0.04812784492969513
Epoch 161: loss = 0.04809894412755966
Epoch 162: loss = 0.04807007312774658
Epoch 163: loss = 0.04804123938083649
Epoch 164: loss = 0.04801243543624878
Epoch 165: loss = 0.047983672469854355
Epoch 166: loss = 0.04795493558049202
Epoch 167: loss = 0.04792623966932297
Epoch 168: loss = 0.0478975735604763
Epoch 169: loss = 0.04786894470453262
Epoch 170: loss = 0.04784034937620163
Epoch 171: loss = 0.047811783850193024
Epoch 172: loss = 0.047783251851797104
Epoch 173: loss = 0.04775475710630417
Epoch 174: loss = 0.04772629588842392
Epoch 175: loss = 0.04769786074757576
Epoch 176: loss = 0.04766946658492088
Epoch 177: loss = 0.047641102224588394
Epoch 178: loss = 0.04761277511715889
Epoch 179: loss = 0.04758448153734207
Epoch 180: loss = 0.04755621775984764
Epoch 181: loss = 0.0475279875099659
Epoch 182: loss = 0.04749979078769684
Epoch 183: loss = 0.047471627593040466
Epoch 184: loss = 0.04744350165128708
Epoch 185: loss = 0.04741540551185608
Epoch 186: loss = 0.04738733917474747
Epoch 187: loss = 0.04735931009054184
Epoch 188: loss = 0.0473313108086586
Epoch 189: loss = 0.047303345054388046
Epoch 190: loss = 0.04727541655302048
Epoch 191: loss = 0.047247517853975296
Epoch 192: loss = 0.0472196489572525
Epoch 193: loss = 0.04719182103872299
Epoch 194: loss = 0.04716402292251587
Epoch 195: loss = 0.047136254608631134
Epoch 196: loss = 0.04710851609706879
Epoch 197: loss = 0.047080814838409424
Epoch 198: loss = 0.04705314338207245
Epoch 199: loss = 0.04702550917863846
Epoch 200: loss = 0.046997904777526855
Epoch 201: loss = 0.04697033390402794
Epoch 202: loss = 0.04694279283285141
Epoch 203: loss = 0.04691528528928757
Epoch 204: loss = 0.04688781127333641
Epoch 205: loss = 0.04686037078499794
Epoch 206: loss = 0.04683296009898186
Epoch 207: loss = 0.04680558294057846
Epoch 208: loss = 0.04677823930978775
Epoch 209: loss = 0.04675092548131943
Epoch 210: loss = 0.04672364145517349
Epoch 211: loss = 0.04669639468193054
Epoch 212: loss = 0.04666917771100998
Epoch 213: loss = 0.0466419942677021
Epoch 214: loss = 0.046614840626716614
Epoch 215: loss = 0.04658772051334381
Epoch 216: loss = 0.046560630202293396
Epoch 217: loss = 0.04653357341885567
Epoch 218: loss = 0.046506550163030624
Epoch 219: loss = 0.04647955670952797
Epoch 220: loss = 0.046452596783638
Epoch 221: loss = 0.04642566293478012
Epoch 222: loss = 0.046398766338825226
Epoch 223: loss = 0.04637189954519272
Epoch 224: loss = 0.0463450662791729
Epoch 225: loss = 0.046318262815475464
Epoch 226: loss = 0.04629149287939072
Epoch 227: loss = 0.04626475274562836
Epoch 228: loss = 0.046238042414188385
Epoch 229: loss = 0.0462113693356514
Epoch 230: loss = 0.0461847186088562
Epoch 231: loss = 0.04615810886025429
Epoch 232: loss = 0.046131525188684464
Epoch 233: loss = 0.046104975044727325
Epoch 234: loss = 0.04607845097780228
Epoch 235: loss = 0.046051960438489914
Epoch 236: loss = 0.046025507152080536
Epoch 237: loss = 0.04599907994270325
Epoch 238: loss = 0.045972682535648346
Epoch 239: loss = 0.04594631493091583
Epoch 240: loss = 0.045919984579086304
Epoch 241: loss = 0.04589368402957916
Epoch 242: loss = 0.04586741328239441
Epoch 243: loss = 0.04584117233753204
Epoch 244: loss = 0.045814961194992065
Epoch 245: loss = 0.045788779854774475
Epoch 246: loss = 0.04576263576745987
Epoch 247: loss = 0.045736514031887054
Epoch 248: loss = 0.045710429549217224
Epoch 249: loss = 0.04568437486886978
Epoch 250: loss = 0.04565834626555443
Epoch 251: loss = 0.04563235491514206
Epoch 252: loss = 0.04560639336705208
Epoch 253: loss = 0.045580457895994186
Epoch 254: loss = 0.04555455595254898
Epoch 255: loss = 0.04552868381142616
Epoch 256: loss = 0.04550284147262573
Epoch 257: loss = 0.04547702893614769
Epoch 258: loss = 0.04545124992728233
Epoch 259: loss = 0.045425500720739365
Epoch 260: loss = 0.045399777591228485
Epoch 261: loss = 0.04537408798933029
Epoch 262: loss = 0.045348428189754486
Epoch 263: loss = 0.04532279819250107
Epoch 264: loss = 0.04529719799757004
Epoch 265: loss = 0.04527163505554199
Epoch 266: loss = 0.04524609446525574
Epoch 267: loss = 0.04522058367729187
Epoch 268: loss = 0.04519510269165039
Epoch 269: loss = 0.045169658958911896
Epoch 270: loss = 0.04514423757791519
Epoch 271: loss = 0.045118845999240875
Epoch 272: loss = 0.045093487948179245
Epoch 273: loss = 0.04506815969944
Epoch 274: loss = 0.04504285752773285
Epoch 275: loss = 0.04501758888363838
Epoch 276: loss = 0.0449923500418663
Epoch 277: loss = 0.04496714100241661
Epoch 278: loss = 0.04494195803999901
Epoch 279: loss = 0.04491680860519409
Epoch 280: loss = 0.04489168897271156
Epoch 281: loss = 0.044866595417261124
Epoch 282: loss = 0.04484153166413307
Epoch 283: loss = 0.04481649771332741
Epoch 284: loss = 0.04479149729013443
Epoch 285: loss = 0.04476652294397354
Epoch 286: loss = 0.04474158212542534
Epoch 287: loss = 0.04471666365861893
Epoch 288: loss = 0.0446917787194252
Epoch 289: loss = 0.044666923582553864
Epoch 290: loss = 0.04464209824800491
Epoch 291: loss = 0.044617295265197754
Epoch 292: loss = 0.04459252953529358
Epoch 293: loss = 0.04456779360771179
Epoch 294: loss = 0.044543080031871796
Epoch 295: loss = 0.04451839625835419
Epoch 296: loss = 0.04449374973773956
Epoch 297: loss = 0.04446912556886673
Epoch 298: loss = 0.044444531202316284
Epoch 299: loss = 0.04441996291279793
Epoch 300: loss = 0.04439542442560196
Epoch 301: loss = 0.04437091946601868
Epoch 302: loss = 0.04434644430875778
Epoch 303: loss = 0.04432199150323868
Epoch 304: loss = 0.04429756850004196
Epoch 305: loss = 0.04427317902445793
Epoch 306: loss = 0.04424881190061569
Epoch 307: loss = 0.04422447830438614
Epoch 308: loss = 0.04420017451047897
Epoch 309: loss = 0.0441758930683136
Epoch 310: loss = 0.04415164887905121
Epoch 311: loss = 0.04412742704153061
Epoch 312: loss = 0.0441032350063324
Epoch 313: loss = 0.044079072773456573
Epoch 314: loss = 0.04405494034290314
Epoch 315: loss = 0.04403083026409149
Epoch 316: loss = 0.044006749987602234
Epoch 317: loss = 0.04398270323872566
Epoch 318: loss = 0.04395867884159088
Epoch 319: loss = 0.04393468797206879
Epoch 320: loss = 0.04391072317957878
Epoch 321: loss = 0.04388678818941116
Epoch 322: loss = 0.043862879276275635
Epoch 323: loss = 0.043839000165462494
Epoch 324: loss = 0.043815143406391144
Epoch 325: loss = 0.04379132390022278
Epoch 326: loss = 0.043767526745796204
Epoch 327: loss = 0.04374375939369202
Epoch 328: loss = 0.04372001811861992
Epoch 329: loss = 0.04369630664587021
Epoch 330: loss = 0.04367262125015259
Epoch 331: loss = 0.043648965656757355
Epoch 332: loss = 0.04362533614039421
Epoch 333: loss = 0.043601736426353455
Epoch 334: loss = 0.04357816278934479
Epoch 335: loss = 0.04355461895465851
Epoch 336: loss = 0.04353109747171402
Epoch 337: loss = 0.04350760951638222
Epoch 338: loss = 0.043484147638082504
Epoch 339: loss = 0.04346071183681488
Epoch 340: loss = 0.043437305837869644
Epoch 341: loss = 0.043413929641246796
Epoch 342: loss = 0.043390579521656036
Epoch 343: loss = 0.04336725175380707
Epoch 344: loss = 0.04334395378828049
Epoch 345: loss = 0.043320685625076294
Epoch 346: loss = 0.04329744353890419
Epoch 347: loss = 0.043274227529764175
Epoch 348: loss = 0.04325104132294655
Epoch 349: loss = 0.04322788119316101
Epoch 350: loss = 0.04320475086569786
Epoch 351: loss = 0.0431816428899765
Epoch 352: loss = 0.04315856471657753
Epoch 353: loss = 0.043135516345500946
Epoch 354: loss = 0.04311249032616615
Epoch 355: loss = 0.04308949410915375
Epoch 356: loss = 0.04306652396917343
Epoch 357: loss = 0.043043579906225204
Epoch 358: loss = 0.043020665645599365
Epoch 359: loss = 0.04299777373671532
Epoch 360: loss = 0.042974911630153656
Epoch 361: loss = 0.04295207932591438
Epoch 362: loss = 0.0429292730987072
Epoch 363: loss = 0.042906492948532104
Epoch 364: loss = 0.0428837388753891
Epoch 365: loss = 0.042861007153987885
Epoch 366: loss = 0.04283830523490906
Epoch 367: loss = 0.04281563311815262
Epoch 368: loss = 0.04279298707842827
Epoch 369: loss = 0.04277036339044571
Epoch 370: loss = 0.042747773230075836
Epoch 371: loss = 0.042725205421447754
Epoch 372: loss = 0.04270265996456146
Epoch 373: loss = 0.04268014803528786
Epoch 374: loss = 0.04265766218304634
Epoch 375: loss = 0.042635198682546616
Epoch 376: loss = 0.04261276125907898
Epoch 377: loss = 0.04259035736322403
Epoch 378: loss = 0.04256797209382057
Epoch 379: loss = 0.0425456166267395
Epoch 380: loss = 0.04252328723669052
Epoch 381: loss = 0.04250098392367363
Epoch 382: loss = 0.042478710412979126
Epoch 383: loss = 0.042456455528736115
Epoch 384: loss = 0.04243423044681549
Epoch 385: loss = 0.042412035167217255
Epoch 386: loss = 0.04238986223936081
Epoch 387: loss = 0.04236771911382675
Epoch 388: loss = 0.042345594614744186
Epoch 389: loss = 0.04232349991798401
Epoch 390: loss = 0.04230143129825592
Epoch 391: loss = 0.04227939248085022
Epoch 392: loss = 0.04225737601518631
Epoch 393: loss = 0.04223538562655449
Epoch 394: loss = 0.04221342131495476
Epoch 395: loss = 0.042191483080387115
Epoch 396: loss = 0.04216957092285156
Epoch 397: loss = 0.0421476811170578
Epoch 398: loss = 0.042125821113586426
Epoch 399: loss = 0.04210398718714714
Epoch 400: loss = 0.042082179337739944
Epoch 401: loss = 0.04206039384007454
Epoch 402: loss = 0.04203863441944122
Epoch 403: loss = 0.042016901075839996
Epoch 404: loss = 0.04199519753456116
Epoch 405: loss = 0.04197351634502411
Epoch 406: loss = 0.04195185750722885
Epoch 407: loss = 0.04193022847175598
Epoch 408: loss = 0.0419086217880249
Epoch 409: loss = 0.04188704490661621
Epoch 410: loss = 0.04186549037694931
Epoch 411: loss = 0.0418439581990242
Epoch 412: loss = 0.04182245582342148
Epoch 413: loss = 0.04180097579956055
Epoch 414: loss = 0.041779525578022
Epoch 415: loss = 0.04175809770822525
Epoch 416: loss = 0.04173669591546059
Epoch 417: loss = 0.041715316474437714
Epoch 418: loss = 0.04169396311044693
Epoch 419: loss = 0.041672639548778534
Epoch 420: loss = 0.04165133833885193
Epoch 421: loss = 0.04163006320595741
Epoch 422: loss = 0.04160881042480469
Epoch 423: loss = 0.04158757999539375
Epoch 424: loss = 0.041566379368305206
Epoch 425: loss = 0.04154520481824875
Epoch 426: loss = 0.04152405261993408
Epoch 427: loss = 0.041502926498651505
Epoch 428: loss = 0.04148182272911072
Epoch 429: loss = 0.04146074876189232
Epoch 430: loss = 0.04143969342112541
Epoch 431: loss = 0.041418664157390594
Epoch 432: loss = 0.041397660970687866
Epoch 433: loss = 0.041376687586307526
Epoch 434: loss = 0.04135572910308838
Epoch 435: loss = 0.04133480042219162
Epoch 436: loss = 0.04131390154361725
Epoch 437: loss = 0.04129301756620407
Epoch 438: loss = 0.04127216339111328
Epoch 439: loss = 0.04125133529305458
Epoch 440: loss = 0.04123052954673767
Epoch 441: loss = 0.04120974615216255
Epoch 442: loss = 0.04118898883461952
Epoch 443: loss = 0.04116825759410858
Epoch 444: loss = 0.04114754870533943
Epoch 445: loss = 0.04112686589360237
Epoch 446: loss = 0.0411062054336071
Epoch 447: loss = 0.04108557105064392
Epoch 448: loss = 0.04106495901942253
Epoch 449: loss = 0.04104437306523323
Epoch 450: loss = 0.04102381318807602
Epoch 451: loss = 0.0410032756626606
Epoch 452: loss = 0.04098276048898697
Epoch 453: loss = 0.04096227139234543
Epoch 454: loss = 0.04094180464744568
Epoch 455: loss = 0.04092136025428772
Epoch 456: loss = 0.04090094566345215
Epoch 457: loss = 0.04088055342435837
Epoch 458: loss = 0.04086018353700638
Epoch 459: loss = 0.04083983972668648
Epoch 460: loss = 0.04081951826810837
Epoch 461: loss = 0.04079921916127205
Epoch 462: loss = 0.04077894613146782
Epoch 463: loss = 0.04075869545340538
Epoch 464: loss = 0.04073847085237503
Epoch 465: loss = 0.04071826487779617
Epoch 466: loss = 0.0406980887055397
Epoch 467: loss = 0.040677934885025024
Epoch 468: loss = 0.040657803416252136
Epoch 469: loss = 0.04063769802451134
Epoch 470: loss = 0.04061761498451233
Epoch 471: loss = 0.04059755057096481
Epoch 472: loss = 0.040577515959739685
Epoch 473: loss = 0.04055750370025635
Epoch 474: loss = 0.0405375137925148
Epoch 475: loss = 0.040517549961805344
Epoch 476: loss = 0.04049760848283768
Epoch 477: loss = 0.0404776893556118
Epoch 478: loss = 0.040457792580127716
Early stopping at epoch 478 with loss 0.04055750370025635
Reconstruction for fluence = 17.95714494371641 photons/pixel
Epoch 0: loss = 0.06406961381435394
Epoch 1: loss = 0.06401519477367401
Epoch 2: loss = 0.029510628432035446
Epoch 3: loss = 0.0287257581949234
Epoch 4: loss = 0.0287257581949234
Epoch 5: loss = 0.0287257581949234
Epoch 6: loss = 0.0287257581949234
Epoch 7: loss = 0.0287257581949234
Epoch 8: loss = 0.0287257581949234
Early stopping at epoch 8 with loss 0.0287257581949234
Reconstruction for fluence = 23.598334667821938 photons/pixel
Epoch 0: loss = 0.07608956098556519
Epoch 1: loss = 0.03446761891245842
Epoch 2: loss = 0.03446747735142708
Epoch 3: loss = 0.03446747735142708
Epoch 4: loss = 0.03446747735142708
Epoch 5: loss = 0.03446747735142708
Epoch 6: loss = 0.03446747735142708
Early stopping at epoch 6 with loss 0.03446761891245842
Reconstruction for fluence = 31.011689265747787 photons/pixel
Epoch 0: loss = 0.08881660550832748
Epoch 1: loss = 0.04044920951128006
Epoch 2: loss = 0.04044920951128006
Epoch 3: loss = 0.04044920951128006
Epoch 4: loss = 0.04044920951128006
Epoch 5: loss = 0.04044920951128006
Epoch 6: loss = 0.04044920951128006
Early stopping at epoch 6 with loss 0.04044920951128006
Reconstruction for fluence = 40.75392965871778 photons/pixel
Epoch 0: loss = 0.10229122638702393
Epoch 1: loss = 0.04620465636253357
Epoch 2: loss = 0.04620465636253357
Epoch 3: loss = 0.04620465636253357
Epoch 4: loss = 0.04620465636253357
Epoch 5: loss = 0.04620465636253357
Epoch 6: loss = 0.04620465636253357
Early stopping at epoch 6 with loss 0.04620465636253357
Reconstruction for fluence = 53.55666917706902 photons/pixel
Epoch 0: loss = 0.11580033600330353
Epoch 1: loss = 0.05121071636676788
Epoch 2: loss = 0.05121071636676788
Epoch 3: loss = 0.05121071636676788
Epoch 4: loss = 0.05121071636676788
Epoch 5: loss = 0.05121071636676788
Epoch 6: loss = 0.05121071636676788
Early stopping at epoch 6 with loss 0.05121071636676788
Reconstruction for fluence = 70.38135554931554 photons/pixel
Epoch 0: loss = 0.12959957122802734
Epoch 1: loss = 0.05512446165084839
Epoch 2: loss = 0.05512446165084839
Epoch 3: loss = 0.05512446165084839
Epoch 4: loss = 0.05512446165084839
Epoch 5: loss = 0.05512446165084839
Epoch 6: loss = 0.05512446165084839
Early stopping at epoch 6 with loss 0.05512446165084839
Reconstruction for fluence = 92.49147277217335 photons/pixel
Epoch 0: loss = 0.14404642581939697
Epoch 1: loss = 0.057509370148181915
Epoch 2: loss = 0.057509370148181915
Epoch 3: loss = 0.057509370148181915
Epoch 4: loss = 0.057509370148181915
Epoch 5: loss = 0.057509370148181915
Epoch 6: loss = 0.057509370148181915
Early stopping at epoch 6 with loss 0.057509370148181915
Reconstruction for fluence = 121.54742500762872 photons/pixel
Epoch 0: loss = 0.16066113114356995
Epoch 1: loss = 0.06017499789595604
Epoch 2: loss = 0.05864943563938141
Epoch 3: loss = 0.05864943563938141
Epoch 4: loss = 0.05864943563938141
Epoch 5: loss = 0.05864943563938141
Epoch 6: loss = 0.05864943563938141
Epoch 7: loss = 0.05864943563938141
Early stopping at epoch 7 with loss 0.05864943563938141
Reconstruction for fluence = 159.7312280060254 photons/pixel
Epoch 0: loss = 0.18125730752944946
Epoch 1: loss = 0.06061713397502899
Epoch 2: loss = 0.058926597237586975
Epoch 3: loss = 0.058926597237586975
Epoch 4: loss = 0.058926597237586975
Epoch 5: loss = 0.058926597237586975
Epoch 6: loss = 0.058926597237586975
Epoch 7: loss = 0.058926597237586975
Early stopping at epoch 7 with loss 0.058926597237586975
Reconstruction for fluence = 209.91037201085544 photons/pixel
Epoch 0: loss = 0.20886491239070892
Epoch 1: loss = 0.05927415192127228
Epoch 2: loss = 0.059258680790662766
Epoch 3: loss = 0.059258680790662766
Epoch 4: loss = 0.059258680790662766
Epoch 5: loss = 0.059258680790662766
Epoch 6: loss = 0.059258680790662766
Early stopping at epoch 6 with loss 0.05927415192127228
Reconstruction for fluence = 275.8531617629184 photons/pixel
Epoch 0: loss = 0.2475261390209198
Epoch 1: loss = 0.060441646724939346
Epoch 2: loss = 0.060441646724939346
Epoch 3: loss = 0.060441646724939346
Epoch 4: loss = 0.060441646724939346
Epoch 5: loss = 0.060441646724939346
Epoch 6: loss = 0.060441646724939346
Early stopping at epoch 6 with loss 0.060441646724939346
Reconstruction for fluence = 362.51170499885353 photons/pixel
Epoch 0: loss = 0.30073630809783936
Epoch 1: loss = 0.06284750998020172
Epoch 2: loss = 0.06284747272729874
Epoch 3: loss = 0.06284747272729874
Epoch 4: loss = 0.06284747272729874
Epoch 5: loss = 0.06284747272729874
Epoch 6: loss = 0.06284747272729874
Early stopping at epoch 6 with loss 0.06284750998020172
Reconstruction for fluence = 476.39380104013406 photons/pixel
Epoch 0: loss = 0.3732713460922241
Epoch 1: loss = 0.06692692637443542
Epoch 2: loss = 0.06672601401805878
Epoch 3: loss = 0.06672601401805878
Epoch 4: loss = 0.06672601401805878
Epoch 5: loss = 0.06672601401805878
Epoch 6: loss = 0.06672601401805878
Epoch 7: loss = 0.06672601401805878
Early stopping at epoch 7 with loss 0.06672601401805878
Reconstruction for fluence = 626.0516572014822 photons/pixel
Epoch 0: loss = 0.47069862484931946
Epoch 1: loss = 0.238730326294899
Epoch 2: loss = 0.07213716208934784
Epoch 3: loss = 0.0721200555562973
Epoch 4: loss = 0.0721200555562973
Epoch 5: loss = 0.0721200555562973
Epoch 6: loss = 0.0721200555562973
Epoch 7: loss = 0.0721200555562973
Early stopping at epoch 7 with loss 0.07213716208934784
Reconstruction for fluence = 822.7241341700474 photons/pixel
Epoch 0: loss = 0.5998261570930481
Epoch 1: loss = 0.1250515729188919
Epoch 2: loss = 0.07876548916101456
Epoch 3: loss = 0.0787648856639862
Epoch 4: loss = 0.0787648856639862
Epoch 5: loss = 0.0787648856639862
Epoch 6: loss = 0.0787648856639862
Epoch 7: loss = 0.0787648856639862
Early stopping at epoch 7 with loss 0.07876548916101456
Reconstruction for fluence = 1081.1807510766077 photons/pixel
Epoch 0: loss = 0.7707162499427795
Epoch 1: loss = 0.11436111479997635
Epoch 2: loss = 0.08644845336675644
Epoch 3: loss = 0.08644845336675644
Epoch 4: loss = 0.08644844591617584
Epoch 5: loss = 0.08644844591617584
Epoch 6: loss = 0.08644844591617584
Epoch 7: loss = 0.08644844591617584
Early stopping at epoch 7 with loss 0.08644845336675644
Reconstruction for fluence = 1420.8308325339237 photons/pixel
Epoch 0: loss = 0.9955919981002808
Epoch 1: loss = 0.18628400564193726
Epoch 2: loss = 0.09520119428634644
Epoch 3: loss = 0.09519901871681213
Epoch 4: loss = 0.09519901871681213
Epoch 5: loss = 0.09519901871681213
Epoch 6: loss = 0.09519901871681213
Epoch 7: loss = 0.09519901871681213
Early stopping at epoch 7 with loss 0.09520119428634644
Reconstruction for fluence = 1867.1810912919207 photons/pixel
Epoch 0: loss = 1.291736364364624
Epoch 1: loss = 0.23512673377990723
Epoch 2: loss = 0.1049099713563919
Epoch 3: loss = 0.10490933060646057
Epoch 4: loss = 0.10490933060646057
Epoch 5: loss = 0.10490933060646057
Epoch 6: loss = 0.10490933060646057
Epoch 7: loss = 0.10490933060646057
Early stopping at epoch 7 with loss 0.1049099713563919
Reconstruction for fluence = 2453.7511066398165 photons/pixel
Epoch 0: loss = 1.6818329095840454
Epoch 1: loss = 0.17812839150428772
Epoch 2: loss = 0.11573479324579239
Epoch 3: loss = 0.11573465913534164
Epoch 4: loss = 0.11573465913534164
Epoch 5: loss = 0.11573465913534164
Epoch 6: loss = 0.11573465913534164
Epoch 7: loss = 0.11573465913534164
Early stopping at epoch 7 with loss 0.11573479324579239
Reconstruction for fluence = 3224.5905452963975 photons/pixel
Epoch 0: loss = 2.1931824684143066
Epoch 1: loss = 0.12737199664115906
Epoch 2: loss = 0.12721064686775208
Epoch 3: loss = 0.1272106170654297
Epoch 4: loss = 0.1272106170654297
Epoch 5: loss = 0.1272106170654297
Epoch 6: loss = 0.1272106170654297
Epoch 7: loss = 0.1272106170654297
Early stopping at epoch 7 with loss 0.12721064686775208
Reconstruction for fluence = 4237.587160604064 photons/pixel
Epoch 0: loss = 2.8661816120147705
Epoch 1: loss = 0.13979655504226685
Epoch 2: loss = 0.13978907465934753
Epoch 3: loss = 0.13978907465934753
Epoch 4: loss = 0.13978907465934753
Epoch 5: loss = 0.13978907465934753
Epoch 6: loss = 0.13978907465934753
Early stopping at epoch 6 with loss 0.13979655504226685
Reconstruction for fluence = 5568.813990945267 photons/pixel
Epoch 0: loss = 3.7512128353118896
Epoch 1: loss = 0.15312115848064423
Epoch 2: loss = 0.15311825275421143
Epoch 3: loss = 0.15311825275421143
Epoch 4: loss = 0.15311823785305023
Epoch 5: loss = 0.15311823785305023
Epoch 6: loss = 0.15311823785305023
Early stopping at epoch 6 with loss 0.15312115848064423
Reconstruction for fluence = 7318.242219076182 photons/pixel
Epoch 0: loss = 4.915036201477051
Epoch 1: loss = 0.1669597625732422
Epoch 2: loss = 0.1669585257768631
Epoch 3: loss = 0.1669585257768631
Epoch 4: loss = 0.1669585257768631
Epoch 5: loss = 0.1669585257768631
Epoch 6: loss = 0.1669585257768631
Early stopping at epoch 6 with loss 0.1669597625732422
Reconstruction for fluence = 9617.248711152963 photons/pixel
Epoch 0: loss = 6.442755222320557
Epoch 1: loss = 0.18136100471019745
Epoch 2: loss = 0.1813601404428482
Epoch 3: loss = 0.1813601404428482
Epoch 4: loss = 0.1813601404428482
Epoch 5: loss = 0.1813601404428482
Epoch 6: loss = 0.1813601404428482
Early stopping at epoch 6 with loss 0.18136100471019745
Reconstruction for fluence = 12638.482029342971 photons/pixel
Epoch 0: loss = 8.451656341552734
Epoch 1: loss = 0.19588318467140198
Epoch 2: loss = 0.19588249921798706
Epoch 3: loss = 0.19588249921798706
Epoch 4: loss = 0.19588249921798706
Epoch 5: loss = 0.19588248431682587
Epoch 6: loss = 0.19588248431682587
Early stopping at epoch 6 with loss 0.19588318467140198
Reconstruction for fluence = 16608.827826277167 photons/pixel
Epoch 0: loss = 11.091546058654785
Epoch 1: loss = 0.21065974235534668
Epoch 2: loss = 0.21065905690193176
Epoch 3: loss = 0.21065905690193176
Epoch 4: loss = 0.21065905690193176
Epoch 5: loss = 0.21065905690193176
Epoch 6: loss = 0.21065905690193176
Early stopping at epoch 6 with loss 0.21065974235534668
Reconstruction for fluence = 21826.44728397487 photons/pixel
Epoch 0: loss = 14.559013366699219
Epoch 1: loss = 0.22487390041351318
Epoch 2: loss = 0.22487270832061768
Epoch 3: loss = 0.22487270832061768
Epoch 4: loss = 0.22487269341945648
Epoch 5: loss = 0.22487269341945648
Epoch 6: loss = 0.22487269341945648
Early stopping at epoch 6 with loss 0.22487390041351318
Reconstruction for fluence = 28683.168133420146 photons/pixel
Epoch 0: loss = 19.116151809692383
Epoch 1: loss = 0.2382516860961914
Epoch 2: loss = 0.2382500022649765
Epoch 3: loss = 0.2382500022649765
Epoch 4: loss = 0.2382499873638153
Epoch 5: loss = 0.2382499873638153
Epoch 6: loss = 0.2382499873638153
Early stopping at epoch 6 with loss 0.2382516860961914
Reconstruction for fluence = 37693.90975388363 photons/pixel
Epoch 0: loss = 25.10735321044922
Epoch 1: loss = 0.25045347213745117
Epoch 2: loss = 0.25045233964920044
Epoch 3: loss = 0.25045230984687805
Epoch 4: loss = 0.25045230984687805
Epoch 5: loss = 0.25045230984687805
Epoch 6: loss = 0.25045230984687805
Early stopping at epoch 6 with loss 0.25045347213745117
Reconstruction for fluence = 49535.3520895917 photons/pixel
Epoch 0: loss = 32.9792366027832
Epoch 1: loss = 0.2614750862121582
Epoch 2: loss = 0.26147276163101196
Epoch 3: loss = 0.26147276163101196
Epoch 4: loss = 0.26147276163101196
Epoch 5: loss = 0.26147276163101196
Epoch 6: loss = 0.26147276163101196
Early stopping at epoch 6 with loss 0.2614750862121582
Reconstruction for fluence = 65096.75230458177 photons/pixel
Epoch 0: loss = 43.324989318847656
Epoch 1: loss = 0.2709699273109436
Epoch 2: loss = 0.27096879482269287
Epoch 3: loss = 0.2709687352180481
Epoch 4: loss = 0.2709686756134033
Epoch 5: loss = 0.2709686756134033
Epoch 6: loss = 0.2709686756134033
Early stopping at epoch 6 with loss 0.2709699273109436
Reconstruction for fluence = 85546.72535565685 photons/pixel
Epoch 0: loss = 56.92070007324219
Epoch 1: loss = 0.2785758376121521
Epoch 2: loss = 0.27857428789138794
Epoch 3: loss = 0.27857425808906555
Epoch 4: loss = 0.27857425808906555
Epoch 5: loss = 0.27857425808906555
Epoch 6: loss = 0.27857425808906555
Early stopping at epoch 6 with loss 0.2785758376121521
Reconstruction for fluence = 112421.00350620861 photons/pixel
Epoch 0: loss = 74.77986145019531
Epoch 1: loss = 0.2847176194190979
Epoch 2: loss = 0.28471583127975464
Epoch 3: loss = 0.28471577167510986
Epoch 4: loss = 0.28471577167510986
Epoch 5: loss = 0.28471577167510986
Epoch 6: loss = 0.28471577167510986
Early stopping at epoch 6 with loss 0.2847176194190979
Reconstruction for fluence = 147737.76525985127 photons/pixel
Epoch 0: loss = 98.25971984863281
Epoch 1: loss = 0.28884100914001465
Epoch 2: loss = 0.28883910179138184
Epoch 3: loss = 0.28883904218673706
Epoch 4: loss = 0.28883904218673706
Epoch 5: loss = 0.28883904218673706
Epoch 6: loss = 0.28883904218673706
Early stopping at epoch 6 with loss 0.28884100914001465
Reconstruction for fluence = 194149.19457438815 photons/pixel
Epoch 0: loss = 129.11114501953125
Epoch 1: loss = 0.2914547026157379
Epoch 2: loss = 0.291437566280365
Epoch 3: loss = 0.291437566280365
Epoch 4: loss = 0.291437566280365
Epoch 5: loss = 0.291437566280365
Epoch 6: loss = 0.291437566280365
Early stopping at epoch 6 with loss 0.2914547026157379
Reconstruction for fluence = 255140.65200312875 photons/pixel
Epoch 0: loss = 169.6573486328125
Epoch 1: loss = 0.29270368814468384
Epoch 2: loss = 0.2926958203315735
Epoch 3: loss = 0.29269570112228394
Epoch 4: loss = 0.29269570112228394
Epoch 5: loss = 0.29269570112228394
Epoch 6: loss = 0.29269570112228394
Early stopping at epoch 6 with loss 0.29270368814468384
Reconstruction for fluence = 335292.414924956 photons/pixel
Epoch 0: loss = 222.9457244873047
Epoch 1: loss = 0.29231202602386475
Epoch 2: loss = 0.2923017144203186
Epoch 3: loss = 0.29230165481567383
Epoch 4: loss = 0.29230165481567383
Epoch 5: loss = 0.29230165481567383
Epoch 6: loss = 0.29230165481567383
Early stopping at epoch 6 with loss 0.29231202602386475
Reconstruction for fluence = 440623.64277735725 photons/pixel
Epoch 0: loss = 292.9781494140625
Epoch 1: loss = 0.2909242510795593
Epoch 2: loss = 0.29091596603393555
Epoch 3: loss = 0.29091590642929077
Epoch 4: loss = 0.29091590642929077
Epoch 5: loss = 0.29091590642929077
Epoch 6: loss = 0.2909158766269684
Early stopping at epoch 6 with loss 0.2909242510795593
Reconstruction for fluence = 579044.3980602483 photons/pixel
Epoch 0: loss = 384.9928894042969
Epoch 1: loss = 0.2885611653327942
Epoch 2: loss = 0.28855305910110474
Epoch 3: loss = 0.28855305910110474
Epoch 4: loss = 0.28855305910110474
Epoch 5: loss = 0.28855305910110474
Epoch 6: loss = 0.28855305910110474
Early stopping at epoch 6 with loss 0.2885611653327942
Reconstruction for fluence = 760949.6685459884 photons/pixel
Epoch 0: loss = 505.926513671875
Epoch 1: loss = 0.2856827974319458
Epoch 2: loss = 0.28565722703933716
Epoch 3: loss = 0.28565722703933716
Epoch 4: loss = 0.28565719723701477
Epoch 5: loss = 0.28565719723701477
Epoch 6: loss = 0.28565719723701477
Early stopping at epoch 6 with loss 0.2856827974319458
Reconstruction for fluence = 1000000.0 photons/pixel
Epoch 0: loss = 664.85595703125
Epoch 1: loss = 0.2824859619140625
Epoch 2: loss = 0.28235405683517456
Epoch 3: loss = 0.28235405683517456
Epoch 4: loss = 0.28235405683517456
Epoch 5: loss = 0.28235405683517456
Epoch 6: loss = 0.28235405683517456
Epoch 7: loss = 0.28235405683517456
Early stopping at epoch 7 with loss 0.28235405683517456
Tensors initialization on device cuda
Multiprobe = None

('MSE', 'PoissonNLL') RECONSTRUCTIONS

Reconstruction for fluence = 0.09999999999999999 photons/pixel
Epoch 0: loss = 0.0006319156964309514
Epoch 1: loss = 0.0006319156964309514
Epoch 2: loss = 0.0006319156964309514
Epoch 3: loss = 0.0006319156964309514
Epoch 4: loss = 0.0006319156964309514
Epoch 5: loss = 0.0006319156964309514
Early stopping at epoch 5 with loss 0.0006319156964309514
Epoch 0: loss = 0.0017723017372190952
Epoch 1: loss = 0.0017723017372190952
Epoch 2: loss = 0.0017723017372190952
Epoch 3: loss = 0.0017723017372190952
Epoch 4: loss = 0.0017723017372190952
Epoch 5: loss = 0.0017723017372190952
Early stopping at epoch 5 with loss 0.0017723017372190952
Reconstruction for fluence = 0.13141473626117564 photons/pixel
Epoch 0: loss = 0.0008312305435538292
Epoch 1: loss = 0.0008312305435538292
Epoch 2: loss = 0.0008312305435538292
Epoch 3: loss = 0.0008312305435538292
Epoch 4: loss = 0.0008312305435538292
Epoch 5: loss = 0.0008312305435538292
Early stopping at epoch 5 with loss 0.0008312305435538292
Epoch 0: loss = 0.002276115119457245
Epoch 1: loss = 0.002276115119457245
Epoch 2: loss = 0.002276115119457245
Epoch 3: loss = 0.002276115119457245
Epoch 4: loss = 0.002276115119457245
Epoch 5: loss = 0.002276115119457245
Early stopping at epoch 5 with loss 0.002276115119457245
Reconstruction for fluence = 0.1726983290659435 photons/pixel
Epoch 0: loss = 0.0010883724316954613
Epoch 1: loss = 0.0010883724316954613
Epoch 2: loss = 0.0010883724316954613
Epoch 3: loss = 0.0010883724316954613
Epoch 4: loss = 0.0010883724316954613
Epoch 5: loss = 0.0010883724316954613
Early stopping at epoch 5 with loss 0.0010883724316954613
Epoch 0: loss = 0.0029111027251929045
Epoch 1: loss = 0.0029111027251929045
Epoch 2: loss = 0.0029111027251929045
Epoch 3: loss = 0.0029111027251929045
Epoch 4: loss = 0.0029111027251929045
Epoch 5: loss = 0.0029111027251929045
Early stopping at epoch 5 with loss 0.0029111027251929045
Reconstruction for fluence = 0.22695105366946683 photons/pixel
Epoch 0: loss = 0.0014096945524215698
Epoch 1: loss = 0.0014096945524215698
Epoch 2: loss = 0.0014096945524215698
Epoch 3: loss = 0.0014096945524215698
Epoch 4: loss = 0.0014096945524215698
Epoch 5: loss = 0.0014096945524215698
Early stopping at epoch 5 with loss 0.0014096945524215698
Epoch 0: loss = 0.003624239005148411
Epoch 1: loss = 0.003624239005148411
Epoch 2: loss = 0.003624239005148411
Epoch 3: loss = 0.003624239005148411
Epoch 4: loss = 0.003624239005148411
Epoch 5: loss = 0.003624239005148411
Early stopping at epoch 5 with loss 0.003624239005148411
Reconstruction for fluence = 0.2982471286216891 photons/pixel
Epoch 0: loss = 0.0018364861607551575
Epoch 1: loss = 0.0018364561256021261
Epoch 2: loss = 0.0018364258576184511
Epoch 3: loss = 0.0018363958224654198
Epoch 4: loss = 0.0018363655544817448
Epoch 5: loss = 0.0018363352864980698
Early stopping at epoch 5 with loss 0.0018364861607551575
Epoch 0: loss = 0.004615067970007658
Epoch 1: loss = 0.004615067970007658
Epoch 2: loss = 0.004615067970007658
Epoch 3: loss = 0.004615067970007658
Epoch 4: loss = 0.004615067970007658
Epoch 5: loss = 0.004615067970007658
Early stopping at epoch 5 with loss 0.004615067970007658
Reconstruction for fluence = 0.3919406774847219 photons/pixel
Epoch 0: loss = 0.002404845552518964
Epoch 1: loss = 0.0024047931656241417
Epoch 2: loss = 0.002404741244390607
Epoch 3: loss = 0.0024046890903264284
Epoch 4: loss = 0.0024046371690928936
Epoch 5: loss = 0.002404585015028715
Early stopping at epoch 5 with loss 0.002404845552518964
Epoch 0: loss = 0.005950593389570713
Epoch 1: loss = 0.005950593389570713
Epoch 2: loss = 0.005950593389570713
Epoch 3: loss = 0.005950593389570713
Epoch 4: loss = 0.005950593389570713
Epoch 5: loss = 0.005950593389570713
Early stopping at epoch 5 with loss 0.005950593389570713
Reconstruction for fluence = 0.5150678076168124 photons/pixel
Epoch 0: loss = 0.003111588302999735
Epoch 1: loss = 0.003111499361693859
Epoch 2: loss = 0.0031114104203879833
Epoch 3: loss = 0.003111321711912751
Epoch 4: loss = 0.003111233003437519
Epoch 5: loss = 0.0031111440621316433
Early stopping at epoch 5 with loss 0.003111588302999735
Epoch 0: loss = 0.007417780347168446
Epoch 1: loss = 0.007417777553200722
Epoch 2: loss = 0.00741773284971714
Epoch 3: loss = 0.007417499553412199
Epoch 4: loss = 0.0074154082685709
Epoch 5: loss = 0.007408101111650467
Early stopping at epoch 5 with loss 0.007417780347168446
Reconstruction for fluence = 0.6768750009458534 photons/pixel
Epoch 0: loss = 0.004033590666949749
Epoch 1: loss = 0.004033440724015236
Epoch 2: loss = 0.0040332903154194355
Epoch 3: loss = 0.004033139906823635
Epoch 4: loss = 0.004032989963889122
Epoch 5: loss = 0.004032839555293322
Early stopping at epoch 5 with loss 0.004033590666949749
Epoch 0: loss = 0.009352069348096848
Epoch 1: loss = 0.009351949207484722
Epoch 2: loss = 0.009349273517727852
Epoch 3: loss = 0.009332774206995964
Epoch 4: loss = 0.0088206697255373
Epoch 5: loss = 0.0080925477668643
Epoch 6: loss = 0.0080925477668643
Epoch 7: loss = 0.0080925477668643
Epoch 8: loss = 0.0080925477668643
Epoch 9: loss = 0.0080925477668643
Epoch 10: loss = 0.0080925477668643
Early stopping at epoch 10 with loss 0.0080925477668643
Reconstruction for fluence = 0.8895134973108234 photons/pixel
Epoch 0: loss = 0.0052212015725672245
Epoch 1: loss = 0.005220947787165642
Epoch 2: loss = 0.005220694467425346
Epoch 3: loss = 0.005220441147685051
Epoch 4: loss = 0.0052201878279447556
Epoch 5: loss = 0.00521993450820446
Early stopping at epoch 5 with loss 0.0052212015725672245
Epoch 0: loss = 0.01186144258826971
Epoch 1: loss = 0.01185908168554306
Epoch 2: loss = 0.011818609200417995
Epoch 3: loss = 0.010154284536838531
Epoch 4: loss = 0.010154284536838531
Epoch 5: loss = 0.010154284536838531
Epoch 6: loss = 0.010154284536838531
Epoch 7: loss = 0.010154284536838531
Epoch 8: loss = 0.010154284536838531
Early stopping at epoch 8 with loss 0.010154284536838531
Reconstruction for fluence = 1.1689518164985782 photons/pixel
Epoch 0: loss = 0.006735540926456451
Epoch 1: loss = 0.006735114846378565
Epoch 2: loss = 0.006734688766300678
Epoch 3: loss = 0.006734263151884079
Epoch 4: loss = 0.006733837071806192
Epoch 5: loss = 0.006733411457389593
Early stopping at epoch 5 with loss 0.006735540926456451
Epoch 0: loss = 0.014904219657182693
Epoch 1: loss = 0.014878742396831512
Epoch 2: loss = 0.012659605592489243
Epoch 3: loss = 0.012658381834626198
Epoch 4: loss = 0.012658381834626198
Epoch 5: loss = 0.012658381834626198
Epoch 6: loss = 0.012658381834626198
Epoch 7: loss = 0.012658381834626198
Early stopping at epoch 7 with loss 0.012659605592489243
Reconstruction for fluence = 1.536174946671828 photons/pixel
Epoch 0: loss = 0.008670277893543243
Epoch 1: loss = 0.008669562637805939
Epoch 2: loss = 0.008668850176036358
Epoch 3: loss = 0.008668136782944202
Epoch 4: loss = 0.008667424321174622
Epoch 5: loss = 0.00866671185940504
Early stopping at epoch 5 with loss 0.008670277893543243
Epoch 0: loss = 0.01875254139304161
Epoch 1: loss = 0.017637208104133606
Epoch 2: loss = 0.015783216804265976
Epoch 3: loss = 0.015783216804265976
Epoch 4: loss = 0.015783216804265976
Epoch 5: loss = 0.015783216804265976
Epoch 6: loss = 0.015783216804265976
Epoch 7: loss = 0.015783216804265976
Early stopping at epoch 7 with loss 0.015783216804265976
Reconstruction for fluence = 2.018760254679039 photons/pixel
Epoch 0: loss = 0.011095408350229263
Epoch 1: loss = 0.011094218119978905
Epoch 2: loss = 0.011093027889728546
Epoch 3: loss = 0.011091838590800762
Epoch 4: loss = 0.011090649291872978
Epoch 5: loss = 0.011089459992945194
Early stopping at epoch 5 with loss 0.011095408350229263
Epoch 0: loss = 0.023327721282839775
Epoch 1: loss = 0.019472818821668625
Epoch 2: loss = 0.01945190131664276
Epoch 3: loss = 0.01945190131664276
Epoch 4: loss = 0.01945190131664276
Epoch 5: loss = 0.01945190131664276
Epoch 6: loss = 0.01945190131664276
Early stopping at epoch 6 with loss 0.019472818821668625
Reconstruction for fluence = 2.652948464431896 photons/pixel
Epoch 0: loss = 0.014181090518832207
Epoch 1: loss = 0.01417912170290947
Epoch 2: loss = 0.014177152886986732
Epoch 3: loss = 0.014175184071063995
Epoch 4: loss = 0.014173215255141258
Epoch 5: loss = 0.014171247370541096
Early stopping at epoch 5 with loss 0.014181090518832207
Epoch 0: loss = 0.029318269342184067
Epoch 1: loss = 0.02412911131978035
Epoch 2: loss = 0.024128438904881477
Epoch 3: loss = 0.024128438904881477
Epoch 4: loss = 0.024128438904881477
Epoch 5: loss = 0.024128438904881477
Epoch 6: loss = 0.024128438904881477
Early stopping at epoch 6 with loss 0.02412911131978035
Reconstruction for fluence = 3.486365227678086 photons/pixel
Epoch 0: loss = 0.018001031130552292
Epoch 1: loss = 0.017997777089476585
Epoch 2: loss = 0.017994526773691177
Epoch 3: loss = 0.01799127645790577
Epoch 4: loss = 0.01798802614212036
Epoch 5: loss = 0.017984777688980103
Early stopping at epoch 5 with loss 0.018001031130552292
Epoch 0: loss = 0.03647308796644211
Epoch 1: loss = 0.029565354809165
Epoch 2: loss = 0.02956337109208107
Epoch 3: loss = 0.02956337109208107
Epoch 4: loss = 0.02956337109208107
Epoch 5: loss = 0.02956337109208107
Epoch 6: loss = 0.02956337109208107
Early stopping at epoch 6 with loss 0.029565354809165
Reconstruction for fluence = 4.58159766905449 photons/pixel
Epoch 0: loss = 0.022724546492099762
Epoch 1: loss = 0.02271922491490841
Epoch 2: loss = 0.022713899612426758
Epoch 3: loss = 0.022708576172590256
Epoch 4: loss = 0.022703256458044052
Epoch 5: loss = 0.02269793674349785
Early stopping at epoch 5 with loss 0.022724546492099762
Epoch 0: loss = 0.04522106051445007
Epoch 1: loss = 0.03605682775378227
Epoch 2: loss = 0.03605637699365616
Epoch 3: loss = 0.03605637699365616
Epoch 4: loss = 0.03605637699365616
Epoch 5: loss = 0.03605637699365616
Epoch 6: loss = 0.03605637699365616
Early stopping at epoch 6 with loss 0.03605682775378227
Reconstruction for fluence = 6.020894493336131 photons/pixel
Epoch 0: loss = 0.028496943414211273
Epoch 1: loss = 0.028488315641880035
Epoch 2: loss = 0.0284796841442585
Epoch 3: loss = 0.02847105637192726
Epoch 4: loss = 0.028462432324886322
Epoch 5: loss = 0.02845381200313568
Early stopping at epoch 5 with loss 0.028496943414211273
Epoch 0: loss = 0.05589284002780914
Epoch 1: loss = 0.043881118297576904
Epoch 2: loss = 0.04387994110584259
Epoch 3: loss = 0.04387994110584259
Epoch 4: loss = 0.04387994110584259
Epoch 5: loss = 0.04387994110584259
Epoch 6: loss = 0.04387994110584259
Early stopping at epoch 6 with loss 0.043881118297576904
Reconstruction for fluence = 7.912342618981323 photons/pixel
Epoch 0: loss = 0.03544130548834801
Epoch 1: loss = 0.03542745113372803
Epoch 2: loss = 0.03541359677910805
Epoch 3: loss = 0.035399749875068665
Epoch 4: loss = 0.03538591414690018
Epoch 5: loss = 0.035372085869312286
Early stopping at epoch 5 with loss 0.03544130548834801
Epoch 0: loss = 0.06873646378517151
Epoch 1: loss = 0.05305292457342148
Epoch 2: loss = 0.05305113643407822
Epoch 3: loss = 0.05305113643407822
Epoch 4: loss = 0.05305113643407822
Epoch 5: loss = 0.05305113643407822
Epoch 6: loss = 0.05305113643407822
Early stopping at epoch 6 with loss 0.05305292457342148
Reconstruction for fluence = 10.397984184814899 photons/pixel
Epoch 0: loss = 0.04367498680949211
Epoch 1: loss = 0.04365282505750656
Epoch 2: loss = 0.04363067448139191
Epoch 3: loss = 0.043608542531728745
Epoch 4: loss = 0.043586425483226776
Epoch 5: loss = 0.043564323335886
Epoch 6: loss = 0.043542247265577316
Epoch 7: loss = 0.043520186096429825
Epoch 8: loss = 0.043498147279024124
Epoch 9: loss = 0.043476127088069916
Epoch 10: loss = 0.0434541255235672
Epoch 11: loss = 0.043432146310806274
Epoch 12: loss = 0.04341018944978714
Epoch 13: loss = 0.0433882474899292
Epoch 14: loss = 0.04336632788181305
Epoch 0: loss = 0.0832550972700119
Epoch 1: loss = 0.06328980624675751
Epoch 2: loss = 0.06328925490379333
Epoch 3: loss = 0.06328925490379333
Epoch 4: loss = 0.06328925490379333
Epoch 5: loss = 0.06328925490379333
Epoch 6: loss = 0.06328925490379333
Early stopping at epoch 6 with loss 0.06328980624675751
Reconstruction for fluence = 13.664483492953257 photons/pixel
Epoch 0: loss = 0.05323033034801483
Epoch 1: loss = 0.053195416927337646
Epoch 2: loss = 0.053160518407821655
Epoch 3: loss = 0.05312565714120865
Epoch 4: loss = 0.05309083312749863
Epoch 5: loss = 0.05305605009198189
Epoch 6: loss = 0.05302131175994873
Epoch 7: loss = 0.05298661068081856
Epoch 8: loss = 0.05295194685459137
Epoch 9: loss = 0.05291733145713806
Epoch 10: loss = 0.052882757037878036
Epoch 11: loss = 0.052848219871520996
Epoch 12: loss = 0.05281372368335724
Epoch 13: loss = 0.052779264748096466
Epoch 14: loss = 0.052744850516319275
Epoch 0: loss = 0.10043518245220184
Epoch 1: loss = 0.0749678686261177
Epoch 2: loss = 0.07496685534715652
Epoch 3: loss = 0.07496685534715652
Epoch 4: loss = 0.07496685534715652
Epoch 5: loss = 0.07496685534715652
Epoch 6: loss = 0.07496685534715652
Early stopping at epoch 6 with loss 0.0749678686261177
Reconstruction for fluence = 17.95714494371641 photons/pixel
Epoch 0: loss = 0.06402845680713654
Epoch 1: loss = 0.06397409737110138
Epoch 2: loss = 0.029965799301862717
Epoch 3: loss = 0.028732893988490105
Epoch 4: loss = 0.028732893988490105
Epoch 5: loss = 0.028732893988490105
Epoch 6: loss = 0.028732893988490105
Epoch 7: loss = 0.028732893988490105
Epoch 8: loss = 0.028732893988490105
Early stopping at epoch 8 with loss 0.028732893988490105
Epoch 0: loss = 0.11240224540233612
Epoch 1: loss = 0.08792176842689514
Epoch 2: loss = 0.08792093396186829
Epoch 3: loss = 0.08792093396186829
Epoch 4: loss = 0.08792093396186829
Epoch 5: loss = 0.08792093396186829
Epoch 6: loss = 0.08792093396186829
Early stopping at epoch 6 with loss 0.08792176842689514
Reconstruction for fluence = 23.598334667821938 photons/pixel
Epoch 0: loss = 0.07602880895137787
Epoch 1: loss = 0.034459441900253296
Epoch 2: loss = 0.03445930778980255
Epoch 3: loss = 0.03445930778980255
Epoch 4: loss = 0.03445930778980255
Epoch 5: loss = 0.03445930778980255
Epoch 6: loss = 0.03445930778980255
Early stopping at epoch 6 with loss 0.034459441900253296
Epoch 0: loss = 0.12578144669532776
Epoch 1: loss = 0.10130265355110168
Epoch 2: loss = 0.10130148380994797
Epoch 3: loss = 0.10130148380994797
Epoch 4: loss = 0.10130148380994797
Epoch 5: loss = 0.10130148380994797
Epoch 6: loss = 0.10130148380994797
Early stopping at epoch 6 with loss 0.10130265355110168
Reconstruction for fluence = 31.011689265747787 photons/pixel
Epoch 0: loss = 0.08881747722625732
Epoch 1: loss = 0.040466152131557465
Epoch 2: loss = 0.040466152131557465
Epoch 3: loss = 0.040466152131557465
Epoch 4: loss = 0.040466152131557465
Epoch 5: loss = 0.040466152131557465
Epoch 6: loss = 0.040466152131557465
Early stopping at epoch 6 with loss 0.040466152131557465
Epoch 0: loss = 0.13822351396083832
Epoch 1: loss = 0.1145993024110794
Epoch 2: loss = 0.11459806561470032
Epoch 3: loss = 0.11459806561470032
Epoch 4: loss = 0.11459806561470032
Epoch 5: loss = 0.11459806561470032
Epoch 6: loss = 0.11459806561470032
Early stopping at epoch 6 with loss 0.1145993024110794
Reconstruction for fluence = 40.75392965871778 photons/pixel
Epoch 0: loss = 0.1021958738565445
Epoch 1: loss = 0.046230558305978775
Epoch 2: loss = 0.046230558305978775
Epoch 3: loss = 0.046230558305978775
Epoch 4: loss = 0.046230558305978775
Epoch 5: loss = 0.046230558305978775
Epoch 6: loss = 0.046230558305978775
Early stopping at epoch 6 with loss 0.046230558305978775
Epoch 0: loss = 0.14840680360794067
Epoch 1: loss = 0.12625756859779358
Epoch 2: loss = 0.12625578045845032
Epoch 3: loss = 0.12625578045845032
Epoch 4: loss = 0.12625578045845032
Epoch 5: loss = 0.12625578045845032
Epoch 6: loss = 0.12625578045845032
Early stopping at epoch 6 with loss 0.12625756859779358
Reconstruction for fluence = 53.55666917706902 photons/pixel
Epoch 0: loss = 0.11587382107973099
Epoch 1: loss = 0.051295459270477295
Epoch 2: loss = 0.051295459270477295
Epoch 3: loss = 0.051295459270477295
Epoch 4: loss = 0.051295459270477295
Epoch 5: loss = 0.051295459270477295
Epoch 6: loss = 0.051295459270477295
Early stopping at epoch 6 with loss 0.051295459270477295
Epoch 0: loss = 0.15377472341060638
Epoch 1: loss = 0.1336873471736908
Epoch 2: loss = 0.1336863934993744
Epoch 3: loss = 0.1336863934993744
Epoch 4: loss = 0.1336863934993744
Epoch 5: loss = 0.1336863934993744
Epoch 6: loss = 0.1336863934993744
Early stopping at epoch 6 with loss 0.1336873471736908
Reconstruction for fluence = 70.38135554931554 photons/pixel
Epoch 0: loss = 0.1296343207359314
Epoch 1: loss = 0.05513777211308479
Epoch 2: loss = 0.05513777211308479
Epoch 3: loss = 0.05513777211308479
Epoch 4: loss = 0.05513777211308479
Epoch 5: loss = 0.05513777211308479
Epoch 6: loss = 0.05513777211308479
Early stopping at epoch 6 with loss 0.05513777211308479
Epoch 0: loss = 0.15163469314575195
Epoch 1: loss = 0.13366207480430603
Epoch 2: loss = 0.13366197049617767
Epoch 3: loss = 0.13366197049617767
Epoch 4: loss = 0.13366197049617767
Epoch 5: loss = 0.13366197049617767
Epoch 6: loss = 0.13366197049617767
Early stopping at epoch 6 with loss 0.13366207480430603
Reconstruction for fluence = 92.49147277217335 photons/pixel
Epoch 0: loss = 0.14410117268562317
Epoch 1: loss = 0.05759866535663605
Epoch 2: loss = 0.05759866535663605
Epoch 3: loss = 0.05759866535663605
Epoch 4: loss = 0.05759866535663605
Epoch 5: loss = 0.05759866535663605
Epoch 6: loss = 0.05759866535663605
Early stopping at epoch 6 with loss 0.05759866535663605
Epoch 0: loss = 0.13616979122161865
Epoch 1: loss = 0.1200653687119484
Epoch 2: loss = 0.12006498873233795
Epoch 3: loss = 0.12006498873233795
Epoch 4: loss = 0.12006498873233795
Epoch 5: loss = 0.12006498873233795
Epoch 6: loss = 0.12006498873233795
Early stopping at epoch 6 with loss 0.1200653687119484
Reconstruction for fluence = 121.54742500762872 photons/pixel
Epoch 0: loss = 0.1607118546962738
Epoch 1: loss = 0.05868929624557495
Epoch 2: loss = 0.0586690716445446
Epoch 3: loss = 0.0586690716445446
Epoch 4: loss = 0.0586690716445446
Epoch 5: loss = 0.0586690716445446
Epoch 6: loss = 0.0586690716445446
Early stopping at epoch 6 with loss 0.05868929624557495
Epoch 0: loss = 0.1001831591129303
Epoch 1: loss = 0.08515234291553497
Epoch 2: loss = 0.0851520299911499
Epoch 3: loss = 0.0851520299911499
Epoch 4: loss = 0.0851520299911499
Epoch 5: loss = 0.0851520299911499
Epoch 6: loss = 0.0851520299911499
Early stopping at epoch 6 with loss 0.08515234291553497
Reconstruction for fluence = 159.7312280060254 photons/pixel
Epoch 0: loss = 0.1810624748468399
Epoch 1: loss = 0.0599512942135334
Epoch 2: loss = 0.05883459001779556
Epoch 3: loss = 0.05883459001779556
Epoch 4: loss = 0.05883459001779556
Epoch 5: loss = 0.05883459001779556
Epoch 6: loss = 0.05883459001779556
Epoch 7: loss = 0.05883459001779556
Early stopping at epoch 7 with loss 0.05883459001779556
Epoch 0: loss = 0.030329618602991104
Epoch 1: loss = 0.015502228401601315
Epoch 2: loss = 0.01550215668976307
Epoch 3: loss = 0.01550215668976307
Epoch 4: loss = 0.01550215668976307
Epoch 5: loss = 0.01550215668976307
Epoch 6: loss = 0.01550215668976307
Early stopping at epoch 6 with loss 0.015502228401601315
Reconstruction for fluence = 209.91037201085544 photons/pixel
Epoch 0: loss = 0.20900385081768036
Epoch 1: loss = 0.05932394787669182
Epoch 2: loss = 0.05931192636489868
Epoch 3: loss = 0.05931192636489868
Epoch 4: loss = 0.05931192636489868
Epoch 5: loss = 0.05931192636489868
Epoch 6: loss = 0.05931192636489868
Early stopping at epoch 6 with loss 0.05932394787669182
Epoch 0: loss = -0.08957826346158981
Epoch 1: loss = -0.1052258312702179
Epoch 2: loss = -0.1052258312702179
Epoch 3: loss = -0.1052258312702179
Epoch 4: loss = -0.1052258312702179
Epoch 5: loss = -0.1052258312702179
Epoch 6: loss = -0.1052258312702179
Early stopping at epoch 6 with loss -0.1052258312702179
Reconstruction for fluence = 275.8531617629184 photons/pixel
Epoch 0: loss = 0.247623011469841
Epoch 1: loss = 0.060411691665649414
Epoch 2: loss = 0.060411691665649414
Epoch 3: loss = 0.060411691665649414
Epoch 4: loss = 0.060411691665649414
Epoch 5: loss = 0.060411691665649414
Epoch 6: loss = 0.060411691665649414
Early stopping at epoch 6 with loss 0.060411691665649414
Epoch 0: loss = -0.2866379916667938
Epoch 1: loss = -0.30385830998420715
Epoch 2: loss = -0.30385833978652954
Epoch 3: loss = -0.3038583993911743
Epoch 4: loss = -0.3038583993911743
Epoch 5: loss = -0.3038583993911743
Epoch 6: loss = -0.3038583993911743
Early stopping at epoch 6 with loss -0.30385830998420715
Reconstruction for fluence = 362.51170499885353 photons/pixel
Epoch 0: loss = 0.30091482400894165
Epoch 1: loss = 0.06293390691280365
Epoch 2: loss = 0.06293384730815887
Epoch 3: loss = 0.06293384730815887
Epoch 4: loss = 0.06293384730815887
Epoch 5: loss = 0.06293384730815887
Epoch 6: loss = 0.06293384730815887
Early stopping at epoch 6 with loss 0.06293390691280365
Epoch 0: loss = -0.5975695848464966
Epoch 1: loss = -0.6169060468673706
Epoch 2: loss = -0.6169061064720154
Epoch 3: loss = -0.6169061064720154
Epoch 4: loss = -0.6169061660766602
Epoch 5: loss = -0.6169061660766602
Epoch 6: loss = -0.6169061660766602
Early stopping at epoch 6 with loss -0.6169060468673706
Reconstruction for fluence = 476.39380104013406 photons/pixel
Epoch 0: loss = 0.3732651174068451
Epoch 1: loss = 0.06681652367115021
Epoch 2: loss = 0.06681571900844574
Epoch 3: loss = 0.06681571900844574
Epoch 4: loss = 0.06681571900844574
Epoch 5: loss = 0.06681571900844574
Epoch 6: loss = 0.06681571900844574
Early stopping at epoch 6 with loss 0.06681652367115021
Epoch 0: loss = -1.0749684572219849
Epoch 1: loss = -1.0968513488769531
Epoch 2: loss = -1.0968515872955322
Epoch 3: loss = -1.0968515872955322
Epoch 4: loss = -1.0968515872955322
Epoch 5: loss = -1.0968515872955322
Epoch 6: loss = -1.0968515872955322
Early stopping at epoch 6 with loss -1.0968513488769531
Reconstruction for fluence = 626.0516572014822 photons/pixel
Epoch 0: loss = 0.4705633521080017
Epoch 1: loss = 2.062696933746338
Epoch 2: loss = 0.07228139787912369
Epoch 3: loss = 0.07215560972690582
Epoch 4: loss = 0.07215560972690582
Epoch 5: loss = 0.07215560972690582
Epoch 6: loss = 0.07215560972690582
Epoch 7: loss = 0.07215560972690582
Epoch 8: loss = 0.07215560972690582
Early stopping at epoch 8 with loss 0.07215560972690582
Epoch 0: loss = -1.7924628257751465
Epoch 1: loss = -1.8169116973876953
Epoch 2: loss = -1.8169116973876953
Epoch 3: loss = -1.8169118165969849
Epoch 4: loss = -1.8169118165969849
Epoch 5: loss = -1.8169118165969849
Epoch 6: loss = -1.8169118165969849
Early stopping at epoch 6 with loss -1.8169116973876953
Reconstruction for fluence = 822.7241341700474 photons/pixel
Epoch 0: loss = 0.5995452404022217
Epoch 1: loss = 0.12920096516609192
Epoch 2: loss = 0.0787399560213089
Epoch 3: loss = 0.07873807102441788
Epoch 4: loss = 0.07873807102441788
Epoch 5: loss = 0.07873807102441788
Epoch 6: loss = 0.07873807102441788
Epoch 7: loss = 0.07873807102441788
Early stopping at epoch 7 with loss 0.0787399560213089
Epoch 0: loss = -2.8546266555786133
Epoch 1: loss = -2.8818955421447754
Epoch 2: loss = -2.8818960189819336
Epoch 3: loss = -2.8818960189819336
Epoch 4: loss = -2.8818960189819336
Epoch 5: loss = -2.8818960189819336
Epoch 6: loss = -2.8818960189819336
Early stopping at epoch 6 with loss -2.8818955421447754
Reconstruction for fluence = 1081.1807510766077 photons/pixel
Epoch 0: loss = 0.7707090973854065
Epoch 1: loss = 0.12688809633255005
Epoch 2: loss = 0.08644246309995651
Epoch 3: loss = 0.08644245564937592
Epoch 4: loss = 0.08644245564937592
Epoch 5: loss = 0.08644245564937592
Epoch 6: loss = 0.08644245564937592
Epoch 7: loss = 0.08644245564937592
Early stopping at epoch 7 with loss 0.08644246309995651
Epoch 0: loss = -4.405040264129639
Epoch 1: loss = -4.435101509094238
Epoch 2: loss = -4.435101509094238
Epoch 3: loss = -4.435101509094238
Epoch 4: loss = -4.435101509094238
Epoch 5: loss = -4.435101509094238
Epoch 6: loss = -4.435101509094238
Early stopping at epoch 6 with loss -4.435101509094238
Reconstruction for fluence = 1420.8308325339237 photons/pixel
Epoch 0: loss = 0.9960950613021851
Epoch 1: loss = 0.18605218827724457
Epoch 2: loss = 0.09524279832839966
Epoch 3: loss = 0.09524017572402954
Epoch 4: loss = 0.09524017572402954
Epoch 5: loss = 0.09524017572402954
Epoch 6: loss = 0.09524017572402954
Epoch 7: loss = 0.09524017572402954
Early stopping at epoch 7 with loss 0.09524279832839966
Epoch 0: loss = -6.646054267883301
Epoch 1: loss = -6.67894172668457
Epoch 2: loss = -6.67894172668457
Epoch 3: loss = -6.6789422035217285
Epoch 4: loss = -6.6789422035217285
Epoch 5: loss = -6.67894172668457
Epoch 6: loss = -6.67894172668457
Early stopping at epoch 6 with loss -6.67894172668457
Reconstruction for fluence = 1867.1810912919207 photons/pixel
Epoch 0: loss = 1.2920446395874023
Epoch 1: loss = 0.23866944015026093
Epoch 2: loss = 0.10497701168060303
Epoch 3: loss = 0.10497616976499557
Epoch 4: loss = 0.10497616976499557
Epoch 5: loss = 0.10497616976499557
Epoch 6: loss = 0.10497616976499557
Epoch 7: loss = 0.10497616976499557
Early stopping at epoch 7 with loss 0.10497701168060303
Epoch 0: loss = -9.865196228027344
Epoch 1: loss = -9.900711059570312
Epoch 2: loss = -9.900711059570312
Epoch 3: loss = -9.900711059570312
Epoch 4: loss = -9.900711059570312
Epoch 5: loss = -9.900711059570312
Epoch 6: loss = -9.900711059570312
Early stopping at epoch 6 with loss -9.900711059570312
Reconstruction for fluence = 2453.7511066398165 photons/pixel
Epoch 0: loss = 1.6810163259506226
Epoch 1: loss = 0.1716507077217102
Epoch 2: loss = 0.11561624705791473
Epoch 3: loss = 0.11561624705791473
Epoch 4: loss = 0.11561624705791473
Epoch 5: loss = 0.11561624705791473
Epoch 6: loss = 0.11561624705791473
Epoch 7: loss = 0.11561624705791473
Early stopping at epoch 7 with loss 0.11561624705791473
Epoch 0: loss = -14.448478698730469
Epoch 1: loss = -14.486559867858887
Epoch 2: loss = -14.486559867858887
Epoch 3: loss = -14.486560821533203
Epoch 4: loss = -14.486560821533203
Epoch 5: loss = -14.486560821533203
Epoch 6: loss = -14.486560821533203
Early stopping at epoch 6 with loss -14.486559867858887
Reconstruction for fluence = 3224.5905452963975 photons/pixel
Epoch 0: loss = 2.1939964294433594
Epoch 1: loss = 0.12746115028858185
Epoch 2: loss = 0.12728366255760193
Epoch 3: loss = 0.12728366255760193
Epoch 4: loss = 0.12728363275527954
Epoch 5: loss = 0.12728364765644073
Epoch 6: loss = 0.12728364765644073
Epoch 7: loss = 0.12728364765644073
Early stopping at epoch 7 with loss 0.12728366255760193
Epoch 0: loss = -20.927383422851562
Epoch 1: loss = -20.967681884765625
Epoch 2: loss = -20.967681884765625
Epoch 3: loss = -20.967681884765625
Epoch 4: loss = -20.967681884765625
Epoch 5: loss = -20.967681884765625
Epoch 6: loss = -20.967681884765625
Early stopping at epoch 6 with loss -20.967681884765625
Reconstruction for fluence = 4237.587160604064 photons/pixel
Epoch 0: loss = 2.866994857788086
Epoch 1: loss = 0.13975907862186432
Epoch 2: loss = 0.13975372910499573
Epoch 3: loss = 0.13975372910499573
Epoch 4: loss = 0.13975371420383453
Epoch 5: loss = 0.13975371420383453
Epoch 6: loss = 0.13975371420383453
Early stopping at epoch 6 with loss 0.13975907862186432
Epoch 0: loss = -30.059558868408203
Epoch 1: loss = -30.101661682128906
Epoch 2: loss = -30.101661682128906
Epoch 3: loss = -30.101661682128906
Epoch 4: loss = -30.101661682128906
Epoch 5: loss = -30.101661682128906
Epoch 6: loss = -30.101661682128906
Early stopping at epoch 6 with loss -30.101661682128906
Reconstruction for fluence = 5568.813990945267 photons/pixel
Epoch 0: loss = 3.750875234603882
Epoch 1: loss = 0.15297864377498627
Epoch 2: loss = 0.15297584235668182
Epoch 3: loss = 0.15297582745552063
Epoch 4: loss = 0.15297582745552063
Epoch 5: loss = 0.15297582745552063
Epoch 6: loss = 0.15297582745552063
Early stopping at epoch 6 with loss 0.15297864377498627
Epoch 0: loss = -42.860679626464844
Epoch 1: loss = -42.90431213378906
Epoch 2: loss = -42.90431213378906
Epoch 3: loss = -42.90431213378906
Epoch 4: loss = -42.90431594848633
Epoch 5: loss = -42.90431594848633
Epoch 6: loss = -42.90431594848633
Early stopping at epoch 6 with loss -42.90431213378906
Reconstruction for fluence = 7318.242219076182 photons/pixel
Epoch 0: loss = 4.914748191833496
Epoch 1: loss = 0.16698844730854034
Epoch 2: loss = 0.16698722541332245
Epoch 3: loss = 0.16698722541332245
Epoch 4: loss = 0.16698722541332245
Epoch 5: loss = 0.16698722541332245
Epoch 6: loss = 0.16698722541332245
Early stopping at epoch 6 with loss 0.16698844730854034
Epoch 0: loss = -60.723182678222656
Epoch 1: loss = -60.76762390136719
Epoch 2: loss = -60.76762390136719
Epoch 3: loss = -60.76762390136719
Epoch 4: loss = -60.76762390136719
Epoch 5: loss = -60.76762390136719
Epoch 6: loss = -60.76762390136719
Early stopping at epoch 6 with loss -60.76762390136719
Reconstruction for fluence = 9617.248711152963 photons/pixel
Epoch 0: loss = 6.443069934844971
Epoch 1: loss = 0.18139103055000305
Epoch 2: loss = 0.181390181183815
Epoch 3: loss = 0.181390181183815
Epoch 4: loss = 0.181390181183815
Epoch 5: loss = 0.181390181183815
Epoch 6: loss = 0.181390181183815
Early stopping at epoch 6 with loss 0.18139103055000305
Epoch 0: loss = -85.58839416503906
Epoch 1: loss = -85.63301849365234
Epoch 2: loss = -85.63302612304688
Epoch 3: loss = -85.63302612304688
Epoch 4: loss = -85.63302612304688
Epoch 5: loss = -85.63302612304688
Epoch 6: loss = -85.63302612304688
Early stopping at epoch 6 with loss -85.63301849365234
Reconstruction for fluence = 12638.482029342971 photons/pixel
Epoch 0: loss = 8.451647758483887
Epoch 1: loss = 0.19608527421951294
Epoch 2: loss = 0.19608458876609802
Epoch 3: loss = 0.19608458876609802
Epoch 4: loss = 0.19608458876609802
Epoch 5: loss = 0.19608458876609802
Epoch 6: loss = 0.19608458876609802
Early stopping at epoch 6 with loss 0.19608527421951294
Epoch 0: loss = -120.07965850830078
Epoch 1: loss = -120.12376403808594
Epoch 2: loss = -120.12376403808594
Epoch 3: loss = -120.12376403808594
Epoch 4: loss = -120.12376403808594
Epoch 5: loss = -120.12376403808594
Epoch 6: loss = -120.12376403808594
Early stopping at epoch 6 with loss -120.12376403808594
Reconstruction for fluence = 16608.827826277167 photons/pixel
Epoch 0: loss = 11.091487884521484
Epoch 1: loss = 0.21054023504257202
Epoch 2: loss = 0.21053959429264069
Epoch 3: loss = 0.2105395793914795
Epoch 4: loss = 0.2105395793914795
Epoch 5: loss = 0.2105395793914795
Epoch 6: loss = 0.2105395793914795
Early stopping at epoch 6 with loss 0.21054023504257202
Epoch 0: loss = -167.77484130859375
Epoch 1: loss = -167.81764221191406
Epoch 2: loss = -167.81764221191406
Epoch 3: loss = -167.81764221191406
Epoch 4: loss = -167.81764221191406
Epoch 5: loss = -167.81764221191406
Epoch 6: loss = -167.81764221191406
Early stopping at epoch 6 with loss -167.81764221191406
Reconstruction for fluence = 21826.44728397487 photons/pixel
Epoch 0: loss = 14.561380386352539
Epoch 1: loss = 0.22476884722709656
Epoch 2: loss = 0.22476765513420105
Epoch 3: loss = 0.22476762533187866
Epoch 4: loss = 0.22476762533187866
Epoch 5: loss = 0.22476762533187866
Epoch 6: loss = 0.22476762533187866
Early stopping at epoch 6 with loss 0.22476884722709656
Epoch 0: loss = -233.5858612060547
Epoch 1: loss = -233.62677001953125
Epoch 2: loss = -233.62677001953125
Epoch 3: loss = -233.62677001953125
Epoch 4: loss = -233.62677001953125
Epoch 5: loss = -233.62677001953125
Epoch 6: loss = -233.62677001953125
Early stopping at epoch 6 with loss -233.62677001953125
Reconstruction for fluence = 28683.168133420146 photons/pixel
Epoch 0: loss = 19.118907928466797
Epoch 1: loss = 0.23817873001098633
Epoch 2: loss = 0.23817703127861023
Epoch 3: loss = 0.23817703127861023
Epoch 4: loss = 0.23817703127861023
Epoch 5: loss = 0.23817701637744904
Epoch 6: loss = 0.23817701637744904
Early stopping at epoch 6 with loss 0.23817873001098633
Epoch 0: loss = -324.220703125
Epoch 1: loss = -324.259033203125
Epoch 2: loss = -324.259033203125
Epoch 3: loss = -324.259033203125
Epoch 4: loss = -324.259033203125
Epoch 5: loss = -324.259033203125
Epoch 6: loss = -324.259033203125
Early stopping at epoch 6 with loss -324.259033203125
Reconstruction for fluence = 37693.90975388363 photons/pixel
Epoch 0: loss = 25.10809326171875
Epoch 1: loss = 0.2504166066646576
Epoch 2: loss = 0.2504154443740845
Epoch 3: loss = 0.2504154443740845
Epoch 4: loss = 0.2504154443740845
Epoch 5: loss = 0.2504154145717621
Epoch 6: loss = 0.2504154443740845
Early stopping at epoch 6 with loss 0.2504166066646576
Epoch 0: loss = -448.7279052734375
Epoch 1: loss = -448.76318359375
Epoch 2: loss = -448.76318359375
Epoch 3: loss = -448.76318359375
Epoch 4: loss = -448.76318359375
Epoch 5: loss = -448.76318359375
Epoch 6: loss = -448.76318359375
Early stopping at epoch 6 with loss -448.76318359375
Reconstruction for fluence = 49535.3520895917 photons/pixel
Epoch 0: loss = 32.977386474609375
Epoch 1: loss = 0.2614479064941406
Epoch 2: loss = 0.26144564151763916
Epoch 3: loss = 0.26144564151763916
Epoch 4: loss = 0.2614456117153168
Epoch 5: loss = 0.2614456117153168
Epoch 6: loss = 0.2614455819129944
Early stopping at epoch 6 with loss 0.2614479064941406
Epoch 0: loss = -619.460693359375
Epoch 1: loss = -619.49267578125
Epoch 2: loss = -619.49267578125
Epoch 3: loss = -619.49267578125
Epoch 4: loss = -619.49267578125
Epoch 5: loss = -619.49267578125
Epoch 6: loss = -619.49267578125
Early stopping at epoch 6 with loss -619.49267578125
Reconstruction for fluence = 65096.75230458177 photons/pixel
Epoch 0: loss = 43.32579040527344
Epoch 1: loss = 0.27077561616897583
Epoch 2: loss = 0.27077439427375793
Epoch 3: loss = 0.27077436447143555
Epoch 4: loss = 0.27077436447143555
Epoch 5: loss = 0.27077436447143555
Epoch 6: loss = 0.27077436447143555
Early stopping at epoch 6 with loss 0.27077561616897583
Epoch 0: loss = -853.1431884765625
Epoch 1: loss = -853.1714477539062
Epoch 2: loss = -853.1714477539062
Epoch 3: loss = -853.1714477539062
Epoch 4: loss = -853.1714477539062
Epoch 5: loss = -853.1714477539062
Epoch 6: loss = -853.1714477539062
Early stopping at epoch 6 with loss -853.1714477539062
Reconstruction for fluence = 85546.72535565685 photons/pixel
Epoch 0: loss = 56.91522216796875
Epoch 1: loss = 0.27860796451568604
Epoch 2: loss = 0.27860644459724426
Epoch 3: loss = 0.2786064147949219
Epoch 4: loss = 0.2786064147949219
Epoch 5: loss = 0.2786064147949219
Epoch 6: loss = 0.2786064147949219
Early stopping at epoch 6 with loss 0.27860796451568604
Epoch 0: loss = -1172.603271484375
Epoch 1: loss = -1172.627685546875
Epoch 2: loss = -1172.627685546875
Epoch 3: loss = -1172.627685546875
Epoch 4: loss = -1172.627685546875
Epoch 5: loss = -1172.627685546875
Epoch 6: loss = -1172.627685546875
Early stopping at epoch 6 with loss -1172.627685546875
Reconstruction for fluence = 112421.00350620861 photons/pixel
Epoch 0: loss = 74.78124237060547
Epoch 1: loss = 0.28475654125213623
Epoch 2: loss = 0.2847546935081482
Epoch 3: loss = 0.2847546935081482
Epoch 4: loss = 0.2847546935081482
Epoch 5: loss = 0.2847546935081482
Epoch 6: loss = 0.2847546935081482
Early stopping at epoch 6 with loss 0.28475654125213623
Epoch 0: loss = -1608.4329833984375
Epoch 1: loss = -1608.4541015625
Epoch 2: loss = -1608.4541015625
Epoch 3: loss = -1608.4541015625
Epoch 4: loss = -1608.4541015625
Epoch 5: loss = -1608.4541015625
Epoch 6: loss = -1608.4541015625
Early stopping at epoch 6 with loss -1608.4541015625
Reconstruction for fluence = 147737.76525985127 photons/pixel
Epoch 0: loss = 98.25967407226562
Epoch 1: loss = 0.2889941334724426
Epoch 2: loss = 0.28899216651916504
Epoch 3: loss = 0.28899210691452026
Epoch 4: loss = 0.28899210691452026
Epoch 5: loss = 0.28899210691452026
Epoch 6: loss = 0.28899210691452026
Early stopping at epoch 6 with loss 0.2889941334724426
Epoch 0: loss = -2202.36474609375
Epoch 1: loss = -2202.38232421875
Epoch 2: loss = -2202.38232421875
Epoch 3: loss = -2202.38232421875
Epoch 4: loss = -2202.38232421875
Epoch 5: loss = -2202.382568359375
Epoch 6: loss = -2202.382568359375
Epoch 7: loss = -2202.382568359375
Epoch 8: loss = -2202.382568359375
Epoch 9: loss = -2202.382568359375
Epoch 10: loss = -2202.382568359375
Early stopping at epoch 10 with loss -2202.382568359375
Reconstruction for fluence = 194149.19457438815 photons/pixel
Epoch 0: loss = 129.10951232910156
Epoch 1: loss = 0.29153209924697876
Epoch 2: loss = 0.2915149927139282
Epoch 3: loss = 0.2915149927139282
Epoch 4: loss = 0.2915149927139282
Epoch 5: loss = 0.2915149927139282
Epoch 6: loss = 0.2915149927139282
Early stopping at epoch 6 with loss 0.29153209924697876
Epoch 0: loss = -3010.77880859375
Epoch 1: loss = -3010.79296875
Epoch 2: loss = -3010.79296875
Epoch 3: loss = -3010.793212890625
Epoch 4: loss = -3010.793212890625
Epoch 5: loss = -3010.793212890625
Epoch 6: loss = -3010.793212890625
Epoch 7: loss = -3010.79296875
Epoch 8: loss = -3010.79296875
Early stopping at epoch 8 with loss -3010.793212890625
Reconstruction for fluence = 255140.65200312875 photons/pixel
Epoch 0: loss = 169.65591430664062
Epoch 1: loss = 0.29246991872787476
Epoch 2: loss = 0.29246199131011963
Epoch 3: loss = 0.29246190190315247
Epoch 4: loss = 0.2924618721008301
Epoch 5: loss = 0.2924618721008301
Epoch 6: loss = 0.2924618721008301
Early stopping at epoch 6 with loss 0.29246991872787476
Epoch 0: loss = -4109.68310546875
Epoch 1: loss = -4109.6943359375
Epoch 2: loss = -4109.6943359375
Epoch 3: loss = -4109.6943359375
Epoch 4: loss = -4109.6943359375
Epoch 5: loss = -4109.6943359375
Epoch 6: loss = -4109.6943359375
Early stopping at epoch 6 with loss -4109.6943359375
Reconstruction for fluence = 335292.414924956 photons/pixel
Epoch 0: loss = 222.948974609375
Epoch 1: loss = 0.2922343611717224
Epoch 2: loss = 0.2922237515449524
Epoch 3: loss = 0.2922237515449524
Epoch 4: loss = 0.2922237515449524
Epoch 5: loss = 0.2922237515449524
Epoch 6: loss = 0.2922237515449524
Early stopping at epoch 6 with loss 0.2922343611717224
Epoch 0: loss = -5601.849609375
Epoch 1: loss = -5601.859375
Epoch 2: loss = -5601.859375
Epoch 3: loss = -5601.859375
Epoch 4: loss = -5601.859375
Epoch 5: loss = -5601.859375
Epoch 6: loss = -5601.859375
Early stopping at epoch 6 with loss -5601.859375
Reconstruction for fluence = 440623.64277735725 photons/pixel
Epoch 0: loss = 292.9765625
Epoch 1: loss = 0.2907761335372925
Epoch 2: loss = 0.2907678186893463
Epoch 3: loss = 0.2907678186893463
Epoch 4: loss = 0.2907678186893463
Epoch 5: loss = 0.2907678186893463
Epoch 6: loss = 0.2907678186893463
Early stopping at epoch 6 with loss 0.2907761335372925
Epoch 0: loss = -7626.1376953125
Epoch 1: loss = -7626.14453125
Epoch 2: loss = -7626.14453125
Epoch 3: loss = -7626.14453125
Epoch 4: loss = -7626.14453125
Epoch 5: loss = -7626.14453125
Epoch 6: loss = -7626.14453125
Early stopping at epoch 6 with loss -7626.14453125
Reconstruction for fluence = 579044.3980602483 photons/pixel
Epoch 0: loss = 384.99761962890625
Epoch 1: loss = 0.288757860660553
Epoch 2: loss = 0.2887466549873352
Epoch 3: loss = 0.2887466549873352
Epoch 4: loss = 0.2887466549873352
Epoch 5: loss = 0.2887466549873352
Epoch 6: loss = 0.2887466549873352
Early stopping at epoch 6 with loss 0.288757860660553
Epoch 0: loss = -10369.61328125
Epoch 1: loss = -10369.619140625
Epoch 2: loss = -10369.619140625
Epoch 3: loss = -10369.619140625
Epoch 4: loss = -10369.619140625
Epoch 5: loss = -10369.619140625
Epoch 6: loss = -10369.619140625
Early stopping at epoch 6 with loss -10369.619140625
Reconstruction for fluence = 760949.6685459884 photons/pixel
Epoch 0: loss = 505.93218994140625
Epoch 1: loss = 0.28550970554351807
Epoch 2: loss = 0.28548407554626465
Epoch 3: loss = 0.28548407554626465
Epoch 4: loss = 0.28548407554626465
Epoch 5: loss = 0.28548407554626465
Epoch 6: loss = 0.28548407554626465
Early stopping at epoch 6 with loss 0.28550970554351807
Epoch 0: loss = -14083.8603515625
Epoch 1: loss = -14083.865234375
Epoch 2: loss = -14083.865234375
Epoch 3: loss = -14083.865234375
Epoch 4: loss = -14083.865234375
Epoch 5: loss = -14083.865234375
Epoch 6: loss = -14083.865234375
Early stopping at epoch 6 with loss -14083.865234375
Reconstruction for fluence = 1000000.0 photons/pixel
Epoch 0: loss = 664.845458984375
Epoch 1: loss = 0.2823864817619324
Epoch 2: loss = 0.28225457668304443
Epoch 3: loss = 0.28225457668304443
Epoch 4: loss = 0.28225457668304443
Epoch 5: loss = 0.28225457668304443
Epoch 6: loss = 0.28225457668304443
Epoch 7: loss = 0.28225457668304443
Early stopping at epoch 7 with loss 0.28225457668304443
Epoch 0: loss = -19108.45703125
Epoch 1: loss = -19108.4609375
Epoch 2: loss = -19108.4609375
Epoch 3: loss = -19108.4609375
Epoch 4: loss = -19108.4609375
Epoch 5: loss = -19108.4609375
Epoch 6: loss = -19108.4609375
Early stopping at epoch 6 with loss -19108.4609375
Simulation for n_fluences=60 completed!
