Running simulation for steps_size=13 and n_fluences=20
Steps size: 13
Tensors initialization on device cuda
Multiprobe = band_lim
torch.Size([1, 64, 64])

('MSE', None) RECONSTRUCTIONS

Reconstruction for fluence = 0.09999999999999999 photons/pixel
Epoch 0: loss = 0.05100611224770546
Epoch 1: loss = 0.022288620471954346
Epoch 2: loss = 0.022278862074017525
Epoch 3: loss = 0.02227870561182499
Epoch 4: loss = 0.02227870561182499
Epoch 5: loss = 0.02227870561182499
Epoch 6: loss = 0.02227870561182499
Early stopping at epoch 6 with loss 0.022288620471954346
Reconstruction for fluence = 0.23357214690901223 photons/pixel
Epoch 0: loss = 0.08029243350028992
Epoch 1: loss = 0.03567946329712868
Epoch 2: loss = 0.03567324951291084
Epoch 3: loss = 0.03567303717136383
Epoch 4: loss = 0.03567297011613846
Epoch 5: loss = 0.03567297011613846
Epoch 6: loss = 0.03567297011613846
Early stopping at epoch 6 with loss 0.03567946329712868
Reconstruction for fluence = 0.5455594781168519 photons/pixel
Epoch 0: loss = 0.12137752026319504
Epoch 1: loss = 0.0458444207906723
Epoch 2: loss = 0.04583635553717613
Epoch 3: loss = 0.045836105942726135
Epoch 4: loss = 0.04583609849214554
Epoch 5: loss = 0.04583609476685524
Epoch 6: loss = 0.04583609476685524
Early stopping at epoch 6 with loss 0.0458444207906723
Reconstruction for fluence = 1.2742749857031335 photons/pixel
Epoch 0: loss = 0.19824160635471344
Epoch 1: loss = 0.054280586540699005
Epoch 2: loss = 0.05426524206995964
Epoch 3: loss = 0.054265107959508896
Epoch 4: loss = 0.054265107959508896
Epoch 5: loss = 0.0542650930583477
Epoch 6: loss = 0.0542650930583477
Early stopping at epoch 6 with loss 0.054280586540699005
Reconstruction for fluence = 2.976351441631318 photons/pixel
Epoch 0: loss = 0.3782479763031006
Epoch 1: loss = 0.06675361841917038
Epoch 2: loss = 0.06671415269374847
Epoch 3: loss = 0.06671261787414551
Epoch 4: loss = 0.06671251356601715
Epoch 5: loss = 0.06671251356601715
Epoch 6: loss = 0.06671249866485596
Early stopping at epoch 6 with loss 0.06675361841917038
Reconstruction for fluence = 6.9519279617756045 photons/pixel
Epoch 0: loss = 0.8028064370155334
Epoch 1: loss = 0.08425655961036682
Epoch 2: loss = 0.08417074382305145
Epoch 3: loss = 0.08416915684938431
Epoch 4: loss = 0.08416915684938431
Epoch 5: loss = 0.08416913449764252
Epoch 6: loss = 0.08416909724473953
Early stopping at epoch 6 with loss 0.08425655961036682
Reconstruction for fluence = 16.23776739188721 photons/pixel
Epoch 0: loss = 1.7835088968276978
Epoch 1: loss = 0.1136096715927124
Epoch 2: loss = 0.11335970461368561
Epoch 3: loss = 0.11335628479719162
Epoch 4: loss = 0.11335628479719162
Epoch 5: loss = 0.11335624754428864
Epoch 6: loss = 0.11335623264312744
Epoch 7: loss = 0.11335623264312744
Early stopping at epoch 7 with loss 0.11335970461368561
Reconstruction for fluence = 37.926901907322495 photons/pixel
Epoch 0: loss = 4.116791725158691
Epoch 1: loss = 0.15112712979316711
Epoch 2: loss = 0.15060566365718842
Epoch 3: loss = 0.1505998969078064
Epoch 4: loss = 0.15059919655323029
Epoch 5: loss = 0.15059919655323029
Epoch 6: loss = 0.15059919655323029
Epoch 7: loss = 0.15059919655323029
Early stopping at epoch 7 with loss 0.15060566365718842
Reconstruction for fluence = 88.58667904100822 photons/pixel
Epoch 0: loss = 9.548666954040527
Epoch 1: loss = 0.1926894187927246
Epoch 2: loss = 0.19178344309329987
Epoch 3: loss = 0.19178050756454468
Epoch 4: loss = 0.19178035855293274
Epoch 5: loss = 0.19178031384944916
Epoch 6: loss = 0.19178028404712677
Epoch 7: loss = 0.1917802393436432
Early stopping at epoch 7 with loss 0.19178344309329987
Reconstruction for fluence = 206.9138081114788 photons/pixel
Epoch 0: loss = 22.229328155517578
Epoch 1: loss = 0.23464512825012207
Epoch 2: loss = 0.2324693202972412
Epoch 3: loss = 0.23246604204177856
Epoch 4: loss = 0.23246601223945618
Epoch 5: loss = 0.2324659675359726
Epoch 6: loss = 0.2324659675359726
Epoch 7: loss = 0.232465922832489
Early stopping at epoch 7 with loss 0.2324693202972412
Reconstruction for fluence = 483.2930238571752 photons/pixel
Epoch 0: loss = 51.85352325439453
Epoch 1: loss = 0.26491615176200867
Epoch 2: loss = 0.26009804010391235
Epoch 3: loss = 0.26008960604667664
Epoch 4: loss = 0.2600882947444916
Epoch 5: loss = 0.2600882351398468
Epoch 6: loss = 0.2600882053375244
Epoch 7: loss = 0.2600882053375244
Early stopping at epoch 7 with loss 0.26009804010391235
Reconstruction for fluence = 1128.8378916846884 photons/pixel
Epoch 0: loss = 121.07913970947266
Epoch 1: loss = 0.280765563249588
Epoch 2: loss = 0.2735006511211395
Epoch 3: loss = 0.2734937369823456
Epoch 4: loss = 0.2734936773777008
Epoch 5: loss = 0.2734936773777008
Epoch 6: loss = 0.2734936773777008
Epoch 7: loss = 0.2734936773777008
Early stopping at epoch 7 with loss 0.2735006511211395
Reconstruction for fluence = 2636.6508987303555 photons/pixel
Epoch 0: loss = 282.643310546875
Epoch 1: loss = 0.2882436513900757
Epoch 2: loss = 0.2672485411167145
Epoch 3: loss = 0.26723793148994446
Epoch 4: loss = 0.26723790168762207
Epoch 5: loss = 0.2672378718852997
Epoch 6: loss = 0.2672378718852997
Epoch 7: loss = 0.2672378718852997
Early stopping at epoch 7 with loss 0.2672485411167145
Reconstruction for fluence = 6158.482110660255 photons/pixel
Epoch 0: loss = 660.2101440429688
Epoch 1: loss = 0.31394147872924805
Epoch 2: loss = 0.25765445828437805
Epoch 3: loss = 0.25762656331062317
Epoch 4: loss = 0.2576265037059784
Epoch 5: loss = 0.2576265037059784
Epoch 6: loss = 0.2576265037059784
Epoch 7: loss = 0.2576265037059784
Early stopping at epoch 7 with loss 0.25765445828437805
Reconstruction for fluence = 14384.498882876629 photons/pixel
Epoch 0: loss = 1541.8621826171875
Epoch 1: loss = 0.31632673740386963
Epoch 2: loss = 0.2490573674440384
Epoch 3: loss = 0.24903182685375214
Epoch 4: loss = 0.24903182685375214
Epoch 5: loss = 0.24903182685375214
Epoch 6: loss = 0.24903182685375214
Epoch 7: loss = 0.24903182685375214
Early stopping at epoch 7 with loss 0.2490573674440384
Reconstruction for fluence = 33598.18286283781 photons/pixel
Epoch 0: loss = 3601.47314453125
Epoch 1: loss = 0.46063199639320374
Epoch 2: loss = 0.24158111214637756
Epoch 3: loss = 0.2414260059595108
Epoch 4: loss = 0.24142593145370483
Epoch 5: loss = 0.24142591655254364
Epoch 6: loss = 0.24142591655254364
Epoch 7: loss = 0.24142591655254364
Epoch 8: loss = 0.24142591655254364
Early stopping at epoch 8 with loss 0.2414260059595108
Reconstruction for fluence = 78475.99703514607 photons/pixel
Epoch 0: loss = 8411.541015625
Epoch 1: loss = 0.8099185228347778
Epoch 2: loss = 0.2378857433795929
Epoch 3: loss = 0.23739276826381683
Epoch 4: loss = 0.23739270865917206
Epoch 5: loss = 0.23739269375801086
Epoch 6: loss = 0.23739266395568848
Epoch 7: loss = 0.23739266395568848
Epoch 8: loss = 0.23739266395568848
Early stopping at epoch 8 with loss 0.23739276826381683
Reconstruction for fluence = 183298.07108324335 photons/pixel
Epoch 0: loss = 19646.68359375
Epoch 1: loss = 1.7414212226867676
Epoch 2: loss = 0.23388835787773132
Epoch 3: loss = 0.23306941986083984
Epoch 4: loss = 0.23306916654109955
Epoch 5: loss = 0.23306916654109955
Epoch 6: loss = 0.23306916654109955
Epoch 7: loss = 0.23306916654109955
Epoch 8: loss = 0.23306916654109955
Early stopping at epoch 8 with loss 0.23306941986083984
Reconstruction for fluence = 428133.2398719387 photons/pixel
Epoch 0: loss = 45890.1484375
Epoch 1: loss = 4.078036785125732
Epoch 2: loss = 0.23267321288585663
Epoch 3: loss = 0.23117509484291077
Epoch 4: loss = 0.2311745434999466
Epoch 5: loss = 0.2311745434999466
Epoch 6: loss = 0.2311745434999466
Epoch 7: loss = 0.2311745434999466
Epoch 8: loss = 0.2311745434999466
Early stopping at epoch 8 with loss 0.23117509484291077
Reconstruction for fluence = 1000000.0 photons/pixel
Epoch 0: loss = 107185.78125
Epoch 1: loss = 6.876471996307373
Epoch 2: loss = 0.23444350063800812
Epoch 3: loss = 0.23020605742931366
Epoch 4: loss = 0.23020519316196442
Epoch 5: loss = 0.23020519316196442
Epoch 6: loss = 0.23020519316196442
Epoch 7: loss = 0.23020519316196442
Epoch 8: loss = 0.23020519316196442
Early stopping at epoch 8 with loss 0.23020605742931366
Tensors initialization on device cuda
Multiprobe = band_lim
torch.Size([1, 64, 64])

('MSE', 'PoissonNLL') RECONSTRUCTIONS

Reconstruction for fluence = 0.09999999999999999 photons/pixel
Epoch 0: loss = 0.052801407873630524
Epoch 1: loss = 0.023385167121887207
Epoch 2: loss = 0.023365352302789688
Epoch 3: loss = 0.023365352302789688
Epoch 4: loss = 0.023365352302789688
Epoch 5: loss = 0.023365352302789688
Epoch 6: loss = 0.023365352302789688
Early stopping at epoch 6 with loss 0.023385167121887207
Epoch 0: loss = 0.082870252430439
Epoch 1: loss = 0.06724481284618378
Epoch 2: loss = 0.06723325699567795
Epoch 3: loss = 0.06722843647003174
Epoch 4: loss = 0.0672282874584198
Epoch 5: loss = 0.0672282874584198
Epoch 6: loss = 0.0672282874584198
Early stopping at epoch 6 with loss 0.06724481284618378
Reconstruction for fluence = 0.23357214690901223 photons/pixel
Epoch 0: loss = 0.08542413264513016
Epoch 1: loss = 0.03697213903069496
Epoch 2: loss = 0.03697006776928902
Epoch 3: loss = 0.03697006776928902
Epoch 4: loss = 0.03697006776928902
Epoch 5: loss = 0.03697006776928902
Epoch 6: loss = 0.03697006776928902
Early stopping at epoch 6 with loss 0.03697213903069496
Epoch 0: loss = 0.10772174596786499
Epoch 1: loss = 0.09273882955312729
Epoch 2: loss = 0.09273634105920792
Epoch 3: loss = 0.09273631125688553
Epoch 4: loss = 0.09273631125688553
Epoch 5: loss = 0.09273631125688553
Epoch 6: loss = 0.09273631125688553
Early stopping at epoch 6 with loss 0.09273882955312729
Reconstruction for fluence = 0.5455594781168519 photons/pixel
Epoch 0: loss = 0.12847845256328583
Epoch 1: loss = 0.04865828901529312
Epoch 2: loss = 0.0486535020172596
Epoch 3: loss = 0.048653483390808105
Epoch 4: loss = 0.048653483390808105
Epoch 5: loss = 0.048653483390808105
Epoch 6: loss = 0.048653483390808105
Early stopping at epoch 6 with loss 0.04865828901529312
Epoch 0: loss = 0.0755067691206932
Epoch 1: loss = 0.06238440424203873
Epoch 2: loss = 0.06237776204943657
Epoch 3: loss = 0.062376152724027634
Epoch 4: loss = 0.062376029789447784
Epoch 5: loss = 0.06237602233886719
Epoch 6: loss = 0.06237602233886719
Early stopping at epoch 6 with loss 0.06238440424203873
Reconstruction for fluence = 1.2742749857031335 photons/pixel
Epoch 0: loss = 0.20966435968875885
Epoch 1: loss = 0.05671676620841026
Epoch 2: loss = 0.056696370244026184
Epoch 3: loss = 0.0566960833966732
Epoch 4: loss = 0.0566960833966732
Epoch 5: loss = 0.05669606849551201
Epoch 6: loss = 0.05669606849551201
Early stopping at epoch 6 with loss 0.05671676620841026
Epoch 0: loss = -0.21579982340335846
Epoch 1: loss = -0.22977443039417267
Epoch 2: loss = -0.22980372607707977
Epoch 3: loss = -0.22981227934360504
Epoch 4: loss = -0.2298133373260498
Epoch 5: loss = -0.2298133820295334
Epoch 6: loss = -0.2298133820295334
Early stopping at epoch 6 with loss -0.22977443039417267
Reconstruction for fluence = 2.976351441631318 photons/pixel
Epoch 0: loss = 0.3926559090614319
Epoch 1: loss = 0.0694040060043335
Epoch 2: loss = 0.06939642131328583
Epoch 3: loss = 0.06939615309238434
Epoch 4: loss = 0.0693960189819336
Epoch 5: loss = 0.069396011531353
Epoch 6: loss = 0.0693959966301918
Early stopping at epoch 6 with loss 0.0694040060043335
Epoch 0: loss = -1.412724256515503
Epoch 1: loss = -1.4334460496902466
Epoch 2: loss = -1.4334808588027954
Epoch 3: loss = -1.4334853887557983
Epoch 4: loss = -1.4334861040115356
Epoch 5: loss = -1.4334871768951416
Epoch 6: loss = -1.4334877729415894
Early stopping at epoch 6 with loss -1.4334460496902466
Reconstruction for fluence = 6.9519279617756045 photons/pixel
Epoch 0: loss = 0.8261327743530273
Epoch 1: loss = 0.08675915747880936
Epoch 2: loss = 0.0867413878440857
Epoch 3: loss = 0.0867413654923439
Epoch 4: loss = 0.08674135059118271
Epoch 5: loss = 0.08674135059118271
Epoch 6: loss = 0.08674135059118271
Early stopping at epoch 6 with loss 0.08675915747880936
Epoch 0: loss = -5.421566009521484
Epoch 1: loss = -5.448901653289795
Epoch 2: loss = -5.448977947235107
Epoch 3: loss = -5.448979377746582
Epoch 4: loss = -5.448979377746582
Epoch 5: loss = -5.448980808258057
Epoch 6: loss = -5.448980808258057
Early stopping at epoch 6 with loss -5.448901653289795
Reconstruction for fluence = 16.23776739188721 photons/pixel
Epoch 0: loss = 1.854768991470337
Epoch 1: loss = 0.11737371236085892
Epoch 2: loss = 0.11734656244516373
Epoch 3: loss = 0.11734636127948761
Epoch 4: loss = 0.11734633892774582
Epoch 5: loss = 0.11734633147716522
Epoch 6: loss = 0.11734628677368164
Early stopping at epoch 6 with loss 0.11737371236085892
Epoch 0: loss = -17.590576171875
Epoch 1: loss = -17.6256046295166
Epoch 2: loss = -17.625635147094727
Epoch 3: loss = -17.625682830810547
Epoch 4: loss = -17.62568473815918
Epoch 5: loss = -17.62568473815918
Epoch 6: loss = -17.625688552856445
Early stopping at epoch 6 with loss -17.6256046295166
Reconstruction for fluence = 37.926901907322495 photons/pixel
Epoch 0: loss = 4.260427951812744
Epoch 1: loss = 0.15384982526302338
Epoch 2: loss = 0.1538100689649582
Epoch 3: loss = 0.15380991995334625
Epoch 4: loss = 0.15380990505218506
Epoch 5: loss = 0.15380989015102386
Epoch 6: loss = 0.15380989015102386
Early stopping at epoch 6 with loss 0.15384982526302338
Epoch 0: loss = -52.74168014526367
Epoch 1: loss = -52.781150817871094
Epoch 2: loss = -52.78116989135742
Epoch 3: loss = -52.78118896484375
Epoch 4: loss = -52.78120040893555
Epoch 5: loss = -52.78120803833008
Epoch 6: loss = -52.781219482421875
Early stopping at epoch 6 with loss -52.781150817871094
Reconstruction for fluence = 88.58667904100822 photons/pixel
Epoch 0: loss = 9.878228187561035
Epoch 1: loss = 0.19834338128566742
Epoch 2: loss = 0.1982889175415039
Epoch 3: loss = 0.19828803837299347
Epoch 4: loss = 0.19828802347183228
Epoch 5: loss = 0.1982879936695099
Epoch 6: loss = 0.1982879936695099
Early stopping at epoch 6 with loss 0.19834338128566742
Epoch 0: loss = -150.30224609375
Epoch 1: loss = -150.34432983398438
Epoch 2: loss = -150.3444061279297
Epoch 3: loss = -150.3444061279297
Epoch 4: loss = -150.3444366455078
Epoch 5: loss = -150.3444366455078
Epoch 6: loss = -150.3444366455078
Early stopping at epoch 6 with loss -150.34432983398438
Reconstruction for fluence = 206.9138081114788 photons/pixel
Epoch 0: loss = 22.987361907958984
Epoch 1: loss = 0.23372575640678406
Epoch 2: loss = 0.23365828394889832
Epoch 3: loss = 0.23365801572799683
Epoch 4: loss = 0.23365794122219086
Epoch 5: loss = 0.23365792632102966
Epoch 6: loss = 0.23365794122219086
Early stopping at epoch 6 with loss 0.23372575640678406
Epoch 0: loss = -414.5428161621094
Epoch 1: loss = -414.5791320800781
Epoch 2: loss = -414.5791320800781
Epoch 3: loss = -414.57916259765625
Epoch 4: loss = -414.57916259765625
Epoch 5: loss = -414.57916259765625
Epoch 6: loss = -414.57916259765625
Early stopping at epoch 6 with loss -414.5791320800781
Reconstruction for fluence = 483.2930238571752 photons/pixel
Epoch 0: loss = 53.66923522949219
Epoch 1: loss = 0.2598440945148468
Epoch 2: loss = 0.2597552537918091
Epoch 3: loss = 0.2597551941871643
Epoch 4: loss = 0.2597551941871643
Epoch 5: loss = 0.2597551941871643
Epoch 6: loss = 0.2597551941871643
Early stopping at epoch 6 with loss 0.2598440945148468
Epoch 0: loss = -1114.7357177734375
Epoch 1: loss = -1114.7625732421875
Epoch 2: loss = -1114.7625732421875
Epoch 3: loss = -1114.7625732421875
Epoch 4: loss = -1114.7625732421875
Epoch 5: loss = -1114.7625732421875
Epoch 6: loss = -1114.7625732421875
Early stopping at epoch 6 with loss -1114.7625732421875
Reconstruction for fluence = 1128.8378916846884 photons/pixel
Epoch 0: loss = 125.2341079711914
Epoch 1: loss = 0.27332988381385803
Epoch 2: loss = 0.27308619022369385
Epoch 3: loss = 0.2730861306190491
Epoch 4: loss = 0.2730861306190491
Epoch 5: loss = 0.2730861306190491
Epoch 6: loss = 0.2730861306190491
Epoch 7: loss = 0.2730861306190491
Early stopping at epoch 7 with loss 0.27308619022369385
Epoch 0: loss = -2949.300537109375
Epoch 1: loss = -2949.318115234375
Epoch 2: loss = -2949.318115234375
Epoch 3: loss = -2949.318115234375
Epoch 4: loss = -2949.318115234375
Epoch 5: loss = -2949.318115234375
Epoch 6: loss = -2949.318115234375
Early stopping at epoch 6 with loss -2949.318115234375
Reconstruction for fluence = 2636.6508987303555 photons/pixel
Epoch 0: loss = 292.4489440917969
Epoch 1: loss = 0.26937058568000793
Epoch 2: loss = 0.26892319321632385
Epoch 3: loss = 0.2689231038093567
Epoch 4: loss = 0.2689231038093567
Epoch 5: loss = 0.2689231038093567
Epoch 6: loss = 0.2689231038093567
Epoch 7: loss = 0.2689231038093567
Early stopping at epoch 7 with loss 0.26892319321632385
Epoch 0: loss = -7694.23681640625
Epoch 1: loss = -7694.24658203125
Epoch 2: loss = -7694.24658203125
Epoch 3: loss = -7694.24755859375
Epoch 4: loss = -7694.24658203125
Epoch 5: loss = -7694.24658203125
Epoch 6: loss = -7694.24658203125
Epoch 7: loss = -7694.24658203125
Epoch 8: loss = -7694.24658203125
Early stopping at epoch 8 with loss -7694.24755859375
Reconstruction for fluence = 6158.482110660255 photons/pixel
Epoch 0: loss = 682.98388671875
Epoch 1: loss = 0.26163798570632935
Epoch 2: loss = 0.2588425278663635
Epoch 3: loss = 0.25884249806404114
Epoch 4: loss = 0.2588425278663635
Epoch 5: loss = 0.2588425278663635
Epoch 6: loss = 0.2588425278663635
Epoch 7: loss = 0.2588425278663635
Early stopping at epoch 7 with loss 0.2588425278663635
Epoch 0: loss = -19850.6953125
Epoch 1: loss = -19850.69921875
Epoch 2: loss = -19850.701171875
Epoch 3: loss = -19850.701171875
Epoch 4: loss = -19850.701171875
Epoch 5: loss = -19850.701171875
Epoch 6: loss = -19850.701171875
Epoch 7: loss = -19850.701171875
Early stopping at epoch 7 with loss -19850.701171875
Reconstruction for fluence = 14384.498882876629 photons/pixel
Epoch 0: loss = 1595.3551025390625
Epoch 1: loss = 0.2507527768611908
Epoch 2: loss = 0.24713748693466187
Epoch 3: loss = 0.24713748693466187
Epoch 4: loss = 0.24713748693466187
Epoch 5: loss = 0.24713748693466187
Epoch 6: loss = 0.24713748693466187
Epoch 7: loss = 0.24713748693466187
Early stopping at epoch 7 with loss 0.24713748693466187
Epoch 0: loss = -50760.4921875
Epoch 1: loss = -50760.4921875
Epoch 2: loss = -50760.4921875
Epoch 3: loss = -50760.4921875
Epoch 4: loss = -50760.4921875
Epoch 5: loss = -50760.4921875
Early stopping at epoch 5 with loss -50760.4921875
Reconstruction for fluence = 33598.18286283781 photons/pixel
Epoch 0: loss = 3725.9658203125
Epoch 1: loss = 0.24612124264240265
Epoch 2: loss = 0.24040645360946655
Epoch 3: loss = 0.24040640890598297
Epoch 4: loss = 0.24040640890598297
Epoch 5: loss = 0.24040640890598297
Epoch 6: loss = 0.24040640890598297
Epoch 7: loss = 0.24040640890598297
Early stopping at epoch 7 with loss 0.24040645360946655
Epoch 0: loss = -128825.796875
Epoch 1: loss = -128825.796875
Epoch 2: loss = -128825.8046875
Epoch 3: loss = -128825.8046875
Epoch 4: loss = -128825.8046875
Epoch 5: loss = -128825.8046875
Epoch 6: loss = -128825.8046875
Epoch 7: loss = -128825.8046875
Early stopping at epoch 7 with loss -128825.8046875
Reconstruction for fluence = 78475.99703514607 photons/pixel
Epoch 0: loss = 8703.1083984375
Epoch 1: loss = 0.250808447599411
Epoch 2: loss = 0.23471000790596008
Epoch 3: loss = 0.2347099483013153
Epoch 4: loss = 0.2347099483013153
Epoch 5: loss = 0.2347099483013153
Epoch 6: loss = 0.2347099483013153
Epoch 7: loss = 0.2347099483013153
Early stopping at epoch 7 with loss 0.23471000790596008
Epoch 0: loss = -324858.09375
Epoch 1: loss = -324858.09375
Epoch 2: loss = -324858.09375
Epoch 3: loss = -324858.09375
Epoch 4: loss = -324858.09375
Epoch 5: loss = -324858.09375
Early stopping at epoch 5 with loss -324858.09375
Reconstruction for fluence = 183298.07108324335 photons/pixel
Epoch 0: loss = 20327.501953125
Epoch 1: loss = 0.265725314617157
Epoch 2: loss = 0.23309014737606049
Epoch 3: loss = 0.23308993875980377
Epoch 4: loss = 0.23308993875980377
Epoch 5: loss = 0.23308993875980377
Epoch 6: loss = 0.23308993875980377
Epoch 7: loss = 0.23308993875980377
Early stopping at epoch 7 with loss 0.23309014737606049
Epoch 0: loss = -814778.125
Epoch 1: loss = -814778.125
Epoch 2: loss = -814778.125
Epoch 3: loss = -814778.125
Epoch 4: loss = -814778.125
Epoch 5: loss = -814778.125
Early stopping at epoch 5 with loss -814778.125
Reconstruction for fluence = 428133.2398719387 photons/pixel
Epoch 0: loss = 47479.44921875
Epoch 1: loss = 0.3095681071281433
Epoch 2: loss = 0.23079511523246765
Epoch 3: loss = 0.23079460859298706
Epoch 4: loss = 0.23079460859298706
Epoch 5: loss = 0.2307945042848587
Epoch 6: loss = 0.2307945042848587
Epoch 7: loss = 0.2307945042848587
Early stopping at epoch 7 with loss 0.23079511523246765
Epoch 0: loss = -2033830.25
Epoch 1: loss = -2033830.0
Epoch 2: loss = -2033830.0
Epoch 3: loss = -2033830.0
Epoch 4: loss = -2033830.0
Epoch 5: loss = -2033830.0
Early stopping at epoch 5 with loss -2033830.25
Reconstruction for fluence = 1000000.0 photons/pixel
Epoch 0: loss = 110898.1640625
Epoch 1: loss = 0.4190261662006378
Epoch 2: loss = 0.23057955503463745
Epoch 3: loss = 0.2305779606103897
Epoch 4: loss = 0.2305779606103897
Epoch 5: loss = 0.2305779606103897
Epoch 6: loss = 0.2305779606103897
Epoch 7: loss = 0.2305779606103897
Early stopping at epoch 7 with loss 0.23057955503463745
Epoch 0: loss = -5055848.0
Epoch 1: loss = -5055848.0
Epoch 2: loss = -5055848.0
Epoch 3: loss = -5055848.0
Epoch 4: loss = -5055848.0
Epoch 5: loss = -5055848.0
Early stopping at epoch 5 with loss -5055848.0
Simulation for steps_size=13 and n_fluences=20 completed!
