Running simulation for steps_size=1 and n_fluences=20
Steps size: 1
Tensors initialization on device cuda
Multiprobe = None

('MSE', None) RECONSTRUCTIONS

Reconstruction for fluence = 0.09999999999999999 photons/pixel
Epoch 0: loss = 0.0002220820024376735
Epoch 1: loss = 0.0002220820024376735
Epoch 2: loss = 0.0002220820024376735
Epoch 3: loss = 0.0002220820024376735
Epoch 4: loss = 0.0002220820024376735
Epoch 5: loss = 0.0002220820024376735
Early stopping at epoch 5 with loss 0.0002220820024376735
Reconstruction for fluence = 0.23357214690901223 photons/pixel
Epoch 0: loss = 0.0005119326524436474
Epoch 1: loss = 0.0005119326524436474
Epoch 2: loss = 0.0005119326524436474
Epoch 3: loss = 0.0005119326524436474
Epoch 4: loss = 0.0005119326524436474
Epoch 5: loss = 0.0005119326524436474
Early stopping at epoch 5 with loss 0.0005119326524436474
Reconstruction for fluence = 0.5455594781168519 photons/pixel
Epoch 0: loss = 0.001212133327499032
Epoch 1: loss = 0.001212133327499032
Epoch 2: loss = 0.001212133327499032
Epoch 3: loss = 0.001212133327499032
Epoch 4: loss = 0.001212133327499032
Epoch 5: loss = 0.001212133327499032
Early stopping at epoch 5 with loss 0.001212133327499032
Reconstruction for fluence = 1.2742749857031335 photons/pixel
Epoch 0: loss = 0.002892383374273777
Epoch 1: loss = 0.002892383374273777
Epoch 2: loss = 0.002892383374273777
Epoch 3: loss = 0.002892383374273777
Epoch 4: loss = 0.002892383374273777
Epoch 5: loss = 0.002892383374273777
Early stopping at epoch 5 with loss 0.002892383374273777
Reconstruction for fluence = 2.976351441631318 photons/pixel
Epoch 0: loss = 0.00696462020277977
Epoch 1: loss = 0.006964574567973614
Epoch 2: loss = 0.00696452846750617
Epoch 3: loss = 0.006964482367038727
Epoch 4: loss = 0.006964435800909996
Epoch 5: loss = 0.00696439016610384
Early stopping at epoch 5 with loss 0.00696462020277977
Reconstruction for fluence = 6.9519279617756045 photons/pixel
Epoch 0: loss = 0.017755594104528427
Epoch 1: loss = 0.01775423437356949
Epoch 2: loss = 0.0177528765052557
Epoch 3: loss = 0.01775151863694191
Epoch 4: loss = 0.017750166356563568
Epoch 5: loss = 0.017748810350894928
Early stopping at epoch 5 with loss 0.017755594104528427
Reconstruction for fluence = 16.23776739188721 photons/pixel
Epoch 0: loss = 0.04892789199948311
Epoch 1: loss = 0.03552750498056412
Epoch 2: loss = 0.035527221858501434
Epoch 3: loss = 0.035527221858501434
Epoch 4: loss = 0.035527221858501434
Epoch 5: loss = 0.035527221858501434
Epoch 6: loss = 0.035527221858501434
Early stopping at epoch 6 with loss 0.03552750498056412
Reconstruction for fluence = 37.926901907322495 photons/pixel
Epoch 0: loss = 0.1559293568134308
Epoch 1: loss = 0.08315955847501755
Epoch 2: loss = 0.08315514028072357
Epoch 3: loss = 0.08315514028072357
Epoch 4: loss = 0.08315514028072357
Epoch 5: loss = 0.08315514028072357
Epoch 6: loss = 0.08315514028072357
Early stopping at epoch 6 with loss 0.08315955847501755
Reconstruction for fluence = 88.58667904100822 photons/pixel
Epoch 0: loss = 0.5901702642440796
Epoch 1: loss = 0.19461703300476074
Epoch 2: loss = 0.19459952414035797
Epoch 3: loss = 0.19459794461727142
Epoch 4: loss = 0.1945977807044983
Epoch 5: loss = 0.1945977807044983
Epoch 6: loss = 0.1945977807044983
Early stopping at epoch 6 with loss 0.19461703300476074
Reconstruction for fluence = 206.9138081114788 photons/pixel
Epoch 0: loss = 2.615849494934082
Epoch 1: loss = 0.4540535807609558
Epoch 2: loss = 0.45398205518722534
Epoch 3: loss = 0.45397433638572693
Epoch 4: loss = 0.4539731740951538
Epoch 5: loss = 0.45397281646728516
Epoch 6: loss = 0.453972727060318
Early stopping at epoch 6 with loss 0.4540535807609558
Reconstruction for fluence = 483.2930238571752 photons/pixel
Epoch 0: loss = 12.848382949829102
Epoch 1: loss = 1.061057686805725
Epoch 2: loss = 1.0607643127441406
Epoch 3: loss = 1.060726284980774
Epoch 4: loss = 1.0607175827026367
Epoch 5: loss = 1.0607166290283203
Epoch 6: loss = 1.0607166290283203
Epoch 7: loss = 1.060716152191162
Early stopping at epoch 7 with loss 1.0607643127441406
Reconstruction for fluence = 1128.8378916846884 photons/pixel
Epoch 0: loss = 66.76554870605469
Epoch 1: loss = 2.475255012512207
Epoch 2: loss = 2.4737601280212402
Epoch 3: loss = 2.473568916320801
Epoch 4: loss = 2.4735164642333984
Epoch 5: loss = 2.4735031127929688
Epoch 6: loss = 2.4735031127929688
Epoch 7: loss = 2.4735026359558105
Epoch 8: loss = 2.473501682281494
Early stopping at epoch 8 with loss 2.473568916320801
Reconstruction for fluence = 2636.6508987303555 photons/pixel
Epoch 0: loss = 356.622314453125
Epoch 1: loss = 5.7909746170043945
Epoch 2: loss = 5.783330917358398
Epoch 3: loss = 5.782345771789551
Epoch 4: loss = 5.78223991394043
Epoch 5: loss = 5.782049179077148
Epoch 6: loss = 5.781996726989746
Epoch 7: loss = 5.781984329223633
Epoch 8: loss = 5.781981945037842
Epoch 9: loss = 5.781979560852051
Epoch 10: loss = 5.781979560852051
Early stopping at epoch 10 with loss 5.782049179077148
Reconstruction for fluence = 6158.482110660255 photons/pixel
Epoch 0: loss = 1926.914306640625
Epoch 1: loss = 13.56881332397461
Epoch 2: loss = 13.528373718261719
Epoch 3: loss = 13.522658348083496
Epoch 4: loss = 13.521291732788086
Epoch 5: loss = 13.520944595336914
Epoch 6: loss = 13.520828247070312
Epoch 7: loss = 13.520795822143555
Epoch 8: loss = 13.520772933959961
Epoch 9: loss = 13.520767211914062
Epoch 10: loss = 13.52076530456543
Epoch 11: loss = 13.520760536193848
Early stopping at epoch 11 with loss 13.520828247070312
Reconstruction for fluence = 14384.498882876629 photons/pixel
Epoch 0: loss = 10471.666015625
Epoch 1: loss = 31.821781158447266
Epoch 2: loss = 31.60137176513672
Epoch 3: loss = 31.57331085205078
Epoch 4: loss = 31.566207885742188
Epoch 5: loss = 31.564289093017578
Epoch 6: loss = 31.563663482666016
Epoch 7: loss = 31.56340217590332
Epoch 8: loss = 31.563278198242188
Epoch 9: loss = 31.563243865966797
Epoch 10: loss = 31.563230514526367
Epoch 11: loss = 31.56322479248047
Epoch 12: loss = 31.563217163085938
Epoch 13: loss = 31.56321144104004
Early stopping at epoch 13 with loss 31.563278198242188
Reconstruction for fluence = 33598.18286283781 photons/pixel
Epoch 0: loss = 57029.0390625
Epoch 1: loss = 75.09159851074219
Epoch 2: loss = 73.89427947998047
Epoch 3: loss = 73.74042510986328
Epoch 4: loss = 73.6974868774414
Epoch 5: loss = 73.68663024902344
Epoch 6: loss = 73.68314361572266
Epoch 7: loss = 73.68170166015625
Epoch 8: loss = 73.6810302734375
Epoch 9: loss = 73.68074035644531
Epoch 10: loss = 73.68067932128906
Epoch 11: loss = 73.68063354492188
Epoch 12: loss = 73.68061828613281
Epoch 13: loss = 73.68059539794922
Epoch 14: loss = 73.68057250976562
Epoch 15: loss = 73.68057250976562
Epoch 16: loss = 73.68055725097656
Early stopping at epoch 16 with loss 73.68063354492188
Reconstruction for fluence = 78475.99703514607 photons/pixel
Epoch 0: loss = 310886.65625
Epoch 1: loss = 178.78375244140625
Epoch 2: loss = 172.26248168945312
Epoch 3: loss = 171.4375457763672
Epoch 4: loss = 171.19961547851562
Epoch 5: loss = 171.13992309570312
Epoch 6: loss = 171.12123107910156
Epoch 7: loss = 171.11300659179688
Epoch 8: loss = 171.10919189453125
Epoch 9: loss = 171.1075439453125
Epoch 10: loss = 171.10679626464844
Epoch 11: loss = 171.10675048828125
Epoch 12: loss = 171.10665893554688
Epoch 13: loss = 171.1065673828125
Epoch 14: loss = 171.10650634765625
Epoch 15: loss = 171.10641479492188
Epoch 16: loss = 171.10641479492188
Epoch 17: loss = 171.10638427734375
Epoch 18: loss = 171.10635375976562
Epoch 19: loss = 171.1063232421875
Epoch 20: loss = 171.10630798339844
Epoch 21: loss = 171.10629272460938
Epoch 22: loss = 171.10626220703125
Epoch 23: loss = 171.10623168945312
Epoch 24: loss = 171.106201171875
Epoch 25: loss = 171.106201171875
Epoch 26: loss = 171.10618591308594
Epoch 27: loss = 171.10617065429688
Early stopping at epoch 27 with loss 171.10626220703125
Reconstruction for fluence = 183298.07108324335 photons/pixel
Epoch 0: loss = 1695419.75
Epoch 1: loss = 441.2664489746094
Epoch 2: loss = 405.61407470703125
Epoch 3: loss = 401.07012939453125
Epoch 4: loss = 399.94708251953125
Epoch 5: loss = 399.6527099609375
Epoch 6: loss = 399.5531005859375
Epoch 7: loss = 399.5126953125
Epoch 8: loss = 399.4923400878906
Epoch 9: loss = 399.4827575683594
Epoch 10: loss = 399.47821044921875
Epoch 11: loss = 399.47589111328125
Epoch 12: loss = 399.47540283203125
Epoch 13: loss = 399.475341796875
Epoch 14: loss = 399.4749450683594
Epoch 15: loss = 399.474853515625
Epoch 16: loss = 399.4747314453125
Epoch 17: loss = 399.47467041015625
Epoch 18: loss = 399.4744873046875
Epoch 19: loss = 399.4744873046875
Epoch 20: loss = 399.47442626953125
Epoch 21: loss = 399.474365234375
Epoch 22: loss = 399.47430419921875
Epoch 23: loss = 399.4742431640625
Epoch 24: loss = 399.47418212890625
Epoch 25: loss = 399.47412109375
Epoch 26: loss = 399.47412109375
Epoch 27: loss = 399.47412109375
Epoch 28: loss = 399.47406005859375
Epoch 29: loss = 399.4740295410156
Epoch 30: loss = 399.4739990234375
Epoch 31: loss = 399.4739990234375
Epoch 32: loss = 399.47393798828125
Epoch 33: loss = 399.47393798828125
Epoch 34: loss = 399.47393798828125
Epoch 35: loss = 399.47393798828125
Early stopping at epoch 35 with loss 399.4739990234375
Reconstruction for fluence = 428133.2398719387 photons/pixel
Epoch 0: loss = 9249184.0
Epoch 1: loss = 1166.688720703125
Epoch 2: loss = 972.434326171875
Epoch 3: loss = 947.4710083007812
Epoch 4: loss = 941.3572998046875
Epoch 5: loss = 939.66064453125
Epoch 6: loss = 939.04638671875
Epoch 7: loss = 938.8126220703125
Epoch 8: loss = 938.70068359375
Epoch 9: loss = 938.6483154296875
Epoch 10: loss = 938.6236572265625
Epoch 11: loss = 938.611083984375
Epoch 12: loss = 938.60595703125
Epoch 13: loss = 938.6030883789062
Epoch 14: loss = 938.6016845703125
Epoch 15: loss = 938.601318359375
Epoch 16: loss = 938.601318359375
Epoch 17: loss = 938.6011352539062
Epoch 18: loss = 938.60107421875
Epoch 19: loss = 938.6009521484375
Epoch 20: loss = 938.6009521484375
Epoch 21: loss = 938.600830078125
Epoch 22: loss = 938.600830078125
Epoch 23: loss = 938.6007690429688
Epoch 24: loss = 938.6007080078125
Epoch 25: loss = 938.6007080078125
Epoch 26: loss = 938.6006469726562
Epoch 27: loss = 938.6005859375
Epoch 28: loss = 938.6004638671875
Epoch 29: loss = 938.6004028320312
Epoch 30: loss = 938.600341796875
Epoch 31: loss = 938.600341796875
Epoch 32: loss = 938.600341796875
Epoch 33: loss = 938.6002807617188
Epoch 34: loss = 938.6002807617188
Early stopping at epoch 34 with loss 938.6004028320312
Reconstruction for fluence = 1000000.0 photons/pixel
Epoch 0: loss = 50457208.0
Epoch 1: loss = 3433.222900390625
Epoch 2: loss = 2372.24169921875
Epoch 3: loss = 2236.209716796875
Epoch 4: loss = 2202.626220703125
Epoch 5: loss = 2193.821533203125
Epoch 6: loss = 2190.80029296875
Epoch 7: loss = 2189.52978515625
Epoch 8: loss = 2188.935546875
Epoch 9: loss = 2188.6494140625
Epoch 10: loss = 2188.514404296875
Epoch 11: loss = 2188.450439453125
Epoch 12: loss = 2188.420654296875
Epoch 13: loss = 2188.40576171875
Epoch 14: loss = 2188.4033203125
Epoch 15: loss = 2188.3994140625
Epoch 16: loss = 2188.39794921875
Epoch 17: loss = 2188.39697265625
Epoch 18: loss = 2188.396240234375
Epoch 19: loss = 2188.395263671875
Epoch 20: loss = 2188.39453125
Epoch 21: loss = 2188.3935546875
Epoch 22: loss = 2188.39306640625
Epoch 23: loss = 2188.39306640625
Epoch 24: loss = 2188.39306640625
Epoch 25: loss = 2188.392578125
Epoch 26: loss = 2188.392578125
Epoch 27: loss = 2188.391357421875
Epoch 28: loss = 2188.39111328125
Epoch 29: loss = 2188.39111328125
Epoch 30: loss = 2188.39111328125
Epoch 31: loss = 2188.390869140625
Epoch 32: loss = 2188.390625
Epoch 33: loss = 2188.390625
Epoch 34: loss = 2188.390625
Epoch 35: loss = 2188.39013671875
Epoch 36: loss = 2188.39013671875
Epoch 37: loss = 2188.39013671875
Epoch 38: loss = 2188.39013671875
Epoch 39: loss = 2188.389892578125
Epoch 40: loss = 2188.3896484375
Epoch 41: loss = 2188.3896484375
Epoch 42: loss = 2188.3896484375
Epoch 43: loss = 2188.3896484375
Epoch 44: loss = 2188.3896484375
Epoch 45: loss = 2188.3896484375
Early stopping at epoch 45 with loss 2188.3896484375
Tensors initialization on device cuda
Multiprobe = None

('MSE', 'PoissonNLL') RECONSTRUCTIONS

Reconstruction for fluence = 0.09999999999999999 photons/pixel
Epoch 0: loss = 0.00022314682428259403
Epoch 1: loss = 0.00022314682428259403
Epoch 2: loss = 0.00022314682428259403
Epoch 3: loss = 0.00022314682428259403
Epoch 4: loss = 0.00022314682428259403
Epoch 5: loss = 0.00022314682428259403
Early stopping at epoch 5 with loss 0.00022314682428259403
Epoch 0: loss = 0.0018090280937030911
Epoch 1: loss = 0.0018090280937030911
Epoch 2: loss = 0.0018090280937030911
Epoch 3: loss = 0.0018090280937030911
Epoch 4: loss = 0.0018090280937030911
Epoch 5: loss = 0.0018090280937030911
Early stopping at epoch 5 with loss 0.0018090280937030911
Reconstruction for fluence = 0.23357214690901223 photons/pixel
Epoch 0: loss = 0.0005141501314938068
Epoch 1: loss = 0.0005141501314938068
Epoch 2: loss = 0.0005141501314938068
Epoch 3: loss = 0.0005141501314938068
Epoch 4: loss = 0.0005141501314938068
Epoch 5: loss = 0.0005141501314938068
Early stopping at epoch 5 with loss 0.0005141501314938068
Epoch 0: loss = 0.0037641713861376047
Epoch 1: loss = 0.0037641713861376047
Epoch 2: loss = 0.0037641713861376047
Epoch 3: loss = 0.0037641713861376047
Epoch 4: loss = 0.0037641713861376047
Epoch 5: loss = 0.0037641713861376047
Early stopping at epoch 5 with loss 0.0037641713861376047
Reconstruction for fluence = 0.5455594781168519 photons/pixel
Epoch 0: loss = 0.0012253336608409882
Epoch 1: loss = 0.0012253336608409882
Epoch 2: loss = 0.0012253336608409882
Epoch 3: loss = 0.0012253336608409882
Epoch 4: loss = 0.0012253336608409882
Epoch 5: loss = 0.0012253336608409882
Early stopping at epoch 5 with loss 0.0012253336608409882
Epoch 0: loss = 0.00788118876516819
Epoch 1: loss = 0.007881177589297295
Epoch 2: loss = 0.007881157100200653
Epoch 3: loss = 0.007881060242652893
Epoch 4: loss = 0.007879363372921944
Epoch 5: loss = 0.007871503010392189
Early stopping at epoch 5 with loss 0.00788118876516819
Reconstruction for fluence = 1.2742749857031335 photons/pixel
Epoch 0: loss = 0.00289712380617857
Epoch 1: loss = 0.00289712380617857
Epoch 2: loss = 0.00289712380617857
Epoch 3: loss = 0.00289712380617857
Epoch 4: loss = 0.00289712380617857
Epoch 5: loss = 0.00289712380617857
Early stopping at epoch 5 with loss 0.00289712380617857
Epoch 0: loss = 0.01607443392276764
Epoch 1: loss = 0.016067296266555786
Epoch 2: loss = 0.013664152473211288
Epoch 3: loss = 0.013623125851154327
Epoch 4: loss = 0.013623125851154327
Epoch 5: loss = 0.013623125851154327
Epoch 6: loss = 0.013623125851154327
Epoch 7: loss = 0.013623125851154327
Early stopping at epoch 7 with loss 0.013664152473211288
Reconstruction for fluence = 2.976351441631318 photons/pixel
Epoch 0: loss = 0.00699484720826149
Epoch 1: loss = 0.006994801573455334
Epoch 2: loss = 0.0069947559386491776
Epoch 3: loss = 0.006994710303843021
Epoch 4: loss = 0.006994664669036865
Epoch 5: loss = 0.006994618568569422
Early stopping at epoch 5 with loss 0.00699484720826149
Epoch 0: loss = 0.03206956759095192
Epoch 1: loss = 0.026276161894202232
Epoch 2: loss = 0.02627335488796234
Epoch 3: loss = 0.02627335488796234
Epoch 4: loss = 0.02627335488796234
Epoch 5: loss = 0.02627335488796234
Epoch 6: loss = 0.02627335488796234
Early stopping at epoch 6 with loss 0.026276161894202232
Reconstruction for fluence = 6.9519279617756045 photons/pixel
Epoch 0: loss = 0.01770656183362007
Epoch 1: loss = 0.017705196514725685
Epoch 2: loss = 0.01770382933318615
Epoch 3: loss = 0.017702464014291763
Epoch 4: loss = 0.017701100558042526
Epoch 5: loss = 0.01769973710179329
Early stopping at epoch 5 with loss 0.01770656183362007
Epoch 0: loss = 0.06234649196267128
Epoch 1: loss = 0.04839298129081726
Epoch 2: loss = 0.04839232191443443
Epoch 3: loss = 0.04839232191443443
Epoch 4: loss = 0.04839232191443443
Epoch 5: loss = 0.04839232191443443
Epoch 6: loss = 0.04839232191443443
Early stopping at epoch 6 with loss 0.04839298129081726
Reconstruction for fluence = 16.23776739188721 photons/pixel
Epoch 0: loss = 0.04899780824780464
Epoch 1: loss = 0.035630516707897186
Epoch 2: loss = 0.035630516707897186
Epoch 3: loss = 0.035630516707897186
Epoch 4: loss = 0.035630516707897186
Epoch 5: loss = 0.035630516707897186
Epoch 6: loss = 0.035630516707897186
Early stopping at epoch 6 with loss 0.035630516707897186
Epoch 0: loss = 0.08370622992515564
Epoch 1: loss = 0.0830700621008873
Epoch 2: loss = 0.08306834846735
Epoch 3: loss = 0.08306834846735
Epoch 4: loss = 0.08306834846735
Epoch 5: loss = 0.08306834846735
Epoch 6: loss = 0.08306834846735
Early stopping at epoch 6 with loss 0.0830700621008873
Reconstruction for fluence = 37.926901907322495 photons/pixel
Epoch 0: loss = 0.15611225366592407
Epoch 1: loss = 0.08335866034030914
Epoch 2: loss = 0.08335413038730621
Epoch 3: loss = 0.08335413038730621
Epoch 4: loss = 0.08335413038730621
Epoch 5: loss = 0.08335413038730621
Epoch 6: loss = 0.08335413038730621
Early stopping at epoch 6 with loss 0.08335866034030914
Epoch 0: loss = 0.1243702620267868
Epoch 1: loss = 0.1234670877456665
Epoch 2: loss = 0.12346310168504715
Epoch 3: loss = 0.12346310168504715
Epoch 4: loss = 0.12346310168504715
Epoch 5: loss = 0.12346310168504715
Epoch 6: loss = 0.12346310168504715
Early stopping at epoch 6 with loss 0.1234670877456665
Reconstruction for fluence = 88.58667904100822 photons/pixel
Epoch 0: loss = 0.5910595655441284
Epoch 1: loss = 0.19462622702121735
Epoch 2: loss = 0.19460998475551605
Epoch 3: loss = 0.1946086287498474
Epoch 4: loss = 0.19460834562778473
Epoch 5: loss = 0.19460834562778473
Epoch 6: loss = 0.19460834562778473
Early stopping at epoch 6 with loss 0.19462622702121735
Epoch 0: loss = 0.1246490627527237
Epoch 1: loss = 0.1234729140996933
Epoch 2: loss = 0.12346941977739334
Epoch 3: loss = 0.12346941977739334
Epoch 4: loss = 0.12346941977739334
Epoch 5: loss = 0.12346941977739334
Epoch 6: loss = 0.12346941977739334
Early stopping at epoch 6 with loss 0.1234729140996933
Reconstruction for fluence = 206.9138081114788 photons/pixel
Epoch 0: loss = 2.6136865615844727
Epoch 1: loss = 0.4533730745315552
Epoch 2: loss = 0.4533025026321411
Epoch 3: loss = 0.45329511165618896
Epoch 4: loss = 0.45329388976097107
Epoch 5: loss = 0.45329374074935913
Epoch 6: loss = 0.45329368114471436
Early stopping at epoch 6 with loss 0.4533730745315552
Epoch 0: loss = -0.09576386958360672
Epoch 1: loss = -0.09715275466442108
Epoch 2: loss = -0.09715376794338226
Epoch 3: loss = -0.09715376794338226
Epoch 4: loss = -0.09715376794338226
Epoch 5: loss = -0.09715376794338226
Epoch 6: loss = -0.09715376794338226
Early stopping at epoch 6 with loss -0.09715275466442108
Reconstruction for fluence = 483.2930238571752 photons/pixel
Epoch 0: loss = 12.840391159057617
Epoch 1: loss = 1.0595659017562866
Epoch 2: loss = 1.0592706203460693
Epoch 3: loss = 1.0592321157455444
Epoch 4: loss = 1.0592238903045654
Epoch 5: loss = 1.0592236518859863
Epoch 6: loss = 1.05922269821167
Epoch 7: loss = 1.0592224597930908
Early stopping at epoch 7 with loss 1.0592706203460693
Epoch 0: loss = -1.1265034675598145
Epoch 1: loss = -1.1281918287277222
Epoch 2: loss = -1.1281919479370117
Epoch 3: loss = -1.1281920671463013
Epoch 4: loss = -1.1281920671463013
Epoch 5: loss = -1.1281920671463013
Epoch 6: loss = -1.1281920671463013
Early stopping at epoch 6 with loss -1.1281918287277222
Reconstruction for fluence = 1128.8378916846884 photons/pixel
Epoch 0: loss = 66.76165008544922
Epoch 1: loss = 2.477346897125244
Epoch 2: loss = 2.475872755050659
Epoch 3: loss = 2.4757018089294434
Epoch 4: loss = 2.475641965866089
Epoch 5: loss = 2.475630283355713
Epoch 6: loss = 2.4756298065185547
Epoch 7: loss = 2.4756293296813965
Epoch 8: loss = 2.4756288528442383
Early stopping at epoch 8 with loss 2.4757018089294434
Epoch 0: loss = -4.735913276672363
Epoch 1: loss = -4.737853050231934
Epoch 2: loss = -4.737853050231934
Epoch 3: loss = -4.737853050231934
Epoch 4: loss = -4.737853050231934
Epoch 5: loss = -4.737853050231934
Epoch 6: loss = -4.737853050231934
Early stopping at epoch 6 with loss -4.737853050231934
Reconstruction for fluence = 2636.6508987303555 photons/pixel
Epoch 0: loss = 356.55902099609375
Epoch 1: loss = 5.7962141036987305
Epoch 2: loss = 5.7890167236328125
Epoch 3: loss = 5.788037300109863
Epoch 4: loss = 5.7877888679504395
Epoch 5: loss = 5.787724494934082
Epoch 6: loss = 5.787703514099121
Epoch 7: loss = 5.7876996994018555
Epoch 8: loss = 5.787698745727539
Epoch 9: loss = 5.787697792053223
Early stopping at epoch 9 with loss 5.7877888679504395
Epoch 0: loss = -15.977728843688965
Epoch 1: loss = -15.979743003845215
Epoch 2: loss = -15.979744911193848
Epoch 3: loss = -15.979744911193848
Epoch 4: loss = -15.979745864868164
Epoch 5: loss = -15.979745864868164
Epoch 6: loss = -15.979745864868164
Early stopping at epoch 6 with loss -15.979743003845215
Reconstruction for fluence = 6158.482110660255 photons/pixel
Epoch 0: loss = 1927.1302490234375
Epoch 1: loss = 13.546514511108398
Epoch 2: loss = 13.506366729736328
Epoch 3: loss = 13.500938415527344
Epoch 4: loss = 13.499558448791504
Epoch 5: loss = 13.499195098876953
Epoch 6: loss = 13.499077796936035
Epoch 7: loss = 13.49905014038086
Epoch 8: loss = 13.49901294708252
Epoch 9: loss = 13.49901008605957
Epoch 10: loss = 13.499008178710938
Epoch 11: loss = 13.499006271362305
Early stopping at epoch 11 with loss 13.499077796936035
Epoch 0: loss = -48.79923629760742
Epoch 1: loss = -48.80133819580078
Epoch 2: loss = -48.80133819580078
Epoch 3: loss = -48.80133819580078
Epoch 4: loss = -48.80133819580078
Epoch 5: loss = -48.80133819580078
Epoch 6: loss = -48.80133819580078
Early stopping at epoch 6 with loss -48.80133819580078
Reconstruction for fluence = 14384.498882876629 photons/pixel
Epoch 0: loss = 10472.7470703125
Epoch 1: loss = 31.864152908325195
Epoch 2: loss = 31.643714904785156
Epoch 3: loss = 31.613983154296875
Epoch 4: loss = 31.60633087158203
Epoch 5: loss = 31.604454040527344
Epoch 6: loss = 31.603824615478516
Epoch 7: loss = 31.6037540435791
Epoch 8: loss = 31.60352897644043
Epoch 9: loss = 31.603424072265625
Epoch 10: loss = 31.603424072265625
Epoch 11: loss = 31.603416442871094
Epoch 12: loss = 31.6033935546875
Epoch 13: loss = 31.603378295898438
Epoch 14: loss = 31.603374481201172
Early stopping at epoch 14 with loss 31.603424072265625
Epoch 0: loss = -140.79537963867188
Epoch 1: loss = -140.79769897460938
Epoch 2: loss = -140.79769897460938
Epoch 3: loss = -140.79771423339844
Epoch 4: loss = -140.79771423339844
Epoch 5: loss = -140.79769897460938
Epoch 6: loss = -140.79769897460938
Early stopping at epoch 6 with loss -140.79769897460938
Reconstruction for fluence = 33598.18286283781 photons/pixel
Epoch 0: loss = 57028.71875
Epoch 1: loss = 75.06356811523438
Epoch 2: loss = 73.86895751953125
Epoch 3: loss = 73.70948791503906
Epoch 4: loss = 73.66720581054688
Epoch 5: loss = 73.65652465820312
Epoch 6: loss = 73.65306091308594
Epoch 7: loss = 73.65155029296875
Epoch 8: loss = 73.65097045898438
Epoch 9: loss = 73.65059661865234
Epoch 10: loss = 73.65043640136719
Epoch 11: loss = 73.65040588378906
Epoch 12: loss = 73.650390625
Epoch 13: loss = 73.65037536621094
Epoch 14: loss = 73.65037536621094
Epoch 0: loss = -391.51055908203125
Epoch 1: loss = -391.5128479003906
Epoch 2: loss = -391.51287841796875
Epoch 3: loss = -391.51287841796875
Epoch 4: loss = -391.51287841796875
Epoch 5: loss = -391.51287841796875
Epoch 6: loss = -391.51287841796875
Early stopping at epoch 6 with loss -391.5128479003906
Reconstruction for fluence = 78475.99703514607 photons/pixel
Epoch 0: loss = 310880.8125
Epoch 1: loss = 179.25555419921875
Epoch 2: loss = 172.71041870117188
Epoch 3: loss = 171.86183166503906
Epoch 4: loss = 171.65792846679688
Epoch 5: loss = 171.60531616210938
Epoch 6: loss = 171.58670043945312
Epoch 7: loss = 171.57945251464844
Epoch 8: loss = 171.57598876953125
Epoch 9: loss = 171.5743408203125
Epoch 10: loss = 171.57366943359375
Epoch 11: loss = 171.5736083984375
Epoch 12: loss = 171.5732421875
Epoch 13: loss = 171.5731964111328
Epoch 14: loss = 171.57318115234375
Epoch 0: loss = -1060.7938232421875
Epoch 1: loss = -1060.7962646484375
Epoch 2: loss = -1060.79638671875
Epoch 3: loss = -1060.79638671875
Epoch 4: loss = -1060.79638671875
Epoch 5: loss = -1060.79638671875
Epoch 6: loss = -1060.79638671875
Early stopping at epoch 6 with loss -1060.7962646484375
Reconstruction for fluence = 183298.07108324335 photons/pixel
Epoch 0: loss = 1695471.25
Epoch 1: loss = 442.1761474609375
Epoch 2: loss = 406.5574035644531
Epoch 3: loss = 402.00103759765625
Epoch 4: loss = 400.8733825683594
Epoch 5: loss = 400.58251953125
Epoch 6: loss = 400.47607421875
Epoch 7: loss = 400.4377746582031
Epoch 8: loss = 400.4195861816406
Epoch 9: loss = 400.41015625
Epoch 10: loss = 400.4056396484375
Epoch 11: loss = 400.40338134765625
Epoch 12: loss = 400.40283203125
Epoch 13: loss = 400.40234375
Epoch 14: loss = 400.4022216796875
Epoch 0: loss = -2819.28662109375
Epoch 1: loss = -2819.28955078125
Epoch 2: loss = -2819.28955078125
Epoch 3: loss = -2819.28955078125
Epoch 4: loss = -2819.28955078125
Epoch 5: loss = -2819.28955078125
Epoch 6: loss = -2819.28955078125
Early stopping at epoch 6 with loss -2819.28955078125
Reconstruction for fluence = 428133.2398719387 photons/pixel
Epoch 0: loss = 9249184.0
Epoch 1: loss = 1165.824462890625
Epoch 2: loss = 971.3778686523438
Epoch 3: loss = 946.2605590820312
Epoch 4: loss = 940.2997436523438
Epoch 5: loss = 938.7085571289062
Epoch 6: loss = 938.122314453125
Epoch 7: loss = 937.9219360351562
Epoch 8: loss = 937.8170166015625
Epoch 9: loss = 937.764404296875
Epoch 10: loss = 937.7401733398438
Epoch 11: loss = 937.726806640625
Epoch 12: loss = 937.720947265625
Epoch 13: loss = 937.717529296875
Epoch 14: loss = 937.7161865234375
Epoch 0: loss = -7382.9716796875
Epoch 1: loss = -7382.974609375
Epoch 2: loss = -7382.97412109375
Epoch 3: loss = -7382.97412109375
Epoch 4: loss = -7382.97412109375
Epoch 5: loss = -7382.97412109375
Epoch 6: loss = -7382.97412109375
Early stopping at epoch 6 with loss -7382.974609375
Reconstruction for fluence = 1000000.0 photons/pixel
Epoch 0: loss = 50457252.0
Epoch 1: loss = 3439.6435546875
Epoch 2: loss = 2379.138671875
Epoch 3: loss = 2244.82958984375
Epoch 4: loss = 2209.4501953125
Epoch 5: loss = 2200.7470703125
Epoch 6: loss = 2197.92236328125
Epoch 7: loss = 2196.751953125
Epoch 8: loss = 2196.218994140625
Epoch 9: loss = 2195.96826171875
Epoch 10: loss = 2195.84765625
Epoch 11: loss = 2195.788330078125
Epoch 12: loss = 2195.76123046875
Epoch 13: loss = 2195.74658203125
Epoch 14: loss = 2195.7421875
Epoch 0: loss = -19108.513671875
Epoch 1: loss = -19108.517578125
Epoch 2: loss = -19108.517578125
Epoch 3: loss = -19108.515625
Epoch 4: loss = -19108.515625
Epoch 5: loss = -19108.517578125
Epoch 6: loss = -19108.517578125
Early stopping at epoch 6 with loss -19108.517578125
Simulation for steps_size=1 and n_fluences=20 completed!
