Running simulation for n_modes=1 and n_fluences=20
Tensors initialization on device cuda
Multiprobe = band_lim
torch.Size([1, 64, 64])

('MSE', None) RECONSTRUCTIONS

Reconstruction for fluence = 0.09999999999999999 photons/pixel
Epoch 0: loss = 10580.7158203125
Epoch 1: loss = 3696.615478515625
Epoch 2: loss = 3696.37744140625
Epoch 3: loss = 3696.376953125
Epoch 4: loss = 3696.376953125
Epoch 5: loss = 3696.37646484375
Epoch 6: loss = 3696.37646484375
Epoch 7: loss = 3696.37646484375
Epoch 8: loss = 3696.37646484375
Epoch 9: loss = 3696.37646484375
Epoch 10: loss = 3696.37646484375
Early stopping at epoch 10 with loss 3696.37646484375
Reconstruction for fluence = 0.23357214690901223 photons/pixel
Epoch 0: loss = 23953.6796875
Epoch 1: loss = 8502.19921875
Epoch 2: loss = 8501.673828125
Epoch 3: loss = 8501.671875
Epoch 4: loss = 8501.671875
Epoch 5: loss = 8501.671875
Epoch 6: loss = 8501.671875
Epoch 7: loss = 8501.671875
Epoch 8: loss = 8501.6708984375
Epoch 9: loss = 8501.6708984375
Epoch 10: loss = 8501.6708984375
Epoch 11: loss = 8501.6708984375
Epoch 12: loss = 8501.6708984375
Epoch 13: loss = 8501.669921875
Epoch 14: loss = 8501.669921875
Epoch 15: loss = 8501.669921875
Epoch 16: loss = 8501.669921875
Epoch 17: loss = 8501.669921875
Epoch 18: loss = 8501.669921875
Early stopping at epoch 18 with loss 8501.669921875
Reconstruction for fluence = 0.5455594781168519 photons/pixel
Epoch 0: loss = 53579.6328125
Epoch 1: loss = 19642.462890625
Epoch 2: loss = 19641.298828125
Epoch 3: loss = 19641.296875
Epoch 4: loss = 19641.296875
Epoch 5: loss = 19641.296875
Epoch 6: loss = 19641.296875
Epoch 7: loss = 19641.294921875
Epoch 8: loss = 19641.29296875
Epoch 9: loss = 19641.294921875
Epoch 10: loss = 19641.294921875
Epoch 11: loss = 19641.296875
Epoch 12: loss = 19641.294921875
Epoch 13: loss = 19641.294921875
Early stopping at epoch 13 with loss 19641.29296875
Reconstruction for fluence = 1.2742749857031335 photons/pixel
Epoch 0: loss = 117098.7421875
Epoch 1: loss = 45162.875
Epoch 2: loss = 45160.4140625
Epoch 3: loss = 45160.40625
Epoch 4: loss = 45160.3984375
Epoch 5: loss = 45160.39453125
Epoch 6: loss = 45160.39453125
Epoch 7: loss = 45160.390625
Epoch 8: loss = 45160.390625
Epoch 9: loss = 45160.390625
Epoch 10: loss = 45160.390625
Epoch 11: loss = 45160.390625
Epoch 12: loss = 45160.390625
Early stopping at epoch 12 with loss 45160.390625
Reconstruction for fluence = 2.976351441631318 photons/pixel
Epoch 0: loss = 245278.734375
Epoch 1: loss = 101144.2578125
Epoch 2: loss = 101139.296875
Epoch 3: loss = 101139.28125
Epoch 4: loss = 101139.2734375
Epoch 5: loss = 101139.2734375
Epoch 6: loss = 101139.265625
Epoch 7: loss = 101139.265625
Epoch 8: loss = 101139.265625
Epoch 9: loss = 101139.265625
Epoch 10: loss = 101139.265625
Epoch 11: loss = 101139.265625
Early stopping at epoch 11 with loss 101139.265625
Reconstruction for fluence = 6.9519279617756045 photons/pixel
Epoch 0: loss = 480629.875
Epoch 1: loss = 212692.359375
Epoch 2: loss = 212683.0625
Epoch 3: loss = 212683.046875
Epoch 4: loss = 212683.03125
Epoch 5: loss = 212683.03125
Epoch 6: loss = 212683.03125
Epoch 7: loss = 212683.03125
Epoch 8: loss = 212683.03125
Epoch 9: loss = 212683.015625
Epoch 10: loss = 212683.03125
Epoch 11: loss = 212683.03125
Epoch 12: loss = 212683.015625
Epoch 13: loss = 212683.015625
Epoch 14: loss = 212683.015625
Early stopping at epoch 14 with loss 212683.015625
Reconstruction for fluence = 16.23776739188721 photons/pixel
Epoch 0: loss = 853107.625
Epoch 1: loss = 401403.96875
Epoch 2: loss = 401388.25
Epoch 3: loss = 401388.25
Epoch 4: loss = 401388.1875
Epoch 5: loss = 401388.1875
Epoch 6: loss = 401388.1875
Epoch 7: loss = 401388.15625
Epoch 8: loss = 401388.15625
Epoch 9: loss = 401388.1875
Epoch 10: loss = 401388.15625
Epoch 11: loss = 401388.125
Epoch 12: loss = 401388.125
Epoch 13: loss = 401388.125
Epoch 14: loss = 401388.125
Epoch 15: loss = 401388.125
Epoch 16: loss = 401388.125
Early stopping at epoch 16 with loss 401388.125
Reconstruction for fluence = 37.926901907322495 photons/pixel
Epoch 0: loss = 1361092.0
Epoch 1: loss = 634781.75
Epoch 2: loss = 634769.875
Epoch 3: loss = 634769.75
Epoch 4: loss = 634769.6875
Epoch 5: loss = 634769.625
Epoch 6: loss = 634769.625
Epoch 7: loss = 634769.5
Epoch 8: loss = 634769.5
Epoch 9: loss = 634769.5
Epoch 10: loss = 634769.5
Epoch 11: loss = 634769.5
Epoch 12: loss = 634769.5
Early stopping at epoch 12 with loss 634769.5
Reconstruction for fluence = 88.58667904100822 photons/pixel
Epoch 0: loss = 2065863.25
Epoch 1: loss = 5685017.0
Epoch 2: loss = 835649.9375
Epoch 3: loss = 835516.875
Epoch 4: loss = 835516.75
Epoch 5: loss = 835516.75
Epoch 6: loss = 835516.75
Epoch 7: loss = 835516.75
Epoch 8: loss = 835516.6875
Epoch 9: loss = 835516.6875
Epoch 10: loss = 835516.6875
Epoch 11: loss = 835516.625
Epoch 12: loss = 835516.625
Epoch 13: loss = 835516.625
Epoch 14: loss = 835516.625
Epoch 15: loss = 835516.625
Epoch 16: loss = 835516.625
Early stopping at epoch 16 with loss 835516.625
Reconstruction for fluence = 206.9138081114788 photons/pixel
Epoch 0: loss = 3401372.5
Epoch 1: loss = 50919680.0
Epoch 2: loss = 1010920.5
Epoch 3: loss = 1009643.125
Epoch 4: loss = 1009643.0
Epoch 5: loss = 1009643.0
Epoch 6: loss = 1009642.875
Epoch 7: loss = 1009642.875
Epoch 8: loss = 1009642.875
Epoch 9: loss = 1009642.8125
Epoch 10: loss = 1009642.75
Epoch 11: loss = 1009642.75
Epoch 12: loss = 1009642.75
Epoch 13: loss = 1009642.75
Epoch 14: loss = 1009642.75
Epoch 15: loss = 1009642.75
Early stopping at epoch 15 with loss 1009642.75
Reconstruction for fluence = 483.2930238571752 photons/pixel
Epoch 0: loss = 6480808.0
Epoch 1: loss = 585356288.0
Epoch 2: loss = 1256849.375
Epoch 3: loss = 1243790.25
Epoch 4: loss = 1243790.0
Epoch 5: loss = 1243790.0
Epoch 6: loss = 1243790.0
Epoch 7: loss = 1243789.875
Epoch 8: loss = 1243789.875
Epoch 9: loss = 1243789.875
Epoch 10: loss = 1243789.75
Epoch 11: loss = 1243789.75
Epoch 12: loss = 1243789.75
Epoch 13: loss = 1243789.75
Epoch 14: loss = 1243789.75
Epoch 15: loss = 1243789.75
Early stopping at epoch 15 with loss 1243789.75
Reconstruction for fluence = 1128.8378916846884 photons/pixel
Epoch 0: loss = 13763838.0
Epoch 1: loss = 7294156800.0
Epoch 2: loss = 1750973.0
Epoch 3: loss = 1613366.875
Epoch 4: loss = 1613364.0
Epoch 5: loss = 1613363.75
Epoch 6: loss = 1613363.5
Epoch 7: loss = 1613363.5
Epoch 8: loss = 1613363.375
Epoch 9: loss = 1613363.375
Epoch 10: loss = 1613363.25
Epoch 11: loss = 1613363.25
Epoch 12: loss = 1613363.25
Epoch 13: loss = 1613363.25
Epoch 14: loss = 1613363.25
Epoch 15: loss = 1613363.25
Early stopping at epoch 15 with loss 1613363.25
Reconstruction for fluence = 2636.6508987303555 photons/pixel
Epoch 0: loss = 30836230.0
Epoch 1: loss = 93160914944.0
Epoch 2: loss = 9291632.0
Epoch 3: loss = 2137721.0
Epoch 4: loss = 2137687.5
Epoch 5: loss = 2137687.0
Epoch 6: loss = 2137687.0
Epoch 7: loss = 2137687.0
Epoch 8: loss = 2137686.75
Epoch 9: loss = 2137686.5
Epoch 10: loss = 2137686.75
Epoch 11: loss = 2137686.75
Epoch 12: loss = 2137686.5
Epoch 13: loss = 2137686.5
Epoch 14: loss = 2137686.5
Early stopping at epoch 14 with loss 2137686.5
Reconstruction for fluence = 6158.482110660255 photons/pixel
Epoch 0: loss = 70823152.0
Epoch 1: loss = 1198377926656.0
Epoch 2: loss = 53024192.0
Epoch 3: loss = 2810218.25
Epoch 4: loss = 2809968.5
Epoch 5: loss = 2809968.5
Epoch 6: loss = 2809968.0
Epoch 7: loss = 2809968.0
Epoch 8: loss = 2809968.25
Epoch 9: loss = 2809968.25
Epoch 10: loss = 2809968.0
Epoch 11: loss = 2809968.0
Early stopping at epoch 11 with loss 2809968.0
Reconstruction for fluence = 14384.498882876629 photons/pixel
Epoch 0: loss = 164218928.0
Epoch 1: loss = 15399724777472.0
Epoch 2: loss = 465335232.0
Epoch 3: loss = 3563029.0
Epoch 4: loss = 3557462.0
Epoch 5: loss = 3557461.5
Epoch 6: loss = 3557461.5
Epoch 7: loss = 3557461.5
Epoch 8: loss = 3557461.5
Epoch 9: loss = 3557461.25
Epoch 10: loss = 3557461.25
Epoch 11: loss = 3557461.25
Epoch 12: loss = 3557461.25
Epoch 13: loss = 3557461.25
Epoch 14: loss = 3557461.0
Epoch 15: loss = 3557461.0
Epoch 16: loss = 3557461.25
Epoch 17: loss = 3557461.25
Epoch 18: loss = 3557461.0
Epoch 19: loss = 3557461.0
Early stopping at epoch 19 with loss 3557461.0
Reconstruction for fluence = 33598.18286283781 photons/pixel
Epoch 0: loss = 382448672.0
Epoch 1: loss = 197562875248640.0
Epoch 2: loss = 5394501632.0
Epoch 3: loss = 4472938.0
Epoch 4: loss = 4261964.5
Epoch 5: loss = 4261960.0
Epoch 6: loss = 4261959.0
Epoch 7: loss = 4261959.0
Epoch 8: loss = 4261959.0
Epoch 9: loss = 4261958.5
Epoch 10: loss = 4261958.5
Epoch 11: loss = 4261958.0
Epoch 12: loss = 4261958.0
Epoch 13: loss = 4261958.0
Epoch 14: loss = 4261958.0
Epoch 15: loss = 4261958.0
Epoch 16: loss = 4261958.0
Early stopping at epoch 16 with loss 4261958.0
Reconstruction for fluence = 78475.99703514607 photons/pixel
Epoch 0: loss = 892130880.0
Epoch 1: loss = 2529489045159936.0
Epoch 2: loss = 67552759808.0
Epoch 3: loss = 8666485.0
Epoch 4: loss = 4751401.5
Epoch 5: loss = 4751247.0
Epoch 6: loss = 4751246.0
Epoch 7: loss = 4751245.0
Epoch 8: loss = 4751245.0
Epoch 9: loss = 4751245.0
Epoch 10: loss = 4751244.0
Epoch 11: loss = 4751244.0
Epoch 12: loss = 4751244.0
Epoch 13: loss = 4751244.0
Epoch 14: loss = 4751244.0
Epoch 15: loss = 4751244.0
Early stopping at epoch 15 with loss 4751244.0
Reconstruction for fluence = 183298.07108324335 photons/pixel
Epoch 0: loss = 2082717696.0
Epoch 1: loss = 3.233873935938355e+16
Epoch 2: loss = 859843723264.0
Epoch 3: loss = 62325192.0
Epoch 4: loss = 4943905.5
Epoch 5: loss = 4941119.0
Epoch 6: loss = 4941118.0
Epoch 7: loss = 4941117.0
Epoch 8: loss = 4941117.0
Epoch 9: loss = 4941117.0
Epoch 10: loss = 4941117.0
Epoch 11: loss = 4941116.0
Epoch 12: loss = 4941116.0
Epoch 13: loss = 4941116.5
Epoch 14: loss = 4941116.0
Epoch 15: loss = 4941116.0
Epoch 16: loss = 4941116.0
Early stopping at epoch 16 with loss 4941116.0
Reconstruction for fluence = 428133.2398719387 photons/pixel
Epoch 0: loss = 4863557632.0
Epoch 1: loss = 4.129055114537206e+17
Epoch 2: loss = 10969435602944.0
Epoch 3: loss = 865736192.0
Epoch 4: loss = 4923073.5
Epoch 5: loss = 4881385.0
Epoch 6: loss = 4881384.0
Epoch 7: loss = 4881384.0
Epoch 8: loss = 4881384.0
Epoch 9: loss = 4881383.0
Epoch 10: loss = 4881383.0
Epoch 11: loss = 4881383.0
Epoch 12: loss = 4881383.0
Epoch 13: loss = 4881383.0
Epoch 14: loss = 4881383.0
Early stopping at epoch 14 with loss 4881383.0
Reconstruction for fluence = 1000000.0 photons/pixel
Epoch 0: loss = 11358967808.0
Epoch 1: loss = 5.267348991326028e+18
Epoch 2: loss = 139913022406656.0
Epoch 3: loss = 6685919232.0
Epoch 4: loss = 5258340.0
Epoch 5: loss = 4704698.0
Epoch 6: loss = 4704686.0
Epoch 7: loss = 4704685.0
Epoch 8: loss = 4704684.5
Epoch 9: loss = 4704684.0
Epoch 10: loss = 4704684.0
Epoch 11: loss = 4704684.0
Epoch 12: loss = 4704684.0
Epoch 13: loss = 4704683.0
Epoch 14: loss = 4704683.0
Epoch 15: loss = 4704683.0
Epoch 16: loss = 4704683.0
Epoch 17: loss = 4704683.0
Epoch 18: loss = 4704683.0
Early stopping at epoch 18 with loss 4704683.0
Tensors initialization on device cuda
Multiprobe = band_lim
torch.Size([1, 64, 64])

('MSE', 'PoissonNLL') RECONSTRUCTIONS

Reconstruction for fluence = 0.09999999999999999 photons/pixel
Epoch 0: loss = 10565.482421875
Epoch 1: loss = 3697.761474609375
Epoch 2: loss = 3697.52294921875
Epoch 3: loss = 3697.5224609375
Epoch 4: loss = 3697.522216796875
Epoch 5: loss = 3697.522216796875
Epoch 6: loss = 3697.52197265625
Epoch 7: loss = 3697.52197265625
Epoch 8: loss = 3697.52197265625
Epoch 9: loss = 3697.52197265625
Epoch 10: loss = 3697.52197265625
Epoch 11: loss = 3697.52197265625
Early stopping at epoch 11 with loss 3697.52197265625
Epoch 0: loss = 0.002564731054008007
Epoch 1: loss = 0.002564577152952552
Epoch 2: loss = 0.0025644232518970966
Epoch 3: loss = 0.002564269583672285
Epoch 4: loss = 0.00256411568261683
Epoch 5: loss = 0.002563962247222662
Early stopping at epoch 5 with loss 0.002564731054008007
Reconstruction for fluence = 0.23357214690901223 photons/pixel
Epoch 0: loss = 23962.6640625
Epoch 1: loss = 8546.955078125
Epoch 2: loss = 8546.42578125
Epoch 3: loss = 8546.423828125
Epoch 4: loss = 8546.423828125
Epoch 5: loss = 8546.423828125
Epoch 6: loss = 8546.423828125
Epoch 7: loss = 8546.421875
Epoch 8: loss = 8546.421875
Epoch 9: loss = 8546.421875
Epoch 10: loss = 8546.421875
Epoch 11: loss = 8546.421875
Epoch 12: loss = 8546.421875
Early stopping at epoch 12 with loss 8546.421875
Epoch 0: loss = 0.005182686261832714
Epoch 1: loss = 0.005182289518415928
Epoch 2: loss = 0.005181893706321716
Epoch 3: loss = 0.005181497894227505
Epoch 4: loss = 0.0051811025477945805
Epoch 5: loss = 0.0051807076670229435
Early stopping at epoch 5 with loss 0.005182686261832714
Reconstruction for fluence = 0.5455594781168519 photons/pixel
Epoch 0: loss = 53605.2265625
Epoch 1: loss = 19853.107421875
Epoch 2: loss = 19851.939453125
Epoch 3: loss = 19851.9375
Epoch 4: loss = 19851.9375
Epoch 5: loss = 19851.9375
Epoch 6: loss = 19851.93359375
Epoch 7: loss = 19851.93359375
Epoch 8: loss = 19851.93359375
Epoch 9: loss = 19851.93359375
Epoch 10: loss = 19851.93359375
Epoch 11: loss = 19851.93359375
Early stopping at epoch 11 with loss 19851.93359375
Epoch 0: loss = 0.010199973359704018
Epoch 1: loss = 0.010199005715548992
Epoch 2: loss = 0.010198039934039116
Epoch 3: loss = 0.010197075083851814
Epoch 4: loss = 0.010196113958954811
Epoch 5: loss = 0.010195152834057808
Early stopping at epoch 5 with loss 0.010199973359704018
Reconstruction for fluence = 1.2742749857031335 photons/pixel
Epoch 0: loss = 116683.9375
Epoch 1: loss = 45295.546875
Epoch 2: loss = 45293.0625
Epoch 3: loss = 45293.05859375
Epoch 4: loss = 45293.0546875
Epoch 5: loss = 45293.0546875
Epoch 6: loss = 45293.0546875
Epoch 7: loss = 45293.05078125
Epoch 8: loss = 45293.05078125
Epoch 9: loss = 45293.046875
Epoch 10: loss = 45293.05078125
Epoch 11: loss = 45293.05078125
Epoch 12: loss = 45293.05078125
Epoch 13: loss = 45293.046875
Epoch 14: loss = 45293.05078125
Early stopping at epoch 14 with loss 45293.046875
Epoch 0: loss = 0.01923377811908722
Epoch 1: loss = 0.019231349229812622
Epoch 2: loss = 0.01922893524169922
Epoch 3: loss = 0.01922653429210186
Epoch 4: loss = 0.019224144518375397
Epoch 5: loss = 0.019221767783164978
Early stopping at epoch 5 with loss 0.01923377811908722
Reconstruction for fluence = 2.976351441631318 photons/pixel
Epoch 0: loss = 244140.125
Epoch 1: loss = 100871.5703125
Epoch 2: loss = 100866.5625
Epoch 3: loss = 100866.546875
Epoch 4: loss = 100866.546875
Epoch 5: loss = 100866.546875
Epoch 6: loss = 100866.546875
Epoch 7: loss = 100866.5390625
Epoch 8: loss = 100866.5390625
Epoch 9: loss = 100866.5390625
Epoch 10: loss = 100866.53125
Epoch 11: loss = 100866.53125
Epoch 12: loss = 100866.53125
Epoch 13: loss = 100866.53125
Epoch 14: loss = 100866.53125
Epoch 0: loss = 0.03465384244918823
Epoch 1: loss = 0.03464801609516144
Epoch 2: loss = 0.034642256796360016
Epoch 3: loss = 0.03463655710220337
Epoch 4: loss = 0.0346309095621109
Epoch 5: loss = 0.03462531417608261
Early stopping at epoch 5 with loss 0.03465384244918823
Reconstruction for fluence = 6.9519279617756045 photons/pixel
Epoch 0: loss = 477609.6875
Epoch 1: loss = 211122.96875
Epoch 2: loss = 211113.5625
Epoch 3: loss = 211113.546875
Epoch 4: loss = 211113.53125
Epoch 5: loss = 211113.53125
Epoch 6: loss = 211113.53125
Epoch 7: loss = 211113.53125
Epoch 8: loss = 211113.53125
Epoch 9: loss = 211113.53125
Early stopping at epoch 9 with loss 211113.53125
Epoch 0: loss = 0.05776359885931015
Epoch 1: loss = 0.057750143110752106
Epoch 2: loss = 0.05773705244064331
Epoch 3: loss = 0.057724256068468094
Epoch 4: loss = 0.05771169066429138
Epoch 5: loss = 0.05769932270050049
Early stopping at epoch 5 with loss 0.05776359885931015
Reconstruction for fluence = 16.23776739188721 photons/pixel
Epoch 0: loss = 849822.25
Epoch 1: loss = 397034.0625
Epoch 2: loss = 397018.0625
Epoch 3: loss = 397017.9375
Epoch 4: loss = 397017.875
Epoch 5: loss = 397017.875
Epoch 6: loss = 397017.875
Epoch 7: loss = 397017.875
Epoch 8: loss = 397017.875
Epoch 9: loss = 397017.90625
Early stopping at epoch 9 with loss 397017.875
Epoch 0: loss = 0.08729025721549988
Epoch 1: loss = 0.07068517059087753
Epoch 2: loss = 0.07065895199775696
Epoch 3: loss = 0.07065822184085846
Epoch 4: loss = 0.07065822184085846
Epoch 5: loss = 0.07065822184085846
Epoch 6: loss = 0.07065822184085846
Early stopping at epoch 6 with loss 0.07068517059087753
Reconstruction for fluence = 37.926901907322495 photons/pixel
Epoch 0: loss = 1363882.5
Epoch 1: loss = 629101.875
Epoch 2: loss = 629086.0625
Epoch 3: loss = 629086.0
Epoch 4: loss = 629086.0
Epoch 5: loss = 629086.0
Epoch 6: loss = 629085.9375
Epoch 7: loss = 629085.875
Epoch 8: loss = 629085.875
Epoch 9: loss = 629085.875
Epoch 10: loss = 629085.875
Epoch 11: loss = 629085.875
Epoch 12: loss = 629085.875
Early stopping at epoch 12 with loss 629085.875
Epoch 0: loss = 0.11024969816207886
Epoch 1: loss = 0.09479191899299622
Epoch 2: loss = 0.09477585554122925
Epoch 3: loss = 0.09477529674768448
Epoch 4: loss = 0.09477529674768448
Epoch 5: loss = 0.09477529674768448
Epoch 6: loss = 0.09477529674768448
Early stopping at epoch 6 with loss 0.09479191899299622
Reconstruction for fluence = 88.58667904100822 photons/pixel
Epoch 0: loss = 2079350.0
Epoch 1: loss = 5745797.0
Epoch 2: loss = 831970.875
Epoch 3: loss = 831827.75
Epoch 4: loss = 831827.6875
Epoch 5: loss = 831827.625
Epoch 6: loss = 831827.625
Epoch 7: loss = 831827.625
Epoch 8: loss = 831827.625
Epoch 9: loss = 831827.625
Epoch 10: loss = 831827.625
Early stopping at epoch 10 with loss 831827.625
Epoch 0: loss = 0.07052979618310928
Epoch 1: loss = 0.05665284022688866
Epoch 2: loss = 0.05663478374481201
Epoch 3: loss = 0.05663478374481201
Epoch 4: loss = 0.05663478374481201
Epoch 5: loss = 0.05663478374481201
Epoch 6: loss = 0.05663478374481201
Early stopping at epoch 6 with loss 0.05665284022688866
Reconstruction for fluence = 206.9138081114788 photons/pixel
Epoch 0: loss = 3401581.25
Epoch 1: loss = 51283640.0
Epoch 2: loss = 990629.0
Epoch 3: loss = 989182.25
Epoch 4: loss = 989182.125
Epoch 5: loss = 989182.0
Epoch 6: loss = 989182.0
Epoch 7: loss = 989182.0
Epoch 8: loss = 989181.9375
Epoch 9: loss = 989181.9375
Epoch 10: loss = 989181.9375
Epoch 11: loss = 989181.875
Epoch 12: loss = 989181.9375
Epoch 13: loss = 989181.875
Epoch 14: loss = 989181.875
Epoch 0: loss = -0.23747751116752625
Epoch 1: loss = -0.2532781958580017
Epoch 2: loss = -0.2532942295074463
Epoch 3: loss = -0.2532944083213806
Epoch 4: loss = -0.2532944679260254
Epoch 5: loss = -0.2532944679260254
Epoch 6: loss = -0.2532944679260254
Early stopping at epoch 6 with loss -0.2532781958580017
Reconstruction for fluence = 483.2930238571752 photons/pixel
Epoch 0: loss = 6423586.0
Epoch 1: loss = 583440640.0
Epoch 2: loss = 1211452.25
Epoch 3: loss = 1196012.5
Epoch 4: loss = 1196012.25
Epoch 5: loss = 1196012.25
Epoch 6: loss = 1196012.25
Epoch 7: loss = 1196012.125
Epoch 8: loss = 1196012.125
Epoch 9: loss = 1196012.0
Epoch 10: loss = 1196012.0
Epoch 11: loss = 1196012.0
Epoch 12: loss = 1196012.0
Epoch 13: loss = 1196012.0
Epoch 14: loss = 1196012.0
Early stopping at epoch 14 with loss 1196012.0
Epoch 0: loss = -1.4713035821914673
Epoch 1: loss = -1.493013858795166
Epoch 2: loss = -1.4930202960968018
Epoch 3: loss = -1.4930205345153809
Epoch 4: loss = -1.4930205345153809
Epoch 5: loss = -1.4930206537246704
Epoch 6: loss = -1.4930206537246704
Early stopping at epoch 6 with loss -1.493013858795166
Reconstruction for fluence = 1128.8378916846884 photons/pixel
Epoch 0: loss = 13583774.0
Epoch 1: loss = 7226093056.0
Epoch 2: loss = 1699294.5
Epoch 3: loss = 1540449.25
Epoch 4: loss = 1540445.25
Epoch 5: loss = 1540445.25
Epoch 6: loss = 1540445.0
Epoch 7: loss = 1540445.0
Epoch 8: loss = 1540445.0
Epoch 9: loss = 1540445.0
Epoch 10: loss = 1540445.0
Epoch 11: loss = 1540445.0
Early stopping at epoch 11 with loss 1540445.0
Epoch 0: loss = -5.561884880065918
Epoch 1: loss = -5.591696262359619
Epoch 2: loss = -5.591696739196777
Epoch 3: loss = -5.591697692871094
Epoch 4: loss = -5.591697692871094
Epoch 5: loss = -5.591697692871094
Epoch 6: loss = -5.591697692871094
Early stopping at epoch 6 with loss -5.591696262359619
Reconstruction for fluence = 2636.6508987303555 photons/pixel
Epoch 0: loss = 30433540.0
Epoch 1: loss = 92120055808.0
Epoch 2: loss = 6927094.0
Epoch 3: loss = 2053838.625
Epoch 4: loss = 2053790.875
Epoch 5: loss = 2053790.625
Epoch 6: loss = 2053790.625
Epoch 7: loss = 2053790.5
Epoch 8: loss = 2053790.5
Epoch 9: loss = 2053790.5
Epoch 10: loss = 2053790.5
Epoch 11: loss = 2053790.5
Epoch 12: loss = 2053790.5
Early stopping at epoch 12 with loss 2053790.5
Epoch 0: loss = -17.933698654174805
Epoch 1: loss = -17.971542358398438
Epoch 2: loss = -17.971546173095703
Epoch 3: loss = -17.971546173095703
Epoch 4: loss = -17.97154998779297
Epoch 5: loss = -17.97154998779297
Epoch 6: loss = -17.97154998779297
Early stopping at epoch 6 with loss -17.971542358398438
Reconstruction for fluence = 6158.482110660255 photons/pixel
Epoch 0: loss = 69863720.0
Epoch 1: loss = 1182777999360.0
Epoch 2: loss = 50923768.0
Epoch 3: loss = 2719809.5
Epoch 4: loss = 2719301.0
Epoch 5: loss = 2719300.5
Epoch 6: loss = 2719300.5
Epoch 7: loss = 2719300.0
Epoch 8: loss = 2719300.0
Epoch 9: loss = 2719300.0
Epoch 10: loss = 2719300.0
Epoch 11: loss = 2719300.0
Epoch 12: loss = 2719300.0
Early stopping at epoch 12 with loss 2719300.0
Epoch 0: loss = -53.41586685180664
Epoch 1: loss = -53.45854949951172
Epoch 2: loss = -53.45855712890625
Epoch 3: loss = -53.45855712890625
Epoch 4: loss = -53.45856475830078
Epoch 5: loss = -53.45856475830078
Epoch 6: loss = -53.45856475830078
Early stopping at epoch 6 with loss -53.45854949951172
Reconstruction for fluence = 14384.498882876629 photons/pixel
Epoch 0: loss = 162010336.0
Epoch 1: loss = 15191064444928.0
Epoch 2: loss = 458540544.0
Epoch 3: loss = 3478594.25
Epoch 4: loss = 3472996.5
Epoch 5: loss = 3472996.25
Epoch 6: loss = 3472996.25
Epoch 7: loss = 3472996.0
Epoch 8: loss = 3472996.0
Epoch 9: loss = 3472996.0
Epoch 10: loss = 3472996.0
Epoch 11: loss = 3472996.0
Epoch 12: loss = 3472996.0
Early stopping at epoch 12 with loss 3472996.0
Epoch 0: loss = -151.62351989746094
Epoch 1: loss = -151.6654052734375
Epoch 2: loss = -151.6654052734375
Epoch 3: loss = -151.66543579101562
Epoch 4: loss = -151.66543579101562
Epoch 5: loss = -151.66543579101562
Epoch 6: loss = -151.66543579101562
Early stopping at epoch 6 with loss -151.6654052734375
Reconstruction for fluence = 33598.18286283781 photons/pixel
Epoch 0: loss = 377250400.0
Epoch 1: loss = 194757758287872.0
Epoch 2: loss = 5322555392.0
Epoch 3: loss = 4292189.5
Epoch 4: loss = 4187146.5
Epoch 5: loss = 4187145.0
Epoch 6: loss = 4187144.75
Epoch 7: loss = 4187144.75
Epoch 8: loss = 4187144.75
Epoch 9: loss = 4187144.5
Epoch 10: loss = 4187144.25
Epoch 11: loss = 4187144.0
Epoch 12: loss = 4187144.0
Epoch 13: loss = 4187144.0
Epoch 14: loss = 4187144.0
Epoch 0: loss = -416.8687744140625
Epoch 1: loss = -416.9033203125
Epoch 2: loss = -416.9034118652344
Epoch 3: loss = -416.9034423828125
Epoch 4: loss = -416.9034729003906
Epoch 5: loss = -416.9034729003906
Epoch 6: loss = -416.9034729003906
Epoch 7: loss = -416.9034729003906
Epoch 8: loss = -416.9034729003906
Early stopping at epoch 8 with loss -416.9034423828125
Reconstruction for fluence = 78475.99703514607 photons/pixel
Epoch 0: loss = 880090112.0
Epoch 1: loss = 2492776470020096.0
Epoch 2: loss = 66590736384.0
Epoch 3: loss = 7335955.0
Epoch 4: loss = 4699322.0
Epoch 5: loss = 4699274.0
Epoch 6: loss = 4699272.0
Epoch 7: loss = 4699272.0
Epoch 8: loss = 4699271.0
Epoch 9: loss = 4699271.0
Epoch 10: loss = 4699271.0
Epoch 11: loss = 4699271.0
Epoch 12: loss = 4699271.0
Epoch 13: loss = 4699270.5
Epoch 14: loss = 4699270.5
Epoch 0: loss = -1119.94482421875
Epoch 1: loss = -1119.968017578125
Epoch 2: loss = -1119.96826171875
Epoch 3: loss = -1119.968505859375
Epoch 4: loss = -1119.968505859375
Epoch 5: loss = -1119.968505859375
Epoch 6: loss = -1119.968505859375
Epoch 7: loss = -1119.968505859375
Epoch 8: loss = -1119.9686279296875
Early stopping at epoch 8 with loss -1119.968505859375
Reconstruction for fluence = 183298.07108324335 photons/pixel
Epoch 0: loss = 2054464768.0
Epoch 1: loss = 3.185742599684096e+16
Epoch 2: loss = 847096971264.0
Epoch 3: loss = 55217048.0
Epoch 4: loss = 4917284.0
Epoch 5: loss = 4916240.0
Epoch 6: loss = 4916239.0
Epoch 7: loss = 4916238.0
Epoch 8: loss = 4916238.0
Epoch 9: loss = 4916238.0
Epoch 10: loss = 4916237.5
Epoch 11: loss = 4916237.5
Epoch 12: loss = 4916237.5
Epoch 13: loss = 4916237.5
Epoch 14: loss = 4916237.0
Epoch 0: loss = -2957.59619140625
Epoch 1: loss = -2957.6083984375
Epoch 2: loss = -2957.60888671875
Epoch 3: loss = -2957.60888671875
Epoch 4: loss = -2957.609375
Epoch 5: loss = -2957.609375
Epoch 6: loss = -2957.609375
Epoch 7: loss = -2957.609375
Epoch 8: loss = -2957.609375
Epoch 9: loss = -2957.609375
Early stopping at epoch 9 with loss -2957.609375
Reconstruction for fluence = 428133.2398719387 photons/pixel
Epoch 0: loss = 4797663232.0
Epoch 1: loss = 4.067048156288778e+17
Epoch 2: loss = 10804826996736.0
Epoch 3: loss = 720526336.0
Epoch 4: loss = 4900646.0
Epoch 5: loss = 4884230.5
Epoch 6: loss = 4884229.5
Epoch 7: loss = 4884229.0
Epoch 8: loss = 4884228.5
Epoch 9: loss = 4884228.5
Epoch 10: loss = 4884228.5
Epoch 11: loss = 4884228.5
Epoch 12: loss = 4884228.5
Epoch 13: loss = 4884228.0
Epoch 14: loss = 4884228.0
Epoch 0: loss = -7706.13720703125
Epoch 1: loss = -7706.14111328125
Epoch 2: loss = -7706.142578125
Epoch 3: loss = -7706.142578125
Epoch 4: loss = -7706.14306640625
Epoch 5: loss = -7706.14306640625
Epoch 6: loss = -7706.14306640625
Epoch 7: loss = -7706.1435546875
Epoch 8: loss = -7706.1435546875
Epoch 9: loss = -7706.1435546875
Epoch 10: loss = -7706.1435546875
Epoch 11: loss = -7706.1435546875
Epoch 12: loss = -7706.1435546875
Early stopping at epoch 12 with loss -7706.1435546875
Reconstruction for fluence = 1000000.0 photons/pixel
Epoch 0: loss = 11204990976.0
Epoch 1: loss = 5.187954356195951e+18
Epoch 2: loss = 137804478676992.0
Epoch 3: loss = 6318522368.0
Epoch 4: loss = 4944831.5
Epoch 5: loss = 4718863.0
Epoch 6: loss = 4718859.0
Epoch 7: loss = 4718859.0
Epoch 8: loss = 4718858.0
Epoch 9: loss = 4718858.0
Epoch 10: loss = 4718858.0
Epoch 11: loss = 4718857.5
Epoch 12: loss = 4718857.5
Epoch 13: loss = 4718857.0
Epoch 14: loss = 4718857.0
Epoch 0: loss = -19863.30078125
Epoch 1: loss = -19863.30078125
Epoch 2: loss = -19863.3046875
Epoch 3: loss = -19863.3046875
Epoch 4: loss = -19863.3046875
Epoch 5: loss = -19863.3046875
Epoch 6: loss = -19863.3046875
Epoch 7: loss = -19863.3046875
Early stopping at epoch 7 with loss -19863.3046875
Simulation for n_modes=1 and n_fluences=20 completed!
