Running simulation for steps_size=22 and n_fluences=20
Steps size: 22
Tensors initialization on device cuda
Multiprobe = band_lim
torch.Size([1, 64, 64])

('MSE', None) RECONSTRUCTIONS

Reconstruction for fluence = 0.09999999999999999 photons/pixel
Epoch 0: loss = 0.09405037015676498
Epoch 1: loss = 0.034731898456811905
Epoch 2: loss = 0.03448404744267464
Epoch 3: loss = 0.03446230664849281
Epoch 4: loss = 0.0344589427113533
Epoch 5: loss = 0.0344587042927742
Epoch 6: loss = 0.034458696842193604
Epoch 7: loss = 0.03445868939161301
Early stopping at epoch 7 with loss 0.03448404744267464
Reconstruction for fluence = 0.23357214690901223 photons/pixel
Epoch 0: loss = 0.13619324564933777
Epoch 1: loss = 0.04245755076408386
Epoch 2: loss = 0.04217791557312012
Epoch 3: loss = 0.04216710850596428
Epoch 4: loss = 0.042165953665971756
Epoch 5: loss = 0.04216570407152176
Epoch 6: loss = 0.04216570407152176
Epoch 7: loss = 0.042165689170360565
Early stopping at epoch 7 with loss 0.04217791557312012
Reconstruction for fluence = 0.5455594781168519 photons/pixel
Epoch 0: loss = 0.23629705607891083
Epoch 1: loss = 0.050080135464668274
Epoch 2: loss = 0.049536898732185364
Epoch 3: loss = 0.04950379580259323
Epoch 4: loss = 0.04949932545423508
Epoch 5: loss = 0.04949440062046051
Epoch 6: loss = 0.0494939349591732
Epoch 7: loss = 0.04949392378330231
Early stopping at epoch 7 with loss 0.049536898732185364
Reconstruction for fluence = 1.2742749857031335 photons/pixel
Epoch 0: loss = 0.46437638998031616
Epoch 1: loss = 0.06405127048492432
Epoch 2: loss = 0.0627952367067337
Epoch 3: loss = 0.06267622113227844
Epoch 4: loss = 0.06262969970703125
Epoch 5: loss = 0.0626213476061821
Epoch 6: loss = 0.06262008845806122
Epoch 7: loss = 0.06262002140283585
Epoch 8: loss = 0.06261996179819107
Early stopping at epoch 8 with loss 0.06267622113227844
Reconstruction for fluence = 2.976351441631318 photons/pixel
Epoch 0: loss = 1.0046086311340332
Epoch 1: loss = 0.08278707414865494
Epoch 2: loss = 0.07950552552938461
Epoch 3: loss = 0.07923029363155365
Epoch 4: loss = 0.07917962223291397
Epoch 5: loss = 0.07916215062141418
Epoch 6: loss = 0.07915680855512619
Epoch 7: loss = 0.0791536495089531
Epoch 8: loss = 0.07914996147155762
Early stopping at epoch 8 with loss 0.07923029363155365
Reconstruction for fluence = 6.9519279617756045 photons/pixel
Epoch 0: loss = 2.2712597846984863
Epoch 1: loss = 0.11199918389320374
Epoch 2: loss = 0.10409262776374817
Epoch 3: loss = 0.10355488210916519
Epoch 4: loss = 0.1034095287322998
Epoch 5: loss = 0.10336608439683914
Epoch 6: loss = 0.10335218161344528
Epoch 7: loss = 0.10334499925374985
Epoch 8: loss = 0.1033390611410141
Epoch 9: loss = 0.1033380925655365
Early stopping at epoch 9 with loss 0.1034095287322998
Reconstruction for fluence = 16.23776739188721 photons/pixel
Epoch 0: loss = 5.196075439453125
Epoch 1: loss = 0.15400201082229614
Epoch 2: loss = 0.1378825455904007
Epoch 3: loss = 0.13639719784259796
Epoch 4: loss = 0.1360207349061966
Epoch 5: loss = 0.13592928647994995
Epoch 6: loss = 0.1358957588672638
Epoch 7: loss = 0.1358744353055954
Epoch 8: loss = 0.13586492836475372
Epoch 9: loss = 0.13585935533046722
Epoch 10: loss = 0.13585631549358368
Epoch 11: loss = 0.13585472106933594
Early stopping at epoch 11 with loss 0.1358957588672638
Reconstruction for fluence = 37.926901907322495 photons/pixel
Epoch 0: loss = 12.06296443939209
Epoch 1: loss = 0.22120244801044464
Epoch 2: loss = 0.18076147139072418
Epoch 3: loss = 0.17603392899036407
Epoch 4: loss = 0.1747446358203888
Epoch 5: loss = 0.17413201928138733
Epoch 6: loss = 0.17395354807376862
Epoch 7: loss = 0.17390155792236328
Epoch 8: loss = 0.17384903132915497
Epoch 9: loss = 0.17382997274398804
Epoch 10: loss = 0.17381830513477325
Epoch 11: loss = 0.17381559312343597
Epoch 12: loss = 0.17381414771080017
Epoch 13: loss = 0.1738133430480957
Early stopping at epoch 13 with loss 0.17384903132915497
Reconstruction for fluence = 88.58667904100822 photons/pixel
Epoch 0: loss = 28.151378631591797
Epoch 1: loss = 0.31984058022499084
Epoch 2: loss = 0.2189488410949707
Epoch 3: loss = 0.2062753587961197
Epoch 4: loss = 0.20281298458576202
Epoch 5: loss = 0.20219869911670685
Epoch 6: loss = 0.20201219618320465
Epoch 7: loss = 0.2019716054201126
Epoch 8: loss = 0.2019656002521515
Epoch 9: loss = 0.20196403563022614
Epoch 10: loss = 0.2019633799791336
Epoch 11: loss = 0.20196326076984406
Early stopping at epoch 11 with loss 0.20201219618320465
Reconstruction for fluence = 206.9138081114788 photons/pixel
Epoch 0: loss = 65.64781188964844
Epoch 1: loss = 0.4723578989505768
Epoch 2: loss = 0.2692762017250061
Epoch 3: loss = 0.24115414917469025
Epoch 4: loss = 0.22790230810642242
Epoch 5: loss = 0.22451788187026978
Epoch 6: loss = 0.22418127954006195
Epoch 7: loss = 0.22412994503974915
Epoch 8: loss = 0.22409115731716156
Epoch 9: loss = 0.224038764834404
Epoch 10: loss = 0.22402140498161316
Epoch 11: loss = 0.22401519119739532
Epoch 12: loss = 0.22401434183120728
Epoch 13: loss = 0.22401423752307892
Epoch 14: loss = 0.22401417791843414
Early stopping at epoch 14 with loss 0.224038764834404
Reconstruction for fluence = 483.2930238571752 photons/pixel
Epoch 0: loss = 153.20217895507812
Epoch 1: loss = 0.7691977024078369
Epoch 2: loss = 0.3223690390586853
Epoch 3: loss = 0.2638818323612213
Epoch 4: loss = 0.23484665155410767
Epoch 5: loss = 0.22879555821418762
Epoch 6: loss = 0.22837479412555695
Epoch 7: loss = 0.2283371239900589
Epoch 8: loss = 0.22823728621006012
Epoch 9: loss = 0.22818820178508759
Epoch 10: loss = 0.22818242013454437
Epoch 11: loss = 0.2281816303730011
Epoch 12: loss = 0.22818131744861603
Epoch 13: loss = 0.22818125784397125
Early stopping at epoch 13 with loss 0.22823728621006012
Reconstruction for fluence = 1128.8378916846884 photons/pixel
Epoch 0: loss = 357.79278564453125
Epoch 1: loss = 1.496014952659607
Epoch 2: loss = 0.4571826756000519
Epoch 3: loss = 0.2896471619606018
Epoch 4: loss = 0.2349829226732254
Epoch 5: loss = 0.22546596825122833
Epoch 6: loss = 0.22505028545856476
Epoch 7: loss = 0.22499717772006989
Epoch 8: loss = 0.2249927520751953
Epoch 9: loss = 0.22499248385429382
Epoch 10: loss = 0.2249922752380371
Epoch 11: loss = 0.22499223053455353
Early stopping at epoch 11 with loss 0.22505028545856476
Reconstruction for fluence = 2636.6508987303555 photons/pixel
Epoch 0: loss = 835.46875
Epoch 1: loss = 3.3857879638671875
Epoch 2: loss = 0.808553159236908
Epoch 3: loss = 0.4222939908504486
Epoch 4: loss = 0.27479204535484314
Epoch 5: loss = 0.2211642861366272
Epoch 6: loss = 0.2185240089893341
Epoch 7: loss = 0.21836906671524048
Epoch 8: loss = 0.21835188567638397
Epoch 9: loss = 0.21835024654865265
Epoch 10: loss = 0.21835017204284668
Epoch 11: loss = 0.2183501422405243
Epoch 12: loss = 0.2183501422405243
Early stopping at epoch 12 with loss 0.21836906671524048
Reconstruction for fluence = 6158.482110660255 photons/pixel
Epoch 0: loss = 1951.06689453125
Epoch 1: loss = 6.641864776611328
Epoch 2: loss = 1.6974438428878784
Epoch 3: loss = 0.9026470184326172
Epoch 4: loss = 0.4769541323184967
Epoch 5: loss = 0.28764039278030396
Epoch 6: loss = 0.24018594622612
Epoch 7: loss = 0.21161460876464844
Epoch 8: loss = 0.21073807775974274
Epoch 9: loss = 0.21066242456436157
Epoch 10: loss = 0.2106555849313736
Epoch 11: loss = 0.21065516769886017
Epoch 12: loss = 0.21065504848957062
Epoch 13: loss = 0.210655078291893
Early stopping at epoch 13 with loss 0.21073807775974274
Reconstruction for fluence = 14384.498882876629 photons/pixel
Epoch 0: loss = 4557.77978515625
Epoch 1: loss = 14.66302490234375
Epoch 2: loss = 3.1846835613250732
Epoch 3: loss = 1.737108826637268
Epoch 4: loss = 0.609930157661438
Epoch 5: loss = 0.258832186460495
Epoch 6: loss = 0.20691806077957153
Epoch 7: loss = 0.2045627385377884
Epoch 8: loss = 0.2043371945619583
Epoch 9: loss = 0.20432226359844208
Epoch 10: loss = 0.20432162284851074
Epoch 11: loss = 0.20432133972644806
Epoch 12: loss = 0.20432083308696747
Epoch 13: loss = 0.20432090759277344
Early stopping at epoch 13 with loss 0.2043371945619583
Reconstruction for fluence = 33598.18286283781 photons/pixel
Epoch 0: loss = 10646.138671875
Epoch 1: loss = 40.1555061340332
Epoch 2: loss = 7.187076091766357
Epoch 3: loss = 2.8437633514404297
Epoch 4: loss = 0.92935711145401
Epoch 5: loss = 0.24133341014385223
Epoch 6: loss = 0.2026553750038147
Epoch 7: loss = 0.20059019327163696
Epoch 8: loss = 0.20041480660438538
Epoch 9: loss = 0.20040173828601837
Epoch 10: loss = 0.20040060579776764
Epoch 11: loss = 0.20040041208267212
Epoch 12: loss = 0.20040050148963928
Epoch 13: loss = 0.20040050148963928
Early stopping at epoch 13 with loss 0.20041480660438538
Reconstruction for fluence = 78475.99703514607 photons/pixel
Epoch 0: loss = 24864.43359375
Epoch 1: loss = 94.6950454711914
Epoch 2: loss = 18.59340476989746
Epoch 3: loss = 4.391401767730713
Epoch 4: loss = 0.8541116714477539
Epoch 5: loss = 0.2514461576938629
Epoch 6: loss = 0.20034359395503998
Epoch 7: loss = 0.19703030586242676
Epoch 8: loss = 0.19672523438930511
Epoch 9: loss = 0.19670236110687256
Epoch 10: loss = 0.1967000663280487
Epoch 11: loss = 0.1966998130083084
Epoch 12: loss = 0.196699857711792
Epoch 13: loss = 0.196699857711792
Early stopping at epoch 13 with loss 0.19672523438930511
Reconstruction for fluence = 183298.07108324335 photons/pixel
Epoch 0: loss = 58079.4453125
Epoch 1: loss = 236.20790100097656
Epoch 2: loss = 43.8162841796875
Epoch 3: loss = 11.824442863464355
Epoch 4: loss = 2.2186453342437744
Epoch 5: loss = 0.2734774053096771
Epoch 6: loss = 0.20182006061077118
Epoch 7: loss = 0.1953163743019104
Epoch 8: loss = 0.1949222832918167
Epoch 9: loss = 0.19489267468452454
Epoch 10: loss = 0.1948903203010559
Epoch 11: loss = 0.1948896199464798
Epoch 12: loss = 0.1948898583650589
Epoch 13: loss = 0.19488954544067383
Early stopping at epoch 13 with loss 0.1949222832918167
Reconstruction for fluence = 428133.2398719387 photons/pixel
Epoch 0: loss = 135653.015625
Epoch 1: loss = 456.40570068359375
Epoch 2: loss = 89.12580108642578
Epoch 3: loss = 31.05409049987793
Epoch 4: loss = 9.765621185302734
Epoch 5: loss = 0.8880134224891663
Epoch 6: loss = 0.22466982901096344
Epoch 7: loss = 0.19917970895767212
Epoch 8: loss = 0.19680562615394592
Epoch 9: loss = 0.19666226208209991
Epoch 10: loss = 0.19665391743183136
Epoch 11: loss = 0.19665098190307617
Epoch 12: loss = 0.1966504603624344
Epoch 13: loss = 0.19665010273456573
Epoch 14: loss = 0.1966499537229538
Early stopping at epoch 14 with loss 0.19666226208209991
Reconstruction for fluence = 1000000.0 photons/pixel
Epoch 0: loss = 316850.84375
Epoch 1: loss = 1299.326416015625
Epoch 2: loss = 266.43096923828125
Epoch 3: loss = 110.33326721191406
Epoch 4: loss = 26.14838981628418
Epoch 5: loss = 5.195282936096191
Epoch 6: loss = 3.3888180255889893
Epoch 7: loss = 0.24309423565864563
Epoch 8: loss = 0.19872432947158813
Epoch 9: loss = 0.19568797945976257
Epoch 10: loss = 0.19544798135757446
Epoch 11: loss = 0.19542725384235382
Epoch 12: loss = 0.1954251229763031
Epoch 13: loss = 0.19542525708675385
Epoch 14: loss = 0.195425346493721
Epoch 15: loss = 0.19542479515075684
Early stopping at epoch 15 with loss 0.19544798135757446
Tensors initialization on device cuda
Multiprobe = band_lim
torch.Size([1, 64, 64])

('MSE', 'PoissonNLL') RECONSTRUCTIONS

Reconstruction for fluence = 0.09999999999999999 photons/pixel
Epoch 0: loss = 0.09446755051612854
Epoch 1: loss = 0.03506316617131233
Epoch 2: loss = 0.03480919077992439
Epoch 3: loss = 0.03478506579995155
Epoch 4: loss = 0.03477931022644043
Epoch 5: loss = 0.03477862477302551
Epoch 6: loss = 0.03477812558412552
Epoch 7: loss = 0.03477785363793373
Early stopping at epoch 7 with loss 0.03480919077992439
Epoch 0: loss = 0.09477250277996063
Epoch 1: loss = 0.08319898694753647
Epoch 2: loss = 0.08314260095357895
Epoch 3: loss = 0.08312846720218658
Epoch 4: loss = 0.08312080055475235
Epoch 5: loss = 0.08311592787504196
Epoch 6: loss = 0.08311419188976288
Early stopping at epoch 6 with loss 0.08319898694753647
Reconstruction for fluence = 0.23357214690901223 photons/pixel
Epoch 0: loss = 0.14449551701545715
Epoch 1: loss = 0.04402374103665352
Epoch 2: loss = 0.0437098927795887
Epoch 3: loss = 0.04369361326098442
Epoch 4: loss = 0.043691981583833694
Epoch 5: loss = 0.04369182512164116
Epoch 6: loss = 0.04369182512164116
Epoch 7: loss = 0.04369182512164116
Early stopping at epoch 7 with loss 0.0437098927795887
Epoch 0: loss = 0.02552061527967453
Epoch 1: loss = 0.014890233986079693
Epoch 2: loss = 0.014832096174359322
Epoch 3: loss = 0.014822308905422688
Epoch 4: loss = 0.014815089292824268
Epoch 5: loss = 0.014808999374508858
Epoch 6: loss = 0.014800356701016426
Early stopping at epoch 6 with loss 0.014890233986079693
Reconstruction for fluence = 0.5455594781168519 photons/pixel
Epoch 0: loss = 0.2392888069152832
Epoch 1: loss = 0.05089184269309044
Epoch 2: loss = 0.050300102680921555
Epoch 3: loss = 0.050265613943338394
Epoch 4: loss = 0.05025781691074371
Epoch 5: loss = 0.05025527998805046
Epoch 6: loss = 0.050254929810762405
Epoch 7: loss = 0.05025492236018181
Early stopping at epoch 7 with loss 0.050300102680921555
Epoch 0: loss = -0.38794538378715515
Epoch 1: loss = -0.400020569562912
Epoch 2: loss = -0.4001519978046417
Epoch 3: loss = -0.4001816511154175
Epoch 4: loss = -0.4001893997192383
Epoch 5: loss = -0.4001922011375427
Epoch 6: loss = -0.40019819140434265
Epoch 7: loss = -0.4002041220664978
Early stopping at epoch 7 with loss -0.4001519978046417
Reconstruction for fluence = 1.2742749857031335 photons/pixel
Epoch 0: loss = 0.47961166501045227
Epoch 1: loss = 0.06239163130521774
Epoch 2: loss = 0.06124201789498329
Epoch 3: loss = 0.061115458607673645
Epoch 4: loss = 0.06109466031193733
Epoch 5: loss = 0.06109189987182617
Epoch 6: loss = 0.06109113246202469
Epoch 7: loss = 0.061090681701898575
Epoch 8: loss = 0.06109046936035156
Early stopping at epoch 8 with loss 0.061115458607673645
Epoch 0: loss = -1.9263335466384888
Epoch 1: loss = -1.9422937631607056
Epoch 2: loss = -1.9424762725830078
Epoch 3: loss = -1.942525863647461
Epoch 4: loss = -1.9425557851791382
Epoch 5: loss = -1.9425727128982544
Epoch 6: loss = -1.9425808191299438
Epoch 7: loss = -1.9425866603851318
Epoch 8: loss = -1.9425888061523438
Epoch 9: loss = -1.9425896406173706
Epoch 10: loss = -1.9425917863845825
Epoch 11: loss = -1.9425981044769287
Early stopping at epoch 11 with loss -1.9425808191299438
Reconstruction for fluence = 2.976351441631318 photons/pixel
Epoch 0: loss = 1.0120588541030884
Epoch 1: loss = 0.08189042657613754
Epoch 2: loss = 0.07896639406681061
Epoch 3: loss = 0.07866691052913666
Epoch 4: loss = 0.07862614840269089
Epoch 5: loss = 0.07861477136611938
Epoch 6: loss = 0.07861319929361343
Epoch 7: loss = 0.07861235737800598
Epoch 8: loss = 0.07860837131738663
Early stopping at epoch 8 with loss 0.07866691052913666
Epoch 0: loss = -7.09079647064209
Epoch 1: loss = -7.112669467926025
Epoch 2: loss = -7.112885475158691
Epoch 3: loss = -7.112977981567383
Epoch 4: loss = -7.113015174865723
Epoch 5: loss = -7.11302375793457
Epoch 6: loss = -7.11303186416626
Epoch 7: loss = -7.113037109375
Epoch 8: loss = -7.113039016723633
Epoch 9: loss = -7.113039016723633
Early stopping at epoch 9 with loss -7.113015174865723
Reconstruction for fluence = 6.9519279617756045 photons/pixel
Epoch 0: loss = 2.2869999408721924
Epoch 1: loss = 0.10719440132379532
Epoch 2: loss = 0.10170747339725494
Epoch 3: loss = 0.1012633740901947
Epoch 4: loss = 0.10109518468379974
Epoch 5: loss = 0.10099831968545914
Epoch 6: loss = 0.10096629709005356
Epoch 7: loss = 0.10096060484647751
Epoch 8: loss = 0.10095749795436859
Epoch 9: loss = 0.10095641762018204
Epoch 10: loss = 0.10095532983541489
Epoch 11: loss = 0.10095450282096863
Early stopping at epoch 11 with loss 0.10096629709005356
Epoch 0: loss = -22.35385513305664
Epoch 1: loss = -22.3807315826416
Epoch 2: loss = -22.381067276000977
Epoch 3: loss = -22.381160736083984
Epoch 4: loss = -22.38116455078125
Epoch 5: loss = -22.381174087524414
Epoch 6: loss = -22.381179809570312
Epoch 7: loss = -22.38118553161621
Epoch 8: loss = -22.381189346313477
Epoch 9: loss = -22.38119125366211
Epoch 10: loss = -22.381195068359375
Early stopping at epoch 10 with loss -22.381174087524414
Reconstruction for fluence = 16.23776739188721 photons/pixel
Epoch 0: loss = 5.273463726043701
Epoch 1: loss = 0.15242478251457214
Epoch 2: loss = 0.13749659061431885
Epoch 3: loss = 0.13629527390003204
Epoch 4: loss = 0.1360645294189453
Epoch 5: loss = 0.13599780201911926
Epoch 6: loss = 0.1359052062034607
Epoch 7: loss = 0.13587339222431183
Epoch 8: loss = 0.13582678139209747
Epoch 9: loss = 0.1357101947069168
Epoch 10: loss = 0.13566923141479492
Epoch 11: loss = 0.13565665483474731
Epoch 12: loss = 0.13565106689929962
Epoch 13: loss = 0.13564689457416534
Epoch 14: loss = 0.1356334686279297
Early stopping at epoch 14 with loss 0.1357101947069168
Epoch 0: loss = -65.87438201904297
Epoch 1: loss = -65.90750122070312
Epoch 2: loss = -65.90785217285156
Epoch 3: loss = -65.9079360961914
Epoch 4: loss = -65.90797424316406
Epoch 5: loss = -65.90799713134766
Epoch 6: loss = -65.9080581665039
Epoch 7: loss = -65.90806579589844
Epoch 8: loss = -65.9081039428711
Epoch 9: loss = -65.90811157226562
Epoch 10: loss = -65.90811157226562
Epoch 11: loss = -65.90811920166016
Epoch 12: loss = -65.90811920166016
Epoch 13: loss = -65.90811920166016
Early stopping at epoch 13 with loss -65.9081039428711
Reconstruction for fluence = 37.926901907322495 photons/pixel
Epoch 0: loss = 12.25479507446289
Epoch 1: loss = 0.20613299310207367
Epoch 2: loss = 0.1746824085712433
Epoch 3: loss = 0.16991093754768372
Epoch 4: loss = 0.1693161576986313
Epoch 5: loss = 0.16916218400001526
Epoch 6: loss = 0.16909417510032654
Epoch 7: loss = 0.1690618395805359
Epoch 8: loss = 0.1690557599067688
Epoch 9: loss = 0.1690455824136734
Epoch 10: loss = 0.16900987923145294
Epoch 11: loss = 0.16898928582668304
Epoch 12: loss = 0.16897006332874298
Early stopping at epoch 12 with loss 0.1690618395805359
Epoch 0: loss = -186.00364685058594
Epoch 1: loss = -186.0387725830078
Epoch 2: loss = -186.03903198242188
Epoch 3: loss = -186.03909301757812
Epoch 4: loss = -186.0391387939453
Epoch 5: loss = -186.03921508789062
Epoch 6: loss = -186.0392608642578
Epoch 7: loss = -186.0392608642578
Epoch 8: loss = -186.03927612304688
Epoch 9: loss = -186.039306640625
Epoch 10: loss = -186.039306640625
Early stopping at epoch 10 with loss -186.03921508789062
Reconstruction for fluence = 88.58667904100822 photons/pixel
Epoch 0: loss = 28.462602615356445
Epoch 1: loss = 0.30602991580963135
Epoch 2: loss = 0.21760912239551544
Epoch 3: loss = 0.2068002074956894
Epoch 4: loss = 0.20526930689811707
Epoch 5: loss = 0.20490707457065582
Epoch 6: loss = 0.2047051340341568
Epoch 7: loss = 0.20465093851089478
Epoch 8: loss = 0.20461758971214294
Epoch 9: loss = 0.20460447669029236
Epoch 10: loss = 0.20457687973976135
Epoch 11: loss = 0.2045583426952362
Epoch 12: loss = 0.20455653965473175
Epoch 13: loss = 0.20455510914325714
Epoch 14: loss = 0.20454801619052887
Early stopping at epoch 14 with loss 0.20460447669029236
Epoch 0: loss = -510.8254089355469
Epoch 1: loss = -510.8583068847656
Epoch 2: loss = -510.8585510253906
Epoch 3: loss = -510.8587341308594
Epoch 4: loss = -510.8587341308594
Epoch 5: loss = -510.8587341308594
Epoch 6: loss = -510.85882568359375
Epoch 7: loss = -510.85882568359375
Epoch 8: loss = -510.85882568359375
Early stopping at epoch 8 with loss -510.8587341308594
Reconstruction for fluence = 206.9138081114788 photons/pixel
Epoch 0: loss = 66.53681182861328
Epoch 1: loss = 0.4629923403263092
Epoch 2: loss = 0.25623977184295654
Epoch 3: loss = 0.22912465035915375
Epoch 4: loss = 0.22559267282485962
Epoch 5: loss = 0.22426234185695648
Epoch 6: loss = 0.22392207384109497
Epoch 7: loss = 0.22384388744831085
Epoch 8: loss = 0.223775252699852
Epoch 9: loss = 0.22334960103034973
Epoch 10: loss = 0.22325658798217773
Epoch 11: loss = 0.22325065732002258
Epoch 12: loss = 0.22324922680854797
Epoch 13: loss = 0.22324874997138977
Epoch 14: loss = 0.22324874997138977
Epoch 0: loss = -1367.204833984375
Epoch 1: loss = -1367.2298583984375
Epoch 2: loss = -1367.2301025390625
Epoch 3: loss = -1367.2301025390625
Epoch 4: loss = -1367.230224609375
Epoch 5: loss = -1367.23046875
Epoch 6: loss = -1367.23046875
Epoch 7: loss = -1367.23046875
Epoch 8: loss = -1367.23046875
Epoch 9: loss = -1367.230712890625
Epoch 10: loss = -1367.230712890625
Epoch 11: loss = -1367.230712890625
Epoch 12: loss = -1367.230712890625
Epoch 13: loss = -1367.230712890625
Epoch 14: loss = -1367.230712890625
Early stopping at epoch 14 with loss -1367.230712890625
Reconstruction for fluence = 483.2930238571752 photons/pixel
Epoch 0: loss = 155.1654052734375
Epoch 1: loss = 0.8357159495353699
Epoch 2: loss = 0.3554944097995758
Epoch 3: loss = 0.28192415833473206
Epoch 4: loss = 0.26831498742103577
Epoch 5: loss = 0.2603262662887573
Epoch 6: loss = 0.2575167715549469
Epoch 7: loss = 0.25711971521377563
Epoch 8: loss = 0.25694528222084045
Epoch 9: loss = 0.2567009925842285
Epoch 10: loss = 0.25599512457847595
Epoch 11: loss = 0.25594907999038696
Epoch 12: loss = 0.2559341490268707
Epoch 13: loss = 0.25593116879463196
Epoch 14: loss = 0.255930095911026
Epoch 0: loss = -3604.795654296875
Epoch 1: loss = -3604.81689453125
Epoch 2: loss = -3604.8173828125
Epoch 3: loss = -3604.818115234375
Epoch 4: loss = -3604.818115234375
Epoch 5: loss = -3604.818359375
Epoch 6: loss = -3604.81884765625
Epoch 7: loss = -3604.81884765625
Epoch 8: loss = -3604.81884765625
Epoch 9: loss = -3604.819091796875
Epoch 10: loss = -3604.819091796875
Epoch 11: loss = -3604.819091796875
Epoch 12: loss = -3604.819091796875
Epoch 13: loss = -3604.819091796875
Epoch 14: loss = -3604.819091796875
Early stopping at epoch 14 with loss -3604.819091796875
Reconstruction for fluence = 1128.8378916846884 photons/pixel
Epoch 0: loss = 362.60107421875
Epoch 1: loss = 1.827587366104126
Epoch 2: loss = 0.6703401207923889
Epoch 3: loss = 0.3759632706642151
Epoch 4: loss = 0.3081613779067993
Epoch 5: loss = 0.2987288236618042
Epoch 6: loss = 0.290655255317688
Epoch 7: loss = 0.28309598565101624
Epoch 8: loss = 0.2787534296512604
Epoch 9: loss = 0.2784217894077301
Epoch 10: loss = 0.27835750579833984
Epoch 11: loss = 0.278280109167099
Epoch 12: loss = 0.2782670259475708
Epoch 13: loss = 0.2782660126686096
Epoch 14: loss = 0.2782658636569977
Epoch 0: loss = -9376.263671875
Epoch 1: loss = -9376.2783203125
Epoch 2: loss = -9376.279296875
Epoch 3: loss = -9376.279296875
Epoch 4: loss = -9376.2802734375
Epoch 5: loss = -9376.28125
Epoch 6: loss = -9376.28125
Epoch 7: loss = -9376.28125
Epoch 8: loss = -9376.28125
Epoch 9: loss = -9376.28125
Epoch 10: loss = -9376.28125
Early stopping at epoch 10 with loss -9376.28125
Reconstruction for fluence = 2636.6508987303555 photons/pixel
Epoch 0: loss = 846.74267578125
Epoch 1: loss = 3.701247453689575
Epoch 2: loss = 1.2572532892227173
Epoch 3: loss = 0.7106366157531738
Epoch 4: loss = 0.3900265693664551
Epoch 5: loss = 0.3637511134147644
Epoch 6: loss = 0.34959399700164795
Epoch 7: loss = 0.3484354019165039
Epoch 8: loss = 0.3482510447502136
Epoch 9: loss = 0.3481617271900177
Epoch 10: loss = 0.34814557433128357
Epoch 11: loss = 0.3481447994709015
Epoch 12: loss = 0.34814444184303284
Epoch 13: loss = 0.34814444184303284
Epoch 14: loss = 0.34814444184303284
Epoch 0: loss = -24140.802734375
Epoch 1: loss = -24140.81640625
Epoch 2: loss = -24140.8203125
Epoch 3: loss = -24140.8203125
Epoch 4: loss = -24140.8203125
Epoch 5: loss = -24140.8203125
Epoch 6: loss = -24140.8203125
Epoch 7: loss = -24140.8203125
Early stopping at epoch 7 with loss -24140.8203125
Reconstruction for fluence = 6158.482110660255 photons/pixel
Epoch 0: loss = 1978.2476806640625
Epoch 1: loss = 6.656836986541748
Epoch 2: loss = 1.612287163734436
Epoch 3: loss = 0.7958953976631165
Epoch 4: loss = 0.6449596881866455
Epoch 5: loss = 0.47236448526382446
Epoch 6: loss = 0.42191416025161743
Epoch 7: loss = 0.3975910246372223
Epoch 8: loss = 0.3726271390914917
Epoch 9: loss = 0.34873542189598083
Epoch 10: loss = 0.35686978697776794
Epoch 11: loss = 0.21136347949504852
Epoch 12: loss = 0.21038973331451416
Epoch 13: loss = 0.21031899750232697
Epoch 14: loss = 0.21030592918395996
Epoch 0: loss = -61592.66796875
Epoch 1: loss = -61592.66796875
Epoch 2: loss = -61592.66796875
Epoch 3: loss = -61592.67578125
Epoch 4: loss = -61592.66796875
Epoch 5: loss = -61592.66796875
Epoch 6: loss = -61592.67578125
Epoch 7: loss = -61592.6796875
Epoch 8: loss = -61592.6796875
Epoch 9: loss = -61592.6796875
Epoch 10: loss = -61592.6796875
Epoch 11: loss = -61592.6796875
Epoch 12: loss = -61592.6796875
Early stopping at epoch 12 with loss -61592.6796875
Reconstruction for fluence = 14384.498882876629 photons/pixel
Epoch 0: loss = 4620.70263671875
Epoch 1: loss = 17.221452713012695
Epoch 2: loss = 4.8053765296936035
Epoch 3: loss = 2.3222391605377197
Epoch 4: loss = 1.2375932931900024
Epoch 5: loss = 0.9382588267326355
Epoch 6: loss = 0.7132197022438049
Epoch 7: loss = 0.6109921336174011
Epoch 8: loss = 0.5629972815513611
Epoch 9: loss = 0.25108903646469116
Epoch 10: loss = 0.21902887523174286
Epoch 11: loss = 0.2186267077922821
Epoch 12: loss = 0.2185826599597931
Epoch 13: loss = 0.21857468783855438
Epoch 14: loss = 0.21857376396656036
Epoch 0: loss = -156072.0
Epoch 1: loss = -156072.0
Epoch 2: loss = -156072.0
Epoch 3: loss = -156072.0
Epoch 4: loss = -156072.0
Epoch 5: loss = -156072.0
Early stopping at epoch 5 with loss -156072.0
Reconstruction for fluence = 33598.18286283781 photons/pixel
Epoch 0: loss = 10791.3701171875
Epoch 1: loss = 43.50612258911133
Epoch 2: loss = 15.338435173034668
Epoch 3: loss = 7.406752109527588
Epoch 4: loss = 3.4176025390625
Epoch 5: loss = 2.1470022201538086
Epoch 6: loss = 1.885034203529358
Epoch 7: loss = 1.8508065938949585
Epoch 8: loss = 1.8437974452972412
Epoch 9: loss = 1.8161383867263794
Epoch 10: loss = 1.8118716478347778
Epoch 11: loss = 1.81156325340271
Epoch 12: loss = 1.8113356828689575
Epoch 13: loss = 1.811299204826355
Epoch 14: loss = 1.8108869791030884
Epoch 0: loss = -393053.6875
Epoch 1: loss = -393053.78125
Epoch 2: loss = -393053.78125
Epoch 3: loss = -393053.8125
Epoch 4: loss = -393053.78125
Epoch 5: loss = -393053.78125
Epoch 6: loss = -393053.78125
Epoch 7: loss = -393053.8125
Epoch 8: loss = -393053.8125
Early stopping at epoch 8 with loss -393053.8125
Reconstruction for fluence = 78475.99703514607 photons/pixel
Epoch 0: loss = 25207.30859375
Epoch 1: loss = 86.2863540649414
Epoch 2: loss = 20.88548469543457
Epoch 3: loss = 7.877010822296143
Epoch 4: loss = 5.065620422363281
Epoch 5: loss = 4.692014694213867
Epoch 6: loss = 4.461172580718994
Epoch 7: loss = 4.422845840454102
Epoch 8: loss = 4.404146194458008
Epoch 9: loss = 4.376707553863525
Epoch 10: loss = 4.365530967712402
Epoch 11: loss = 4.363676071166992
Epoch 12: loss = 4.362785339355469
Epoch 13: loss = 4.362730979919434
Epoch 14: loss = 4.362138748168945
Epoch 0: loss = -984580.875
Epoch 1: loss = -984580.875
Epoch 2: loss = -984581.0
Epoch 3: loss = -984581.0
Epoch 4: loss = -984581.0
Epoch 5: loss = -984581.0
Epoch 6: loss = -984581.0
Epoch 7: loss = -984581.0
Early stopping at epoch 7 with loss -984581.0
Reconstruction for fluence = 183298.07108324335 photons/pixel
Epoch 0: loss = 58875.8671875
Epoch 1: loss = 237.3397979736328
Epoch 2: loss = 83.14091491699219
Epoch 3: loss = 48.34877395629883
Epoch 4: loss = 17.31845474243164
Epoch 5: loss = 10.265369415283203
Epoch 6: loss = 9.362198829650879
Epoch 7: loss = 9.039347648620605
Epoch 8: loss = 8.98996353149414
Epoch 9: loss = 8.977807998657227
Epoch 10: loss = 8.971348762512207
Epoch 11: loss = 8.969879150390625
Epoch 12: loss = 8.96959400177002
Epoch 13: loss = 8.969560623168945
Epoch 14: loss = 8.969557762145996
Epoch 0: loss = -2455195.25
Epoch 1: loss = -2455195.25
Epoch 2: loss = -2455195.25
Epoch 3: loss = -2455195.25
Epoch 4: loss = -2455195.25
Epoch 5: loss = -2455195.5
Epoch 6: loss = -2455195.5
Epoch 7: loss = -2455195.5
Epoch 8: loss = -2455195.5
Epoch 9: loss = -2455195.5
Epoch 10: loss = -2455195.5
Early stopping at epoch 10 with loss -2455195.5
Reconstruction for fluence = 428133.2398719387 photons/pixel
Epoch 0: loss = 137517.203125
Epoch 1: loss = 501.45849609375
Epoch 2: loss = 187.38462829589844
Epoch 3: loss = 142.16065979003906
Epoch 4: loss = 56.85039520263672
Epoch 5: loss = 29.18377685546875
Epoch 6: loss = 25.078489303588867
Epoch 7: loss = 22.384187698364258
Epoch 8: loss = 22.171119689941406
Epoch 9: loss = 22.1356201171875
Epoch 10: loss = 22.123395919799805
Epoch 11: loss = 22.12153434753418
Epoch 12: loss = 22.121337890625
Epoch 13: loss = 22.12131690979004
Epoch 14: loss = 22.121307373046875
Epoch 0: loss = -6097913.0
Epoch 1: loss = -6097914.0
Epoch 2: loss = -6097914.0
Epoch 3: loss = -6097914.0
Epoch 4: loss = -6097914.0
Epoch 5: loss = -6097914.5
Epoch 6: loss = -6097914.5
Epoch 7: loss = -6097914.5
Epoch 8: loss = -6097914.5
Epoch 9: loss = -6097914.5
Epoch 10: loss = -6097914.0
Early stopping at epoch 10 with loss -6097914.5
Reconstruction for fluence = 1000000.0 photons/pixel
Epoch 0: loss = 321196.5
Epoch 1: loss = 1216.2393798828125
Epoch 2: loss = 454.4484558105469
Epoch 3: loss = 322.2574462890625
Epoch 4: loss = 214.06190490722656
Epoch 5: loss = 68.70478057861328
Epoch 6: loss = 51.49407958984375
Epoch 7: loss = 47.49494934082031
Epoch 8: loss = 46.43301773071289
Epoch 9: loss = 45.94960021972656
Epoch 10: loss = 45.834781646728516
Epoch 11: loss = 45.797149658203125
Epoch 12: loss = 45.79261779785156
Epoch 13: loss = 45.79239273071289
Epoch 14: loss = 45.79237747192383
Epoch 0: loss = -15091556.0
Epoch 1: loss = -15091556.0
Epoch 2: loss = -15091557.0
Epoch 3: loss = -15091557.0
Epoch 4: loss = -15091557.0
Epoch 5: loss = -15091557.0
Epoch 6: loss = -15091557.0
Epoch 7: loss = -15091557.0
Early stopping at epoch 7 with loss -15091557.0
Simulation for steps_size=22 and n_fluences=20 completed!
