Running simulation for n_modes=5 and n_fluences=20
Tensors initialization on device cuda
Multiprobe = band_lim
torch.Size([5, 64, 64])

('MSE', None) RECONSTRUCTIONS

Reconstruction for fluence = 0.09999999999999999 photons/pixel
Epoch 0: loss = 10723.1123046875
Epoch 1: loss = 3887.71142578125
Epoch 2: loss = 3762.2646484375
Epoch 3: loss = 3760.30712890625
Epoch 4: loss = 3760.269287109375
Epoch 5: loss = 3760.269287109375
Epoch 6: loss = 3760.26904296875
Epoch 7: loss = 3760.26904296875
Epoch 8: loss = 3760.26904296875
Epoch 9: loss = 3760.268798828125
Epoch 10: loss = 3760.2685546875
Epoch 11: loss = 3760.2685546875
Epoch 12: loss = 3760.2685546875
Epoch 13: loss = 3760.2685546875
Epoch 14: loss = 3760.2685546875
Epoch 15: loss = 3760.2685546875
Epoch 16: loss = 3760.2685546875
Epoch 17: loss = 3760.2685546875
Epoch 18: loss = 3760.2685546875
Epoch 19: loss = 3760.2685546875
Epoch 20: loss = 3760.2685546875
Early stopping at epoch 20 with loss 3760.2685546875
Reconstruction for fluence = 0.23357214690901223 photons/pixel
Epoch 0: loss = 24320.408203125
Epoch 1: loss = 8866.2451171875
Epoch 2: loss = 8582.443359375
Epoch 3: loss = 8577.990234375
Epoch 4: loss = 8577.916015625
Epoch 5: loss = 8577.9140625
Epoch 6: loss = 8577.912109375
Epoch 7: loss = 8577.912109375
Epoch 8: loss = 8577.912109375
Epoch 9: loss = 8577.9111328125
Epoch 10: loss = 8577.91015625
Epoch 11: loss = 8577.91015625
Epoch 12: loss = 8577.91015625
Epoch 13: loss = 8577.91015625
Epoch 14: loss = 8577.91015625
Epoch 15: loss = 8577.91015625
Epoch 16: loss = 8577.91015625
Epoch 17: loss = 8577.91015625
Epoch 18: loss = 8577.91015625
Epoch 19: loss = 8577.91015625
Epoch 20: loss = 8577.91015625
Early stopping at epoch 20 with loss 8577.91015625
Reconstruction for fluence = 0.5455594781168519 photons/pixel
Epoch 0: loss = 54810.3515625
Epoch 1: loss = 20523.390625
Epoch 2: loss = 19892.837890625
Epoch 3: loss = 19882.7890625
Epoch 4: loss = 19882.62109375
Epoch 5: loss = 19882.6171875
Epoch 6: loss = 19882.6171875
Epoch 7: loss = 19882.61328125
Epoch 8: loss = 19882.61328125
Epoch 9: loss = 19882.61328125
Epoch 10: loss = 19882.61328125
Epoch 11: loss = 19882.61328125
Epoch 12: loss = 19882.61328125
Epoch 13: loss = 19882.61328125
Epoch 14: loss = 19882.61328125
Epoch 15: loss = 19882.61328125
Epoch 16: loss = 19882.61328125
Epoch 17: loss = 19882.61328125
Early stopping at epoch 17 with loss 19882.61328125
Reconstruction for fluence = 1.2742749857031335 photons/pixel
Epoch 0: loss = 121050.328125
Epoch 1: loss = 47150.140625
Epoch 2: loss = 45785.19140625
Epoch 3: loss = 45763.0546875
Epoch 4: loss = 45762.6953125
Epoch 5: loss = 45762.6875
Epoch 6: loss = 45762.6875
Epoch 7: loss = 45762.6796875
Epoch 8: loss = 45762.6796875
Epoch 9: loss = 45762.6796875
Epoch 10: loss = 45762.6796875
Epoch 11: loss = 45762.6796875
Epoch 12: loss = 45762.67578125
Epoch 13: loss = 45762.67578125
Epoch 14: loss = 45762.67578125
Epoch 15: loss = 45762.67578125
Epoch 16: loss = 45762.67578125
Epoch 17: loss = 45762.67578125
Epoch 18: loss = 45762.67578125
Epoch 19: loss = 45762.67578125
Epoch 20: loss = 45762.67578125
Epoch 21: loss = 45762.67578125
Epoch 22: loss = 45762.67578125
Early stopping at epoch 22 with loss 45762.67578125
Reconstruction for fluence = 2.976351441631318 photons/pixel
Epoch 0: loss = 258234.09375
Epoch 1: loss = 106043.9921875
Epoch 2: loss = 103205.25
Epoch 3: loss = 103158.09375
Epoch 4: loss = 103157.3125
Epoch 5: loss = 103157.3125
Epoch 6: loss = 103157.3125
Epoch 7: loss = 103157.296875
Epoch 8: loss = 103157.296875
Epoch 9: loss = 103157.296875
Epoch 10: loss = 103157.296875
Epoch 11: loss = 103157.296875
Epoch 12: loss = 103157.296875
Epoch 13: loss = 103157.296875
Epoch 14: loss = 103157.296875
Epoch 15: loss = 103157.296875
Epoch 16: loss = 103157.296875
Epoch 17: loss = 103157.296875
Early stopping at epoch 17 with loss 103157.296875
Reconstruction for fluence = 6.9519279617756045 photons/pixel
Epoch 0: loss = 521738.75
Epoch 1: loss = 230194.640625
Epoch 2: loss = 224666.4375
Epoch 3: loss = 224573.34375
Epoch 4: loss = 224571.90625
Epoch 5: loss = 224571.859375
Epoch 6: loss = 224571.84375
Epoch 7: loss = 224571.828125
Epoch 8: loss = 224571.828125
Epoch 9: loss = 224571.8125
Epoch 10: loss = 224571.8125
Epoch 11: loss = 224571.8125
Epoch 12: loss = 224571.828125
Epoch 13: loss = 224571.828125
Epoch 14: loss = 224571.8125
Epoch 15: loss = 224571.8125
Epoch 16: loss = 224571.8125
Epoch 17: loss = 224571.8125
Epoch 18: loss = 224571.8125
Epoch 19: loss = 224571.8125
Early stopping at epoch 19 with loss 224571.8125
Reconstruction for fluence = 16.23776739188721 photons/pixel
Epoch 0: loss = 958915.625
Epoch 1: loss = 456214.8125
Epoch 2: loss = 446443.1875
Epoch 3: loss = 446276.375
Epoch 4: loss = 446273.875
Epoch 5: loss = 446273.75
Epoch 6: loss = 446273.75
Epoch 7: loss = 446273.71875
Epoch 8: loss = 446273.71875
Epoch 9: loss = 446273.6875
Epoch 10: loss = 446273.6875
Epoch 11: loss = 446273.6875
Epoch 12: loss = 446273.6875
Epoch 13: loss = 446273.6875
Epoch 14: loss = 446273.6875
Epoch 15: loss = 446273.6875
Epoch 16: loss = 446273.6875
Epoch 17: loss = 446273.6875
Epoch 18: loss = 446273.6875
Epoch 19: loss = 446273.6875
Early stopping at epoch 19 with loss 446273.6875
Reconstruction for fluence = 37.926901907322495 photons/pixel
Epoch 0: loss = 1535602.875
Epoch 1: loss = 758900.9375
Epoch 2: loss = 743305.125
Epoch 3: loss = 743035.1875
Epoch 4: loss = 743031.25
Epoch 5: loss = 743030.875
Epoch 6: loss = 743030.875
Epoch 7: loss = 743030.875
Epoch 8: loss = 743030.875
Epoch 9: loss = 743030.875
Epoch 10: loss = 743030.875
Epoch 11: loss = 743030.875
Epoch 12: loss = 743030.875
Epoch 13: loss = 743030.875
Epoch 14: loss = 743030.875
Epoch 15: loss = 743030.875
Early stopping at epoch 15 with loss 743030.875
Reconstruction for fluence = 88.58667904100822 photons/pixel
Epoch 0: loss = 2129407.75
Epoch 1: loss = 973370.9375
Epoch 2: loss = 949613.125
Epoch 3: loss = 949195.0
Epoch 4: loss = 949188.625
Epoch 5: loss = 949188.5
Epoch 6: loss = 949188.375
Epoch 7: loss = 949188.375
Epoch 8: loss = 949188.375
Epoch 9: loss = 949188.375
Epoch 10: loss = 949188.375
Epoch 11: loss = 949188.25
Epoch 12: loss = 949188.25
Epoch 13: loss = 949188.25
Epoch 14: loss = 949188.25
Epoch 15: loss = 949188.25
Epoch 16: loss = 949188.25
Epoch 17: loss = 949188.25
Epoch 18: loss = 949188.25
Epoch 19: loss = 949188.25
Epoch 20: loss = 949188.25
Epoch 21: loss = 949188.25
Early stopping at epoch 21 with loss 949188.25
Reconstruction for fluence = 206.9138081114788 photons/pixel
Epoch 0: loss = 3014573.25
Epoch 1: loss = 1020535.5625
Epoch 2: loss = 988656.5
Epoch 3: loss = 988053.0
Epoch 4: loss = 988043.0
Epoch 5: loss = 988042.875
Epoch 6: loss = 988042.875
Epoch 7: loss = 988042.875
Epoch 8: loss = 988042.8125
Epoch 9: loss = 988042.8125
Epoch 10: loss = 988042.75
Epoch 11: loss = 988042.75
Epoch 12: loss = 988042.75
Epoch 13: loss = 988042.75
Epoch 14: loss = 988042.75
Epoch 15: loss = 988042.75
Epoch 16: loss = 988042.75
Epoch 17: loss = 988042.75
Epoch 18: loss = 988042.75
Epoch 19: loss = 988042.75
Epoch 20: loss = 988042.75
Early stopping at epoch 20 with loss 988042.75
Reconstruction for fluence = 483.2930238571752 photons/pixel
Epoch 0: loss = 5382335.0
Epoch 1: loss = 267292475392.0
Epoch 2: loss = 3952452864.0
Epoch 3: loss = 59996752.0
Epoch 4: loss = 2248058.75
Epoch 5: loss = 1145877.625
Epoch 6: loss = 1132473.25
Epoch 7: loss = 1132223.125
Epoch 8: loss = 1132219.375
Epoch 9: loss = 1132219.25
Epoch 10: loss = 1132219.25
Epoch 11: loss = 1132219.25
Epoch 12: loss = 1132219.25
Epoch 13: loss = 1132219.25
Epoch 14: loss = 1132219.25
Epoch 15: loss = 1132219.25
Epoch 16: loss = 1132219.25
Epoch 17: loss = 1132219.25
Epoch 18: loss = 1132219.25
Epoch 19: loss = 1132219.25
Early stopping at epoch 19 with loss 1132219.25
Reconstruction for fluence = 1128.8378916846884 photons/pixel
Epoch 0: loss = 11339741.0
Epoch 1: loss = 3288682987520.0
Epoch 2: loss = 48612646912.0
Epoch 3: loss = 721460352.0
Epoch 4: loss = 13212142.0
Epoch 5: loss = 1937091.25
Epoch 6: loss = 1531262.375
Epoch 7: loss = 1529034.125
Epoch 8: loss = 1529008.5
Epoch 9: loss = 1529008.25
Epoch 10: loss = 1529008.25
Epoch 11: loss = 1529008.25
Epoch 12: loss = 1529008.25
Epoch 13: loss = 1529008.25
Epoch 14: loss = 1529008.0
Epoch 15: loss = 1529008.0
Epoch 16: loss = 1529008.0
Epoch 17: loss = 1529008.0
Epoch 18: loss = 1529008.0
Epoch 19: loss = 1529008.0
Epoch 20: loss = 1529008.0
Epoch 21: loss = 1529008.0
Epoch 22: loss = 1529008.0
Epoch 23: loss = 1529008.0
Epoch 24: loss = 1529008.0
Early stopping at epoch 24 with loss 1529008.0
Reconstruction for fluence = 2636.6508987303555 photons/pixel
Epoch 0: loss = 25411528.0
Epoch 1: loss = 41610784014336.0
Epoch 2: loss = 615050248192.0
Epoch 3: loss = 9097014272.0
Epoch 4: loss = 139865088.0
Epoch 5: loss = 6091503.0
Epoch 6: loss = 2355419.0
Epoch 7: loss = 2125228.0
Epoch 8: loss = 2118650.5
Epoch 9: loss = 2118556.75
Epoch 10: loss = 2118556.0
Epoch 11: loss = 2118555.75
Epoch 12: loss = 2118555.5
Epoch 13: loss = 2118555.5
Epoch 14: loss = 2118555.5
Epoch 15: loss = 2118555.5
Epoch 16: loss = 2118555.5
Epoch 17: loss = 2118555.5
Epoch 18: loss = 2118555.25
Epoch 19: loss = 2118555.25
Epoch 20: loss = 2118555.25
Epoch 21: loss = 2118555.25
Epoch 22: loss = 2118555.25
Epoch 23: loss = 2118555.25
Epoch 24: loss = 2118555.25
Epoch 25: loss = 2118555.5
Epoch 26: loss = 2118555.5
Epoch 27: loss = 2118555.5
Epoch 28: loss = 2118555.25
Early stopping at epoch 28 with loss 2118555.25
Reconstruction for fluence = 6158.482110660255 photons/pixel
Epoch 0: loss = 58299532.0
Epoch 1: loss = 532187921252352.0
Epoch 2: loss = 7866218971136.0
Epoch 3: loss = 116282474496.0
Epoch 4: loss = 1730727680.0
Epoch 5: loss = 34752448.0
Epoch 6: loss = 5646731.5
Epoch 7: loss = 3087478.75
Epoch 8: loss = 2863084.0
Epoch 9: loss = 2858936.5
Epoch 10: loss = 2858879.0
Epoch 11: loss = 2858878.75
Epoch 12: loss = 2858878.75
Epoch 13: loss = 2858878.5
Epoch 14: loss = 2858878.5
Epoch 15: loss = 2858878.5
Epoch 16: loss = 2858878.5
Epoch 17: loss = 2858878.5
Epoch 18: loss = 2858878.5
Epoch 19: loss = 2858878.5
Epoch 20: loss = 2858878.5
Epoch 21: loss = 2858878.5
Epoch 22: loss = 2858878.5
Epoch 23: loss = 2858878.5
Early stopping at epoch 23 with loss 2858878.5
Reconstruction for fluence = 14384.498882876629 photons/pixel
Epoch 0: loss = 135121184.0
Epoch 1: loss = 6823907927523328.0
Epoch 2: loss = 100863397855232.0
Epoch 3: loss = 1490877415424.0
Epoch 4: loss = 22063259648.0
Epoch 5: loss = 348009920.0
Epoch 6: loss = 19497316.0
Epoch 7: loss = 5465661.0
Epoch 8: loss = 3803295.5
Epoch 9: loss = 3701165.5
Epoch 10: loss = 3699546.5
Epoch 11: loss = 3699531.5
Epoch 12: loss = 3699531.0
Epoch 13: loss = 3699530.5
Epoch 14: loss = 3699530.5
Epoch 15: loss = 3699530.0
Epoch 16: loss = 3699530.0
Epoch 17: loss = 3699530.0
Epoch 18: loss = 3699530.0
Epoch 19: loss = 3699530.0
Epoch 20: loss = 3699530.0
Epoch 21: loss = 3699530.0
Epoch 22: loss = 3699530.0
Epoch 23: loss = 3699530.0
Epoch 24: loss = 3699530.0
Epoch 25: loss = 3699530.0
Early stopping at epoch 25 with loss 3699530.0
Reconstruction for fluence = 33598.18286283781 photons/pixel
Epoch 0: loss = 314603200.0
Epoch 1: loss = 8.7586194325504e+16
Epoch 2: loss = 1294601390391296.0
Epoch 3: loss = 19135413092352.0
Epoch 4: loss = 282897874944.0
Epoch 5: loss = 4234360320.0
Epoch 6: loss = 98987952.0
Epoch 7: loss = 15218700.0
Epoch 8: loss = 5988417.0
Epoch 9: loss = 4531609.0
Epoch 10: loss = 4478008.0
Epoch 11: loss = 4477287.0
Epoch 12: loss = 4477279.0
Epoch 13: loss = 4477278.0
Epoch 14: loss = 4477278.0
Epoch 15: loss = 4477277.5
Epoch 16: loss = 4477277.0
Epoch 17: loss = 4477277.0
Epoch 18: loss = 4477277.0
Epoch 19: loss = 4477277.0
Epoch 20: loss = 4477277.0
Epoch 21: loss = 4477277.0
Epoch 22: loss = 4477277.0
Epoch 23: loss = 4477277.0
Epoch 24: loss = 4477277.0
Epoch 25: loss = 4477277.0
Epoch 26: loss = 4477277.0
Early stopping at epoch 26 with loss 4477277.0
Reconstruction for fluence = 78475.99703514607 photons/pixel
Epoch 0: loss = 733784256.0
Epoch 1: loss = 1.1242021921698611e+18
Epoch 2: loss = 1.6616694818537472e+16
Epoch 3: loss = 245609516761088.0
Epoch 4: loss = 3630458208256.0
Epoch 5: loss = 53787394048.0
Epoch 6: loss = 890169216.0
Epoch 7: loss = 66618172.0
Epoch 8: loss = 12017805.0
Epoch 9: loss = 5827753.0
Epoch 10: loss = 5003878.0
Epoch 11: loss = 4979987.0
Epoch 12: loss = 4979644.5
Epoch 13: loss = 4979642.0
Epoch 14: loss = 4979642.0
Epoch 15: loss = 4979641.0
Epoch 16: loss = 4979641.0
Epoch 17: loss = 4979641.0
Epoch 18: loss = 4979641.0
Epoch 19: loss = 4979641.0
Epoch 20: loss = 4979640.5
Epoch 21: loss = 4979640.5
Epoch 22: loss = 4979640.5
Epoch 23: loss = 4979640.5
Epoch 24: loss = 4979640.0
Epoch 25: loss = 4979640.0
Epoch 26: loss = 4979640.0
Epoch 27: loss = 4979640.0
Epoch 28: loss = 4979640.0
Epoch 29: loss = 4979640.5
Epoch 30: loss = 4979640.5
Epoch 31: loss = 4979640.5
Epoch 32: loss = 4979640.5
Epoch 33: loss = 4979640.5
Epoch 34: loss = 4979640.5
Early stopping at epoch 34 with loss 4979640.0
Reconstruction for fluence = 183298.07108324335 photons/pixel
Epoch 0: loss = 1712913408.0
Epoch 1: loss = 1.4406872271446606e+19
Epoch 2: loss = 2.1294626524207514e+17
Epoch 3: loss = 3147534033747968.0
Epoch 4: loss = 46523622621184.0
Epoch 5: loss = 687955509248.0
Epoch 6: loss = 10417954816.0
Epoch 7: loss = 313436480.0
Epoch 8: loss = 38585808.0
Epoch 9: loss = 10848266.0
Epoch 10: loss = 5463817.5
Epoch 11: loss = 5083925.5
Epoch 12: loss = 5076471.0
Epoch 13: loss = 5076382.0
Epoch 14: loss = 5076380.0
Epoch 15: loss = 5076380.0
Epoch 16: loss = 5076379.0
Epoch 17: loss = 5076379.0
Epoch 18: loss = 5076379.0
Epoch 19: loss = 5076379.0
Epoch 20: loss = 5076379.0
Epoch 21: loss = 5076379.0
Epoch 22: loss = 5076379.0
Epoch 23: loss = 5076379.0
Epoch 24: loss = 5076379.0
Epoch 25: loss = 5076379.0
Epoch 26: loss = 5076379.0
Early stopping at epoch 26 with loss 5076379.0
Reconstruction for fluence = 428133.2398719387 photons/pixel
Epoch 0: loss = 4000098304.0
Epoch 1: loss = 1.8428785970195412e+20
Epoch 2: loss = 2.723936978599936e+18
Epoch 3: loss = 4.026219166380851e+16
Epoch 4: loss = 595111608057856.0
Epoch 5: loss = 8796961243136.0
Epoch 6: loss = 130658738176.0
Epoch 7: loss = 2380384256.0
Epoch 8: loss = 226212800.0
Epoch 9: loss = 31715716.0
Epoch 10: loss = 8310033.0
Epoch 11: loss = 4991457.0
Epoch 12: loss = 4872465.5
Epoch 13: loss = 4870749.0
Epoch 14: loss = 4870734.0
Epoch 15: loss = 4870733.5
Epoch 16: loss = 4870733.0
Epoch 17: loss = 4870733.0
Epoch 18: loss = 4870733.0
Epoch 19: loss = 4870733.0
Epoch 20: loss = 4870733.0
Epoch 21: loss = 4870733.0
Epoch 22: loss = 4870733.0
Epoch 23: loss = 4870733.0
Epoch 24: loss = 4870733.0
Epoch 25: loss = 4870733.0
Epoch 26: loss = 4870733.0
Early stopping at epoch 26 with loss 4870733.0
Reconstruction for fluence = 1000000.0 photons/pixel
Epoch 0: loss = 9342363648.0
Epoch 1: loss = 2.3537987454208185e+21
Epoch 2: loss = 3.479122191511139e+19
Epoch 3: loss = 5.142448868457185e+17
Epoch 4: loss = 7600996897259520.0
Epoch 5: loss = 112351042863104.0
Epoch 6: loss = 1662186422272.0
Epoch 7: loss = 25807472640.0
Epoch 8: loss = 1124652160.0
Epoch 9: loss = 123296456.0
Epoch 10: loss = 24752316.0
Epoch 11: loss = 5842615.0
Epoch 12: loss = 4613602.5
Epoch 13: loss = 4591749.0
Epoch 14: loss = 4591511.5
Epoch 15: loss = 4591511.0
Epoch 16: loss = 4591511.0
Epoch 17: loss = 4591510.5
Epoch 18: loss = 4591510.0
Epoch 19: loss = 4591510.0
Epoch 20: loss = 4591510.0
Epoch 21: loss = 4591510.0
Epoch 22: loss = 4591510.0
Epoch 23: loss = 4591510.0
Epoch 24: loss = 4591510.0
Epoch 25: loss = 4591510.0
Epoch 26: loss = 4591510.0
Epoch 27: loss = 4591509.5
Epoch 28: loss = 4591509.5
Epoch 29: loss = 4591509.5
Epoch 30: loss = 4591509.5
Epoch 31: loss = 4591509.5
Epoch 32: loss = 4591509.5
Epoch 33: loss = 4591509.5
Epoch 34: loss = 4591509.5
Epoch 35: loss = 4591509.5
Epoch 36: loss = 4591509.5
Epoch 37: loss = 4591509.5
Early stopping at epoch 37 with loss 4591509.5
Tensors initialization on device cuda
Multiprobe = band_lim
torch.Size([5, 64, 64])

('MSE', 'PoissonNLL') RECONSTRUCTIONS

Reconstruction for fluence = 0.09999999999999999 photons/pixel
Epoch 0: loss = 10622.54296875
Epoch 1: loss = 3775.76904296875
Epoch 2: loss = 3650.64599609375
Epoch 3: loss = 3648.7197265625
Epoch 4: loss = 3648.68505859375
Epoch 5: loss = 3648.684326171875
Epoch 6: loss = 3648.68408203125
Epoch 7: loss = 3648.68408203125
Epoch 8: loss = 3648.68408203125
Epoch 9: loss = 3648.68408203125
Epoch 10: loss = 3648.683837890625
Epoch 11: loss = 3648.68359375
Epoch 12: loss = 3648.68359375
Epoch 13: loss = 3648.68359375
Epoch 14: loss = 3648.68359375
Epoch 0: loss = 0.002736210823059082
Epoch 1: loss = 0.0027361144311726093
Epoch 2: loss = 0.002736018504947424
Epoch 3: loss = 0.0027359221130609512
Epoch 4: loss = 0.002735826186835766
Epoch 5: loss = 0.0027357302606105804
Epoch 6: loss = 0.002735634334385395
Epoch 7: loss = 0.0027355384081602097
Epoch 8: loss = 0.0027354424819350243
Epoch 9: loss = 0.002735346555709839
Epoch 10: loss = 0.0027352506294846535
Early stopping at epoch 10 with loss 0.002736210823059082
Reconstruction for fluence = 0.23357214690901223 photons/pixel
Epoch 0: loss = 24327.77734375
Epoch 1: loss = 8880.34765625
Epoch 2: loss = 8596.99609375
Epoch 3: loss = 8592.5537109375
Epoch 4: loss = 8592.48046875
Epoch 5: loss = 8592.478515625
Epoch 6: loss = 8592.4765625
Epoch 7: loss = 8592.4765625
Epoch 8: loss = 8592.4765625
Epoch 9: loss = 8592.4765625
Epoch 10: loss = 8592.4755859375
Epoch 11: loss = 8592.4755859375
Epoch 12: loss = 8592.4755859375
Epoch 13: loss = 8592.4755859375
Epoch 14: loss = 8592.4755859375
Epoch 0: loss = 0.0055988747626543045
Epoch 1: loss = 0.005598641932010651
Epoch 2: loss = 0.005598410032689571
Epoch 3: loss = 0.0055981772020459175
Epoch 4: loss = 0.005597945302724838
Epoch 5: loss = 0.005597713403403759
Epoch 6: loss = 0.0055974810384213924
Epoch 7: loss = 0.005597249139100313
Epoch 8: loss = 0.005597017705440521
Epoch 9: loss = 0.005596785806119442
Epoch 10: loss = 0.005596554838120937
Early stopping at epoch 10 with loss 0.0055988747626543045
Reconstruction for fluence = 0.5455594781168519 photons/pixel
Epoch 0: loss = 54781.3671875
Epoch 1: loss = 20520.41796875
Epoch 2: loss = 19890.478515625
Epoch 3: loss = 19880.541015625
Epoch 4: loss = 19880.375
Epoch 5: loss = 19880.37109375
Epoch 6: loss = 19880.37109375
Epoch 7: loss = 19880.369140625
Epoch 8: loss = 19880.369140625
Epoch 9: loss = 19880.369140625
Epoch 10: loss = 19880.369140625
Epoch 11: loss = 19880.3671875
Epoch 12: loss = 19880.3671875
Epoch 13: loss = 19880.3671875
Epoch 14: loss = 19880.3671875
Epoch 0: loss = 0.011090300977230072
Epoch 1: loss = 0.011089731007814407
Epoch 2: loss = 0.011089161969721317
Epoch 3: loss = 0.011088592931628227
Epoch 4: loss = 0.011088023893535137
Epoch 5: loss = 0.011087455786764622
Epoch 6: loss = 0.011086886748671532
Epoch 7: loss = 0.011086320504546165
Epoch 8: loss = 0.01108575239777565
Epoch 9: loss = 0.01108518522232771
Epoch 10: loss = 0.011084618978202343
Early stopping at epoch 10 with loss 0.011090300977230072
Reconstruction for fluence = 1.2742749857031335 photons/pixel
Epoch 0: loss = 120999.9453125
Epoch 1: loss = 47160.94921875
Epoch 2: loss = 45797.7265625
Epoch 3: loss = 45775.8984375
Epoch 4: loss = 45775.5703125
Epoch 5: loss = 45775.5390625
Epoch 6: loss = 45775.53515625
Epoch 7: loss = 45775.53515625
Epoch 8: loss = 45775.53125
Epoch 9: loss = 45775.53125
Epoch 10: loss = 45775.53125
Epoch 11: loss = 45775.53125
Epoch 12: loss = 45775.53125
Epoch 13: loss = 45775.53125
Epoch 14: loss = 45775.53125
Epoch 0: loss = 0.021343912929296494
Epoch 1: loss = 0.021342527121305466
Epoch 2: loss = 0.02134113945066929
Epoch 3: loss = 0.02133975364267826
Epoch 4: loss = 0.021338369697332382
Epoch 5: loss = 0.021336987614631653
Epoch 6: loss = 0.021335605531930923
Epoch 7: loss = 0.021334227174520493
Epoch 8: loss = 0.02133284881711006
Epoch 9: loss = 0.02133147232234478
Epoch 10: loss = 0.0213300958275795
Early stopping at epoch 10 with loss 0.021343912929296494
Reconstruction for fluence = 2.976351441631318 photons/pixel
Epoch 0: loss = 258313.71875
Epoch 1: loss = 106676.296875
Epoch 2: loss = 103855.1875
Epoch 3: loss = 103809.28125
Epoch 4: loss = 103808.546875
Epoch 5: loss = 103808.53125
Epoch 6: loss = 103808.53125
Epoch 7: loss = 103808.53125
Epoch 8: loss = 103808.5234375
Epoch 9: loss = 103808.5234375
Epoch 10: loss = 103808.515625
Epoch 11: loss = 103808.515625
Epoch 12: loss = 103808.515625
Epoch 13: loss = 103808.515625
Epoch 14: loss = 103808.515625
Epoch 0: loss = 0.039334818720817566
Epoch 1: loss = 0.0393313467502594
Epoch 2: loss = 0.03932788595557213
Epoch 3: loss = 0.03932444006204605
Epoch 4: loss = 0.03932099789381027
Epoch 5: loss = 0.03931757062673569
Epoch 6: loss = 0.0393141508102417
Epoch 7: loss = 0.03931073844432831
Epoch 8: loss = 0.03930734097957611
Epoch 9: loss = 0.03930394724011421
Epoch 10: loss = 0.03930056095123291
Early stopping at epoch 10 with loss 0.039334818720817566
Reconstruction for fluence = 6.9519279617756045 photons/pixel
Epoch 0: loss = 521196.8125
Epoch 1: loss = 229713.890625
Epoch 2: loss = 224207.0625
Epoch 3: loss = 224114.9375
Epoch 4: loss = 224113.46875
Epoch 5: loss = 224113.4375
Epoch 6: loss = 224113.4375
Epoch 7: loss = 224113.4375
Epoch 8: loss = 224113.4375
Epoch 9: loss = 224113.4375
Epoch 10: loss = 224113.4375
Epoch 11: loss = 224113.421875
Epoch 12: loss = 224113.421875
Epoch 13: loss = 224113.421875
Epoch 14: loss = 224113.40625
Epoch 0: loss = 0.06776681542396545
Epoch 1: loss = 0.06775854527950287
Epoch 2: loss = 0.06775031983852386
Epoch 3: loss = 0.06774216890335083
Epoch 4: loss = 0.06773407012224197
Epoch 5: loss = 0.0677260234951973
Epoch 6: loss = 0.0677180290222168
Epoch 7: loss = 0.06771008670330048
Epoch 8: loss = 0.06770218908786774
Epoch 9: loss = 0.06769433617591858
Epoch 10: loss = 0.067686527967453
Early stopping at epoch 10 with loss 0.06776681542396545
Reconstruction for fluence = 16.23776739188721 photons/pixel
Epoch 0: loss = 956845.4375
Epoch 1: loss = 454268.125
Epoch 2: loss = 444545.15625
Epoch 3: loss = 444380.3125
Epoch 4: loss = 444377.6875
Epoch 5: loss = 444377.65625
Epoch 6: loss = 444377.625
Epoch 7: loss = 444377.625
Epoch 8: loss = 444377.625
Epoch 9: loss = 444377.625
Epoch 10: loss = 444377.625
Epoch 11: loss = 444377.625
Epoch 12: loss = 444377.59375
Epoch 13: loss = 444377.59375
Epoch 14: loss = 444377.59375
Epoch 0: loss = 0.10671364516019821
Epoch 1: loss = 0.08386684209108353
Epoch 2: loss = 0.08277028799057007
Epoch 3: loss = 0.08263058215379715
Epoch 4: loss = 0.08260266482830048
Epoch 5: loss = 0.08259855210781097
Epoch 6: loss = 0.08259855210781097
Epoch 7: loss = 0.08259855210781097
Epoch 8: loss = 0.08259855210781097
Epoch 9: loss = 0.08259855210781097
Epoch 10: loss = 0.08259855210781097
Epoch 11: loss = 0.08259855210781097
Epoch 12: loss = 0.08259855210781097
Epoch 13: loss = 0.08259855210781097
Early stopping at epoch 13 with loss 0.08263058215379715
Reconstruction for fluence = 37.926901907322495 photons/pixel
Epoch 0: loss = 1531995.25
Epoch 1: loss = 756721.25
Epoch 2: loss = 741327.5625
Epoch 3: loss = 741064.125
Epoch 4: loss = 741060.0
Epoch 5: loss = 741060.0
Epoch 6: loss = 741059.875
Epoch 7: loss = 741059.875
Epoch 8: loss = 741059.875
Epoch 9: loss = 741059.875
Epoch 10: loss = 741059.875
Epoch 11: loss = 741059.875
Epoch 12: loss = 741059.8125
Epoch 13: loss = 741059.8125
Epoch 14: loss = 741059.8125
Epoch 0: loss = 0.14638209342956543
Epoch 1: loss = 0.12387435883283615
Epoch 2: loss = 0.1228310689330101
Epoch 3: loss = 0.1227140873670578
Epoch 4: loss = 0.12268641591072083
Epoch 5: loss = 0.1226823478937149
Epoch 6: loss = 0.1226818859577179
Epoch 7: loss = 0.1226818859577179
Epoch 8: loss = 0.1226818859577179
Epoch 9: loss = 0.1226818859577179
Epoch 10: loss = 0.1226818859577179
Epoch 11: loss = 0.1226818859577179
Epoch 12: loss = 0.1226818859577179
Epoch 13: loss = 0.1226818859577179
Early stopping at epoch 13 with loss 0.1227140873670578
Reconstruction for fluence = 88.58667904100822 photons/pixel
Epoch 0: loss = 2129081.0
Epoch 1: loss = 973528.875
Epoch 2: loss = 950256.0625
Epoch 3: loss = 949850.9375
Epoch 4: loss = 949844.75
Epoch 5: loss = 949844.625
Epoch 6: loss = 949844.5625
Epoch 7: loss = 949844.5
Epoch 8: loss = 949844.375
Epoch 9: loss = 949844.375
Epoch 10: loss = 949844.375
Epoch 11: loss = 949844.375
Epoch 12: loss = 949844.375
Epoch 13: loss = 949844.375
Epoch 14: loss = 949844.375
Epoch 0: loss = 0.14238989353179932
Epoch 1: loss = 0.12261936068534851
Epoch 2: loss = 0.12162327766418457
Epoch 3: loss = 0.12151528149843216
Epoch 4: loss = 0.1214781105518341
Epoch 5: loss = 0.1214723214507103
Epoch 6: loss = 0.12147193402051926
Epoch 7: loss = 0.12147193402051926
Epoch 8: loss = 0.12147193402051926
Epoch 9: loss = 0.12147193402051926
Epoch 10: loss = 0.12147193402051926
Epoch 11: loss = 0.12147193402051926
Epoch 12: loss = 0.12147193402051926
Epoch 13: loss = 0.12147193402051926
Early stopping at epoch 13 with loss 0.12151528149843216
Reconstruction for fluence = 206.9138081114788 photons/pixel
Epoch 0: loss = 3044338.5
Epoch 1: loss = 23980486656.0
Epoch 2: loss = 355626880.0
Epoch 3: loss = 6389076.0
Epoch 4: loss = 1092181.0
Epoch 5: loss = 1003758.3125
Epoch 6: loss = 1002233.375
Epoch 7: loss = 1002208.25
Epoch 8: loss = 1002208.0
Epoch 9: loss = 1002208.0
Epoch 10: loss = 1002208.0
Epoch 11: loss = 1002207.875
Epoch 12: loss = 1002207.875
Epoch 13: loss = 1002207.875
Epoch 14: loss = 1002207.875
Epoch 0: loss = -0.07639925181865692
Epoch 1: loss = -0.09986704587936401
Epoch 2: loss = -0.10102276504039764
Epoch 3: loss = -0.10117529332637787
Epoch 4: loss = -0.10124658048152924
Epoch 5: loss = -0.10125426948070526
Epoch 6: loss = -0.10125446319580078
Epoch 7: loss = -0.10125447809696198
Epoch 8: loss = -0.10125447809696198
Epoch 9: loss = -0.10125447809696198
Epoch 10: loss = -0.10125447809696198
Epoch 11: loss = -0.10125447809696198
Epoch 12: loss = -0.10125447809696198
Epoch 13: loss = -0.10125447809696198
Early stopping at epoch 13 with loss -0.10117529332637787
Reconstruction for fluence = 483.2930238571752 photons/pixel
Epoch 0: loss = 5445869.0
Epoch 1: loss = 269273235456.0
Epoch 2: loss = 3981770240.0
Epoch 3: loss = 60465112.0
Epoch 4: loss = 2297629.25
Epoch 5: loss = 1167846.75
Epoch 6: loss = 1155814.0
Epoch 7: loss = 1155631.0
Epoch 8: loss = 1155628.5
Epoch 9: loss = 1155628.5
Epoch 10: loss = 1155628.25
Epoch 11: loss = 1155628.25
Epoch 12: loss = 1155628.0
Epoch 13: loss = 1155628.0
Epoch 14: loss = 1155628.0
Epoch 0: loss = -1.1004292964935303
Epoch 1: loss = -1.1352198123931885
Epoch 2: loss = -1.1364946365356445
Epoch 3: loss = -1.1367639303207397
Epoch 4: loss = -1.1369003057479858
Epoch 5: loss = -1.1369091272354126
Epoch 6: loss = -1.1369094848632812
Epoch 7: loss = -1.1369094848632812
Epoch 8: loss = -1.1369094848632812
Epoch 9: loss = -1.1369096040725708
Epoch 10: loss = -1.1369096040725708
Epoch 11: loss = -1.1369096040725708
Epoch 12: loss = -1.1369096040725708
Epoch 13: loss = -1.1369096040725708
Epoch 14: loss = -1.1369096040725708
Early stopping at epoch 14 with loss -1.1369003057479858
Reconstruction for fluence = 1128.8378916846884 photons/pixel
Epoch 0: loss = 11478050.0
Epoch 1: loss = 3311239430144.0
Epoch 2: loss = 48946135040.0
Epoch 3: loss = 726462080.0
Epoch 4: loss = 13341202.0
Epoch 5: loss = 2093322.375
Epoch 6: loss = 1568464.125
Epoch 7: loss = 1558759.625
Epoch 8: loss = 1558598.25
Epoch 9: loss = 1558596.375
Epoch 10: loss = 1558596.125
Epoch 11: loss = 1558596.0
Epoch 12: loss = 1558595.875
Epoch 13: loss = 1558595.875
Epoch 14: loss = 1558595.75
Epoch 0: loss = -4.7101898193359375
Epoch 1: loss = -4.758893013000488
Epoch 2: loss = -4.7602081298828125
Epoch 3: loss = -4.760720252990723
Epoch 4: loss = -4.7609453201293945
Epoch 5: loss = -4.760948181152344
Epoch 6: loss = -4.760950088500977
Epoch 7: loss = -4.760950565338135
Epoch 8: loss = -4.760950565338135
Epoch 9: loss = -4.760951042175293
Epoch 10: loss = -4.760951042175293
Epoch 11: loss = -4.760951042175293
Epoch 12: loss = -4.760951042175293
Epoch 13: loss = -4.760951042175293
Epoch 14: loss = -4.760951042175293
Early stopping at epoch 14 with loss -4.7609453201293945
Reconstruction for fluence = 2636.6508987303555 photons/pixel
Epoch 0: loss = 25728656.0
Epoch 1: loss = 41925172264960.0
Epoch 2: loss = 619697274880.0
Epoch 3: loss = 9165838336.0
Epoch 4: loss = 140969792.0
Epoch 5: loss = 6243407.0
Epoch 6: loss = 2584693.25
Epoch 7: loss = 2165140.5
Epoch 8: loss = 2150083.0
Epoch 9: loss = 2149879.75
Epoch 10: loss = 2149877.75
Epoch 11: loss = 2149877.5
Epoch 12: loss = 2149877.5
Epoch 13: loss = 2149877.25
Epoch 14: loss = 2149877.25
Epoch 0: loss = -15.96879768371582
Epoch 1: loss = -16.030298233032227
Epoch 2: loss = -16.031810760498047
Epoch 3: loss = -16.032772064208984
Epoch 4: loss = -16.032958984375
Epoch 5: loss = -16.032958984375
Epoch 6: loss = -16.032962799072266
Epoch 7: loss = -16.032962799072266
Epoch 8: loss = -16.032962799072266
Epoch 9: loss = -16.03296661376953
Epoch 10: loss = -16.03296661376953
Epoch 11: loss = -16.03296661376953
Epoch 12: loss = -16.03296661376953
Epoch 13: loss = -16.03296661376953
Epoch 14: loss = -16.03296661376953
Early stopping at epoch 14 with loss -16.032958984375
Reconstruction for fluence = 6158.482110660255 photons/pixel
Epoch 0: loss = 59038576.0
Epoch 1: loss = 536501410594816.0
Epoch 2: loss = 7929976586240.0
Epoch 3: loss = 117225070592.0
Epoch 4: loss = 1744784384.0
Epoch 5: loss = 35049340.0
Epoch 6: loss = 6534408.0
Epoch 7: loss = 3286808.0
Epoch 8: loss = 2899760.0
Epoch 9: loss = 2892574.0
Epoch 10: loss = 2892480.75
Epoch 11: loss = 2892480.5
Epoch 12: loss = 2892480.25
Epoch 13: loss = 2892480.25
Epoch 14: loss = 2892480.0
Epoch 0: loss = -48.8579216003418
Epoch 1: loss = -48.927650451660156
Epoch 2: loss = -48.93000030517578
Epoch 3: loss = -48.93122100830078
Epoch 4: loss = -48.93128204345703
Epoch 5: loss = -48.9312858581543
Epoch 6: loss = -48.93128967285156
Epoch 7: loss = -48.93128967285156
Epoch 8: loss = -48.93129348754883
Epoch 9: loss = -48.93129348754883
Epoch 10: loss = -48.93129348754883
Epoch 11: loss = -48.93129348754883
Epoch 12: loss = -48.93129348754883
Epoch 13: loss = -48.93129348754883
Early stopping at epoch 13 with loss -48.93122100830078
Reconstruction for fluence = 14384.498882876629 photons/pixel
Epoch 0: loss = 136893088.0
