Running simulation for steps_size=24 and n_fluences=20
Steps size: 24
Tensors initialization on device cuda
Multiprobe = None

('MSE', None) RECONSTRUCTIONS

Reconstruction for fluence = 0.09999999999999999 photons/pixel
Epoch 0: loss = 0.1957513839006424
Epoch 1: loss = 0.0579068660736084
Epoch 2: loss = 0.055811990052461624
Epoch 3: loss = 0.05498073995113373
Epoch 4: loss = 0.05448509007692337
Epoch 5: loss = 0.054214589297771454
Epoch 6: loss = 0.05399952456355095
Epoch 7: loss = 0.053848203271627426
Epoch 8: loss = 0.05379343032836914
Epoch 9: loss = 0.05370481684803963
Epoch 10: loss = 0.05359616503119469
Epoch 11: loss = 0.05353899672627449
Epoch 12: loss = 0.053522415459156036
Epoch 13: loss = 0.05351150035858154
Epoch 14: loss = 0.05350872129201889
Epoch 15: loss = 0.05350710451602936
Early stopping at epoch 15 with loss 0.05359616503119469
Reconstruction for fluence = 0.23357214690901223 photons/pixel
Epoch 0: loss = 0.7579484581947327
Epoch 1: loss = 0.1299182027578354
Epoch 2: loss = 0.1250118762254715
Epoch 3: loss = 0.12376919388771057
Epoch 4: loss = 0.1232701912522316
Epoch 5: loss = 0.12298038601875305
Epoch 6: loss = 0.12280008941888809
Epoch 7: loss = 0.12264548242092133
Epoch 8: loss = 0.12256746739149094
Epoch 9: loss = 0.12246778607368469
Epoch 10: loss = 0.12226841598749161
Epoch 11: loss = 0.12211934477090836
Epoch 12: loss = 0.12204406410455704
Epoch 13: loss = 0.12202587723731995
Epoch 14: loss = 0.12202027440071106
Epoch 15: loss = 0.12201743572950363
Epoch 16: loss = 0.12201452255249023
Epoch 17: loss = 0.12199234962463379
Epoch 18: loss = 0.12198130041360855
Epoch 19: loss = 0.12197928875684738
Epoch 20: loss = 0.12197032570838928
Early stopping at epoch 20 with loss 0.12201743572950363
Reconstruction for fluence = 0.5455594781168519 photons/pixel
Epoch 0: loss = 3.355703115463257
Epoch 1: loss = 0.30070748925209045
Epoch 2: loss = 0.28910234570503235
Epoch 3: loss = 0.28723233938217163
Epoch 4: loss = 0.28682741522789
Epoch 5: loss = 0.2866969108581543
Epoch 6: loss = 0.2865835726261139
Epoch 7: loss = 0.2865394353866577
Epoch 8: loss = 0.28653132915496826
Epoch 9: loss = 0.28652888536453247
Epoch 10: loss = 0.286526620388031
Epoch 11: loss = 0.28652307391166687
Early stopping at epoch 11 with loss 0.2865835726261139
Reconstruction for fluence = 1.2742749857031335 photons/pixel
Epoch 0: loss = 16.536195755004883
Epoch 1: loss = 0.6762701869010925
Epoch 2: loss = 0.6370543837547302
Epoch 3: loss = 0.630407452583313
Epoch 4: loss = 0.6291954517364502
Epoch 5: loss = 0.6289235353469849
Epoch 6: loss = 0.6288638710975647
Epoch 7: loss = 0.6288493871688843
Epoch 8: loss = 0.6288447380065918
Epoch 9: loss = 0.6288438439369202
Epoch 10: loss = 0.6288436055183411
Early stopping at epoch 10 with loss 0.6289235353469849
Reconstruction for fluence = 2.976351441631318 photons/pixel
Epoch 0: loss = 86.48365020751953
Epoch 1: loss = 1.6627707481384277
Epoch 2: loss = 1.4657026529312134
Epoch 3: loss = 1.442273497581482
Epoch 4: loss = 1.4377305507659912
Epoch 5: loss = 1.4368433952331543
Epoch 6: loss = 1.4366283416748047
Epoch 7: loss = 1.4365729093551636
Epoch 8: loss = 1.4365497827529907
Epoch 9: loss = 1.4365323781967163
Epoch 10: loss = 1.4365098476409912
Epoch 11: loss = 1.4365037679672241
Epoch 12: loss = 1.436503291130066
Epoch 13: loss = 1.4365030527114868
Epoch 14: loss = 1.4365030527114868
Epoch 15: loss = 1.4365029335021973
Early stopping at epoch 15 with loss 1.4365098476409912
Reconstruction for fluence = 6.9519279617756045 photons/pixel
Epoch 0: loss = 461.4140625
Epoch 1: loss = 3.808546781539917
Epoch 2: loss = 3.271254062652588
Epoch 3: loss = 3.170290231704712
Epoch 4: loss = 3.1514854431152344
Epoch 5: loss = 3.146704912185669
Epoch 6: loss = 3.144866943359375
Epoch 7: loss = 3.1442642211914062
Epoch 8: loss = 3.144019365310669
Epoch 9: loss = 3.1439590454101562
Epoch 10: loss = 3.1438913345336914
Epoch 11: loss = 3.14386248588562
Epoch 12: loss = 3.143848180770874
Epoch 13: loss = 3.143847703933716
Epoch 14: loss = 3.143843412399292
Epoch 15: loss = 3.143843412399292
Early stopping at epoch 15 with loss 3.1438913345336914
Reconstruction for fluence = 16.23776739188721 photons/pixel
Epoch 0: loss = 2490.3359375
Epoch 1: loss = 9.367865562438965
Epoch 2: loss = 7.202517986297607
Epoch 3: loss = 6.7737298011779785
Epoch 4: loss = 6.674383163452148
Epoch 5: loss = 6.649919033050537
Epoch 6: loss = 6.643324375152588
Epoch 7: loss = 6.640448093414307
Epoch 8: loss = 6.639104843139648
Epoch 9: loss = 6.638653755187988
Epoch 10: loss = 6.638438701629639
Epoch 11: loss = 6.638035774230957
Epoch 12: loss = 6.63764762878418
Epoch 13: loss = 6.637523174285889
Epoch 14: loss = 6.63748836517334
Epoch 15: loss = 6.637481689453125
Epoch 16: loss = 6.63748025894165
Epoch 17: loss = 6.63748025894165
Epoch 18: loss = 6.637477397918701
Early stopping at epoch 18 with loss 6.637523174285889
Reconstruction for fluence = 37.926901907322495 photons/pixel
Epoch 0: loss = 13594.640625
Epoch 1: loss = 27.335437774658203
Epoch 2: loss = 17.30638885498047
Epoch 3: loss = 15.26452350616455
Epoch 4: loss = 14.61460018157959
Epoch 5: loss = 14.47972297668457
Epoch 6: loss = 14.436494827270508
Epoch 7: loss = 14.424211502075195
Epoch 8: loss = 14.418940544128418
Epoch 9: loss = 14.416671752929688
Epoch 10: loss = 14.415632247924805
Epoch 11: loss = 14.415130615234375
Epoch 12: loss = 14.4149169921875
Epoch 13: loss = 14.41486930847168
Epoch 14: loss = 14.414779663085938
Epoch 15: loss = 14.414774894714355
Epoch 16: loss = 14.414764404296875
Epoch 17: loss = 14.414764404296875
Epoch 18: loss = 14.41474723815918
Epoch 19: loss = 14.414742469787598
Early stopping at epoch 19 with loss 14.414779663085938
Reconstruction for fluence = 88.58667904100822 photons/pixel
Epoch 0: loss = 73787.1015625
Epoch 1: loss = 93.42180633544922
Epoch 2: loss = 47.1491584777832
Epoch 3: loss = 36.85378646850586
Epoch 4: loss = 34.70718002319336
Epoch 5: loss = 34.14849090576172
Epoch 6: loss = 33.97705841064453
Epoch 7: loss = 33.9160270690918
Epoch 8: loss = 33.89026641845703
Epoch 9: loss = 33.877479553222656
Epoch 10: loss = 33.870792388916016
Epoch 11: loss = 33.86731719970703
Epoch 12: loss = 33.865482330322266
Epoch 13: loss = 33.8644905090332
Epoch 14: loss = 33.8639030456543
Epoch 15: loss = 33.8636360168457
Epoch 16: loss = 33.86360168457031
Epoch 17: loss = 33.86355209350586
Epoch 18: loss = 33.86342239379883
Epoch 19: loss = 33.86336135864258
Epoch 20: loss = 33.8632698059082
Epoch 21: loss = 33.86323928833008
Epoch 22: loss = 33.86323928833008
Epoch 23: loss = 33.86322021484375
Epoch 24: loss = 33.86320877075195
Epoch 25: loss = 33.86320877075195
Early stopping at epoch 25 with loss 33.8632698059082
Reconstruction for fluence = 206.9138081114788 photons/pixel
Epoch 0: loss = 402978.3125
Epoch 1: loss = 384.5252685546875
Epoch 2: loss = 140.8108367919922
Epoch 3: loss = 88.96894836425781
Epoch 4: loss = 76.28128814697266
Epoch 5: loss = 73.33135223388672
Epoch 6: loss = 72.48799896240234
Epoch 7: loss = 72.19100189208984
Epoch 8: loss = 72.0491714477539
Epoch 9: loss = 71.97584533691406
Epoch 10: loss = 71.93576049804688
Epoch 11: loss = 71.91588592529297
Epoch 12: loss = 71.90497589111328
Epoch 13: loss = 71.89861297607422
Epoch 14: loss = 71.89453125
Epoch 15: loss = 71.89217376708984
Epoch 16: loss = 71.89067077636719
Epoch 17: loss = 71.89018249511719
Epoch 18: loss = 71.889404296875
Epoch 19: loss = 71.88876342773438
Epoch 20: loss = 71.88835906982422
Epoch 21: loss = 71.88811492919922
Epoch 22: loss = 71.88783264160156
Epoch 23: loss = 71.88777923583984
Epoch 24: loss = 71.8876724243164
Epoch 25: loss = 71.88760375976562
Epoch 26: loss = 71.8875503540039
Epoch 27: loss = 71.88750457763672
Epoch 28: loss = 71.88750457763672
Epoch 29: loss = 71.88748168945312
Epoch 30: loss = 71.88738250732422
Epoch 31: loss = 71.88734436035156
Epoch 32: loss = 71.88724517822266
Epoch 33: loss = 71.88712310791016
Epoch 34: loss = 71.88711547851562
Epoch 35: loss = 71.8870849609375
Epoch 36: loss = 71.8870849609375
Epoch 37: loss = 71.8870620727539
Epoch 38: loss = 71.88704681396484
Early stopping at epoch 38 with loss 71.88712310791016
Reconstruction for fluence = 483.2930238571752 photons/pixel
Epoch 0: loss = 2197459.5
Epoch 1: loss = 1881.170166015625
Epoch 2: loss = 549.3125
Epoch 3: loss = 283.643798828125
Epoch 4: loss = 202.8710479736328
Epoch 5: loss = 185.16262817382812
Epoch 6: loss = 180.0478515625
Epoch 7: loss = 178.1243896484375
Epoch 8: loss = 177.22946166992188
Epoch 9: loss = 176.7659454345703
Epoch 10: loss = 176.5095977783203
Epoch 11: loss = 176.36631774902344
Epoch 12: loss = 176.2805938720703
Epoch 13: loss = 176.22659301757812
Epoch 14: loss = 176.18617248535156
Epoch 15: loss = 176.16241455078125
Epoch 16: loss = 176.1458282470703
Epoch 17: loss = 176.1354217529297
Epoch 18: loss = 176.1278839111328
Epoch 19: loss = 176.1217803955078
Epoch 20: loss = 176.1173553466797
Epoch 21: loss = 176.11349487304688
Epoch 22: loss = 176.1106719970703
Epoch 23: loss = 176.10943603515625
Epoch 24: loss = 176.108154296875
Epoch 25: loss = 176.10772705078125
Epoch 26: loss = 176.10720825195312
Epoch 27: loss = 176.1065216064453
Epoch 28: loss = 176.10585021972656
Epoch 29: loss = 176.10459899902344
Epoch 30: loss = 176.10446166992188
Epoch 31: loss = 176.10386657714844
Epoch 32: loss = 176.1038360595703
Epoch 33: loss = 176.10281372070312
Epoch 34: loss = 176.10235595703125
Epoch 35: loss = 176.1018829345703
Epoch 36: loss = 176.1016387939453
Epoch 37: loss = 176.1006622314453
Epoch 38: loss = 176.09988403320312
Epoch 39: loss = 176.09963989257812
Epoch 40: loss = 176.09933471679688
Epoch 41: loss = 176.09898376464844
Epoch 42: loss = 176.09800720214844
Epoch 43: loss = 176.09640502929688
Epoch 44: loss = 176.0963897705078
Epoch 45: loss = 176.0954132080078
Epoch 46: loss = 176.09384155273438
Epoch 47: loss = 176.09193420410156
Epoch 48: loss = 176.0917510986328
Epoch 49: loss = 176.0899658203125
Epoch 50: loss = 176.0897674560547
Epoch 51: loss = 176.088134765625
Epoch 52: loss = 176.088134765625
Epoch 53: loss = 176.08767700195312
Epoch 54: loss = 176.08645629882812
Epoch 55: loss = 176.08567810058594
Epoch 56: loss = 176.0854034423828
Epoch 57: loss = 176.08523559570312
Epoch 58: loss = 176.084716796875
Epoch 59: loss = 176.08465576171875
Epoch 60: loss = 176.08465576171875
Epoch 61: loss = 176.0844268798828
Epoch 62: loss = 176.08419799804688
Epoch 63: loss = 176.0841522216797
Epoch 64: loss = 176.08409118652344
Epoch 65: loss = 176.083984375
Epoch 66: loss = 176.08384704589844
Epoch 67: loss = 176.0838165283203
Epoch 68: loss = 176.08377075195312
Epoch 69: loss = 176.08380126953125
Epoch 70: loss = 176.0836944580078
Epoch 71: loss = 176.083740234375
Epoch 72: loss = 176.0836944580078
Epoch 73: loss = 176.08370971679688
Epoch 74: loss = 176.0836944580078
Epoch 75: loss = 176.0836639404297
Early stopping at epoch 75 with loss 176.0836944580078
Reconstruction for fluence = 1128.8378916846884 photons/pixel
Epoch 0: loss = 11986313.0
Epoch 1: loss = 9438.57421875
Epoch 2: loss = 2369.624267578125
Epoch 3: loss = 971.0076293945312
Epoch 4: loss = 527.9807739257812
Epoch 5: loss = 427.375732421875
Epoch 6: loss = 401.1337890625
Epoch 7: loss = 390.8907470703125
Epoch 8: loss = 385.7222900390625
Epoch 9: loss = 383.1209411621094
Epoch 10: loss = 381.6995544433594
Epoch 11: loss = 380.8929138183594
Epoch 12: loss = 380.4593200683594
Epoch 13: loss = 380.1716003417969
Epoch 14: loss = 379.9892578125
Epoch 15: loss = 379.8637390136719
Epoch 16: loss = 379.7658386230469
Epoch 17: loss = 379.68829345703125
Epoch 18: loss = 379.60540771484375
Epoch 19: loss = 379.5393371582031
Epoch 20: loss = 379.4992980957031
Epoch 21: loss = 379.47662353515625
Epoch 22: loss = 379.46038818359375
Epoch 23: loss = 379.4469299316406
Epoch 24: loss = 379.4371643066406
Epoch 25: loss = 379.4306640625
Epoch 26: loss = 379.4242248535156
Epoch 27: loss = 379.4186706542969
Epoch 28: loss = 379.4143981933594
Epoch 29: loss = 379.4129943847656
Epoch 30: loss = 379.4111022949219
Epoch 31: loss = 379.4088439941406
Epoch 32: loss = 379.4066162109375
Epoch 33: loss = 379.40423583984375
Epoch 34: loss = 379.4031677246094
Epoch 35: loss = 379.40228271484375
Epoch 36: loss = 379.4019470214844
Epoch 37: loss = 379.40081787109375
Epoch 38: loss = 379.39984130859375
Epoch 39: loss = 379.3984680175781
Epoch 40: loss = 379.3984680175781
Epoch 41: loss = 379.39752197265625
Epoch 42: loss = 379.3970642089844
Epoch 43: loss = 379.3968200683594
Epoch 44: loss = 379.3959045410156
Epoch 45: loss = 379.3943176269531
Epoch 46: loss = 379.3941650390625
Epoch 47: loss = 379.3918762207031
Epoch 48: loss = 379.391845703125
Epoch 49: loss = 379.3883361816406
Epoch 50: loss = 379.38397216796875
Epoch 51: loss = 379.38397216796875
Epoch 52: loss = 379.38397216796875
Epoch 53: loss = 379.37908935546875
Epoch 54: loss = 379.3746643066406
Epoch 55: loss = 379.3714904785156
Epoch 56: loss = 379.3701171875
Epoch 57: loss = 379.3678283691406
Epoch 58: loss = 379.3675842285156
Epoch 59: loss = 379.36724853515625
Epoch 60: loss = 379.3661193847656
Epoch 61: loss = 379.3656005859375
Epoch 62: loss = 379.3648986816406
Epoch 63: loss = 379.3644104003906
Epoch 64: loss = 379.3644714355469
Epoch 65: loss = 379.36419677734375
Epoch 66: loss = 379.3641662597656
Epoch 67: loss = 379.3636779785156
Epoch 68: loss = 379.36376953125
Epoch 69: loss = 379.3636779785156
Epoch 70: loss = 379.3636779785156
Epoch 71: loss = 379.36370849609375
Epoch 72: loss = 379.3638610839844
Early stopping at epoch 72 with loss 379.3636779785156
Reconstruction for fluence = 2636.6508987303555 photons/pixel
Epoch 0: loss = 65394312.0
Epoch 1: loss = 50061.046875
Epoch 2: loss = 11629.888671875
Epoch 3: loss = 4013.375
Epoch 4: loss = 1679.728515625
Epoch 5: loss = 1175.429443359375
Epoch 6: loss = 1042.5888671875
Epoch 7: loss = 986.2332763671875
Epoch 8: loss = 960.6026611328125
Epoch 9: loss = 947.0427856445312
Epoch 10: loss = 939.8733520507812
Epoch 11: loss = 935.0200805664062
Epoch 12: loss = 932.6139526367188
Epoch 13: loss = 931.1351928710938
Epoch 14: loss = 930.004150390625
Epoch 15: loss = 929.2213745117188
Epoch 16: loss = 928.654541015625
Epoch 17: loss = 928.240478515625
Epoch 18: loss = 927.9421997070312
Epoch 19: loss = 927.7053833007812
Epoch 20: loss = 927.525634765625
Epoch 21: loss = 927.4037475585938
Epoch 22: loss = 927.3291015625
Epoch 23: loss = 927.2713012695312
Epoch 24: loss = 927.23046875
Epoch 25: loss = 927.1983642578125
Epoch 26: loss = 927.1748046875
Epoch 27: loss = 927.1553955078125
Epoch 28: loss = 927.1508178710938
Epoch 29: loss = 927.1343383789062
Epoch 30: loss = 927.1319580078125
Epoch 31: loss = 927.1248779296875
Epoch 32: loss = 927.113525390625
Epoch 33: loss = 927.1100463867188
Epoch 34: loss = 927.099853515625
Epoch 35: loss = 927.0993041992188
Epoch 36: loss = 927.0924682617188
Epoch 37: loss = 927.0902709960938
Epoch 38: loss = 927.0817260742188
Epoch 39: loss = 927.081298828125
Epoch 40: loss = 927.0789794921875
Epoch 41: loss = 927.0787963867188
Epoch 42: loss = 927.0755004882812
Epoch 43: loss = 927.0698852539062
Epoch 44: loss = 927.0680541992188
Epoch 45: loss = 927.0680541992188
Epoch 46: loss = 927.0681762695312
Epoch 47: loss = 927.0670776367188
Epoch 48: loss = 927.064697265625
Epoch 49: loss = 927.0596923828125
Epoch 50: loss = 927.0596923828125
Epoch 51: loss = 927.0573120117188
Epoch 52: loss = 927.0555419921875
Epoch 53: loss = 927.0534057617188
Epoch 54: loss = 927.0542602539062
Epoch 55: loss = 927.0525512695312
Epoch 56: loss = 927.0494995117188
Epoch 57: loss = 927.0477294921875
Epoch 58: loss = 927.0477294921875
Epoch 59: loss = 927.0433959960938
Epoch 60: loss = 927.0425415039062
Epoch 61: loss = 927.0394897460938
Epoch 62: loss = 927.0379638671875
Epoch 63: loss = 927.0379638671875
Epoch 64: loss = 927.0366821289062
Epoch 65: loss = 927.0366821289062
Epoch 66: loss = 927.0358276367188
Epoch 67: loss = 927.0344848632812
Epoch 68: loss = 927.0327758789062
Epoch 69: loss = 927.0321044921875
Epoch 70: loss = 927.029296875
Epoch 71: loss = 927.0288696289062
Epoch 72: loss = 927.0288696289062
Epoch 73: loss = 927.0286254882812
Epoch 74: loss = 927.0288696289062
Epoch 75: loss = 927.0281982421875
Epoch 76: loss = 927.0262451171875
Epoch 77: loss = 927.0266723632812
Epoch 78: loss = 927.0252075195312
Epoch 79: loss = 927.0252075195312
Epoch 80: loss = 927.0239868164062
Epoch 81: loss = 927.0234375
Epoch 82: loss = 927.0225830078125
Epoch 83: loss = 927.0230102539062
Epoch 84: loss = 927.0210571289062
Epoch 85: loss = 927.0227661132812
Epoch 86: loss = 927.0206298828125
Epoch 87: loss = 927.0199584960938
Epoch 88: loss = 927.0199584960938
Epoch 89: loss = 927.019775390625
Epoch 90: loss = 927.0191040039062
Epoch 91: loss = 927.0196533203125
Epoch 92: loss = 927.0184326171875
Epoch 93: loss = 927.0186767578125
Epoch 94: loss = 927.017822265625
Epoch 95: loss = 927.017578125
Epoch 96: loss = 927.0180053710938
Epoch 97: loss = 927.016845703125
Epoch 98: loss = 927.0174560546875
Epoch 99: loss = 927.017578125
Epoch 100: loss = 927.0169067382812
Epoch 101: loss = 927.0161743164062
Epoch 102: loss = 927.0166015625
Epoch 103: loss = 927.0173950195312
Epoch 104: loss = 927.016845703125
Epoch 105: loss = 927.0169067382812
Epoch 106: loss = 927.0171508789062
Early stopping at epoch 106 with loss 927.0161743164062
Reconstruction for fluence = 6158.482110660255 photons/pixel
Epoch 0: loss = 356876960.0
Epoch 1: loss = 269050.0625
Epoch 2: loss = 61021.9375
Epoch 3: loss = 18434.814453125
Epoch 4: loss = 5885.451171875
Epoch 5: loss = 3342.068603515625
Epoch 6: loss = 2638.4140625
Epoch 7: loss = 2350.955322265625
Epoch 8: loss = 2206.954345703125
Epoch 9: loss = 2134.228271484375
Epoch 10: loss = 2090.628173828125
Epoch 11: loss = 2067.718505859375
Epoch 12: loss = 2052.778076171875
Epoch 13: loss = 2043.638916015625
Epoch 14: loss = 2037.273193359375
Epoch 15: loss = 2032.885009765625
Epoch 16: loss = 2029.8828125
Epoch 17: loss = 2027.85986328125
Epoch 18: loss = 2026.308349609375
Epoch 19: loss = 2025.16259765625
Epoch 20: loss = 2024.265625
Epoch 21: loss = 2023.5113525390625
Epoch 22: loss = 2023.062255859375
Epoch 23: loss = 2022.6983642578125
Epoch 24: loss = 2022.455322265625
Epoch 25: loss = 2022.2584228515625
Epoch 26: loss = 2022.0987548828125
Epoch 27: loss = 2021.9771728515625
Epoch 28: loss = 2021.890625
Epoch 29: loss = 2021.8177490234375
Epoch 30: loss = 2021.798583984375
Epoch 31: loss = 2021.752197265625
Epoch 32: loss = 2021.71484375
Epoch 33: loss = 2021.7039794921875
Epoch 34: loss = 2021.6802978515625
Epoch 35: loss = 2021.65673828125
Epoch 36: loss = 2021.6400146484375
Epoch 37: loss = 2021.618896484375
Epoch 38: loss = 2021.6090087890625
Epoch 39: loss = 2021.59228515625
Epoch 40: loss = 2021.5855712890625
Epoch 41: loss = 2021.578369140625
Epoch 42: loss = 2021.5709228515625
Epoch 43: loss = 2021.56689453125
Epoch 44: loss = 2021.55908203125
Epoch 45: loss = 2021.5555419921875
Epoch 46: loss = 2021.554443359375
Epoch 47: loss = 2021.545166015625
Epoch 48: loss = 2021.5455322265625
Epoch 49: loss = 2021.53955078125
Epoch 50: loss = 2021.5399169921875
Epoch 51: loss = 2021.534912109375
Epoch 52: loss = 2021.533447265625
Epoch 53: loss = 2021.52734375
Epoch 54: loss = 2021.5250244140625
Epoch 55: loss = 2021.53125
Epoch 56: loss = 2021.5234375
Epoch 57: loss = 2021.5201416015625
Epoch 58: loss = 2021.5208740234375
Epoch 59: loss = 2021.5208740234375
Epoch 60: loss = 2021.5201416015625
Epoch 61: loss = 2021.51220703125
Epoch 62: loss = 2021.5167236328125
Epoch 63: loss = 2021.5142822265625
Epoch 64: loss = 2021.5164794921875
Epoch 65: loss = 2021.5152587890625
Epoch 66: loss = 2021.511962890625
Epoch 67: loss = 2021.5130615234375
Epoch 68: loss = 2021.5130615234375
Epoch 69: loss = 2021.5103759765625
Epoch 70: loss = 2021.5074462890625
Epoch 71: loss = 2021.506103515625
Epoch 72: loss = 2021.505615234375
Epoch 73: loss = 2021.5047607421875
Epoch 74: loss = 2021.5054931640625
Epoch 75: loss = 2021.506103515625
Epoch 76: loss = 2021.5074462890625
Epoch 77: loss = 2021.500244140625
Epoch 78: loss = 2021.5052490234375
Epoch 79: loss = 2021.5
Epoch 80: loss = 2021.5028076171875
Epoch 81: loss = 2021.501708984375
Epoch 82: loss = 2021.501708984375
Epoch 83: loss = 2021.498291015625
Epoch 84: loss = 2021.500244140625
Epoch 85: loss = 2021.502197265625
Epoch 86: loss = 2021.502197265625
Epoch 87: loss = 2021.502197265625
Epoch 88: loss = 2021.4993896484375
Early stopping at epoch 88 with loss 2021.498291015625
Reconstruction for fluence = 14384.498882876629 photons/pixel
Epoch 0: loss = 1946654464.0
Epoch 1: loss = 1454296.25
Epoch 2: loss = 321457.84375
Epoch 3: loss = 96467.484375
Epoch 4: loss = 27501.361328125
Epoch 5: loss = 12302.7880859375
Epoch 6: loss = 8501.5751953125
Epoch 7: loss = 6996.98388671875
Epoch 8: loss = 6261.607421875
Epoch 9: loss = 5858.99365234375
Epoch 10: loss = 5617.7119140625
Epoch 11: loss = 5488.822265625
Epoch 12: loss = 5419.25732421875
Epoch 13: loss = 5375.53173828125
Epoch 14: loss = 5342.1630859375
Epoch 15: loss = 5320.150390625
Epoch 16: loss = 5304.29541015625
Epoch 17: loss = 5294.56884765625
Epoch 18: loss = 5287.66650390625
Epoch 19: loss = 5282.708984375
Epoch 20: loss = 5279.06103515625
Epoch 21: loss = 5276.11962890625
Epoch 22: loss = 5274.03271484375
Epoch 23: loss = 5272.35888671875
Epoch 24: loss = 5270.97998046875
Epoch 25: loss = 5269.93212890625
Epoch 26: loss = 5269.10791015625
Epoch 27: loss = 5268.4990234375
Epoch 28: loss = 5268.013671875
Epoch 29: loss = 5267.615234375
Epoch 30: loss = 5267.2763671875
Epoch 31: loss = 5267.02197265625
Epoch 32: loss = 5266.80712890625
Epoch 33: loss = 5266.62255859375
Epoch 34: loss = 5266.47021484375
Epoch 35: loss = 5266.33056640625
Epoch 36: loss = 5266.248046875
Epoch 37: loss = 5266.1484375
Epoch 38: loss = 5266.078125
Epoch 39: loss = 5266.0654296875
Epoch 40: loss = 5266.03125
Epoch 41: loss = 5265.9990234375
Epoch 42: loss = 5265.984375
Epoch 43: loss = 5265.9482421875
Epoch 44: loss = 5265.95654296875
Epoch 45: loss = 5265.939453125
Epoch 46: loss = 5265.9208984375
Epoch 47: loss = 5265.8984375
Epoch 48: loss = 5265.91845703125
Epoch 49: loss = 5265.8916015625
Epoch 50: loss = 5265.900390625
Epoch 51: loss = 5265.89697265625
Epoch 52: loss = 5265.890625
Epoch 53: loss = 5265.900390625
Epoch 54: loss = 5265.876953125
Epoch 55: loss = 5265.876953125
Epoch 56: loss = 5265.89501953125
Epoch 57: loss = 5265.88037109375
Epoch 58: loss = 5265.86572265625
Epoch 59: loss = 5265.88134765625
Epoch 60: loss = 5265.8740234375
Epoch 61: loss = 5265.87646484375
Epoch 62: loss = 5265.88134765625
Epoch 63: loss = 5265.87939453125
Early stopping at epoch 63 with loss 5265.86572265625
Reconstruction for fluence = 33598.18286283781 photons/pixel
Epoch 0: loss = 10620688384.0
Epoch 1: loss = 7928200.0
Epoch 2: loss = 1719485.625
Epoch 3: loss = 482907.15625
Epoch 4: loss = 124852.515625
Epoch 5: loss = 49123.61328125
Epoch 6: loss = 29841.681640625
Epoch 7: loss = 21698.62890625
Epoch 8: loss = 17740.228515625
Epoch 9: loss = 15429.8095703125
Epoch 10: loss = 14117.6689453125
Epoch 11: loss = 13334.3505859375
Epoch 12: loss = 12921.7041015625
Epoch 13: loss = 12655.056640625
Epoch 14: loss = 12484.08203125
Epoch 15: loss = 12366.875
Epoch 16: loss = 12279.9814453125
Epoch 17: loss = 12223.80078125
Epoch 18: loss = 12181.6796875
Epoch 19: loss = 12145.1328125
Epoch 20: loss = 12112.1982421875
Epoch 21: loss = 12085.3388671875
Epoch 22: loss = 12070.375
Epoch 23: loss = 12060.578125
Epoch 24: loss = 12053.3095703125
Epoch 25: loss = 12047.83203125
Epoch 26: loss = 12043.1025390625
Epoch 27: loss = 12039.671875
Epoch 28: loss = 12037.2294921875
Epoch 29: loss = 12035.1875
Epoch 30: loss = 12033.638671875
Epoch 31: loss = 12032.3349609375
Epoch 32: loss = 12031.1083984375
Epoch 33: loss = 12030.908203125
Epoch 34: loss = 12029.5263671875
Epoch 35: loss = 12027.91796875
Epoch 36: loss = 12025.6005859375
Epoch 37: loss = 12023.173828125
Epoch 38: loss = 12021.4169921875
Epoch 39: loss = 12020.2587890625
Epoch 40: loss = 12019.623046875
Epoch 41: loss = 12019.228515625
Epoch 42: loss = 12018.90234375
Epoch 43: loss = 12018.748046875
Epoch 44: loss = 12018.525390625
Epoch 45: loss = 12018.4248046875
Epoch 46: loss = 12018.3701171875
Epoch 47: loss = 12018.2861328125
Epoch 48: loss = 12018.2001953125
Epoch 49: loss = 12018.171875
Epoch 50: loss = 12018.1201171875
Epoch 51: loss = 12018.1318359375
Epoch 52: loss = 12018.0478515625
Epoch 53: loss = 12018.01171875
Epoch 54: loss = 12017.955078125
Epoch 55: loss = 12017.9716796875
Epoch 56: loss = 12017.9814453125
Epoch 57: loss = 12017.984375
Epoch 58: loss = 12017.9423828125
Epoch 59: loss = 12017.9501953125
Epoch 60: loss = 12017.9462890625
Epoch 61: loss = 12017.955078125
Epoch 62: loss = 12017.9375
Epoch 63: loss = 12017.9140625
Epoch 64: loss = 12017.9033203125
Epoch 65: loss = 12017.93359375
Epoch 66: loss = 12017.9287109375
Epoch 67: loss = 12017.9306640625
Epoch 68: loss = 12017.955078125
Epoch 69: loss = 12017.890625
Epoch 70: loss = 12017.9189453125
Epoch 71: loss = 12017.94140625
Epoch 72: loss = 12017.8974609375
Epoch 73: loss = 12017.93359375
Epoch 74: loss = 12017.9033203125
Early stopping at epoch 74 with loss 12017.890625
Reconstruction for fluence = 78475.99703514607 photons/pixel
Epoch 0: loss = 57938468864.0
Epoch 1: loss = 43117284.0
Epoch 2: loss = 9717324.0
Epoch 3: loss = 2703950.25
Epoch 4: loss = 674096.125
Epoch 5: loss = 235167.640625
Epoch 6: loss = 120378.7265625
Epoch 7: loss = 78497.515625
Epoch 8: loss = 57508.54296875
Epoch 9: loss = 45368.17578125
Epoch 10: loss = 38331.625
Epoch 11: loss = 34596.50390625
Epoch 12: loss = 32615.72265625
Epoch 13: loss = 31279.978515625
Epoch 14: loss = 30453.958984375
Epoch 15: loss = 29805.8515625
Epoch 16: loss = 29374.478515625
Epoch 17: loss = 29065.5234375
Epoch 18: loss = 28838.19140625
Epoch 19: loss = 28671.23046875
Epoch 20: loss = 28546.05859375
Epoch 21: loss = 28445.240234375
Epoch 22: loss = 28378.05859375
Epoch 23: loss = 28321.24609375
Epoch 24: loss = 28276.732421875
Epoch 25: loss = 28242.046875
Epoch 26: loss = 28217.869140625
Epoch 27: loss = 28201.521484375
Epoch 28: loss = 28188.603515625
Epoch 29: loss = 28179.08203125
Epoch 30: loss = 28170.9765625
Epoch 31: loss = 28164.55859375
Epoch 32: loss = 28159.0859375
Epoch 33: loss = 28154.544921875
Epoch 34: loss = 28151.2578125
Epoch 35: loss = 28148.140625
Epoch 36: loss = 28146.244140625
Epoch 37: loss = 28144.37890625
Epoch 38: loss = 28142.87109375
Epoch 39: loss = 28142.025390625
Epoch 40: loss = 28141.19921875
Epoch 41: loss = 28140.236328125
Epoch 42: loss = 28139.669921875
Epoch 43: loss = 28139.23046875
Epoch 44: loss = 28138.650390625
Epoch 45: loss = 28138.37109375
Epoch 46: loss = 28138.537109375
Epoch 47: loss = 28138.123046875
Epoch 48: loss = 28137.830078125
Epoch 49: loss = 28137.845703125
Epoch 50: loss = 28137.865234375
Epoch 51: loss = 28137.580078125
Epoch 52: loss = 28137.705078125
Epoch 53: loss = 28137.45703125
Epoch 54: loss = 28137.61328125
Epoch 55: loss = 28137.591796875
Epoch 56: loss = 28137.4140625
Epoch 57: loss = 28137.494140625
Epoch 58: loss = 28137.427734375
Epoch 59: loss = 28137.42578125
Epoch 60: loss = 28137.490234375
Epoch 61: loss = 28137.28515625
Epoch 62: loss = 28137.375
Epoch 63: loss = 28137.375
Epoch 64: loss = 28137.2265625
Epoch 65: loss = 28137.27734375
Epoch 66: loss = 28137.4296875
Epoch 67: loss = 28137.509765625
Epoch 68: loss = 28137.416015625
Epoch 69: loss = 28137.427734375
Early stopping at epoch 69 with loss 28137.2265625
Reconstruction for fluence = 183298.07108324335 photons/pixel
Epoch 0: loss = 316093136896.0
Epoch 1: loss = 235365888.0
Epoch 2: loss = 51199768.0
Epoch 3: loss = 14517671.0
Epoch 4: loss = 3571984.75
Epoch 5: loss = 1216461.75
Epoch 6: loss = 603910.5625
Epoch 7: loss = 353766.75
Epoch 8: loss = 231491.71875
Epoch 9: loss = 164399.671875
Epoch 10: loss = 124798.75
Epoch 11: loss = 102846.03125
Epoch 12: loss = 91581.515625
Epoch 13: loss = 83939.65625
Epoch 14: loss = 78627.5234375
Epoch 15: loss = 74922.78125
Epoch 16: loss = 72198.3359375
Epoch 17: loss = 70617.5546875
Epoch 18: loss = 69372.8984375
Epoch 19: loss = 68499.703125
Epoch 20: loss = 67817.9140625
Epoch 21: loss = 67267.0390625
Epoch 22: loss = 66860.2421875
Epoch 23: loss = 66515.453125
Epoch 24: loss = 66186.5546875
Epoch 25: loss = 65808.640625
Epoch 26: loss = 65434.0
Epoch 27: loss = 65127.5546875
Epoch 28: loss = 64914.48828125
Epoch 29: loss = 64771.8203125
Epoch 30: loss = 64682.390625
Epoch 31: loss = 64617.42578125
Epoch 32: loss = 64570.40234375
Epoch 33: loss = 64536.3046875
Epoch 34: loss = 64512.3203125
Epoch 35: loss = 64494.20703125
Epoch 36: loss = 64480.16796875
Epoch 37: loss = 64468.9921875
Epoch 38: loss = 64461.23046875
Epoch 39: loss = 64453.29296875
Epoch 40: loss = 64449.0078125
Epoch 41: loss = 64445.640625
Epoch 42: loss = 64443.1171875
Epoch 43: loss = 64441.08984375
Epoch 44: loss = 64439.4296875
Epoch 45: loss = 64437.92578125
Epoch 46: loss = 64437.91796875
Epoch 47: loss = 64436.0625
Epoch 48: loss = 64435.140625
Epoch 49: loss = 64435.40234375
Epoch 50: loss = 64434.61328125
Epoch 51: loss = 64434.828125
Epoch 52: loss = 64434.5078125
Epoch 53: loss = 64435.08203125
Epoch 54: loss = 64434.48828125
Epoch 55: loss = 64434.40234375
Epoch 56: loss = 64434.11328125
Epoch 57: loss = 64434.02734375
Epoch 58: loss = 64433.8046875
Epoch 59: loss = 64433.65234375
Epoch 60: loss = 64433.71484375
Epoch 61: loss = 64434.140625
Epoch 62: loss = 64432.77734375
Epoch 63: loss = 64434.15234375
Epoch 64: loss = 64433.953125
Epoch 65: loss = 64433.53515625
Epoch 66: loss = 64433.77734375
Epoch 67: loss = 64434.0703125
Early stopping at epoch 67 with loss 64432.77734375
Reconstruction for fluence = 428133.2398719387 photons/pixel
Epoch 0: loss = 1724487303168.0
Epoch 1: loss = 1284819584.0
Epoch 2: loss = 280522656.0
Epoch 3: loss = 79297192.0
Epoch 4: loss = 18859388.0
Epoch 5: loss = 6306508.0
Epoch 6: loss = 2952568.75
Epoch 7: loss = 1692154.25
Epoch 8: loss = 1067540.25
Epoch 9: loss = 709053.8125
Epoch 10: loss = 481590.0625
Epoch 11: loss = 359349.40625
Epoch 12: loss = 291602.25
Epoch 13: loss = 252179.140625
Epoch 14: loss = 223785.578125
Epoch 15: loss = 204423.359375
Epoch 16: loss = 191291.515625
Epoch 17: loss = 182306.359375
Epoch 18: loss = 175772.515625
Epoch 19: loss = 170979.703125
Epoch 20: loss = 167362.3125
Epoch 21: loss = 164563.8125
Epoch 22: loss = 162634.8125
Epoch 23: loss = 161073.890625
Epoch 24: loss = 159746.953125
Epoch 25: loss = 158602.03125
Epoch 26: loss = 157583.3125
Epoch 27: loss = 156610.875
Epoch 28: loss = 155395.078125
Epoch 29: loss = 153785.609375
Epoch 30: loss = 152118.109375
Epoch 31: loss = 150786.078125
Epoch 32: loss = 149794.96875
Epoch 33: loss = 149175.421875
Epoch 34: loss = 148784.640625
Epoch 35: loss = 148515.84375
Epoch 36: loss = 148329.734375
Epoch 37: loss = 148202.359375
Epoch 38: loss = 148112.65625
Epoch 39: loss = 148044.953125
Epoch 40: loss = 147993.703125
Epoch 41: loss = 147960.5625
Epoch 42: loss = 147929.25
Epoch 43: loss = 147908.640625
Epoch 44: loss = 147889.015625
Epoch 45: loss = 147875.0625
Epoch 46: loss = 147862.59375
Epoch 47: loss = 147852.203125
Epoch 48: loss = 147851.421875
Epoch 49: loss = 147842.21875
Epoch 50: loss = 147839.1875
Epoch 51: loss = 147839.46875
Epoch 52: loss = 147837.375
Epoch 53: loss = 147834.109375
Epoch 54: loss = 147834.328125
Epoch 55: loss = 147830.109375
Epoch 56: loss = 147831.421875
Epoch 57: loss = 147831.953125
Epoch 58: loss = 147829.296875
Epoch 59: loss = 147832.328125
Epoch 60: loss = 147827.25
Epoch 61: loss = 147827.859375
Epoch 62: loss = 147826.953125
Epoch 63: loss = 147826.390625
Epoch 64: loss = 147829.78125
Epoch 65: loss = 147827.859375
Epoch 66: loss = 147828.046875
Epoch 67: loss = 147827.671875
Epoch 68: loss = 147828.6875
Early stopping at epoch 68 with loss 147826.390625
Reconstruction for fluence = 1000000.0 photons/pixel
Epoch 0: loss = 9408068190208.0
Epoch 1: loss = 7008363520.0
Epoch 2: loss = 1526668928.0
Epoch 3: loss = 437502752.0
Epoch 4: loss = 101769384.0
Epoch 5: loss = 31856388.0
Epoch 6: loss = 15161874.0
Epoch 7: loss = 8521961.0
Epoch 8: loss = 5024000.5
Epoch 9: loss = 3174649.25
Epoch 10: loss = 2089900.0
Epoch 11: loss = 1470516.875
Epoch 12: loss = 1132366.625
Epoch 13: loss = 911579.5
Epoch 14: loss = 764890.25
Epoch 15: loss = 662277.25
Epoch 16: loss = 583655.4375
Epoch 17: loss = 537118.625
Epoch 18: loss = 499991.0
Epoch 19: loss = 473729.90625
Epoch 20: loss = 454710.15625
Epoch 21: loss = 439322.40625
Epoch 22: loss = 429071.28125
Epoch 23: loss = 421579.625
Epoch 24: loss = 415923.90625
Epoch 25: loss = 411431.71875
Epoch 26: loss = 407764.90625
Epoch 27: loss = 404697.9375
Epoch 28: loss = 402193.0625
Epoch 29: loss = 399015.0
Epoch 30: loss = 395328.53125
Epoch 31: loss = 389874.6875
Epoch 32: loss = 383201.34375
Epoch 33: loss = 375620.21875
Epoch 34: loss = 369350.28125
Epoch 35: loss = 364563.5625
Epoch 36: loss = 361086.15625
Epoch 37: loss = 358530.21875
Epoch 38: loss = 357023.90625
Epoch 39: loss = 355892.34375
Epoch 40: loss = 355118.21875
Epoch 41: loss = 354616.125
Epoch 42: loss = 354272.5625
Epoch 43: loss = 354030.40625
Epoch 44: loss = 353841.15625
Epoch 45: loss = 353699.625
Epoch 46: loss = 353583.21875
Epoch 47: loss = 353497.5
Epoch 48: loss = 353444.5
Epoch 49: loss = 353388.78125
Epoch 50: loss = 353362.25
Epoch 51: loss = 353329.3125
Epoch 52: loss = 353308.0
Epoch 53: loss = 353290.71875
Epoch 54: loss = 353280.71875
Epoch 55: loss = 353271.0
Epoch 56: loss = 353257.46875
Epoch 57: loss = 353253.84375
Epoch 58: loss = 353260.78125
Epoch 59: loss = 353254.8125
Epoch 60: loss = 353249.21875
Epoch 61: loss = 353244.3125
Epoch 62: loss = 353250.84375
Epoch 63: loss = 353246.21875
Epoch 64: loss = 353240.28125
Epoch 65: loss = 353232.8125
Epoch 66: loss = 353240.6875
Epoch 67: loss = 353240.5
Epoch 68: loss = 353227.34375
Epoch 69: loss = 353233.40625
Epoch 70: loss = 353238.8125
Epoch 71: loss = 353229.28125
Epoch 72: loss = 353223.59375
Epoch 73: loss = 353233.71875
Epoch 74: loss = 353234.5625
Epoch 75: loss = 353231.5
Epoch 76: loss = 353230.5
Epoch 77: loss = 353232.6875
Early stopping at epoch 77 with loss 353223.59375
Tensors initialization on device cuda
Multiprobe = None

('MSE', 'PoissonNLL') RECONSTRUCTIONS

Reconstruction for fluence = 0.09999999999999999 photons/pixel
Epoch 0: loss = 0.18937236070632935
Epoch 1: loss = 0.05477572977542877
Epoch 2: loss = 0.053015489131212234
Epoch 3: loss = 0.05239598825573921
Epoch 4: loss = 0.05213393643498421
Epoch 5: loss = 0.052047956734895706
Epoch 6: loss = 0.05201068893074989
Epoch 7: loss = 0.051915526390075684
Epoch 8: loss = 0.051896531134843826
Epoch 9: loss = 0.05186978355050087
Epoch 10: loss = 0.05185772851109505
Epoch 11: loss = 0.05185416713356972
Epoch 12: loss = 0.05183277279138565
Epoch 13: loss = 0.05180906876921654
Early stopping at epoch 13 with loss 0.051896531134843826
Epoch 0: loss = 0.14438390731811523
Epoch 1: loss = 0.11122255772352219
Epoch 2: loss = 0.11102676391601562
Epoch 3: loss = 0.11095275729894638
Epoch 4: loss = 0.11093030124902725
Epoch 5: loss = 0.11089564114809036
Epoch 6: loss = 0.11081533133983612
Epoch 7: loss = 0.11079362034797668
Epoch 8: loss = 0.11079127341508865
Epoch 9: loss = 0.11078865081071854
Epoch 10: loss = 0.11078865081071854
Epoch 11: loss = 0.11078865081071854
Epoch 12: loss = 0.11078865081071854
Early stopping at epoch 12 with loss 0.11079362034797668
Reconstruction for fluence = 0.23357214690901223 photons/pixel
Epoch 0: loss = 0.7523102760314941
Epoch 1: loss = 0.13480667769908905
Epoch 2: loss = 0.13035130500793457
Epoch 3: loss = 0.12942034006118774
Epoch 4: loss = 0.12898482382297516
Epoch 5: loss = 0.12875236570835114
Epoch 6: loss = 0.1285715252161026
Epoch 7: loss = 0.1284702867269516
Epoch 8: loss = 0.12834405899047852
Epoch 9: loss = 0.12819425761699677
Epoch 10: loss = 0.12806612253189087
Epoch 11: loss = 0.12793956696987152
Epoch 12: loss = 0.12792451679706573
Epoch 13: loss = 0.1279192417860031
Epoch 14: loss = 0.1279175579547882
Epoch 0: loss = 0.13876301050186157
Epoch 1: loss = 0.08363943547010422
Epoch 2: loss = 0.08317505568265915
Epoch 3: loss = 0.08303867280483246
Epoch 4: loss = 0.0829942375421524
Epoch 5: loss = 0.08299101889133453
Epoch 6: loss = 0.08299025893211365
Epoch 7: loss = 0.08299025893211365
Epoch 8: loss = 0.08299025893211365
Early stopping at epoch 8 with loss 0.08303867280483246
Reconstruction for fluence = 0.5455594781168519 photons/pixel
Epoch 0: loss = 3.3254342079162598
Epoch 1: loss = 0.29010576009750366
Epoch 2: loss = 0.2780161201953888
Epoch 3: loss = 0.27577030658721924
Epoch 4: loss = 0.2750374674797058
Epoch 5: loss = 0.274822473526001
Epoch 6: loss = 0.27476009726524353
Epoch 7: loss = 0.27471181750297546
Epoch 8: loss = 0.2746751606464386
Epoch 9: loss = 0.27466821670532227
Epoch 10: loss = 0.2746649980545044
Epoch 11: loss = 0.274633526802063
Epoch 12: loss = 0.2746220827102661
Early stopping at epoch 12 with loss 0.27471181750297546
Epoch 0: loss = -0.16684797406196594
Epoch 1: loss = -0.24674612283706665
Epoch 2: loss = -0.24728134274482727
Epoch 3: loss = -0.247360497713089
Epoch 4: loss = -0.24742341041564941
Epoch 5: loss = -0.2474447637796402
Epoch 6: loss = -0.2474612146615982
Epoch 7: loss = -0.24748216569423676
Epoch 8: loss = -0.24748273193836212
Epoch 9: loss = -0.24748283624649048
Early stopping at epoch 9 with loss -0.24742341041564941
Reconstruction for fluence = 1.2742749857031335 photons/pixel
Epoch 0: loss = 16.55343246459961
Epoch 1: loss = 0.6746239066123962
Epoch 2: loss = 0.6359589695930481
Epoch 3: loss = 0.6303735375404358
Epoch 4: loss = 0.6287584900856018
Epoch 5: loss = 0.6281415820121765
Epoch 6: loss = 0.6279540657997131
Epoch 7: loss = 0.6279318332672119
Epoch 8: loss = 0.6278966069221497
Epoch 9: loss = 0.6278865933418274
Epoch 10: loss = 0.6278831958770752
Epoch 11: loss = 0.6278825402259827
Early stopping at epoch 11 with loss 0.6279540657997131
Epoch 0: loss = -1.457440733909607
Epoch 1: loss = -1.585014820098877
Epoch 2: loss = -1.5856435298919678
Epoch 3: loss = -1.5857586860656738
Epoch 4: loss = -1.5860981941223145
Epoch 5: loss = -1.5865322351455688
Epoch 6: loss = -1.5865776538848877
Epoch 7: loss = -1.5865854024887085
Epoch 8: loss = -1.5865857601165771
Epoch 9: loss = -1.5865859985351562
Epoch 10: loss = -1.586586594581604
Early stopping at epoch 10 with loss -1.5865322351455688
Reconstruction for fluence = 2.976351441631318 photons/pixel
Epoch 0: loss = 86.86167907714844
Epoch 1: loss = 1.5792713165283203
Epoch 2: loss = 1.3666439056396484
Epoch 3: loss = 1.344847321510315
Epoch 4: loss = 1.340810775756836
Epoch 5: loss = 1.3399028778076172
Epoch 6: loss = 1.3396822214126587
Epoch 7: loss = 1.3395639657974243
Epoch 8: loss = 1.339496374130249
Epoch 9: loss = 1.3394747972488403
Epoch 10: loss = 1.3394684791564941
Epoch 11: loss = 1.3394677639007568
Epoch 12: loss = 1.3394676446914673
Early stopping at epoch 12 with loss 1.3395639657974243
Epoch 0: loss = -6.046497821807861
Epoch 1: loss = -6.224178314208984
Epoch 2: loss = -6.225117206573486
Epoch 3: loss = -6.225478172302246
Epoch 4: loss = -6.225972652435303
Epoch 5: loss = -6.226040840148926
Epoch 6: loss = -6.226180076599121
Epoch 7: loss = -6.226184368133545
Epoch 8: loss = -6.226186275482178
Epoch 9: loss = -6.226186275482178
Epoch 10: loss = -6.226187229156494
Epoch 11: loss = -6.226187229156494
Early stopping at epoch 11 with loss -6.226180076599121
Reconstruction for fluence = 6.9519279617756045 photons/pixel
Epoch 0: loss = 462.6413879394531
Epoch 1: loss = 3.7227728366851807
Epoch 2: loss = 3.1931183338165283
Epoch 3: loss = 3.1112794876098633
Epoch 4: loss = 3.094294786453247
Epoch 5: loss = 3.0903701782226562
Epoch 6: loss = 3.0883729457855225
Epoch 7: loss = 3.0877838134765625
Epoch 8: loss = 3.087627410888672
Epoch 9: loss = 3.0875754356384277
Epoch 10: loss = 3.0875561237335205
Epoch 11: loss = 3.0875518321990967
Epoch 12: loss = 3.087550401687622
Epoch 13: loss = 3.0875496864318848
Early stopping at epoch 13 with loss 3.087627410888672
Epoch 0: loss = -20.160858154296875
Epoch 1: loss = -20.426618576049805
Epoch 2: loss = -20.429424285888672
Epoch 3: loss = -20.42976951599121
Epoch 4: loss = -20.430341720581055
Epoch 5: loss = -20.430383682250977
Epoch 6: loss = -20.430402755737305
Epoch 7: loss = -20.430408477783203
Epoch 8: loss = -20.4304141998291
Epoch 9: loss = -20.4304141998291
Early stopping at epoch 9 with loss -20.430341720581055
Reconstruction for fluence = 16.23776739188721 photons/pixel
Epoch 0: loss = 2494.556884765625
Epoch 1: loss = 9.591609001159668
Epoch 2: loss = 7.292815208435059
Epoch 3: loss = 6.856558322906494
Epoch 4: loss = 6.7547430992126465
Epoch 5: loss = 6.73058557510376
Epoch 6: loss = 6.723524570465088
Epoch 7: loss = 6.721444129943848
Epoch 8: loss = 6.720675945281982
Epoch 9: loss = 6.7203850746154785
Epoch 10: loss = 6.720279216766357
Epoch 11: loss = 6.720240116119385
Epoch 12: loss = 6.720240116119385
Epoch 13: loss = 6.720232009887695
Epoch 14: loss = 6.7202301025390625
Epoch 0: loss = -61.10356903076172
Epoch 1: loss = -61.47411346435547
Epoch 2: loss = -61.4772834777832
Epoch 3: loss = -61.47957992553711
Epoch 4: loss = -61.47976303100586
Epoch 5: loss = -61.47991180419922
Epoch 6: loss = -61.47993850708008
Epoch 7: loss = -61.47993850708008
Epoch 8: loss = -61.48036575317383
Epoch 9: loss = -61.48064422607422
Epoch 10: loss = -61.48067855834961
Epoch 11: loss = -61.48068618774414
Epoch 12: loss = -61.4807014465332
Epoch 13: loss = -61.480712890625
Epoch 14: loss = -61.480712890625
Early stopping at epoch 14 with loss -61.48064422607422
Reconstruction for fluence = 37.926901907322495 photons/pixel
Epoch 0: loss = 13569.2255859375
Epoch 1: loss = 28.543575286865234
Epoch 2: loss = 18.396827697753906
Epoch 3: loss = 16.372974395751953
Epoch 4: loss = 15.99340534210205
Epoch 5: loss = 15.907487869262695
Epoch 6: loss = 15.884892463684082
Epoch 7: loss = 15.877385139465332
Epoch 8: loss = 15.874189376831055
Epoch 9: loss = 15.872512817382812
Epoch 10: loss = 15.871631622314453
Epoch 11: loss = 15.87108039855957
Epoch 12: loss = 15.870842933654785
Epoch 13: loss = 15.870388984680176
Epoch 14: loss = 15.870001792907715
Epoch 0: loss = -174.9564971923828
Epoch 1: loss = -175.4896697998047
Epoch 2: loss = -175.49850463867188
Epoch 3: loss = -175.5016326904297
Epoch 4: loss = -175.502197265625
Epoch 5: loss = -175.50222778320312
Epoch 6: loss = -175.5023956298828
Epoch 7: loss = -175.5028533935547
Epoch 8: loss = -175.5028839111328
Epoch 9: loss = -175.5028839111328
Epoch 10: loss = -175.5028839111328
Epoch 11: loss = -175.50289916992188
Epoch 12: loss = -175.5029296875
Early stopping at epoch 12 with loss -175.5028533935547
Reconstruction for fluence = 88.58667904100822 photons/pixel
Epoch 0: loss = 73961.0
Epoch 1: loss = 97.85335540771484
Epoch 2: loss = 48.670047760009766
Epoch 3: loss = 38.35511779785156
Epoch 4: loss = 35.58876419067383
Epoch 5: loss = 35.02992248535156
Epoch 6: loss = 34.8786506652832
Epoch 7: loss = 34.822635650634766
Epoch 8: loss = 34.79878616333008
Epoch 9: loss = 34.78767776489258
Epoch 10: loss = 34.781700134277344
Epoch 11: loss = 34.7784309387207
Epoch 12: loss = 34.77663803100586
Epoch 13: loss = 34.77560806274414
Epoch 14: loss = 34.7750129699707
Epoch 0: loss = -483.8991394042969
Epoch 1: loss = -484.6189270019531
Epoch 2: loss = -484.6276550292969
Epoch 3: loss = -484.62847900390625
Epoch 4: loss = -484.6301574707031
Epoch 5: loss = -484.63031005859375
Epoch 6: loss = -484.63043212890625
Epoch 7: loss = -484.6307678222656
Epoch 8: loss = -484.6307678222656
Epoch 9: loss = -484.630859375
Epoch 10: loss = -484.630859375
Epoch 11: loss = -484.630859375
Epoch 12: loss = -484.6309814453125
Epoch 13: loss = -484.6309814453125
Epoch 14: loss = -484.6309814453125
Epoch 15: loss = -484.6310119628906
Epoch 16: loss = -484.6310729980469
Epoch 17: loss = -484.6310729980469
Early stopping at epoch 17 with loss -484.6309814453125
Reconstruction for fluence = 206.9138081114788 photons/pixel
Epoch 0: loss = 402616.4375
Epoch 1: loss = 394.8468322753906
Epoch 2: loss = 146.3242645263672
Epoch 3: loss = 92.26345825195312
Epoch 4: loss = 76.64439392089844
Epoch 5: loss = 73.12979888916016
Epoch 6: loss = 72.19501495361328
Epoch 7: loss = 71.84949493408203
Epoch 8: loss = 71.68722534179688
Epoch 9: loss = 71.60306549072266
Epoch 10: loss = 71.55790710449219
Epoch 11: loss = 71.5309829711914
Epoch 12: loss = 71.51663970947266
Epoch 13: loss = 71.50759887695312
Epoch 14: loss = 71.50074768066406
Epoch 0: loss = -1307.8577880859375
Epoch 1: loss = -1308.746337890625
Epoch 2: loss = -1308.76806640625
Epoch 3: loss = -1308.7691650390625
Epoch 4: loss = -1308.769287109375
Epoch 5: loss = -1308.7701416015625
Epoch 6: loss = -1308.7706298828125
Epoch 7: loss = -1308.7708740234375
Epoch 8: loss = -1308.7708740234375
Epoch 9: loss = -1308.7711181640625
Epoch 10: loss = -1308.7711181640625
Epoch 11: loss = -1308.771240234375
Epoch 12: loss = -1308.771240234375
Epoch 13: loss = -1308.771240234375
Epoch 14: loss = -1308.771484375
Epoch 15: loss = -1308.771484375
Epoch 16: loss = -1308.7716064453125
Epoch 17: loss = -1308.7716064453125
Epoch 18: loss = -1308.7716064453125
Epoch 19: loss = -1308.771728515625
Epoch 20: loss = -1308.7718505859375
Epoch 21: loss = -1308.7718505859375
Epoch 22: loss = -1308.7718505859375
Epoch 23: loss = -1308.7718505859375
Epoch 24: loss = -1308.7718505859375
Early stopping at epoch 24 with loss -1308.771728515625
Reconstruction for fluence = 483.2930238571752 photons/pixel
Epoch 0: loss = 2198885.25
Epoch 1: loss = 1841.4029541015625
Epoch 2: loss = 529.551025390625
Epoch 3: loss = 265.7834777832031
Epoch 4: loss = 192.30177307128906
Epoch 5: loss = 175.578857421875
Epoch 6: loss = 170.91058349609375
Epoch 7: loss = 169.1439666748047
Epoch 8: loss = 168.28079223632812
Epoch 9: loss = 167.80886840820312
Epoch 10: loss = 167.5550079345703
Epoch 11: loss = 167.4202117919922
Epoch 12: loss = 167.3448028564453
Epoch 13: loss = 167.2965850830078
Epoch 14: loss = 167.26380920410156
Epoch 0: loss = -3462.553955078125
Epoch 1: loss = -3463.721923828125
Epoch 2: loss = -3463.743408203125
Epoch 3: loss = -3463.745361328125
Epoch 4: loss = -3463.745361328125
Epoch 5: loss = -3463.74609375
Epoch 6: loss = -3463.749267578125
Epoch 7: loss = -3463.749755859375
Epoch 8: loss = -3463.75
Epoch 9: loss = -3463.750732421875
Epoch 10: loss = -3463.753662109375
Epoch 11: loss = -3463.75390625
Epoch 12: loss = -3463.75439453125
Epoch 13: loss = -3463.754638671875
Epoch 14: loss = -3463.755126953125
Epoch 15: loss = -3463.755859375
Epoch 16: loss = -3463.756103515625
Epoch 17: loss = -3463.756103515625
Epoch 18: loss = -3463.756103515625
Epoch 19: loss = -3463.756103515625
Epoch 20: loss = -3463.756103515625
Epoch 21: loss = -3463.756103515625
Early stopping at epoch 21 with loss -3463.756103515625
Reconstruction for fluence = 1128.8378916846884 photons/pixel
Epoch 0: loss = 11986040.0
Epoch 1: loss = 9327.2939453125
Epoch 2: loss = 2424.76318359375
Epoch 3: loss = 954.1873168945312
Epoch 4: loss = 532.9320678710938
Epoch 5: loss = 434.0300598144531
Epoch 6: loss = 405.7774353027344
Epoch 7: loss = 395.60736083984375
Epoch 8: loss = 390.2527160644531
Epoch 9: loss = 387.6836853027344
Epoch 10: loss = 386.1052551269531
Epoch 11: loss = 385.19989013671875
Epoch 12: loss = 384.6698303222656
Epoch 13: loss = 384.29302978515625
Epoch 14: loss = 384.00140380859375
Epoch 0: loss = -9049.02734375
Epoch 1: loss = -9050.576171875
Epoch 2: loss = -9050.5986328125
Epoch 3: loss = -9050.5986328125
Epoch 4: loss = -9050.6025390625
Epoch 5: loss = -9050.6044921875
Epoch 6: loss = -9050.6044921875
Epoch 7: loss = -9050.6044921875
Epoch 8: loss = -9050.6064453125
Epoch 9: loss = -9050.6064453125
Epoch 10: loss = -9050.6064453125
Epoch 11: loss = -9050.607421875
Epoch 12: loss = -9050.607421875
Epoch 13: loss = -9050.607421875
Epoch 14: loss = -9050.607421875
Epoch 15: loss = -9050.607421875
Epoch 16: loss = -9050.6083984375
Epoch 17: loss = -9050.609375
Epoch 18: loss = -9050.609375
Epoch 19: loss = -9050.609375
Epoch 20: loss = -9050.609375
Epoch 21: loss = -9050.609375
Epoch 22: loss = -9050.6103515625
Epoch 23: loss = -9050.611328125
Epoch 24: loss = -9050.6142578125
Epoch 25: loss = -9050.6142578125
Epoch 26: loss = -9050.6142578125
Epoch 27: loss = -9050.6142578125
Epoch 28: loss = -9050.6142578125
Epoch 29: loss = -9050.615234375
Epoch 30: loss = -9050.615234375
Epoch 31: loss = -9050.615234375
Epoch 32: loss = -9050.615234375
Epoch 33: loss = -9050.615234375
Epoch 34: loss = -9050.615234375
Early stopping at epoch 34 with loss -9050.615234375
Reconstruction for fluence = 2636.6508987303555 photons/pixel
Epoch 0: loss = 65395244.0
Epoch 1: loss = 49947.515625
Epoch 2: loss = 11735.0322265625
Epoch 3: loss = 4279.70068359375
Epoch 4: loss = 1788.4560546875
Epoch 5: loss = 1232.546875
Epoch 6: loss = 1078.0777587890625
Epoch 7: loss = 1019.2992553710938
Epoch 8: loss = 989.5855102539062
Epoch 9: loss = 974.1902465820312
Epoch 10: loss = 965.2244873046875
Epoch 11: loss = 960.1964111328125
Epoch 12: loss = 957.4423828125
Epoch 13: loss = 955.6165161132812
Epoch 14: loss = 954.5004272460938
Epoch 0: loss = -23376.482421875
Epoch 1: loss = -23378.435546875
Epoch 2: loss = -23378.4453125
Epoch 3: loss = -23378.447265625
Epoch 4: loss = -23378.447265625
Epoch 5: loss = -23378.447265625
Epoch 6: loss = -23378.447265625
Epoch 7: loss = -23378.451171875
Epoch 8: loss = -23378.451171875
Epoch 9: loss = -23378.453125
Epoch 10: loss = -23378.455078125
Epoch 11: loss = -23378.455078125
Epoch 12: loss = -23378.458984375
Epoch 13: loss = -23378.458984375
Epoch 14: loss = -23378.458984375
Epoch 15: loss = -23378.4609375
Epoch 16: loss = -23378.462890625
Epoch 17: loss = -23378.462890625
Epoch 18: loss = -23378.462890625
Epoch 19: loss = -23378.462890625
Epoch 20: loss = -23378.462890625
Epoch 21: loss = -23378.462890625
Early stopping at epoch 21 with loss -23378.462890625
Reconstruction for fluence = 6158.482110660255 photons/pixel
Epoch 0: loss = 356836512.0
Epoch 1: loss = 266857.03125
Epoch 2: loss = 57845.640625
Epoch 3: loss = 17690.09375
Epoch 4: loss = 5702.787109375
Epoch 5: loss = 3210.232177734375
Epoch 6: loss = 2572.798095703125
Epoch 7: loss = 2329.03466796875
Epoch 8: loss = 2201.634033203125
Epoch 9: loss = 2120.885986328125
Epoch 10: loss = 2079.365966796875
Epoch 11: loss = 2056.050048828125
Epoch 12: loss = 2043.943603515625
Epoch 13: loss = 2036.0047607421875
Epoch 14: loss = 2030.834228515625
Epoch 0: loss = -59821.22265625
Epoch 1: loss = -59823.59765625
Epoch 2: loss = -59823.59765625
Epoch 3: loss = -59823.59765625
Epoch 4: loss = -59823.59765625
Epoch 5: loss = -59823.59765625
Epoch 6: loss = -59823.61328125
Epoch 7: loss = -59823.61328125
Epoch 8: loss = -59823.60546875
Epoch 9: loss = -59823.61328125
Epoch 10: loss = -59823.61328125
Epoch 11: loss = -59823.61328125
Early stopping at epoch 11 with loss -59823.61328125
Reconstruction for fluence = 14384.498882876629 photons/pixel
Epoch 0: loss = 1946811520.0
Epoch 1: loss = 1455779.75
Epoch 2: loss = 330186.75
Epoch 3: loss = 97066.5703125
Epoch 4: loss = 27626.916015625
Epoch 5: loss = 12219.998046875
Epoch 6: loss = 8322.689453125
Epoch 7: loss = 6808.1650390625
Epoch 8: loss = 6097.267578125
Epoch 9: loss = 5679.13134765625
Epoch 10: loss = 5447.0615234375
Epoch 11: loss = 5318.3828125
Epoch 12: loss = 5248.544921875
Epoch 13: loss = 5203.02685546875
Epoch 14: loss = 5171.7548828125
Epoch 0: loss = -151928.21875
Epoch 1: loss = -151931.328125
Epoch 2: loss = -151931.328125
Epoch 3: loss = -151931.359375
Epoch 4: loss = -151931.359375
Epoch 5: loss = -151931.359375
Epoch 6: loss = -151931.390625
Epoch 7: loss = -151931.390625
Epoch 8: loss = -151931.390625
Epoch 9: loss = -151931.390625
Epoch 10: loss = -151931.390625
Epoch 11: loss = -151931.390625
Early stopping at epoch 11 with loss -151931.390625
Reconstruction for fluence = 33598.18286283781 photons/pixel
Epoch 0: loss = 10620639232.0
Epoch 1: loss = 7920915.5
Epoch 2: loss = 1718089.125
Epoch 3: loss = 502453.84375
Epoch 4: loss = 129309.3515625
Epoch 5: loss = 49554.35546875
Epoch 6: loss = 28772.017578125
Epoch 7: loss = 21212.111328125
Epoch 8: loss = 17473.205078125
Epoch 9: loss = 14903.3544921875
Epoch 10: loss = 13527.82421875
Epoch 11: loss = 12756.740234375
Epoch 12: loss = 12341.8671875
Epoch 13: loss = 12053.71875
Epoch 14: loss = 11862.1708984375
Epoch 0: loss = -383377.125
Epoch 1: loss = -383381.5
Epoch 2: loss = -383381.5625
Epoch 3: loss = -383381.5625
Epoch 4: loss = -383381.5625
Epoch 5: loss = -383381.5625
Epoch 6: loss = -383381.5625
Epoch 7: loss = -383381.5625
Early stopping at epoch 7 with loss -383381.5625
Reconstruction for fluence = 78475.99703514607 photons/pixel
Epoch 0: loss = 57936424960.0
Epoch 1: loss = 43193836.0
Epoch 2: loss = 9446669.0
Epoch 3: loss = 2729734.75
Epoch 4: loss = 690159.6875
Epoch 5: loss = 239227.671875
Epoch 6: loss = 122521.0390625
Epoch 7: loss = 79882.359375
Epoch 8: loss = 56944.78125
Epoch 9: loss = 44780.55078125
Epoch 10: loss = 37416.98828125
Epoch 11: loss = 33692.62890625
Epoch 12: loss = 31614.56640625
Epoch 13: loss = 30365.951171875
Epoch 14: loss = 29397.37890625
Epoch 0: loss = -962079.3125
Epoch 1: loss = -962085.3125
Epoch 2: loss = -962085.5625
Epoch 3: loss = -962085.5625
Epoch 4: loss = -962085.5625
Epoch 5: loss = -962085.5625
Epoch 6: loss = -962085.5625
Epoch 7: loss = -962085.5625
Early stopping at epoch 7 with loss -962085.5625
Reconstruction for fluence = 183298.07108324335 photons/pixel
Epoch 0: loss = 316112207872.0
Epoch 1: loss = 235448656.0
Epoch 2: loss = 51395704.0
Epoch 3: loss = 14760029.0
Epoch 4: loss = 3687183.25
Epoch 5: loss = 1253659.125
Epoch 6: loss = 603588.5625
Epoch 7: loss = 382354.5625
Epoch 8: loss = 234731.203125
Epoch 9: loss = 165797.734375
Epoch 10: loss = 126594.1953125
Epoch 11: loss = 104468.6171875
Epoch 12: loss = 92639.875
Epoch 13: loss = 84865.5390625
Epoch 14: loss = 79790.9609375
Epoch 0: loss = -2402510.5
Epoch 1: loss = -2402520.0
Epoch 2: loss = -2402521.0
Epoch 3: loss = -2402521.25
Epoch 4: loss = -2402521.75
Epoch 5: loss = -2402521.75
Epoch 6: loss = -2402521.75
Epoch 7: loss = -2402521.75
Epoch 8: loss = -2402521.75
Epoch 9: loss = -2402521.75
Early stopping at epoch 9 with loss -2402521.75
Reconstruction for fluence = 428133.2398719387 photons/pixel
Epoch 0: loss = 1724526362624.0
Epoch 1: loss = 1284320128.0
Epoch 2: loss = 280198208.0
Epoch 3: loss = 79194272.0
Epoch 4: loss = 18961458.0
Epoch 5: loss = 6237008.5
Epoch 6: loss = 2816797.25
Epoch 7: loss = 1655552.875
Epoch 8: loss = 1012977.125
Epoch 9: loss = 660400.25
Epoch 10: loss = 458896.15625
Epoch 11: loss = 341094.21875
Epoch 12: loss = 279797.96875
Epoch 13: loss = 241611.890625
Epoch 14: loss = 213923.546875
Epoch 0: loss = -5974892.5
Epoch 1: loss = -5974916.5
Epoch 2: loss = -5974916.5
Epoch 3: loss = -5974916.5
Epoch 4: loss = -5974917.0
Epoch 5: loss = -5974917.0
Epoch 6: loss = -5974917.0
Epoch 7: loss = -5974917.0
Epoch 8: loss = -5974917.0
Epoch 9: loss = -5974917.0
Early stopping at epoch 9 with loss -5974917.0
Reconstruction for fluence = 1000000.0 photons/pixel
Epoch 0: loss = 9408024150016.0
Epoch 1: loss = 7004137984.0
Epoch 2: loss = 1526938112.0
Epoch 3: loss = 437812000.0
Epoch 4: loss = 102597864.0
Epoch 5: loss = 33804576.0
Epoch 6: loss = 16170333.0
Epoch 7: loss = 8580231.0
Epoch 8: loss = 5065364.5
Epoch 9: loss = 3244479.75
Epoch 10: loss = 2106519.5
Epoch 11: loss = 1510804.625
Epoch 12: loss = 1132037.375
Epoch 13: loss = 909296.8125
Epoch 14: loss = 757382.1875
Epoch 0: loss = -14804167.0
Epoch 1: loss = -14804218.0
Epoch 2: loss = -14804219.0
Epoch 3: loss = -14804219.0
Epoch 4: loss = -14804219.0
Epoch 5: loss = -14804219.0
Epoch 6: loss = -14804219.0
Epoch 7: loss = -14804220.0
Epoch 8: loss = -14804221.0
Epoch 9: loss = -14804221.0
Epoch 10: loss = -14804221.0
Epoch 11: loss = -14804221.0
Epoch 12: loss = -14804221.0
Epoch 13: loss = -14804221.0
Early stopping at epoch 13 with loss -14804221.0
Simulation for steps_size=24 and n_fluences=20 completed!
