Running simulation for steps_size=22 and n_fluences=20
Steps size: 22
Tensors initialization on device cuda
Multiprobe = band_lim
torch.Size([1, 64, 64])

('MSE', None) RECONSTRUCTIONS

Reconstruction for fluence = 0.09999999999999999 photons/pixel
Epoch 0: loss = 0.2956418991088867
Epoch 1: loss = 0.057618897408246994
Epoch 2: loss = 0.04929850623011589
Epoch 3: loss = 0.046687811613082886
Epoch 4: loss = 0.045629601925611496
Epoch 5: loss = 0.04516291245818138
Epoch 6: loss = 0.04497210681438446
Epoch 7: loss = 0.04487597942352295
Epoch 8: loss = 0.04481631889939308
Epoch 9: loss = 0.044783104211091995
Epoch 10: loss = 0.04476263001561165
Epoch 11: loss = 0.044730618596076965
Epoch 12: loss = 0.04471311718225479
Epoch 13: loss = 0.044703252613544464
Epoch 14: loss = 0.04469626024365425
Epoch 15: loss = 0.04469121992588043
Epoch 16: loss = 0.04468776658177376
Epoch 17: loss = 0.04468527063727379
Early stopping at epoch 17 with loss 0.04471311718225479
Reconstruction for fluence = 0.23357214690901223 photons/pixel
Epoch 0: loss = 1.380674958229065
Epoch 1: loss = 0.14685793220996857
Epoch 2: loss = 0.12456236779689789
Epoch 3: loss = 0.11801812797784805
Epoch 4: loss = 0.11565526574850082
Epoch 5: loss = 0.1147301197052002
Epoch 6: loss = 0.11428555101156235
Epoch 7: loss = 0.1140451729297638
Epoch 8: loss = 0.11387724429368973
Epoch 9: loss = 0.11375705152750015
Epoch 10: loss = 0.11364506185054779
Epoch 11: loss = 0.11355599015951157
Epoch 12: loss = 0.11350627988576889
Epoch 13: loss = 0.1134643405675888
Epoch 14: loss = 0.1133979931473732
Epoch 15: loss = 0.11327824741601944
Epoch 16: loss = 0.11318325996398926
Epoch 17: loss = 0.1131356805562973
Epoch 18: loss = 0.11310723423957825
Epoch 19: loss = 0.11308864504098892
Epoch 20: loss = 0.11307740211486816
Epoch 21: loss = 0.11306785047054291
Epoch 22: loss = 0.11304918676614761
Early stopping at epoch 22 with loss 0.1131356805562973
Reconstruction for fluence = 0.5455594781168519 photons/pixel
Epoch 0: loss = 6.642735958099365
Epoch 1: loss = 0.3273067772388458
Epoch 2: loss = 0.26124823093414307
Epoch 3: loss = 0.2412741482257843
Epoch 4: loss = 0.23410172760486603
Epoch 5: loss = 0.23120549321174622
Epoch 6: loss = 0.2301122397184372
Epoch 7: loss = 0.22955042123794556
Epoch 8: loss = 0.2291739284992218
Epoch 9: loss = 0.22895365953445435
Epoch 10: loss = 0.22881494462490082
Epoch 11: loss = 0.22874000668525696
Epoch 12: loss = 0.2287023365497589
Epoch 13: loss = 0.2286807745695114
Epoch 14: loss = 0.2286694347858429
Epoch 15: loss = 0.22866292297840118
Epoch 16: loss = 0.22865888476371765
Epoch 17: loss = 0.22865672409534454
Early stopping at epoch 17 with loss 0.2287023365497589
Reconstruction for fluence = 1.2742749857031335 photons/pixel
Epoch 0: loss = 35.1159553527832
Epoch 1: loss = 0.7980875372886658
Epoch 2: loss = 0.61378014087677
Epoch 3: loss = 0.5525293350219727
Epoch 4: loss = 0.5285072326660156
Epoch 5: loss = 0.518834114074707
Epoch 6: loss = 0.5147238969802856
Epoch 7: loss = 0.5126587748527527
Epoch 8: loss = 0.51155686378479
Epoch 9: loss = 0.5109595060348511
Epoch 10: loss = 0.5106496810913086
Epoch 11: loss = 0.5104979872703552
Epoch 12: loss = 0.5104183554649353
Epoch 13: loss = 0.510356068611145
Epoch 14: loss = 0.5103005170822144
Epoch 15: loss = 0.5102437138557434
Epoch 16: loss = 0.5102073550224304
Epoch 17: loss = 0.5101898312568665
Epoch 18: loss = 0.5101779699325562
Epoch 19: loss = 0.5101709961891174
Epoch 20: loss = 0.5101660490036011
Early stopping at epoch 20 with loss 0.5102437138557434
Reconstruction for fluence = 2.976351441631318 photons/pixel
Epoch 0: loss = 185.94500732421875
Epoch 1: loss = 1.875425100326538
Epoch 2: loss = 1.3534809350967407
Epoch 3: loss = 1.178479552268982
Epoch 4: loss = 1.112365484237671
Epoch 5: loss = 1.0813791751861572
Epoch 6: loss = 1.0684068202972412
Epoch 7: loss = 1.0623749494552612
Epoch 8: loss = 1.0588175058364868
Epoch 9: loss = 1.0568780899047852
Epoch 10: loss = 1.0555238723754883
Epoch 11: loss = 1.0547856092453003
Epoch 12: loss = 1.054390788078308
Epoch 13: loss = 1.0541021823883057
Epoch 14: loss = 1.053907036781311
Epoch 15: loss = 1.0537902116775513
Epoch 16: loss = 1.0537216663360596
Epoch 17: loss = 1.053680658340454
Epoch 18: loss = 1.0536530017852783
Epoch 19: loss = 1.0536342859268188
Epoch 20: loss = 1.0536342859268188
Epoch 21: loss = 1.0536223649978638
Epoch 22: loss = 1.05361807346344
Early stopping at epoch 22 with loss 1.053680658340454
Reconstruction for fluence = 6.9519279617756045 photons/pixel
Epoch 0: loss = 1002.8982543945312
Epoch 1: loss = 5.148356914520264
Epoch 2: loss = 3.286160707473755
Epoch 3: loss = 2.7302544116973877
Epoch 4: loss = 2.489377021789551
Epoch 5: loss = 2.3812663555145264
Epoch 6: loss = 2.3276665210723877
Epoch 7: loss = 2.3012068271636963
Epoch 8: loss = 2.281731367111206
Epoch 9: loss = 2.270024538040161
Epoch 10: loss = 2.2628772258758545
Epoch 11: loss = 2.258650302886963
Epoch 12: loss = 2.2561497688293457
Epoch 13: loss = 2.2542762756347656
Epoch 14: loss = 2.2530481815338135
Epoch 15: loss = 2.2521910667419434
Epoch 16: loss = 2.2517151832580566
Epoch 17: loss = 2.2514243125915527
Epoch 18: loss = 2.251224994659424
Epoch 19: loss = 2.2510740756988525
Epoch 20: loss = 2.250969648361206
Epoch 21: loss = 2.250899076461792
Epoch 22: loss = 2.250859260559082
Epoch 23: loss = 2.2508299350738525
Epoch 24: loss = 2.2508060932159424
Epoch 25: loss = 2.250788450241089
Epoch 26: loss = 2.2507808208465576
Epoch 27: loss = 2.25077223777771
Early stopping at epoch 27 with loss 2.250859260559082
Reconstruction for fluence = 16.23776739188721 photons/pixel
Epoch 0: loss = 5469.44970703125
Epoch 1: loss = 14.79733657836914
Epoch 2: loss = 8.415952682495117
Epoch 3: loss = 6.366238117218018
Epoch 4: loss = 5.65841007232666
Epoch 5: loss = 5.3321757316589355
Epoch 6: loss = 5.169561862945557
Epoch 7: loss = 5.06645393371582
Epoch 8: loss = 5.0041632652282715
Epoch 9: loss = 4.961294651031494
Epoch 10: loss = 4.932969093322754
Epoch 11: loss = 4.915521621704102
Epoch 12: loss = 4.9055891036987305
Epoch 13: loss = 4.898087501525879
Epoch 14: loss = 4.892977714538574
Epoch 15: loss = 4.889267921447754
Epoch 16: loss = 4.8867669105529785
Epoch 17: loss = 4.885276794433594
Epoch 18: loss = 4.884073734283447
Epoch 19: loss = 4.883164882659912
Epoch 20: loss = 4.882468223571777
Epoch 21: loss = 4.88192081451416
Epoch 22: loss = 4.881576061248779
Epoch 23: loss = 4.881328105926514
Epoch 24: loss = 4.881137847900391
Epoch 25: loss = 4.880998611450195
Epoch 26: loss = 4.880906581878662
Epoch 27: loss = 4.8808465003967285
Epoch 28: loss = 4.88082218170166
Epoch 29: loss = 4.880795478820801
Epoch 30: loss = 4.880790710449219
Epoch 31: loss = 4.880786418914795
Epoch 32: loss = 4.880782604217529
Early stopping at epoch 32 with loss 4.8808465003967285
Reconstruction for fluence = 37.926901907322495 photons/pixel
Epoch 0: loss = 29729.833984375
Epoch 1: loss = 52.606327056884766
Epoch 2: loss = 22.707544326782227
Epoch 3: loss = 16.108240127563477
Epoch 4: loss = 13.750848770141602
Epoch 5: loss = 12.585226058959961
Epoch 6: loss = 12.0421142578125
Epoch 7: loss = 11.728116035461426
Epoch 8: loss = 11.518157958984375
Epoch 9: loss = 11.369391441345215
Epoch 10: loss = 11.276019096374512
Epoch 11: loss = 11.21906852722168
Epoch 12: loss = 11.183460235595703
Epoch 13: loss = 11.15587043762207
Epoch 14: loss = 11.13607406616211
Epoch 15: loss = 11.121800422668457
Epoch 16: loss = 11.112336158752441
Epoch 17: loss = 11.10484790802002
Epoch 18: loss = 11.099565505981445
Epoch 19: loss = 11.09508228302002
Epoch 20: loss = 11.09201717376709
Epoch 21: loss = 11.089695930480957
Epoch 22: loss = 11.088212966918945
Epoch 23: loss = 11.087005615234375
Epoch 24: loss = 11.086133003234863
Epoch 25: loss = 11.085410118103027
Epoch 26: loss = 11.084912300109863
Epoch 27: loss = 11.084566116333008
Epoch 28: loss = 11.084291458129883
Epoch 29: loss = 11.08408260345459
Epoch 30: loss = 11.083918571472168
Epoch 31: loss = 11.083785057067871
Epoch 32: loss = 11.083698272705078
Epoch 33: loss = 11.083674430847168
Epoch 34: loss = 11.083613395690918
Epoch 35: loss = 11.083600044250488
Epoch 36: loss = 11.08359432220459
Epoch 37: loss = 11.083563804626465
Epoch 38: loss = 11.0835599899292
Epoch 39: loss = 11.083524703979492
Epoch 40: loss = 11.083500862121582
Epoch 41: loss = 11.083491325378418
Epoch 42: loss = 11.083470344543457
Early stopping at epoch 42 with loss 11.083563804626465
Reconstruction for fluence = 88.58667904100822 photons/pixel
Epoch 0: loss = 161878.453125
Epoch 1: loss = 208.3203887939453
Epoch 2: loss = 70.35116577148438
Epoch 3: loss = 42.22451400756836
Epoch 4: loss = 33.358131408691406
Epoch 5: loss = 29.1795597076416
Epoch 6: loss = 27.2510929107666
Epoch 7: loss = 26.135953903198242
Epoch 8: loss = 25.33681297302246
Epoch 9: loss = 24.81653594970703
Epoch 10: loss = 24.4916934967041
Epoch 11: loss = 24.278181076049805
Epoch 12: loss = 24.1359806060791
Epoch 13: loss = 24.023693084716797
Epoch 14: loss = 23.934640884399414
Epoch 15: loss = 23.87636375427246
Epoch 16: loss = 23.831907272338867
Epoch 17: loss = 23.803585052490234
Epoch 18: loss = 23.78072166442871
Epoch 19: loss = 23.76254653930664
Epoch 20: loss = 23.748857498168945
Epoch 21: loss = 23.738401412963867
Epoch 22: loss = 23.73143196105957
Epoch 23: loss = 23.72584342956543
Epoch 24: loss = 23.72112464904785
Epoch 25: loss = 23.7175235748291
Epoch 26: loss = 23.714740753173828
Epoch 27: loss = 23.713001251220703
Epoch 28: loss = 23.711395263671875
Epoch 29: loss = 23.710205078125
Epoch 30: loss = 23.709157943725586
Epoch 31: loss = 23.708389282226562
Epoch 32: loss = 23.707836151123047
Epoch 33: loss = 23.707489013671875
Epoch 34: loss = 23.70709991455078
Epoch 35: loss = 23.7067813873291
Epoch 36: loss = 23.706539154052734
Epoch 37: loss = 23.706342697143555
Epoch 38: loss = 23.70618438720703
Epoch 39: loss = 23.706119537353516
Epoch 40: loss = 23.706018447875977
Epoch 41: loss = 23.70594596862793
Epoch 42: loss = 23.70594024658203
Epoch 43: loss = 23.705923080444336
Epoch 44: loss = 23.70590591430664
Epoch 45: loss = 23.705896377563477
Epoch 46: loss = 23.705881118774414
Epoch 47: loss = 23.705881118774414
Epoch 48: loss = 23.705787658691406
Epoch 49: loss = 23.70577621459961
Epoch 50: loss = 23.70575714111328
Epoch 51: loss = 23.705705642700195
Epoch 52: loss = 23.70569610595703
Epoch 53: loss = 23.70569610595703
Early stopping at epoch 53 with loss 23.705787658691406
Reconstruction for fluence = 206.9138081114788 photons/pixel
Epoch 0: loss = 882467.625
Epoch 1: loss = 993.1762084960938
Epoch 2: loss = 254.0691680908203
Epoch 3: loss = 124.1004409790039
Epoch 4: loss = 87.87745666503906
Epoch 5: loss = 72.94888305664062
Epoch 6: loss = 65.9867172241211
Epoch 7: loss = 62.154296875
Epoch 8: loss = 59.61369705200195
Epoch 9: loss = 57.87882614135742
Epoch 10: loss = 56.67626953125
Epoch 11: loss = 55.998714447021484
Epoch 12: loss = 55.41582107543945
Epoch 13: loss = 54.99180221557617
Epoch 14: loss = 54.67017364501953
Epoch 15: loss = 54.40653610229492
Epoch 16: loss = 54.22887420654297
Epoch 17: loss = 54.117801666259766
Epoch 18: loss = 54.02412796020508
Epoch 19: loss = 53.93464660644531
Epoch 20: loss = 53.87687301635742
Epoch 21: loss = 53.82841873168945
Epoch 22: loss = 53.793739318847656
Epoch 23: loss = 53.76708221435547
Epoch 24: loss = 53.73805618286133
Epoch 25: loss = 53.71657943725586
Epoch 26: loss = 53.69862747192383
Epoch 27: loss = 53.6850700378418
Epoch 28: loss = 53.6748046875
Epoch 29: loss = 53.66535949707031
Epoch 30: loss = 53.657257080078125
Epoch 31: loss = 53.65083312988281
Epoch 32: loss = 53.64582824707031
Epoch 33: loss = 53.64151382446289
Epoch 34: loss = 53.63768768310547
Epoch 35: loss = 53.63421630859375
Epoch 36: loss = 53.631248474121094
Epoch 37: loss = 53.628883361816406
Epoch 38: loss = 53.62726593017578
Epoch 39: loss = 53.625736236572266
Epoch 40: loss = 53.62454605102539
Epoch 41: loss = 53.62352752685547
Epoch 42: loss = 53.62274932861328
Epoch 43: loss = 53.62220001220703
Epoch 44: loss = 53.62180709838867
Epoch 45: loss = 53.62148666381836
Epoch 46: loss = 53.62099075317383
Epoch 47: loss = 53.62074279785156
Epoch 48: loss = 53.62068557739258
Epoch 49: loss = 53.62065505981445
Epoch 50: loss = 53.62025833129883
Epoch 51: loss = 53.62005615234375
Epoch 52: loss = 53.61980056762695
Epoch 53: loss = 53.61948013305664
Epoch 54: loss = 53.61948013305664
Epoch 55: loss = 53.61941909790039
Epoch 56: loss = 53.61941909790039
Epoch 57: loss = 53.61931228637695
Epoch 58: loss = 53.61909866333008
Epoch 59: loss = 53.61882400512695
Epoch 60: loss = 53.61875534057617
Epoch 61: loss = 53.61875534057617
Epoch 62: loss = 53.61865234375
Epoch 63: loss = 53.61853790283203
Epoch 64: loss = 53.6181640625
Epoch 65: loss = 53.61780548095703
Epoch 66: loss = 53.61769104003906
Epoch 67: loss = 53.61769104003906
Epoch 68: loss = 53.617401123046875
Epoch 69: loss = 53.61720657348633
Epoch 70: loss = 53.61711502075195
Epoch 71: loss = 53.61689376831055
Epoch 72: loss = 53.616886138916016
Epoch 73: loss = 53.6168327331543
Epoch 74: loss = 53.61679458618164
Epoch 75: loss = 53.61679458618164
Epoch 76: loss = 53.61672592163086
Epoch 77: loss = 53.61672592163086
Epoch 78: loss = 53.61660385131836
Epoch 79: loss = 53.61659622192383
Epoch 80: loss = 53.6165771484375
Epoch 81: loss = 53.61652374267578
Epoch 82: loss = 53.61644744873047
Epoch 83: loss = 53.61642837524414
Epoch 84: loss = 53.61641311645508
Epoch 85: loss = 53.616329193115234
Epoch 86: loss = 53.6163215637207
Epoch 87: loss = 53.61630630493164
Epoch 88: loss = 53.61627960205078
Epoch 89: loss = 53.61626052856445
Epoch 90: loss = 53.61626052856445
Early stopping at epoch 90 with loss 53.616329193115234
Reconstruction for fluence = 483.2930238571752 photons/pixel
Epoch 0: loss = 4812655.0
Epoch 1: loss = 4999.5244140625
Epoch 2: loss = 1088.2860107421875
Epoch 3: loss = 448.5074157714844
Epoch 4: loss = 266.80523681640625
Epoch 5: loss = 201.00296020507812
Epoch 6: loss = 171.74154663085938
Epoch 7: loss = 156.47525024414062
Epoch 8: loss = 146.4028778076172
Epoch 9: loss = 140.4078826904297
Epoch 10: loss = 135.88426208496094
Epoch 11: loss = 133.2671661376953
Epoch 12: loss = 131.6408233642578
Epoch 13: loss = 130.2552490234375
Epoch 14: loss = 129.15582275390625
Epoch 15: loss = 128.2919464111328
Epoch 16: loss = 127.64271545410156
Epoch 17: loss = 127.1869888305664
Epoch 18: loss = 126.85011291503906
Epoch 19: loss = 126.51285552978516
Epoch 20: loss = 126.27737426757812
Epoch 21: loss = 126.06370544433594
Epoch 22: loss = 125.92971801757812
Epoch 23: loss = 125.80198669433594
Epoch 24: loss = 125.69778442382812
Epoch 25: loss = 125.61293029785156
Epoch 26: loss = 125.5422134399414
Epoch 27: loss = 125.49263763427734
Epoch 28: loss = 125.44935607910156
Epoch 29: loss = 125.41761779785156
Epoch 30: loss = 125.37989807128906
Epoch 31: loss = 125.35224151611328
Epoch 32: loss = 125.33157348632812
Epoch 33: loss = 125.31495666503906
Epoch 34: loss = 125.30010223388672
Epoch 35: loss = 125.28662109375
Epoch 36: loss = 125.27516174316406
Epoch 37: loss = 125.26619720458984
Epoch 38: loss = 125.25880432128906
Epoch 39: loss = 125.25225067138672
Epoch 40: loss = 125.24842834472656
Epoch 41: loss = 125.24297332763672
Epoch 42: loss = 125.23912048339844
Epoch 43: loss = 125.23709106445312
Epoch 44: loss = 125.2344970703125
Epoch 45: loss = 125.23158264160156
Epoch 46: loss = 125.22930145263672
Epoch 47: loss = 125.22734832763672
Epoch 48: loss = 125.2254638671875
Epoch 49: loss = 125.22504425048828
Epoch 50: loss = 125.22354125976562
Epoch 51: loss = 125.22209930419922
Epoch 52: loss = 125.22122192382812
Epoch 53: loss = 125.21986389160156
Epoch 54: loss = 125.21934509277344
Epoch 55: loss = 125.21934509277344
Epoch 56: loss = 125.21907806396484
Epoch 57: loss = 125.21857452392578
Epoch 58: loss = 125.2184829711914
Epoch 59: loss = 125.21780395507812
Epoch 60: loss = 125.21780395507812
Epoch 61: loss = 125.21780395507812
Epoch 62: loss = 125.21768188476562
Epoch 63: loss = 125.21728515625
Epoch 64: loss = 125.216552734375
Epoch 65: loss = 125.216552734375
Epoch 66: loss = 125.21614837646484
Epoch 67: loss = 125.21592712402344
Epoch 68: loss = 125.21580505371094
Epoch 69: loss = 125.21522521972656
Epoch 70: loss = 125.21522521972656
Epoch 71: loss = 125.21465301513672
Epoch 72: loss = 125.21451568603516
Epoch 73: loss = 125.21451568603516
Epoch 74: loss = 125.21440887451172
Epoch 75: loss = 125.21428680419922
Epoch 76: loss = 125.21395111083984
Epoch 77: loss = 125.2138671875
Epoch 78: loss = 125.21356964111328
Epoch 79: loss = 125.21351623535156
Epoch 80: loss = 125.21294403076172
Epoch 81: loss = 125.21266174316406
Epoch 82: loss = 125.21257781982422
Epoch 83: loss = 125.21245574951172
Epoch 84: loss = 125.21243286132812
Epoch 85: loss = 125.21208953857422
Epoch 86: loss = 125.21182250976562
Epoch 87: loss = 125.2116470336914
Epoch 88: loss = 125.21142578125
Epoch 89: loss = 125.21128845214844
Epoch 90: loss = 125.21104431152344
Epoch 91: loss = 125.21096801757812
Epoch 92: loss = 125.21083068847656
Epoch 93: loss = 125.21083068847656
Epoch 94: loss = 125.2106704711914
Epoch 95: loss = 125.21055603027344
Epoch 96: loss = 125.21046447753906
Epoch 97: loss = 125.21050262451172
Epoch 98: loss = 125.2104263305664
Epoch 99: loss = 125.21023559570312
Epoch 100: loss = 125.20999908447266
Epoch 101: loss = 125.21004486083984
Epoch 102: loss = 125.20967864990234
Epoch 103: loss = 125.20975494384766
Epoch 104: loss = 125.20975494384766
Epoch 105: loss = 125.20966339111328
Epoch 106: loss = 125.20952606201172
Epoch 107: loss = 125.20952606201172
Epoch 108: loss = 125.2094497680664
Epoch 109: loss = 125.20940399169922
Epoch 110: loss = 125.20938873291016
Epoch 111: loss = 125.20915985107422
Epoch 112: loss = 125.20913696289062
Epoch 113: loss = 125.20894622802734
Epoch 114: loss = 125.20887756347656
Epoch 115: loss = 125.20890045166016
Epoch 116: loss = 125.20884704589844
Epoch 117: loss = 125.20879364013672
Epoch 118: loss = 125.20882415771484
Epoch 119: loss = 125.2086181640625
Epoch 120: loss = 125.20856475830078
Epoch 121: loss = 125.20849609375
Epoch 122: loss = 125.20844268798828
Epoch 123: loss = 125.20826721191406
Epoch 124: loss = 125.20807647705078
Epoch 125: loss = 125.20809173583984
Epoch 126: loss = 125.2079849243164
Epoch 127: loss = 125.20795440673828
Epoch 128: loss = 125.20781707763672
Epoch 129: loss = 125.20771026611328
Epoch 130: loss = 125.20760345458984
Epoch 131: loss = 125.20760345458984
Epoch 132: loss = 125.20755004882812
Epoch 133: loss = 125.20732879638672
Epoch 134: loss = 125.20738220214844
Epoch 135: loss = 125.207275390625
Epoch 136: loss = 125.207275390625
Epoch 137: loss = 125.20716857910156
Epoch 138: loss = 125.20713806152344
Epoch 139: loss = 125.20708465576172
Epoch 140: loss = 125.20703125
Epoch 141: loss = 125.20706176757812
Epoch 142: loss = 125.20693969726562
Epoch 143: loss = 125.20687103271484
Epoch 144: loss = 125.20687103271484
Epoch 145: loss = 125.20687103271484
Epoch 146: loss = 125.20692443847656
Epoch 147: loss = 125.20684051513672
Epoch 148: loss = 125.20685577392578
Early stopping at epoch 148 with loss 125.20687103271484
Reconstruction for fluence = 1128.8378916846884 photons/pixel
Epoch 0: loss = 26253498.0
Epoch 1: loss = 26821.802734375
Epoch 2: loss = 6126.55029296875
Epoch 3: loss = 1938.97900390625
Epoch 4: loss = 984.6785278320312
Epoch 5: loss = 634.7041015625
Epoch 6: loss = 498.3640441894531
Epoch 7: loss = 431.5783386230469
Epoch 8: loss = 376.6494445800781
Epoch 9: loss = 347.827880859375
Epoch 10: loss = 327.3268127441406
Epoch 11: loss = 315.258056640625
Epoch 12: loss = 307.5268859863281
Epoch 13: loss = 301.21136474609375
Epoch 14: loss = 296.6741027832031
Epoch 15: loss = 292.8302001953125
Epoch 16: loss = 290.1244812011719
Epoch 17: loss = 288.3800354003906
Epoch 18: loss = 286.83349609375
Epoch 19: loss = 285.6199035644531
Epoch 20: loss = 284.6319885253906
Epoch 21: loss = 283.7983703613281
Epoch 22: loss = 283.2296142578125
Epoch 23: loss = 282.7628173828125
Epoch 24: loss = 282.3268737792969
Epoch 25: loss = 281.9563293457031
Epoch 26: loss = 281.67779541015625
Epoch 27: loss = 281.4543151855469
Epoch 28: loss = 281.2734680175781
Epoch 29: loss = 281.1234436035156
Epoch 30: loss = 280.9794006347656
Epoch 31: loss = 280.8636779785156
Epoch 32: loss = 280.7724914550781
Epoch 33: loss = 280.69293212890625
Epoch 34: loss = 280.62652587890625
Epoch 35: loss = 280.5679931640625
Epoch 36: loss = 280.5218200683594
Epoch 37: loss = 280.4824523925781
Epoch 38: loss = 280.4493713378906
Epoch 39: loss = 280.4192810058594
Epoch 40: loss = 280.3922119140625
Epoch 41: loss = 280.3678283691406
Epoch 42: loss = 280.3484191894531
Epoch 43: loss = 280.3302001953125
Epoch 44: loss = 280.3138732910156
Epoch 45: loss = 280.3000183105469
Epoch 46: loss = 280.2857666015625
Epoch 47: loss = 280.2743225097656
Epoch 48: loss = 280.2637634277344
Epoch 49: loss = 280.25250244140625
Epoch 50: loss = 280.24456787109375
Epoch 51: loss = 280.2411193847656
Epoch 52: loss = 280.2304992675781
Epoch 53: loss = 280.22119140625
Epoch 54: loss = 280.2181701660156
Epoch 55: loss = 280.2083740234375
Epoch 56: loss = 280.20159912109375
Epoch 57: loss = 280.1924743652344
Epoch 58: loss = 280.18365478515625
Epoch 59: loss = 280.1734313964844
Epoch 60: loss = 280.1665344238281
Epoch 61: loss = 280.1593322753906
Epoch 62: loss = 280.1593322753906
Epoch 63: loss = 280.1585998535156
Epoch 64: loss = 280.15252685546875
Epoch 65: loss = 280.1478271484375
Epoch 66: loss = 280.1427001953125
Epoch 67: loss = 280.1392822265625
Epoch 68: loss = 280.13555908203125
Epoch 69: loss = 280.1346130371094
Epoch 70: loss = 280.1310729980469
Epoch 71: loss = 280.1292724609375
Epoch 72: loss = 280.1271667480469
Epoch 73: loss = 280.1263122558594
Epoch 74: loss = 280.12493896484375
Epoch 75: loss = 280.12408447265625
Epoch 76: loss = 280.1241455078125
Epoch 77: loss = 280.1223449707031
Epoch 78: loss = 280.12152099609375
Epoch 79: loss = 280.1207580566406
Epoch 80: loss = 280.12005615234375
Epoch 81: loss = 280.1195068359375
Epoch 82: loss = 280.1190490722656
Epoch 83: loss = 280.11822509765625
Epoch 84: loss = 280.11798095703125
Epoch 85: loss = 280.1176452636719
Epoch 86: loss = 280.11724853515625
Epoch 87: loss = 280.1163330078125
Epoch 88: loss = 280.1160583496094
Epoch 89: loss = 280.11572265625
Epoch 90: loss = 280.11572265625
Epoch 91: loss = 280.1155700683594
Epoch 92: loss = 280.1151428222656
Epoch 93: loss = 280.11529541015625
Epoch 94: loss = 280.1153869628906
Epoch 95: loss = 280.1146240234375
Epoch 96: loss = 280.11474609375
Epoch 97: loss = 280.1146240234375
Epoch 98: loss = 280.1141662597656
Epoch 99: loss = 280.11419677734375
Epoch 100: loss = 280.11395263671875
Epoch 101: loss = 280.1136474609375
Epoch 102: loss = 280.1135559082031
Epoch 103: loss = 280.1131896972656
Epoch 104: loss = 280.11346435546875
Epoch 105: loss = 280.1131896972656
Epoch 106: loss = 280.1127624511719
Epoch 107: loss = 280.1129455566406
Epoch 108: loss = 280.1125183105469
Epoch 109: loss = 280.11248779296875
Epoch 110: loss = 280.1123046875
Epoch 111: loss = 280.11187744140625
Epoch 112: loss = 280.1121520996094
Epoch 113: loss = 280.1121520996094
Epoch 114: loss = 280.11175537109375
Epoch 115: loss = 280.1114807128906
Epoch 116: loss = 280.1112365722656
Epoch 117: loss = 280.11053466796875
Epoch 118: loss = 280.1105041503906
Epoch 119: loss = 280.1095275878906
Epoch 120: loss = 280.1087646484375
Epoch 121: loss = 280.1075744628906
Epoch 122: loss = 280.1065979003906
Epoch 123: loss = 280.1048278808594
Epoch 124: loss = 280.1023254394531
Epoch 125: loss = 280.1009826660156
Epoch 126: loss = 280.09906005859375
Epoch 127: loss = 280.0963439941406
Epoch 128: loss = 280.09381103515625
Epoch 129: loss = 280.09075927734375
Epoch 130: loss = 280.0877990722656
Epoch 131: loss = 280.08746337890625
Epoch 132: loss = 280.08599853515625
Epoch 133: loss = 280.0851135253906
Epoch 134: loss = 280.0835876464844
Epoch 135: loss = 280.08160400390625
Epoch 136: loss = 280.08056640625
Epoch 137: loss = 280.0799865722656
Epoch 138: loss = 280.078857421875
Epoch 139: loss = 280.07763671875
Epoch 140: loss = 280.07666015625
Epoch 141: loss = 280.0754089355469
Epoch 142: loss = 280.07513427734375
Epoch 143: loss = 280.073974609375
Epoch 144: loss = 280.07379150390625
Epoch 145: loss = 280.0734558105469
Epoch 146: loss = 280.0734558105469
Epoch 147: loss = 280.07318115234375
Epoch 148: loss = 280.0729064941406
Epoch 149: loss = 280.0729064941406
Epoch 150: loss = 280.0729675292969
Epoch 151: loss = 280.0727844238281
Epoch 152: loss = 280.0724182128906
Epoch 153: loss = 280.0726013183594
Epoch 154: loss = 280.0721130371094
Epoch 155: loss = 280.0721130371094
Epoch 156: loss = 280.0718688964844
Epoch 157: loss = 280.07183837890625
Epoch 158: loss = 280.07177734375
Epoch 159: loss = 280.0716247558594
Epoch 160: loss = 280.0713195800781
Epoch 161: loss = 280.0713195800781
Epoch 162: loss = 280.0711669921875
Epoch 163: loss = 280.07110595703125
Epoch 164: loss = 280.0711669921875
Epoch 165: loss = 280.0712890625
Epoch 166: loss = 280.07098388671875
Epoch 167: loss = 280.0707092285156
Epoch 168: loss = 280.0704650878906
Epoch 169: loss = 280.0702209472656
Epoch 170: loss = 280.0699768066406
Epoch 171: loss = 280.07037353515625
Epoch 172: loss = 280.0700988769531
Epoch 173: loss = 280.06982421875
Epoch 174: loss = 280.0697021484375
Epoch 175: loss = 280.0700988769531
Epoch 176: loss = 280.06988525390625
Epoch 177: loss = 280.0694274902344
Epoch 178: loss = 280.0694580078125
Epoch 179: loss = 280.0690612792969
Epoch 180: loss = 280.0692443847656
Epoch 181: loss = 280.06878662109375
Epoch 182: loss = 280.06878662109375
Epoch 183: loss = 280.06878662109375
Epoch 184: loss = 280.0689697265625
Epoch 185: loss = 280.0686340332031
Epoch 186: loss = 280.0686340332031
Epoch 187: loss = 280.0683288574219
Epoch 188: loss = 280.0682067871094
Epoch 189: loss = 280.0681457519531
Epoch 190: loss = 280.0682067871094
Epoch 191: loss = 280.068115234375
Epoch 192: loss = 280.0675048828125
Epoch 193: loss = 280.06787109375
Epoch 194: loss = 280.0682067871094
Epoch 195: loss = 280.0679931640625
Epoch 196: loss = 280.06793212890625
Epoch 197: loss = 280.0677185058594
Early stopping at epoch 197 with loss 280.0675048828125
Reconstruction for fluence = 2636.6508987303555 photons/pixel
Epoch 0: loss = 143250000.0
Epoch 1: loss = 143018.75
Epoch 2: loss = 30904.75
Epoch 3: loss = 9077.1181640625
Epoch 4: loss = 4061.88720703125
Epoch 5: loss = 2373.634521484375
Epoch 6: loss = 1681.343994140625
Epoch 7: loss = 1297.573974609375
Epoch 8: loss = 1074.1202392578125
Epoch 9: loss = 937.0679321289062
Epoch 10: loss = 851.1939086914062
Epoch 11: loss = 798.7561645507812
Epoch 12: loss = 762.3463745117188
Epoch 13: loss = 736.2608032226562
Epoch 14: loss = 716.3645629882812
Epoch 15: loss = 701.6098022460938
Epoch 16: loss = 690.43212890625
Epoch 17: loss = 683.4879150390625
Epoch 18: loss = 677.5673828125
Epoch 19: loss = 672.3085327148438
Epoch 20: loss = 668.6460571289062
Epoch 21: loss = 665.5361328125
Epoch 22: loss = 663.5553588867188
Epoch 23: loss = 661.7122192382812
Epoch 24: loss = 660.2698364257812
Epoch 25: loss = 658.9545288085938
Epoch 26: loss = 657.8746948242188
Epoch 27: loss = 657.0761108398438
Epoch 28: loss = 656.3718872070312
Epoch 29: loss = 655.799560546875
Epoch 30: loss = 655.273681640625
Epoch 31: loss = 654.9026489257812
Epoch 32: loss = 654.557861328125
Epoch 33: loss = 654.287353515625
Epoch 34: loss = 654.0528564453125
Epoch 35: loss = 653.8504028320312
Epoch 36: loss = 653.6760864257812
Epoch 37: loss = 653.5504760742188
Epoch 38: loss = 653.4290161132812
Epoch 39: loss = 653.3250122070312
Epoch 40: loss = 653.2367553710938
Epoch 41: loss = 653.1563110351562
Epoch 42: loss = 653.091796875
Epoch 43: loss = 653.0403442382812
Epoch 44: loss = 652.9942626953125
Epoch 45: loss = 652.9532470703125
Epoch 46: loss = 652.9295043945312
Epoch 47: loss = 652.8959350585938
Epoch 48: loss = 652.8816528320312
Epoch 49: loss = 652.858642578125
Epoch 50: loss = 652.836181640625
Epoch 51: loss = 652.8143310546875
Epoch 52: loss = 652.796142578125
Epoch 53: loss = 652.7816772460938
Epoch 54: loss = 652.7816772460938
Epoch 55: loss = 652.7692260742188
Epoch 56: loss = 652.7633666992188
Epoch 57: loss = 652.7567138671875
Epoch 58: loss = 652.7484741210938
Epoch 59: loss = 652.7473754882812
Epoch 60: loss = 652.7412719726562
Epoch 61: loss = 652.7347412109375
Epoch 62: loss = 652.7291870117188
Epoch 63: loss = 652.72265625
Epoch 64: loss = 652.7185668945312
Epoch 65: loss = 652.7156372070312
Epoch 66: loss = 652.7129516601562
Epoch 67: loss = 652.7073364257812
Epoch 68: loss = 652.7071533203125
Epoch 69: loss = 652.7042846679688
Epoch 70: loss = 652.7017822265625
Epoch 71: loss = 652.7007446289062
Epoch 72: loss = 652.6981201171875
Epoch 73: loss = 652.69775390625
Epoch 74: loss = 652.6947021484375
Epoch 75: loss = 652.694580078125
Epoch 76: loss = 652.6946411132812
Epoch 77: loss = 652.6936645507812
Epoch 78: loss = 652.693359375
Epoch 79: loss = 652.6922607421875
Epoch 80: loss = 652.6922607421875
Epoch 81: loss = 652.6917114257812
Epoch 82: loss = 652.6912231445312
Epoch 83: loss = 652.6912231445312
Epoch 84: loss = 652.6901245117188
Epoch 85: loss = 652.6893310546875
Epoch 86: loss = 652.690185546875
Epoch 87: loss = 652.6897583007812
Epoch 88: loss = 652.690185546875
Epoch 89: loss = 652.6889038085938
Epoch 90: loss = 652.6893310546875
Epoch 91: loss = 652.6892700195312
Epoch 92: loss = 652.6881713867188
Epoch 93: loss = 652.6875610351562
Epoch 94: loss = 652.687744140625
Epoch 95: loss = 652.6865234375
Epoch 96: loss = 652.6874389648438
Epoch 97: loss = 652.6874389648438
Epoch 98: loss = 652.6876831054688
Epoch 99: loss = 652.6864013671875
Epoch 100: loss = 652.6853637695312
Epoch 101: loss = 652.6866455078125
Epoch 102: loss = 652.6864013671875
Epoch 103: loss = 652.6885986328125
Epoch 104: loss = 652.6865234375
Epoch 105: loss = 652.6853637695312
Early stopping at epoch 105 with loss 652.6853637695312
Reconstruction for fluence = 6158.482110660255 photons/pixel
Epoch 0: loss = 781615232.0
Epoch 1: loss = 776730.8125
Epoch 2: loss = 165646.03125
Epoch 3: loss = 46946.5625
Epoch 4: loss = 19845.291015625
Epoch 5: loss = 10221.0400390625
Epoch 6: loss = 6586.4775390625
Epoch 7: loss = 4902.7275390625
Epoch 8: loss = 3576.325439453125
Epoch 9: loss = 2862.77392578125
Epoch 10: loss = 2397.036376953125
Epoch 11: loss = 2136.37744140625
Epoch 12: loss = 1976.482666015625
Epoch 13: loss = 1845.81689453125
Epoch 14: loss = 1746.8663330078125
Epoch 15: loss = 1672.186279296875
Epoch 16: loss = 1616.775634765625
Epoch 17: loss = 1578.673828125
Epoch 18: loss = 1549.56640625
Epoch 19: loss = 1526.0413818359375
Epoch 20: loss = 1507.5257568359375
Epoch 21: loss = 1492.513671875
Epoch 22: loss = 1482.9993896484375
Epoch 23: loss = 1474.6654052734375
Epoch 24: loss = 1467.140625
Epoch 25: loss = 1461.0028076171875
Epoch 26: loss = 1455.9622802734375
Epoch 27: loss = 1452.281494140625
Epoch 28: loss = 1449.462158203125
Epoch 29: loss = 1446.6922607421875
Epoch 30: loss = 1444.4752197265625
Epoch 31: loss = 1442.526611328125
Epoch 32: loss = 1441.1715087890625
Epoch 33: loss = 1440.123291015625
Epoch 34: loss = 1439.1470947265625
Epoch 35: loss = 1438.20947265625
Epoch 36: loss = 1437.4818115234375
Epoch 37: loss = 1436.87646484375
Epoch 38: loss = 1436.4571533203125
Epoch 39: loss = 1436.0223388671875
Epoch 40: loss = 1435.6505126953125
Epoch 41: loss = 1435.3350830078125
Epoch 42: loss = 1435.06298828125
Epoch 43: loss = 1434.853271484375
Epoch 44: loss = 1434.8255615234375
Epoch 45: loss = 1434.6240234375
Epoch 46: loss = 1434.4547119140625
Epoch 47: loss = 1434.317138671875
Epoch 48: loss = 1434.2734375
Epoch 49: loss = 1434.1624755859375
Epoch 50: loss = 1434.0614013671875
Epoch 51: loss = 1433.973388671875
Epoch 52: loss = 1433.891357421875
Epoch 53: loss = 1433.8253173828125
Epoch 54: loss = 1433.758056640625
Epoch 55: loss = 1433.709228515625
Epoch 56: loss = 1433.6597900390625
Epoch 57: loss = 1433.6202392578125
Epoch 58: loss = 1433.6021728515625
Epoch 59: loss = 1433.5687255859375
Epoch 60: loss = 1433.5660400390625
Epoch 61: loss = 1433.55908203125
Epoch 62: loss = 1433.5556640625
Epoch 63: loss = 1433.52978515625
Epoch 64: loss = 1433.5269775390625
Epoch 65: loss = 1433.504150390625
Epoch 66: loss = 1433.4893798828125
Epoch 67: loss = 1433.4739990234375
Epoch 68: loss = 1433.464599609375
Epoch 69: loss = 1433.4493408203125
Epoch 70: loss = 1433.442138671875
Epoch 71: loss = 1433.4420166015625
Epoch 72: loss = 1433.433349609375
Epoch 73: loss = 1433.426513671875
Epoch 74: loss = 1433.416748046875
Epoch 75: loss = 1433.412353515625
Epoch 76: loss = 1433.4063720703125
Epoch 77: loss = 1433.40625
Epoch 78: loss = 1433.3975830078125
Epoch 79: loss = 1433.3956298828125
Epoch 80: loss = 1433.3944091796875
Epoch 81: loss = 1433.3936767578125
Epoch 82: loss = 1433.390380859375
Epoch 83: loss = 1433.3878173828125
Epoch 84: loss = 1433.390380859375
Epoch 85: loss = 1433.3819580078125
Epoch 86: loss = 1433.3834228515625
Epoch 87: loss = 1433.379638671875
Epoch 88: loss = 1433.378662109375
Epoch 89: loss = 1433.3822021484375
Epoch 90: loss = 1433.3780517578125
Epoch 91: loss = 1433.377197265625
Epoch 92: loss = 1433.377685546875
Epoch 93: loss = 1433.3763427734375
Epoch 94: loss = 1433.375
Epoch 95: loss = 1433.37255859375
Epoch 96: loss = 1433.3756103515625
Epoch 97: loss = 1433.3746337890625
Epoch 98: loss = 1433.3746337890625
Epoch 99: loss = 1433.3731689453125
Epoch 100: loss = 1433.377197265625
Early stopping at epoch 100 with loss 1433.37255859375
Reconstruction for fluence = 14384.498882876629 photons/pixel
Epoch 0: loss = 4263238912.0
Epoch 1: loss = 4213356.0
Epoch 2: loss = 897091.125
Epoch 3: loss = 248915.328125
Epoch 4: loss = 100575.96875
Epoch 5: loss = 50576.11328125
Epoch 6: loss = 34240.3671875
Epoch 7: loss = 21144.78515625
Epoch 8: loss = 14651.0595703125
Epoch 9: loss = 10895.6083984375
Epoch 10: loss = 8571.5205078125
Epoch 11: loss = 7094.24365234375
Epoch 12: loss = 6163.93798828125
Epoch 13: loss = 5484.41162109375
Epoch 14: loss = 5020.59619140625
Epoch 15: loss = 4669.62744140625
Epoch 16: loss = 4404.99755859375
Epoch 17: loss = 4238.22998046875
Epoch 18: loss = 4082.333251953125
Epoch 19: loss = 3966.2041015625
Epoch 20: loss = 3872.6494140625
Epoch 21: loss = 3794.877197265625
Epoch 22: loss = 3744.173583984375
Epoch 23: loss = 3700.536376953125
Epoch 24: loss = 3665.2001953125
Epoch 25: loss = 3636.161865234375
Epoch 26: loss = 3613.346923828125
Epoch 27: loss = 3596.75732421875
Epoch 28: loss = 3583.276611328125
Epoch 29: loss = 3570.878662109375
Epoch 30: loss = 3560.1826171875
Epoch 31: loss = 3550.714599609375
Epoch 32: loss = 3543.430908203125
Epoch 33: loss = 3537.763916015625
Epoch 34: loss = 3532.48828125
Epoch 35: loss = 3528.053466796875
Epoch 36: loss = 3524.39404296875
Epoch 37: loss = 3521.412841796875
Epoch 38: loss = 3518.872802734375
Epoch 39: loss = 3516.8720703125
Epoch 40: loss = 3515.073974609375
Epoch 41: loss = 3513.31689453125
Epoch 42: loss = 3511.969970703125
Epoch 43: loss = 3510.967041015625
Epoch 44: loss = 3510.09765625
Epoch 45: loss = 3509.30029296875
Epoch 46: loss = 3508.552001953125
Epoch 47: loss = 3507.953125
Epoch 48: loss = 3507.4677734375
Epoch 49: loss = 3507.0380859375
Epoch 50: loss = 3506.696044921875
Epoch 51: loss = 3506.3486328125
Epoch 52: loss = 3506.049072265625
Epoch 53: loss = 3505.8291015625
Epoch 54: loss = 3505.63525390625
Epoch 55: loss = 3505.454345703125
Epoch 56: loss = 3505.446533203125
Epoch 57: loss = 3505.287841796875
Epoch 58: loss = 3505.16162109375
Epoch 59: loss = 3505.0888671875
Epoch 60: loss = 3504.979736328125
Epoch 61: loss = 3504.97216796875
Epoch 62: loss = 3504.905029296875
Epoch 63: loss = 3504.83984375
Epoch 64: loss = 3504.773681640625
Epoch 65: loss = 3504.71142578125
Epoch 66: loss = 3504.69873046875
Epoch 67: loss = 3504.652099609375
Epoch 68: loss = 3504.62158203125
Epoch 69: loss = 3504.62158203125
Epoch 70: loss = 3504.591064453125
Epoch 71: loss = 3504.579345703125
Epoch 72: loss = 3504.578857421875
Epoch 73: loss = 3504.54833984375
Epoch 74: loss = 3504.53955078125
Epoch 75: loss = 3504.51806640625
Epoch 76: loss = 3504.500732421875
Epoch 77: loss = 3504.501220703125
Epoch 78: loss = 3504.490966796875
Epoch 79: loss = 3504.482666015625
Epoch 80: loss = 3504.477783203125
Epoch 81: loss = 3504.45263671875
Epoch 82: loss = 3504.478759765625
Epoch 83: loss = 3504.4619140625
Epoch 84: loss = 3504.46533203125
Epoch 85: loss = 3504.459228515625
Epoch 86: loss = 3504.448486328125
Epoch 87: loss = 3504.43603515625
Epoch 88: loss = 3504.43798828125
Epoch 89: loss = 3504.448486328125
Epoch 90: loss = 3504.446044921875
Epoch 91: loss = 3504.448486328125
Epoch 92: loss = 3504.439697265625
Early stopping at epoch 92 with loss 3504.43603515625
Reconstruction for fluence = 33598.18286283781 photons/pixel
Epoch 0: loss = 23260424192.0
Epoch 1: loss = 22991882.0
Epoch 2: loss = 4849169.5
Epoch 3: loss = 1329847.125
Epoch 4: loss = 528749.625
Epoch 5: loss = 260016.453125
Epoch 6: loss = 169401.546875
Epoch 7: loss = 101159.703125
Epoch 8: loss = 65621.7578125
Epoch 9: loss = 44864.26171875
Epoch 10: loss = 32684.017578125
Epoch 11: loss = 25547.3515625
Epoch 12: loss = 21170.576171875
Epoch 13: loss = 17853.37109375
Epoch 14: loss = 15361.232421875
Epoch 15: loss = 13511.8662109375
Epoch 16: loss = 12129.765625
Epoch 17: loss = 11309.34375
Epoch 18: loss = 10518.7861328125
Epoch 19: loss = 9912.7470703125
Epoch 20: loss = 9479.634765625
Epoch 21: loss = 9088.2744140625
Epoch 22: loss = 8847.0908203125
Epoch 23: loss = 8651.6064453125
Epoch 24: loss = 8495.970703125
Epoch 25: loss = 8364.1962890625
Epoch 26: loss = 8243.07421875
Epoch 27: loss = 8160.76025390625
Epoch 28: loss = 8091.10791015625
Epoch 29: loss = 8038.421875
Epoch 30: loss = 7983.83154296875
Epoch 31: loss = 7942.9912109375
Epoch 32: loss = 7913.18212890625
Epoch 33: loss = 7887.80712890625
Epoch 34: loss = 7866.72119140625
Epoch 35: loss = 7846.29345703125
Epoch 36: loss = 7828.3349609375
Epoch 37: loss = 7815.26318359375
Epoch 38: loss = 7805.18603515625
Epoch 39: loss = 7795.14599609375
Epoch 40: loss = 7786.9912109375
Epoch 41: loss = 7779.55224609375
Epoch 42: loss = 7773.423828125
Epoch 43: loss = 7768.51416015625
Epoch 44: loss = 7764.24560546875
Epoch 45: loss = 7760.658203125
Epoch 46: loss = 7757.390625
Epoch 47: loss = 7754.7412109375
Epoch 48: loss = 7752.6328125
Epoch 49: loss = 7750.82275390625
Epoch 50: loss = 7749.0458984375
Epoch 51: loss = 7747.431640625
Epoch 52: loss = 7746.17041015625
Epoch 53: loss = 7745.1103515625
Epoch 54: loss = 7744.33154296875
Epoch 55: loss = 7743.5166015625
Epoch 56: loss = 7742.79345703125
Epoch 57: loss = 7742.1005859375
Epoch 58: loss = 7741.6025390625
Epoch 59: loss = 7741.18310546875
Epoch 60: loss = 7740.90478515625
Epoch 61: loss = 7740.5087890625
Epoch 62: loss = 7740.19384765625
Epoch 63: loss = 7739.96337890625
Epoch 64: loss = 7739.74462890625
Epoch 65: loss = 7739.55029296875
Epoch 66: loss = 7739.38134765625
Epoch 67: loss = 7739.21435546875
Epoch 68: loss = 7739.12255859375
Epoch 69: loss = 7738.9990234375
Epoch 70: loss = 7738.93505859375
Epoch 71: loss = 7738.84130859375
Epoch 72: loss = 7738.68212890625
Epoch 73: loss = 7738.671875
Epoch 74: loss = 7738.6572265625
Epoch 75: loss = 7738.52978515625
Epoch 76: loss = 7738.53662109375
Epoch 77: loss = 7738.51904296875
Epoch 78: loss = 7738.48095703125
Epoch 79: loss = 7738.4619140625
Epoch 80: loss = 7738.421875
Epoch 81: loss = 7738.43212890625
Epoch 82: loss = 7738.40185546875
Epoch 83: loss = 7738.36279296875
Epoch 84: loss = 7738.36962890625
Epoch 85: loss = 7738.376953125
Epoch 86: loss = 7738.35693359375
Epoch 87: loss = 7738.32470703125
Epoch 88: loss = 7738.33447265625
Epoch 89: loss = 7738.30908203125
Epoch 90: loss = 7738.306640625
Epoch 91: loss = 7738.3525390625
Epoch 92: loss = 7738.3525390625
Epoch 93: loss = 7738.34375
Epoch 94: loss = 7738.298828125
Epoch 95: loss = 7738.296875
Epoch 96: loss = 7738.314453125
Epoch 97: loss = 7738.28125
Epoch 98: loss = 7738.33349609375
Epoch 99: loss = 7738.30224609375
Epoch 100: loss = 7738.2587890625
Epoch 101: loss = 7738.29150390625
Epoch 102: loss = 7738.30224609375
Epoch 103: loss = 7738.27978515625
Epoch 104: loss = 7738.34619140625
Epoch 105: loss = 7738.265625
Early stopping at epoch 105 with loss 7738.2587890625
Reconstruction for fluence = 78475.99703514607 photons/pixel
Epoch 0: loss = 126902640640.0
Epoch 1: loss = 125403080.0
Epoch 2: loss = 26920230.0
Epoch 3: loss = 7289426.5
Epoch 4: loss = 2861571.25
Epoch 5: loss = 1375228.125
Epoch 6: loss = 873736.25
Epoch 7: loss = 530992.9375
Epoch 8: loss = 344429.96875
Epoch 9: loss = 230041.671875
Epoch 10: loss = 158382.3125
Epoch 11: loss = 119591.4140625
Epoch 12: loss = 94118.9296875
Epoch 13: loss = 73489.6640625
Epoch 14: loss = 60204.14453125
Epoch 15: loss = 50341.01171875
Epoch 16: loss = 43026.1328125
Epoch 17: loss = 38408.58984375
Epoch 18: loss = 34406.02734375
Epoch 19: loss = 31239.375
Epoch 20: loss = 28723.201171875
Epoch 21: loss = 26621.087890625
Epoch 22: loss = 25333.931640625
Epoch 23: loss = 24251.53515625
Epoch 24: loss = 23353.736328125
Epoch 25: loss = 22580.263671875
Epoch 26: loss = 21916.951171875
Epoch 27: loss = 21470.474609375
Epoch 28: loss = 21113.81640625
Epoch 29: loss = 20781.65234375
Epoch 30: loss = 20507.458984375
Epoch 31: loss = 20288.541015625
Epoch 32: loss = 20129.806640625
Epoch 33: loss = 19990.46875
Epoch 34: loss = 19874.96484375
Epoch 35: loss = 19779.8671875
Epoch 36: loss = 19694.990234375
Epoch 37: loss = 19623.19921875
Epoch 38: loss = 19577.56640625
Epoch 39: loss = 19530.427734375
Epoch 40: loss = 19487.400390625
Epoch 41: loss = 19450.642578125
Epoch 42: loss = 19417.552734375
Epoch 43: loss = 19395.4765625
Epoch 44: loss = 19374.064453125
Epoch 45: loss = 19353.916015625
Epoch 46: loss = 19337.345703125
Epoch 47: loss = 19323.42578125
Epoch 48: loss = 19312.55859375
Epoch 49: loss = 19302.958984375
Epoch 50: loss = 19293.896484375
Epoch 51: loss = 19286.412109375
Epoch 52: loss = 19279.736328125
Epoch 53: loss = 19274.552734375
Epoch 54: loss = 19270.013671875
Epoch 55: loss = 19266.111328125
Epoch 56: loss = 19262.62890625
Epoch 57: loss = 19259.244140625
Epoch 58: loss = 19256.9921875
Epoch 59: loss = 19254.91015625
Epoch 60: loss = 19252.919921875
Epoch 61: loss = 19251.41015625
Epoch 62: loss = 19249.71875
Epoch 63: loss = 19248.4453125
Epoch 64: loss = 19247.75
Epoch 65: loss = 19246.724609375
Epoch 66: loss = 19245.837890625
Epoch 67: loss = 19245.220703125
Epoch 68: loss = 19244.650390625
Epoch 69: loss = 19243.982421875
Epoch 70: loss = 19243.673828125
Epoch 71: loss = 19243.1875
Epoch 72: loss = 19242.873046875
Epoch 73: loss = 19242.708984375
Epoch 74: loss = 19242.4453125
Epoch 75: loss = 19242.177734375
Epoch 76: loss = 19242.044921875
Epoch 77: loss = 19241.791015625
Epoch 78: loss = 19241.798828125
Epoch 79: loss = 19241.6015625
Epoch 80: loss = 19241.470703125
Epoch 81: loss = 19241.138671875
Epoch 82: loss = 19241.140625
Epoch 83: loss = 19241.1875
Epoch 84: loss = 19241.212890625
Epoch 85: loss = 19240.994140625
Epoch 86: loss = 19240.80859375
Epoch 87: loss = 19240.740234375
Epoch 88: loss = 19240.97265625
Epoch 89: loss = 19240.841796875
Epoch 90: loss = 19240.8125
Epoch 91: loss = 19240.87109375
Epoch 92: loss = 19240.74609375
Early stopping at epoch 92 with loss 19240.740234375
Reconstruction for fluence = 183298.07108324335 photons/pixel
Epoch 0: loss = 692333969408.0
Epoch 1: loss = 684094912.0
Epoch 2: loss = 145771152.0
Epoch 3: loss = 39837448.0
Epoch 4: loss = 16005671.0
Epoch 5: loss = 7548282.5
Epoch 6: loss = 4753943.0
Epoch 7: loss = 2793460.25
Epoch 8: loss = 1792315.375
Epoch 9: loss = 1318409.625
Epoch 10: loss = 806020.6875
Epoch 11: loss = 629701.5625
Epoch 12: loss = 452345.4375
Epoch 13: loss = 347571.15625
Epoch 14: loss = 275116.0625
Epoch 15: loss = 219456.953125
Epoch 16: loss = 179930.0625
Epoch 17: loss = 154303.484375
Epoch 18: loss = 132347.421875
Epoch 19: loss = 112696.4453125
Epoch 20: loss = 98714.53125
Epoch 21: loss = 87226.140625
Epoch 22: loss = 79447.1015625
Epoch 23: loss = 73129.0546875
Epoch 24: loss = 68050.40625
Epoch 25: loss = 63756.8671875
Epoch 26: loss = 60263.4453125
Epoch 27: loss = 57786.86328125
Epoch 28: loss = 55701.04296875
Epoch 29: loss = 53852.05078125
Epoch 30: loss = 52237.30078125
Epoch 31: loss = 51024.4296875
Epoch 32: loss = 50111.6328125
Epoch 33: loss = 49424.48828125
Epoch 34: loss = 48808.8046875
Epoch 35: loss = 48270.2109375
Epoch 36: loss = 47779.8125
Epoch 37: loss = 47371.30078125
Epoch 38: loss = 47080.3984375
Epoch 39: loss = 46797.80078125
Epoch 40: loss = 46545.06640625
Epoch 41: loss = 46337.44921875
Epoch 42: loss = 46159.5625
Epoch 43: loss = 46012.984375
Epoch 44: loss = 45901.60546875
Epoch 45: loss = 45795.4140625
Epoch 46: loss = 45700.546875
Epoch 47: loss = 45628.5078125
Epoch 48: loss = 45567.33203125
Epoch 49: loss = 45515.82421875
Epoch 50: loss = 45466.34765625
Epoch 51: loss = 45423.66796875
Epoch 52: loss = 45387.9921875
Epoch 53: loss = 45359.89453125
Epoch 54: loss = 45332.51953125
Epoch 55: loss = 45311.70703125
Epoch 56: loss = 45292.34765625
Epoch 57: loss = 45273.95703125
Epoch 58: loss = 45261.4453125
Epoch 59: loss = 45249.421875
Epoch 60: loss = 45238.25
Epoch 61: loss = 45229.015625
Epoch 62: loss = 45218.7734375
Epoch 63: loss = 45212.1484375
Epoch 64: loss = 45206.5078125
Epoch 65: loss = 45199.77734375
Epoch 66: loss = 45194.6640625
Epoch 67: loss = 45190.515625
Epoch 68: loss = 45186.73046875
Epoch 69: loss = 45181.9921875
Epoch 70: loss = 45179.66796875
Epoch 71: loss = 45177.80859375
Epoch 72: loss = 45174.5546875
Epoch 73: loss = 45172.23828125
Epoch 74: loss = 45170.20703125
Epoch 75: loss = 45168.625
Epoch 76: loss = 45167.55078125
Epoch 77: loss = 45166.4296875
Epoch 78: loss = 45164.67578125
Epoch 79: loss = 45163.71875
Epoch 80: loss = 45162.84765625
Epoch 81: loss = 45161.59765625
Epoch 82: loss = 45160.76953125
Epoch 83: loss = 45160.0
Epoch 84: loss = 45159.10546875
Epoch 85: loss = 45158.76953125
Epoch 86: loss = 45159.0546875
Epoch 87: loss = 45158.3828125
Epoch 88: loss = 45157.17578125
Epoch 89: loss = 45157.0078125
Epoch 90: loss = 45157.34375
Epoch 91: loss = 45156.35546875
Epoch 92: loss = 45156.23828125
Epoch 93: loss = 45156.0390625
Epoch 94: loss = 45156.6875
Epoch 95: loss = 45155.390625
Epoch 96: loss = 45155.78515625
Epoch 97: loss = 45154.3671875
Epoch 98: loss = 45154.69140625
Epoch 99: loss = 45153.97265625
Epoch 100: loss = 45154.953125
Epoch 101: loss = 45153.9375
Epoch 102: loss = 45154.328125
Epoch 103: loss = 45153.99609375
Epoch 104: loss = 45154.03125
Epoch 105: loss = 45154.05078125
Epoch 106: loss = 45153.984375
Early stopping at epoch 106 with loss 45153.9375
Reconstruction for fluence = 428133.2398719387 photons/pixel
Epoch 0: loss = 3777104183296.0
Epoch 1: loss = 3730742784.0
Epoch 2: loss = 788583296.0
Epoch 3: loss = 215514336.0
Epoch 4: loss = 85352048.0
Epoch 5: loss = 41720652.0
Epoch 6: loss = 24121152.0
Epoch 7: loss = 14811941.0
Epoch 8: loss = 9444137.0
Epoch 9: loss = 6058961.5
Epoch 10: loss = 4085321.0
Epoch 11: loss = 2940804.75
Epoch 12: loss = 2157103.5
Epoch 13: loss = 1613365.125
Epoch 14: loss = 1220125.0
Epoch 15: loss = 957432.6875
Epoch 16: loss = 751189.125
Epoch 17: loss = 615156.6875
Epoch 18: loss = 505887.78125
Epoch 19: loss = 421179.65625
Epoch 20: loss = 356332.53125
Epoch 21: loss = 304250.96875
Epoch 22: loss = 272482.25
Epoch 23: loss = 240874.71875
Epoch 24: loss = 216566.375
Epoch 25: loss = 193832.25
Epoch 26: loss = 177289.234375
Epoch 27: loss = 165020.625
Epoch 28: loss = 153951.0625
Epoch 29: loss = 145166.671875
Epoch 30: loss = 137478.609375
Epoch 31: loss = 131607.703125
Epoch 32: loss = 127642.6796875
Epoch 33: loss = 123873.0859375
Epoch 34: loss = 120993.6640625
Epoch 35: loss = 118487.140625
Epoch 36: loss = 116274.3984375
Epoch 37: loss = 114578.9140625
Epoch 38: loss = 113249.359375
Epoch 39: loss = 111930.484375
Epoch 40: loss = 110772.0
Epoch 41: loss = 109811.1640625
Epoch 42: loss = 108988.3515625
Epoch 43: loss = 108347.1640625
Epoch 44: loss = 107743.4765625
Epoch 45: loss = 107219.09375
Epoch 46: loss = 106795.4765625
Epoch 47: loss = 106438.4765625
Epoch 48: loss = 106155.8046875
Epoch 49: loss = 105888.7109375
Epoch 50: loss = 105661.578125
Epoch 51: loss = 105464.671875
Epoch 52: loss = 105291.0234375
Epoch 53: loss = 105162.3046875
Epoch 54: loss = 105035.0703125
Epoch 55: loss = 104924.109375
Epoch 56: loss = 104823.9296875
Epoch 57: loss = 104739.09375
Epoch 58: loss = 104677.453125
Epoch 59: loss = 104651.4140625
Epoch 60: loss = 104592.578125
Epoch 61: loss = 104539.59375
Epoch 62: loss = 104498.4453125
Epoch 63: loss = 104458.78125
Epoch 64: loss = 104428.90625
Epoch 65: loss = 104399.2734375
Epoch 66: loss = 104375.265625
Epoch 67: loss = 104351.265625
Epoch 68: loss = 104329.1640625
Epoch 69: loss = 104313.859375
Epoch 70: loss = 104301.7890625
Epoch 71: loss = 104287.890625
Epoch 72: loss = 104274.0546875
Epoch 73: loss = 104264.484375
Epoch 74: loss = 104256.4609375
Epoch 75: loss = 104247.9296875
Epoch 76: loss = 104241.5
Epoch 77: loss = 104232.6015625
Epoch 78: loss = 104227.9296875
Epoch 79: loss = 104220.53125
Epoch 80: loss = 104215.6328125
Epoch 81: loss = 104210.4296875
Epoch 82: loss = 104209.9140625
Epoch 83: loss = 104205.3515625
Epoch 84: loss = 104202.75
Epoch 85: loss = 104199.296875
Epoch 86: loss = 104195.7578125
Epoch 87: loss = 104194.7109375
Epoch 88: loss = 104193.140625
Epoch 89: loss = 104191.0078125
Epoch 90: loss = 104187.984375
Epoch 91: loss = 104187.71875
Epoch 92: loss = 104186.3359375
Epoch 93: loss = 104182.6796875
Epoch 94: loss = 104181.3359375
Epoch 95: loss = 104184.96875
Epoch 96: loss = 104182.984375
Epoch 97: loss = 104180.125
Epoch 98: loss = 104179.828125
Epoch 99: loss = 104179.2578125
Epoch 100: loss = 104178.9296875
Epoch 101: loss = 104178.609375
Epoch 102: loss = 104179.125
Epoch 103: loss = 104178.609375
Epoch 104: loss = 104178.2265625
Epoch 105: loss = 104175.90625
Epoch 106: loss = 104175.6953125
Epoch 107: loss = 104176.15625
Epoch 108: loss = 104174.8515625
Epoch 109: loss = 104175.53125
Epoch 110: loss = 104171.0390625
Epoch 111: loss = 104174.140625
Epoch 112: loss = 104176.3984375
Epoch 113: loss = 104171.4296875
Epoch 114: loss = 104171.4453125
Epoch 115: loss = 104171.7578125
Early stopping at epoch 115 with loss 104171.0390625
Reconstruction for fluence = 1000000.0 photons/pixel
Epoch 0: loss = 20606005280768.0
Epoch 1: loss = 20351510528.0
Epoch 2: loss = 4335694336.0
Epoch 3: loss = 1181980416.0
Epoch 4: loss = 470714176.0
Epoch 5: loss = 225143616.0
Epoch 6: loss = 129022320.0
Epoch 7: loss = 80239488.0
Epoch 8: loss = 51442316.0
Epoch 9: loss = 33737328.0
Epoch 10: loss = 22753714.0
Epoch 11: loss = 16242318.0
Epoch 12: loss = 12742085.0
Epoch 13: loss = 9311298.0
Epoch 14: loss = 7080153.0
Epoch 15: loss = 5318418.5
Epoch 16: loss = 4112257.0
Epoch 17: loss = 3374422.5
Epoch 18: loss = 2663613.0
Epoch 19: loss = 2132496.5
Epoch 20: loss = 1753607.75
Epoch 21: loss = 1449337.375
Epoch 22: loss = 1239935.625
Epoch 23: loss = 1067318.625
Epoch 24: loss = 909918.875
Epoch 25: loss = 788679.0
Epoch 26: loss = 679914.6875
Epoch 27: loss = 607610.0625
Epoch 28: loss = 550087.25
Epoch 29: loss = 497376.78125
Epoch 30: loss = 452108.46875
Epoch 31: loss = 415859.6875
Epoch 32: loss = 389434.0
Epoch 33: loss = 368023.84375
Epoch 34: loss = 348838.375
Epoch 35: loss = 331897.9375
Epoch 36: loss = 318308.21875
Epoch 37: loss = 307676.625
Epoch 38: loss = 299668.6875
Epoch 39: loss = 292623.5625
Epoch 40: loss = 286226.4375
Epoch 41: loss = 280322.78125
Epoch 42: loss = 275364.0625
Epoch 43: loss = 272274.71875
Epoch 44: loss = 268829.53125
Epoch 45: loss = 265856.78125
Epoch 46: loss = 263351.0
Epoch 47: loss = 261211.953125
Epoch 48: loss = 259618.78125
Epoch 49: loss = 258021.8125
Epoch 50: loss = 256655.71875
Epoch 51: loss = 255448.953125
Epoch 52: loss = 254438.140625
Epoch 53: loss = 253621.890625
Epoch 54: loss = 252925.28125
Epoch 55: loss = 252321.78125
Epoch 56: loss = 251697.140625
Epoch 57: loss = 251208.25
Epoch 58: loss = 250832.078125
Epoch 59: loss = 250505.390625
Epoch 60: loss = 250190.8125
Epoch 61: loss = 249894.109375
Epoch 62: loss = 249652.140625
Epoch 63: loss = 249436.828125
Epoch 64: loss = 249272.28125
Epoch 65: loss = 249118.890625
Epoch 66: loss = 248984.453125
Epoch 67: loss = 248855.71875
Epoch 68: loss = 248747.953125
Epoch 69: loss = 248651.453125
Epoch 70: loss = 248570.21875
Epoch 71: loss = 248498.671875
Epoch 72: loss = 248444.671875
Epoch 73: loss = 248372.140625
Epoch 74: loss = 248325.109375
Epoch 75: loss = 248285.609375
Epoch 76: loss = 248243.140625
Epoch 77: loss = 248204.359375
Epoch 78: loss = 248160.75
Epoch 79: loss = 248157.328125
Epoch 80: loss = 248124.5625
Epoch 81: loss = 248098.5
Epoch 82: loss = 248086.03125
Epoch 83: loss = 248059.390625
Epoch 84: loss = 248041.53125
Epoch 85: loss = 248038.921875
Epoch 86: loss = 248025.75
Epoch 87: loss = 248020.0
Epoch 88: loss = 248005.28125
Epoch 89: loss = 247990.71875
Epoch 90: loss = 247983.171875
Epoch 91: loss = 247978.0625
Epoch 92: loss = 247971.46875
Epoch 93: loss = 247959.109375
Epoch 94: loss = 247953.109375
Epoch 95: loss = 247949.453125
Epoch 96: loss = 247945.0625
Epoch 97: loss = 247941.78125
Epoch 98: loss = 247928.0625
Epoch 99: loss = 247937.890625
Epoch 100: loss = 247930.46875
Epoch 101: loss = 247927.609375
Epoch 102: loss = 247920.71875
Epoch 103: loss = 247916.71875
Epoch 104: loss = 247924.703125
Epoch 105: loss = 247921.953125
Epoch 106: loss = 247908.8125
Epoch 107: loss = 247916.078125
Epoch 108: loss = 247915.828125
Epoch 109: loss = 247912.96875
Epoch 110: loss = 247907.75
Epoch 111: loss = 247895.609375
Epoch 112: loss = 247898.109375
Epoch 113: loss = 247906.71875
Epoch 114: loss = 247901.421875
Epoch 115: loss = 247901.359375
Epoch 116: loss = 247893.53125
Epoch 117: loss = 247902.109375
Epoch 118: loss = 247899.71875
Epoch 119: loss = 247891.46875
Epoch 120: loss = 247901.75
Epoch 121: loss = 247895.609375
Epoch 122: loss = 247896.203125
Epoch 123: loss = 247889.828125
Epoch 124: loss = 247897.3125
Epoch 125: loss = 247895.078125
Epoch 126: loss = 247889.359375
Epoch 127: loss = 247899.609375
Epoch 128: loss = 247891.5625
Epoch 129: loss = 247879.109375
Epoch 130: loss = 247887.21875
Epoch 131: loss = 247891.953125
Epoch 132: loss = 247887.609375
Epoch 133: loss = 247895.953125
Epoch 134: loss = 247881.5625
Early stopping at epoch 134 with loss 247879.109375
Tensors initialization on device cuda
Multiprobe = band_lim
torch.Size([1, 64, 64])

('MSE', 'PoissonNLL') RECONSTRUCTIONS

Reconstruction for fluence = 0.09999999999999999 photons/pixel
Epoch 0: loss = 0.3324997127056122
Epoch 1: loss = 0.060354460030794144
Epoch 2: loss = 0.05112867057323456
Epoch 3: loss = 0.04791627451777458
Epoch 4: loss = 0.04685277119278908
Epoch 5: loss = 0.0464259535074234
Epoch 6: loss = 0.04627682641148567
Epoch 7: loss = 0.04620206356048584
Epoch 8: loss = 0.04615660384297371
Epoch 9: loss = 0.046131376177072525
Epoch 10: loss = 0.046104587614536285
Epoch 11: loss = 0.04608559608459473
Epoch 12: loss = 0.04607401788234711
Epoch 13: loss = 0.04606529325246811
Early stopping at epoch 13 with loss 0.04615660384297371
Epoch 0: loss = 0.11269572377204895
Epoch 1: loss = 0.07023288309574127
Epoch 2: loss = 0.06824543327093124
Epoch 3: loss = 0.06803476065397263
Epoch 4: loss = 0.06800241023302078
Epoch 5: loss = 0.06799084693193436
Epoch 6: loss = 0.0679846927523613
Epoch 7: loss = 0.06798263639211655
Epoch 8: loss = 0.06798163801431656
Early stopping at epoch 8 with loss 0.06803476065397263
Reconstruction for fluence = 0.23357214690901223 photons/pixel
Epoch 0: loss = 1.5406873226165771
Epoch 1: loss = 0.13474181294441223
Epoch 2: loss = 0.1101623922586441
Epoch 3: loss = 0.10299631208181381
Epoch 4: loss = 0.10033928602933884
Epoch 5: loss = 0.09927462786436081
Epoch 6: loss = 0.09888320416212082
Epoch 7: loss = 0.09868248552083969
Epoch 8: loss = 0.09854495525360107
Epoch 9: loss = 0.09846410900354385
Epoch 10: loss = 0.09840631484985352
Epoch 11: loss = 0.09827801585197449
Epoch 12: loss = 0.09819363057613373
Epoch 13: loss = 0.0980808362364769
Epoch 14: loss = 0.09801343828439713
Epoch 0: loss = 0.053541917353868484
Epoch 1: loss = -0.008360298350453377
Epoch 2: loss = -0.011125241406261921
Epoch 3: loss = -0.011461954563856125
Epoch 4: loss = -0.011571806855499744
Epoch 5: loss = -0.011687193065881729
Epoch 6: loss = -0.01176050677895546
Epoch 7: loss = -0.011781018227338791
Epoch 8: loss = -0.011810076422989368
Epoch 9: loss = -0.011837752535939217
Epoch 10: loss = -0.011965789832174778
Epoch 11: loss = -0.011980597861111164
Epoch 12: loss = -0.011984501965343952
Epoch 13: loss = -0.01198830921202898
Epoch 14: loss = -0.011992895975708961
Epoch 15: loss = -0.011996234767138958
Early stopping at epoch 15 with loss -0.011965789832174778
Reconstruction for fluence = 0.5455594781168519 photons/pixel
Epoch 0: loss = 7.511667728424072
Epoch 1: loss = 0.32456567883491516
Epoch 2: loss = 0.2553108036518097
Epoch 3: loss = 0.23381808400154114
Epoch 4: loss = 0.22532919049263
Epoch 5: loss = 0.2220451831817627
Epoch 6: loss = 0.22099745273590088
Epoch 7: loss = 0.22047066688537598
Epoch 8: loss = 0.22019042074680328
Epoch 9: loss = 0.2200324535369873
Epoch 10: loss = 0.2199489325284958
Epoch 11: loss = 0.21990199387073517
Epoch 12: loss = 0.21987640857696533
Epoch 13: loss = 0.21986113488674164
Epoch 14: loss = 0.21985279023647308
Epoch 0: loss = -0.3800698518753052
Epoch 1: loss = -0.47573137283325195
Epoch 2: loss = -0.48110702633857727
Epoch 3: loss = -0.4817773997783661
Epoch 4: loss = -0.4820702373981476
Epoch 5: loss = -0.4822184145450592
Epoch 6: loss = -0.48228922486305237
Epoch 7: loss = -0.4823249280452728
Epoch 8: loss = -0.4823417663574219
Epoch 9: loss = -0.4823557138442993
Epoch 10: loss = -0.4823587238788605
Epoch 11: loss = -0.48235905170440674
Epoch 12: loss = -0.4823591411113739
Early stopping at epoch 12 with loss -0.4823249280452728
Reconstruction for fluence = 1.2742749857031335 photons/pixel
Epoch 0: loss = 39.552024841308594
Epoch 1: loss = 0.8064528703689575
Epoch 2: loss = 0.5984026789665222
Epoch 3: loss = 0.5316997170448303
Epoch 4: loss = 0.5065291523933411
Epoch 5: loss = 0.4938254952430725
Epoch 6: loss = 0.4891062378883362
Epoch 7: loss = 0.48714372515678406
Epoch 8: loss = 0.4859037399291992
Epoch 9: loss = 0.4853111803531647
Epoch 10: loss = 0.4849681258201599
Epoch 11: loss = 0.4847646951675415
Epoch 12: loss = 0.4846560060977936
Epoch 13: loss = 0.4845786690711975
Epoch 14: loss = 0.4845336377620697
Epoch 0: loss = -2.0056378841400146
Epoch 1: loss = -2.1450107097625732
Epoch 2: loss = -2.153538465499878
Epoch 3: loss = -2.1547868251800537
Epoch 4: loss = -2.1551594734191895
Epoch 5: loss = -2.155334949493408
Epoch 6: loss = -2.155561923980713
Epoch 7: loss = -2.1557321548461914
Epoch 8: loss = -2.1557705402374268
Epoch 9: loss = -2.1557939052581787
Epoch 10: loss = -2.155808448791504
Epoch 11: loss = -2.1558189392089844
Epoch 12: loss = -2.15582013130188
Early stopping at epoch 12 with loss -2.1557321548461914
Reconstruction for fluence = 2.976351441631318 photons/pixel
Epoch 0: loss = 212.16842651367188
Epoch 1: loss = 1.9932000637054443
Epoch 2: loss = 1.3863669633865356
Epoch 3: loss = 1.183083415031433
Epoch 4: loss = 1.0990194082260132
Epoch 5: loss = 1.0611454248428345
Epoch 6: loss = 1.0463978052139282
Epoch 7: loss = 1.0390101671218872
Epoch 8: loss = 1.0345584154129028
Epoch 9: loss = 1.0319863557815552
Epoch 10: loss = 1.030388355255127
Epoch 11: loss = 1.0296167135238647
Epoch 12: loss = 1.0291920900344849
Epoch 13: loss = 1.0288892984390259
Epoch 14: loss = 1.0286965370178223
Epoch 0: loss = -7.324825763702393
Epoch 1: loss = -7.523960590362549
Epoch 2: loss = -7.536063194274902
Epoch 3: loss = -7.5377044677734375
Epoch 4: loss = -7.538212299346924
Epoch 5: loss = -7.538543701171875
Epoch 6: loss = -7.538828372955322
Epoch 7: loss = -7.539084434509277
Epoch 8: loss = -7.539244174957275
Epoch 9: loss = -7.539331912994385
Epoch 10: loss = -7.539376258850098
Epoch 11: loss = -7.539430618286133
Epoch 12: loss = -7.539483070373535
Epoch 13: loss = -7.539856910705566
Epoch 14: loss = -7.539906978607178
Epoch 15: loss = -7.53995943069458
Epoch 16: loss = -7.540005207061768
Epoch 17: loss = -7.540042400360107
Epoch 18: loss = -7.540049076080322
Epoch 19: loss = -7.540050983428955
Epoch 20: loss = -7.540052890777588
Early stopping at epoch 20 with loss -7.53995943069458
Reconstruction for fluence = 6.9519279617756045 photons/pixel
Epoch 0: loss = 1154.5308837890625
Epoch 1: loss = 6.095296382904053
Epoch 2: loss = 3.3751063346862793
Epoch 3: loss = 2.7539520263671875
Epoch 4: loss = 2.486640214920044
Epoch 5: loss = 2.369361162185669
Epoch 6: loss = 2.314107656478882
Epoch 7: loss = 2.2821474075317383
Epoch 8: loss = 2.263360023498535
Epoch 9: loss = 2.250938892364502
Epoch 10: loss = 2.2438387870788574
Epoch 11: loss = 2.239799976348877
Epoch 12: loss = 2.2376866340637207
Epoch 13: loss = 2.2361226081848145
Epoch 14: loss = 2.2350289821624756
Epoch 0: loss = -23.135101318359375
Epoch 1: loss = -23.416114807128906
Epoch 2: loss = -23.435632705688477
Epoch 3: loss = -23.43852424621582
Epoch 4: loss = -23.439748764038086
Epoch 5: loss = -23.440284729003906
Epoch 6: loss = -23.440589904785156
Epoch 7: loss = -23.440717697143555
Epoch 8: loss = -23.44075584411621
Epoch 9: loss = -23.440881729125977
Epoch 10: loss = -23.441009521484375
Epoch 11: loss = -23.44118881225586
Epoch 12: loss = -23.441274642944336
Epoch 13: loss = -23.44133186340332
Epoch 14: loss = -23.441335678100586
Epoch 15: loss = -23.44133949279785
Epoch 16: loss = -23.441354751586914
Epoch 17: loss = -23.44135856628418
Epoch 18: loss = -23.441370010375977
Early stopping at epoch 18 with loss -23.44133186340332
Reconstruction for fluence = 16.23776739188721 photons/pixel
Epoch 0: loss = 6267.86474609375
Epoch 1: loss = 19.244646072387695
Epoch 2: loss = 8.651495933532715
Epoch 3: loss = 6.516102313995361
Epoch 4: loss = 5.647277355194092
Epoch 5: loss = 5.223793029785156
Epoch 6: loss = 5.0799384117126465
Epoch 7: loss = 4.94189453125
Epoch 8: loss = 4.864706993103027
Epoch 9: loss = 4.814148902893066
Epoch 10: loss = 4.780882358551025
Epoch 11: loss = 4.76168155670166
Epoch 12: loss = 4.75150203704834
Epoch 13: loss = 4.744349002838135
Epoch 14: loss = 4.737688064575195
Epoch 0: loss = -67.8233871459961
Epoch 1: loss = -68.2086181640625
Epoch 2: loss = -68.23409271240234
Epoch 3: loss = -68.23873138427734
Epoch 4: loss = -68.2412109375
Epoch 5: loss = -68.24258422851562
Epoch 6: loss = -68.24344635009766
Epoch 7: loss = -68.24370574951172
Epoch 8: loss = -68.2438735961914
Epoch 9: loss = -68.24388122558594
Epoch 10: loss = -68.24391174316406
Epoch 11: loss = -68.24392700195312
Epoch 12: loss = -68.24393463134766
Epoch 13: loss = -68.24394989013672
Early stopping at epoch 13 with loss -68.2438735961914
Reconstruction for fluence = 37.926901907322495 photons/pixel
Epoch 0: loss = 34141.6796875
Epoch 1: loss = 63.70153045654297
Epoch 2: loss = 23.81085205078125
Epoch 3: loss = 16.197006225585938
Epoch 4: loss = 13.264803886413574
Epoch 5: loss = 12.024039268493652
Epoch 6: loss = 11.424466133117676
Epoch 7: loss = 11.155445098876953
Epoch 8: loss = 10.896421432495117
Epoch 9: loss = 10.734516143798828
Epoch 10: loss = 10.624402046203613
Epoch 11: loss = 10.55243968963623
Epoch 12: loss = 10.509922981262207
Epoch 13: loss = 10.47497272491455
Epoch 14: loss = 10.444952011108398
Epoch 0: loss = -191.2698211669922
Epoch 1: loss = -191.78985595703125
Epoch 2: loss = -191.8319854736328
Epoch 3: loss = -191.8412322998047
Epoch 4: loss = -191.84439086914062
Epoch 5: loss = -191.84605407714844
Epoch 6: loss = -191.84730529785156
Epoch 7: loss = -191.84786987304688
Epoch 8: loss = -191.84793090820312
Epoch 9: loss = -191.84800720214844
Epoch 10: loss = -191.84805297851562
Epoch 11: loss = -191.84817504882812
Epoch 12: loss = -191.8483428955078
Epoch 13: loss = -191.8483428955078
Epoch 14: loss = -191.84841918945312
Epoch 15: loss = -191.8485870361328
Epoch 16: loss = -191.8487091064453
Epoch 17: loss = -191.8487091064453
Epoch 18: loss = -191.84873962402344
Epoch 19: loss = -191.8488311767578
Epoch 20: loss = -191.84884643554688
Epoch 21: loss = -191.84884643554688
Epoch 22: loss = -191.84890747070312
Epoch 23: loss = -191.84890747070312
Epoch 24: loss = -191.84890747070312
Early stopping at epoch 24 with loss -191.8488311767578
Reconstruction for fluence = 88.58667904100822 photons/pixel
Epoch 0: loss = 186084.0625
Epoch 1: loss = 269.2141418457031
Epoch 2: loss = 74.35259246826172
Epoch 3: loss = 42.499027252197266
Epoch 4: loss = 31.90289306640625
Epoch 5: loss = 27.585683822631836
Epoch 6: loss = 25.682861328125
Epoch 7: loss = 24.69392967224121
Epoch 8: loss = 23.97380828857422
Epoch 9: loss = 23.42061424255371
Epoch 10: loss = 23.059797286987305
Epoch 11: loss = 22.84058952331543
Epoch 12: loss = 22.69357681274414
Epoch 13: loss = 22.58700942993164
Epoch 14: loss = 22.50592803955078
Epoch 0: loss = -522.6045532226562
Epoch 1: loss = -523.2610473632812
Epoch 2: loss = -523.3130493164062
Epoch 3: loss = -523.3251953125
Epoch 4: loss = -523.3296508789062
Epoch 5: loss = -523.3297729492188
Epoch 6: loss = -523.3313598632812
Epoch 7: loss = -523.3323974609375
Epoch 8: loss = -523.333251953125
Epoch 9: loss = -523.3334350585938
Epoch 10: loss = -523.3335571289062
Epoch 11: loss = -523.3338012695312
Epoch 12: loss = -523.333984375
Epoch 13: loss = -523.3341064453125
Epoch 14: loss = -523.334228515625
Epoch 15: loss = -523.3342895507812
Epoch 16: loss = -523.3342895507812
Epoch 17: loss = -523.3343505859375
Epoch 18: loss = -523.3345336914062
Epoch 19: loss = -523.3345336914062
Epoch 20: loss = -523.3345336914062
Epoch 21: loss = -523.3346557617188
Epoch 22: loss = -523.3346557617188
Epoch 23: loss = -523.3347778320312
Epoch 24: loss = -523.3347778320312
Epoch 25: loss = -523.3347778320312
Epoch 26: loss = -523.3347778320312
Epoch 27: loss = -523.3347778320312
Epoch 28: loss = -523.3348388671875
Early stopping at epoch 28 with loss -523.3347778320312
Reconstruction for fluence = 206.9138081114788 photons/pixel
Epoch 0: loss = 1014838.5625
Epoch 1: loss = 1183.77001953125
Epoch 2: loss = 299.60906982421875
Epoch 3: loss = 132.8518829345703
Epoch 4: loss = 87.34251403808594
Epoch 5: loss = 69.18424224853516
Epoch 6: loss = 61.37060546875
Epoch 7: loss = 57.37255859375
Epoch 8: loss = 54.28761672973633
Epoch 9: loss = 52.55859375
Epoch 10: loss = 51.23234939575195
Epoch 11: loss = 50.39957809448242
Epoch 12: loss = 49.91790771484375
Epoch 13: loss = 49.454402923583984
Epoch 14: loss = 49.13617706298828
Epoch 0: loss = -1396.3883056640625
Epoch 1: loss = -1397.3035888671875
Epoch 2: loss = -1397.3785400390625
Epoch 3: loss = -1397.394287109375
Epoch 4: loss = -1397.401123046875
Epoch 5: loss = -1397.4017333984375
Epoch 6: loss = -1397.4029541015625
Epoch 7: loss = -1397.4049072265625
Epoch 8: loss = -1397.4056396484375
Epoch 9: loss = -1397.4058837890625
Epoch 10: loss = -1397.406005859375
Epoch 11: loss = -1397.406005859375
Epoch 12: loss = -1397.4061279296875
Epoch 13: loss = -1397.40625
Epoch 14: loss = -1397.406982421875
Epoch 15: loss = -1397.4075927734375
Epoch 16: loss = -1397.4075927734375
Epoch 17: loss = -1397.4075927734375
Epoch 18: loss = -1397.4078369140625
Epoch 19: loss = -1397.4078369140625
Epoch 20: loss = -1397.407958984375
Epoch 21: loss = -1397.407958984375
Epoch 22: loss = -1397.408203125
Epoch 23: loss = -1397.408203125
Epoch 24: loss = -1397.408447265625
Epoch 25: loss = -1397.408447265625
Epoch 26: loss = -1397.40869140625
Epoch 27: loss = -1397.40869140625
Epoch 28: loss = -1397.4088134765625
Epoch 29: loss = -1397.4088134765625
Epoch 30: loss = -1397.4088134765625
Epoch 31: loss = -1397.4088134765625
Early stopping at epoch 31 with loss -1397.40869140625
Reconstruction for fluence = 483.2930238571752 photons/pixel
Epoch 0: loss = 5542755.5
Epoch 1: loss = 6558.72216796875
Epoch 2: loss = 1253.9859619140625
Epoch 3: loss = 495.6302185058594
Epoch 4: loss = 276.01202392578125
Epoch 5: loss = 195.35308837890625
Epoch 6: loss = 162.9849090576172
Epoch 7: loss = 147.6037139892578
Epoch 8: loss = 136.5836944580078
Epoch 9: loss = 129.37571716308594
Epoch 10: loss = 123.99563598632812
Epoch 11: loss = 121.00169372558594
Epoch 12: loss = 118.92655181884766
Epoch 13: loss = 117.12726593017578
Epoch 14: loss = 115.74891662597656
Epoch 0: loss = -3669.071533203125
Epoch 1: loss = -3670.23095703125
Epoch 2: loss = -3670.30029296875
Epoch 3: loss = -3670.314208984375
Epoch 4: loss = -3670.315185546875
Epoch 5: loss = -3670.31640625
Epoch 6: loss = -3670.317626953125
Epoch 7: loss = -3670.32080078125
Epoch 8: loss = -3670.3212890625
Epoch 9: loss = -3670.322021484375
Epoch 10: loss = -3670.322021484375
Epoch 11: loss = -3670.322998046875
Epoch 12: loss = -3670.322998046875
Epoch 13: loss = -3670.32373046875
Epoch 14: loss = -3670.32470703125
Epoch 15: loss = -3670.32470703125
Epoch 16: loss = -3670.325439453125
Epoch 17: loss = -3670.325439453125
Epoch 18: loss = -3670.325927734375
Epoch 19: loss = -3670.326904296875
Epoch 20: loss = -3670.326904296875
Epoch 21: loss = -3670.327392578125
Epoch 22: loss = -3670.327392578125
Epoch 23: loss = -3670.32763671875
Epoch 24: loss = -3670.32763671875
Epoch 25: loss = -3670.328125
Epoch 26: loss = -3670.328125
Epoch 27: loss = -3670.3291015625
Epoch 28: loss = -3670.3291015625
Epoch 29: loss = -3670.3291015625
Epoch 30: loss = -3670.3291015625
Epoch 31: loss = -3670.329345703125
Epoch 32: loss = -3670.329345703125
Epoch 33: loss = -3670.329833984375
Epoch 34: loss = -3670.329833984375
Epoch 35: loss = -3670.329833984375
Epoch 36: loss = -3670.329833984375
Epoch 37: loss = -3670.330322265625
Epoch 38: loss = -3670.330810546875
Epoch 39: loss = -3670.330810546875
Epoch 40: loss = -3670.331298828125
Epoch 41: loss = -3670.33154296875
Epoch 42: loss = -3670.33154296875
Epoch 43: loss = -3670.33154296875
Epoch 44: loss = -3670.33154296875
Epoch 45: loss = -3670.33154296875
Epoch 46: loss = -3670.33251953125
Epoch 47: loss = -3670.33251953125
Epoch 48: loss = -3670.3330078125
Epoch 49: loss = -3670.3330078125
Epoch 50: loss = -3670.333251953125
Epoch 51: loss = -3670.333251953125
Epoch 52: loss = -3670.333251953125
Epoch 53: loss = -3670.333251953125
Epoch 54: loss = -3670.333251953125
Epoch 55: loss = -3670.333740234375
Epoch 56: loss = -3670.333740234375
Epoch 57: loss = -3670.333740234375
Epoch 58: loss = -3670.333740234375
Epoch 59: loss = -3670.333740234375
Epoch 60: loss = -3670.333740234375
Early stopping at epoch 60 with loss -3670.333740234375
Reconstruction for fluence = 1128.8378916846884 photons/pixel
Epoch 0: loss = 30222272.0
Epoch 1: loss = 31900.806640625
Epoch 2: loss = 6443.6171875
Epoch 3: loss = 2127.3486328125
Epoch 4: loss = 1029.1942138671875
Epoch 5: loss = 641.6866455078125
Epoch 6: loss = 484.9894714355469
Epoch 7: loss = 406.8885498046875
Epoch 8: loss = 358.1691589355469
Epoch 9: loss = 326.47808837890625
Epoch 10: loss = 301.9229736328125
Epoch 11: loss = 289.4928894042969
Epoch 12: loss = 280.9590759277344
Epoch 13: loss = 274.5895690917969
Epoch 14: loss = 269.6882629394531
Epoch 0: loss = -9534.1826171875
Epoch 1: loss = -9535.6982421875
Epoch 2: loss = -9535.7919921875
Epoch 3: loss = -9535.8037109375
Epoch 4: loss = -9535.8076171875
Epoch 5: loss = -9535.8095703125
Epoch 6: loss = -9535.8095703125
Epoch 7: loss = -9535.8095703125
Epoch 8: loss = -9535.810546875
Epoch 9: loss = -9535.810546875
Epoch 10: loss = -9535.8125
Epoch 11: loss = -9535.8134765625
Epoch 12: loss = -9535.8134765625
Epoch 13: loss = -9535.8134765625
Epoch 14: loss = -9535.81640625
Epoch 15: loss = -9535.81640625
Epoch 16: loss = -9535.81640625
Epoch 17: loss = -9535.81640625
Epoch 18: loss = -9535.81640625
Epoch 19: loss = -9535.8173828125
Epoch 20: loss = -9535.8173828125
Epoch 21: loss = -9535.8173828125
Epoch 22: loss = -9535.8173828125
Epoch 23: loss = -9535.8173828125
Epoch 24: loss = -9535.8173828125
Early stopping at epoch 24 with loss -9535.8173828125
Reconstruction for fluence = 2636.6508987303555 photons/pixel
Epoch 0: loss = 164954992.0
Epoch 1: loss = 174176.59375
Epoch 2: loss = 31919.03515625
Epoch 3: loss = 10322.591796875
Epoch 4: loss = 4534.693359375
Epoch 5: loss = 2487.807373046875
Epoch 6: loss = 1710.246826171875
Epoch 7: loss = 1356.6051025390625
Epoch 8: loss = 1119.175048828125
Epoch 9: loss = 970.2283935546875
Epoch 10: loss = 875.197021484375
Epoch 11: loss = 817.3659057617188
Epoch 12: loss = 784.6995849609375
Epoch 13: loss = 758.3195190429688
Epoch 14: loss = 735.9281616210938
Epoch 0: loss = -24500.1796875
Epoch 1: loss = -24502.4765625
Epoch 2: loss = -24502.59765625
Epoch 3: loss = -24502.59765625
Epoch 4: loss = -24502.6015625
Epoch 5: loss = -24502.603515625
Epoch 6: loss = -24502.60546875
Epoch 7: loss = -24502.607421875
Epoch 8: loss = -24502.607421875
Epoch 9: loss = -24502.609375
Epoch 10: loss = -24502.611328125
Epoch 11: loss = -24502.615234375
Epoch 12: loss = -24502.615234375
Epoch 13: loss = -24502.615234375
Epoch 14: loss = -24502.615234375
Epoch 15: loss = -24502.615234375
Epoch 16: loss = -24502.615234375
Early stopping at epoch 16 with loss -24502.615234375
Reconstruction for fluence = 6158.482110660255 photons/pixel
Epoch 0: loss = 899695744.0
Epoch 1: loss = 1035546.4375
Epoch 2: loss = 174071.921875
Epoch 3: loss = 54425.98828125
Epoch 4: loss = 22507.8203125
Epoch 5: loss = 11713.1337890625
Epoch 6: loss = 6979.23876953125
Epoch 7: loss = 4903.6640625
Epoch 8: loss = 3696.74951171875
Epoch 9: loss = 2911.345458984375
Epoch 10: loss = 2425.68701171875
Epoch 11: loss = 2128.89990234375
Epoch 12: loss = 1965.9453125
Epoch 13: loss = 1826.3306884765625
Epoch 14: loss = 1727.4234619140625
Epoch 0: loss = -62459.0078125
Epoch 1: loss = -62462.36328125
Epoch 2: loss = -62462.45703125
Epoch 3: loss = -62462.47265625
Epoch 4: loss = -62462.47265625
Epoch 5: loss = -62462.48828125
Epoch 6: loss = -62462.48828125
Epoch 7: loss = -62462.48828125
Epoch 8: loss = -62462.5
Epoch 9: loss = -62462.5
Epoch 10: loss = -62462.5
Epoch 11: loss = -62462.515625
Epoch 12: loss = -62462.515625
Epoch 13: loss = -62462.515625
Epoch 14: loss = -62462.515625
Epoch 15: loss = -62462.52734375
Epoch 16: loss = -62462.52734375
Epoch 17: loss = -62462.52734375
Epoch 18: loss = -62462.52734375
Epoch 19: loss = -62462.52734375
Epoch 20: loss = -62462.52734375
Early stopping at epoch 20 with loss -62462.52734375
Reconstruction for fluence = 14384.498882876629 photons/pixel
Epoch 0: loss = 4909795840.0
Epoch 1: loss = 5726627.0
Epoch 2: loss = 1029296.6875
Epoch 3: loss = 315591.53125
Epoch 4: loss = 121696.4140625
Epoch 5: loss = 56437.98046875
Epoch 6: loss = 33788.69921875
Epoch 7: loss = 22733.275390625
Epoch 8: loss = 15572.169921875
Epoch 9: loss = 11147.6123046875
Epoch 10: loss = 8474.3828125
Epoch 11: loss = 7047.9111328125
Epoch 12: loss = 6143.5673828125
Epoch 13: loss = 5456.29541015625
Epoch 14: loss = 4976.9990234375
Epoch 0: loss = -158078.53125
Epoch 1: loss = -158084.828125
Epoch 2: loss = -158085.046875
Epoch 3: loss = -158085.078125
Epoch 4: loss = -158085.078125
Epoch 5: loss = -158085.09375
Epoch 6: loss = -158085.09375
Epoch 7: loss = -158085.09375
Epoch 8: loss = -158085.09375
Epoch 9: loss = -158085.109375
Epoch 10: loss = -158085.109375
Epoch 11: loss = -158085.109375
Epoch 12: loss = -158085.109375
Epoch 13: loss = -158085.125
Epoch 14: loss = -158085.125
Epoch 15: loss = -158085.125
Epoch 16: loss = -158085.125
Epoch 17: loss = -158085.125
Epoch 18: loss = -158085.125
Early stopping at epoch 18 with loss -158085.125
Reconstruction for fluence = 33598.18286283781 photons/pixel
Epoch 0: loss = 26781964288.0
Epoch 1: loss = 28272762.0
Epoch 2: loss = 4978878.5
Epoch 3: loss = 1518704.25
Epoch 4: loss = 608678.5625
Epoch 5: loss = 305601.65625
Epoch 6: loss = 167168.421875
Epoch 7: loss = 107919.7265625
Epoch 8: loss = 72843.3125
Epoch 9: loss = 50915.953125
Epoch 10: loss = 36247.73828125
Epoch 11: loss = 28243.99609375
Epoch 12: loss = 23033.87109375
Epoch 13: loss = 18745.50390625
Epoch 14: loss = 15726.7783203125
Epoch 0: loss = -397743.0625
Epoch 1: loss = -397755.46875
Epoch 2: loss = -397755.65625
Epoch 3: loss = -397755.90625
Epoch 4: loss = -397755.9375
Epoch 5: loss = -397755.9375
Epoch 6: loss = -397756.0
Epoch 7: loss = -397756.0
Epoch 8: loss = -397756.0625
Epoch 9: loss = -397756.0625
Epoch 10: loss = -397756.09375
Epoch 11: loss = -397756.09375
Epoch 12: loss = -397756.09375
Epoch 13: loss = -397756.09375
Epoch 14: loss = -397756.125
Epoch 15: loss = -397756.15625
Epoch 16: loss = -397756.15625
Epoch 17: loss = -397756.15625
Epoch 18: loss = -397756.15625
Epoch 19: loss = -397756.15625
Epoch 20: loss = -397756.15625
Early stopping at epoch 20 with loss -397756.15625
Reconstruction for fluence = 78475.99703514607 photons/pixel
Epoch 0: loss = 146117181440.0
Epoch 1: loss = 150672416.0
Epoch 2: loss = 25743300.0
Epoch 3: loss = 7488405.5
Epoch 4: loss = 3108072.5
Epoch 5: loss = 1418606.0
Epoch 6: loss = 771411.0
Epoch 7: loss = 503750.0
Epoch 8: loss = 346093.40625
Epoch 9: loss = 225655.171875
Epoch 10: loss = 156550.328125
Epoch 11: loss = 116396.8984375
Epoch 12: loss = 91150.0625
Epoch 13: loss = 72911.609375
Epoch 14: loss = 58776.60546875
Epoch 0: loss = -995574.25
Epoch 1: loss = -995600.0
Epoch 2: loss = -995600.0
Epoch 3: loss = -995600.25
Epoch 4: loss = -995600.25
Epoch 5: loss = -995600.4375
Epoch 6: loss = -995600.4375
Epoch 7: loss = -995600.6875
Epoch 8: loss = -995600.6875
Epoch 9: loss = -995600.6875
Epoch 10: loss = -995600.875
Epoch 11: loss = -995600.875
Epoch 12: loss = -995600.875
Epoch 13: loss = -995600.875
Epoch 14: loss = -995600.875
Epoch 15: loss = -995600.875
Early stopping at epoch 15 with loss -995600.875
Reconstruction for fluence = 183298.07108324335 photons/pixel
Epoch 0: loss = 797125443584.0
Epoch 1: loss = 876867392.0
Epoch 2: loss = 145709296.0
Epoch 3: loss = 46373980.0
Epoch 4: loss = 17763162.0
Epoch 5: loss = 8396119.0
Epoch 6: loss = 4725665.0
Epoch 7: loss = 2995838.5
Epoch 8: loss = 1954602.25
Epoch 9: loss = 1312443.75
Epoch 10: loss = 881207.375
Epoch 11: loss = 627303.4375
Epoch 12: loss = 493809.34375
Epoch 13: loss = 370731.09375
Epoch 14: loss = 285438.78125
Epoch 0: loss = -2480926.25
Epoch 1: loss = -2480988.25
Epoch 2: loss = -2480989.0
Epoch 3: loss = -2480989.25
Epoch 4: loss = -2480989.75
Epoch 5: loss = -2480989.75
Epoch 6: loss = -2480989.75
Epoch 7: loss = -2480989.75
Epoch 8: loss = -2480990.25
Epoch 9: loss = -2480990.25
Epoch 10: loss = -2480990.25
Epoch 11: loss = -2480990.25
Epoch 12: loss = -2480990.5
Epoch 13: loss = -2480990.75
Epoch 14: loss = -2480990.75
Epoch 15: loss = -2480990.75
Epoch 16: loss = -2480990.75
Epoch 17: loss = -2480990.75
Epoch 18: loss = -2480990.75
Early stopping at epoch 18 with loss -2480990.75
Reconstruction for fluence = 428133.2398719387 photons/pixel
Epoch 0: loss = 4349001203712.0
Epoch 1: loss = 4788706304.0
Epoch 2: loss = 827180096.0
Epoch 3: loss = 241790832.0
Epoch 4: loss = 93436912.0
Epoch 5: loss = 42305364.0
Epoch 6: loss = 23778116.0
Epoch 7: loss = 14641741.0
Epoch 8: loss = 9301381.0
Epoch 9: loss = 6154989.0
Epoch 10: loss = 4220208.0
Epoch 11: loss = 3044404.5
Epoch 12: loss = 2341745.25
Epoch 13: loss = 1771732.875
Epoch 14: loss = 1351696.75
Epoch 0: loss = -6157882.0
Epoch 1: loss = -6158018.0
Epoch 2: loss = -6158021.5
Epoch 3: loss = -6158022.5
Epoch 4: loss = -6158022.5
Epoch 5: loss = -6158022.5
Epoch 6: loss = -6158022.5
Epoch 7: loss = -6158023.0
Epoch 8: loss = -6158024.0
Epoch 9: loss = -6158024.0
Epoch 10: loss = -6158025.0
Epoch 11: loss = -6158025.0
Epoch 12: loss = -6158025.0
Epoch 13: loss = -6158025.0
Epoch 14: loss = -6158025.0
Epoch 15: loss = -6158025.0
Early stopping at epoch 15 with loss -6158025.0
Reconstruction for fluence = 1000000.0 photons/pixel
Epoch 0: loss = 23725760053248.0
Epoch 1: loss = 26558521344.0
Epoch 2: loss = 4293707008.0
Epoch 3: loss = 1321395456.0
Epoch 4: loss = 510007200.0
Epoch 5: loss = 224112544.0
Epoch 6: loss = 128957528.0
Epoch 7: loss = 79817560.0
Epoch 8: loss = 51912612.0
Epoch 9: loss = 34322064.0
Epoch 10: loss = 22730418.0
Epoch 11: loss = 16122551.0
Epoch 12: loss = 12166613.0
Epoch 13: loss = 9091586.0
Epoch 14: loss = 6780513.0
Epoch 0: loss = -15231522.0
Epoch 1: loss = -15231828.0
Epoch 2: loss = -15231829.0
Epoch 3: loss = -15231831.0
Epoch 4: loss = -15231835.0
Epoch 5: loss = -15231835.0
Epoch 6: loss = -15231837.0
Epoch 7: loss = -15231838.0
Epoch 8: loss = -15231840.0
Epoch 9: loss = -15231840.0
Epoch 10: loss = -15231840.0
Epoch 11: loss = -15231840.0
Epoch 12: loss = -15231840.0
Epoch 13: loss = -15231842.0
Epoch 14: loss = -15231842.0
Epoch 15: loss = -15231842.0
Epoch 16: loss = -15231842.0
Epoch 17: loss = -15231842.0
Epoch 18: loss = -15231842.0
Early stopping at epoch 18 with loss -15231842.0
Simulation for steps_size=22 and n_fluences=20 completed!
