Running simulation for n_fluences=12
Tensors initialization on device cuda
Multiprobe = None

('MSE', None) RECONSTRUCTIONS

Reconstruction for fluence = 100.0 photons/pixel
Epoch 0: loss = 1051763.7197265625 | lr = 0.1
Epoch 1: loss = 981132.75 | lr = 0.1
Epoch 2: loss = 982807.2001953125 | lr = 0.1
Epoch 3: loss = 983357.1484375 | lr = 0.1
Epoch 4: loss = 983982.3349609375 | lr = 0.1
Epoch 5: loss = 985003.5595703125 | lr = 0.1
Epoch 6: loss = 984912.9873046875 | lr = 0.1
Epoch 7: loss = 985069.2177734375 | lr = 0.1
Epoch 8: loss = 984770.619140625 | lr = 0.1
Epoch 9: loss = 985515.4638671875 | lr = 0.1
Epoch 10: loss = 985786.7568359375 | lr = 0.010000000000000002
Epoch 11: loss = 996438.5 | lr = 0.010000000000000002
Epoch 12: loss = 983132.0 | lr = 0.010000000000000002
Epoch 13: loss = 976676.0625 | lr = 0.010000000000000002
Epoch 14: loss = 977493.625 | lr = 0.010000000000000002
Epoch 15: loss = 979742.625 | lr = 0.010000000000000002
Epoch 16: loss = 980691.6875 | lr = 0.010000000000000002
Epoch 17: loss = 980118.625 | lr = 0.010000000000000002
Epoch 18: loss = 978806.25 | lr = 0.010000000000000002
Epoch 19: loss = 977538.625 | lr = 0.010000000000000002
Epoch 20: loss = 976666.0 | lr = 0.010000000000000002
Epoch 21: loss = 976192.0625 | lr = 0.010000000000000002
Epoch 22: loss = 975949.9375 | lr = 0.010000000000000002
Epoch 23: loss = 975784.75 | lr = 0.010000000000000002
Epoch 24: loss = 975611.625 | lr = 0.010000000000000002
Epoch 25: loss = 975395.4375 | lr = 0.010000000000000002
Epoch 26: loss = 975155.25 | lr = 0.010000000000000002
Epoch 27: loss = 974927.0 | lr = 0.010000000000000002
Epoch 28: loss = 974722.9375 | lr = 0.010000000000000002
Epoch 29: loss = 974547.0625 | lr = 0.010000000000000002
Epoch 30: loss = 974397.25 | lr = 0.010000000000000002
Epoch 31: loss = 974261.4375 | lr = 0.010000000000000002
Epoch 32: loss = 974133.625 | lr = 0.010000000000000002
Epoch 33: loss = 974015.375 | lr = 0.010000000000000002
Epoch 34: loss = 973913.625 | lr = 0.010000000000000002
Epoch 35: loss = 973834.375 | lr = 0.010000000000000002
Epoch 36: loss = 973772.5625 | lr = 0.010000000000000002
Epoch 37: loss = 973716.8125 | lr = 0.010000000000000002
Epoch 38: loss = 973659.5625 | lr = 0.010000000000000002
Epoch 39: loss = 973598.1875 | lr = 0.010000000000000002
Epoch 40: loss = 973537.625 | lr = 0.010000000000000002
Epoch 41: loss = 973484.75 | lr = 0.010000000000000002
Epoch 42: loss = 973442.0625 | lr = 0.010000000000000002
Epoch 43: loss = 973408.125 | lr = 0.010000000000000002
Epoch 44: loss = 973378.75 | lr = 0.010000000000000002
Epoch 45: loss = 973352.0625 | lr = 0.010000000000000002
Epoch 46: loss = 973328.125 | lr = 0.010000000000000002
Epoch 47: loss = 973306.125 | lr = 0.010000000000000002
Epoch 48: loss = 973284.9375 | lr = 0.010000000000000002
Epoch 49: loss = 973263.875 | lr = 0.010000000000000002
Epoch 50: loss = 973243.0 | lr = 0.010000000000000002
Epoch 51: loss = 973224.625 | lr = 0.010000000000000002
Epoch 52: loss = 973210.625 | lr = 0.010000000000000002
Epoch 53: loss = 973200.0 | lr = 0.010000000000000002
Epoch 54: loss = 973191.125 | lr = 0.010000000000000002
Epoch 55: loss = 973182.375 | lr = 0.010000000000000002
Epoch 56: loss = 973173.375 | lr = 0.010000000000000002
Epoch 57: loss = 973164.5 | lr = 0.010000000000000002
Epoch 58: loss = 973155.75 | lr = 0.010000000000000002
Epoch 59: loss = 973147.75 | lr = 0.010000000000000002
Epoch 60: loss = 973141.125 | lr = 0.010000000000000002
Epoch 61: loss = 973136.0625 | lr = 0.010000000000000002
Epoch 62: loss = 973131.875 | lr = 0.0010000000000000002
Epoch 63: loss = 973128.125 | lr = 0.0010000000000000002
Epoch 64: loss = 973127.125 | lr = 0.0010000000000000002
Epoch 65: loss = 973124.875 | lr = 0.0010000000000000002
Epoch 66: loss = 973121.6875 | lr = 0.0010000000000000002
Epoch 67: loss = 973118.0625 | lr = 0.0010000000000000002
Epoch 68: loss = 973114.1875 | lr = 0.0010000000000000002
Epoch 69: loss = 973110.375 | lr = 0.0010000000000000002
Epoch 70: loss = 973106.9375 | lr = 0.0010000000000000002
Epoch 71: loss = 973103.875 | lr = 0.00010000000000000003
Epoch 72: loss = 973101.125 | lr = 0.00010000000000000003
Epoch 73: loss = 973100.875 | lr = 0.00010000000000000003
Epoch 74: loss = 973100.625 | lr = 0.00010000000000000003
Epoch 75: loss = 973100.375 | lr = 0.00010000000000000003
Epoch 76: loss = 973100.125 | lr = 0.00010000000000000003
Epoch 77: loss = 973099.875 | lr = 0.00010000000000000003
Epoch 78: loss = 973099.5625 | lr = 0.00010000000000000003
Epoch 79: loss = 973099.25 | lr = 0.00010000000000000003
Epoch 80: loss = 973099.0 | lr = 0.00010000000000000003
Epoch 81: loss = 973098.75 | lr = 1.0000000000000004e-05
Epoch 82: loss = 973098.5 | lr = 1.0000000000000004e-05
Epoch 83: loss = 973098.5 | lr = 1.0000000000000004e-05
Epoch 84: loss = 973098.375 | lr = 1.0000000000000004e-05
Epoch 85: loss = 973098.375 | lr = 1.0000000000000004e-05
Epoch 86: loss = 973098.375 | lr = 1.0000000000000004e-05
Epoch 87: loss = 973098.375 | lr = 1.0000000000000004e-05
Epoch 88: loss = 973098.3125 | lr = 1.0000000000000004e-05
Epoch 89: loss = 973098.3125 | lr = 1.0000000000000004e-05
Epoch 90: loss = 973098.25 | lr = 1.0000000000000004e-06
Epoch 91: loss = 973098.25 | lr = 1.0000000000000004e-06
Epoch 92: loss = 973098.25 | lr = 1.0000000000000004e-06
Epoch 93: loss = 973098.25 | lr = 1.0000000000000004e-06
Epoch 94: loss = 973098.25 | lr = 1.0000000000000004e-06
Epoch 95: loss = 973098.25 | lr = 1.0000000000000004e-06
Epoch 96: loss = 973098.25 | lr = 1.0000000000000004e-06
Epoch 97: loss = 973098.25 | lr = 1.0000000000000004e-06
Epoch 98: loss = 973098.1875 | lr = 1.0000000000000004e-06
Epoch 99: loss = 973098.25 | lr = 1.0000000000000005e-07
Epoch 100: loss = 973098.25 | lr = 1.0000000000000005e-07
Epoch 101: loss = 973098.1875 | lr = 1.0000000000000005e-07
Epoch 102: loss = 973098.25 | lr = 1.0000000000000005e-07
Epoch 103: loss = 973098.25 | lr = 1.0000000000000005e-07
Epoch 104: loss = 973098.25 | lr = 1.0000000000000005e-07
Epoch 105: loss = 973098.25 | lr = 1.0000000000000005e-07
Epoch 106: loss = 973098.25 | lr = 1.0000000000000005e-07
Epoch 107: loss = 973098.1875 | lr = 1.0000000000000005e-07
Epoch 108: loss = 973098.25 | lr = 1.0000000000000005e-08
Epoch 109: loss = 973098.1875 | lr = 1.0000000000000005e-08
Epoch 110: loss = 973098.1875 | lr = 1.0000000000000005e-08
Epoch 111: loss = 973098.1875 | lr = 1.0000000000000005e-08
Epoch 112: loss = 973098.1875 | lr = 1.0000000000000005e-08
Epoch 113: loss = 973098.25 | lr = 1.0000000000000005e-08
Epoch 114: loss = 973098.25 | lr = 1.0000000000000005e-08
Epoch 115: loss = 973098.1875 | lr = 1.0000000000000005e-08
Epoch 116: loss = 973098.25 | lr = 1.0000000000000005e-08
Epoch 117: loss = 973098.1875 | lr = 1.0000000000000005e-09
Epoch 118: loss = 973098.25 | lr = 1.0000000000000005e-09
Epoch 119: loss = 973098.25 | lr = 1.0000000000000005e-09
Epoch 120: loss = 973098.25 | lr = 1.0000000000000005e-09
Epoch 121: loss = 973098.1875 | lr = 1.0000000000000005e-09
Epoch 122: loss = 973098.1875 | lr = 1.0000000000000005e-09
Epoch 123: loss = 973098.1875 | lr = 1.0000000000000005e-09
Epoch 124: loss = 973098.1875 | lr = 1.0000000000000005e-09
Epoch 125: loss = 973098.1875 | lr = 1.0000000000000005e-09
Stopping early due to low learning rate
Reconstruction for fluence = 231.01297000831605 photons/pixel
Epoch 0: loss = 1144588.5634765625 | lr = 0.1
Epoch 1: loss = 1014770.390625 | lr = 0.1
Epoch 2: loss = 1017970.333984375 | lr = 0.1
Epoch 3: loss = 1019379.1064453125 | lr = 0.1
Epoch 4: loss = 1020631.373046875 | lr = 0.1
Epoch 5: loss = 1020818.3916015625 | lr = 0.1
Epoch 6: loss = 1022956.7421875 | lr = 0.1
Epoch 7: loss = 1021753.435546875 | lr = 0.1
Epoch 8: loss = 1022377.88671875 | lr = 0.1
Epoch 9: loss = 1022080.2998046875 | lr = 0.1
Epoch 10: loss = 1022516.3486328125 | lr = 0.010000000000000002
Epoch 11: loss = 1037196.5 | lr = 0.010000000000000002
Epoch 12: loss = 1013010.5625 | lr = 0.010000000000000002
Epoch 13: loss = 1005112.0 | lr = 0.010000000000000002
Epoch 14: loss = 1008770.0 | lr = 0.010000000000000002
Epoch 15: loss = 1012371.375 | lr = 0.010000000000000002
Epoch 16: loss = 1012419.625 | lr = 0.010000000000000002
Epoch 17: loss = 1010078.375 | lr = 0.010000000000000002
Epoch 18: loss = 1007516.875 | lr = 0.010000000000000002
Epoch 19: loss = 1005779.9375 | lr = 0.010000000000000002
Epoch 20: loss = 1004892.375 | lr = 0.010000000000000002
Epoch 21: loss = 1004515.25 | lr = 0.010000000000000002
Epoch 22: loss = 1004277.75 | lr = 0.010000000000000002
Epoch 23: loss = 1003966.3125 | lr = 0.010000000000000002
Epoch 24: loss = 1003534.875 | lr = 0.010000000000000002
Epoch 25: loss = 1003035.875 | lr = 0.010000000000000002
Epoch 26: loss = 1002550.25 | lr = 0.010000000000000002
Epoch 27: loss = 1002131.5 | lr = 0.010000000000000002
Epoch 28: loss = 1001794.75 | lr = 0.010000000000000002
Epoch 29: loss = 1001533.375 | lr = 0.010000000000000002
Epoch 30: loss = 1001320.5 | lr = 0.010000000000000002
Epoch 31: loss = 1001123.875 | lr = 0.010000000000000002
Epoch 32: loss = 1000935.8125 | lr = 0.010000000000000002
Epoch 33: loss = 1000765.25 | lr = 0.010000000000000002
Epoch 34: loss = 1000609.8125 | lr = 0.010000000000000002
Epoch 35: loss = 1000460.4375 | lr = 0.010000000000000002
Epoch 36: loss = 1000315.875 | lr = 0.010000000000000002
Epoch 37: loss = 1000188.375 | lr = 0.010000000000000002
Epoch 38: loss = 1000085.75 | lr = 0.010000000000000002
Epoch 39: loss = 1000005.5 | lr = 0.010000000000000002
Epoch 40: loss = 999934.0625 | lr = 0.010000000000000002
Epoch 41: loss = 999860.0 | lr = 0.010000000000000002
Epoch 42: loss = 999788.1875 | lr = 0.010000000000000002
Epoch 43: loss = 999725.375 | lr = 0.010000000000000002
Epoch 44: loss = 999672.8125 | lr = 0.010000000000000002
Epoch 45: loss = 999625.375 | lr = 0.010000000000000002
Epoch 46: loss = 999579.25 | lr = 0.010000000000000002
Epoch 47: loss = 999536.9375 | lr = 0.010000000000000002
Epoch 48: loss = 999500.375 | lr = 0.010000000000000002
Epoch 49: loss = 999469.5 | lr = 0.010000000000000002
Epoch 50: loss = 999443.0 | lr = 0.010000000000000002
Epoch 51: loss = 999418.6875 | lr = 0.010000000000000002
Epoch 52: loss = 999396.25 | lr = 0.010000000000000002
Epoch 53: loss = 999375.875 | lr = 0.010000000000000002
Epoch 54: loss = 999356.1875 | lr = 0.010000000000000002
Epoch 55: loss = 999336.5 | lr = 0.010000000000000002
Epoch 56: loss = 999319.0 | lr = 0.010000000000000002
Epoch 57: loss = 999305.625 | lr = 0.010000000000000002
Epoch 58: loss = 999295.75 | lr = 0.010000000000000002
Epoch 59: loss = 999287.0 | lr = 0.010000000000000002
Epoch 60: loss = 999277.875 | lr = 0.010000000000000002
Epoch 61: loss = 999268.125 | lr = 0.010000000000000002
Epoch 62: loss = 999258.375 | lr = 0.010000000000000002
Epoch 63: loss = 999249.1875 | lr = 0.010000000000000002
Epoch 64: loss = 999241.5 | lr = 0.010000000000000002
Epoch 65: loss = 999236.0 | lr = 0.010000000000000002
Epoch 66: loss = 999232.375 | lr = 0.0010000000000000002
Epoch 67: loss = 999229.5 | lr = 0.0010000000000000002
Epoch 68: loss = 999228.25 | lr = 0.0010000000000000002
Epoch 69: loss = 999225.375 | lr = 0.0010000000000000002
Epoch 70: loss = 999221.3125 | lr = 0.0010000000000000002
Epoch 71: loss = 999216.75 | lr = 0.0010000000000000002
Epoch 72: loss = 999211.875 | lr = 0.0010000000000000002
Epoch 73: loss = 999207.375 | lr = 0.0010000000000000002
Epoch 74: loss = 999203.375 | lr = 0.0010000000000000002
Epoch 75: loss = 999199.875 | lr = 0.0010000000000000002
Epoch 76: loss = 999196.875 | lr = 0.0010000000000000002
Epoch 77: loss = 999194.5 | lr = 0.0010000000000000002
Epoch 78: loss = 999192.625 | lr = 0.0010000000000000002
Epoch 79: loss = 999191.125 | lr = 0.0010000000000000002
Epoch 80: loss = 999190.0 | lr = 0.0010000000000000002
Epoch 81: loss = 999189.125 | lr = 0.0010000000000000002
Epoch 82: loss = 999188.5625 | lr = 0.0010000000000000002
Epoch 83: loss = 999188.125 | lr = 0.00010000000000000003
Epoch 84: loss = 999187.875 | lr = 0.00010000000000000003
Epoch 85: loss = 999187.8125 | lr = 0.00010000000000000003
Epoch 86: loss = 999187.75 | lr = 0.00010000000000000003
Epoch 87: loss = 999187.75 | lr = 0.00010000000000000003
Epoch 88: loss = 999187.6875 | lr = 0.00010000000000000003
Epoch 89: loss = 999187.625 | lr = 0.00010000000000000003
Epoch 90: loss = 999187.5 | lr = 0.00010000000000000003
Epoch 91: loss = 999187.5 | lr = 0.00010000000000000003
Epoch 92: loss = 999187.375 | lr = 1.0000000000000004e-05
Epoch 93: loss = 999187.25 | lr = 1.0000000000000004e-05
Epoch 94: loss = 999187.25 | lr = 1.0000000000000004e-05
Epoch 95: loss = 999187.25 | lr = 1.0000000000000004e-05
Epoch 96: loss = 999187.25 | lr = 1.0000000000000004e-05
Epoch 97: loss = 999187.1875 | lr = 1.0000000000000004e-05
Epoch 98: loss = 999187.1875 | lr = 1.0000000000000004e-05
Epoch 99: loss = 999187.1875 | lr = 1.0000000000000004e-05
Epoch 100: loss = 999187.1875 | lr = 1.0000000000000004e-05
Epoch 101: loss = 999187.1875 | lr = 1.0000000000000004e-06
Epoch 102: loss = 999187.125 | lr = 1.0000000000000004e-06
Epoch 103: loss = 999187.125 | lr = 1.0000000000000004e-06
Epoch 104: loss = 999187.1875 | lr = 1.0000000000000004e-06
Epoch 105: loss = 999187.125 | lr = 1.0000000000000004e-06
Epoch 106: loss = 999187.125 | lr = 1.0000000000000004e-06
Epoch 107: loss = 999187.1875 | lr = 1.0000000000000004e-06
Epoch 108: loss = 999187.125 | lr = 1.0000000000000004e-06
Epoch 109: loss = 999187.125 | lr = 1.0000000000000004e-06
Epoch 110: loss = 999187.125 | lr = 1.0000000000000005e-07
Epoch 111: loss = 999187.125 | lr = 1.0000000000000005e-07
Epoch 112: loss = 999187.125 | lr = 1.0000000000000005e-07
Epoch 113: loss = 999187.125 | lr = 1.0000000000000005e-07
Epoch 114: loss = 999187.125 | lr = 1.0000000000000005e-07
Epoch 115: loss = 999187.125 | lr = 1.0000000000000005e-07
Epoch 116: loss = 999187.125 | lr = 1.0000000000000005e-07
Epoch 117: loss = 999187.125 | lr = 1.0000000000000005e-07
Epoch 118: loss = 999187.125 | lr = 1.0000000000000005e-07
Epoch 119: loss = 999187.125 | lr = 1.0000000000000005e-08
Epoch 120: loss = 999187.125 | lr = 1.0000000000000005e-08
Epoch 121: loss = 999187.125 | lr = 1.0000000000000005e-08
Epoch 122: loss = 999187.125 | lr = 1.0000000000000005e-08
Epoch 123: loss = 999187.125 | lr = 1.0000000000000005e-08
Epoch 124: loss = 999187.125 | lr = 1.0000000000000005e-08
Epoch 125: loss = 999187.1875 | lr = 1.0000000000000005e-08
Epoch 126: loss = 999187.125 | lr = 1.0000000000000005e-08
Epoch 127: loss = 999187.125 | lr = 1.0000000000000005e-08
Epoch 128: loss = 999187.1875 | lr = 1.0000000000000005e-09
Epoch 129: loss = 999187.125 | lr = 1.0000000000000005e-09
Epoch 130: loss = 999187.125 | lr = 1.0000000000000005e-09
Epoch 131: loss = 999187.125 | lr = 1.0000000000000005e-09
Epoch 132: loss = 999187.125 | lr = 1.0000000000000005e-09
Epoch 133: loss = 999187.125 | lr = 1.0000000000000005e-09
Epoch 134: loss = 999187.125 | lr = 1.0000000000000005e-09
Epoch 135: loss = 999187.1875 | lr = 1.0000000000000005e-09
Epoch 136: loss = 999187.125 | lr = 1.0000000000000005e-09
Stopping early due to low learning rate
Reconstruction for fluence = 533.6699231206312 photons/pixel
Epoch 0: loss = 1449003.8408203125 | lr = 0.1
Epoch 1: loss = 1183494.3056640625 | lr = 0.1
Epoch 2: loss = 1188149.2548828125 | lr = 0.1
Epoch 3: loss = 1192299.75 | lr = 0.1
Epoch 4: loss = 1194248.384765625 | lr = 0.1
Epoch 5: loss = 1195111.224609375 | lr = 0.1
Epoch 6: loss = 1196063.443359375 | lr = 0.1
Epoch 7: loss = 1195438.8486328125 | lr = 0.1
Epoch 8: loss = 1199758.1376953125 | lr = 0.1
Epoch 9: loss = 1199657.689453125 | lr = 0.1
Epoch 10: loss = 1198762.6474609375 | lr = 0.010000000000000002
Epoch 11: loss = 1210356.75 | lr = 0.010000000000000002
Epoch 12: loss = 1172110.75 | lr = 0.010000000000000002
Epoch 13: loss = 1167523.625 | lr = 0.010000000000000002
Epoch 14: loss = 1175446.5 | lr = 0.010000000000000002
Epoch 15: loss = 1177653.75 | lr = 0.010000000000000002
Epoch 16: loss = 1174429.0 | lr = 0.010000000000000002
Epoch 17: loss = 1170284.625 | lr = 0.010000000000000002
Epoch 18: loss = 1167510.5 | lr = 0.010000000000000002
Epoch 19: loss = 1166087.75 | lr = 0.010000000000000002
Epoch 20: loss = 1165449.375 | lr = 0.010000000000000002
Epoch 21: loss = 1164955.5 | lr = 0.010000000000000002
Epoch 22: loss = 1164256.5 | lr = 0.010000000000000002
Epoch 23: loss = 1163405.5 | lr = 0.010000000000000002
Epoch 24: loss = 1162587.75 | lr = 0.010000000000000002
Epoch 25: loss = 1161878.5 | lr = 0.010000000000000002
Epoch 26: loss = 1161252.625 | lr = 0.010000000000000002
Epoch 27: loss = 1160719.75 | lr = 0.010000000000000002
Epoch 28: loss = 1160261.5 | lr = 0.010000000000000002
Epoch 29: loss = 1159875.5 | lr = 0.010000000000000002
Epoch 30: loss = 1159559.5 | lr = 0.010000000000000002
Epoch 31: loss = 1159265.5 | lr = 0.010000000000000002
Epoch 32: loss = 1158985.5 | lr = 0.010000000000000002
Epoch 33: loss = 1158735.125 | lr = 0.010000000000000002
Epoch 34: loss = 1158487.375 | lr = 0.010000000000000002
Epoch 35: loss = 1158249.0 | lr = 0.010000000000000002
Epoch 36: loss = 1158038.5 | lr = 0.010000000000000002
Epoch 37: loss = 1157854.125 | lr = 0.010000000000000002
Epoch 38: loss = 1157703.375 | lr = 0.010000000000000002
Epoch 39: loss = 1157598.375 | lr = 0.010000000000000002
Epoch 40: loss = 1157510.375 | lr = 0.010000000000000002
Epoch 41: loss = 1157408.5 | lr = 0.010000000000000002
Epoch 42: loss = 1157285.5 | lr = 0.010000000000000002
Epoch 43: loss = 1157168.375 | lr = 0.010000000000000002
Epoch 44: loss = 1157078.0 | lr = 0.010000000000000002
Epoch 45: loss = 1157016.625 | lr = 0.010000000000000002
Epoch 46: loss = 1156972.5 | lr = 0.010000000000000002
Epoch 47: loss = 1156925.5 | lr = 0.010000000000000002
Epoch 48: loss = 1156865.875 | lr = 0.010000000000000002
Epoch 49: loss = 1156804.0 | lr = 0.010000000000000002
Epoch 50: loss = 1156753.125 | lr = 0.010000000000000002
Epoch 51: loss = 1156717.0 | lr = 0.010000000000000002
Epoch 52: loss = 1156688.75 | lr = 0.010000000000000002
Epoch 53: loss = 1156664.25 | lr = 0.010000000000000002
Epoch 54: loss = 1156642.125 | lr = 0.010000000000000002
Epoch 55: loss = 1156617.0 | lr = 0.010000000000000002
Epoch 56: loss = 1156588.25 | lr = 0.010000000000000002
Epoch 57: loss = 1156561.5 | lr = 0.010000000000000002
Epoch 58: loss = 1156540.75 | lr = 0.010000000000000002
Epoch 59: loss = 1156525.75 | lr = 0.010000000000000002
Epoch 60: loss = 1156514.125 | lr = 0.010000000000000002
Epoch 61: loss = 1156504.0 | lr = 0.010000000000000002
Epoch 62: loss = 1156494.375 | lr = 0.010000000000000002
Epoch 63: loss = 1156483.375 | lr = 0.010000000000000002
Epoch 64: loss = 1156471.0 | lr = 0.010000000000000002
Epoch 65: loss = 1156459.375 | lr = 0.010000000000000002
Epoch 66: loss = 1156450.25 | lr = 0.010000000000000002
Epoch 67: loss = 1156443.5 | lr = 0.010000000000000002
Epoch 68: loss = 1156438.875 | lr = 0.010000000000000002
Epoch 69: loss = 1156435.125 | lr = 0.010000000000000002
Epoch 70: loss = 1156430.5 | lr = 0.010000000000000002
Epoch 71: loss = 1156425.0 | lr = 0.010000000000000002
Epoch 72: loss = 1156419.5 | lr = 0.010000000000000002
Epoch 73: loss = 1156415.0 | lr = 0.0010000000000000002
Epoch 74: loss = 1156411.75 | lr = 0.0010000000000000002
Epoch 75: loss = 1156410.75 | lr = 0.0010000000000000002
Epoch 76: loss = 1156408.25 | lr = 0.0010000000000000002
Epoch 77: loss = 1156404.875 | lr = 0.0010000000000000002
Epoch 78: loss = 1156401.125 | lr = 0.0010000000000000002
Epoch 79: loss = 1156397.5 | lr = 0.0010000000000000002
Epoch 80: loss = 1156394.25 | lr = 0.0010000000000000002
Epoch 81: loss = 1156391.5 | lr = 0.0010000000000000002
Epoch 82: loss = 1156389.375 | lr = 0.00010000000000000003
Epoch 83: loss = 1156387.75 | lr = 0.00010000000000000003
Epoch 84: loss = 1156387.5 | lr = 0.00010000000000000003
Epoch 85: loss = 1156387.25 | lr = 0.00010000000000000003
Epoch 86: loss = 1156387.125 | lr = 0.00010000000000000003
Epoch 87: loss = 1156387.0 | lr = 0.00010000000000000003
Epoch 88: loss = 1156386.75 | lr = 0.00010000000000000003
Epoch 89: loss = 1156386.5 | lr = 0.00010000000000000003
Epoch 90: loss = 1156386.375 | lr = 0.00010000000000000003
Epoch 91: loss = 1156386.25 | lr = 1.0000000000000004e-05
Epoch 92: loss = 1156386.0 | lr = 1.0000000000000004e-05
Epoch 93: loss = 1156386.125 | lr = 1.0000000000000004e-05
Epoch 94: loss = 1156386.0 | lr = 1.0000000000000004e-05
Epoch 95: loss = 1156386.0 | lr = 1.0000000000000004e-05
Epoch 96: loss = 1156386.0 | lr = 1.0000000000000004e-05
Epoch 97: loss = 1156386.0 | lr = 1.0000000000000004e-05
Epoch 98: loss = 1156386.0 | lr = 1.0000000000000004e-05
Epoch 99: loss = 1156386.0 | lr = 1.0000000000000004e-05
Epoch 100: loss = 1156385.875 | lr = 1.0000000000000004e-06
Epoch 101: loss = 1156385.75 | lr = 1.0000000000000004e-06
Epoch 102: loss = 1156385.875 | lr = 1.0000000000000004e-06
Epoch 103: loss = 1156385.875 | lr = 1.0000000000000004e-06
Epoch 104: loss = 1156386.0 | lr = 1.0000000000000004e-06
Epoch 105: loss = 1156385.75 | lr = 1.0000000000000004e-06
Epoch 106: loss = 1156385.875 | lr = 1.0000000000000004e-06
Epoch 107: loss = 1156385.75 | lr = 1.0000000000000004e-06
Epoch 108: loss = 1156385.875 | lr = 1.0000000000000004e-06
Epoch 109: loss = 1156385.875 | lr = 1.0000000000000005e-07
Epoch 110: loss = 1156385.875 | lr = 1.0000000000000005e-07
Epoch 111: loss = 1156385.75 | lr = 1.0000000000000005e-07
Epoch 112: loss = 1156385.875 | lr = 1.0000000000000005e-07
Epoch 113: loss = 1156385.875 | lr = 1.0000000000000005e-07
Epoch 114: loss = 1156385.875 | lr = 1.0000000000000005e-07
Epoch 115: loss = 1156385.875 | lr = 1.0000000000000005e-07
Epoch 116: loss = 1156385.875 | lr = 1.0000000000000005e-07
Epoch 117: loss = 1156385.75 | lr = 1.0000000000000005e-07
Epoch 118: loss = 1156385.75 | lr = 1.0000000000000005e-08
Epoch 119: loss = 1156385.75 | lr = 1.0000000000000005e-08
Epoch 120: loss = 1156385.875 | lr = 1.0000000000000005e-08
Epoch 121: loss = 1156385.875 | lr = 1.0000000000000005e-08
Epoch 122: loss = 1156385.875 | lr = 1.0000000000000005e-08
Epoch 123: loss = 1156385.75 | lr = 1.0000000000000005e-08
Epoch 124: loss = 1156385.875 | lr = 1.0000000000000005e-08
Epoch 125: loss = 1156385.875 | lr = 1.0000000000000005e-08
Epoch 126: loss = 1156385.875 | lr = 1.0000000000000005e-08
Epoch 127: loss = 1156385.875 | lr = 1.0000000000000005e-09
Epoch 128: loss = 1156385.75 | lr = 1.0000000000000005e-09
Epoch 129: loss = 1156385.875 | lr = 1.0000000000000005e-09
Epoch 130: loss = 1156385.875 | lr = 1.0000000000000005e-09
Epoch 131: loss = 1156385.875 | lr = 1.0000000000000005e-09
Epoch 132: loss = 1156385.75 | lr = 1.0000000000000005e-09
Epoch 133: loss = 1156385.875 | lr = 1.0000000000000005e-09
Epoch 134: loss = 1156385.875 | lr = 1.0000000000000005e-09
Epoch 135: loss = 1156386.0 | lr = 1.0000000000000005e-09
Stopping early due to low learning rate
Reconstruction for fluence = 1232.8467394420659 photons/pixel
Epoch 0: loss = 2216633.580078125 | lr = 0.1
Epoch 1: loss = 1563520.248046875 | lr = 0.1
Epoch 2: loss = 1572623.62109375 | lr = 0.1
Epoch 3: loss = 1578672.232421875 | lr = 0.1
Epoch 4: loss = 1585138.974609375 | lr = 0.1
Epoch 5: loss = 1584540.75 | lr = 0.1
Epoch 6: loss = 1592797.892578125 | lr = 0.1
Epoch 7: loss = 1594014.69921875 | lr = 0.1
Epoch 8: loss = 1594489.16796875 | lr = 0.1
Epoch 9: loss = 1595064.45703125 | lr = 0.1
Epoch 10: loss = 1596862.330078125 | lr = 0.010000000000000002
Epoch 11: loss = 1621533.875 | lr = 0.010000000000000002
Epoch 12: loss = 1547265.25 | lr = 0.010000000000000002
Epoch 13: loss = 1544423.0 | lr = 0.010000000000000002
Epoch 14: loss = 1559666.0 | lr = 0.010000000000000002
Epoch 15: loss = 1560364.0 | lr = 0.010000000000000002
Epoch 16: loss = 1552680.625 | lr = 0.010000000000000002
Epoch 17: loss = 1545545.25 | lr = 0.010000000000000002
Epoch 18: loss = 1541325.75 | lr = 0.010000000000000002
Epoch 19: loss = 1539004.125 | lr = 0.010000000000000002
Epoch 20: loss = 1537520.5 | lr = 0.010000000000000002
Epoch 21: loss = 1536183.375 | lr = 0.010000000000000002
Epoch 22: loss = 1534655.25 | lr = 0.010000000000000002
Epoch 23: loss = 1533201.5 | lr = 0.010000000000000002
Epoch 24: loss = 1531785.25 | lr = 0.010000000000000002
Epoch 25: loss = 1530331.75 | lr = 0.010000000000000002
Epoch 26: loss = 1529058.75 | lr = 0.010000000000000002
Epoch 27: loss = 1528061.0 | lr = 0.010000000000000002
Epoch 28: loss = 1527261.75 | lr = 0.010000000000000002
Epoch 29: loss = 1526543.5 | lr = 0.010000000000000002
Epoch 30: loss = 1525881.25 | lr = 0.010000000000000002
Epoch 31: loss = 1525265.25 | lr = 0.010000000000000002
Epoch 32: loss = 1524686.25 | lr = 0.010000000000000002
Epoch 33: loss = 1524179.25 | lr = 0.010000000000000002
Epoch 34: loss = 1523742.75 | lr = 0.010000000000000002
Epoch 35: loss = 1523337.0 | lr = 0.010000000000000002
Epoch 36: loss = 1522950.875 | lr = 0.010000000000000002
Epoch 37: loss = 1522612.0 | lr = 0.010000000000000002
Epoch 38: loss = 1522323.25 | lr = 0.010000000000000002
Epoch 39: loss = 1522077.375 | lr = 0.010000000000000002
Epoch 40: loss = 1521856.625 | lr = 0.010000000000000002
Epoch 41: loss = 1521648.5 | lr = 0.010000000000000002
Epoch 42: loss = 1521448.125 | lr = 0.010000000000000002
Epoch 43: loss = 1521259.625 | lr = 0.010000000000000002
Epoch 44: loss = 1521089.25 | lr = 0.010000000000000002
Epoch 45: loss = 1520946.25 | lr = 0.010000000000000002
Epoch 46: loss = 1520839.5 | lr = 0.010000000000000002
Epoch 47: loss = 1520751.0 | lr = 0.010000000000000002
Epoch 48: loss = 1520657.75 | lr = 0.010000000000000002
Epoch 49: loss = 1520549.75 | lr = 0.010000000000000002
Epoch 50: loss = 1520445.25 | lr = 0.010000000000000002
Epoch 51: loss = 1520364.25 | lr = 0.010000000000000002
Epoch 52: loss = 1520310.0 | lr = 0.010000000000000002
Epoch 53: loss = 1520265.5 | lr = 0.010000000000000002
Epoch 54: loss = 1520216.375 | lr = 0.010000000000000002
Epoch 55: loss = 1520162.5 | lr = 0.010000000000000002
Epoch 56: loss = 1520108.0 | lr = 0.010000000000000002
Epoch 57: loss = 1520064.125 | lr = 0.010000000000000002
Epoch 58: loss = 1520035.75 | lr = 0.010000000000000002
Epoch 59: loss = 1520011.25 | lr = 0.010000000000000002
Epoch 60: loss = 1519982.5 | lr = 0.010000000000000002
Epoch 61: loss = 1519951.375 | lr = 0.010000000000000002
Epoch 62: loss = 1519923.5 | lr = 0.010000000000000002
Epoch 63: loss = 1519904.0 | lr = 0.010000000000000002
Epoch 64: loss = 1519889.0 | lr = 0.010000000000000002
Epoch 65: loss = 1519872.5 | lr = 0.010000000000000002
Epoch 66: loss = 1519856.125 | lr = 0.010000000000000002
Epoch 67: loss = 1519842.375 | lr = 0.010000000000000002
Epoch 68: loss = 1519831.0 | lr = 0.010000000000000002
Epoch 69: loss = 1519820.75 | lr = 0.010000000000000002
Epoch 70: loss = 1519810.125 | lr = 0.0010000000000000002
Epoch 71: loss = 1519799.25 | lr = 0.0010000000000000002
Epoch 72: loss = 1519796.0 | lr = 0.0010000000000000002
Epoch 73: loss = 1519788.75 | lr = 0.0010000000000000002
Epoch 74: loss = 1519779.0 | lr = 0.0010000000000000002
Epoch 75: loss = 1519768.375 | lr = 0.0010000000000000002
Epoch 76: loss = 1519758.25 | lr = 0.0010000000000000002
Epoch 77: loss = 1519749.25 | lr = 0.0010000000000000002
Epoch 78: loss = 1519741.75 | lr = 0.0010000000000000002
Epoch 79: loss = 1519736.125 | lr = 0.0010000000000000002
Epoch 80: loss = 1519732.0 | lr = 0.00010000000000000003
Epoch 81: loss = 1519729.125 | lr = 0.00010000000000000003
Epoch 82: loss = 1519728.875 | lr = 0.00010000000000000003
Epoch 83: loss = 1519728.5 | lr = 0.00010000000000000003
Epoch 84: loss = 1519728.25 | lr = 0.00010000000000000003
Epoch 85: loss = 1519728.0 | lr = 0.00010000000000000003
Epoch 86: loss = 1519727.5 | lr = 0.00010000000000000003
Epoch 87: loss = 1519727.25 | lr = 0.00010000000000000003
Epoch 88: loss = 1519726.875 | lr = 0.00010000000000000003
Epoch 89: loss = 1519726.5 | lr = 1.0000000000000004e-05
Epoch 90: loss = 1519726.0 | lr = 1.0000000000000004e-05
Epoch 91: loss = 1519726.0 | lr = 1.0000000000000004e-05
Epoch 92: loss = 1519726.0 | lr = 1.0000000000000004e-05
Epoch 93: loss = 1519726.0 | lr = 1.0000000000000004e-05
Epoch 94: loss = 1519726.0 | lr = 1.0000000000000004e-05
Epoch 95: loss = 1519726.0 | lr = 1.0000000000000004e-05
Epoch 96: loss = 1519725.875 | lr = 1.0000000000000004e-05
Epoch 97: loss = 1519725.75 | lr = 1.0000000000000004e-05
Epoch 98: loss = 1519725.75 | lr = 1.0000000000000004e-06
Epoch 99: loss = 1519725.75 | lr = 1.0000000000000004e-06
Epoch 100: loss = 1519725.75 | lr = 1.0000000000000004e-06
Epoch 101: loss = 1519725.75 | lr = 1.0000000000000004e-06
Epoch 102: loss = 1519725.75 | lr = 1.0000000000000004e-06
Epoch 103: loss = 1519725.75 | lr = 1.0000000000000004e-06
Epoch 104: loss = 1519725.75 | lr = 1.0000000000000004e-06
Epoch 105: loss = 1519725.75 | lr = 1.0000000000000004e-06
Epoch 106: loss = 1519725.75 | lr = 1.0000000000000004e-06
Epoch 107: loss = 1519725.75 | lr = 1.0000000000000005e-07
Epoch 108: loss = 1519725.75 | lr = 1.0000000000000005e-07
Epoch 109: loss = 1519725.75 | lr = 1.0000000000000005e-07
Epoch 110: loss = 1519725.75 | lr = 1.0000000000000005e-07
Epoch 111: loss = 1519725.75 | lr = 1.0000000000000005e-07
Epoch 112: loss = 1519725.75 | lr = 1.0000000000000005e-07
Epoch 113: loss = 1519725.75 | lr = 1.0000000000000005e-07
Epoch 114: loss = 1519725.75 | lr = 1.0000000000000005e-07
Epoch 115: loss = 1519725.75 | lr = 1.0000000000000005e-07
Epoch 116: loss = 1519725.75 | lr = 1.0000000000000005e-08
Epoch 117: loss = 1519725.75 | lr = 1.0000000000000005e-08
Epoch 118: loss = 1519725.75 | lr = 1.0000000000000005e-08
Epoch 119: loss = 1519725.75 | lr = 1.0000000000000005e-08
Epoch 120: loss = 1519725.75 | lr = 1.0000000000000005e-08
Epoch 121: loss = 1519725.75 | lr = 1.0000000000000005e-08
Epoch 122: loss = 1519725.75 | lr = 1.0000000000000005e-08
Epoch 123: loss = 1519725.75 | lr = 1.0000000000000005e-08
Epoch 124: loss = 1519725.75 | lr = 1.0000000000000005e-08
Epoch 125: loss = 1519725.75 | lr = 1.0000000000000005e-09
Epoch 126: loss = 1519725.75 | lr = 1.0000000000000005e-09
Epoch 127: loss = 1519725.75 | lr = 1.0000000000000005e-09
Epoch 128: loss = 1519725.625 | lr = 1.0000000000000005e-09
Epoch 129: loss = 1519725.75 | lr = 1.0000000000000005e-09
Epoch 130: loss = 1519725.75 | lr = 1.0000000000000005e-09
Epoch 131: loss = 1519725.75 | lr = 1.0000000000000005e-09
Epoch 132: loss = 1519725.75 | lr = 1.0000000000000005e-09
Epoch 133: loss = 1519725.75 | lr = 1.0000000000000005e-09
Stopping early due to low learning rate
Reconstruction for fluence = 2848.0358684358016 photons/pixel
Epoch 0: loss = 3623635.84375 | lr = 0.1
Epoch 1: loss = 2111418.443359375 | lr = 0.1
Epoch 2: loss = 2129773.982421875 | lr = 0.1
Epoch 3: loss = 2141186.646484375 | lr = 0.1
Epoch 4: loss = 2146652.900390625 | lr = 0.1
Epoch 5: loss = 2163149.021484375 | lr = 0.1
Epoch 6: loss = 2169484.7421875 | lr = 0.1
Epoch 7: loss = 2175013.177734375 | lr = 0.1
Epoch 8: loss = 2172176.091796875 | lr = 0.1
Epoch 9: loss = 2176445.701171875 | lr = 0.1
Epoch 10: loss = 2174506.44921875 | lr = 0.010000000000000002
Epoch 11: loss = 2200980.0 | lr = 0.010000000000000002
Epoch 12: loss = 2079916.375 | lr = 0.010000000000000002
Epoch 13: loss = 2096230.125 | lr = 0.010000000000000002
Epoch 14: loss = 2117888.75 | lr = 0.010000000000000002
Epoch 15: loss = 2108819.25 | lr = 0.010000000000000002
Epoch 16: loss = 2092548.875 | lr = 0.010000000000000002
Epoch 17: loss = 2082699.125 | lr = 0.010000000000000002
Epoch 18: loss = 2078714.0 | lr = 0.010000000000000002
Epoch 19: loss = 2076472.0 | lr = 0.010000000000000002
Epoch 20: loss = 2074205.25 | lr = 0.010000000000000002
Epoch 21: loss = 2071811.375 | lr = 0.010000000000000002
Epoch 22: loss = 2068928.875 | lr = 0.010000000000000002
Epoch 23: loss = 2065460.75 | lr = 0.010000000000000002
Epoch 24: loss = 2062471.625 | lr = 0.010000000000000002
Epoch 25: loss = 2060577.5 | lr = 0.010000000000000002
Epoch 26: loss = 2059311.125 | lr = 0.010000000000000002
Epoch 27: loss = 2058117.375 | lr = 0.010000000000000002
Epoch 28: loss = 2056739.125 | lr = 0.010000000000000002
Epoch 29: loss = 2055273.625 | lr = 0.010000000000000002
Epoch 30: loss = 2053895.625 | lr = 0.010000000000000002
Epoch 31: loss = 2052822.75 | lr = 0.010000000000000002
Epoch 32: loss = 2052063.75 | lr = 0.010000000000000002
Epoch 33: loss = 2051428.25 | lr = 0.010000000000000002
Epoch 34: loss = 2050778.0 | lr = 0.010000000000000002
Epoch 35: loss = 2049984.25 | lr = 0.010000000000000002
Epoch 36: loss = 2049205.25 | lr = 0.010000000000000002
Epoch 37: loss = 2048648.875 | lr = 0.010000000000000002
Epoch 38: loss = 2048288.625 | lr = 0.010000000000000002
Epoch 39: loss = 2048009.75 | lr = 0.010000000000000002
Epoch 40: loss = 2047676.25 | lr = 0.010000000000000002
Epoch 41: loss = 2047245.375 | lr = 0.010000000000000002
Epoch 42: loss = 2046805.75 | lr = 0.010000000000000002
Epoch 43: loss = 2046496.75 | lr = 0.010000000000000002
Epoch 44: loss = 2046310.875 | lr = 0.010000000000000002
Epoch 45: loss = 2046140.25 | lr = 0.010000000000000002
Epoch 46: loss = 2045958.75 | lr = 0.010000000000000002
Epoch 47: loss = 2045771.375 | lr = 0.010000000000000002
Epoch 48: loss = 2045585.375 | lr = 0.010000000000000002
Epoch 49: loss = 2045405.125 | lr = 0.010000000000000002
Epoch 50: loss = 2045263.0 | lr = 0.010000000000000002
Epoch 51: loss = 2045170.375 | lr = 0.010000000000000002
Epoch 52: loss = 2045081.75 | lr = 0.010000000000000002
Epoch 53: loss = 2044977.625 | lr = 0.010000000000000002
Epoch 54: loss = 2044876.125 | lr = 0.010000000000000002
Epoch 55: loss = 2044788.75 | lr = 0.010000000000000002
Epoch 56: loss = 2044730.375 | lr = 0.010000000000000002
Epoch 57: loss = 2044681.5 | lr = 0.010000000000000002
Epoch 58: loss = 2044621.5 | lr = 0.010000000000000002
Epoch 59: loss = 2044558.5 | lr = 0.010000000000000002
Epoch 60: loss = 2044506.75 | lr = 0.010000000000000002
Epoch 61: loss = 2044466.75 | lr = 0.010000000000000002
Epoch 62: loss = 2044434.625 | lr = 0.010000000000000002
Epoch 63: loss = 2044405.0 | lr = 0.010000000000000002
Epoch 64: loss = 2044374.0 | lr = 0.010000000000000002
Epoch 65: loss = 2044344.25 | lr = 0.010000000000000002
Epoch 66: loss = 2044319.125 | lr = 0.010000000000000002
Epoch 67: loss = 2044296.375 | lr = 0.010000000000000002
Epoch 68: loss = 2044274.875 | lr = 0.010000000000000002
Epoch 69: loss = 2044256.5 | lr = 0.010000000000000002
Epoch 70: loss = 2044241.5 | lr = 0.010000000000000002
Epoch 71: loss = 2044229.0 | lr = 0.010000000000000002
Epoch 72: loss = 2044216.875 | lr = 0.0010000000000000002
Epoch 73: loss = 2044203.75 | lr = 0.0010000000000000002
Epoch 74: loss = 2044198.75 | lr = 0.0010000000000000002
Epoch 75: loss = 2044187.75 | lr = 0.0010000000000000002
Epoch 76: loss = 2044173.25 | lr = 0.0010000000000000002
Epoch 77: loss = 2044157.75 | lr = 0.0010000000000000002
Epoch 78: loss = 2044143.25 | lr = 0.0010000000000000002
Epoch 79: loss = 2044131.0 | lr = 0.0010000000000000002
Epoch 80: loss = 2044121.625 | lr = 0.0010000000000000002
Epoch 81: loss = 2044114.875 | lr = 0.0010000000000000002
Epoch 82: loss = 2044110.625 | lr = 0.0010000000000000002
Epoch 83: loss = 2044108.125 | lr = 0.00010000000000000003
Epoch 84: loss = 2044106.875 | lr = 0.00010000000000000003
Epoch 85: loss = 2044106.75 | lr = 0.00010000000000000003
Epoch 86: loss = 2044106.625 | lr = 0.00010000000000000003
Epoch 87: loss = 2044106.25 | lr = 0.00010000000000000003
Epoch 88: loss = 2044106.0 | lr = 0.00010000000000000003
Epoch 89: loss = 2044105.5 | lr = 0.00010000000000000003
Epoch 90: loss = 2044105.375 | lr = 0.00010000000000000003
Epoch 91: loss = 2044104.75 | lr = 0.00010000000000000003
Epoch 92: loss = 2044104.25 | lr = 1.0000000000000004e-05
Epoch 93: loss = 2044104.0 | lr = 1.0000000000000004e-05
Epoch 94: loss = 2044103.875 | lr = 1.0000000000000004e-05
Epoch 95: loss = 2044103.75 | lr = 1.0000000000000004e-05
Epoch 96: loss = 2044103.75 | lr = 1.0000000000000004e-05
Epoch 97: loss = 2044103.625 | lr = 1.0000000000000004e-05
Epoch 98: loss = 2044103.75 | lr = 1.0000000000000004e-05
Epoch 99: loss = 2044103.5 | lr = 1.0000000000000004e-05
Epoch 100: loss = 2044103.5 | lr = 1.0000000000000004e-05
Epoch 101: loss = 2044103.5 | lr = 1.0000000000000004e-06
Epoch 102: loss = 2044103.5 | lr = 1.0000000000000004e-06
Epoch 103: loss = 2044103.375 | lr = 1.0000000000000004e-06
Epoch 104: loss = 2044103.5 | lr = 1.0000000000000004e-06
Epoch 105: loss = 2044103.375 | lr = 1.0000000000000004e-06
Epoch 106: loss = 2044103.5 | lr = 1.0000000000000004e-06
Epoch 107: loss = 2044103.375 | lr = 1.0000000000000004e-06
Epoch 108: loss = 2044103.5 | lr = 1.0000000000000004e-06
Epoch 109: loss = 2044103.25 | lr = 1.0000000000000004e-06
Epoch 110: loss = 2044103.375 | lr = 1.0000000000000005e-07
Epoch 111: loss = 2044103.5 | lr = 1.0000000000000005e-07
Epoch 112: loss = 2044103.5 | lr = 1.0000000000000005e-07
Epoch 113: loss = 2044103.25 | lr = 1.0000000000000005e-07
Epoch 114: loss = 2044103.375 | lr = 1.0000000000000005e-07
Epoch 115: loss = 2044103.375 | lr = 1.0000000000000005e-07
Epoch 116: loss = 2044103.375 | lr = 1.0000000000000005e-07
Epoch 117: loss = 2044103.375 | lr = 1.0000000000000005e-07
Epoch 118: loss = 2044103.375 | lr = 1.0000000000000005e-07
Epoch 119: loss = 2044103.5 | lr = 1.0000000000000005e-08
Epoch 120: loss = 2044103.375 | lr = 1.0000000000000005e-08
Epoch 121: loss = 2044103.25 | lr = 1.0000000000000005e-08
Epoch 122: loss = 2044103.25 | lr = 1.0000000000000005e-08
Epoch 123: loss = 2044103.5 | lr = 1.0000000000000005e-08
Epoch 124: loss = 2044103.25 | lr = 1.0000000000000005e-08
Epoch 125: loss = 2044103.5 | lr = 1.0000000000000005e-08
Epoch 126: loss = 2044103.375 | lr = 1.0000000000000005e-08
Epoch 127: loss = 2044103.5 | lr = 1.0000000000000005e-08
Epoch 128: loss = 2044103.5 | lr = 1.0000000000000005e-09
Epoch 129: loss = 2044103.375 | lr = 1.0000000000000005e-09
Epoch 130: loss = 2044103.375 | lr = 1.0000000000000005e-09
Epoch 131: loss = 2044103.25 | lr = 1.0000000000000005e-09
Epoch 132: loss = 2044103.375 | lr = 1.0000000000000005e-09
Epoch 133: loss = 2044103.25 | lr = 1.0000000000000005e-09
Epoch 134: loss = 2044103.25 | lr = 1.0000000000000005e-09
Epoch 135: loss = 2044103.5 | lr = 1.0000000000000005e-09
Epoch 136: loss = 2044103.25 | lr = 1.0000000000000005e-09
Stopping early due to low learning rate
Reconstruction for fluence = 6579.332246575682 photons/pixel
Epoch 0: loss = 6517289.48046875 | lr = 0.1
Epoch 1: loss = 2811094.142578125 | lr = 0.1
Epoch 2: loss = 2839669.5 | lr = 0.1
Epoch 3: loss = 2871165.375 | lr = 0.1
Epoch 4: loss = 2881923.30859375 | lr = 0.1
Epoch 5: loss = 2895751.83203125 | lr = 0.1
Epoch 6: loss = 2917884.703125 | lr = 0.1
Epoch 7: loss = 2922122.25390625 | lr = 0.1
Epoch 8: loss = 2926452.99609375 | lr = 0.1
Epoch 9: loss = 2937710.9921875 | lr = 0.1
Epoch 10: loss = 2945814.8046875 | lr = 0.010000000000000002
Epoch 11: loss = 2972772.75 | lr = 0.010000000000000002
Epoch 12: loss = 2772317.5 | lr = 0.010000000000000002
Epoch 13: loss = 2821142.25 | lr = 0.010000000000000002
Epoch 14: loss = 2841876.5 | lr = 0.010000000000000002
Epoch 15: loss = 2811423.5 | lr = 0.010000000000000002
Epoch 16: loss = 2789736.5 | lr = 0.010000000000000002
Epoch 17: loss = 2782280.5 | lr = 0.010000000000000002
Epoch 18: loss = 2775512.5 | lr = 0.010000000000000002
Epoch 19: loss = 2768857.25 | lr = 0.010000000000000002
Epoch 20: loss = 2762759.5 | lr = 0.010000000000000002
Epoch 21: loss = 2756593.5 | lr = 0.010000000000000002
Epoch 22: loss = 2751182.0 | lr = 0.010000000000000002
Epoch 23: loss = 2747071.25 | lr = 0.010000000000000002
Epoch 24: loss = 2743842.0 | lr = 0.010000000000000002
Epoch 25: loss = 2740396.0 | lr = 0.010000000000000002
Epoch 26: loss = 2736997.0 | lr = 0.010000000000000002
Epoch 27: loss = 2734312.5 | lr = 0.010000000000000002
Epoch 28: loss = 2731826.0 | lr = 0.010000000000000002
Epoch 29: loss = 2729248.5 | lr = 0.010000000000000002
Epoch 30: loss = 2726921.25 | lr = 0.010000000000000002
Epoch 31: loss = 2725464.5 | lr = 0.010000000000000002
Epoch 32: loss = 2724406.0 | lr = 0.010000000000000002
Epoch 33: loss = 2723098.5 | lr = 0.010000000000000002
Epoch 34: loss = 2721602.5 | lr = 0.010000000000000002
Epoch 35: loss = 2720111.5 | lr = 0.010000000000000002
Epoch 36: loss = 2718886.75 | lr = 0.010000000000000002
Epoch 37: loss = 2718099.5 | lr = 0.010000000000000002
Epoch 38: loss = 2717512.25 | lr = 0.010000000000000002
Epoch 39: loss = 2716876.5 | lr = 0.010000000000000002
Epoch 40: loss = 2716120.75 | lr = 0.010000000000000002
Epoch 41: loss = 2715359.25 | lr = 0.010000000000000002
Epoch 42: loss = 2714780.5 | lr = 0.010000000000000002
Epoch 43: loss = 2714365.0 | lr = 0.010000000000000002
Epoch 44: loss = 2713983.5 | lr = 0.010000000000000002
Epoch 45: loss = 2713553.75 | lr = 0.010000000000000002
Epoch 46: loss = 2713160.25 | lr = 0.010000000000000002
Epoch 47: loss = 2712873.5 | lr = 0.010000000000000002
Epoch 48: loss = 2712584.0 | lr = 0.010000000000000002
Epoch 49: loss = 2712309.0 | lr = 0.010000000000000002
Epoch 50: loss = 2712105.5 | lr = 0.010000000000000002
Epoch 51: loss = 2711904.5 | lr = 0.010000000000000002
Epoch 52: loss = 2711691.25 | lr = 0.010000000000000002
Epoch 53: loss = 2711500.5 | lr = 0.010000000000000002
Epoch 54: loss = 2711333.5 | lr = 0.010000000000000002
Epoch 55: loss = 2711211.5 | lr = 0.010000000000000002
Epoch 56: loss = 2711128.5 | lr = 0.010000000000000002
Epoch 57: loss = 2711033.5 | lr = 0.010000000000000002
Epoch 58: loss = 2710906.5 | lr = 0.010000000000000002
Epoch 59: loss = 2710779.0 | lr = 0.010000000000000002
Epoch 60: loss = 2710689.0 | lr = 0.010000000000000002
Epoch 61: loss = 2710643.5 | lr = 0.010000000000000002
Epoch 62: loss = 2710602.5 | lr = 0.010000000000000002
Epoch 63: loss = 2710539.0 | lr = 0.010000000000000002
Epoch 64: loss = 2710467.0 | lr = 0.010000000000000002
Epoch 65: loss = 2710411.25 | lr = 0.010000000000000002
Epoch 66: loss = 2710371.5 | lr = 0.010000000000000002
Epoch 67: loss = 2710338.0 | lr = 0.010000000000000002
Epoch 68: loss = 2710308.0 | lr = 0.010000000000000002
Epoch 69: loss = 2710278.5 | lr = 0.010000000000000002
Epoch 70: loss = 2710247.0 | lr = 0.010000000000000002
Epoch 71: loss = 2710216.0 | lr = 0.010000000000000002
Epoch 72: loss = 2710189.25 | lr = 0.010000000000000002
Epoch 73: loss = 2710169.75 | lr = 0.010000000000000002
Epoch 74: loss = 2710157.0 | lr = 0.010000000000000002
Epoch 75: loss = 2710144.5 | lr = 0.010000000000000002
Epoch 76: loss = 2710127.25 | lr = 0.010000000000000002
Epoch 77: loss = 2710109.0 | lr = 0.0010000000000000002
Epoch 78: loss = 2710094.5 | lr = 0.0010000000000000002
Epoch 79: loss = 2710089.25 | lr = 0.0010000000000000002
Epoch 80: loss = 2710077.0 | lr = 0.0010000000000000002
Epoch 81: loss = 2710061.25 | lr = 0.0010000000000000002
Epoch 82: loss = 2710044.5 | lr = 0.0010000000000000002
Epoch 83: loss = 2710029.5 | lr = 0.0010000000000000002
Epoch 84: loss = 2710017.25 | lr = 0.0010000000000000002
Epoch 85: loss = 2710008.5 | lr = 0.0010000000000000002
Epoch 86: loss = 2710003.0 | lr = 0.0010000000000000002
Epoch 87: loss = 2709999.75 | lr = 0.0010000000000000002
Epoch 88: loss = 2709998.5 | lr = 0.0010000000000000002
Epoch 89: loss = 2709998.5 | lr = 0.0010000000000000002
Epoch 90: loss = 2709999.0 | lr = 0.0010000000000000002
Epoch 91: loss = 2709999.25 | lr = 0.0010000000000000002
Epoch 92: loss = 2709999.5 | lr = 0.00010000000000000003
Epoch 93: loss = 2709999.75 | lr = 0.00010000000000000003
Epoch 94: loss = 2709999.75 | lr = 0.00010000000000000003
Epoch 95: loss = 2709999.5 | lr = 0.00010000000000000003
Epoch 96: loss = 2709999.0 | lr = 0.00010000000000000003
Epoch 97: loss = 2709999.0 | lr = 0.00010000000000000003
Epoch 98: loss = 2709998.5 | lr = 0.00010000000000000003
Epoch 99: loss = 2709998.0 | lr = 0.00010000000000000003
Epoch 100: loss = 2709997.5 | lr = 0.00010000000000000003
Epoch 101: loss = 2709997.0 | lr = 1.0000000000000004e-05
Epoch 102: loss = 2709996.5 | lr = 1.0000000000000004e-05
Epoch 103: loss = 2709996.5 | lr = 1.0000000000000004e-05
Epoch 104: loss = 2709996.5 | lr = 1.0000000000000004e-05
Epoch 105: loss = 2709996.5 | lr = 1.0000000000000004e-05
Epoch 106: loss = 2709996.25 | lr = 1.0000000000000004e-05
Epoch 107: loss = 2709996.25 | lr = 1.0000000000000004e-05
Epoch 108: loss = 2709996.0 | lr = 1.0000000000000004e-05
Epoch 109: loss = 2709996.0 | lr = 1.0000000000000004e-05
Epoch 110: loss = 2709996.0 | lr = 1.0000000000000004e-06
Epoch 111: loss = 2709996.0 | lr = 1.0000000000000004e-06
Epoch 112: loss = 2709996.0 | lr = 1.0000000000000004e-06
Epoch 113: loss = 2709996.0 | lr = 1.0000000000000004e-06
Epoch 114: loss = 2709996.0 | lr = 1.0000000000000004e-06
Epoch 115: loss = 2709996.0 | lr = 1.0000000000000004e-06
Epoch 116: loss = 2709996.0 | lr = 1.0000000000000004e-06
Epoch 117: loss = 2709996.0 | lr = 1.0000000000000004e-06
Epoch 118: loss = 2709996.0 | lr = 1.0000000000000004e-06
Epoch 119: loss = 2709996.0 | lr = 1.0000000000000005e-07
Epoch 120: loss = 2709996.0 | lr = 1.0000000000000005e-07
Epoch 121: loss = 2709996.0 | lr = 1.0000000000000005e-07
Epoch 122: loss = 2709996.0 | lr = 1.0000000000000005e-07
Epoch 123: loss = 2709996.0 | lr = 1.0000000000000005e-07
Epoch 124: loss = 2709996.0 | lr = 1.0000000000000005e-07
Epoch 125: loss = 2709996.0 | lr = 1.0000000000000005e-07
Epoch 126: loss = 2709996.0 | lr = 1.0000000000000005e-07
Epoch 127: loss = 2709996.0 | lr = 1.0000000000000005e-07
Epoch 128: loss = 2709996.0 | lr = 1.0000000000000005e-08
Epoch 129: loss = 2709996.0 | lr = 1.0000000000000005e-08
Epoch 130: loss = 2709995.75 | lr = 1.0000000000000005e-08
Epoch 131: loss = 2709996.0 | lr = 1.0000000000000005e-08
Epoch 132: loss = 2709996.0 | lr = 1.0000000000000005e-08
Epoch 133: loss = 2709996.0 | lr = 1.0000000000000005e-08
Epoch 134: loss = 2709996.0 | lr = 1.0000000000000005e-08
Epoch 135: loss = 2709996.0 | lr = 1.0000000000000005e-08
Epoch 136: loss = 2709996.0 | lr = 1.0000000000000005e-08
Epoch 137: loss = 2709995.75 | lr = 1.0000000000000005e-09
Epoch 138: loss = 2709996.0 | lr = 1.0000000000000005e-09
Epoch 139: loss = 2709995.75 | lr = 1.0000000000000005e-09
Epoch 140: loss = 2709996.0 | lr = 1.0000000000000005e-09
Epoch 141: loss = 2709996.0 | lr = 1.0000000000000005e-09
Epoch 142: loss = 2709996.0 | lr = 1.0000000000000005e-09
Epoch 143: loss = 2709996.0 | lr = 1.0000000000000005e-09
Epoch 144: loss = 2709995.75 | lr = 1.0000000000000005e-09
Epoch 145: loss = 2709995.75 | lr = 1.0000000000000005e-09
Stopping early due to low learning rate
Reconstruction for fluence = 15199.11082952933 photons/pixel
Epoch 0: loss = 12099397.89453125 | lr = 0.1
Epoch 1: loss = 3597182.109375 | lr = 0.1
Epoch 2: loss = 3653040.91015625 | lr = 0.1
Epoch 3: loss = 3702405.05859375 | lr = 0.1
Epoch 4: loss = 3729057.76953125 | lr = 0.1
Epoch 5: loss = 3747347.0859375 | lr = 0.1
Epoch 6: loss = 3777692.59765625 | lr = 0.1
Epoch 7: loss = 3779128.03515625 | lr = 0.1
Epoch 8: loss = 3812216.51953125 | lr = 0.1
Epoch 9: loss = 3817581.32421875 | lr = 0.1
Epoch 10: loss = 3869368.296875 | lr = 0.010000000000000002
Epoch 11: loss = 3937208.25 | lr = 0.010000000000000002
Epoch 12: loss = 3578448.75 | lr = 0.010000000000000002
Epoch 13: loss = 3688921.0 | lr = 0.010000000000000002
Epoch 14: loss = 3698371.75 | lr = 0.010000000000000002
Epoch 15: loss = 3637453.0 | lr = 0.010000000000000002
Epoch 16: loss = 3609308.5 | lr = 0.010000000000000002
Epoch 17: loss = 3595696.5 | lr = 0.010000000000000002
Epoch 18: loss = 3579164.0 | lr = 0.010000000000000002
Epoch 19: loss = 3565496.5 | lr = 0.010000000000000002
Epoch 20: loss = 3552894.0 | lr = 0.010000000000000002
Epoch 21: loss = 3541673.5 | lr = 0.010000000000000002
Epoch 22: loss = 3533015.5 | lr = 0.010000000000000002
Epoch 23: loss = 3526434.25 | lr = 0.010000000000000002
Epoch 24: loss = 3519185.5 | lr = 0.010000000000000002
Epoch 25: loss = 3511414.0 | lr = 0.010000000000000002
Epoch 26: loss = 3504737.5 | lr = 0.010000000000000002
Epoch 27: loss = 3498853.5 | lr = 0.010000000000000002
Epoch 28: loss = 3494600.5 | lr = 0.010000000000000002
Epoch 29: loss = 3491621.5 | lr = 0.010000000000000002
Epoch 30: loss = 3488354.0 | lr = 0.010000000000000002
Epoch 31: loss = 3484019.75 | lr = 0.010000000000000002
Epoch 32: loss = 3479748.0 | lr = 0.010000000000000002
Epoch 33: loss = 3476947.75 | lr = 0.010000000000000002
Epoch 34: loss = 3475599.5 | lr = 0.010000000000000002
Epoch 35: loss = 3474224.5 | lr = 0.010000000000000002
Epoch 36: loss = 3472050.0 | lr = 0.010000000000000002
Epoch 37: loss = 3469769.5 | lr = 0.010000000000000002
Epoch 38: loss = 3467709.5 | lr = 0.010000000000000002
Epoch 39: loss = 3466094.75 | lr = 0.010000000000000002
Epoch 40: loss = 3465085.5 | lr = 0.010000000000000002
Epoch 41: loss = 3464291.5 | lr = 0.010000000000000002
Epoch 42: loss = 3463382.0 | lr = 0.010000000000000002
Epoch 43: loss = 3462393.0 | lr = 0.010000000000000002
Epoch 44: loss = 3461451.5 | lr = 0.010000000000000002
Epoch 45: loss = 3460563.5 | lr = 0.010000000000000002
Epoch 46: loss = 3459812.25 | lr = 0.010000000000000002
Epoch 47: loss = 3459274.5 | lr = 0.010000000000000002
Epoch 48: loss = 3458800.5 | lr = 0.010000000000000002
Epoch 49: loss = 3458313.5 | lr = 0.010000000000000002
Epoch 50: loss = 3457848.5 | lr = 0.010000000000000002
Epoch 51: loss = 3457477.0 | lr = 0.010000000000000002
Epoch 52: loss = 3457117.5 | lr = 0.010000000000000002
Epoch 53: loss = 3456755.5 | lr = 0.010000000000000002
Epoch 54: loss = 3456450.5 | lr = 0.010000000000000002
Epoch 55: loss = 3456205.5 | lr = 0.010000000000000002
Epoch 56: loss = 3456001.0 | lr = 0.010000000000000002
Epoch 57: loss = 3455786.5 | lr = 0.010000000000000002
Epoch 58: loss = 3455548.0 | lr = 0.010000000000000002
Epoch 59: loss = 3455359.25 | lr = 0.010000000000000002
Epoch 60: loss = 3455255.0 | lr = 0.010000000000000002
Epoch 61: loss = 3455144.75 | lr = 0.010000000000000002
Epoch 62: loss = 3454996.25 | lr = 0.010000000000000002
Epoch 63: loss = 3454857.0 | lr = 0.010000000000000002
Epoch 64: loss = 3454753.0 | lr = 0.010000000000000002
Epoch 65: loss = 3454677.5 | lr = 0.010000000000000002
Epoch 66: loss = 3454604.25 | lr = 0.010000000000000002
Epoch 67: loss = 3454515.0 | lr = 0.010000000000000002
Epoch 68: loss = 3454437.5 | lr = 0.010000000000000002
Epoch 69: loss = 3454390.25 | lr = 0.010000000000000002
Epoch 70: loss = 3454351.5 | lr = 0.010000000000000002
Epoch 71: loss = 3454300.0 | lr = 0.010000000000000002
Epoch 72: loss = 3454244.0 | lr = 0.010000000000000002
Epoch 73: loss = 3454201.5 | lr = 0.010000000000000002
Epoch 74: loss = 3454164.75 | lr = 0.010000000000000002
Epoch 75: loss = 3454134.5 | lr = 0.010000000000000002
Epoch 76: loss = 3454109.5 | lr = 0.010000000000000002
Epoch 77: loss = 3454086.5 | lr = 0.010000000000000002
Epoch 78: loss = 3454065.0 | lr = 0.010000000000000002
Epoch 79: loss = 3454042.0 | lr = 0.010000000000000002
Epoch 80: loss = 3454018.5 | lr = 0.010000000000000002
Epoch 81: loss = 3453999.5 | lr = 0.0010000000000000002
Epoch 82: loss = 3453985.5 | lr = 0.0010000000000000002
Epoch 83: loss = 3453978.5 | lr = 0.0010000000000000002
Epoch 84: loss = 3453962.0 | lr = 0.0010000000000000002
Epoch 85: loss = 3453940.5 | lr = 0.0010000000000000002
Epoch 86: loss = 3453918.5 | lr = 0.0010000000000000002
Epoch 87: loss = 3453899.0 | lr = 0.0010000000000000002
Epoch 88: loss = 3453884.0 | lr = 0.0010000000000000002
Epoch 89: loss = 3453874.25 | lr = 0.0010000000000000002
Epoch 90: loss = 3453868.5 | lr = 0.0010000000000000002
Epoch 91: loss = 3453866.0 | lr = 0.0010000000000000002
Epoch 92: loss = 3453865.5 | lr = 0.0010000000000000002
Epoch 93: loss = 3453865.75 | lr = 0.0010000000000000002
Epoch 94: loss = 3453866.5 | lr = 0.0010000000000000002
Epoch 95: loss = 3453867.0 | lr = 0.0010000000000000002
Epoch 96: loss = 3453867.0 | lr = 0.0010000000000000002
Epoch 97: loss = 3453867.0 | lr = 0.00010000000000000003
Epoch 98: loss = 3453865.75 | lr = 0.00010000000000000003
Epoch 99: loss = 3453865.5 | lr = 0.00010000000000000003
Epoch 100: loss = 3453865.25 | lr = 0.00010000000000000003
Epoch 101: loss = 3453865.0 | lr = 0.00010000000000000003
Epoch 102: loss = 3453864.5 | lr = 0.00010000000000000003
Epoch 103: loss = 3453863.75 | lr = 0.00010000000000000003
Epoch 104: loss = 3453863.0 | lr = 0.00010000000000000003
Epoch 105: loss = 3453862.5 | lr = 0.00010000000000000003
Epoch 106: loss = 3453861.75 | lr = 1.0000000000000004e-05
Epoch 107: loss = 3453861.0 | lr = 1.0000000000000004e-05
Epoch 108: loss = 3453861.0 | lr = 1.0000000000000004e-05
Epoch 109: loss = 3453861.0 | lr = 1.0000000000000004e-05
Epoch 110: loss = 3453861.0 | lr = 1.0000000000000004e-05
Epoch 111: loss = 3453860.75 | lr = 1.0000000000000004e-05
Epoch 112: loss = 3453860.75 | lr = 1.0000000000000004e-05
Epoch 113: loss = 3453860.5 | lr = 1.0000000000000004e-05
Epoch 114: loss = 3453860.5 | lr = 1.0000000000000004e-05
Epoch 115: loss = 3453860.5 | lr = 1.0000000000000004e-06
Epoch 116: loss = 3453860.5 | lr = 1.0000000000000004e-06
Epoch 117: loss = 3453860.5 | lr = 1.0000000000000004e-06
Epoch 118: loss = 3453860.0 | lr = 1.0000000000000004e-06
Epoch 119: loss = 3453860.5 | lr = 1.0000000000000004e-06
Epoch 120: loss = 3453860.25 | lr = 1.0000000000000004e-06
Epoch 121: loss = 3453860.25 | lr = 1.0000000000000004e-06
Epoch 122: loss = 3453860.25 | lr = 1.0000000000000004e-06
Epoch 123: loss = 3453860.0 | lr = 1.0000000000000004e-06
Epoch 124: loss = 3453860.25 | lr = 1.0000000000000005e-07
Epoch 125: loss = 3453860.25 | lr = 1.0000000000000005e-07
Epoch 126: loss = 3453860.25 | lr = 1.0000000000000005e-07
Epoch 127: loss = 3453860.25 | lr = 1.0000000000000005e-07
Epoch 128: loss = 3453860.25 | lr = 1.0000000000000005e-07
Epoch 129: loss = 3453860.0 | lr = 1.0000000000000005e-07
Epoch 130: loss = 3453860.0 | lr = 1.0000000000000005e-07
Epoch 131: loss = 3453860.25 | lr = 1.0000000000000005e-07
Epoch 132: loss = 3453860.25 | lr = 1.0000000000000005e-07
Epoch 133: loss = 3453860.25 | lr = 1.0000000000000005e-08
Epoch 134: loss = 3453860.5 | lr = 1.0000000000000005e-08
Epoch 135: loss = 3453860.5 | lr = 1.0000000000000005e-08
Epoch 136: loss = 3453860.0 | lr = 1.0000000000000005e-08
Epoch 137: loss = 3453860.25 | lr = 1.0000000000000005e-08
Epoch 138: loss = 3453860.0 | lr = 1.0000000000000005e-08
Epoch 139: loss = 3453860.25 | lr = 1.0000000000000005e-08
Epoch 140: loss = 3453860.25 | lr = 1.0000000000000005e-08
Epoch 141: loss = 3453860.0 | lr = 1.0000000000000005e-08
Epoch 142: loss = 3453860.25 | lr = 1.0000000000000005e-09
Epoch 143: loss = 3453860.0 | lr = 1.0000000000000005e-09
Epoch 144: loss = 3453860.25 | lr = 1.0000000000000005e-09
Epoch 145: loss = 3453860.25 | lr = 1.0000000000000005e-09
Epoch 146: loss = 3453860.0 | lr = 1.0000000000000005e-09
Epoch 147: loss = 3453860.25 | lr = 1.0000000000000005e-09
Epoch 148: loss = 3453860.25 | lr = 1.0000000000000005e-09
Epoch 149: loss = 3453860.25 | lr = 1.0000000000000005e-09
Epoch 150: loss = 3453860.25 | lr = 1.0000000000000005e-09
Stopping early due to low learning rate
Reconstruction for fluence = 35111.91734215127 photons/pixel
Epoch 0: loss = 25395296.09765625 | lr = 0.1
Epoch 1: loss = 4338962.25 | lr = 0.1
Epoch 2: loss = 4420654.45703125 | lr = 0.1
Epoch 3: loss = 4490814.58203125 | lr = 0.1
Epoch 4: loss = 4527982.9765625 | lr = 0.1
Epoch 5: loss = 4571019.34765625 | lr = 0.1
Epoch 6: loss = 4669238.4609375 | lr = 0.1
Epoch 7: loss = 4673918.56640625 | lr = 0.1
Epoch 8: loss = 4672255.46484375 | lr = 0.1
Epoch 9: loss = 4709272.6875 | lr = 0.1
Epoch 10: loss = 4735256.515625 | lr = 0.010000000000000002
Epoch 11: loss = 4796540.0 | lr = 0.010000000000000002
Epoch 12: loss = 4374528.5 | lr = 0.010000000000000002
Epoch 13: loss = 4570076.0 | lr = 0.010000000000000002
Epoch 14: loss = 4509082.0 | lr = 0.010000000000000002
Epoch 15: loss = 4403915.0 | lr = 0.010000000000000002
Epoch 16: loss = 4380918.5 | lr = 0.010000000000000002
Epoch 17: loss = 4369681.0 | lr = 0.010000000000000002
Epoch 18: loss = 4336762.5 | lr = 0.010000000000000002
Epoch 19: loss = 4314105.0 | lr = 0.010000000000000002
Epoch 20: loss = 4301940.0 | lr = 0.010000000000000002
Epoch 21: loss = 4287131.0 | lr = 0.010000000000000002
Epoch 22: loss = 4268982.0 | lr = 0.010000000000000002
Epoch 23: loss = 4253605.0 | lr = 0.010000000000000002
Epoch 24: loss = 4242617.0 | lr = 0.010000000000000002
Epoch 25: loss = 4235653.0 | lr = 0.010000000000000002
Epoch 26: loss = 4227370.5 | lr = 0.010000000000000002
Epoch 27: loss = 4217940.0 | lr = 0.010000000000000002
Epoch 28: loss = 4209388.0 | lr = 0.010000000000000002
Epoch 29: loss = 4203598.5 | lr = 0.010000000000000002
Epoch 30: loss = 4198718.5 | lr = 0.010000000000000002
Epoch 31: loss = 4193536.5 | lr = 0.010000000000000002
Epoch 32: loss = 4188106.0 | lr = 0.010000000000000002
Epoch 33: loss = 4183598.25 | lr = 0.010000000000000002
Epoch 34: loss = 4180781.25 | lr = 0.010000000000000002
Epoch 35: loss = 4178165.0 | lr = 0.010000000000000002
Epoch 36: loss = 4174788.5 | lr = 0.010000000000000002
Epoch 37: loss = 4171170.0 | lr = 0.010000000000000002
Epoch 38: loss = 4168450.75 | lr = 0.010000000000000002
Epoch 39: loss = 4166953.5 | lr = 0.010000000000000002
Epoch 40: loss = 4165592.75 | lr = 0.010000000000000002
Epoch 41: loss = 4163945.5 | lr = 0.010000000000000002
Epoch 42: loss = 4161923.0 | lr = 0.010000000000000002
Epoch 43: loss = 4159933.0 | lr = 0.010000000000000002
Epoch 44: loss = 4158640.75 | lr = 0.010000000000000002
Epoch 45: loss = 4158108.0 | lr = 0.010000000000000002
Epoch 46: loss = 4157440.25 | lr = 0.010000000000000002
Epoch 47: loss = 4156210.25 | lr = 0.010000000000000002
Epoch 48: loss = 4154946.75 | lr = 0.010000000000000002
Epoch 49: loss = 4154264.75 | lr = 0.010000000000000002
Epoch 50: loss = 4153875.0 | lr = 0.010000000000000002
Epoch 51: loss = 4153302.5 | lr = 0.010000000000000002
Epoch 52: loss = 4152651.5 | lr = 0.010000000000000002
Epoch 53: loss = 4152115.25 | lr = 0.010000000000000002
Epoch 54: loss = 4151665.0 | lr = 0.010000000000000002
Epoch 55: loss = 4151297.25 | lr = 0.010000000000000002
Epoch 56: loss = 4151011.5 | lr = 0.010000000000000002
Epoch 57: loss = 4150672.0 | lr = 0.010000000000000002
Epoch 58: loss = 4150323.0 | lr = 0.010000000000000002
Epoch 59: loss = 4150047.0 | lr = 0.010000000000000002
Epoch 60: loss = 4149834.5 | lr = 0.010000000000000002
Epoch 61: loss = 4149677.75 | lr = 0.010000000000000002
Epoch 62: loss = 4149482.0 | lr = 0.010000000000000002
Epoch 63: loss = 4149247.5 | lr = 0.010000000000000002
Epoch 64: loss = 4149093.25 | lr = 0.010000000000000002
Epoch 65: loss = 4148995.75 | lr = 0.010000000000000002
Epoch 66: loss = 4148890.5 | lr = 0.010000000000000002
Epoch 67: loss = 4148762.75 | lr = 0.010000000000000002
Epoch 68: loss = 4148623.75 | lr = 0.010000000000000002
Epoch 69: loss = 4148526.75 | lr = 0.010000000000000002
Epoch 70: loss = 4148482.25 | lr = 0.010000000000000002
Epoch 71: loss = 4148427.25 | lr = 0.010000000000000002
Epoch 72: loss = 4148341.0 | lr = 0.010000000000000002
Epoch 73: loss = 4148259.5 | lr = 0.010000000000000002
Epoch 74: loss = 4148208.0 | lr = 0.010000000000000002
Epoch 75: loss = 4148170.5 | lr = 0.010000000000000002
Epoch 76: loss = 4148134.5 | lr = 0.010000000000000002
Epoch 77: loss = 4148096.5 | lr = 0.010000000000000002
Epoch 78: loss = 4148054.25 | lr = 0.010000000000000002
Epoch 79: loss = 4148015.5 | lr = 0.010000000000000002
Epoch 80: loss = 4147984.75 | lr = 0.010000000000000002
Epoch 81: loss = 4147964.5 | lr = 0.0010000000000000002
Epoch 82: loss = 4147950.0 | lr = 0.0010000000000000002
Epoch 83: loss = 4147937.5 | lr = 0.0010000000000000002
Epoch 84: loss = 4147907.25 | lr = 0.0010000000000000002
Epoch 85: loss = 4147868.25 | lr = 0.0010000000000000002
Epoch 86: loss = 4147829.75 | lr = 0.0010000000000000002
Epoch 87: loss = 4147797.0 | lr = 0.0010000000000000002
Epoch 88: loss = 4147774.5 | lr = 0.0010000000000000002
Epoch 89: loss = 4147761.75 | lr = 0.0010000000000000002
Epoch 90: loss = 4147756.75 | lr = 0.0010000000000000002
Epoch 91: loss = 4147757.0 | lr = 0.0010000000000000002
Epoch 92: loss = 4147760.0 | lr = 0.0010000000000000002
Epoch 93: loss = 4147763.25 | lr = 0.00010000000000000003
Epoch 94: loss = 4147766.0 | lr = 0.00010000000000000003
Epoch 95: loss = 4147765.75 | lr = 0.00010000000000000003
Epoch 96: loss = 4147765.25 | lr = 0.00010000000000000003
Epoch 97: loss = 4147764.75 | lr = 0.00010000000000000003
Epoch 98: loss = 4147763.5 | lr = 0.00010000000000000003
Epoch 99: loss = 4147762.25 | lr = 0.00010000000000000003
Epoch 100: loss = 4147760.75 | lr = 0.00010000000000000003
Epoch 101: loss = 4147759.25 | lr = 0.00010000000000000003
Epoch 102: loss = 4147757.75 | lr = 1.0000000000000004e-05
Epoch 103: loss = 4147756.0 | lr = 1.0000000000000004e-05
Epoch 104: loss = 4147755.75 | lr = 1.0000000000000004e-05
Epoch 105: loss = 4147755.5 | lr = 1.0000000000000004e-05
Epoch 106: loss = 4147755.5 | lr = 1.0000000000000004e-05
Epoch 107: loss = 4147755.25 | lr = 1.0000000000000004e-05
Epoch 108: loss = 4147755.0 | lr = 1.0000000000000004e-05
Epoch 109: loss = 4147754.5 | lr = 1.0000000000000004e-05
Epoch 110: loss = 4147754.5 | lr = 1.0000000000000004e-05
Epoch 111: loss = 4147754.5 | lr = 1.0000000000000004e-06
Epoch 112: loss = 4147754.0 | lr = 1.0000000000000004e-06
Epoch 113: loss = 4147754.0 | lr = 1.0000000000000004e-06
Epoch 114: loss = 4147754.0 | lr = 1.0000000000000004e-06
Epoch 115: loss = 4147754.0 | lr = 1.0000000000000004e-06
Epoch 116: loss = 4147754.0 | lr = 1.0000000000000004e-06
Epoch 117: loss = 4147754.0 | lr = 1.0000000000000004e-06
Epoch 118: loss = 4147754.0 | lr = 1.0000000000000004e-06
Epoch 119: loss = 4147754.0 | lr = 1.0000000000000004e-06
Epoch 120: loss = 4147754.0 | lr = 1.0000000000000005e-07
Epoch 121: loss = 4147754.0 | lr = 1.0000000000000005e-07
Epoch 122: loss = 4147754.0 | lr = 1.0000000000000005e-07
Epoch 123: loss = 4147754.0 | lr = 1.0000000000000005e-07
Epoch 124: loss = 4147754.0 | lr = 1.0000000000000005e-07
Epoch 125: loss = 4147754.0 | lr = 1.0000000000000005e-07
Epoch 126: loss = 4147753.75 | lr = 1.0000000000000005e-07
Epoch 127: loss = 4147753.75 | lr = 1.0000000000000005e-07
Epoch 128: loss = 4147754.0 | lr = 1.0000000000000005e-07
Epoch 129: loss = 4147754.0 | lr = 1.0000000000000005e-08
Epoch 130: loss = 4147754.0 | lr = 1.0000000000000005e-08
Epoch 131: loss = 4147753.75 | lr = 1.0000000000000005e-08
Epoch 132: loss = 4147753.5 | lr = 1.0000000000000005e-08
Epoch 133: loss = 4147754.0 | lr = 1.0000000000000005e-08
Epoch 134: loss = 4147754.0 | lr = 1.0000000000000005e-08
Epoch 135: loss = 4147754.0 | lr = 1.0000000000000005e-08
Epoch 136: loss = 4147754.0 | lr = 1.0000000000000005e-08
Epoch 137: loss = 4147754.0 | lr = 1.0000000000000005e-08
Epoch 138: loss = 4147753.75 | lr = 1.0000000000000005e-09
Epoch 139: loss = 4147754.0 | lr = 1.0000000000000005e-09
Epoch 140: loss = 4147753.75 | lr = 1.0000000000000005e-09
Epoch 141: loss = 4147753.75 | lr = 1.0000000000000005e-09
Epoch 142: loss = 4147753.75 | lr = 1.0000000000000005e-09
Epoch 143: loss = 4147753.75 | lr = 1.0000000000000005e-09
Epoch 144: loss = 4147754.0 | lr = 1.0000000000000005e-09
Epoch 145: loss = 4147753.75 | lr = 1.0000000000000005e-09
Epoch 146: loss = 4147753.75 | lr = 1.0000000000000005e-09
Stopping early due to low learning rate
Reconstruction for fluence = 81113.08307896872 photons/pixel
Epoch 0: loss = 52689185.3828125 | lr = 0.1
Epoch 1: loss = 4904087.09375 | lr = 0.1
Epoch 2: loss = 4970278.68359375 | lr = 0.1
Epoch 3: loss = 5083465.2109375 | lr = 0.1
Epoch 4: loss = 5190054.2265625 | lr = 0.1
Epoch 5: loss = 5260247.33203125 | lr = 0.1
Epoch 6: loss = 5329797.0390625 | lr = 0.1
Epoch 7: loss = 5394143.7265625 | lr = 0.1
Epoch 8: loss = 5476440.796875 | lr = 0.1
Epoch 9: loss = 5466199.015625 | lr = 0.1
Epoch 10: loss = 5682261.3125 | lr = 0.010000000000000002
Epoch 11: loss = 5993939.0 | lr = 0.010000000000000002
Epoch 12: loss = 5226575.0 | lr = 0.010000000000000002
Epoch 13: loss = 5472960.0 | lr = 0.010000000000000002
Epoch 14: loss = 5404511.0 | lr = 0.010000000000000002
Epoch 15: loss = 5232047.0 | lr = 0.010000000000000002
Epoch 16: loss = 5153507.5 | lr = 0.010000000000000002
Epoch 17: loss = 5126744.0 | lr = 0.010000000000000002
Epoch 18: loss = 5053544.0 | lr = 0.010000000000000002
Epoch 19: loss = 4990003.0 | lr = 0.0010000000000000002
Epoch 20: loss = 4976547.0 | lr = 0.0010000000000000002
Epoch 21: loss = 4955850.0 | lr = 0.0010000000000000002
Epoch 22: loss = 4905497.0 | lr = 0.0010000000000000002
Epoch 23: loss = 4843159.0 | lr = 0.0010000000000000002
Epoch 24: loss = 4784552.0 | lr = 0.0010000000000000002
Epoch 25: loss = 4739686.5 | lr = 0.0010000000000000002
Epoch 26: loss = 4711911.0 | lr = 0.0010000000000000002
Epoch 27: loss = 4699218.5 | lr = 0.0010000000000000002
Epoch 28: loss = 4696740.0 | lr = 0.0010000000000000002
Epoch 29: loss = 4699203.0 | lr = 0.0010000000000000002
Epoch 30: loss = 4702502.5 | lr = 0.0010000000000000002
Epoch 31: loss = 4704266.0 | lr = 0.0010000000000000002
Epoch 32: loss = 4703675.0 | lr = 0.0010000000000000002
Epoch 33: loss = 4700955.0 | lr = 0.0010000000000000002
Epoch 34: loss = 4696833.0 | lr = 0.0010000000000000002
Epoch 35: loss = 4692112.0 | lr = 0.0010000000000000002
Epoch 36: loss = 4687431.5 | lr = 0.0010000000000000002
Epoch 37: loss = 4683172.0 | lr = 0.0010000000000000002
Epoch 38: loss = 4679485.5 | lr = 0.0010000000000000002
Epoch 39: loss = 4676368.0 | lr = 0.0010000000000000002
Epoch 40: loss = 4673743.0 | lr = 0.0010000000000000002
Epoch 41: loss = 4671518.0 | lr = 0.0010000000000000002
Epoch 42: loss = 4669609.0 | lr = 0.0010000000000000002
Epoch 43: loss = 4667947.5 | lr = 0.0010000000000000002
Epoch 44: loss = 4666469.0 | lr = 0.0010000000000000002
Epoch 45: loss = 4665110.5 | lr = 0.0010000000000000002
Epoch 46: loss = 4663819.5 | lr = 0.0010000000000000002
Epoch 47: loss = 4662561.0 | lr = 0.0010000000000000002
Epoch 48: loss = 4661325.5 | lr = 0.0010000000000000002
Epoch 49: loss = 4660128.0 | lr = 0.0010000000000000002
Epoch 50: loss = 4659008.0 | lr = 0.0010000000000000002
Epoch 51: loss = 4658008.0 | lr = 0.0010000000000000002
Epoch 52: loss = 4657165.0 | lr = 0.0010000000000000002
Epoch 53: loss = 4656497.0 | lr = 0.0010000000000000002
Epoch 54: loss = 4656000.0 | lr = 0.0010000000000000002
Epoch 55: loss = 4655648.0 | lr = 0.0010000000000000002
Epoch 56: loss = 4655396.5 | lr = 0.0010000000000000002
Epoch 57: loss = 4655197.5 | lr = 0.0010000000000000002
Epoch 58: loss = 4655006.5 | lr = 0.0010000000000000002
Epoch 59: loss = 4654793.5 | lr = 0.0010000000000000002
Epoch 60: loss = 4654545.0 | lr = 0.0010000000000000002
Epoch 61: loss = 4654264.0 | lr = 0.0010000000000000002
Epoch 62: loss = 4653965.5 | lr = 0.0010000000000000002
Epoch 63: loss = 4653669.5 | lr = 0.0010000000000000002
Epoch 64: loss = 4653394.5 | lr = 0.0010000000000000002
Epoch 65: loss = 4653154.0 | lr = 0.0010000000000000002
Epoch 66: loss = 4652954.0 | lr = 0.0010000000000000002
Epoch 67: loss = 4652794.0 | lr = 0.0010000000000000002
Epoch 68: loss = 4652669.0 | lr = 0.0010000000000000002
Epoch 69: loss = 4652570.0 | lr = 0.0010000000000000002
Epoch 70: loss = 4652488.5 | lr = 0.0010000000000000002
Epoch 71: loss = 4652418.0 | lr = 0.0010000000000000002
Epoch 72: loss = 4652352.0 | lr = 0.0010000000000000002
Epoch 73: loss = 4652287.0 | lr = 0.0010000000000000002
Epoch 74: loss = 4652223.0 | lr = 0.0010000000000000002
Epoch 75: loss = 4652160.0 | lr = 0.0010000000000000002
Epoch 76: loss = 4652100.0 | lr = 0.0010000000000000002
Epoch 77: loss = 4652043.5 | lr = 0.0010000000000000002
Epoch 78: loss = 4651993.0 | lr = 0.0010000000000000002
Epoch 79: loss = 4651949.0 | lr = 0.0010000000000000002
Epoch 80: loss = 4651910.5 | lr = 0.0010000000000000002
Epoch 81: loss = 4651878.5 | lr = 0.0010000000000000002
Epoch 82: loss = 4651850.5 | lr = 0.0010000000000000002
Epoch 83: loss = 4651827.0 | lr = 0.0010000000000000002
Epoch 84: loss = 4651807.0 | lr = 0.00010000000000000003
Epoch 85: loss = 4651789.0 | lr = 0.00010000000000000003
Epoch 86: loss = 4651786.0 | lr = 0.00010000000000000003
Epoch 87: loss = 4651782.0 | lr = 0.00010000000000000003
Epoch 88: loss = 4651775.5 | lr = 0.00010000000000000003
Epoch 89: loss = 4651768.0 | lr = 0.00010000000000000003
Epoch 90: loss = 4651760.0 | lr = 0.00010000000000000003
Epoch 91: loss = 4651751.0 | lr = 0.00010000000000000003
Epoch 92: loss = 4651741.0 | lr = 0.00010000000000000003
Epoch 93: loss = 4651731.5 | lr = 1.0000000000000004e-05
Epoch 94: loss = 4651722.0 | lr = 1.0000000000000004e-05
Epoch 95: loss = 4651721.0 | lr = 1.0000000000000004e-05
Epoch 96: loss = 4651719.5 | lr = 1.0000000000000004e-05
Epoch 97: loss = 4651718.5 | lr = 1.0000000000000004e-05
Epoch 98: loss = 4651717.5 | lr = 1.0000000000000004e-05
Epoch 99: loss = 4651716.5 | lr = 1.0000000000000004e-05
Epoch 100: loss = 4651715.5 | lr = 1.0000000000000004e-05
Epoch 101: loss = 4651714.0 | lr = 1.0000000000000004e-05
Epoch 102: loss = 4651713.0 | lr = 1.0000000000000004e-06
Epoch 103: loss = 4651712.0 | lr = 1.0000000000000004e-06
Epoch 104: loss = 4651712.0 | lr = 1.0000000000000004e-06
Epoch 105: loss = 4651711.5 | lr = 1.0000000000000004e-06
Epoch 106: loss = 4651711.5 | lr = 1.0000000000000004e-06
Epoch 107: loss = 4651711.5 | lr = 1.0000000000000004e-06
Epoch 108: loss = 4651711.5 | lr = 1.0000000000000004e-06
Epoch 109: loss = 4651711.5 | lr = 1.0000000000000004e-06
Epoch 110: loss = 4651711.0 | lr = 1.0000000000000004e-06
Epoch 111: loss = 4651711.0 | lr = 1.0000000000000005e-07
Epoch 112: loss = 4651711.0 | lr = 1.0000000000000005e-07
Epoch 113: loss = 4651711.0 | lr = 1.0000000000000005e-07
Epoch 114: loss = 4651711.0 | lr = 1.0000000000000005e-07
Epoch 115: loss = 4651711.0 | lr = 1.0000000000000005e-07
Epoch 116: loss = 4651711.0 | lr = 1.0000000000000005e-07
Epoch 117: loss = 4651711.0 | lr = 1.0000000000000005e-07
Epoch 118: loss = 4651710.5 | lr = 1.0000000000000005e-07
Epoch 119: loss = 4651711.0 | lr = 1.0000000000000005e-07
Epoch 120: loss = 4651711.0 | lr = 1.0000000000000005e-08
Epoch 121: loss = 4651711.0 | lr = 1.0000000000000005e-08
Epoch 122: loss = 4651711.0 | lr = 1.0000000000000005e-08
Epoch 123: loss = 4651711.0 | lr = 1.0000000000000005e-08
Epoch 124: loss = 4651711.0 | lr = 1.0000000000000005e-08
Epoch 125: loss = 4651710.5 | lr = 1.0000000000000005e-08
Epoch 126: loss = 4651710.5 | lr = 1.0000000000000005e-08
Epoch 127: loss = 4651711.0 | lr = 1.0000000000000005e-08
Epoch 128: loss = 4651711.0 | lr = 1.0000000000000005e-08
Epoch 129: loss = 4651711.0 | lr = 1.0000000000000005e-09
Epoch 130: loss = 4651710.5 | lr = 1.0000000000000005e-09
Epoch 131: loss = 4651711.0 | lr = 1.0000000000000005e-09
Epoch 132: loss = 4651711.0 | lr = 1.0000000000000005e-09
Epoch 133: loss = 4651711.0 | lr = 1.0000000000000005e-09
Epoch 134: loss = 4651711.0 | lr = 1.0000000000000005e-09
Epoch 135: loss = 4651710.5 | lr = 1.0000000000000005e-09
Epoch 136: loss = 4651711.0 | lr = 1.0000000000000005e-09
Epoch 137: loss = 4651711.0 | lr = 1.0000000000000005e-09
Stopping early due to low learning rate
Reconstruction for fluence = 187381.7422860387 photons/pixel
Epoch 0: loss = 112878724.25 | lr = 0.1
Epoch 1: loss = 5154658.00390625 | lr = 0.1
Epoch 2: loss = 5224072.26953125 | lr = 0.1
Epoch 3: loss = 5382011.72265625 | lr = 0.1
Epoch 4: loss = 5527138.75 | lr = 0.1
Epoch 5: loss = 5675107.453125 | lr = 0.1
Epoch 6: loss = 5885344.671875 | lr = 0.1
Epoch 7: loss = 5997951.15625 | lr = 0.1
Epoch 8: loss = 6068495.15625 | lr = 0.1
Epoch 9: loss = 6112892.6875 | lr = 0.1
Epoch 10: loss = 6144540.734375 | lr = 0.010000000000000002
Epoch 11: loss = 6271201.0 | lr = 0.010000000000000002
Epoch 12: loss = 6147874.0 | lr = 0.010000000000000002
Epoch 13: loss = 5994012.5 | lr = 0.010000000000000002
Epoch 14: loss = 5926139.0 | lr = 0.010000000000000002
Epoch 15: loss = 5705939.0 | lr = 0.010000000000000002
Epoch 16: loss = 5555920.0 | lr = 0.010000000000000002
Epoch 17: loss = 5584255.0 | lr = 0.010000000000000002
Epoch 18: loss = 5461160.0 | lr = 0.010000000000000002
Epoch 19: loss = 5367922.0 | lr = 0.0010000000000000002
Epoch 20: loss = 5360601.0 | lr = 0.0010000000000000002
Epoch 21: loss = 5320489.0 | lr = 0.0010000000000000002
Epoch 22: loss = 5226715.0 | lr = 0.0010000000000000002
Epoch 23: loss = 5116591.0 | lr = 0.0010000000000000002
Epoch 24: loss = 5022235.0 | lr = 0.0010000000000000002
Epoch 25: loss = 4961908.0 | lr = 0.0010000000000000002
Epoch 26: loss = 4938229.5 | lr = 0.0010000000000000002
Epoch 27: loss = 4942081.0 | lr = 0.0010000000000000002
Epoch 28: loss = 4959384.5 | lr = 0.0010000000000000002
Epoch 29: loss = 4977337.0 | lr = 0.0010000000000000002
Epoch 30: loss = 4987936.5 | lr = 0.0010000000000000002
Epoch 31: loss = 4988571.0 | lr = 0.0010000000000000002
Epoch 32: loss = 4980652.5 | lr = 0.0010000000000000002
Epoch 33: loss = 4967611.0 | lr = 0.0010000000000000002
Epoch 34: loss = 4953147.0 | lr = 0.0010000000000000002
Epoch 35: loss = 4940120.5 | lr = 0.00010000000000000003
Epoch 36: loss = 4930091.0 | lr = 0.00010000000000000003
Epoch 37: loss = 4929033.0 | lr = 0.00010000000000000003
Epoch 38: loss = 4927556.5 | lr = 0.00010000000000000003
Epoch 39: loss = 4925731.0 | lr = 0.00010000000000000003
Epoch 40: loss = 4923632.0 | lr = 0.00010000000000000003
Epoch 41: loss = 4921332.0 | lr = 0.00010000000000000003
Epoch 42: loss = 4918903.5 | lr = 0.00010000000000000003
Epoch 43: loss = 4916410.0 | lr = 0.00010000000000000003
Epoch 44: loss = 4913910.5 | lr = 0.00010000000000000003
Epoch 45: loss = 4911452.5 | lr = 0.00010000000000000003
Epoch 46: loss = 4909077.0 | lr = 0.00010000000000000003
Epoch 47: loss = 4906814.0 | lr = 0.00010000000000000003
Epoch 48: loss = 4904688.0 | lr = 0.00010000000000000003
Epoch 49: loss = 4902713.0 | lr = 0.00010000000000000003
Epoch 50: loss = 4900897.5 | lr = 0.00010000000000000003
Epoch 51: loss = 4899245.0 | lr = 0.00010000000000000003
Epoch 52: loss = 4897752.0 | lr = 0.00010000000000000003
Epoch 53: loss = 4896414.0 | lr = 0.00010000000000000003
Epoch 54: loss = 4895221.5 | lr = 0.00010000000000000003
Epoch 55: loss = 4894165.0 | lr = 0.00010000000000000003
Epoch 56: loss = 4893232.0 | lr = 0.00010000000000000003
Epoch 57: loss = 4892410.5 | lr = 0.00010000000000000003
Epoch 58: loss = 4891688.0 | lr = 0.00010000000000000003
Epoch 59: loss = 4891055.0 | lr = 0.00010000000000000003
Epoch 60: loss = 4890498.0 | lr = 0.00010000000000000003
Epoch 61: loss = 4890009.0 | lr = 0.00010000000000000003
Epoch 62: loss = 4889578.0 | lr = 0.00010000000000000003
Epoch 63: loss = 4889197.0 | lr = 0.00010000000000000003
Epoch 64: loss = 4888859.0 | lr = 0.00010000000000000003
Epoch 65: loss = 4888559.0 | lr = 0.00010000000000000003
Epoch 66: loss = 4888291.0 | lr = 0.00010000000000000003
Epoch 67: loss = 4888051.5 | lr = 0.00010000000000000003
Epoch 68: loss = 4887836.0 | lr = 0.00010000000000000003
Epoch 69: loss = 4887643.0 | lr = 0.00010000000000000003
Epoch 70: loss = 4887468.0 | lr = 0.00010000000000000003
Epoch 71: loss = 4887311.0 | lr = 0.00010000000000000003
Epoch 72: loss = 4887169.0 | lr = 0.00010000000000000003
Epoch 73: loss = 4887040.5 | lr = 0.00010000000000000003
Epoch 74: loss = 4886924.5 | lr = 0.00010000000000000003
Epoch 75: loss = 4886820.0 | lr = 0.00010000000000000003
Epoch 76: loss = 4886725.5 | lr = 0.00010000000000000003
Epoch 77: loss = 4886640.5 | lr = 0.00010000000000000003
Epoch 78: loss = 4886564.0 | lr = 0.00010000000000000003
Epoch 79: loss = 4886495.5 | lr = 0.00010000000000000003
Epoch 80: loss = 4886433.5 | lr = 0.00010000000000000003
Epoch 81: loss = 4886378.0 | lr = 0.00010000000000000003
Epoch 82: loss = 4886328.0 | lr = 0.00010000000000000003
Epoch 83: loss = 4886283.0 | lr = 0.00010000000000000003
Epoch 84: loss = 4886243.0 | lr = 0.00010000000000000003
Epoch 85: loss = 4886206.5 | lr = 0.00010000000000000003
Epoch 86: loss = 4886174.0 | lr = 0.00010000000000000003
Epoch 87: loss = 4886145.0 | lr = 0.00010000000000000003
Epoch 88: loss = 4886118.5 | lr = 1.0000000000000004e-05
Epoch 89: loss = 4886094.5 | lr = 1.0000000000000004e-05
Epoch 90: loss = 4886092.5 | lr = 1.0000000000000004e-05
Epoch 91: loss = 4886090.0 | lr = 1.0000000000000004e-05
Epoch 92: loss = 4886088.0 | lr = 1.0000000000000004e-05
Epoch 93: loss = 4886086.0 | lr = 1.0000000000000004e-05
Epoch 94: loss = 4886083.5 | lr = 1.0000000000000004e-05
Epoch 95: loss = 4886081.0 | lr = 1.0000000000000004e-05
Epoch 96: loss = 4886079.0 | lr = 1.0000000000000004e-05
Epoch 97: loss = 4886076.5 | lr = 1.0000000000000004e-06
Epoch 98: loss = 4886074.5 | lr = 1.0000000000000004e-06
Epoch 99: loss = 4886074.0 | lr = 1.0000000000000004e-06
Epoch 100: loss = 4886074.0 | lr = 1.0000000000000004e-06
Epoch 101: loss = 4886074.0 | lr = 1.0000000000000004e-06
Epoch 102: loss = 4886073.5 | lr = 1.0000000000000004e-06
Epoch 103: loss = 4886073.0 | lr = 1.0000000000000004e-06
Epoch 104: loss = 4886073.0 | lr = 1.0000000000000004e-06
Epoch 105: loss = 4886073.0 | lr = 1.0000000000000004e-06
Epoch 106: loss = 4886073.0 | lr = 1.0000000000000005e-07
Epoch 107: loss = 4886072.5 | lr = 1.0000000000000005e-07
Epoch 108: loss = 4886072.5 | lr = 1.0000000000000005e-07
Epoch 109: loss = 4886072.5 | lr = 1.0000000000000005e-07
Epoch 110: loss = 4886072.5 | lr = 1.0000000000000005e-07
Epoch 111: loss = 4886072.5 | lr = 1.0000000000000005e-07
Epoch 112: loss = 4886072.0 | lr = 1.0000000000000005e-07
Epoch 113: loss = 4886072.5 | lr = 1.0000000000000005e-07
Epoch 114: loss = 4886072.0 | lr = 1.0000000000000005e-07
Epoch 115: loss = 4886072.0 | lr = 1.0000000000000005e-08
Epoch 116: loss = 4886072.0 | lr = 1.0000000000000005e-08
Epoch 117: loss = 4886072.5 | lr = 1.0000000000000005e-08
Epoch 118: loss = 4886072.0 | lr = 1.0000000000000005e-08
Epoch 119: loss = 4886072.5 | lr = 1.0000000000000005e-08
Epoch 120: loss = 4886072.0 | lr = 1.0000000000000005e-08
Epoch 121: loss = 4886072.5 | lr = 1.0000000000000005e-08
Epoch 122: loss = 4886072.5 | lr = 1.0000000000000005e-08
Epoch 123: loss = 4886072.5 | lr = 1.0000000000000005e-08
Epoch 124: loss = 4886072.5 | lr = 1.0000000000000005e-09
Epoch 125: loss = 4886072.0 | lr = 1.0000000000000005e-09
Epoch 126: loss = 4886072.0 | lr = 1.0000000000000005e-09
Epoch 127: loss = 4886072.0 | lr = 1.0000000000000005e-09
Epoch 128: loss = 4886072.0 | lr = 1.0000000000000005e-09
Epoch 129: loss = 4886072.0 | lr = 1.0000000000000005e-09
Epoch 130: loss = 4886072.0 | lr = 1.0000000000000005e-09
Epoch 131: loss = 4886072.5 | lr = 1.0000000000000005e-09
Epoch 132: loss = 4886072.5 | lr = 1.0000000000000005e-09
Stopping early due to low learning rate
Reconstruction for fluence = 432876.12810830615 photons/pixel
Epoch 0: loss = 255167995.390625 | lr = 0.1
Epoch 1: loss = 5248331.49609375 | lr = 0.1
Epoch 2: loss = 5278051.43359375 | lr = 0.1
Epoch 3: loss = 5429884.1875 | lr = 0.1
Epoch 4: loss = 5702383.1328125 | lr = 0.1
Epoch 5: loss = 5930033.3359375 | lr = 0.1
Epoch 6: loss = 6212354.546875 | lr = 0.1
Epoch 7: loss = 6137022.765625 | lr = 0.1
Epoch 8: loss = 6547916.234375 | lr = 0.1
Epoch 9: loss = 6793947.265625 | lr = 0.1
Epoch 10: loss = 6793684.484375 | lr = 0.010000000000000002
Epoch 11: loss = 6671186.0 | lr = 0.010000000000000002
Epoch 12: loss = 7888316.0 | lr = 0.010000000000000002
Epoch 13: loss = 6678024.0 | lr = 0.010000000000000002
Epoch 14: loss = 6968621.0 | lr = 0.010000000000000002
Epoch 15: loss = 6420554.0 | lr = 0.010000000000000002
Epoch 16: loss = 6160273.5 | lr = 0.010000000000000002
Epoch 17: loss = 6255368.0 | lr = 0.010000000000000002
Epoch 18: loss = 5930499.0 | lr = 0.010000000000000002
Epoch 19: loss = 5794643.0 | lr = 0.0010000000000000002
Epoch 20: loss = 5803588.5 | lr = 0.0010000000000000002
Epoch 21: loss = 5714802.5 | lr = 0.0010000000000000002
Epoch 22: loss = 5513733.0 | lr = 0.0010000000000000002
Epoch 23: loss = 5283999.0 | lr = 0.0010000000000000002
Epoch 24: loss = 5096459.5 | lr = 0.0010000000000000002
Epoch 25: loss = 4989592.5 | lr = 0.0010000000000000002
Epoch 26: loss = 4965297.0 | lr = 0.0010000000000000002
Epoch 27: loss = 4998186.0 | lr = 0.0010000000000000002
Epoch 28: loss = 5052450.0 | lr = 0.0010000000000000002
Epoch 29: loss = 5097508.5 | lr = 0.0010000000000000002
Epoch 30: loss = 5116549.5 | lr = 0.0010000000000000002
Epoch 31: loss = 5107183.5 | lr = 0.0010000000000000002
Epoch 32: loss = 5076961.0 | lr = 0.0010000000000000002
Epoch 33: loss = 5037388.0 | lr = 0.0010000000000000002
Epoch 34: loss = 4999043.0 | lr = 0.0010000000000000002
Epoch 35: loss = 4968902.0 | lr = 0.00010000000000000003
Epoch 36: loss = 4949717.5 | lr = 0.00010000000000000003
Epoch 37: loss = 4947943.5 | lr = 0.00010000000000000003
Epoch 38: loss = 4945416.0 | lr = 0.00010000000000000003
Epoch 39: loss = 4942259.5 | lr = 0.00010000000000000003
Epoch 40: loss = 4938613.0 | lr = 0.00010000000000000003
Epoch 41: loss = 4934616.0 | lr = 0.00010000000000000003
Epoch 42: loss = 4930405.0 | lr = 0.00010000000000000003
Epoch 43: loss = 4926106.0 | lr = 0.00010000000000000003
Epoch 44: loss = 4921829.5 | lr = 0.00010000000000000003
Epoch 45: loss = 4917669.0 | lr = 0.00010000000000000003
Epoch 46: loss = 4913701.0 | lr = 0.00010000000000000003
Epoch 47: loss = 4909983.5 | lr = 0.00010000000000000003
Epoch 48: loss = 4906555.0 | lr = 0.00010000000000000003
Epoch 49: loss = 4903441.0 | lr = 0.00010000000000000003
Epoch 50: loss = 4900652.0 | lr = 0.00010000000000000003
Epoch 51: loss = 4898186.0 | lr = 0.00010000000000000003
Epoch 52: loss = 4896031.0 | lr = 0.00010000000000000003
Epoch 53: loss = 4894171.0 | lr = 0.00010000000000000003
Epoch 54: loss = 4892580.5 | lr = 0.00010000000000000003
Epoch 55: loss = 4891233.5 | lr = 0.00010000000000000003
Epoch 56: loss = 4890102.0 | lr = 0.00010000000000000003
Epoch 57: loss = 4889157.0 | lr = 0.00010000000000000003
Epoch 58: loss = 4888372.5 | lr = 0.00010000000000000003
Epoch 59: loss = 4887722.0 | lr = 0.00010000000000000003
Epoch 60: loss = 4887182.0 | lr = 0.00010000000000000003
Epoch 61: loss = 4886733.0 | lr = 0.00010000000000000003
Epoch 62: loss = 4886355.0 | lr = 0.00010000000000000003
Epoch 63: loss = 4886035.5 | lr = 0.00010000000000000003
Epoch 64: loss = 4885760.5 | lr = 0.00010000000000000003
Epoch 65: loss = 4885520.0 | lr = 0.00010000000000000003
Epoch 66: loss = 4885307.5 | lr = 0.00010000000000000003
Epoch 67: loss = 4885115.0 | lr = 0.00010000000000000003
Epoch 68: loss = 4884940.5 | lr = 0.00010000000000000003
Epoch 69: loss = 4884779.0 | lr = 0.00010000000000000003
Epoch 70: loss = 4884628.5 | lr = 0.00010000000000000003
Epoch 71: loss = 4884488.0 | lr = 0.00010000000000000003
Epoch 72: loss = 4884356.5 | lr = 0.00010000000000000003
Epoch 73: loss = 4884233.0 | lr = 0.00010000000000000003
Epoch 74: loss = 4884118.5 | lr = 0.00010000000000000003
Epoch 75: loss = 4884011.0 | lr = 0.00010000000000000003
Epoch 76: loss = 4883912.0 | lr = 0.00010000000000000003
Epoch 77: loss = 4883820.0 | lr = 0.00010000000000000003
Epoch 78: loss = 4883735.0 | lr = 0.00010000000000000003
Epoch 79: loss = 4883657.5 | lr = 0.00010000000000000003
Epoch 80: loss = 4883587.0 | lr = 0.00010000000000000003
Epoch 81: loss = 4883522.0 | lr = 0.00010000000000000003
Epoch 82: loss = 4883464.0 | lr = 0.00010000000000000003
Epoch 83: loss = 4883411.0 | lr = 0.00010000000000000003
Epoch 84: loss = 4883363.0 | lr = 0.00010000000000000003
Epoch 85: loss = 4883320.0 | lr = 0.00010000000000000003
Epoch 86: loss = 4883281.0 | lr = 0.00010000000000000003
Epoch 87: loss = 4883246.0 | lr = 0.00010000000000000003
Epoch 88: loss = 4883214.0 | lr = 0.00010000000000000003
Epoch 89: loss = 4883186.0 | lr = 0.00010000000000000003
Epoch 90: loss = 4883159.0 | lr = 0.00010000000000000003
Epoch 91: loss = 4883136.0 | lr = 0.00010000000000000003
Epoch 92: loss = 4883114.0 | lr = 1.0000000000000004e-05
Epoch 93: loss = 4883095.0 | lr = 1.0000000000000004e-05
Epoch 94: loss = 4883092.5 | lr = 1.0000000000000004e-05
Epoch 95: loss = 4883091.0 | lr = 1.0000000000000004e-05
Epoch 96: loss = 4883089.0 | lr = 1.0000000000000004e-05
Epoch 97: loss = 4883087.0 | lr = 1.0000000000000004e-05
Epoch 98: loss = 4883085.0 | lr = 1.0000000000000004e-05
Epoch 99: loss = 4883083.0 | lr = 1.0000000000000004e-05
Epoch 100: loss = 4883080.5 | lr = 1.0000000000000004e-05
Epoch 101: loss = 4883078.0 | lr = 1.0000000000000004e-06
Epoch 102: loss = 4883076.0 | lr = 1.0000000000000004e-06
Epoch 103: loss = 4883076.0 | lr = 1.0000000000000004e-06
Epoch 104: loss = 4883076.0 | lr = 1.0000000000000004e-06
Epoch 105: loss = 4883075.5 | lr = 1.0000000000000004e-06
Epoch 106: loss = 4883075.0 | lr = 1.0000000000000004e-06
Epoch 107: loss = 4883075.0 | lr = 1.0000000000000004e-06
Epoch 108: loss = 4883075.0 | lr = 1.0000000000000004e-06
Epoch 109: loss = 4883075.0 | lr = 1.0000000000000004e-06
Epoch 110: loss = 4883074.5 | lr = 1.0000000000000005e-07
Epoch 111: loss = 4883074.0 | lr = 1.0000000000000005e-07
Epoch 112: loss = 4883074.0 | lr = 1.0000000000000005e-07
Epoch 113: loss = 4883074.0 | lr = 1.0000000000000005e-07
Epoch 114: loss = 4883074.0 | lr = 1.0000000000000005e-07
Epoch 115: loss = 4883074.5 | lr = 1.0000000000000005e-07
Epoch 116: loss = 4883074.0 | lr = 1.0000000000000005e-07
Epoch 117: loss = 4883074.0 | lr = 1.0000000000000005e-07
Epoch 118: loss = 4883074.0 | lr = 1.0000000000000005e-07
Epoch 119: loss = 4883074.0 | lr = 1.0000000000000005e-08
Epoch 120: loss = 4883074.0 | lr = 1.0000000000000005e-08
Epoch 121: loss = 4883074.0 | lr = 1.0000000000000005e-08
Epoch 122: loss = 4883074.0 | lr = 1.0000000000000005e-08
Epoch 123: loss = 4883074.0 | lr = 1.0000000000000005e-08
Epoch 124: loss = 4883074.0 | lr = 1.0000000000000005e-08
Epoch 125: loss = 4883074.0 | lr = 1.0000000000000005e-08
Epoch 126: loss = 4883074.0 | lr = 1.0000000000000005e-08
Epoch 127: loss = 4883074.0 | lr = 1.0000000000000005e-08
Epoch 128: loss = 4883074.0 | lr = 1.0000000000000005e-09
Epoch 129: loss = 4883074.0 | lr = 1.0000000000000005e-09
Epoch 130: loss = 4883074.0 | lr = 1.0000000000000005e-09
Epoch 131: loss = 4883074.0 | lr = 1.0000000000000005e-09
Epoch 132: loss = 4883074.0 | lr = 1.0000000000000005e-09
Epoch 133: loss = 4883074.0 | lr = 1.0000000000000005e-09
Epoch 134: loss = 4883074.0 | lr = 1.0000000000000005e-09
Epoch 135: loss = 4883074.0 | lr = 1.0000000000000005e-09
Epoch 136: loss = 4883074.0 | lr = 1.0000000000000005e-09
Stopping early due to low learning rate
Reconstruction for fluence = 1000000.0 photons/pixel
Epoch 0: loss = 581762422.3125 | lr = 0.1
Epoch 1: loss = 5272439.5703125 | lr = 0.1
Epoch 2: loss = 5108716.13671875 | lr = 0.1
Epoch 3: loss = 5375552.8671875 | lr = 0.1
Epoch 4: loss = 5512286.796875 | lr = 0.1
Epoch 5: loss = 5672329.078125 | lr = 0.1
Epoch 6: loss = 6187684.0546875 | lr = 0.1
Epoch 7: loss = 6375462.125 | lr = 0.1
Epoch 8: loss = 7862623.8828125 | lr = 0.1
Epoch 9: loss = 7549393.5859375 | lr = 0.1
Epoch 10: loss = 7659579.140625 | lr = 0.1
Epoch 11: loss = 9159718.4453125 | lr = 0.010000000000000002
Epoch 12: loss = 8867210.0 | lr = 0.010000000000000002
Epoch 13: loss = 12411464.0 | lr = 0.010000000000000002
Epoch 14: loss = 9182356.0 | lr = 0.010000000000000002
Epoch 15: loss = 10483169.0 | lr = 0.010000000000000002
Epoch 16: loss = 8749690.0 | lr = 0.010000000000000002
Epoch 17: loss = 8064926.0 | lr = 0.010000000000000002
Epoch 18: loss = 8308391.0 | lr = 0.010000000000000002
Epoch 19: loss = 7514239.0 | lr = 0.010000000000000002
Epoch 20: loss = 7094799.0 | lr = 0.0010000000000000002
Epoch 21: loss = 7113808.0 | lr = 0.0010000000000000002
Epoch 22: loss = 6900455.0 | lr = 0.0010000000000000002
Epoch 23: loss = 6404867.0 | lr = 0.0010000000000000002
Epoch 24: loss = 5829193.0 | lr = 0.0010000000000000002
Epoch 25: loss = 5346816.5 | lr = 0.0010000000000000002
Epoch 26: loss = 5055869.0 | lr = 0.0010000000000000002
Epoch 27: loss = 4967576.0 | lr = 0.0010000000000000002
Epoch 28: loss = 5026180.5 | lr = 0.0010000000000000002
Epoch 29: loss = 5147503.5 | lr = 0.0010000000000000002
Epoch 30: loss = 5256553.0 | lr = 0.0010000000000000002
Epoch 31: loss = 5309318.0 | lr = 0.0010000000000000002
Epoch 32: loss = 5295946.0 | lr = 0.0010000000000000002
Epoch 33: loss = 5231185.0 | lr = 0.0010000000000000002
Epoch 34: loss = 5140595.0 | lr = 0.0010000000000000002
Epoch 35: loss = 5048942.0 | lr = 0.0010000000000000002
Epoch 36: loss = 4973500.5 | lr = 0.00010000000000000003
Epoch 37: loss = 4922101.0 | lr = 0.00010000000000000003
Epoch 38: loss = 4917170.5 | lr = 0.00010000000000000003
Epoch 39: loss = 4910293.0 | lr = 0.00010000000000000003
Epoch 40: loss = 4901798.0 | lr = 0.00010000000000000003
Epoch 41: loss = 4892042.0 | lr = 0.00010000000000000003
Epoch 42: loss = 4881386.0 | lr = 0.00010000000000000003
Epoch 43: loss = 4870176.0 | lr = 0.00010000000000000003
Epoch 44: loss = 4858730.5 | lr = 0.00010000000000000003
Epoch 45: loss = 4847331.5 | lr = 0.00010000000000000003
Epoch 46: loss = 4836218.0 | lr = 0.00010000000000000003
Epoch 47: loss = 4825583.0 | lr = 0.00010000000000000003
Epoch 48: loss = 4815575.0 | lr = 0.00010000000000000003
Epoch 49: loss = 4806298.0 | lr = 0.00010000000000000003
Epoch 50: loss = 4797817.0 | lr = 0.00010000000000000003
Epoch 51: loss = 4790163.0 | lr = 0.00010000000000000003
Epoch 52: loss = 4783336.0 | lr = 0.00010000000000000003
Epoch 53: loss = 4777310.5 | lr = 0.00010000000000000003
Epoch 54: loss = 4772046.0 | lr = 0.00010000000000000003
Epoch 55: loss = 4767485.0 | lr = 0.00010000000000000003
Epoch 56: loss = 4763564.0 | lr = 0.00010000000000000003
Epoch 57: loss = 4760213.0 | lr = 0.00010000000000000003
Epoch 58: loss = 4757363.0 | lr = 0.00010000000000000003
Epoch 59: loss = 4754944.0 | lr = 0.00010000000000000003
Epoch 60: loss = 4752892.0 | lr = 0.00010000000000000003
Epoch 61: loss = 4751149.0 | lr = 0.00010000000000000003
Epoch 62: loss = 4749661.0 | lr = 0.00010000000000000003
Epoch 63: loss = 4748381.0 | lr = 0.00010000000000000003
Epoch 64: loss = 4747272.0 | lr = 0.00010000000000000003
Epoch 65: loss = 4746299.0 | lr = 0.00010000000000000003
Epoch 66: loss = 4745436.5 | lr = 0.00010000000000000003
Epoch 67: loss = 4744663.5 | lr = 0.00010000000000000003
Epoch 68: loss = 4743962.5 | lr = 0.00010000000000000003
Epoch 69: loss = 4743322.0 | lr = 0.00010000000000000003
Epoch 70: loss = 4742731.0 | lr = 0.00010000000000000003
Epoch 71: loss = 4742184.5 | lr = 0.00010000000000000003
Epoch 72: loss = 4741676.0 | lr = 0.00010000000000000003
Epoch 73: loss = 4741203.0 | lr = 0.00010000000000000003
Epoch 74: loss = 4740763.5 | lr = 0.00010000000000000003
Epoch 75: loss = 4740355.0 | lr = 0.00010000000000000003
Epoch 76: loss = 4739976.0 | lr = 0.00010000000000000003
Epoch 77: loss = 4739626.0 | lr = 0.00010000000000000003
Epoch 78: loss = 4739303.0 | lr = 0.00010000000000000003
Epoch 79: loss = 4739006.0 | lr = 0.00010000000000000003
Epoch 80: loss = 4738735.0 | lr = 0.00010000000000000003
Epoch 81: loss = 4738486.5 | lr = 0.00010000000000000003
Epoch 82: loss = 4738260.5 | lr = 0.00010000000000000003
Epoch 83: loss = 4738055.0 | lr = 0.00010000000000000003
Epoch 84: loss = 4737869.0 | lr = 0.00010000000000000003
Epoch 85: loss = 4737700.0 | lr = 0.00010000000000000003
Epoch 86: loss = 4737546.0 | lr = 0.00010000000000000003
Epoch 87: loss = 4737407.0 | lr = 0.00010000000000000003
Epoch 88: loss = 4737281.0 | lr = 0.00010000000000000003
Epoch 89: loss = 4737167.0 | lr = 0.00010000000000000003
Epoch 90: loss = 4737062.5 | lr = 0.00010000000000000003
Epoch 91: loss = 4736968.0 | lr = 0.00010000000000000003
Epoch 92: loss = 4736881.0 | lr = 0.00010000000000000003
Epoch 93: loss = 4736802.0 | lr = 0.00010000000000000003
Epoch 94: loss = 4736730.0 | lr = 0.00010000000000000003
Epoch 95: loss = 4736664.0 | lr = 0.00010000000000000003
Epoch 96: loss = 4736603.0 | lr = 0.00010000000000000003
Epoch 97: loss = 4736547.0 | lr = 0.00010000000000000003
Epoch 98: loss = 4736496.0 | lr = 0.00010000000000000003
Epoch 99: loss = 4736449.0 | lr = 0.00010000000000000003
Epoch 100: loss = 4736406.0 | lr = 0.00010000000000000003
Epoch 101: loss = 4736366.0 | lr = 0.00010000000000000003
Epoch 102: loss = 4736330.0 | lr = 0.00010000000000000003
Epoch 103: loss = 4736296.0 | lr = 0.00010000000000000003
Epoch 104: loss = 4736266.0 | lr = 1.0000000000000004e-05
Epoch 105: loss = 4736238.0 | lr = 1.0000000000000004e-05
Epoch 106: loss = 4736235.0 | lr = 1.0000000000000004e-05
Epoch 107: loss = 4736233.0 | lr = 1.0000000000000004e-05
Epoch 108: loss = 4736230.5 | lr = 1.0000000000000004e-05
Epoch 109: loss = 4736227.5 | lr = 1.0000000000000004e-05
Epoch 110: loss = 4736225.0 | lr = 1.0000000000000004e-05
Epoch 111: loss = 4736222.5 | lr = 1.0000000000000004e-05
Epoch 112: loss = 4736220.0 | lr = 1.0000000000000004e-05
Epoch 113: loss = 4736217.0 | lr = 1.0000000000000004e-06
Epoch 114: loss = 4736215.0 | lr = 1.0000000000000004e-06
Epoch 115: loss = 4736214.5 | lr = 1.0000000000000004e-06
Epoch 116: loss = 4736214.5 | lr = 1.0000000000000004e-06
Epoch 117: loss = 4736214.0 | lr = 1.0000000000000004e-06
Epoch 118: loss = 4736213.5 | lr = 1.0000000000000004e-06
Epoch 119: loss = 4736213.5 | lr = 1.0000000000000004e-06
Epoch 120: loss = 4736213.0 | lr = 1.0000000000000004e-06
Epoch 121: loss = 4736213.0 | lr = 1.0000000000000004e-06
Epoch 122: loss = 4736213.0 | lr = 1.0000000000000005e-07
Epoch 123: loss = 4736212.5 | lr = 1.0000000000000005e-07
Epoch 124: loss = 4736212.5 | lr = 1.0000000000000005e-07
Epoch 125: loss = 4736212.0 | lr = 1.0000000000000005e-07
Epoch 126: loss = 4736213.0 | lr = 1.0000000000000005e-07
Epoch 127: loss = 4736212.0 | lr = 1.0000000000000005e-07
Epoch 128: loss = 4736212.5 | lr = 1.0000000000000005e-07
Epoch 129: loss = 4736212.0 | lr = 1.0000000000000005e-07
Epoch 130: loss = 4736212.5 | lr = 1.0000000000000005e-07
Epoch 131: loss = 4736212.0 | lr = 1.0000000000000005e-08
Epoch 132: loss = 4736212.5 | lr = 1.0000000000000005e-08
Epoch 133: loss = 4736212.5 | lr = 1.0000000000000005e-08
Epoch 134: loss = 4736212.0 | lr = 1.0000000000000005e-08
Epoch 135: loss = 4736212.0 | lr = 1.0000000000000005e-08
Epoch 136: loss = 4736212.0 | lr = 1.0000000000000005e-08
Epoch 137: loss = 4736212.0 | lr = 1.0000000000000005e-08
Epoch 138: loss = 4736212.0 | lr = 1.0000000000000005e-08
Epoch 139: loss = 4736212.0 | lr = 1.0000000000000005e-08
Epoch 140: loss = 4736212.5 | lr = 1.0000000000000005e-09
Epoch 141: loss = 4736212.0 | lr = 1.0000000000000005e-09
Epoch 142: loss = 4736212.5 | lr = 1.0000000000000005e-09
Epoch 143: loss = 4736212.0 | lr = 1.0000000000000005e-09
Epoch 144: loss = 4736212.0 | lr = 1.0000000000000005e-09
Epoch 145: loss = 4736212.5 | lr = 1.0000000000000005e-09
Epoch 146: loss = 4736212.5 | lr = 1.0000000000000005e-09
Epoch 147: loss = 4736212.5 | lr = 1.0000000000000005e-09
Epoch 148: loss = 4736212.5 | lr = 1.0000000000000005e-09
Stopping early due to low learning rate
Simulation for n_fluences=12 completed!
