Running simulation for steps_size=9 and n_fluences=20
Steps size: 9
Tensors initialization on device cuda
Multiprobe = band_lim
torch.Size([1, 64, 64])

('MSE', None) RECONSTRUCTIONS

Reconstruction for fluence = 0.09999999999999999 photons/pixel
Epoch 0: loss = 0.01856650784611702
Epoch 1: loss = 0.018560530617833138
Epoch 2: loss = 0.018554560840129852
Epoch 3: loss = 0.01854860410094261
Epoch 4: loss = 0.018542658537626266
Epoch 5: loss = 0.018536722287535667
Early stopping at epoch 5 with loss 0.01856650784611702
Reconstruction for fluence = 0.23357214690901223 photons/pixel
Epoch 0: loss = 0.05648475140333176
Epoch 1: loss = 0.028596609830856323
Epoch 2: loss = 0.028573499992489815
Epoch 3: loss = 0.028573499992489815
Epoch 4: loss = 0.028573499992489815
Epoch 5: loss = 0.028573499992489815
Epoch 6: loss = 0.028573499992489815
Early stopping at epoch 6 with loss 0.028596609830856323
Reconstruction for fluence = 0.5455594781168519 photons/pixel
Epoch 0: loss = 0.21077068150043488
Epoch 1: loss = 0.06641146540641785
Epoch 2: loss = 0.06630919873714447
Epoch 3: loss = 0.06630779802799225
Epoch 4: loss = 0.06630779802799225
Epoch 5: loss = 0.06630779802799225
Epoch 6: loss = 0.06630779802799225
Epoch 7: loss = 0.06630779802799225
Early stopping at epoch 7 with loss 0.06630919873714447
Reconstruction for fluence = 1.2742749857031335 photons/pixel
Epoch 0: loss = 0.906584620475769
Epoch 1: loss = 0.15400759875774384
Epoch 2: loss = 0.15356314182281494
Epoch 3: loss = 0.15355193614959717
Epoch 4: loss = 0.15355172753334045
Epoch 5: loss = 0.15355157852172852
Epoch 6: loss = 0.15355157852172852
Epoch 7: loss = 0.15355154871940613
Early stopping at epoch 7 with loss 0.15356314182281494
Reconstruction for fluence = 2.976351441631318 photons/pixel
Epoch 0: loss = 4.3507843017578125
Epoch 1: loss = 0.36772391200065613
Epoch 2: loss = 0.3658147156238556
Epoch 3: loss = 0.3657296895980835
Epoch 4: loss = 0.3657248020172119
Epoch 5: loss = 0.3657248020172119
Epoch 6: loss = 0.36572468280792236
Epoch 7: loss = 0.36572468280792236
Early stopping at epoch 7 with loss 0.3658147156238556
Reconstruction for fluence = 6.9519279617756045 photons/pixel
Epoch 0: loss = 22.478551864624023
Epoch 1: loss = 0.8460361957550049
Epoch 2: loss = 0.838931679725647
Epoch 3: loss = 0.8385001420974731
Epoch 4: loss = 0.8384578227996826
Epoch 5: loss = 0.838454008102417
Epoch 6: loss = 0.8384532928466797
Epoch 7: loss = 0.8384532332420349
Epoch 8: loss = 0.8384532332420349
Early stopping at epoch 8 with loss 0.8385001420974731
Reconstruction for fluence = 16.23776739188721 photons/pixel
Epoch 0: loss = 118.99224853515625
Epoch 1: loss = 1.9149221181869507
Epoch 2: loss = 1.8917477130889893
Epoch 3: loss = 1.889609456062317
Epoch 4: loss = 1.889312744140625
Epoch 5: loss = 1.8892713785171509
Epoch 6: loss = 1.889265537261963
Epoch 7: loss = 1.8892645835876465
Epoch 8: loss = 1.8892643451690674
Epoch 9: loss = 1.8892642259597778
Early stopping at epoch 9 with loss 1.889312744140625
Reconstruction for fluence = 37.926901907322495 photons/pixel
Epoch 0: loss = 641.8436279296875
Epoch 1: loss = 4.578559875488281
Epoch 2: loss = 4.479098796844482
Epoch 3: loss = 4.470661163330078
Epoch 4: loss = 4.4692463874816895
Epoch 5: loss = 4.468926429748535
Epoch 6: loss = 4.468853950500488
Epoch 7: loss = 4.468826770782471
Epoch 8: loss = 4.46882438659668
Epoch 9: loss = 4.468823432922363
Epoch 10: loss = 4.468823432922363
Epoch 11: loss = 4.468822002410889
Epoch 12: loss = 4.4688215255737305
Epoch 13: loss = 4.4688215255737305
Early stopping at epoch 13 with loss 4.46882438659668
Reconstruction for fluence = 88.58667904100822 photons/pixel
Epoch 0: loss = 3489.81787109375
Epoch 1: loss = 10.912260055541992
Epoch 2: loss = 10.517365455627441
Epoch 3: loss = 10.489185333251953
Epoch 4: loss = 10.482714653015137
Epoch 5: loss = 10.481000900268555
Epoch 6: loss = 10.480594635009766
Epoch 7: loss = 10.480437278747559
Epoch 8: loss = 10.480371475219727
Epoch 9: loss = 10.480348587036133
Epoch 10: loss = 10.480344772338867
Epoch 11: loss = 10.48034381866455
Epoch 12: loss = 10.480340957641602
Early stopping at epoch 12 with loss 10.480437278747559
Reconstruction for fluence = 206.9138081114788 photons/pixel
Epoch 0: loss = 19011.47265625
Epoch 1: loss = 26.34770393371582
Epoch 2: loss = 24.597089767456055
Epoch 3: loss = 24.497329711914062
Epoch 4: loss = 24.473522186279297
Epoch 5: loss = 24.466087341308594
Epoch 6: loss = 24.46383285522461
Epoch 7: loss = 24.46291160583496
Epoch 8: loss = 24.462533950805664
Epoch 9: loss = 24.462398529052734
Epoch 10: loss = 24.462385177612305
Epoch 11: loss = 24.462310791015625
Epoch 12: loss = 24.462291717529297
Epoch 13: loss = 24.462268829345703
Epoch 14: loss = 24.462268829345703
Epoch 15: loss = 24.462257385253906
Epoch 16: loss = 24.462257385253906
Epoch 17: loss = 24.46225357055664
Early stopping at epoch 17 with loss 24.462291717529297
Reconstruction for fluence = 483.2930238571752 photons/pixel
Epoch 0: loss = 103490.2734375
Epoch 1: loss = 67.21412658691406
Epoch 2: loss = 58.40641403198242
Epoch 3: loss = 57.963619232177734
Epoch 4: loss = 57.85028839111328
Epoch 5: loss = 57.81884765625
Epoch 6: loss = 57.80622100830078
Epoch 7: loss = 57.80152893066406
Epoch 8: loss = 57.79930114746094
Epoch 9: loss = 57.79820251464844
Epoch 10: loss = 57.79770278930664
Epoch 11: loss = 57.79763412475586
Epoch 12: loss = 57.797576904296875
Epoch 13: loss = 57.79736328125
Epoch 14: loss = 57.79734802246094
Epoch 15: loss = 57.79723358154297
Epoch 16: loss = 57.79722595214844
Epoch 17: loss = 57.797176361083984
Epoch 18: loss = 57.79716873168945
Epoch 19: loss = 57.797142028808594
Epoch 20: loss = 57.797088623046875
Epoch 21: loss = 57.797088623046875
Epoch 22: loss = 57.797080993652344
Epoch 23: loss = 57.79707336425781
Epoch 24: loss = 57.79707336425781
Epoch 25: loss = 57.79705810546875
Early stopping at epoch 25 with loss 57.797088623046875
Reconstruction for fluence = 1128.8378916846884 photons/pixel
Epoch 0: loss = 564609.25
Epoch 1: loss = 181.07135009765625
Epoch 2: loss = 136.425048828125
Epoch 3: loss = 134.57484436035156
Epoch 4: loss = 134.09527587890625
Epoch 5: loss = 133.93817138671875
Epoch 6: loss = 133.88853454589844
Epoch 7: loss = 133.86663818359375
Epoch 8: loss = 133.85694885253906
Epoch 9: loss = 133.8509521484375
Epoch 10: loss = 133.84776306152344
Epoch 11: loss = 133.84619140625
Epoch 12: loss = 133.84564208984375
Epoch 13: loss = 133.84548950195312
Epoch 14: loss = 133.8454132080078
Epoch 15: loss = 133.84521484375
Epoch 16: loss = 133.84512329101562
Epoch 17: loss = 133.84500122070312
Epoch 18: loss = 133.844970703125
Epoch 19: loss = 133.84487915039062
Epoch 20: loss = 133.84487915039062
Epoch 21: loss = 133.84478759765625
Epoch 22: loss = 133.84478759765625
Epoch 23: loss = 133.8446807861328
Epoch 24: loss = 133.84466552734375
Epoch 25: loss = 133.8446044921875
Epoch 26: loss = 133.8446044921875
Epoch 27: loss = 133.8446044921875
Epoch 28: loss = 133.8446044921875
Early stopping at epoch 28 with loss 133.8446807861328
Reconstruction for fluence = 2636.6508987303555 photons/pixel
Epoch 0: loss = 3081442.0
Epoch 1: loss = 567.877685546875
Epoch 2: loss = 325.84375
Epoch 3: loss = 316.14215087890625
Epoch 4: loss = 313.53594970703125
Epoch 5: loss = 312.76593017578125
Epoch 6: loss = 312.5333251953125
Epoch 7: loss = 312.42413330078125
Epoch 8: loss = 312.37451171875
Epoch 9: loss = 312.34893798828125
Epoch 10: loss = 312.3342590332031
Epoch 11: loss = 312.32696533203125
Epoch 12: loss = 312.32440185546875
Epoch 13: loss = 312.32305908203125
Epoch 14: loss = 312.320556640625
Epoch 15: loss = 312.3197021484375
Epoch 16: loss = 312.3184814453125
Epoch 17: loss = 312.3179931640625
Epoch 18: loss = 312.31768798828125
Epoch 19: loss = 312.31768798828125
Epoch 20: loss = 312.31756591796875
Epoch 21: loss = 312.3175048828125
Epoch 22: loss = 312.31744384765625
Epoch 23: loss = 312.31744384765625
Epoch 24: loss = 312.31732177734375
Epoch 25: loss = 312.3172302246094
Epoch 26: loss = 312.317138671875
Epoch 27: loss = 312.31695556640625
Epoch 28: loss = 312.3170166015625
Epoch 29: loss = 312.31689453125
Epoch 30: loss = 312.31683349609375
Epoch 31: loss = 312.3167724609375
Epoch 32: loss = 312.31671142578125
Epoch 33: loss = 312.3166809082031
Epoch 34: loss = 312.316650390625
Epoch 35: loss = 312.316650390625
Epoch 36: loss = 312.31658935546875
Epoch 37: loss = 312.31671142578125
Epoch 38: loss = 312.31658935546875
Epoch 39: loss = 312.3165588378906
Epoch 40: loss = 312.316650390625
Epoch 41: loss = 312.3165283203125
Early stopping at epoch 41 with loss 312.31658935546875
Reconstruction for fluence = 6158.482110660255 photons/pixel
Epoch 0: loss = 16808008.0
Epoch 1: loss = 2100.328125
Epoch 2: loss = 796.3216552734375
Epoch 3: loss = 745.1971435546875
Epoch 4: loss = 732.4285888671875
Epoch 5: loss = 728.4453125
Epoch 6: loss = 727.3182983398438
Epoch 7: loss = 726.7010498046875
Epoch 8: loss = 726.4241333007812
Epoch 9: loss = 726.2852783203125
Epoch 10: loss = 726.21435546875
Epoch 11: loss = 726.2008056640625
Epoch 12: loss = 726.1728515625
Epoch 13: loss = 726.156982421875
Epoch 14: loss = 726.1510009765625
Epoch 15: loss = 726.1435546875
Epoch 16: loss = 726.1427001953125
Epoch 17: loss = 726.13916015625
Epoch 18: loss = 726.1376953125
Epoch 19: loss = 726.1350708007812
Epoch 20: loss = 726.1348876953125
Epoch 21: loss = 726.133544921875
Epoch 22: loss = 726.1329345703125
Epoch 23: loss = 726.132568359375
Epoch 24: loss = 726.1322021484375
Epoch 25: loss = 726.132080078125
Epoch 26: loss = 726.1318359375
Epoch 27: loss = 726.1318359375
Epoch 28: loss = 726.131591796875
Epoch 29: loss = 726.131591796875
Epoch 30: loss = 726.131591796875
Epoch 31: loss = 726.1315307617188
Epoch 32: loss = 726.1312255859375
Epoch 33: loss = 726.1312255859375
Epoch 34: loss = 726.13134765625
Epoch 35: loss = 726.1312255859375
Epoch 36: loss = 726.1312255859375
Epoch 37: loss = 726.1311645507812
Early stopping at epoch 37 with loss 726.1312255859375
Reconstruction for fluence = 14384.498882876629 photons/pixel
Epoch 0: loss = 91698464.0
Epoch 1: loss = 9104.0419921875
Epoch 2: loss = 2076.201416015625
Epoch 3: loss = 1804.633544921875
Epoch 4: loss = 1734.185791015625
Epoch 5: loss = 1712.253173828125
Epoch 6: loss = 1705.843994140625
Epoch 7: loss = 1702.690185546875
Epoch 8: loss = 1701.2529296875
Epoch 9: loss = 1700.51611328125
Epoch 10: loss = 1700.1114501953125
Epoch 11: loss = 1699.9185791015625
Epoch 12: loss = 1699.81640625
Epoch 13: loss = 1699.7572021484375
Epoch 14: loss = 1699.7177734375
Epoch 15: loss = 1699.699951171875
Epoch 16: loss = 1699.685546875
Epoch 17: loss = 1699.6771240234375
Epoch 18: loss = 1699.673828125
Epoch 19: loss = 1699.667724609375
Epoch 20: loss = 1699.6669921875
Epoch 21: loss = 1699.666259765625
Epoch 22: loss = 1699.663818359375
Epoch 23: loss = 1699.66162109375
Epoch 24: loss = 1699.66064453125
Epoch 25: loss = 1699.6600341796875
Epoch 26: loss = 1699.660400390625
Epoch 27: loss = 1699.66015625
Epoch 28: loss = 1699.6591796875
Epoch 29: loss = 1699.6590576171875
Epoch 30: loss = 1699.6593017578125
Epoch 31: loss = 1699.6585693359375
Epoch 32: loss = 1699.658935546875
Epoch 33: loss = 1699.6590576171875
Epoch 34: loss = 1699.65771484375
Epoch 35: loss = 1699.6571044921875
Epoch 36: loss = 1699.658203125
Epoch 37: loss = 1699.658935546875
Epoch 38: loss = 1699.658935546875
Epoch 39: loss = 1699.65771484375
Epoch 40: loss = 1699.6572265625
Early stopping at epoch 40 with loss 1699.6571044921875
Reconstruction for fluence = 33598.18286283781 photons/pixel
Epoch 0: loss = 500286080.0
Epoch 1: loss = 44369.98828125
Epoch 2: loss = 6034.1728515625
Epoch 3: loss = 4563.29541015625
Epoch 4: loss = 4190.1298828125
Epoch 5: loss = 4073.93798828125
Epoch 6: loss = 4039.392578125
Epoch 7: loss = 4025.113525390625
Epoch 8: loss = 4017.453857421875
Epoch 9: loss = 4013.449951171875
Epoch 10: loss = 4011.23876953125
Epoch 11: loss = 4010.0966796875
Epoch 12: loss = 4009.52783203125
Epoch 13: loss = 4009.16650390625
Epoch 14: loss = 4008.92529296875
Epoch 15: loss = 4008.78759765625
Epoch 16: loss = 4008.70556640625
Epoch 17: loss = 4008.6630859375
Epoch 18: loss = 4008.6591796875
Epoch 19: loss = 4008.6455078125
Epoch 20: loss = 4008.6279296875
Epoch 21: loss = 4008.611328125
Epoch 22: loss = 4008.603271484375
Epoch 23: loss = 4008.59326171875
Epoch 24: loss = 4008.5966796875
Epoch 25: loss = 4008.5966796875
Epoch 26: loss = 4008.595703125
Epoch 27: loss = 4008.59375
Epoch 28: loss = 4008.59130859375
Epoch 29: loss = 4008.59033203125
Epoch 30: loss = 4008.591552734375
Epoch 31: loss = 4008.590087890625
Epoch 32: loss = 4008.58984375
Epoch 33: loss = 4008.586669921875
Epoch 34: loss = 4008.587646484375
Epoch 35: loss = 4008.58642578125
Epoch 36: loss = 4008.59033203125
Epoch 37: loss = 4008.587890625
Epoch 38: loss = 4008.58740234375
Epoch 39: loss = 4008.588134765625
Epoch 40: loss = 4008.5859375
Epoch 41: loss = 4008.589599609375
Epoch 42: loss = 4008.5849609375
Epoch 43: loss = 4008.5888671875
Epoch 44: loss = 4008.58837890625
Epoch 45: loss = 4008.58837890625
Epoch 46: loss = 4008.5888671875
Epoch 47: loss = 4008.5908203125
Early stopping at epoch 47 with loss 4008.5849609375
Reconstruction for fluence = 78475.99703514607 photons/pixel
Epoch 0: loss = 2729408256.0
Epoch 1: loss = 228676.0625
Epoch 2: loss = 20357.1875
Epoch 3: loss = 12687.4306640625
Epoch 4: loss = 10546.1962890625
Epoch 5: loss = 9880.677734375
Epoch 6: loss = 9685.697265625
Epoch 7: loss = 9591.701171875
Epoch 8: loss = 9548.84375
Epoch 9: loss = 9518.947265625
Epoch 10: loss = 9505.6376953125
Epoch 11: loss = 9498.85546875
Epoch 12: loss = 9495.1826171875
Epoch 13: loss = 9492.9111328125
Epoch 14: loss = 9491.55078125
Epoch 15: loss = 9490.740234375
Epoch 16: loss = 9490.3125
Epoch 17: loss = 9490.048828125
Epoch 18: loss = 9489.8896484375
Epoch 19: loss = 9489.798828125
Epoch 20: loss = 9489.7275390625
Epoch 21: loss = 9489.6904296875
Epoch 22: loss = 9489.650390625
Epoch 23: loss = 9489.63671875
Epoch 24: loss = 9489.6494140625
Epoch 25: loss = 9489.6337890625
Epoch 26: loss = 9489.6318359375
Epoch 27: loss = 9489.638671875
Epoch 28: loss = 9489.634765625
Epoch 29: loss = 9489.6396484375
Epoch 30: loss = 9489.625
Epoch 31: loss = 9489.630859375
Epoch 32: loss = 9489.6171875
Epoch 33: loss = 9489.623046875
Epoch 34: loss = 9489.62109375
Epoch 35: loss = 9489.60546875
Epoch 36: loss = 9489.6181640625
Epoch 37: loss = 9489.61328125
Epoch 38: loss = 9489.61328125
Epoch 39: loss = 9489.615234375
Epoch 40: loss = 9489.6171875
Early stopping at epoch 40 with loss 9489.60546875
Reconstruction for fluence = 183298.07108324335 photons/pixel
Epoch 0: loss = 14889428992.0
Epoch 1: loss = 1218268.25
Epoch 2: loss = 81430.09375
Epoch 3: loss = 38982.140625
Epoch 4: loss = 27373.53125
Epoch 5: loss = 23767.1875
Epoch 6: loss = 22762.26171875
Epoch 7: loss = 22273.615234375
Epoch 8: loss = 22042.392578125
Epoch 9: loss = 21923.609375
Epoch 10: loss = 21860.328125
Epoch 11: loss = 21830.775390625
Epoch 12: loss = 21813.91015625
Epoch 13: loss = 21803.5390625
Epoch 14: loss = 21797.369140625
Epoch 15: loss = 21793.4453125
Epoch 16: loss = 21791.478515625
Epoch 17: loss = 21790.2734375
Epoch 18: loss = 21789.509765625
Epoch 19: loss = 21789.1015625
Epoch 20: loss = 21788.7421875
Epoch 21: loss = 21788.7265625
Epoch 22: loss = 21788.57421875
Epoch 23: loss = 21788.57421875
Epoch 24: loss = 21788.484375
Epoch 25: loss = 21788.4609375
Epoch 26: loss = 21788.4296875
Epoch 27: loss = 21788.3515625
Epoch 28: loss = 21788.359375
Epoch 29: loss = 21788.3515625
Epoch 30: loss = 21788.279296875
Epoch 31: loss = 21788.27734375
Epoch 32: loss = 21788.314453125
Epoch 33: loss = 21788.30859375
Epoch 34: loss = 21788.3125
Epoch 35: loss = 21788.31640625
Epoch 36: loss = 21788.3046875
Early stopping at epoch 36 with loss 21788.27734375
Reconstruction for fluence = 428133.2398719387 photons/pixel
Epoch 0: loss = 81231708160.0
Epoch 1: loss = 6575930.5
Epoch 2: loss = 374799.9375
Epoch 3: loss = 143864.828125
Epoch 4: loss = 80181.515625
Epoch 5: loss = 61036.5078125
Epoch 6: loss = 55735.984375
Epoch 7: loss = 53007.4375
Epoch 8: loss = 51748.73046875
Epoch 9: loss = 51060.2421875
Epoch 10: loss = 50704.28515625
Epoch 11: loss = 50529.7421875
Epoch 12: loss = 50443.4609375
Epoch 13: loss = 50389.84375
Epoch 14: loss = 50355.5
Epoch 15: loss = 50333.546875
Epoch 16: loss = 50322.40625
Epoch 17: loss = 50315.8203125
Epoch 18: loss = 50312.05859375
Epoch 19: loss = 50309.53125
Epoch 20: loss = 50308.08984375
Epoch 21: loss = 50307.3515625
Epoch 22: loss = 50306.84765625
Epoch 23: loss = 50306.84375
Epoch 24: loss = 50306.5859375
Epoch 25: loss = 50306.3671875
Epoch 26: loss = 50306.4921875
Epoch 27: loss = 50306.4375
Epoch 28: loss = 50306.12109375
Epoch 29: loss = 50306.07421875
Epoch 30: loss = 50305.8828125
Epoch 31: loss = 50306.1640625
Epoch 32: loss = 50306.1484375
Epoch 33: loss = 50306.0859375
Epoch 34: loss = 50305.9765625
Epoch 35: loss = 50306.0859375
Early stopping at epoch 35 with loss 50305.8828125
Reconstruction for fluence = 1000000.0 photons/pixel
Epoch 0: loss = 443172257792.0
Epoch 1: loss = 35716964.0
Epoch 2: loss = 1893036.0
Epoch 3: loss = 577698.75
Epoch 4: loss = 271048.0625
Epoch 5: loss = 172954.828125
Epoch 6: loss = 143724.078125
Epoch 7: loss = 130499.28125
Epoch 8: loss = 124023.46875
Epoch 9: loss = 120836.796875
Epoch 10: loss = 119153.4921875
Epoch 11: loss = 118353.71875
Epoch 12: loss = 117882.671875
Epoch 13: loss = 117627.40625
Epoch 14: loss = 117453.0625
Epoch 15: loss = 117344.140625
Epoch 16: loss = 117288.5390625
Epoch 17: loss = 117254.53125
Epoch 18: loss = 117234.265625
Epoch 19: loss = 117221.625
Epoch 20: loss = 117212.5625
Epoch 21: loss = 117208.09375
Epoch 22: loss = 117205.78125
Epoch 23: loss = 117204.328125
Epoch 24: loss = 117202.59375
Epoch 25: loss = 117201.8203125
Epoch 26: loss = 117202.203125
Epoch 27: loss = 117201.46875
Epoch 28: loss = 117201.578125
Epoch 29: loss = 117201.09375
Epoch 30: loss = 117201.609375
Epoch 31: loss = 117200.875
Epoch 32: loss = 117201.2734375
Epoch 33: loss = 117200.9296875
Epoch 34: loss = 117201.1796875
Epoch 35: loss = 117201.625
Epoch 36: loss = 117201.4453125
Early stopping at epoch 36 with loss 117200.875
Tensors initialization on device cuda
Multiprobe = band_lim
torch.Size([1, 64, 64])

('MSE', 'PoissonNLL') RECONSTRUCTIONS

Reconstruction for fluence = 0.09999999999999999 photons/pixel
Epoch 0: loss = 0.017526719719171524
Epoch 1: loss = 0.01752164214849472
Epoch 2: loss = 0.017516573891043663
Epoch 3: loss = 0.017511514946818352
Epoch 4: loss = 0.017506465315818787
Epoch 5: loss = 0.017501428723335266
Early stopping at epoch 5 with loss 0.017526719719171524
Epoch 0: loss = 0.05358637496829033
Epoch 1: loss = 0.03873133286833763
Epoch 2: loss = 0.038588330149650574
Epoch 3: loss = 0.03858257457613945
Epoch 4: loss = 0.03858224302530289
Epoch 5: loss = 0.03858215734362602
Epoch 6: loss = 0.03858215734362602
Epoch 7: loss = 0.03858215734362602
Early stopping at epoch 7 with loss 0.038588330149650574
Reconstruction for fluence = 0.23357214690901223 photons/pixel
Epoch 0: loss = 0.05368605628609657
Epoch 1: loss = 0.02938312478363514
Epoch 2: loss = 0.02929973602294922
Epoch 3: loss = 0.029298124834895134
Epoch 4: loss = 0.029298124834895134
Epoch 5: loss = 0.029298124834895134
Epoch 6: loss = 0.029298124834895134
Early stopping at epoch 6 with loss 0.02938312478363514
Epoch 0: loss = 0.07660381495952606
Epoch 1: loss = 0.06544428318738937
Epoch 2: loss = 0.0653989240527153
Epoch 3: loss = 0.06539653241634369
Epoch 4: loss = 0.06539370864629745
Epoch 5: loss = 0.06539320945739746
Epoch 6: loss = 0.06539317965507507
Early stopping at epoch 6 with loss 0.06544428318738937
Reconstruction for fluence = 0.5455594781168519 photons/pixel
Epoch 0: loss = 0.1891690343618393
Epoch 1: loss = 0.06879357993602753
Epoch 2: loss = 0.06856591254472733
Epoch 3: loss = 0.06855817884206772
Epoch 4: loss = 0.0685579925775528
Epoch 5: loss = 0.0685579925775528
Epoch 6: loss = 0.0685579925775528
Epoch 7: loss = 0.0685579925775528
Early stopping at epoch 7 with loss 0.06856591254472733
Epoch 0: loss = 0.10806936025619507
Epoch 1: loss = 0.09268708527088165
Epoch 2: loss = 0.0926128476858139
Epoch 3: loss = 0.09260484576225281
Epoch 4: loss = 0.09259917587041855
Epoch 5: loss = 0.09259817004203796
Epoch 6: loss = 0.09259568899869919
Early stopping at epoch 6 with loss 0.09268708527088165
Reconstruction for fluence = 1.2742749857031335 photons/pixel
Epoch 0: loss = 0.7916193008422852
Epoch 1: loss = 0.15816153585910797
Epoch 2: loss = 0.15729743242263794
Epoch 3: loss = 0.15724298357963562
Epoch 4: loss = 0.15723896026611328
Epoch 5: loss = 0.1572386473417282
Epoch 6: loss = 0.15723863244056702
Epoch 7: loss = 0.15723861753940582
Early stopping at epoch 7 with loss 0.15729743242263794
Epoch 0: loss = 0.09357940405607224
Epoch 1: loss = 0.07061769813299179
Epoch 2: loss = 0.07045654952526093
Epoch 3: loss = 0.07044751942157745
Epoch 4: loss = 0.0704440027475357
Epoch 5: loss = 0.07044249773025513
Epoch 6: loss = 0.07044064998626709
Epoch 7: loss = 0.07044029235839844
Early stopping at epoch 7 with loss 0.07045654952526093
Reconstruction for fluence = 2.976351441631318 photons/pixel
Epoch 0: loss = 3.764246940612793
Epoch 1: loss = 0.3653740882873535
Epoch 2: loss = 0.35992178320884705
Epoch 3: loss = 0.3596726059913635
Epoch 4: loss = 0.3596464991569519
Epoch 5: loss = 0.3596433103084564
Epoch 6: loss = 0.3596431016921997
Epoch 7: loss = 0.35964304208755493
Epoch 8: loss = 0.35964304208755493
Early stopping at epoch 8 with loss 0.3596726059913635
Epoch 0: loss = -0.15344935655593872
Epoch 1: loss = -0.18548652529716492
Epoch 2: loss = -0.1857910007238388
Epoch 3: loss = -0.18583065271377563
Epoch 4: loss = -0.1858435422182083
Epoch 5: loss = -0.18584784865379333
Epoch 6: loss = -0.18584895133972168
Epoch 7: loss = -0.18585005402565002
Early stopping at epoch 7 with loss -0.1857910007238388
Reconstruction for fluence = 6.9519279617756045 photons/pixel
Epoch 0: loss = 19.170381546020508
Epoch 1: loss = 0.8721129894256592
Epoch 2: loss = 0.8528985977172852
Epoch 3: loss = 0.8517909049987793
Epoch 4: loss = 0.8516174554824829
Epoch 5: loss = 0.8515870571136475
Epoch 6: loss = 0.8515803813934326
Epoch 7: loss = 0.8515803813934326
Epoch 8: loss = 0.8515795469284058
Epoch 9: loss = 0.8515794277191162
Early stopping at epoch 9 with loss 0.8516174554824829
Epoch 0: loss = -1.213568925857544
Epoch 1: loss = -1.2573949098587036
Epoch 2: loss = -1.257866621017456
Epoch 3: loss = -1.2579154968261719
Epoch 4: loss = -1.2579259872436523
Epoch 5: loss = -1.2579330205917358
Epoch 6: loss = -1.2579331398010254
Epoch 7: loss = -1.2579333782196045
Early stopping at epoch 7 with loss -1.257866621017456
Reconstruction for fluence = 16.23776739188721 photons/pixel
Epoch 0: loss = 101.51094818115234
Epoch 1: loss = 1.996006965637207
Epoch 2: loss = 1.95042085647583
Epoch 3: loss = 1.9470579624176025
Epoch 4: loss = 1.946155071258545
Epoch 5: loss = 1.945975661277771
Epoch 6: loss = 1.9459388256072998
Epoch 7: loss = 1.945923089981079
Epoch 8: loss = 1.9459214210510254
Epoch 9: loss = 1.9459197521209717
Epoch 10: loss = 1.9459192752838135
Early stopping at epoch 10 with loss 1.945975661277771
Epoch 0: loss = -4.804928779602051
Epoch 1: loss = -4.861196517944336
Epoch 2: loss = -4.861876487731934
Epoch 3: loss = -4.862011909484863
Epoch 4: loss = -4.862039089202881
Epoch 5: loss = -4.8620452880859375
Epoch 6: loss = -4.862046241760254
Epoch 7: loss = -4.862046241760254
Epoch 8: loss = -4.862046241760254
Early stopping at epoch 8 with loss -4.862011909484863
Reconstruction for fluence = 37.926901907322495 photons/pixel
Epoch 0: loss = 546.7543334960938
Epoch 1: loss = 4.698319435119629
Epoch 2: loss = 4.450667858123779
Epoch 3: loss = 4.437325477600098
Epoch 4: loss = 4.434300422668457
Epoch 5: loss = 4.4333672523498535
Epoch 6: loss = 4.433127403259277
Epoch 7: loss = 4.433027744293213
Epoch 8: loss = 4.433012962341309
Epoch 9: loss = 4.432978630065918
Epoch 10: loss = 4.432967185974121
Epoch 11: loss = 4.432965278625488
Epoch 12: loss = 4.4329633712768555
Epoch 13: loss = 4.4329633712768555
Early stopping at epoch 13 with loss 4.433012962341309
Epoch 0: loss = -15.78665542602539
Epoch 1: loss = -15.859302520751953
Epoch 2: loss = -15.85997486114502
Epoch 3: loss = -15.86005973815918
Epoch 4: loss = -15.860069274902344
Epoch 5: loss = -15.860076904296875
Epoch 6: loss = -15.860092163085938
Epoch 7: loss = -15.860095977783203
Epoch 8: loss = -15.860095977783203
Epoch 9: loss = -15.860097885131836
Epoch 10: loss = -15.860097885131836
Early stopping at epoch 10 with loss -15.860076904296875
Reconstruction for fluence = 88.58667904100822 photons/pixel
Epoch 0: loss = 2963.4140625
Epoch 1: loss = 11.533432006835938
Epoch 2: loss = 10.590083122253418
Epoch 3: loss = 10.54544448852539
Epoch 4: loss = 10.534266471862793
Epoch 5: loss = 10.530858993530273
Epoch 6: loss = 10.5297269821167
Epoch 7: loss = 10.529228210449219
Epoch 8: loss = 10.528993606567383
Epoch 9: loss = 10.528888702392578
Epoch 10: loss = 10.528865814208984
Epoch 11: loss = 10.528841972351074
Epoch 12: loss = 10.528833389282227
Epoch 13: loss = 10.528833389282227
Epoch 14: loss = 10.528829574584961
Early stopping at epoch 14 with loss 10.528888702392578
Epoch 0: loss = -47.52998733520508
Epoch 1: loss = -47.622840881347656
Epoch 2: loss = -47.62340545654297
Epoch 3: loss = -47.62340545654297
Epoch 4: loss = -47.62342071533203
Epoch 5: loss = -47.623443603515625
Epoch 6: loss = -47.623451232910156
Epoch 7: loss = -47.62345504760742
Early stopping at epoch 7 with loss -47.62340545654297
Reconstruction for fluence = 206.9138081114788 photons/pixel
Epoch 0: loss = 16149.255859375
Epoch 1: loss = 29.177654266357422
Epoch 2: loss = 24.810245513916016
Epoch 3: loss = 24.624055862426758
Epoch 4: loss = 24.58523941040039
Epoch 5: loss = 24.57204818725586
Epoch 6: loss = 24.567367553710938
Epoch 7: loss = 24.565120697021484
Epoch 8: loss = 24.564048767089844
Epoch 9: loss = 24.563495635986328
Epoch 10: loss = 24.563203811645508
Epoch 11: loss = 24.563098907470703
Epoch 12: loss = 24.563007354736328
Epoch 13: loss = 24.563003540039062
Epoch 14: loss = 24.562976837158203
Epoch 0: loss = -135.78085327148438
Epoch 1: loss = -135.90261840820312
Epoch 2: loss = -135.90318298339844
Epoch 3: loss = -135.9031982421875
Epoch 4: loss = -135.90321350097656
Epoch 5: loss = -135.90321350097656
Epoch 6: loss = -135.90321350097656
Epoch 7: loss = -135.90321350097656
Early stopping at epoch 7 with loss -135.90318298339844
Reconstruction for fluence = 483.2930238571752 photons/pixel
Epoch 0: loss = 88013.640625
Epoch 1: loss = 81.4830551147461
Epoch 2: loss = 58.84379577636719
Epoch 3: loss = 58.047515869140625
Epoch 4: loss = 57.880950927734375
Epoch 5: loss = 57.823055267333984
Epoch 6: loss = 57.801795959472656
Epoch 7: loss = 57.79212951660156
Epoch 8: loss = 57.78709411621094
Epoch 9: loss = 57.78427505493164
Epoch 10: loss = 57.78282165527344
Epoch 11: loss = 57.78213882446289
Epoch 12: loss = 57.781864166259766
Epoch 13: loss = 57.78165817260742
Epoch 14: loss = 57.78144836425781
Epoch 0: loss = -374.8614501953125
Epoch 1: loss = -375.00250244140625
Epoch 2: loss = -375.00250244140625
Epoch 3: loss = -375.0025634765625
Epoch 4: loss = -375.0025634765625
Epoch 5: loss = -375.00262451171875
Epoch 6: loss = -375.00262451171875
Epoch 7: loss = -375.00262451171875
Epoch 8: loss = -375.00262451171875
Epoch 9: loss = -375.00262451171875
Epoch 10: loss = -375.00262451171875
Early stopping at epoch 10 with loss -375.00262451171875
Reconstruction for fluence = 1128.8378916846884 photons/pixel
Epoch 0: loss = 479624.5625
Epoch 1: loss = 258.4827575683594
Epoch 2: loss = 138.391845703125
Epoch 3: loss = 134.66574096679688
Epoch 4: loss = 133.90530395507812
Epoch 5: loss = 133.65280151367188
Epoch 6: loss = 133.57443237304688
Epoch 7: loss = 133.5298614501953
Epoch 8: loss = 133.50872802734375
Epoch 9: loss = 133.49826049804688
Epoch 10: loss = 133.49227905273438
Epoch 11: loss = 133.4892578125
Epoch 12: loss = 133.48736572265625
Epoch 13: loss = 133.4862060546875
Epoch 14: loss = 133.4862060546875
Epoch 0: loss = -1010.8228759765625
Epoch 1: loss = -1010.9735107421875
Epoch 2: loss = -1010.9736328125
Epoch 3: loss = -1010.9736328125
Epoch 4: loss = -1010.9736328125
Epoch 5: loss = -1010.9736328125
Epoch 6: loss = -1010.9736328125
Early stopping at epoch 6 with loss -1010.9735107421875
Reconstruction for fluence = 2636.6508987303555 photons/pixel
Epoch 0: loss = 2617503.25
Epoch 1: loss = 977.6947021484375
Epoch 2: loss = 333.7288513183594
Epoch 3: loss = 315.4813537597656
Epoch 4: loss = 311.7789306640625
Epoch 5: loss = 310.5824279785156
Epoch 6: loss = 310.1811828613281
Epoch 7: loss = 309.9846496582031
Epoch 8: loss = 309.8879699707031
Epoch 9: loss = 309.8296203613281
Epoch 10: loss = 309.79913330078125
Epoch 11: loss = 309.7838134765625
Epoch 12: loss = 309.77520751953125
Epoch 13: loss = 309.76934814453125
Epoch 14: loss = 309.76556396484375
Epoch 0: loss = -2674.703857421875
Epoch 1: loss = -2674.8642578125
Epoch 2: loss = -2674.865234375
Epoch 3: loss = -2674.865234375
Epoch 4: loss = -2674.86572265625
Epoch 5: loss = -2674.86572265625
Epoch 6: loss = -2674.86572265625
Epoch 7: loss = -2674.86572265625
Epoch 8: loss = -2674.86572265625
Epoch 9: loss = -2674.86572265625
Early stopping at epoch 9 with loss -2674.86572265625
Reconstruction for fluence = 6158.482110660255 photons/pixel
Epoch 0: loss = 14275894.0
Epoch 1: loss = 4286.95166015625
Epoch 2: loss = 863.8033447265625
Epoch 3: loss = 766.5902099609375
Epoch 4: loss = 747.3912353515625
Epoch 5: loss = 741.181396484375
Epoch 6: loss = 739.1038818359375
Epoch 7: loss = 738.1162719726562
Epoch 8: loss = 737.6451416015625
Epoch 9: loss = 737.3522338867188
Epoch 10: loss = 737.2070922851562
Epoch 11: loss = 737.12890625
Epoch 12: loss = 737.0853881835938
Epoch 13: loss = 737.059814453125
Epoch 14: loss = 737.0401611328125
Epoch 0: loss = -6983.51025390625
Epoch 1: loss = -6983.677734375
Epoch 2: loss = -6983.6787109375
Epoch 3: loss = -6983.6787109375
Epoch 4: loss = -6983.6796875
Epoch 5: loss = -6983.6796875
Epoch 6: loss = -6983.6796875
Epoch 7: loss = -6983.6796875
Epoch 8: loss = -6983.6796875
Epoch 9: loss = -6983.6796875
Early stopping at epoch 9 with loss -6983.6796875
Reconstruction for fluence = 14384.498882876629 photons/pixel
Epoch 0: loss = 77875888.0
Epoch 1: loss = 20904.853515625
Epoch 2: loss = 2396.103515625
Epoch 3: loss = 1866.8236083984375
Epoch 4: loss = 1763.651123046875
Epoch 5: loss = 1730.8624267578125
Epoch 6: loss = 1720.609375
Epoch 7: loss = 1715.5343017578125
Epoch 8: loss = 1713.0576171875
Epoch 9: loss = 1711.6776123046875
Epoch 10: loss = 1710.9091796875
Epoch 11: loss = 1710.5384521484375
Epoch 12: loss = 1710.35009765625
Epoch 13: loss = 1710.232421875
Epoch 14: loss = 1710.150634765625
Epoch 0: loss = -18028.279296875
Epoch 1: loss = -18028.45703125
Epoch 2: loss = -18028.458984375
Epoch 3: loss = -18028.4609375
Epoch 4: loss = -18028.4609375
Epoch 5: loss = -18028.4609375
Epoch 6: loss = -18028.4609375
Epoch 7: loss = -18028.4609375
Epoch 8: loss = -18028.4609375
Early stopping at epoch 8 with loss -18028.4609375
Reconstruction for fluence = 33598.18286283781 photons/pixel
Epoch 0: loss = 424850912.0
Epoch 1: loss = 109738.453125
Epoch 2: loss = 7754.7265625
Epoch 3: loss = 4888.49609375
Epoch 4: loss = 4333.66015625
Epoch 5: loss = 4164.4501953125
Epoch 6: loss = 4104.888671875
Epoch 7: loss = 4078.32861328125
Epoch 8: loss = 4064.127197265625
Epoch 9: loss = 4056.435302734375
Epoch 10: loss = 4052.259033203125
Epoch 11: loss = 4050.39599609375
Epoch 12: loss = 4049.353515625
Epoch 13: loss = 4048.7666015625
Epoch 14: loss = 4048.359375
Epoch 0: loss = -46117.1796875
Epoch 1: loss = -46117.33203125
Epoch 2: loss = -46117.3671875
Epoch 3: loss = -46117.3671875
Epoch 4: loss = -46117.3671875
Epoch 5: loss = -46117.3671875
Epoch 6: loss = -46117.3671875
Epoch 7: loss = -46117.3671875
Early stopping at epoch 7 with loss -46117.3671875
Reconstruction for fluence = 78475.99703514607 photons/pixel
Epoch 0: loss = 2317875200.0
Epoch 1: loss = 574463.625
Epoch 2: loss = 29420.81640625
Epoch 3: loss = 13902.833984375
Epoch 4: loss = 10826.787109375
Epoch 5: loss = 9949.7529296875
Epoch 6: loss = 9647.8251953125
Epoch 7: loss = 9502.935546875
Epoch 8: loss = 9426.716796875
Epoch 9: loss = 9384.6953125
Epoch 10: loss = 9364.353515625
Epoch 11: loss = 9353.25
Epoch 12: loss = 9347.18359375
Epoch 13: loss = 9344.0
Epoch 14: loss = 9341.8046875
Epoch 0: loss = -117079.765625
Epoch 1: loss = -117079.953125
Epoch 2: loss = -117079.953125
Epoch 3: loss = -117079.953125
Epoch 4: loss = -117079.96875
Epoch 5: loss = -117079.96875
Epoch 6: loss = -117079.96875
Epoch 7: loss = -117079.96875
Epoch 8: loss = -117079.96875
Epoch 9: loss = -117079.96875
Early stopping at epoch 9 with loss -117079.96875
Reconstruction for fluence = 183298.07108324335 photons/pixel
Epoch 0: loss = 12645197824.0
Epoch 1: loss = 3128163.0
Epoch 2: loss = 131584.0625
Epoch 3: loss = 46734.6015625
Epoch 4: loss = 30236.65625
Epoch 5: loss = 25246.083984375
Epoch 6: loss = 23597.65625
Epoch 7: loss = 22742.171875
Epoch 8: loss = 22344.296875
Epoch 9: loss = 22129.998046875
Epoch 10: loss = 22012.13671875
Epoch 11: loss = 21956.41796875
Epoch 12: loss = 21924.046875
Epoch 13: loss = 21905.66015625
Epoch 14: loss = 21893.359375
Epoch 0: loss = -295321.71875
Epoch 1: loss = -295321.9375
Epoch 2: loss = -295321.9375
Epoch 3: loss = -295321.9375
Epoch 4: loss = -295321.9375
Epoch 5: loss = -295321.9375
Epoch 6: loss = -295321.9375
Early stopping at epoch 6 with loss -295321.9375
Reconstruction for fluence = 428133.2398719387 photons/pixel
Epoch 0: loss = 68987912192.0
Epoch 1: loss = 17083540.0
Epoch 2: loss = 649419.5
Epoch 3: loss = 187035.265625
Epoch 4: loss = 96180.625
Epoch 5: loss = 67787.78125
Epoch 6: loss = 59217.65625
Epoch 7: loss = 55168.2890625
Epoch 8: loss = 53420.38671875
Epoch 9: loss = 52408.62109375
Epoch 10: loss = 51852.171875
Epoch 11: loss = 51563.04296875
Epoch 12: loss = 51411.109375
Epoch 13: loss = 51310.84765625
Epoch 14: loss = 51245.69140625
Epoch 0: loss = -740869.0625
Epoch 1: loss = -740869.3125
Epoch 2: loss = -740869.3125
Epoch 3: loss = -740869.3125
Epoch 4: loss = -740869.3125
Epoch 5: loss = -740869.3125
Epoch 6: loss = -740869.3125
Early stopping at epoch 6 with loss -740869.3125
Reconstruction for fluence = 1000000.0 photons/pixel
Epoch 0: loss = 376359714816.0
Epoch 1: loss = 92853232.0
Epoch 2: loss = 3385390.5
Epoch 3: loss = 859299.75
Epoch 4: loss = 364654.84375
Epoch 5: loss = 212657.1875
Epoch 6: loss = 165235.375
Epoch 7: loss = 143718.78125
Epoch 8: loss = 132214.375
Epoch 9: loss = 125980.8125
Epoch 10: loss = 122755.328125
Epoch 11: loss = 121132.734375
Epoch 12: loss = 120240.53125
Epoch 13: loss = 119675.625
Epoch 14: loss = 119311.5859375
Epoch 0: loss = -1849774.375
Epoch 1: loss = -1849774.75
Epoch 2: loss = -1849774.75
Epoch 3: loss = -1849774.75
Epoch 4: loss = -1849774.75
Epoch 5: loss = -1849774.75
Epoch 6: loss = -1849774.75
Early stopping at epoch 6 with loss -1849774.75
Simulation for steps_size=9 and n_fluences=20 completed!
