Running simulation for steps_size=16 and n_fluences=20
Steps size: 16
Tensors initialization on device cuda
Multiprobe = band_lim
torch.Size([1, 64, 64])

('MSE', None) RECONSTRUCTIONS

Reconstruction for fluence = 0.09999999999999999 photons/pixel
Epoch 0: loss = 0.06883621960878372
Epoch 1: loss = 0.029096247628331184
Epoch 2: loss = 0.028997404500842094
Epoch 3: loss = 0.028996337205171585
Epoch 4: loss = 0.028996333479881287
Epoch 5: loss = 0.028996333479881287
Epoch 6: loss = 0.028996333479881287
Early stopping at epoch 6 with loss 0.029096247628331184
Reconstruction for fluence = 0.23357214690901223 photons/pixel
Epoch 0: loss = 0.10462760925292969
Epoch 1: loss = 0.04181192070245743
Epoch 2: loss = 0.04173124581575394
Epoch 3: loss = 0.04172935709357262
Epoch 4: loss = 0.04172930121421814
Epoch 5: loss = 0.04172924906015396
Epoch 6: loss = 0.04172924906015396
Early stopping at epoch 6 with loss 0.04181192070245743
Reconstruction for fluence = 0.5455594781168519 photons/pixel
Epoch 0: loss = 0.16336078941822052
Epoch 1: loss = 0.049851007759571075
Epoch 2: loss = 0.04975408315658569
Epoch 3: loss = 0.04975021257996559
Epoch 4: loss = 0.04975005239248276
Epoch 5: loss = 0.04975005239248276
Epoch 6: loss = 0.04975005239248276
Epoch 7: loss = 0.04975005239248276
Epoch 8: loss = 0.04975005239248276
Early stopping at epoch 8 with loss 0.04975021257996559
Reconstruction for fluence = 1.2742749857031335 photons/pixel
Epoch 0: loss = 0.2823973000049591
Epoch 1: loss = 0.058836475014686584
Epoch 2: loss = 0.05856122076511383
Epoch 3: loss = 0.0585504025220871
Epoch 4: loss = 0.05854978412389755
Epoch 5: loss = 0.058549754321575165
Epoch 6: loss = 0.05854972451925278
Epoch 7: loss = 0.05854971706867218
Early stopping at epoch 7 with loss 0.05856122076511383
Reconstruction for fluence = 2.976351441631318 photons/pixel
Epoch 0: loss = 0.5772706270217896
Epoch 1: loss = 0.07553766667842865
Epoch 2: loss = 0.0749664306640625
Epoch 3: loss = 0.07494720816612244
Epoch 4: loss = 0.07494603097438812
Epoch 5: loss = 0.07494568824768066
Epoch 6: loss = 0.07494567334651947
Epoch 7: loss = 0.07494565844535828
Early stopping at epoch 7 with loss 0.0749664306640625
Reconstruction for fluence = 6.9519279617756045 photons/pixel
Epoch 0: loss = 1.262181282043457
Epoch 1: loss = 0.100212961435318
Epoch 2: loss = 0.09862886369228363
Epoch 3: loss = 0.09859025478363037
Epoch 4: loss = 0.09858730435371399
Epoch 5: loss = 0.09858644753694534
Epoch 6: loss = 0.09858483076095581
Epoch 7: loss = 0.09858483076095581
Early stopping at epoch 7 with loss 0.09862886369228363
Reconstruction for fluence = 16.23776739188721 photons/pixel
Epoch 0: loss = 2.850336790084839
Epoch 1: loss = 0.13232004642486572
Epoch 2: loss = 0.12875992059707642
Epoch 3: loss = 0.1286625862121582
Epoch 4: loss = 0.12864680588245392
Epoch 5: loss = 0.12864358723163605
Epoch 6: loss = 0.12864269316196442
Epoch 7: loss = 0.12864263355731964
Epoch 8: loss = 0.12864258885383606
Epoch 9: loss = 0.12864255905151367
Early stopping at epoch 9 with loss 0.12864680588245392
Reconstruction for fluence = 37.926901907322495 photons/pixel
Epoch 0: loss = 6.6449995040893555
Epoch 1: loss = 0.1767888367176056
Epoch 2: loss = 0.1689406782388687
Epoch 3: loss = 0.16870081424713135
Epoch 4: loss = 0.16867202520370483
Epoch 5: loss = 0.16866672039031982
Epoch 6: loss = 0.16866439580917358
Epoch 7: loss = 0.16866421699523926
Epoch 8: loss = 0.16866418719291687
Early stopping at epoch 8 with loss 0.16870081424713135
Reconstruction for fluence = 88.58667904100822 photons/pixel
Epoch 0: loss = 15.440757751464844
Epoch 1: loss = 0.22498783469200134
Epoch 2: loss = 0.20758217573165894
Epoch 3: loss = 0.20729497075080872
Epoch 4: loss = 0.20727917551994324
Epoch 5: loss = 0.20727777481079102
Epoch 6: loss = 0.20727738738059998
Epoch 7: loss = 0.2072772979736328
Epoch 8: loss = 0.20727723836898804
Early stopping at epoch 8 with loss 0.20729497075080872
Reconstruction for fluence = 206.9138081114788 photons/pixel
Epoch 0: loss = 36.025508880615234
Epoch 1: loss = 0.28208476305007935
Epoch 2: loss = 0.2404983788728714
Epoch 3: loss = 0.23994070291519165
Epoch 4: loss = 0.23991712927818298
Epoch 5: loss = 0.2399115413427353
Epoch 6: loss = 0.23991134762763977
Epoch 7: loss = 0.23991134762763977
Epoch 8: loss = 0.23991133272647858
Early stopping at epoch 8 with loss 0.23994070291519165
Reconstruction for fluence = 483.2930238571752 photons/pixel
Epoch 0: loss = 84.04212951660156
Epoch 1: loss = 0.3539412021636963
Epoch 2: loss = 0.2606215178966522
Epoch 3: loss = 0.2594241499900818
Epoch 4: loss = 0.2594117522239685
Epoch 5: loss = 0.2594108581542969
Epoch 6: loss = 0.2594107389450073
Epoch 7: loss = 0.25941064953804016
Epoch 8: loss = 0.2594106197357178
Early stopping at epoch 8 with loss 0.2594241499900818
Reconstruction for fluence = 1128.8378916846884 photons/pixel
Epoch 0: loss = 196.4254608154297
Epoch 1: loss = 0.47629982233047485
Epoch 2: loss = 0.261098176240921
Epoch 3: loss = 0.2584705948829651
Epoch 4: loss = 0.2584388852119446
Epoch 5: loss = 0.2584378123283386
Epoch 6: loss = 0.25843775272369385
Epoch 7: loss = 0.25843772292137146
Epoch 8: loss = 0.2584376931190491
Early stopping at epoch 8 with loss 0.2584705948829651
Reconstruction for fluence = 2636.6508987303555 photons/pixel
Epoch 0: loss = 458.6065368652344
Epoch 1: loss = 0.8369844555854797
Epoch 2: loss = 0.2541041076183319
Epoch 3: loss = 0.24785321950912476
Epoch 4: loss = 0.24778997898101807
Epoch 5: loss = 0.24778953194618225
Epoch 6: loss = 0.24778953194618225
Epoch 7: loss = 0.24778951704502106
Epoch 8: loss = 0.24778951704502106
Early stopping at epoch 8 with loss 0.24785321950912476
Reconstruction for fluence = 6158.482110660255 photons/pixel
Epoch 0: loss = 1070.982421875
Epoch 1: loss = 1.2672441005706787
Epoch 2: loss = 0.2515604496002197
Epoch 3: loss = 0.24128098785877228
Epoch 4: loss = 0.2411946952342987
Epoch 5: loss = 0.24119430780410767
Epoch 6: loss = 0.2411942481994629
Epoch 7: loss = 0.2411942183971405
Epoch 8: loss = 0.2411942183971405
Early stopping at epoch 8 with loss 0.24128098785877228
Reconstruction for fluence = 14384.498882876629 photons/pixel
Epoch 0: loss = 2501.82470703125
Epoch 1: loss = 2.018996238708496
Epoch 2: loss = 0.2527538537979126
Epoch 3: loss = 0.23228028416633606
Epoch 4: loss = 0.23209181427955627
Epoch 5: loss = 0.23209071159362793
Epoch 6: loss = 0.23209062218666077
Epoch 7: loss = 0.23209062218666077
Epoch 8: loss = 0.23209062218666077
Epoch 9: loss = 0.23209062218666077
Early stopping at epoch 9 with loss 0.23209181427955627
Reconstruction for fluence = 33598.18286283781 photons/pixel
Epoch 0: loss = 5843.43994140625
Epoch 1: loss = 5.40719747543335
Epoch 2: loss = 0.2828102111816406
Epoch 3: loss = 0.22665202617645264
Epoch 4: loss = 0.22616219520568848
Epoch 5: loss = 0.2261587381362915
Epoch 6: loss = 0.22615882754325867
Epoch 7: loss = 0.2261587381362915
Epoch 8: loss = 0.2261587381362915
Epoch 9: loss = 0.2261587381362915
Early stopping at epoch 9 with loss 0.22616219520568848
Reconstruction for fluence = 78475.99703514607 photons/pixel
Epoch 0: loss = 13648.12890625
Epoch 1: loss = 12.858469009399414
Epoch 2: loss = 0.3429827094078064
Epoch 3: loss = 0.2228284776210785
Epoch 4: loss = 0.221686452627182
Epoch 5: loss = 0.22167813777923584
Epoch 6: loss = 0.221678227186203
Epoch 7: loss = 0.221678227186203
Epoch 8: loss = 0.22167816758155823
Epoch 9: loss = 0.22167816758155823
Early stopping at epoch 9 with loss 0.221686452627182
Reconstruction for fluence = 183298.07108324335 photons/pixel
Epoch 0: loss = 31877.931640625
Epoch 1: loss = 30.576791763305664
Epoch 2: loss = 0.5195492506027222
Epoch 3: loss = 0.2237798422574997
Epoch 4: loss = 0.22025325894355774
Epoch 5: loss = 0.22023612260818481
Epoch 6: loss = 0.22023095190525055
Epoch 7: loss = 0.22023093700408936
Epoch 8: loss = 0.22023093700408936
Epoch 9: loss = 0.22023093700408936
Early stopping at epoch 9 with loss 0.22025325894355774
Reconstruction for fluence = 428133.2398719387 photons/pixel
Epoch 0: loss = 74459.609375
Epoch 1: loss = 72.2798843383789
Epoch 2: loss = 0.9481417536735535
Epoch 3: loss = 0.22835507988929749
Epoch 4: loss = 0.21976006031036377
Epoch 5: loss = 0.21970593929290771
Epoch 6: loss = 0.21970562636852264
Epoch 7: loss = 0.21970519423484802
Epoch 8: loss = 0.21970519423484802
Epoch 9: loss = 0.21970519423484802
Early stopping at epoch 9 with loss 0.21976006031036377
Reconstruction for fluence = 1000000.0 photons/pixel
Epoch 0: loss = 173915.625
Epoch 1: loss = 178.4022216796875
Epoch 2: loss = 2.000206708908081
Epoch 3: loss = 0.23795217275619507
Epoch 4: loss = 0.2176271378993988
Epoch 5: loss = 0.2175169140100479
Epoch 6: loss = 0.21751485764980316
Epoch 7: loss = 0.21751455962657928
Epoch 8: loss = 0.21751455962657928
Epoch 9: loss = 0.21751455962657928
Epoch 10: loss = 0.21751455962657928
Early stopping at epoch 10 with loss 0.2175169140100479
Tensors initialization on device cuda
Multiprobe = band_lim
torch.Size([1, 64, 64])

('MSE', 'PoissonNLL') RECONSTRUCTIONS

Reconstruction for fluence = 0.09999999999999999 photons/pixel
Epoch 0: loss = 0.0692005604505539
Epoch 1: loss = 0.028571492061018944
Epoch 2: loss = 0.028526198118925095
Epoch 3: loss = 0.028524165973067284
Epoch 4: loss = 0.02852405235171318
Epoch 5: loss = 0.02852405235171318
Epoch 6: loss = 0.02852405235171318
Early stopping at epoch 6 with loss 0.028571492061018944
Epoch 0: loss = 0.08869714289903641
Epoch 1: loss = 0.07494807988405228
Epoch 2: loss = 0.07492904365062714
Epoch 3: loss = 0.07492813467979431
Epoch 4: loss = 0.07492809742689133
Epoch 5: loss = 0.07492809742689133
Epoch 6: loss = 0.07492809742689133
Early stopping at epoch 6 with loss 0.07494807988405228
Reconstruction for fluence = 0.23357214690901223 photons/pixel
Epoch 0: loss = 0.10507567226886749
Epoch 1: loss = 0.0403117761015892
Epoch 2: loss = 0.04024737328290939
Epoch 3: loss = 0.040245529264211655
Epoch 4: loss = 0.04024546593427658
Epoch 5: loss = 0.040245458483695984
Epoch 6: loss = 0.04024545103311539
Early stopping at epoch 6 with loss 0.0403117761015892
Epoch 0: loss = 0.08598973602056503
Epoch 1: loss = 0.0738375335931778
Epoch 2: loss = 0.07379563897848129
Epoch 3: loss = 0.07378624379634857
Epoch 4: loss = 0.07378482818603516
Epoch 5: loss = 0.07378479838371277
Epoch 6: loss = 0.07378476113080978
Early stopping at epoch 6 with loss 0.0738375335931778
Reconstruction for fluence = 0.5455594781168519 photons/pixel
Epoch 0: loss = 0.16631394624710083
Epoch 1: loss = 0.049380332231521606
Epoch 2: loss = 0.049303241074085236
Epoch 3: loss = 0.049300480633974075
Epoch 4: loss = 0.049300290644168854
Epoch 5: loss = 0.04930026829242706
Epoch 6: loss = 0.04930025339126587
Early stopping at epoch 6 with loss 0.049380332231521606
Epoch 0: loss = -0.06753085553646088
Epoch 1: loss = -0.07934843003749847
Epoch 2: loss = -0.07941003143787384
Epoch 3: loss = -0.07942559570074081
Epoch 4: loss = -0.07943527400493622
Epoch 5: loss = -0.07943908125162125
Epoch 6: loss = -0.07944034039974213
Early stopping at epoch 6 with loss -0.07934843003749847
Reconstruction for fluence = 1.2742749857031335 photons/pixel
Epoch 0: loss = 0.30307865142822266
Epoch 1: loss = 0.05780301243066788
Epoch 2: loss = 0.05758989229798317
Epoch 3: loss = 0.057582028210163116
Epoch 4: loss = 0.05758112296462059
Epoch 5: loss = 0.05758104473352432
Epoch 6: loss = 0.05758102238178253
Epoch 7: loss = 0.057581014931201935
Early stopping at epoch 7 with loss 0.05758989229798317
Epoch 0: loss = -0.7375317215919495
Epoch 1: loss = -0.7533973455429077
Epoch 2: loss = -0.7534929513931274
Epoch 3: loss = -0.7535178661346436
Epoch 4: loss = -0.7535324692726135
Epoch 5: loss = -0.7535396814346313
Epoch 6: loss = -0.7535418272018433
Epoch 7: loss = -0.7535421848297119
Epoch 8: loss = -0.7535421848297119
Early stopping at epoch 8 with loss -0.7535178661346436
Reconstruction for fluence = 2.976351441631318 photons/pixel
Epoch 0: loss = 0.6116858720779419
Epoch 1: loss = 0.07322379946708679
Epoch 2: loss = 0.07277193665504456
Epoch 3: loss = 0.07275085896253586
Epoch 4: loss = 0.07274599373340607
Epoch 5: loss = 0.07274556159973145
Epoch 6: loss = 0.07274554669857025
Epoch 7: loss = 0.07274554669857025
Early stopping at epoch 7 with loss 0.07277193665504456
Epoch 0: loss = -3.1215200424194336
Epoch 1: loss = -3.143580436706543
Epoch 2: loss = -3.1437172889709473
Epoch 3: loss = -3.143749952316284
Epoch 4: loss = -3.1437535285949707
Epoch 5: loss = -3.1437690258026123
Epoch 6: loss = -3.1437783241271973
Epoch 7: loss = -3.1437792778015137
Early stopping at epoch 7 with loss -3.1437172889709473
Reconstruction for fluence = 6.9519279617756045 photons/pixel
Epoch 0: loss = 1.3489845991134644
Epoch 1: loss = 0.09556244313716888
Epoch 2: loss = 0.09458009898662567
Epoch 3: loss = 0.0945320576429367
Epoch 4: loss = 0.09452766180038452
Epoch 5: loss = 0.09452611207962036
Epoch 6: loss = 0.0945253074169159
Epoch 7: loss = 0.09452514350414276
Early stopping at epoch 7 with loss 0.09458009898662567
Epoch 0: loss = -10.615653038024902
Epoch 1: loss = -10.645024299621582
Epoch 2: loss = -10.645232200622559
Epoch 3: loss = -10.645252227783203
Epoch 4: loss = -10.64529037475586
Epoch 5: loss = -10.645325660705566
Epoch 6: loss = -10.645347595214844
Epoch 7: loss = -10.645362854003906
Epoch 8: loss = -10.645370483398438
Epoch 9: loss = -10.645374298095703
Epoch 10: loss = -10.645376205444336
Epoch 11: loss = -10.645381927490234
Early stopping at epoch 11 with loss -10.645347595214844
Reconstruction for fluence = 16.23776739188721 photons/pixel
Epoch 0: loss = 3.079692840576172
Epoch 1: loss = 0.12736162543296814
Epoch 2: loss = 0.12496966868638992
Epoch 3: loss = 0.12489277124404907
Epoch 4: loss = 0.124880351126194
Epoch 5: loss = 0.12487861514091492
Epoch 6: loss = 0.12487776577472687
Epoch 7: loss = 0.12487688660621643
Early stopping at epoch 7 with loss 0.12496966868638992
Epoch 0: loss = -32.49165725708008
Epoch 1: loss = -32.528228759765625
Epoch 2: loss = -32.5284423828125
Epoch 3: loss = -32.52845764160156
Epoch 4: loss = -32.52845764160156
Epoch 5: loss = -32.528465270996094
Epoch 6: loss = -32.52848815917969
Epoch 7: loss = -32.52850341796875
Early stopping at epoch 7 with loss -32.5284423828125
Reconstruction for fluence = 37.926901907322495 photons/pixel
Epoch 0: loss = 7.095405578613281
Epoch 1: loss = 0.16953882575035095
Epoch 2: loss = 0.1642599105834961
Epoch 3: loss = 0.16411280632019043
Epoch 4: loss = 0.16410091519355774
Epoch 5: loss = 0.16409990191459656
Epoch 6: loss = 0.164099782705307
Epoch 7: loss = 0.164099782705307
Epoch 8: loss = 0.16409975290298462
Early stopping at epoch 8 with loss 0.16411280632019043
Epoch 0: loss = -94.23649597167969
Epoch 1: loss = -94.27863311767578
Epoch 2: loss = -94.27896118164062
Epoch 3: loss = -94.27898406982422
Epoch 4: loss = -94.27900695800781
Epoch 5: loss = -94.27900695800781
Epoch 6: loss = -94.27900695800781
Epoch 7: loss = -94.27901458740234
Early stopping at epoch 7 with loss -94.27896118164062
Reconstruction for fluence = 88.58667904100822 photons/pixel
Epoch 0: loss = 16.50765037536621
Epoch 1: loss = 0.21748492121696472
Epoch 2: loss = 0.2047756016254425
Epoch 3: loss = 0.2044600248336792
Epoch 4: loss = 0.2044229507446289
Epoch 5: loss = 0.20441916584968567
Epoch 6: loss = 0.20441913604736328
Epoch 7: loss = 0.2044190764427185
Epoch 8: loss = 0.20441904664039612
Early stopping at epoch 8 with loss 0.2044600248336792
Epoch 0: loss = -262.36370849609375
Epoch 1: loss = -262.40521240234375
Epoch 2: loss = -262.40533447265625
Epoch 3: loss = -262.40545654296875
Epoch 4: loss = -262.40545654296875
Epoch 5: loss = -262.40545654296875
Epoch 6: loss = -262.405517578125
Epoch 7: loss = -262.405517578125
Epoch 8: loss = -262.405517578125
Early stopping at epoch 8 with loss -262.40545654296875
Reconstruction for fluence = 206.9138081114788 photons/pixel
Epoch 0: loss = 38.50707244873047
Epoch 1: loss = 0.26278066635131836
Epoch 2: loss = 0.23921537399291992
Epoch 3: loss = 0.23877833783626556
Epoch 4: loss = 0.23875150084495544
Epoch 5: loss = 0.23875078558921814
Epoch 6: loss = 0.23875075578689575
Epoch 7: loss = 0.23875072598457336
Epoch 8: loss = 0.23875072598457336
Early stopping at epoch 8 with loss 0.23877833783626556
Epoch 0: loss = -710.7667236328125
Epoch 1: loss = -710.8011474609375
Epoch 2: loss = -710.801513671875
Epoch 3: loss = -710.8018798828125
Epoch 4: loss = -710.8018798828125
Epoch 5: loss = -710.8018798828125
Epoch 6: loss = -710.802001953125
Epoch 7: loss = -710.802001953125
Epoch 8: loss = -710.8020629882812
Epoch 9: loss = -710.8021240234375
Epoch 10: loss = -710.8021240234375
Epoch 11: loss = -710.8021240234375
Epoch 12: loss = -710.8021240234375
Epoch 13: loss = -710.8021240234375
Early stopping at epoch 13 with loss -710.8020629882812
Reconstruction for fluence = 483.2930238571752 photons/pixel
Epoch 0: loss = 89.77165222167969
Epoch 1: loss = 0.3089723587036133
Epoch 2: loss = 0.2579842805862427
Epoch 3: loss = 0.25710397958755493
Epoch 4: loss = 0.25705909729003906
Epoch 5: loss = 0.2570558190345764
Epoch 6: loss = 0.25705522298812866
Epoch 7: loss = 0.2570551335811615
Epoch 8: loss = 0.2570551037788391
Early stopping at epoch 8 with loss 0.25710397958755493
Epoch 0: loss = -1892.146728515625
Epoch 1: loss = -1892.1722412109375
Epoch 2: loss = -1892.172607421875
Epoch 3: loss = -1892.172607421875
Epoch 4: loss = -1892.1728515625
Epoch 5: loss = -1892.1728515625
Epoch 6: loss = -1892.1728515625
Epoch 7: loss = -1892.1728515625
Epoch 8: loss = -1892.1729736328125
Epoch 9: loss = -1892.1728515625
Early stopping at epoch 9 with loss -1892.1728515625
Reconstruction for fluence = 1128.8378916846884 photons/pixel
Epoch 0: loss = 209.69583129882812
Epoch 1: loss = 0.3862280547618866
Epoch 2: loss = 0.26126548647880554
Epoch 3: loss = 0.25939399003982544
Epoch 4: loss = 0.25930798053741455
Epoch 5: loss = 0.2593074440956116
Epoch 6: loss = 0.2593073844909668
Epoch 7: loss = 0.2593073844909668
Epoch 8: loss = 0.259307324886322
Early stopping at epoch 8 with loss 0.25939399003982544
Epoch 0: loss = -4957.447265625
Epoch 1: loss = -4957.4619140625
Epoch 2: loss = -4957.462890625
Epoch 3: loss = -4957.462890625
Epoch 4: loss = -4957.462890625
Epoch 5: loss = -4957.462890625
Epoch 6: loss = -4957.462890625
Epoch 7: loss = -4957.46337890625
Epoch 8: loss = -4957.46337890625
Epoch 9: loss = -4957.46337890625
Epoch 10: loss = -4957.46337890625
Epoch 11: loss = -4957.46337890625
Epoch 12: loss = -4957.46337890625
Early stopping at epoch 12 with loss -4957.46337890625
Reconstruction for fluence = 2636.6508987303555 photons/pixel
Epoch 0: loss = 489.81109619140625
Epoch 1: loss = 0.6075781583786011
Epoch 2: loss = 0.253908634185791
Epoch 3: loss = 0.24967454373836517
Epoch 4: loss = 0.24946710467338562
Epoch 5: loss = 0.2494651824235916
Epoch 6: loss = 0.24946513772010803
Epoch 7: loss = 0.24946510791778564
Epoch 8: loss = 0.24946504831314087
Epoch 9: loss = 0.24946504831314087
Early stopping at epoch 9 with loss 0.24946710467338562
Epoch 0: loss = -12834.90625
Epoch 1: loss = -12834.9140625
Epoch 2: loss = -12834.9140625
Epoch 3: loss = -12834.9140625
Epoch 4: loss = -12834.9140625
Epoch 5: loss = -12834.916015625
Epoch 6: loss = -12834.916015625
Epoch 7: loss = -12834.916015625
Epoch 8: loss = -12834.916015625
Epoch 9: loss = -12834.916015625
Epoch 10: loss = -12834.916015625
Early stopping at epoch 10 with loss -12834.916015625
Reconstruction for fluence = 6158.482110660255 photons/pixel
Epoch 0: loss = 1143.716552734375
Epoch 1: loss = 0.7868602871894836
Epoch 2: loss = 0.2493426501750946
Epoch 3: loss = 0.2420213371515274
Epoch 4: loss = 0.2417902946472168
Epoch 5: loss = 0.24178847670555115
Epoch 6: loss = 0.24178829789161682
Epoch 7: loss = 0.24178828299045563
Epoch 8: loss = 0.24178823828697205
Epoch 9: loss = 0.24178823828697205
Early stopping at epoch 9 with loss 0.2417902946472168
Epoch 0: loss = -32923.765625
Epoch 1: loss = -32923.76953125
Epoch 2: loss = -32923.76953125
Epoch 3: loss = -32923.7734375
Epoch 4: loss = -32923.7734375
Epoch 5: loss = -32923.7734375
Epoch 6: loss = -32923.76953125
Epoch 7: loss = -32923.76953125
Epoch 8: loss = -32923.76953125
Early stopping at epoch 8 with loss -32923.7734375
Reconstruction for fluence = 14384.498882876629 photons/pixel
Epoch 0: loss = 2671.651123046875
Epoch 1: loss = 1.2154852151870728
Epoch 2: loss = 0.2469705045223236
Epoch 3: loss = 0.23247133195400238
Epoch 4: loss = 0.2320423275232315
Epoch 5: loss = 0.2320380061864853
Epoch 6: loss = 0.23203784227371216
Epoch 7: loss = 0.23203784227371216
Epoch 8: loss = 0.23203781247138977
Epoch 9: loss = 0.23203778266906738
Early stopping at epoch 9 with loss 0.2320423275232315
Epoch 0: loss = -83759.53125
Epoch 1: loss = -83759.53125
Epoch 2: loss = -83759.53125
Epoch 3: loss = -83759.53125
Epoch 4: loss = -83759.53125
Epoch 5: loss = -83759.53125
Early stopping at epoch 5 with loss -83759.53125
Reconstruction for fluence = 33598.18286283781 photons/pixel
Epoch 0: loss = 6240.27197265625
Epoch 1: loss = 2.667731761932373
Epoch 2: loss = 0.2621588408946991
Epoch 3: loss = 0.22517171502113342
Epoch 4: loss = 0.2236216962337494
Epoch 5: loss = 0.22360876202583313
Epoch 6: loss = 0.22360819578170776
Epoch 7: loss = 0.22360816597938538
Epoch 8: loss = 0.22360816597938538
Epoch 9: loss = 0.22360816597938538
Early stopping at epoch 9 with loss 0.2236216962337494
Epoch 0: loss = -211670.34375
Epoch 1: loss = -211670.34375
Epoch 2: loss = -211670.34375
Epoch 3: loss = -211670.34375
Epoch 4: loss = -211670.34375
Epoch 5: loss = -211670.34375
Early stopping at epoch 5 with loss -211670.34375
Reconstruction for fluence = 78475.99703514607 photons/pixel
Epoch 0: loss = 14575.7177734375
Epoch 1: loss = 6.340640544891357
Epoch 2: loss = 0.31094858050346375
Epoch 3: loss = 0.22471223771572113
Epoch 4: loss = 0.22158513963222504
Epoch 5: loss = 0.22155553102493286
Epoch 6: loss = 0.22155432403087616
Epoch 7: loss = 0.22155426442623138
Epoch 8: loss = 0.22155426442623138
Epoch 9: loss = 0.22155426442623138
Early stopping at epoch 9 with loss 0.22158513963222504
Epoch 0: loss = -531855.5
Epoch 1: loss = -531855.5
Epoch 2: loss = -531855.5
Epoch 3: loss = -531855.5
Epoch 4: loss = -531855.5
Epoch 5: loss = -531855.5
Early stopping at epoch 5 with loss -531855.5
Reconstruction for fluence = 183298.07108324335 photons/pixel
Epoch 0: loss = 34044.34375
Epoch 1: loss = 14.350061416625977
Epoch 2: loss = 0.42815619707107544
Epoch 3: loss = 0.22657351195812225
Epoch 4: loss = 0.2202025204896927
Epoch 5: loss = 0.22016151249408722
Epoch 6: loss = 0.22015920281410217
Epoch 7: loss = 0.22015920281410217
Epoch 8: loss = 0.22015920281410217
Epoch 9: loss = 0.22015920281410217
Early stopping at epoch 9 with loss 0.2202025204896927
Epoch 0: loss = -1329724.5
Epoch 1: loss = -1329724.5
Epoch 2: loss = -1329724.5
Epoch 3: loss = -1329724.5
Epoch 4: loss = -1329724.5
Epoch 5: loss = -1329724.5
Early stopping at epoch 5 with loss -1329724.5
Reconstruction for fluence = 428133.2398719387 photons/pixel
Epoch 0: loss = 79518.25
Epoch 1: loss = 33.8750114440918
Epoch 2: loss = 0.7310192584991455
Epoch 3: loss = 0.23914873600006104
Epoch 4: loss = 0.21917589008808136
Epoch 5: loss = 0.21898354589939117
Epoch 6: loss = 0.21897736191749573
Epoch 7: loss = 0.2189771831035614
Epoch 8: loss = 0.2189771831035614
Epoch 9: loss = 0.2189771831035614
Epoch 10: loss = 0.2189771831035614
Early stopping at epoch 10 with loss 0.21898354589939117
Epoch 0: loss = -3310164.5
Epoch 1: loss = -3310164.5
Epoch 2: loss = -3310164.5
Epoch 3: loss = -3310164.5
Epoch 4: loss = -3310164.5
Epoch 5: loss = -3310164.5
Early stopping at epoch 5 with loss -3310164.5
Reconstruction for fluence = 1000000.0 photons/pixel
Epoch 0: loss = 185732.5625
Epoch 1: loss = 75.50541687011719
Epoch 2: loss = 1.3789403438568115
Epoch 3: loss = 0.25388622283935547
Epoch 4: loss = 0.2178274393081665
Epoch 5: loss = 0.21759292483329773
Epoch 6: loss = 0.2175827920436859
Epoch 7: loss = 0.21758288145065308
Epoch 8: loss = 0.21758288145065308
Epoch 9: loss = 0.21758311986923218
Epoch 10: loss = 0.21758311986923218
Early stopping at epoch 10 with loss 0.21759292483329773
Epoch 0: loss = -8208713.0
Epoch 1: loss = -8208713.0
Epoch 2: loss = -8208713.0
Epoch 3: loss = -8208713.0
Epoch 4: loss = -8208713.0
Epoch 5: loss = -8208713.5
Epoch 6: loss = -8208713.0
Epoch 7: loss = -8208713.0
Epoch 8: loss = -8208713.0
Epoch 9: loss = -8208713.0
Epoch 10: loss = -8208713.5
Early stopping at epoch 10 with loss -8208713.5
Simulation for steps_size=16 and n_fluences=20 completed!
