Running simulation for steps_size=25 and n_fluences=20
Steps size: 25
Tensors initialization on device cuda
Multiprobe = band_lim
torch.Size([1, 64, 64])

('MSE', None) RECONSTRUCTIONS

Reconstruction for fluence = 0.09999999999999999 photons/pixel
Epoch 0: loss = 0.089377261698246
Epoch 1: loss = 0.03449629619717598
Epoch 2: loss = 0.03405296429991722
Epoch 3: loss = 0.03402407467365265
Epoch 4: loss = 0.03401981666684151
Epoch 5: loss = 0.034018807113170624
Epoch 6: loss = 0.03401840850710869
Epoch 7: loss = 0.03401835635304451
Early stopping at epoch 7 with loss 0.03405296429991722
Reconstruction for fluence = 0.23357214690901223 photons/pixel
Epoch 0: loss = 0.13015170395374298
Epoch 1: loss = 0.043219029903411865
Epoch 2: loss = 0.04252541810274124
Epoch 3: loss = 0.04246623441576958
Epoch 4: loss = 0.042458515614271164
Epoch 5: loss = 0.04245709627866745
Epoch 6: loss = 0.04245683178305626
Epoch 7: loss = 0.042456820607185364
Early stopping at epoch 7 with loss 0.04252541810274124
Reconstruction for fluence = 0.5455594781168519 photons/pixel
Epoch 0: loss = 0.2208271622657776
Epoch 1: loss = 0.05051659792661667
Epoch 2: loss = 0.049281880259513855
Epoch 3: loss = 0.04916893318295479
Epoch 4: loss = 0.04914436861872673
Epoch 5: loss = 0.04912002012133598
Epoch 6: loss = 0.049111224710941315
Epoch 7: loss = 0.049109455198049545
Epoch 8: loss = 0.04910888150334358
Early stopping at epoch 8 with loss 0.04916893318295479
Reconstruction for fluence = 1.2742749857031335 photons/pixel
Epoch 0: loss = 0.42475783824920654
Epoch 1: loss = 0.06452647596597672
Epoch 2: loss = 0.06208312511444092
Epoch 3: loss = 0.061809051781892776
Epoch 4: loss = 0.06172964349389076
Epoch 5: loss = 0.061701733618974686
Epoch 6: loss = 0.06169057637453079
Epoch 7: loss = 0.06168784201145172
Epoch 8: loss = 0.061687298119068146
Epoch 9: loss = 0.06168699264526367
Epoch 10: loss = 0.06168670207262039
Early stopping at epoch 10 with loss 0.061701733618974686
Reconstruction for fluence = 2.976351441631318 photons/pixel
Epoch 0: loss = 0.9232853651046753
Epoch 1: loss = 0.08581563830375671
Epoch 2: loss = 0.08006775379180908
Epoch 3: loss = 0.07957546412944794
Epoch 4: loss = 0.07947974652051926
Epoch 5: loss = 0.07944700866937637
Epoch 6: loss = 0.07943889498710632
Epoch 7: loss = 0.07943622022867203
Epoch 8: loss = 0.07943367958068848
Epoch 9: loss = 0.07943250238895416
Epoch 10: loss = 0.07942305505275726
Early stopping at epoch 10 with loss 0.07944700866937637
Reconstruction for fluence = 6.9519279617756045 photons/pixel
Epoch 0: loss = 2.072080135345459
Epoch 1: loss = 0.11857061833143234
Epoch 2: loss = 0.10633658617734909
Epoch 3: loss = 0.10491146147251129
Epoch 4: loss = 0.10451776534318924
Epoch 5: loss = 0.10435990244150162
Epoch 6: loss = 0.10429708659648895
Epoch 7: loss = 0.10426381975412369
Epoch 8: loss = 0.10424445569515228
Epoch 9: loss = 0.10423962026834488
Epoch 10: loss = 0.10423222929239273
Epoch 11: loss = 0.10423008352518082
Epoch 12: loss = 0.10422948747873306
Epoch 13: loss = 0.10422902554273605
Early stopping at epoch 13 with loss 0.10424445569515228
Reconstruction for fluence = 16.23776739188721 photons/pixel
Epoch 0: loss = 4.735239028930664
Epoch 1: loss = 0.17092570662498474
Epoch 2: loss = 0.14181388914585114
Epoch 3: loss = 0.13685257732868195
Epoch 4: loss = 0.13593299686908722
Epoch 5: loss = 0.1355666220188141
Epoch 6: loss = 0.1349496990442276
Epoch 7: loss = 0.13458462059497833
Epoch 8: loss = 0.13450591266155243
Epoch 9: loss = 0.1344592571258545
Epoch 10: loss = 0.13436606526374817
Epoch 11: loss = 0.13403959572315216
Epoch 12: loss = 0.13397002220153809
Epoch 13: loss = 0.13395407795906067
Epoch 14: loss = 0.13393588364124298
Epoch 15: loss = 0.1339210420846939
Epoch 16: loss = 0.13391871750354767
Epoch 17: loss = 0.13391801714897156
Epoch 18: loss = 0.13391739130020142
Epoch 19: loss = 0.13391682505607605
Early stopping at epoch 19 with loss 0.13393588364124298
Reconstruction for fluence = 37.926901907322495 photons/pixel
Epoch 0: loss = 11.045196533203125
Epoch 1: loss = 0.24720385670661926
Epoch 2: loss = 0.1892322152853012
Epoch 3: loss = 0.17826521396636963
Epoch 4: loss = 0.17352072894573212
Epoch 5: loss = 0.17119762301445007
Epoch 6: loss = 0.16956308484077454
Epoch 7: loss = 0.1692022979259491
Epoch 8: loss = 0.1689900904893875
Epoch 9: loss = 0.16883523762226105
Epoch 10: loss = 0.16870221495628357
Epoch 11: loss = 0.1686481386423111
Epoch 12: loss = 0.16860447824001312
Epoch 13: loss = 0.16856510937213898
Epoch 14: loss = 0.16854891180992126
Epoch 15: loss = 0.16854439675807953
Epoch 16: loss = 0.16854113340377808
Epoch 17: loss = 0.16853757202625275
Epoch 18: loss = 0.16853590309619904
Early stopping at epoch 18 with loss 0.16856510937213898
Reconstruction for fluence = 88.58667904100822 photons/pixel
Epoch 0: loss = 25.641632080078125
Epoch 1: loss = 0.40452301502227783
Epoch 2: loss = 0.25712502002716064
Epoch 3: loss = 0.2231277972459793
Epoch 4: loss = 0.21148982644081116
Epoch 5: loss = 0.20787474513053894
Epoch 6: loss = 0.20580288767814636
Epoch 7: loss = 0.20301085710525513
Epoch 8: loss = 0.20237885415554047
Epoch 9: loss = 0.2018708437681198
Epoch 10: loss = 0.20167399942874908
Epoch 11: loss = 0.20158471167087555
Epoch 12: loss = 0.2015281468629837
Epoch 13: loss = 0.20146885514259338
Epoch 14: loss = 0.20140770077705383
Epoch 15: loss = 0.20138739049434662
Epoch 16: loss = 0.20136238634586334
Epoch 17: loss = 0.20130157470703125
Epoch 18: loss = 0.20128096640110016
Epoch 19: loss = 0.20128096640110016
Epoch 20: loss = 0.20127232372760773
Epoch 21: loss = 0.20126983523368835
Epoch 22: loss = 0.20112991333007812
Epoch 23: loss = 0.20110081136226654
Epoch 24: loss = 0.2010972499847412
Epoch 25: loss = 0.2010972499847412
Epoch 26: loss = 0.20109666883945465
Epoch 27: loss = 0.2010960429906845
Early stopping at epoch 27 with loss 0.20112991333007812
Reconstruction for fluence = 206.9138081114788 photons/pixel
Epoch 0: loss = 59.83108139038086
Epoch 1: loss = 0.7120029926300049
Epoch 2: loss = 0.35508501529693604
Epoch 3: loss = 0.28846269845962524
Epoch 4: loss = 0.2468412220478058
Epoch 5: loss = 0.23405854403972626
Epoch 6: loss = 0.23041923344135284
Epoch 7: loss = 0.22869934141635895
Epoch 8: loss = 0.22293110191822052
Epoch 9: loss = 0.2217903733253479
Epoch 10: loss = 0.22157402336597443
Epoch 11: loss = 0.2214420735836029
Epoch 12: loss = 0.22139978408813477
Epoch 13: loss = 0.2213442474603653
Epoch 14: loss = 0.22132444381713867
Epoch 15: loss = 0.22127455472946167
Epoch 16: loss = 0.2210383415222168
Epoch 17: loss = 0.22074267268180847
Epoch 18: loss = 0.22071810066699982
Epoch 19: loss = 0.22071394324302673
Epoch 20: loss = 0.22071123123168945
Epoch 21: loss = 0.2206972986459732
Epoch 22: loss = 0.22069531679153442
Early stopping at epoch 22 with loss 0.22074267268180847
Reconstruction for fluence = 483.2930238571752 photons/pixel
Epoch 0: loss = 139.73434448242188
Epoch 1: loss = 1.290799856185913
Epoch 2: loss = 0.5636932849884033
Epoch 3: loss = 0.38236555457115173
Epoch 4: loss = 0.3033183515071869
Epoch 5: loss = 0.2819370627403259
Epoch 6: loss = 0.26830750703811646
Epoch 7: loss = 0.26070737838745117
Epoch 8: loss = 0.25594863295555115
Epoch 9: loss = 0.24891206622123718
Epoch 10: loss = 0.23857127130031586
Epoch 11: loss = 0.2373812198638916
Epoch 12: loss = 0.23678524792194366
Epoch 13: loss = 0.23645234107971191
Epoch 14: loss = 0.23633797466754913
Epoch 15: loss = 0.23631194233894348
Epoch 16: loss = 0.23628993332386017
Epoch 17: loss = 0.23619863390922546
Epoch 18: loss = 0.23577290773391724
Epoch 19: loss = 0.2357395440340042
Epoch 20: loss = 0.23573322594165802
Epoch 21: loss = 0.23573143780231476
Epoch 22: loss = 0.23572736978530884
Epoch 23: loss = 0.23571273684501648
Early stopping at epoch 23 with loss 0.23577290773391724
Reconstruction for fluence = 1128.8378916846884 photons/pixel
Epoch 0: loss = 326.3703918457031
Epoch 1: loss = 2.9272449016571045
Epoch 2: loss = 0.9672253727912903
Epoch 3: loss = 0.5209993720054626
Epoch 4: loss = 0.34488025307655334
Epoch 5: loss = 0.2931804955005646
Epoch 6: loss = 0.2753816545009613
Epoch 7: loss = 0.26194441318511963
Epoch 8: loss = 0.25520288944244385
Epoch 9: loss = 0.24663707613945007
Epoch 10: loss = 0.2406291663646698
Epoch 11: loss = 0.2385692149400711
Epoch 12: loss = 0.23725154995918274
Epoch 13: loss = 0.23648929595947266
Epoch 14: loss = 0.23628340661525726
Epoch 15: loss = 0.2362256646156311
Epoch 16: loss = 0.23618555068969727
Epoch 17: loss = 0.23618084192276
Epoch 18: loss = 0.2361801415681839
Epoch 19: loss = 0.23618003726005554
Epoch 20: loss = 0.23617999255657196
Epoch 21: loss = 0.23617999255657196
Epoch 22: loss = 0.2361799031496048
Early stopping at epoch 22 with loss 0.23618084192276
Reconstruction for fluence = 2636.6508987303555 photons/pixel
Epoch 0: loss = 762.2069702148438
Epoch 1: loss = 5.760805606842041
Epoch 2: loss = 1.8488091230392456
Epoch 3: loss = 0.9065134525299072
Epoch 4: loss = 0.6550444960594177
Epoch 5: loss = 0.4486669898033142
Epoch 6: loss = 0.4033266603946686
Epoch 7: loss = 0.3776332139968872
Epoch 8: loss = 0.3388926684856415
Epoch 9: loss = 0.27825918793678284
Epoch 10: loss = 0.2613723576068878
Epoch 11: loss = 0.2525719404220581
Epoch 12: loss = 0.24031345546245575
Epoch 13: loss = 0.2349080741405487
Epoch 14: loss = 0.22505423426628113
Epoch 15: loss = 0.22451789677143097
Epoch 16: loss = 0.22437138855457306
Epoch 17: loss = 0.22434070706367493
Epoch 18: loss = 0.22432799637317657
Epoch 19: loss = 0.22432582080364227
Epoch 20: loss = 0.22432571649551392
Epoch 21: loss = 0.22432555258274078
Early stopping at epoch 21 with loss 0.22437138855457306
Reconstruction for fluence = 6158.482110660255 photons/pixel
Epoch 0: loss = 1780.1925048828125
Epoch 1: loss = 12.751541137695312
Epoch 2: loss = 3.8814914226531982
Epoch 3: loss = 2.0450680255889893
Epoch 4: loss = 1.302559494972229
Epoch 5: loss = 1.0262809991836548
Epoch 6: loss = 0.7078591585159302
Epoch 7: loss = 0.6392417550086975
Epoch 8: loss = 0.5843578577041626
Epoch 9: loss = 0.5461977124214172
Epoch 10: loss = 0.5194599628448486
Epoch 11: loss = 0.3737873435020447
Epoch 12: loss = 0.31260934472084045
Epoch 13: loss = 0.2926664352416992
Epoch 14: loss = 0.2889487147331238
Epoch 15: loss = 0.2882208824157715
Epoch 16: loss = 0.2879393696784973
Epoch 17: loss = 0.28787434101104736
Epoch 18: loss = 0.2878651022911072
Epoch 19: loss = 0.28786319494247437
Epoch 20: loss = 0.2878629267215729
Epoch 21: loss = 0.2878624498844147
Early stopping at epoch 21 with loss 0.2879393696784973
Reconstruction for fluence = 14384.498882876629 photons/pixel
Epoch 0: loss = 4157.83447265625
Epoch 1: loss = 28.099666595458984
Epoch 2: loss = 7.859475135803223
Epoch 3: loss = 3.77016019821167
Epoch 4: loss = 2.3163816928863525
Epoch 5: loss = 1.3948734998703003
Epoch 6: loss = 1.164200782775879
Epoch 7: loss = 0.9809906482696533
Epoch 8: loss = 0.8977309465408325
Epoch 9: loss = 0.7490167617797852
Epoch 10: loss = 0.3429381847381592
Epoch 11: loss = 0.27081960439682007
Epoch 12: loss = 0.2555031478404999
Epoch 13: loss = 0.2526366710662842
Epoch 14: loss = 0.24062930047512054
Epoch 15: loss = 0.2349534034729004
Epoch 16: loss = 0.2345529943704605
Epoch 17: loss = 0.23450735211372375
Epoch 18: loss = 0.23448528349399567
Epoch 19: loss = 0.23442183434963226
Epoch 20: loss = 0.23441161215305328
Epoch 21: loss = 0.23440946638584137
Epoch 22: loss = 0.23440946638584137
Epoch 23: loss = 0.2344091683626175
Epoch 24: loss = 0.2344091683626175
Early stopping at epoch 24 with loss 0.23442183434963226
Reconstruction for fluence = 33598.18286283781 photons/pixel
Epoch 0: loss = 9711.5048828125
Epoch 1: loss = 64.97647857666016
Epoch 2: loss = 18.631757736206055
Epoch 3: loss = 7.884346008300781
Epoch 4: loss = 4.1659369468688965
Epoch 5: loss = 2.70153546333313
Epoch 6: loss = 1.891863465309143
Epoch 7: loss = 1.5418825149536133
Epoch 8: loss = 1.0306369066238403
Epoch 9: loss = 0.41896504163742065
Epoch 10: loss = 0.362713098526001
Epoch 11: loss = 0.2486588954925537
Epoch 12: loss = 0.21988831460475922
Epoch 13: loss = 0.21759849786758423
Epoch 14: loss = 0.21548032760620117
Epoch 15: loss = 0.21449799835681915
Epoch 16: loss = 0.21429075300693512
Epoch 17: loss = 0.2142706960439682
Epoch 18: loss = 0.21426881849765778
Epoch 19: loss = 0.21426744759082794
Epoch 20: loss = 0.21426746249198914
Epoch 21: loss = 0.21426722407341003
Early stopping at epoch 21 with loss 0.21429075300693512
Reconstruction for fluence = 78475.99703514607 photons/pixel
Epoch 0: loss = 22681.396484375
Epoch 1: loss = 153.8711700439453
Epoch 2: loss = 52.17708969116211
Epoch 3: loss = 25.62422752380371
Epoch 4: loss = 15.058491706848145
Epoch 5: loss = 11.764629364013672
Epoch 6: loss = 8.839432716369629
Epoch 7: loss = 6.344370365142822
Epoch 8: loss = 4.771738529205322
Epoch 9: loss = 4.2952117919921875
Epoch 10: loss = 2.6209375858306885
Epoch 11: loss = 1.741290807723999
Epoch 12: loss = 1.6563622951507568
Epoch 13: loss = 1.5533157587051392
Epoch 14: loss = 1.349448800086975
Epoch 15: loss = 1.2832247018814087
Epoch 16: loss = 1.25920832157135
Epoch 17: loss = 1.2365082502365112
Epoch 18: loss = 1.1614528894424438
Epoch 19: loss = 1.1356207132339478
Epoch 20: loss = 1.1310367584228516
Epoch 21: loss = 1.1304279565811157
Epoch 22: loss = 1.1303457021713257
Epoch 23: loss = 1.1303291320800781
Epoch 24: loss = 1.1303272247314453
Epoch 25: loss = 1.1303249597549438
Epoch 26: loss = 1.1303235292434692
Epoch 27: loss = 1.130322813987732
Epoch 28: loss = 1.130322813987732
Epoch 29: loss = 1.130321979522705
Early stopping at epoch 29 with loss 1.1303272247314453
Reconstruction for fluence = 183298.07108324335 photons/pixel
Epoch 0: loss = 52978.8671875
Epoch 1: loss = 363.2691955566406
Epoch 2: loss = 132.38865661621094
Epoch 3: loss = 59.72390365600586
Epoch 4: loss = 31.907352447509766
Epoch 5: loss = 20.664640426635742
Epoch 6: loss = 14.025186538696289
Epoch 7: loss = 11.737981796264648
Epoch 8: loss = 9.073612213134766
Epoch 9: loss = 5.295408725738525
Epoch 10: loss = 3.9482388496398926
Epoch 11: loss = 3.318129062652588
Epoch 12: loss = 3.2635393142700195
Epoch 13: loss = 3.2549214363098145
Epoch 14: loss = 3.251967191696167
Epoch 15: loss = 3.2469322681427
Epoch 16: loss = 2.9833595752716064
Epoch 17: loss = 2.3354930877685547
Epoch 18: loss = 2.1014702320098877
Epoch 19: loss = 2.076826333999634
Epoch 20: loss = 2.0743517875671387
Epoch 21: loss = 2.073639154434204
Epoch 22: loss = 2.073258876800537
Epoch 23: loss = 2.0711050033569336
Epoch 24: loss = 2.0432827472686768
Epoch 25: loss = 2.0276787281036377
Epoch 26: loss = 1.9939981698989868
Epoch 27: loss = 1.9907866716384888
Epoch 28: loss = 1.9902106523513794
Epoch 29: loss = 1.989888310432434
Epoch 30: loss = 1.9898490905761719
Epoch 31: loss = 1.9898427724838257
Epoch 32: loss = 1.9898346662521362
Epoch 33: loss = 1.9898346662521362
Epoch 34: loss = 1.9898338317871094
Early stopping at epoch 34 with loss 1.989888310432434
Reconstruction for fluence = 428133.2398719387 photons/pixel
Epoch 0: loss = 123746.515625
Epoch 1: loss = 857.8861694335938
Epoch 2: loss = 307.04144287109375
Epoch 3: loss = 140.60301208496094
Epoch 4: loss = 82.29752349853516
Epoch 5: loss = 62.03094482421875
Epoch 6: loss = 47.20745849609375
Epoch 7: loss = 38.88488006591797
Epoch 8: loss = 27.354511260986328
Epoch 9: loss = 25.9177188873291
Epoch 10: loss = 24.672224044799805
Epoch 11: loss = 22.69670867919922
Epoch 12: loss = 21.69658851623535
Epoch 13: loss = 14.564104080200195
Epoch 14: loss = 8.328056335449219
Epoch 15: loss = 5.142177104949951
Epoch 16: loss = 3.3280601501464844
Epoch 17: loss = 2.7561399936676025
Epoch 18: loss = 2.4812424182891846
Epoch 19: loss = 2.3935179710388184
Epoch 20: loss = 2.3803837299346924
Epoch 21: loss = 2.3786728382110596
Epoch 22: loss = 2.357009172439575
Epoch 23: loss = 1.1312596797943115
Epoch 24: loss = 1.0006378889083862
Epoch 25: loss = 0.9897726774215698
Epoch 26: loss = 0.9876173734664917
Epoch 27: loss = 0.9869958162307739
Epoch 28: loss = 0.9868136644363403
Epoch 29: loss = 0.9867721199989319
Epoch 30: loss = 0.9867597222328186
Epoch 31: loss = 0.9867576956748962
Epoch 32: loss = 0.9867576956748962
Epoch 33: loss = 0.9867565631866455
Early stopping at epoch 33 with loss 0.9868136644363403
Reconstruction for fluence = 1000000.0 photons/pixel
Epoch 0: loss = 289034.625
Epoch 1: loss = 1964.5894775390625
Epoch 2: loss = 734.15234375
Epoch 3: loss = 382.43560791015625
Epoch 4: loss = 264.9519958496094
Epoch 5: loss = 170.9457244873047
Epoch 6: loss = 98.14527130126953
Epoch 7: loss = 57.35387420654297
Epoch 8: loss = 50.56837463378906
Epoch 9: loss = 48.1512336730957
Epoch 10: loss = 47.020545959472656
Epoch 11: loss = 41.81410217285156
Epoch 12: loss = 20.512149810791016
Epoch 13: loss = 15.83353328704834
Epoch 14: loss = 11.391651153564453
Epoch 15: loss = 8.381900787353516
Epoch 16: loss = 3.9296960830688477
Epoch 17: loss = 3.39390230178833
Epoch 18: loss = 3.1344425678253174
Epoch 19: loss = 3.054044008255005
Epoch 20: loss = 2.9137349128723145
Epoch 21: loss = 2.3038392066955566
Epoch 22: loss = 2.036423683166504
Epoch 23: loss = 2.000206708908081
Epoch 24: loss = 1.9975963830947876
Epoch 25: loss = 1.9970828294754028
Epoch 26: loss = 1.996957540512085
Epoch 27: loss = 1.996928334236145
Epoch 28: loss = 1.9969202280044556
Epoch 29: loss = 1.9969005584716797
Epoch 30: loss = 1.9969003200531006
Epoch 31: loss = 1.996899962425232
Early stopping at epoch 31 with loss 1.996957540512085
Tensors initialization on device cuda
Multiprobe = band_lim
torch.Size([1, 64, 64])

('MSE', 'PoissonNLL') RECONSTRUCTIONS

Reconstruction for fluence = 0.09999999999999999 photons/pixel
Epoch 0: loss = 0.07918410748243332
Epoch 1: loss = 0.03528975322842598
Epoch 2: loss = 0.03494606539607048
Epoch 3: loss = 0.034928400069475174
Epoch 4: loss = 0.034927334636449814
Epoch 5: loss = 0.03492724150419235
Epoch 6: loss = 0.03492724150419235
Epoch 7: loss = 0.034927237778902054
Early stopping at epoch 7 with loss 0.03494606539607048
Epoch 0: loss = 0.08707789331674576
Epoch 1: loss = 0.07538626343011856
Epoch 2: loss = 0.075306735932827
Epoch 3: loss = 0.07527808845043182
Epoch 4: loss = 0.07524983584880829
Epoch 5: loss = 0.07524408400058746
Epoch 6: loss = 0.07524291425943375
Epoch 7: loss = 0.07524250447750092
Epoch 8: loss = 0.07524243742227554
Early stopping at epoch 8 with loss 0.07527808845043182
Reconstruction for fluence = 0.23357214690901223 photons/pixel
Epoch 0: loss = 0.11629698425531387
Epoch 1: loss = 0.04233245551586151
Epoch 2: loss = 0.04187639430165291
Epoch 3: loss = 0.04185137152671814
Epoch 4: loss = 0.041845668107271194
Epoch 5: loss = 0.04184367135167122
Epoch 6: loss = 0.04184343293309212
Epoch 7: loss = 0.04184342175722122
Early stopping at epoch 7 with loss 0.04187639430165291
Epoch 0: loss = 0.005926043726503849
Epoch 1: loss = -0.004248144570738077
Epoch 2: loss = -0.004331166390329599
Epoch 3: loss = -0.004339358303695917
Epoch 4: loss = -0.004340995103120804
Epoch 5: loss = -0.004342387430369854
Epoch 6: loss = -0.004344663117080927
Early stopping at epoch 6 with loss -0.004248144570738077
Reconstruction for fluence = 0.5455594781168519 photons/pixel
Epoch 0: loss = 0.1888355314731598
Epoch 1: loss = 0.05022211745381355
Epoch 2: loss = 0.049245476722717285
Epoch 3: loss = 0.04919888451695442
Epoch 4: loss = 0.049183208495378494
Epoch 5: loss = 0.04917704313993454
Epoch 6: loss = 0.04917578771710396
Epoch 7: loss = 0.049175433814525604
Early stopping at epoch 7 with loss 0.049245476722717285
Epoch 0: loss = -0.4451190233230591
Epoch 1: loss = -0.4563699960708618
Epoch 2: loss = -0.4564990997314453
Epoch 3: loss = -0.4565241038799286
Epoch 4: loss = -0.4565320611000061
Epoch 5: loss = -0.4565332233905792
Epoch 6: loss = -0.4565337598323822
Epoch 7: loss = -0.4565339684486389
Early stopping at epoch 7 with loss -0.4564990997314453
Reconstruction for fluence = 1.2742749857031335 photons/pixel
Epoch 0: loss = 0.3706967234611511
Epoch 1: loss = 0.06338183581829071
Epoch 2: loss = 0.06161121651530266
Epoch 3: loss = 0.061523955315351486
Epoch 4: loss = 0.061500005424022675
Epoch 5: loss = 0.06149278208613396
Epoch 6: loss = 0.06148992106318474
Epoch 7: loss = 0.06148761510848999
Epoch 8: loss = 0.06148741766810417
Epoch 9: loss = 0.06148739531636238
Early stopping at epoch 9 with loss 0.061500005424022675
Epoch 0: loss = -2.087312936782837
Epoch 1: loss = -2.103503704071045
Epoch 2: loss = -2.103731870651245
Epoch 3: loss = -2.103780508041382
Epoch 4: loss = -2.1038122177124023
Epoch 5: loss = -2.1038429737091064
Epoch 6: loss = -2.1038873195648193
Epoch 7: loss = -2.1039059162139893
Epoch 8: loss = -2.1039063930511475
Epoch 9: loss = -2.1039068698883057
Epoch 10: loss = -2.103907585144043
Early stopping at epoch 10 with loss -2.1038429737091064
Reconstruction for fluence = 2.976351441631318 photons/pixel
Epoch 0: loss = 0.7854481935501099
Epoch 1: loss = 0.08219126611948013
Epoch 2: loss = 0.07826515287160873
Epoch 3: loss = 0.07806816697120667
Epoch 4: loss = 0.07803681492805481
Epoch 5: loss = 0.07802583277225494
Epoch 6: loss = 0.07802148908376694
Epoch 7: loss = 0.07800871878862381
Epoch 8: loss = 0.07800636440515518
Early stopping at epoch 8 with loss 0.07806816697120667
Epoch 0: loss = -7.321738243103027
Epoch 1: loss = -7.343113422393799
Epoch 2: loss = -7.343386173248291
Epoch 3: loss = -7.343469619750977
Epoch 4: loss = -7.343523025512695
Epoch 5: loss = -7.343580722808838
Epoch 6: loss = -7.343607425689697
Epoch 7: loss = -7.343616008758545
Epoch 8: loss = -7.343619346618652
Epoch 9: loss = -7.34362268447876
Early stopping at epoch 9 with loss -7.343523025512695
Reconstruction for fluence = 6.9519279617756045 photons/pixel
Epoch 0: loss = 1.7760510444641113
Epoch 1: loss = 0.1150478646159172
Epoch 2: loss = 0.10594868659973145
Epoch 3: loss = 0.10538715869188309
Epoch 4: loss = 0.10528869926929474
Epoch 5: loss = 0.10520230233669281
Epoch 6: loss = 0.10517475754022598
Epoch 7: loss = 0.10514016449451447
Epoch 8: loss = 0.1051231399178505
Epoch 9: loss = 0.10511709749698639
Epoch 10: loss = 0.10511313378810883
Early stopping at epoch 10 with loss 0.10520230233669281
Epoch 0: loss = -22.9569034576416
Epoch 1: loss = -22.98530387878418
Epoch 2: loss = -22.9857234954834
Epoch 3: loss = -22.985870361328125
Epoch 4: loss = -22.985910415649414
Epoch 5: loss = -22.985916137695312
Epoch 6: loss = -22.985918045043945
Epoch 7: loss = -22.985923767089844
Epoch 8: loss = -22.985925674438477
Early stopping at epoch 8 with loss -22.985870361328125
Reconstruction for fluence = 16.23776739188721 photons/pixel
Epoch 0: loss = 4.063790321350098
Epoch 1: loss = 0.1589498072862625
Epoch 2: loss = 0.13875216245651245
Epoch 3: loss = 0.13730666041374207
Epoch 4: loss = 0.13706031441688538
Epoch 5: loss = 0.13698478043079376
Epoch 6: loss = 0.13695982098579407
Epoch 7: loss = 0.1369384527206421
Epoch 8: loss = 0.13693341612815857
Epoch 9: loss = 0.13693232834339142
Epoch 10: loss = 0.13693220913410187
Epoch 11: loss = 0.13693219423294067
Early stopping at epoch 11 with loss 0.13695982098579407
Epoch 0: loss = -67.48342895507812
Epoch 1: loss = -67.5175552368164
Epoch 2: loss = -67.51792907714844
Epoch 3: loss = -67.51799774169922
Epoch 4: loss = -67.51801300048828
Epoch 5: loss = -67.5180435180664
Epoch 6: loss = -67.51805114746094
Epoch 7: loss = -67.51806640625
Epoch 8: loss = -67.51808166503906
Epoch 9: loss = -67.51809692382812
Epoch 10: loss = -67.51809692382812
Early stopping at epoch 10 with loss -67.5180435180664
Reconstruction for fluence = 37.926901907322495 photons/pixel
Epoch 0: loss = 9.426101684570312
Epoch 1: loss = 0.22119338810443878
Epoch 2: loss = 0.17604254186153412
Epoch 3: loss = 0.1728447824716568
Epoch 4: loss = 0.17227165400981903
Epoch 5: loss = 0.17211800813674927
Epoch 6: loss = 0.17205245792865753
Epoch 7: loss = 0.17201866209506989
Epoch 8: loss = 0.17199665307998657
Epoch 9: loss = 0.17197827994823456
Epoch 10: loss = 0.17197223007678986
Epoch 11: loss = 0.171963170170784
Epoch 12: loss = 0.1719609946012497
Epoch 13: loss = 0.1719597429037094
Early stopping at epoch 13 with loss 0.17199665307998657
Epoch 0: loss = -189.64576721191406
Epoch 1: loss = -189.68101501464844
Epoch 2: loss = -189.6813507080078
Epoch 3: loss = -189.6814727783203
Epoch 4: loss = -189.6814727783203
Epoch 5: loss = -189.68150329589844
Epoch 6: loss = -189.68153381347656
Epoch 7: loss = -189.6815643310547
Epoch 8: loss = -189.6815948486328
Epoch 9: loss = -189.6815948486328
Epoch 10: loss = -189.6815948486328
Epoch 11: loss = -189.6815948486328
Epoch 12: loss = -189.68162536621094
Epoch 13: loss = -189.681640625
Early stopping at epoch 13 with loss -189.6815948486328
Reconstruction for fluence = 88.58667904100822 photons/pixel
Epoch 0: loss = 21.99057960510254
Epoch 1: loss = 0.3143348693847656
Epoch 2: loss = 0.21376726031303406
Epoch 3: loss = 0.20763228833675385
Epoch 4: loss = 0.20658281445503235
Epoch 5: loss = 0.2063213735818863
Epoch 6: loss = 0.2062426209449768
Epoch 7: loss = 0.20620615780353546
Epoch 8: loss = 0.2061924934387207
Epoch 9: loss = 0.2061820775270462
Epoch 10: loss = 0.20617851614952087
Epoch 11: loss = 0.20617491006851196
Epoch 12: loss = 0.20617420971393585
Early stopping at epoch 12 with loss 0.20620615780353546
Epoch 0: loss = -518.0746459960938
Epoch 1: loss = -518.1078491210938
Epoch 2: loss = -518.1080932617188
Epoch 3: loss = -518.1082153320312
Epoch 4: loss = -518.1082153320312
Epoch 5: loss = -518.1082763671875
Epoch 6: loss = -518.1083374023438
Epoch 7: loss = -518.1083984375
Epoch 8: loss = -518.1084594726562
Epoch 9: loss = -518.1084594726562
Epoch 10: loss = -518.1084594726562
Epoch 11: loss = -518.1085205078125
Epoch 12: loss = -518.1085205078125
Epoch 13: loss = -518.1085205078125
Early stopping at epoch 13 with loss -518.1084594726562
Reconstruction for fluence = 206.9138081114788 photons/pixel
Epoch 0: loss = 51.18277359008789
Epoch 1: loss = 0.48621666431427
Epoch 2: loss = 0.25030893087387085
Epoch 3: loss = 0.23391278088092804
Epoch 4: loss = 0.23034997284412384
Epoch 5: loss = 0.2288849949836731
Epoch 6: loss = 0.22847233712673187
Epoch 7: loss = 0.2284056395292282
Epoch 8: loss = 0.22832269966602325
Epoch 9: loss = 0.22801031172275543
Epoch 10: loss = 0.22793780267238617
Epoch 11: loss = 0.22778606414794922
Epoch 12: loss = 0.22723650932312012
Epoch 13: loss = 0.22719521820545197
Epoch 14: loss = 0.22719267010688782
Epoch 0: loss = -1386.630126953125
Epoch 1: loss = -1386.6568603515625
Epoch 2: loss = -1386.6571044921875
Epoch 3: loss = -1386.6571044921875
Epoch 4: loss = -1386.6573486328125
Epoch 5: loss = -1386.6573486328125
Epoch 6: loss = -1386.6573486328125
Epoch 7: loss = -1386.6573486328125
Epoch 8: loss = -1386.6573486328125
Epoch 9: loss = -1386.6573486328125
Early stopping at epoch 9 with loss -1386.6573486328125
Reconstruction for fluence = 483.2930238571752 photons/pixel
Epoch 0: loss = 119.54991149902344
Epoch 1: loss = 0.76128089427948
Epoch 2: loss = 0.28074201941490173
Epoch 3: loss = 0.24444501101970673
Epoch 4: loss = 0.23650485277175903
Epoch 5: loss = 0.23510830104351044
Epoch 6: loss = 0.23488299548625946
Epoch 7: loss = 0.2348208725452423
Epoch 8: loss = 0.23478899896144867
Epoch 9: loss = 0.23471276462078094
Epoch 10: loss = 0.23435524106025696
Epoch 11: loss = 0.233722522854805
Epoch 12: loss = 0.23369985818862915
Epoch 13: loss = 0.23369784653186798
Epoch 14: loss = 0.2336977869272232
Epoch 0: loss = -3647.02783203125
Epoch 1: loss = -3647.045166015625
Epoch 2: loss = -3647.045654296875
Epoch 3: loss = -3647.046142578125
Epoch 4: loss = -3647.046142578125
Epoch 5: loss = -3647.046142578125
Epoch 6: loss = -3647.046142578125
Epoch 7: loss = -3647.046142578125
Epoch 8: loss = -3647.046142578125
Early stopping at epoch 8 with loss -3647.046142578125
Reconstruction for fluence = 1128.8378916846884 photons/pixel
Epoch 0: loss = 279.2795104980469
Epoch 1: loss = 1.7392911911010742
Epoch 2: loss = 0.40073007345199585
Epoch 3: loss = 0.29018455743789673
Epoch 4: loss = 0.2632523775100708
Epoch 5: loss = 0.24581687152385712
Epoch 6: loss = 0.2342928797006607
Epoch 7: loss = 0.23009978234767914
Epoch 8: loss = 0.22973595559597015
Epoch 9: loss = 0.229714497923851
Epoch 10: loss = 0.22971296310424805
Epoch 11: loss = 0.2297128587961197
Epoch 12: loss = 0.22971275448799133
Epoch 13: loss = 0.22971275448799133
Early stopping at epoch 13 with loss 0.22973595559597015
Epoch 0: loss = -9476.5986328125
Epoch 1: loss = -9476.6083984375
Epoch 2: loss = -9476.609375
Epoch 3: loss = -9476.609375
Epoch 4: loss = -9476.611328125
Epoch 5: loss = -9476.611328125
Epoch 6: loss = -9476.611328125
Epoch 7: loss = -9476.611328125
Epoch 8: loss = -9476.611328125
Epoch 9: loss = -9476.611328125
Early stopping at epoch 9 with loss -9476.611328125
Reconstruction for fluence = 2636.6508987303555 photons/pixel
Epoch 0: loss = 652.103515625
Epoch 1: loss = 3.053605318069458
Epoch 2: loss = 0.5521346926689148
Epoch 3: loss = 0.2789478898048401
Epoch 4: loss = 0.2376522719860077
Epoch 5: loss = 0.21957965195178986
Epoch 6: loss = 0.21891453862190247
Epoch 7: loss = 0.2188858538866043
Epoch 8: loss = 0.21888454258441925
Epoch 9: loss = 0.21888428926467896
Epoch 10: loss = 0.21888412535190582
Epoch 11: loss = 0.21888409554958344
Early stopping at epoch 11 with loss 0.21891453862190247
Epoch 0: loss = -24367.65625
Epoch 1: loss = -24367.66015625
Epoch 2: loss = -24367.66015625
Epoch 3: loss = -24367.66015625
Epoch 4: loss = -24367.66015625
Epoch 5: loss = -24367.66015625
Epoch 6: loss = -24367.66015625
Early stopping at epoch 6 with loss -24367.66015625
Reconstruction for fluence = 6158.482110660255 photons/pixel
Epoch 0: loss = 1522.4996337890625
Epoch 1: loss = 5.86362361907959
Epoch 2: loss = 0.7867441177368164
Epoch 3: loss = 0.3304384648799896
Epoch 4: loss = 0.23790343105793
Epoch 5: loss = 0.2193388193845749
Epoch 6: loss = 0.20630574226379395
Epoch 7: loss = 0.20543606579303741
Epoch 8: loss = 0.2054053246974945
Epoch 9: loss = 0.2054029256105423
Epoch 10: loss = 0.20540282130241394
Epoch 11: loss = 0.20540282130241394
Epoch 12: loss = 0.20540277659893036
Early stopping at epoch 12 with loss 0.20543606579303741
Epoch 0: loss = -62149.703125
Epoch 1: loss = -62149.70703125
Epoch 2: loss = -62149.70703125
Epoch 3: loss = -62149.70703125
Epoch 4: loss = -62149.70703125
Epoch 5: loss = -62149.70703125
Epoch 6: loss = -62149.70703125
Early stopping at epoch 6 with loss -62149.70703125
Reconstruction for fluence = 14384.498882876629 photons/pixel
Epoch 0: loss = 3557.07373046875
Epoch 1: loss = 15.85733699798584
Epoch 2: loss = 2.1865453720092773
Epoch 3: loss = 0.9544467926025391
Epoch 4: loss = 0.7309013605117798
Epoch 5: loss = 0.508700966835022
Epoch 6: loss = 0.20703205466270447
Epoch 7: loss = 0.20270566642284393
Epoch 8: loss = 0.20249028503894806
Epoch 9: loss = 0.20247521996498108
Epoch 10: loss = 0.2024744302034378
Epoch 11: loss = 0.2024744302034378
Epoch 12: loss = 0.20247431099414825
Epoch 13: loss = 0.20247429609298706
Early stopping at epoch 13 with loss 0.20249028503894806
Epoch 0: loss = -157345.109375
Epoch 1: loss = -157345.109375
Epoch 2: loss = -157345.109375
Epoch 3: loss = -157345.109375
Epoch 4: loss = -157345.109375
Epoch 5: loss = -157345.109375
Early stopping at epoch 5 with loss -157345.109375
Reconstruction for fluence = 33598.18286283781 photons/pixel
Epoch 0: loss = 8307.6630859375
Epoch 1: loss = 37.790260314941406
Epoch 2: loss = 4.134465217590332
Epoch 3: loss = 1.239830732345581
Epoch 4: loss = 0.7186596393585205
Epoch 5: loss = 0.4755050837993622
Epoch 6: loss = 0.4443701207637787
Epoch 7: loss = 0.42065539956092834
Epoch 8: loss = 0.20611660182476044
Epoch 9: loss = 0.19767193496227264
Epoch 10: loss = 0.1973286122083664
Epoch 11: loss = 0.19729621708393097
Epoch 12: loss = 0.1972949504852295
Epoch 13: loss = 0.1972946673631668
Epoch 14: loss = 0.19729454815387726
Epoch 0: loss = -396047.84375
Epoch 1: loss = -396047.84375
Epoch 2: loss = -396047.84375
Epoch 3: loss = -396047.84375
Epoch 4: loss = -396047.84375
Epoch 5: loss = -396047.84375
Early stopping at epoch 5 with loss -396047.84375
Reconstruction for fluence = 78475.99703514607 photons/pixel
Epoch 0: loss = 19404.97265625
Epoch 1: loss = 83.96884155273438
Epoch 2: loss = 7.8128790855407715
Epoch 3: loss = 1.7176573276519775
Epoch 4: loss = 0.999297559261322
Epoch 5: loss = 0.9450088143348694
Epoch 6: loss = 0.7845264077186584
Epoch 7: loss = 0.7751196026802063
Epoch 8: loss = 2.526049852371216
Epoch 9: loss = 0.6828117370605469
Epoch 10: loss = 0.23649249970912933
Epoch 11: loss = 0.20021706819534302
Epoch 12: loss = 0.19914112985134125
Epoch 13: loss = 0.1990446299314499
Epoch 14: loss = 0.1990392506122589
Epoch 0: loss = -991621.0
Epoch 1: loss = -991620.875
Epoch 2: loss = -991620.875
Epoch 3: loss = -991620.875
Epoch 4: loss = -991620.875
Epoch 5: loss = -991620.875
Early stopping at epoch 5 with loss -991621.0
Reconstruction for fluence = 183298.07108324335 photons/pixel
Epoch 0: loss = 45321.92578125
Epoch 1: loss = 200.3701171875
Epoch 2: loss = 21.932628631591797
Epoch 3: loss = 6.974243640899658
Epoch 4: loss = 3.855475902557373
Epoch 5: loss = 1.8395601511001587
Epoch 6: loss = 0.2191571742296219
Epoch 7: loss = 0.1951880007982254
Epoch 8: loss = 0.19412365555763245
Epoch 9: loss = 0.19406814873218536
Epoch 10: loss = 0.1940648853778839
Epoch 11: loss = 0.1940644383430481
Epoch 12: loss = 0.19406461715698242
Epoch 13: loss = 0.19406454265117645
Early stopping at epoch 13 with loss 0.19412365555763245
Epoch 0: loss = -2471659.5
Epoch 1: loss = -2471659.5
Epoch 2: loss = -2471659.75
Epoch 3: loss = -2471659.75
Epoch 4: loss = -2471659.75
Epoch 5: loss = -2471659.75
Epoch 6: loss = -2471659.75
Epoch 7: loss = -2471659.75
Early stopping at epoch 7 with loss -2471659.75
Reconstruction for fluence = 428133.2398719387 photons/pixel
Epoch 0: loss = 105861.359375
Epoch 1: loss = 472.35992431640625
Epoch 2: loss = 67.99615478515625
Epoch 3: loss = 33.15718460083008
Epoch 4: loss = 26.47605323791504
Epoch 5: loss = 25.530853271484375
Epoch 6: loss = 24.891347885131836
Epoch 7: loss = 24.52469825744629
Epoch 8: loss = 24.241456985473633
Epoch 9: loss = 8.306730270385742
Epoch 10: loss = 0.3550640642642975
Epoch 11: loss = 0.2028266191482544
Epoch 12: loss = 0.19565816223621368
Epoch 13: loss = 0.19520479440689087
Epoch 14: loss = 0.1951758861541748
Epoch 0: loss = -6136178.5
Epoch 1: loss = -6136178.5
Epoch 2: loss = -6136178.5
Epoch 3: loss = -6136178.5
Epoch 4: loss = -6136178.5
Epoch 5: loss = -6136178.5
Early stopping at epoch 5 with loss -6136178.5
Reconstruction for fluence = 1000000.0 photons/pixel
Epoch 0: loss = 247265.671875
Epoch 1: loss = 1041.80517578125
Epoch 2: loss = 98.4656753540039
Epoch 3: loss = 23.30495262145996
Epoch 4: loss = 9.320911407470703
Epoch 5: loss = 0.6686186194419861
Epoch 6: loss = 0.21252787113189697
Epoch 7: loss = 0.19683796167373657
Epoch 8: loss = 0.19581063091754913
Epoch 9: loss = 0.19574351608753204
Epoch 10: loss = 0.19573958218097687
Epoch 11: loss = 0.19573874771595
Epoch 12: loss = 0.19573839008808136
Epoch 13: loss = 0.1957389861345291
Early stopping at epoch 13 with loss 0.19581063091754913
Epoch 0: loss = -15180736.0
Epoch 1: loss = -15180736.0
Epoch 2: loss = -15180736.0
Epoch 3: loss = -15180736.0
Epoch 4: loss = -15180736.0
Epoch 5: loss = -15180736.0
Early stopping at epoch 5 with loss -15180736.0
Simulation for steps_size=25 and n_fluences=20 completed!
