Running simulation for n_fluences=15
Tensors initialization on device cuda
Multiprobe = None

('MSE', None) RECONSTRUCTIONS

Reconstruction for fluence = 10.0 photons/pixel
Epoch 0: loss = 483499.3125
Epoch 1: loss = 315803.59375
Epoch 2: loss = 315803.1875
Epoch 3: loss = 315803.125
Epoch 4: loss = 315803.0625
Epoch 5: loss = 315803.03125
Epoch 6: loss = 315803.03125
Epoch 7: loss = 315803.0
Epoch 8: loss = 315803.0
Epoch 9: loss = 315803.0
Epoch 10: loss = 315803.0
Epoch 11: loss = 315803.0
Epoch 12: loss = 315803.0
Early stopping at epoch 12 with loss 315803.0
Reconstruction for fluence = 22.758459260747887 photons/pixel
Epoch 0: loss = 842678.9375
Epoch 1: loss = 598097.625
Epoch 2: loss = 598096.75
Epoch 3: loss = 598096.75
Epoch 4: loss = 598096.625
Epoch 5: loss = 598096.625
Epoch 6: loss = 598096.625
Epoch 7: loss = 598096.625
Epoch 8: loss = 598096.625
Epoch 9: loss = 598096.625
Early stopping at epoch 9 with loss 598096.625
Reconstruction for fluence = 51.794746792312125 photons/pixel
Epoch 0: loss = 1261065.75
Epoch 1: loss = 952303.0
Epoch 2: loss = 952299.1875
Epoch 3: loss = 952299.125
Epoch 4: loss = 952299.0625
Epoch 5: loss = 952299.0
Epoch 6: loss = 952299.0
Epoch 7: loss = 952299.0
Epoch 8: loss = 952299.0
Epoch 9: loss = 952299.0
Epoch 10: loss = 952299.0
Early stopping at epoch 10 with loss 952299.0
Reconstruction for fluence = 117.87686347935866 photons/pixel
Epoch 0: loss = 1634257.5
Epoch 1: loss = 1219678.75
Epoch 2: loss = 1219665.75
Epoch 3: loss = 1219665.75
Epoch 4: loss = 1219665.625
Epoch 5: loss = 1219665.5
Epoch 6: loss = 1219665.5
Epoch 7: loss = 1219665.5
Epoch 8: loss = 1219665.5
Epoch 9: loss = 1219665.5
Epoch 10: loss = 1219665.5
Early stopping at epoch 10 with loss 1219665.5
Reconstruction for fluence = 268.2695795279727 photons/pixel
Epoch 0: loss = 2242874.0
Epoch 1: loss = 1475778.875
Epoch 2: loss = 1475724.0
Epoch 3: loss = 1475724.0
Epoch 4: loss = 1475724.0
Epoch 5: loss = 1475724.0
Epoch 6: loss = 1475724.0
Epoch 7: loss = 1475723.875
Epoch 8: loss = 1475723.875
Epoch 9: loss = 1475723.875
Epoch 10: loss = 1475723.875
Epoch 11: loss = 1475723.875
Epoch 12: loss = 1475723.875
Early stopping at epoch 12 with loss 1475723.875
Reconstruction for fluence = 610.5402296585327 photons/pixel
Epoch 0: loss = 3937099.0
Epoch 1: loss = 2044194.0
Epoch 2: loss = 2041770.5
Epoch 3: loss = 2041769.0
Epoch 4: loss = 2041769.0
Epoch 5: loss = 2041769.0
Epoch 6: loss = 2041769.0
Epoch 7: loss = 2041769.0
Epoch 8: loss = 2041769.0
Early stopping at epoch 8 with loss 2041769.0
Reconstruction for fluence = 1389.4954943731373 photons/pixel
Epoch 0: loss = 8066230.5
Epoch 1: loss = 2942907.0
Epoch 2: loss = 2930594.5
Epoch 3: loss = 2930588.25
Epoch 4: loss = 2930588.0
Epoch 5: loss = 2930588.0
Epoch 6: loss = 2930587.75
Epoch 7: loss = 2930587.75
Epoch 8: loss = 2930587.75
Epoch 9: loss = 2930587.75
Epoch 10: loss = 2930587.75
Epoch 11: loss = 2930587.75
Early stopping at epoch 11 with loss 2930587.75
Reconstruction for fluence = 3162.277660168379 photons/pixel
Epoch 0: loss = 17533566.0
Epoch 1: loss = 4068932.75
Epoch 2: loss = 3917374.5
Epoch 3: loss = 3917338.5
Epoch 4: loss = 3917338.5
Epoch 5: loss = 3917338.5
Epoch 6: loss = 3917338.25
Epoch 7: loss = 3917338.25
Epoch 8: loss = 3917338.25
Epoch 9: loss = 3917338.0
Epoch 10: loss = 3917338.0
Epoch 11: loss = 3917338.0
Epoch 12: loss = 3917338.0
Epoch 13: loss = 3917338.0
Epoch 14: loss = 3917338.0
Early stopping at epoch 14 with loss 3917338.0
Reconstruction for fluence = 7196.856730011521 photons/pixel
Epoch 0: loss = 39106092.0
Epoch 1: loss = 5131861.5
Epoch 2: loss = 4691720.0
Epoch 3: loss = 4691655.0
Epoch 4: loss = 4691654.5
Epoch 5: loss = 4691654.5
Epoch 6: loss = 4691654.0
Epoch 7: loss = 4691654.0
Epoch 8: loss = 4691654.0
Epoch 9: loss = 4691654.0
Epoch 10: loss = 4691654.0
Epoch 11: loss = 4691653.5
Epoch 12: loss = 4691653.5
Epoch 13: loss = 4691653.5
Epoch 14: loss = 4691653.5
Epoch 15: loss = 4691653.5
Epoch 16: loss = 4691653.5
Early stopping at epoch 16 with loss 4691653.5
Reconstruction for fluence = 16378.937069540647 photons/pixel
Epoch 0: loss = 88235960.0
Epoch 1: loss = 6231481.0
Epoch 2: loss = 5070581.5
Epoch 3: loss = 5070382.0
Epoch 4: loss = 5070382.0
Epoch 5: loss = 5070381.0
Epoch 6: loss = 5070381.0
Epoch 7: loss = 5070380.0
Epoch 8: loss = 5070380.0
Epoch 9: loss = 5070380.0
Epoch 10: loss = 5070380.0
Epoch 11: loss = 5070380.0
Epoch 12: loss = 5070380.0
Early stopping at epoch 12 with loss 5070380.0
Reconstruction for fluence = 37275.937203149384 photons/pixel
Epoch 0: loss = 200049936.0
Epoch 1: loss = 8044377.5
Epoch 2: loss = 5095693.0
Epoch 3: loss = 5075041.5
Epoch 4: loss = 5074889.0
Epoch 5: loss = 5074889.0
Epoch 6: loss = 5074889.0
Epoch 7: loss = 5074888.0
Epoch 8: loss = 5074888.0
Epoch 9: loss = 5074888.0
Epoch 10: loss = 5074888.0
Epoch 11: loss = 5074888.0
Epoch 12: loss = 5074888.0
Early stopping at epoch 12 with loss 5074888.0
Reconstruction for fluence = 84834.28982440726 photons/pixel
Epoch 0: loss = 454473152.0
Epoch 1: loss = 10968118.0
Epoch 2: loss = 4911727.0
Epoch 3: loss = 4881021.0
Epoch 4: loss = 4880774.0
Epoch 5: loss = 4880773.0
Epoch 6: loss = 4880773.0
Epoch 7: loss = 4880773.0
Epoch 8: loss = 4880772.5
Epoch 9: loss = 4880772.0
Epoch 10: loss = 4880772.0
Epoch 11: loss = 4880772.0
Epoch 12: loss = 4880772.0
Epoch 13: loss = 4880772.0
Epoch 14: loss = 4880772.0
Early stopping at epoch 14 with loss 4880772.0
Reconstruction for fluence = 193069.77288832498 photons/pixel
Epoch 0: loss = 1033492352.0
Epoch 1: loss = 8568152.0
Epoch 2: loss = 4648475.0
Epoch 3: loss = 4645250.0
Epoch 4: loss = 4645230.0
Epoch 5: loss = 4645228.5
Epoch 6: loss = 4645228.0
Epoch 7: loss = 4645228.0
Epoch 8: loss = 4645228.0
Epoch 9: loss = 4645228.0
Epoch 10: loss = 4645228.0
Epoch 11: loss = 4645228.0
Early stopping at epoch 11 with loss 4645228.0
Reconstruction for fluence = 439397.0560760795 photons/pixel
Epoch 0: loss = 2351375872.0
Epoch 1: loss = 5738963.0
Epoch 2: loss = 4460660.0
Epoch 3: loss = 4459892.5
Epoch 4: loss = 4459889.0
Epoch 5: loss = 4459889.0
Epoch 6: loss = 4459888.0
Epoch 7: loss = 4459888.0
Epoch 8: loss = 4459888.0
Epoch 9: loss = 4459888.0
Epoch 10: loss = 4459888.0
Epoch 11: loss = 4459888.0
Early stopping at epoch 11 with loss 4459888.0
Reconstruction for fluence = 1000000.0 photons/pixel
Epoch 0: loss = 5350457344.0
Epoch 1: loss = 58123992.0
Epoch 2: loss = 4336503.0
Epoch 3: loss = 4334961.0
Epoch 4: loss = 4334955.0
Epoch 5: loss = 4334954.5
Epoch 6: loss = 4334954.0
Epoch 7: loss = 4334954.0
Epoch 8: loss = 4334953.5
Epoch 9: loss = 4334953.5
Epoch 10: loss = 4334953.5
Epoch 11: loss = 4334953.5
Epoch 12: loss = 4334953.5
Epoch 13: loss = 4334953.5
Early stopping at epoch 13 with loss 4334953.5
Tensors initialization on device cuda
Multiprobe = None

('MSE', 'PoissonNLL') RECONSTRUCTIONS

Reconstruction for fluence = 10.0 photons/pixel
Epoch 0: loss = 483302.28125
Epoch 1: loss = 315116.0625
Epoch 2: loss = 315115.6875
Epoch 3: loss = 315115.625
Epoch 4: loss = 315115.59375
Epoch 5: loss = 315115.59375
Epoch 6: loss = 315115.5625
Epoch 7: loss = 315115.5625
Epoch 8: loss = 315115.5625
Epoch 9: loss = 315115.5625
Epoch 10: loss = 315115.5625
Epoch 11: loss = 315115.5625
Early stopping at epoch 11 with loss 315115.5625
Epoch 0: loss = 0.09428965300321579
Epoch 1: loss = 0.06747184693813324
Epoch 2: loss = 0.0674646645784378
Epoch 3: loss = 0.0674646645784378
Epoch 4: loss = 0.0674646645784378
Epoch 5: loss = 0.0674646645784378
Epoch 6: loss = 0.0674646645784378
Early stopping at epoch 6 with loss 0.06747184693813324
Reconstruction for fluence = 22.758459260747887 photons/pixel
Epoch 0: loss = 842769.5
Epoch 1: loss = 598985.8125
Epoch 2: loss = 598984.5
Epoch 3: loss = 598984.375
Epoch 4: loss = 598984.375
Epoch 5: loss = 598984.375
Epoch 6: loss = 598984.25
Epoch 7: loss = 598984.25
Epoch 8: loss = 598984.25
Epoch 9: loss = 598984.25
Epoch 10: loss = 598984.25
Epoch 11: loss = 598984.25
Early stopping at epoch 11 with loss 598984.25
Epoch 0: loss = 0.1463412642478943
Epoch 1: loss = 0.11287909746170044
Epoch 2: loss = 0.1128721684217453
Epoch 3: loss = 0.1128721684217453
Epoch 4: loss = 0.1128721684217453
Epoch 5: loss = 0.1128721684217453
Epoch 6: loss = 0.1128721684217453
Early stopping at epoch 6 with loss 0.11287909746170044
Reconstruction for fluence = 51.794746792312125 photons/pixel
Epoch 0: loss = 1260673.5
Epoch 1: loss = 951899.75
Epoch 2: loss = 951896.875
Epoch 3: loss = 951896.75
Epoch 4: loss = 951896.75
Epoch 5: loss = 951896.75
Epoch 6: loss = 951896.75
Epoch 7: loss = 951896.6875
Epoch 8: loss = 951896.6875
Epoch 9: loss = 951896.6875
Epoch 10: loss = 951896.6875
Epoch 11: loss = 951896.6875
Epoch 12: loss = 951896.6875
Early stopping at epoch 12 with loss 951896.6875
Epoch 0: loss = 0.1989106386899948
Epoch 1: loss = 0.16334083676338196
Epoch 2: loss = 0.16333657503128052
Epoch 3: loss = 0.16333657503128052
Epoch 4: loss = 0.16333657503128052
Epoch 5: loss = 0.16333657503128052
Epoch 6: loss = 0.16333657503128052
Early stopping at epoch 6 with loss 0.16334083676338196
Reconstruction for fluence = 117.87686347935866 photons/pixel
Epoch 0: loss = 1631402.5
Epoch 1: loss = 1217692.5
Epoch 2: loss = 1217677.75
Epoch 3: loss = 1217677.25
Epoch 4: loss = 1217677.25
Epoch 5: loss = 1217677.25
Epoch 6: loss = 1217677.25
Epoch 7: loss = 1217677.25
Epoch 8: loss = 1217677.125
Epoch 9: loss = 1217677.0
Epoch 10: loss = 1217677.0
Epoch 11: loss = 1217677.0
Epoch 12: loss = 1217677.0
Epoch 13: loss = 1217677.0
Epoch 14: loss = 1217677.0
Early stopping at epoch 14 with loss 1217677.0
Epoch 0: loss = 0.19803741574287415
Epoch 1: loss = 0.15940701961517334
Epoch 2: loss = 0.15940091013908386
Epoch 3: loss = 0.15940088033676147
Epoch 4: loss = 0.1594008505344391
Epoch 5: loss = 0.1594008505344391
Epoch 6: loss = 0.1594008505344391
Early stopping at epoch 6 with loss 0.15940701961517334
Reconstruction for fluence = 268.2695795279727 photons/pixel
Epoch 0: loss = 2243277.5
Epoch 1: loss = 1475822.375
Epoch 2: loss = 1475784.0
Epoch 3: loss = 1475784.0
Epoch 4: loss = 1475783.875
Epoch 5: loss = 1475783.75
Epoch 6: loss = 1475783.75
Epoch 7: loss = 1475783.75
Epoch 8: loss = 1475783.75
Epoch 9: loss = 1475783.75
Epoch 10: loss = 1475783.75
Early stopping at epoch 10 with loss 1475783.75
Epoch 0: loss = -0.07129426300525665
Epoch 1: loss = -0.12121842056512833
Epoch 2: loss = -0.12121991068124771
Epoch 3: loss = -0.12121991068124771
Epoch 4: loss = -0.12121991068124771
Epoch 5: loss = -0.12121991068124771
Epoch 6: loss = -0.12121991068124771
Early stopping at epoch 6 with loss -0.12121842056512833
Reconstruction for fluence = 610.5402296585327 photons/pixel
Epoch 0: loss = 3935892.0
Epoch 1: loss = 2043835.75
Epoch 2: loss = 2041501.125
Epoch 3: loss = 2041484.125
Epoch 4: loss = 2041484.125
Epoch 5: loss = 2041484.125
Epoch 6: loss = 2041484.125
Epoch 7: loss = 2041484.125
Epoch 8: loss = 2041484.125
Early stopping at epoch 8 with loss 2041484.125
Epoch 0: loss = -1.316787600517273
Epoch 1: loss = -1.379540205001831
Epoch 2: loss = -1.3795433044433594
Epoch 3: loss = -1.379543423652649
Epoch 4: loss = -1.379543423652649
Epoch 5: loss = -1.3795435428619385
Epoch 6: loss = -1.3795435428619385
Early stopping at epoch 6 with loss -1.379540205001831
Reconstruction for fluence = 1389.4954943731373 photons/pixel
Epoch 0: loss = 8065402.0
Epoch 1: loss = 2944036.5
Epoch 2: loss = 2931255.5
Epoch 3: loss = 2931248.5
Epoch 4: loss = 2931248.0
Epoch 5: loss = 2931247.5
Epoch 6: loss = 2931247.5
Epoch 7: loss = 2931247.5
Epoch 8: loss = 2931247.5
Epoch 9: loss = 2931247.5
Epoch 10: loss = 2931247.5
Early stopping at epoch 10 with loss 2931247.5
Epoch 0: loss = -5.582283973693848
Epoch 1: loss = -5.648585796356201
Epoch 2: loss = -5.648586750030518
Epoch 3: loss = -5.648587226867676
Epoch 4: loss = -5.648587226867676
Epoch 5: loss = -5.648587226867676
Epoch 6: loss = -5.648587226867676
Early stopping at epoch 6 with loss -5.648585796356201
Reconstruction for fluence = 3162.277660168379 photons/pixel
Epoch 0: loss = 17531976.0
Epoch 1: loss = 4064513.75
Epoch 2: loss = 3913636.5
Epoch 3: loss = 3913558.0
Epoch 4: loss = 3913557.5
Epoch 5: loss = 3913557.5
Epoch 6: loss = 3913557.5
Epoch 7: loss = 3913557.25
Epoch 8: loss = 3913557.25
Epoch 9: loss = 3913557.25
Epoch 10: loss = 3913557.25
Epoch 11: loss = 3913557.25
Epoch 12: loss = 3913557.25
Early stopping at epoch 12 with loss 3913557.25
Epoch 0: loss = -18.51909065246582
Epoch 1: loss = -18.57537078857422
Epoch 2: loss = -18.57537078857422
Epoch 3: loss = -18.57537078857422
Epoch 4: loss = -18.57537078857422
Epoch 5: loss = -18.57537078857422
Epoch 6: loss = -18.57537078857422
Early stopping at epoch 6 with loss -18.57537078857422
Reconstruction for fluence = 7196.856730011521 photons/pixel
Epoch 0: loss = 39119480.0
Epoch 1: loss = 5134206.5
Epoch 2: loss = 4693540.0
Epoch 3: loss = 4693438.0
Epoch 4: loss = 4693437.0
Epoch 5: loss = 4693436.5
Epoch 6: loss = 4693436.5
Epoch 7: loss = 4693436.5
Epoch 8: loss = 4693436.5
Epoch 9: loss = 4693436.5
Epoch 10: loss = 4693436.5
Early stopping at epoch 10 with loss 4693436.5
Epoch 0: loss = -55.231685638427734
Epoch 1: loss = -55.269649505615234
Epoch 2: loss = -55.269649505615234
Epoch 3: loss = -55.2696533203125
Epoch 4: loss = -55.2696533203125
Epoch 5: loss = -55.2696533203125
Epoch 6: loss = -55.269657135009766
Early stopping at epoch 6 with loss -55.269649505615234
Reconstruction for fluence = 16378.937069540647 photons/pixel
Epoch 0: loss = 88223944.0
Epoch 1: loss = 6223630.5
Epoch 2: loss = 5071607.5
Epoch 3: loss = 5070633.0
Epoch 4: loss = 5070622.0
Epoch 5: loss = 5070621.0
Epoch 6: loss = 5070621.0
Epoch 7: loss = 5070620.5
Epoch 8: loss = 5070620.5
Epoch 9: loss = 5070620.0
Epoch 10: loss = 5070620.0
Epoch 11: loss = 5070620.0
Epoch 12: loss = 5070620.0
Epoch 13: loss = 5070620.0
Epoch 14: loss = 5070620.0
Early stopping at epoch 14 with loss 5070620.0
Epoch 0: loss = -155.37686157226562
Epoch 1: loss = -155.39749145507812
Epoch 2: loss = -155.39749145507812
Epoch 3: loss = -155.39749145507812
Epoch 4: loss = -155.39749145507812
Epoch 5: loss = -155.39749145507812
Epoch 6: loss = -155.39752197265625
Early stopping at epoch 6 with loss -155.39749145507812
Reconstruction for fluence = 37275.937203149384 photons/pixel
Epoch 0: loss = 200011744.0
Epoch 1: loss = 7910249.0
Epoch 2: loss = 5093087.0
Epoch 3: loss = 5074909.0
Epoch 4: loss = 5074780.5
Epoch 5: loss = 5074780.5
Epoch 6: loss = 5074780.0
Epoch 7: loss = 5074780.0
Epoch 8: loss = 5074780.0
Epoch 9: loss = 5074779.5
Epoch 10: loss = 5074779.5
Epoch 11: loss = 5074779.5
Epoch 12: loss = 5074779.5
Epoch 13: loss = 5074779.5
Epoch 14: loss = 5074779.5
Early stopping at epoch 14 with loss 5074779.5
Epoch 0: loss = -420.99267578125
Epoch 1: loss = -421.001953125
Epoch 2: loss = -421.001953125
Epoch 3: loss = -421.00201416015625
Epoch 4: loss = -421.00201416015625
Epoch 5: loss = -421.00201416015625
Epoch 6: loss = -421.00201416015625
Early stopping at epoch 6 with loss -421.001953125
Reconstruction for fluence = 84834.28982440726 photons/pixel
Epoch 0: loss = 454446528.0
Epoch 1: loss = 11097436.0
Epoch 2: loss = 5052836.0
Epoch 3: loss = 4882818.0
Epoch 4: loss = 4881058.5
Epoch 5: loss = 4881048.0
Epoch 6: loss = 4881048.0
Epoch 7: loss = 4881048.0
Epoch 8: loss = 4881048.0
Epoch 9: loss = 4881048.0
Epoch 10: loss = 4881048.0
Early stopping at epoch 10 with loss 4881048.0
Epoch 0: loss = -1111.505615234375
Epoch 1: loss = -1111.505615234375
Epoch 2: loss = -1111.509033203125
Epoch 3: loss = -1111.509033203125
Epoch 4: loss = -1111.50927734375
Epoch 5: loss = -1111.50927734375
Epoch 6: loss = -1111.50927734375
Epoch 7: loss = -1111.50927734375
Epoch 8: loss = -1111.50927734375
Epoch 9: loss = -1111.50927734375
Early stopping at epoch 9 with loss -1111.50927734375
Reconstruction for fluence = 193069.77288832498 photons/pixel
Epoch 0: loss = 1033444096.0
Epoch 1: loss = 18054222.0
Epoch 2: loss = 4698161.0
Epoch 3: loss = 4645370.0
Epoch 4: loss = 4644961.5
Epoch 5: loss = 4644961.0
Epoch 6: loss = 4644960.0
Epoch 7: loss = 4644960.0
Epoch 8: loss = 4644959.0
Epoch 9: loss = 4644959.0
Epoch 10: loss = 4644959.0
Epoch 11: loss = 4644959.0
Epoch 12: loss = 4644959.0
Epoch 13: loss = 4644959.0
Early stopping at epoch 13 with loss 4644959.0
Epoch 0: loss = -2878.39892578125
Epoch 1: loss = -2878.39892578125
Epoch 2: loss = -2878.400146484375
Epoch 3: loss = -2878.400146484375
Epoch 4: loss = -2878.400146484375
Epoch 5: loss = -2878.400146484375
Epoch 6: loss = -2878.400146484375
Epoch 7: loss = -2878.400146484375
Early stopping at epoch 7 with loss -2878.400146484375
Reconstruction for fluence = 439397.0560760795 photons/pixel
Epoch 0: loss = 2351386624.0
Epoch 1: loss = 31012488.0
Epoch 2: loss = 4469791.0
Epoch 3: loss = 4463360.0
Epoch 4: loss = 4463293.0
Epoch 5: loss = 4463292.5
Epoch 6: loss = 4463292.5
Epoch 7: loss = 4463292.0
Epoch 8: loss = 4463292.0
Epoch 9: loss = 4463292.0
Epoch 10: loss = 4463292.0
Epoch 11: loss = 4463292.0
Epoch 12: loss = 4463292.0
Early stopping at epoch 12 with loss 4463292.0
Epoch 0: loss = -7344.5615234375
Epoch 1: loss = -7344.5615234375
Epoch 2: loss = -7344.5615234375
Epoch 3: loss = -7344.56201171875
Epoch 4: loss = -7344.56201171875
Epoch 5: loss = -7344.56201171875
Epoch 6: loss = -7344.56201171875
Epoch 7: loss = -7344.56201171875
Epoch 8: loss = -7344.56201171875
Early stopping at epoch 8 with loss -7344.56201171875
Reconstruction for fluence = 1000000.0 photons/pixel
Epoch 0: loss = 5350603264.0
Epoch 1: loss = 5754568.0
Epoch 2: loss = 4335029.5
Epoch 3: loss = 4334902.0
Epoch 4: loss = 4334902.0
Epoch 5: loss = 4334902.0
Epoch 6: loss = 4334902.0
Epoch 7: loss = 4334902.0
Epoch 8: loss = 4334902.0
Early stopping at epoch 8 with loss 4334902.0
Epoch 0: loss = -18521.8046875
Epoch 1: loss = -18521.8046875
Epoch 2: loss = -18521.8046875
Epoch 3: loss = -18521.8046875
Epoch 4: loss = -18521.8046875
Epoch 5: loss = -18521.8046875
Early stopping at epoch 5 with loss -18521.8046875
Simulation for n_fluences=15 completed!
