Running simulation for principal_mode_weight=2 and n_fluences=20
Weights: [90 10  0]
Tensors initialization on device cuda
Multiprobe = grad

('MSE', None) RECONSTRUCTIONS

Reconstruction for fluence = 0.09999999999999999 photons/pixel
Epoch 0: loss = 10654.431640625
Epoch 1: loss = 3648.0556640625
Epoch 2: loss = 3648.0537109375
Epoch 3: loss = 3648.05322265625
Epoch 4: loss = 3648.05322265625
Epoch 5: loss = 3648.05322265625
Epoch 6: loss = 3648.05322265625
Epoch 7: loss = 3648.052978515625
Epoch 8: loss = 3648.052978515625
Epoch 9: loss = 3648.052978515625
Epoch 10: loss = 3648.052734375
Epoch 11: loss = 3648.052734375
Epoch 12: loss = 3648.052734375
Epoch 13: loss = 3648.052734375
Epoch 14: loss = 3648.052734375
Epoch 15: loss = 3648.052734375
Early stopping at epoch 15 with loss 3648.052734375
Reconstruction for fluence = 0.23357214690901223 photons/pixel
Epoch 0: loss = 24433.60546875
Epoch 1: loss = 8586.0439453125
Epoch 2: loss = 8586.021484375
Epoch 3: loss = 8586.0205078125
Epoch 4: loss = 8586.01953125
Epoch 5: loss = 8586.01953125
Epoch 6: loss = 8586.01953125
Epoch 7: loss = 8586.01953125
Epoch 8: loss = 8586.0185546875
Epoch 9: loss = 8586.0185546875
Epoch 10: loss = 8586.0185546875
Epoch 11: loss = 8586.0185546875
Epoch 12: loss = 8586.0185546875
Epoch 13: loss = 8586.0185546875
Early stopping at epoch 13 with loss 8586.0185546875
Reconstruction for fluence = 0.5455594781168519 photons/pixel
Epoch 0: loss = 55183.9609375
Epoch 1: loss = 19870.38671875
Epoch 2: loss = 19870.359375
Epoch 3: loss = 19870.35546875
Epoch 4: loss = 19870.35546875
Epoch 5: loss = 19870.353515625
Epoch 6: loss = 19870.353515625
Epoch 7: loss = 19870.353515625
Epoch 8: loss = 19870.353515625
Epoch 9: loss = 19870.353515625
Epoch 10: loss = 19870.353515625
Early stopping at epoch 10 with loss 19870.353515625
Reconstruction for fluence = 1.2742749857031335 photons/pixel
Epoch 0: loss = 122446.8984375
Epoch 1: loss = 45910.5703125
Epoch 2: loss = 45910.48828125
Epoch 3: loss = 45910.48828125
Epoch 4: loss = 45910.484375
Epoch 5: loss = 45910.484375
Epoch 6: loss = 45910.484375
Epoch 7: loss = 45910.48046875
Epoch 8: loss = 45910.48046875
Epoch 9: loss = 45910.48046875
Epoch 10: loss = 45910.48046875
Epoch 11: loss = 45910.48046875
Epoch 12: loss = 45910.48046875
Early stopping at epoch 12 with loss 45910.48046875
Reconstruction for fluence = 2.976351441631318 photons/pixel
Epoch 0: loss = 263143.3125
Epoch 1: loss = 103935.296875
Epoch 2: loss = 103935.171875
Epoch 3: loss = 103935.15625
Epoch 4: loss = 103935.15625
Epoch 5: loss = 103935.15625
Epoch 6: loss = 103935.15625
Epoch 7: loss = 103935.15625
Epoch 8: loss = 103935.15625
Early stopping at epoch 8 with loss 103935.15625
Reconstruction for fluence = 6.9519279617756045 photons/pixel
Epoch 0: loss = 536474.75
Epoch 1: loss = 225024.28125
Epoch 2: loss = 225023.75
Epoch 3: loss = 225023.71875
Epoch 4: loss = 225023.71875
Epoch 5: loss = 225023.71875
Epoch 6: loss = 225023.71875
Epoch 7: loss = 225023.71875
Epoch 8: loss = 225023.71875
Early stopping at epoch 8 with loss 225023.71875
Reconstruction for fluence = 16.23776739188721 photons/pixel
Epoch 0: loss = 1005880.625
Epoch 1: loss = 448012.375
Epoch 2: loss = 448010.125
Epoch 3: loss = 448010.0625
Epoch 4: loss = 448010.0625
Epoch 5: loss = 448010.0625
Epoch 6: loss = 448010.03125
Epoch 7: loss = 448010.0
Epoch 8: loss = 448010.0
Epoch 9: loss = 448010.0
Epoch 10: loss = 448010.0
Epoch 11: loss = 448010.0
Epoch 12: loss = 448010.0
Early stopping at epoch 12 with loss 448010.0
Reconstruction for fluence = 37.926901907322495 photons/pixel
Epoch 0: loss = 1655392.0
Epoch 1: loss = 751085.625
Epoch 2: loss = 751076.4375
Epoch 3: loss = 751076.375
Epoch 4: loss = 751076.375
Epoch 5: loss = 751076.3125
Epoch 6: loss = 751076.3125
Epoch 7: loss = 751076.3125
Epoch 8: loss = 751076.3125
Epoch 9: loss = 751076.3125
Epoch 10: loss = 751076.25
Epoch 11: loss = 751076.25
Epoch 12: loss = 751076.25
Epoch 13: loss = 751076.25
Epoch 14: loss = 751076.25
Epoch 15: loss = 751076.25
Early stopping at epoch 15 with loss 751076.25
Reconstruction for fluence = 88.58667904100822 photons/pixel
Epoch 0: loss = 2379751.5
Epoch 1: loss = 961313.0625
Epoch 2: loss = 961303.125
Epoch 3: loss = 961303.0
Epoch 4: loss = 961303.0
Epoch 5: loss = 961303.0
Epoch 6: loss = 961303.0
Epoch 7: loss = 961302.9375
Epoch 8: loss = 961302.9375
Epoch 9: loss = 961302.9375
Epoch 10: loss = 961302.9375
Epoch 11: loss = 961302.9375
Epoch 12: loss = 961302.9375
Early stopping at epoch 12 with loss 961302.9375
Reconstruction for fluence = 206.9138081114788 photons/pixel
Epoch 0: loss = 3474978.75
Epoch 1: loss = 995335.0
Epoch 2: loss = 995276.125
Epoch 3: loss = 995275.875
Epoch 4: loss = 995275.875
Epoch 5: loss = 995275.875
Epoch 6: loss = 995275.875
Epoch 7: loss = 995275.875
Epoch 8: loss = 995275.875
Early stopping at epoch 8 with loss 995275.875
Reconstruction for fluence = 483.2930238571752 photons/pixel
Epoch 0: loss = 6322731.5
Epoch 1: loss = 1126095.625
Epoch 2: loss = 1126012.375
Epoch 3: loss = 1126012.125
Epoch 4: loss = 1126012.125
Epoch 5: loss = 1126012.125
Epoch 6: loss = 1126012.0
Epoch 7: loss = 1126012.0
Epoch 8: loss = 1126012.0
Epoch 9: loss = 1126012.0
Epoch 10: loss = 1126012.0
Epoch 11: loss = 1126012.0
Early stopping at epoch 11 with loss 1126012.0
Reconstruction for fluence = 1128.8378916846884 photons/pixel
Epoch 0: loss = 13420592.0
Epoch 1: loss = 1474378.375
Epoch 2: loss = 1474297.25
Epoch 3: loss = 1474297.25
Epoch 4: loss = 1474297.125
Epoch 5: loss = 1474297.0
Epoch 6: loss = 1474297.0
Epoch 7: loss = 1474297.0
Epoch 8: loss = 1474297.0
Epoch 9: loss = 1474297.0
Epoch 10: loss = 1474297.0
Early stopping at epoch 10 with loss 1474297.0
Reconstruction for fluence = 2636.6508987303555 photons/pixel
Epoch 0: loss = 30167736.0
Epoch 1: loss = 1993270.25
Epoch 2: loss = 1992842.125
Epoch 3: loss = 1992841.5
Epoch 4: loss = 1992841.5
Epoch 5: loss = 1992841.25
Epoch 6: loss = 1992841.25
Epoch 7: loss = 1992841.25
Epoch 8: loss = 1992841.25
Epoch 9: loss = 1992841.25
Epoch 10: loss = 1992841.25
Early stopping at epoch 10 with loss 1992841.25
Reconstruction for fluence = 6158.482110660255 photons/pixel
Epoch 0: loss = 69324560.0
Epoch 1: loss = 2662933.0
Epoch 2: loss = 2660664.5
Epoch 3: loss = 2660663.0
Epoch 4: loss = 2660662.5
Epoch 5: loss = 2660662.5
Epoch 6: loss = 2660662.5
Epoch 7: loss = 2660662.5
Epoch 8: loss = 2660662.5
Epoch 9: loss = 2660662.5
Early stopping at epoch 9 with loss 2660662.5
Reconstruction for fluence = 14384.498882876629 photons/pixel
Epoch 0: loss = 160769536.0
Epoch 1: loss = 3420386.75
Epoch 2: loss = 3414297.0
Epoch 3: loss = 3414291.5
Epoch 4: loss = 3414291.5
Epoch 5: loss = 3414291.25
Epoch 6: loss = 3414291.25
Epoch 7: loss = 3414291.25
Epoch 8: loss = 3414291.0
Epoch 9: loss = 3414291.0
Epoch 10: loss = 3414291.0
Epoch 11: loss = 3414291.0
Epoch 12: loss = 3414291.0
Epoch 13: loss = 3414291.0
Early stopping at epoch 13 with loss 3414291.0
Reconstruction for fluence = 33598.18286283781 photons/pixel
Epoch 0: loss = 374311168.0
Epoch 1: loss = 4205696.0
Epoch 2: loss = 4135412.0
Epoch 3: loss = 4134988.0
Epoch 4: loss = 4134985.75
Epoch 5: loss = 4134985.5
Epoch 6: loss = 4134985.25
Epoch 7: loss = 4134985.25
Epoch 8: loss = 4134985.25
Epoch 9: loss = 4134985.25
Epoch 10: loss = 4134985.25
Epoch 11: loss = 4134985.25
Early stopping at epoch 11 with loss 4134985.25
Reconstruction for fluence = 78475.99703514607 photons/pixel
Epoch 0: loss = 872936576.0
Epoch 1: loss = 4700493.0
Epoch 2: loss = 4659981.0
Epoch 3: loss = 4659977.5
Epoch 4: loss = 4659977.5
Epoch 5: loss = 4659977.0
Epoch 6: loss = 4659977.0
Epoch 7: loss = 4659977.0
Epoch 8: loss = 4659977.0
Epoch 9: loss = 4659976.5
Epoch 10: loss = 4659976.5
Epoch 11: loss = 4659976.5
Epoch 12: loss = 4659976.5
Epoch 13: loss = 4659976.5
Epoch 14: loss = 4659976.5
Early stopping at epoch 14 with loss 4659976.5
Reconstruction for fluence = 183298.07108324335 photons/pixel
Epoch 0: loss = 2037751168.0
Epoch 1: loss = 5000398.0
Epoch 2: loss = 4909880.0
Epoch 3: loss = 4909863.0
Epoch 4: loss = 4909863.0
Epoch 5: loss = 4909863.0
Epoch 6: loss = 4909862.0
Epoch 7: loss = 4909862.0
Epoch 8: loss = 4909862.0
Epoch 9: loss = 4909862.0
Epoch 10: loss = 4909862.0
Epoch 11: loss = 4909862.0
Early stopping at epoch 11 with loss 4909862.0
Reconstruction for fluence = 428133.2398719387 photons/pixel
Epoch 0: loss = 4758594560.0
Epoch 1: loss = 5098694.0
Epoch 2: loss = 4906950.5
Epoch 3: loss = 4906923.0
Epoch 4: loss = 4906923.0
Epoch 5: loss = 4906922.5
Epoch 6: loss = 4906922.5
Epoch 7: loss = 4906922.5
Epoch 8: loss = 4906922.0
Epoch 9: loss = 4906922.0
Epoch 10: loss = 4906922.0
Epoch 11: loss = 4906922.0
Epoch 12: loss = 4906922.0
Epoch 13: loss = 4906922.0
Early stopping at epoch 13 with loss 4906922.0
Reconstruction for fluence = 1000000.0 photons/pixel
Epoch 0: loss = 11113746432.0
Epoch 1: loss = 5548518.0
Epoch 2: loss = 4755000.0
Epoch 3: loss = 4754890.0
Epoch 4: loss = 4754890.0
Epoch 5: loss = 4754889.0
Epoch 6: loss = 4754889.0
Epoch 7: loss = 4754889.0
Epoch 8: loss = 4754889.0
Epoch 9: loss = 4754888.5
Epoch 10: loss = 4754888.5
Epoch 11: loss = 4754888.5
Epoch 12: loss = 4754888.5
Epoch 13: loss = 4754888.5
Epoch 14: loss = 4754888.5
Early stopping at epoch 14 with loss 4754888.5
Tensors initialization on device cuda
Multiprobe = grad

('MSE', 'PoissonNLL') RECONSTRUCTIONS

Reconstruction for fluence = 0.09999999999999999 photons/pixel
Epoch 0: loss = 10656.392578125
Epoch 1: loss = 3653.9921875
Epoch 2: loss = 3653.990234375
Epoch 3: loss = 3653.98974609375
Epoch 4: loss = 3653.989501953125
Epoch 5: loss = 3653.9892578125
Epoch 6: loss = 3653.9892578125
Epoch 7: loss = 3653.9892578125
Epoch 8: loss = 3653.9892578125
Epoch 9: loss = 3653.9892578125
Epoch 10: loss = 3653.9892578125
Early stopping at epoch 10 with loss 3653.9892578125
Epoch 0: loss = 0.002707922365516424
Epoch 1: loss = 0.0015846571186557412
Epoch 2: loss = 0.0015846571186557412
Epoch 3: loss = 0.0015846571186557412
Epoch 4: loss = 0.0015846571186557412
Epoch 5: loss = 0.0015846571186557412
Epoch 6: loss = 0.0015846571186557412
Early stopping at epoch 6 with loss 0.0015846571186557412
Reconstruction for fluence = 0.23357214690901223 photons/pixel
Epoch 0: loss = 24432.63671875
Epoch 1: loss = 8582.5751953125
Epoch 2: loss = 8582.572265625
Epoch 3: loss = 8582.5703125
Epoch 4: loss = 8582.5693359375
Epoch 5: loss = 8582.568359375
Epoch 6: loss = 8582.5673828125
Epoch 7: loss = 8582.5673828125
Epoch 8: loss = 8582.5673828125
Epoch 9: loss = 8582.56640625
Epoch 10: loss = 8582.56640625
Epoch 11: loss = 8582.56640625
Epoch 12: loss = 8582.56640625
Epoch 13: loss = 8582.56640625
Epoch 14: loss = 8582.56640625
Early stopping at epoch 14 with loss 8582.56640625
Epoch 0: loss = 0.005595117807388306
Epoch 1: loss = 0.0033394950442016125
Epoch 2: loss = 0.003331986954435706
Epoch 3: loss = 0.003331986954435706
Epoch 4: loss = 0.003331986954435706
Epoch 5: loss = 0.003331986954435706
Epoch 6: loss = 0.003331986954435706
Early stopping at epoch 6 with loss 0.0033394950442016125
Reconstruction for fluence = 0.5455594781168519 photons/pixel
Epoch 0: loss = 55370.03125
Epoch 1: loss = 20137.453125
Epoch 2: loss = 20137.4453125
Epoch 3: loss = 20137.4453125
Epoch 4: loss = 20137.443359375
Epoch 5: loss = 20137.44140625
Epoch 6: loss = 20137.44140625
Epoch 7: loss = 20137.44140625
Epoch 8: loss = 20137.44140625
Epoch 9: loss = 20137.44140625
Epoch 10: loss = 20137.44140625
Early stopping at epoch 10 with loss 20137.44140625
Epoch 0: loss = 0.011253234930336475
Epoch 1: loss = 0.006872676312923431
Epoch 2: loss = 0.00686638941988349
Epoch 3: loss = 0.00686638941988349
Epoch 4: loss = 0.00686638941988349
Epoch 5: loss = 0.00686638941988349
Epoch 6: loss = 0.00686638941988349
Early stopping at epoch 6 with loss 0.006872676312923431
Reconstruction for fluence = 1.2742749857031335 photons/pixel
Epoch 0: loss = 122257.7109375
Epoch 1: loss = 45654.93359375
Epoch 2: loss = 45654.8515625
Epoch 3: loss = 45654.84765625
Epoch 4: loss = 45654.84765625
Epoch 5: loss = 45654.84375
Epoch 6: loss = 45654.84375
Epoch 7: loss = 45654.84375
Epoch 8: loss = 45654.84375
Epoch 9: loss = 45654.84375
Epoch 10: loss = 45654.84375
Early stopping at epoch 10 with loss 45654.84375
Epoch 0: loss = 0.02136318013072014
Epoch 1: loss = 0.013513734564185143
Epoch 2: loss = 0.013512590900063515
Epoch 3: loss = 0.013512590900063515
Epoch 4: loss = 0.013512590900063515
Epoch 5: loss = 0.013512590900063515
Epoch 6: loss = 0.013512590900063515
Early stopping at epoch 6 with loss 0.013513734564185143
Reconstruction for fluence = 2.976351441631318 photons/pixel
Epoch 0: loss = 263005.8125
Epoch 1: loss = 103639.140625
Epoch 2: loss = 103638.828125
Epoch 3: loss = 103638.8125
Epoch 4: loss = 103638.8125
Epoch 5: loss = 103638.8125
Epoch 6: loss = 103638.8125
Epoch 7: loss = 103638.8046875
Epoch 8: loss = 103638.8046875
Epoch 9: loss = 103638.8046875
Epoch 10: loss = 103638.8046875
Epoch 11: loss = 103638.8046875
Epoch 12: loss = 103638.8046875
Early stopping at epoch 12 with loss 103638.8046875
Epoch 0: loss = 0.039445873349905014
Epoch 1: loss = 0.026213381439447403
Epoch 2: loss = 0.026212546974420547
Epoch 3: loss = 0.026212546974420547
Epoch 4: loss = 0.026212546974420547
Epoch 5: loss = 0.026212546974420547
Epoch 6: loss = 0.026212546974420547
Early stopping at epoch 6 with loss 0.026213381439447403
Reconstruction for fluence = 6.9519279617756045 photons/pixel
Epoch 0: loss = 537065.0625
Epoch 1: loss = 225995.03125
Epoch 2: loss = 225993.8125
Epoch 3: loss = 225993.78125
Epoch 4: loss = 225993.78125
Epoch 5: loss = 225993.78125
Epoch 6: loss = 225993.78125
Epoch 7: loss = 225993.78125
Epoch 8: loss = 225993.78125
Early stopping at epoch 8 with loss 225993.78125
Epoch 0: loss = 0.06833742558956146
Epoch 1: loss = 0.048549141734838486
Epoch 2: loss = 0.04854729399085045
Epoch 3: loss = 0.04854729399085045
Epoch 4: loss = 0.04854729399085045
Epoch 5: loss = 0.04854729399085045
Epoch 6: loss = 0.04854729399085045
Early stopping at epoch 6 with loss 0.048549141734838486
Reconstruction for fluence = 16.23776739188721 photons/pixel
Epoch 0: loss = 1006042.75
Epoch 1: loss = 447911.5625
Epoch 2: loss = 447907.65625
Epoch 3: loss = 447907.625
Epoch 4: loss = 447907.59375
Epoch 5: loss = 447907.5625
Epoch 6: loss = 447907.5625
Epoch 7: loss = 447907.5625
Epoch 8: loss = 447907.5625
Epoch 9: loss = 447907.5625
Epoch 10: loss = 447907.5625
Early stopping at epoch 10 with loss 447907.5625
Epoch 0: loss = 0.1072973757982254
Epoch 1: loss = 0.08303797245025635
Epoch 2: loss = 0.08296909928321838
Epoch 3: loss = 0.08296377956867218
Epoch 4: loss = 0.08296133577823639
Epoch 5: loss = 0.08296133577823639
Epoch 6: loss = 0.08296133577823639
Early stopping at epoch 6 with loss 0.08303797245025635
Reconstruction for fluence = 37.926901907322495 photons/pixel
Epoch 0: loss = 1655909.5
Epoch 1: loss = 751148.875
Epoch 2: loss = 751137.4375
Epoch 3: loss = 751137.4375
Epoch 4: loss = 751137.4375
Epoch 5: loss = 751137.4375
Epoch 6: loss = 751137.4375
Epoch 7: loss = 751137.4375
Early stopping at epoch 7 with loss 751137.4375
Epoch 0: loss = 0.14611604809761047
Epoch 1: loss = 0.12349431961774826
Epoch 2: loss = 0.12348634004592896
Epoch 3: loss = 0.12348617613315582
Epoch 4: loss = 0.12348617613315582
Epoch 5: loss = 0.12348617613315582
Epoch 6: loss = 0.12348617613315582
Early stopping at epoch 6 with loss 0.12349431961774826
Reconstruction for fluence = 88.58667904100822 photons/pixel
Epoch 0: loss = 2377036.75
Epoch 1: loss = 960145.625
Epoch 2: loss = 960126.75
Epoch 3: loss = 960126.75
Epoch 4: loss = 960126.625
Epoch 5: loss = 960126.625
Epoch 6: loss = 960126.625
Epoch 7: loss = 960126.625
Epoch 8: loss = 960126.625
Epoch 9: loss = 960126.5625
Epoch 10: loss = 960126.5625
Epoch 11: loss = 960126.5625
Epoch 12: loss = 960126.5625
Epoch 13: loss = 960126.5625
Epoch 14: loss = 960126.5625
Early stopping at epoch 14 with loss 960126.5625
Epoch 0: loss = 0.13997918367385864
Epoch 1: loss = 0.12361304461956024
Epoch 2: loss = 0.12360512465238571
Epoch 3: loss = 0.12360507994890213
Epoch 4: loss = 0.12360507994890213
Epoch 5: loss = 0.12360507994890213
Epoch 6: loss = 0.12360507994890213
Early stopping at epoch 6 with loss 0.12361304461956024
Reconstruction for fluence = 206.9138081114788 photons/pixel
Epoch 0: loss = 3477657.25
Epoch 1: loss = 994164.5
Epoch 2: loss = 994067.4375
Epoch 3: loss = 994067.0
Epoch 4: loss = 994066.875
Epoch 5: loss = 994066.875
Epoch 6: loss = 994066.875
Epoch 7: loss = 994066.875
Epoch 8: loss = 994066.875
Epoch 9: loss = 994066.875
Early stopping at epoch 9 with loss 994066.875
Epoch 0: loss = -0.0805685892701149
Epoch 1: loss = -0.0961817130446434
Epoch 2: loss = -0.0961933434009552
Epoch 3: loss = -0.09619338810443878
Epoch 4: loss = -0.09619342535734177
Epoch 5: loss = -0.09619342535734177
Epoch 6: loss = -0.09619342535734177
Early stopping at epoch 6 with loss -0.0961817130446434
Reconstruction for fluence = 483.2930238571752 photons/pixel
Epoch 0: loss = 6321455.0
Epoch 1: loss = 1124986.625
Epoch 2: loss = 1124894.0
Epoch 3: loss = 1124893.625
Epoch 4: loss = 1124893.625
Epoch 5: loss = 1124893.625
Epoch 6: loss = 1124893.625
Epoch 7: loss = 1124893.625
Epoch 8: loss = 1124893.625
Early stopping at epoch 8 with loss 1124893.625
Epoch 0: loss = -1.1048812866210938
Epoch 1: loss = -1.1269854307174683
Epoch 2: loss = -1.1269950866699219
Epoch 3: loss = -1.126995325088501
Epoch 4: loss = -1.126995325088501
Epoch 5: loss = -1.12699556350708
Epoch 6: loss = -1.12699556350708
Early stopping at epoch 6 with loss -1.1269854307174683
Reconstruction for fluence = 1128.8378916846884 photons/pixel
Epoch 0: loss = 13427286.0
Epoch 1: loss = 1474045.0
Epoch 2: loss = 1473765.125
Epoch 3: loss = 1473763.75
Epoch 4: loss = 1473763.5
Epoch 5: loss = 1473763.25
Epoch 6: loss = 1473763.25
Epoch 7: loss = 1473763.25
Epoch 8: loss = 1473763.25
Epoch 9: loss = 1473763.25
Epoch 10: loss = 1473763.25
Early stopping at epoch 10 with loss 1473763.25
Epoch 0: loss = -4.703793048858643
Epoch 1: loss = -4.7345075607299805
Epoch 2: loss = -4.734516143798828
Epoch 3: loss = -4.7345170974731445
Epoch 4: loss = -4.734518051147461
Epoch 5: loss = -4.734518051147461
Epoch 6: loss = -4.734518051147461
Early stopping at epoch 6 with loss -4.7345075607299805
Reconstruction for fluence = 2636.6508987303555 photons/pixel
Epoch 0: loss = 30172292.0
Epoch 1: loss = 1993655.75
Epoch 2: loss = 1993266.625
Epoch 3: loss = 1993264.5
Epoch 4: loss = 1993264.5
Epoch 5: loss = 1993264.375
Epoch 6: loss = 1993264.375
Epoch 7: loss = 1993264.25
Epoch 8: loss = 1993264.25
Epoch 9: loss = 1993264.25
Epoch 10: loss = 1993264.25
Epoch 11: loss = 1993264.25
Epoch 12: loss = 1993264.25
Early stopping at epoch 12 with loss 1993264.25
Epoch 0: loss = -15.935728073120117
Epoch 1: loss = -15.974811553955078
Epoch 2: loss = -15.974817276000977
Epoch 3: loss = -15.974818229675293
Epoch 4: loss = -15.974818229675293
Epoch 5: loss = -15.974818229675293
Epoch 6: loss = -15.974820137023926
Early stopping at epoch 6 with loss -15.974811553955078
Reconstruction for fluence = 6158.482110660255 photons/pixel
Epoch 0: loss = 69315840.0
Epoch 1: loss = 2664453.0
Epoch 2: loss = 2662337.75
Epoch 3: loss = 2662335.0
Epoch 4: loss = 2662334.5
Epoch 5: loss = 2662334.5
Epoch 6: loss = 2662334.5
Epoch 7: loss = 2662334.25
Epoch 8: loss = 2662334.25
Epoch 9: loss = 2662334.25
Epoch 10: loss = 2662334.25
Epoch 11: loss = 2662334.25
Epoch 12: loss = 2662334.25
Early stopping at epoch 12 with loss 2662334.25
Epoch 0: loss = -48.74772644042969
Epoch 1: loss = -48.792327880859375
Epoch 2: loss = -48.792335510253906
Epoch 3: loss = -48.79234313964844
Epoch 4: loss = -48.79234313964844
Epoch 5: loss = -48.79234313964844
Epoch 6: loss = -48.7923469543457
Early stopping at epoch 6 with loss -48.792327880859375
Reconstruction for fluence = 14384.498882876629 photons/pixel
Epoch 0: loss = 160744704.0
Epoch 1: loss = 3420154.5
Epoch 2: loss = 3414119.5
Epoch 3: loss = 3414112.75
Epoch 4: loss = 3414112.5
Epoch 5: loss = 3414112.5
Epoch 6: loss = 3414112.5
Epoch 7: loss = 3414112.25
Epoch 8: loss = 3414112.25
Epoch 9: loss = 3414112.0
Epoch 10: loss = 3414112.0
Epoch 11: loss = 3414112.0
Epoch 12: loss = 3414112.0
Epoch 13: loss = 3414112.0
Epoch 14: loss = 3414112.0
Early stopping at epoch 14 with loss 3414112.0
Epoch 0: loss = -140.7230224609375
Epoch 1: loss = -140.76719665527344
Epoch 2: loss = -140.7672119140625
Epoch 3: loss = -140.7672119140625
Epoch 4: loss = -140.76722717285156
Epoch 5: loss = -140.76722717285156
Epoch 6: loss = -140.76722717285156
Early stopping at epoch 6 with loss -140.76719665527344
Reconstruction for fluence = 33598.18286283781 photons/pixel
Epoch 0: loss = 374293248.0
Epoch 1: loss = 4205429.0
Epoch 2: loss = 4135558.75
Epoch 3: loss = 4135136.5
Epoch 4: loss = 4135135.0
Epoch 5: loss = 4135135.0
Epoch 6: loss = 4135134.5
Epoch 7: loss = 4135134.5
Epoch 8: loss = 4135134.5
Epoch 9: loss = 4135134.5
Epoch 10: loss = 4135134.5
Epoch 11: loss = 4135134.5
Early stopping at epoch 11 with loss 4135134.5
Epoch 0: loss = -391.376953125
Epoch 1: loss = -391.41424560546875
Epoch 2: loss = -391.41424560546875
Epoch 3: loss = -391.41424560546875
Epoch 4: loss = -391.41424560546875
Epoch 5: loss = -391.41424560546875
Epoch 6: loss = -391.41424560546875
Early stopping at epoch 6 with loss -391.41424560546875
Reconstruction for fluence = 78475.99703514607 photons/pixel
Epoch 0: loss = 872971264.0
Epoch 1: loss = 4723965.0
Epoch 2: loss = 4661974.5
Epoch 3: loss = 4661492.0
Epoch 4: loss = 4661492.0
Epoch 5: loss = 4661490.5
Epoch 6: loss = 4661490.0
Epoch 7: loss = 4661490.0
Epoch 8: loss = 4661489.5
Epoch 9: loss = 4661489.5
Epoch 10: loss = 4661489.0
Epoch 11: loss = 4661489.0
Epoch 12: loss = 4661489.0
Epoch 13: loss = 4661489.0
Epoch 14: loss = 4661489.0
Epoch 0: loss = -1060.5626220703125
Epoch 1: loss = -1060.588623046875
Epoch 2: loss = -1060.5887451171875
Epoch 3: loss = -1060.5888671875
Epoch 4: loss = -1060.5888671875
Epoch 5: loss = -1060.5888671875
Epoch 6: loss = -1060.5888671875
Epoch 7: loss = -1060.5889892578125
Epoch 8: loss = -1060.5889892578125
Early stopping at epoch 8 with loss -1060.5888671875
Reconstruction for fluence = 183298.07108324335 photons/pixel
Epoch 0: loss = 2037721856.0
Epoch 1: loss = 5010743.5
Epoch 2: loss = 4909193.0
Epoch 3: loss = 4908322.5
Epoch 4: loss = 4908317.5
Epoch 5: loss = 4908317.5
Epoch 6: loss = 4908317.5
Epoch 7: loss = 4908317.5
Epoch 8: loss = 4908317.5
Epoch 9: loss = 4908317.0
Epoch 10: loss = 4908317.0
Epoch 11: loss = 4908317.0
Epoch 12: loss = 4908317.0
Epoch 13: loss = 4908317.0
Epoch 14: loss = 4908317.0
Early stopping at epoch 14 with loss 4908317.0
Epoch 0: loss = -2818.778564453125
Epoch 1: loss = -2818.79345703125
Epoch 2: loss = -2818.793701171875
Epoch 3: loss = -2818.793701171875
Epoch 4: loss = -2818.7939453125
Epoch 5: loss = -2818.7939453125
Epoch 6: loss = -2818.7939453125
Epoch 7: loss = -2818.7939453125
Epoch 8: loss = -2818.7939453125
Epoch 9: loss = -2818.7939453125
Early stopping at epoch 9 with loss -2818.7939453125
Reconstruction for fluence = 428133.2398719387 photons/pixel
Epoch 0: loss = 4758695936.0
Epoch 1: loss = 5103034.0
Epoch 2: loss = 4905748.0
Epoch 3: loss = 4905565.0
Epoch 4: loss = 4905563.5
Epoch 5: loss = 4905562.5
Epoch 6: loss = 4905562.5
Epoch 7: loss = 4905562.5
Epoch 8: loss = 4905562.5
Epoch 9: loss = 4905562.5
Epoch 10: loss = 4905562.5
Early stopping at epoch 10 with loss 4905562.5
Epoch 0: loss = -7381.67578125
Epoch 1: loss = -7381.6826171875
Epoch 2: loss = -7381.6826171875
Epoch 3: loss = -7381.6826171875
Epoch 4: loss = -7381.68359375
Epoch 5: loss = -7381.68359375
Epoch 6: loss = -7381.68359375
Epoch 7: loss = -7381.68359375
Epoch 8: loss = -7381.68359375
Epoch 9: loss = -7381.68359375
Early stopping at epoch 9 with loss -7381.68359375
Reconstruction for fluence = 1000000.0 photons/pixel
Epoch 0: loss = 11113828352.0
Epoch 1: loss = 5142091.0
Epoch 2: loss = 4752746.0
Epoch 3: loss = 4752603.0
Epoch 4: loss = 4752603.0
Epoch 5: loss = 4752602.5
Epoch 6: loss = 4752602.5
Epoch 7: loss = 4752602.0
Epoch 8: loss = 4752602.0
Epoch 9: loss = 4752602.0
Epoch 10: loss = 4752602.0
Epoch 11: loss = 4752602.0
Epoch 12: loss = 4752602.0
Early stopping at epoch 12 with loss 4752602.0
Epoch 0: loss = -19105.474609375
Epoch 1: loss = -19105.474609375
Epoch 2: loss = -19105.474609375
Epoch 3: loss = -19105.4765625
Epoch 4: loss = -19105.4765625
Epoch 5: loss = -19105.4765625
Epoch 6: loss = -19105.4765625
Epoch 7: loss = -19105.4765625
Epoch 8: loss = -19105.4765625
Early stopping at epoch 8 with loss -19105.4765625
Simulation for principal_mode_weight=2 and n_fluences=20 completed!
