Running simulation for steps_size=4 and n_fluences=20
Steps size: 4
Tensors initialization on device cuda
Multiprobe = band_lim
torch.Size([1, 64, 64])

('MSE', None) RECONSTRUCTIONS

Reconstruction for fluence = 0.09999999999999999 photons/pixel
Epoch 0: loss = 9016.4267578125
Epoch 1: loss = 3455.826171875
Epoch 2: loss = 3455.82568359375
Epoch 3: loss = 3455.82568359375
Epoch 4: loss = 3455.825439453125
Epoch 5: loss = 3455.825439453125
Epoch 6: loss = 3455.825439453125
Epoch 7: loss = 3455.8251953125
Epoch 8: loss = 3455.8251953125
Epoch 9: loss = 3455.8251953125
Epoch 10: loss = 3455.824951171875
Epoch 11: loss = 3455.824951171875
Epoch 12: loss = 3455.824951171875
Epoch 13: loss = 3455.824951171875
Epoch 14: loss = 3455.824951171875
Epoch 15: loss = 3455.824951171875
Epoch 16: loss = 3455.824951171875
Epoch 17: loss = 3455.824951171875
Epoch 18: loss = 3455.824951171875
Early stopping at epoch 18 with loss 3455.824951171875
Reconstruction for fluence = 0.23357214690901223 photons/pixel
Epoch 0: loss = 18781.47265625
Epoch 1: loss = 7770.029296875
Epoch 2: loss = 7770.0283203125
Epoch 3: loss = 7770.0283203125
Epoch 4: loss = 7770.0283203125
Epoch 5: loss = 7770.02783203125
Epoch 6: loss = 7770.02783203125
Epoch 7: loss = 7770.0283203125
Epoch 8: loss = 7770.0283203125
Epoch 9: loss = 7770.0283203125
Epoch 10: loss = 7770.0283203125
Epoch 11: loss = 7770.0283203125
Epoch 12: loss = 7770.0283203125
Epoch 13: loss = 7770.0283203125
Early stopping at epoch 13 with loss 7770.02783203125
Reconstruction for fluence = 0.5455594781168519 photons/pixel
Epoch 0: loss = 36246.7109375
Epoch 1: loss = 16152.1787109375
Epoch 2: loss = 16152.1796875
Epoch 3: loss = 16152.1787109375
Epoch 4: loss = 16152.1796875
Epoch 5: loss = 16152.1796875
Epoch 6: loss = 16152.1787109375
Epoch 7: loss = 16152.1787109375
Epoch 8: loss = 16152.1787109375
Epoch 9: loss = 16152.1787109375
Early stopping at epoch 9 with loss 16152.1787109375
Reconstruction for fluence = 1.2742749857031335 photons/pixel
Epoch 0: loss = 62961.8515625
Epoch 1: loss = 29288.1015625
Epoch 2: loss = 29288.09765625
Epoch 3: loss = 29288.09765625
Epoch 4: loss = 29288.09765625
Epoch 5: loss = 29288.095703125
Epoch 6: loss = 29288.095703125
Epoch 7: loss = 29288.09375
Epoch 8: loss = 29288.09375
Epoch 9: loss = 29288.095703125
Epoch 10: loss = 29288.095703125
Epoch 11: loss = 29288.09375
Epoch 12: loss = 29288.09375
Epoch 13: loss = 29288.09375
Epoch 14: loss = 29288.09375
Epoch 15: loss = 29288.095703125
Early stopping at epoch 15 with loss 29288.09375
Reconstruction for fluence = 2.976351441631318 photons/pixel
Epoch 0: loss = 98318.984375
Epoch 1: loss = 44417.98046875
Epoch 2: loss = 44417.98046875
Epoch 3: loss = 44417.98046875
Epoch 4: loss = 44417.98046875
Epoch 5: loss = 44417.9765625
Epoch 6: loss = 44417.9765625
Epoch 7: loss = 44417.9765625
Epoch 8: loss = 44417.98046875
Epoch 9: loss = 44417.98046875
Epoch 10: loss = 44417.9765625
Epoch 11: loss = 44417.9765625
Epoch 12: loss = 44417.98046875
Epoch 13: loss = 44417.98046875
Early stopping at epoch 13 with loss 44417.9765625
Reconstruction for fluence = 6.9519279617756045 photons/pixel
Epoch 0: loss = 148830.375
Epoch 1: loss = 55561.33984375
Epoch 2: loss = 55561.3359375
Epoch 3: loss = 55561.3359375
Epoch 4: loss = 55561.3359375
Epoch 5: loss = 55561.3359375
Epoch 6: loss = 55561.3359375
Epoch 7: loss = 55561.3359375
Epoch 8: loss = 55561.3359375
Epoch 9: loss = 55561.3359375
Epoch 10: loss = 55561.3359375
Early stopping at epoch 10 with loss 55561.3359375
Reconstruction for fluence = 16.23776739188721 photons/pixel
Epoch 0: loss = 252099.84375
Epoch 1: loss = 65439.859375
Epoch 2: loss = 65439.85546875
Epoch 3: loss = 65439.8515625
Epoch 4: loss = 65439.8515625
Epoch 5: loss = 65439.8515625
Epoch 6: loss = 65439.8515625
Epoch 7: loss = 65439.8515625
Epoch 8: loss = 65439.8515625
Epoch 9: loss = 65439.8515625
Epoch 10: loss = 65439.8515625
Epoch 11: loss = 65439.8515625
Early stopping at epoch 11 with loss 65439.8515625
Reconstruction for fluence = 37.926901907322495 photons/pixel
Epoch 0: loss = 494537.8125
Epoch 1: loss = 80222.875
Epoch 2: loss = 80222.859375
Epoch 3: loss = 80222.859375
Epoch 4: loss = 80222.859375
Epoch 5: loss = 80222.8515625
Epoch 6: loss = 80222.8515625
Epoch 7: loss = 80222.8515625
Epoch 8: loss = 80222.8515625
Epoch 9: loss = 80222.859375
Epoch 10: loss = 80222.859375
Epoch 11: loss = 80222.859375
Epoch 12: loss = 80222.8515625
Epoch 13: loss = 80222.8515625
Early stopping at epoch 13 with loss 80222.8515625
Reconstruction for fluence = 88.58667904100822 photons/pixel
Epoch 0: loss = 1066270.5
Epoch 1: loss = 104586.140625
Epoch 2: loss = 104586.1484375
Epoch 3: loss = 104586.1484375
Epoch 4: loss = 104586.1484375
Epoch 5: loss = 104586.1484375
Epoch 6: loss = 104586.140625
Epoch 7: loss = 104586.1484375
Epoch 8: loss = 104586.1484375
Epoch 9: loss = 104586.1484375
Early stopping at epoch 9 with loss 104586.140625
Reconstruction for fluence = 206.9138081114788 photons/pixel
Epoch 0: loss = 2410427.75
Epoch 1: loss = 139943.03125
Epoch 2: loss = 139942.921875
Epoch 3: loss = 139942.921875
Epoch 4: loss = 139942.90625
Epoch 5: loss = 139942.90625
Epoch 6: loss = 139942.90625
Epoch 7: loss = 139942.90625
Epoch 8: loss = 139942.90625
Epoch 9: loss = 139942.90625
Epoch 10: loss = 139942.90625
Epoch 11: loss = 139942.90625
Epoch 12: loss = 139942.90625
Early stopping at epoch 12 with loss 139942.90625
Reconstruction for fluence = 483.2930238571752 photons/pixel
Epoch 0: loss = 5551160.0
Epoch 1: loss = 182236.75
Epoch 2: loss = 182236.75
Epoch 3: loss = 182236.75
Epoch 4: loss = 182236.75
Epoch 5: loss = 182236.75
Epoch 6: loss = 182236.75
Epoch 7: loss = 182236.75
Epoch 8: loss = 182236.75
Epoch 9: loss = 182236.75
Early stopping at epoch 9 with loss 182236.75
Reconstruction for fluence = 1128.8378916846884 photons/pixel
Epoch 0: loss = 12891441.0
Epoch 1: loss = 228879.5
Epoch 2: loss = 228879.34375
Epoch 3: loss = 228879.328125
Epoch 4: loss = 228879.328125
Epoch 5: loss = 228879.328125
Epoch 6: loss = 228879.328125
Epoch 7: loss = 228879.328125
Epoch 8: loss = 228879.328125
Epoch 9: loss = 228879.328125
Epoch 10: loss = 228879.328125
Epoch 11: loss = 228879.328125
Early stopping at epoch 11 with loss 228879.328125
Reconstruction for fluence = 2636.6508987303555 photons/pixel
Epoch 0: loss = 30020400.0
Epoch 1: loss = 268923.9375
Epoch 2: loss = 268923.9375
Epoch 3: loss = 268923.9375
Epoch 4: loss = 268923.9375
Epoch 5: loss = 268923.90625
Epoch 6: loss = 268923.90625
Epoch 7: loss = 268923.9375
Epoch 8: loss = 268923.9375
Epoch 9: loss = 268923.9375
Epoch 10: loss = 268923.9375
Epoch 11: loss = 268923.9375
Epoch 12: loss = 268923.9375
Epoch 13: loss = 268923.9375
Early stopping at epoch 13 with loss 268923.90625
Reconstruction for fluence = 6158.482110660255 photons/pixel
Epoch 0: loss = 70067432.0
Epoch 1: loss = 295280.375
Epoch 2: loss = 295280.375
Epoch 3: loss = 295280.375
Epoch 4: loss = 295280.375
Epoch 5: loss = 295280.375
Epoch 6: loss = 295280.375
Epoch 7: loss = 295280.375
Epoch 8: loss = 295280.375
Epoch 9: loss = 295280.375
Early stopping at epoch 9 with loss 295280.375
Reconstruction for fluence = 14384.498882876629 photons/pixel
Epoch 0: loss = 163601280.0
Epoch 1: loss = 303905.1875
Epoch 2: loss = 303905.1875
Epoch 3: loss = 303905.1875
Epoch 4: loss = 303905.1875
Epoch 5: loss = 303905.1875
Epoch 6: loss = 303905.1875
Epoch 7: loss = 303905.1875
Epoch 8: loss = 303905.1875
Epoch 9: loss = 303905.1875
Early stopping at epoch 9 with loss 303905.1875
Reconstruction for fluence = 33598.18286283781 photons/pixel
Epoch 0: loss = 382071648.0
Epoch 1: loss = 299949.1875
Epoch 2: loss = 299949.1875
Epoch 3: loss = 299949.1875
Epoch 4: loss = 299949.1875
Epoch 5: loss = 299949.1875
Epoch 6: loss = 299949.1875
Epoch 7: loss = 299949.1875
Epoch 8: loss = 299949.1875
Epoch 9: loss = 299949.15625
Epoch 10: loss = 299949.1875
Epoch 11: loss = 299949.1875
Epoch 12: loss = 299949.1875
Epoch 13: loss = 299949.15625
Epoch 14: loss = 299949.1875
Epoch 15: loss = 299949.15625
Epoch 16: loss = 299949.15625
Epoch 17: loss = 299949.15625
Early stopping at epoch 17 with loss 299949.15625
Reconstruction for fluence = 78475.99703514607 photons/pixel
Epoch 0: loss = 892327680.0
Epoch 1: loss = 289372.3125
Epoch 2: loss = 289372.28125
Epoch 3: loss = 289372.28125
Epoch 4: loss = 289372.28125
Epoch 5: loss = 289372.3125
Epoch 6: loss = 289372.28125
Epoch 7: loss = 289372.28125
Epoch 8: loss = 289372.28125
Epoch 9: loss = 289372.28125
Epoch 10: loss = 289372.28125
Early stopping at epoch 10 with loss 289372.28125
Reconstruction for fluence = 183298.07108324335 photons/pixel
Epoch 0: loss = 2084086016.0
Epoch 1: loss = 279739.15625
Epoch 2: loss = 279739.15625
Epoch 3: loss = 279739.15625
Epoch 4: loss = 279739.15625
Epoch 5: loss = 279739.15625
Epoch 6: loss = 279739.15625
Epoch 7: loss = 279739.15625
Epoch 8: loss = 279739.15625
Epoch 9: loss = 279739.15625
Early stopping at epoch 9 with loss 279739.15625
Reconstruction for fluence = 428133.2398719387 photons/pixel
Epoch 0: loss = 4867947008.0
Epoch 1: loss = 270716.0625
Epoch 2: loss = 270716.0625
Epoch 3: loss = 270716.0625
Epoch 4: loss = 270716.0625
Epoch 5: loss = 270716.0625
Epoch 6: loss = 270716.0625
Epoch 7: loss = 270716.0625
Epoch 8: loss = 270716.0625
Epoch 9: loss = 270716.0625
Early stopping at epoch 9 with loss 270716.0625
Reconstruction for fluence = 1000000.0 photons/pixel
Epoch 0: loss = 11370375168.0
Epoch 1: loss = 464984.59375
Epoch 2: loss = 265826.03125
Epoch 3: loss = 265826.0
Epoch 4: loss = 265826.0
Epoch 5: loss = 265826.0
Epoch 6: loss = 265826.0
Epoch 7: loss = 265826.0
Epoch 8: loss = 265826.0
Epoch 9: loss = 265826.0
Epoch 10: loss = 265826.0
Epoch 11: loss = 265826.0
Early stopping at epoch 11 with loss 265826.0
Tensors initialization on device cuda
Multiprobe = band_lim
torch.Size([1, 64, 64])

('MSE', 'PoissonNLL') RECONSTRUCTIONS

Reconstruction for fluence = 0.09999999999999999 photons/pixel
Epoch 0: loss = 9080.2021484375
Epoch 1: loss = 3509.327392578125
Epoch 2: loss = 3509.32666015625
Epoch 3: loss = 3509.326416015625
Epoch 4: loss = 3509.326416015625
Epoch 5: loss = 3509.326416015625
Epoch 6: loss = 3509.32666015625
Epoch 7: loss = 3509.326416015625
Epoch 8: loss = 3509.326416015625
Epoch 9: loss = 3509.32666015625
Epoch 10: loss = 3509.326416015625
Epoch 11: loss = 3509.326416015625
Early stopping at epoch 11 with loss 3509.326416015625
Epoch 0: loss = 0.022410741075873375
Epoch 1: loss = 0.022399641573429108
Epoch 2: loss = 0.02238859236240387
Epoch 3: loss = 0.02237759158015251
Epoch 4: loss = 0.022366635501384735
Epoch 5: loss = 0.02235572785139084
Epoch 6: loss = 0.022344868630170822
Epoch 7: loss = 0.022334054112434387
Epoch 8: loss = 0.022323284298181534
Early stopping at epoch 8 with loss 0.022410741075873375
Reconstruction for fluence = 0.23357214690901223 photons/pixel
Epoch 0: loss = 18862.87890625
Epoch 1: loss = 7767.95849609375
Epoch 2: loss = 7767.95849609375
Epoch 3: loss = 7767.95849609375
Epoch 4: loss = 7767.95849609375
Epoch 5: loss = 7767.95849609375
Epoch 6: loss = 7767.95849609375
Epoch 7: loss = 7767.95849609375
Epoch 8: loss = 7767.95849609375
Epoch 9: loss = 7767.95849609375
Early stopping at epoch 9 with loss 7767.95849609375
Epoch 0: loss = 0.04023667797446251
Epoch 1: loss = 0.028075754642486572
Epoch 2: loss = 0.028075754642486572
Epoch 3: loss = 0.028075754642486572
Epoch 4: loss = 0.028075754642486572
Epoch 5: loss = 0.028075754642486572
Epoch 6: loss = 0.028075754642486572
Epoch 7: loss = 0.028075754642486572
Epoch 8: loss = 0.028075754642486572
Epoch 9: loss = 0.028075754642486572
Early stopping at epoch 9 with loss 0.028075754642486572
Reconstruction for fluence = 0.5455594781168519 photons/pixel
Epoch 0: loss = 36605.78125
Epoch 1: loss = 16200.48828125
Epoch 2: loss = 16200.48828125
Epoch 3: loss = 16200.48828125
Epoch 4: loss = 16200.4873046875
Epoch 5: loss = 16200.484375
Epoch 6: loss = 16200.484375
Epoch 7: loss = 16200.482421875
Epoch 8: loss = 16200.482421875
Epoch 9: loss = 16200.482421875
Epoch 10: loss = 16200.482421875
Epoch 11: loss = 16200.482421875
Epoch 12: loss = 16200.482421875
Epoch 13: loss = 16200.482421875
Epoch 14: loss = 16200.482421875
Epoch 0: loss = 0.06743624806404114
Epoch 1: loss = 0.05072928965091705
Epoch 2: loss = 0.05072928965091705
Epoch 3: loss = 0.05072928965091705
Epoch 4: loss = 0.05072928965091705
Epoch 5: loss = 0.05072928965091705
Epoch 6: loss = 0.05072928965091705
Epoch 7: loss = 0.05072928965091705
Epoch 8: loss = 0.05072928965091705
Epoch 9: loss = 0.05072928965091705
Early stopping at epoch 9 with loss 0.05072928965091705
Reconstruction for fluence = 1.2742749857031335 photons/pixel
Epoch 0: loss = 63964.25
Epoch 1: loss = 29613.14453125
Epoch 2: loss = 29613.14453125
Epoch 3: loss = 29613.14453125
Epoch 4: loss = 29613.14453125
Epoch 5: loss = 29613.14453125
Epoch 6: loss = 29613.14453125
Epoch 7: loss = 29613.14453125
Epoch 8: loss = 29613.14453125
Epoch 9: loss = 29613.14453125
Early stopping at epoch 9 with loss 29613.14453125
Epoch 0: loss = 0.1001075804233551
Epoch 1: loss = 0.08196736872196198
Epoch 2: loss = 0.0819648951292038
Epoch 3: loss = 0.0819648951292038
Epoch 4: loss = 0.0819648951292038
Epoch 5: loss = 0.0819648951292038
Epoch 6: loss = 0.0819648951292038
Epoch 7: loss = 0.0819648951292038
Epoch 8: loss = 0.0819648951292038
Epoch 9: loss = 0.0819648951292038
Early stopping at epoch 9 with loss 0.08196736872196198
Reconstruction for fluence = 2.976351441631318 photons/pixel
Epoch 0: loss = 99460.0
Epoch 1: loss = 44962.1171875
Epoch 2: loss = 44962.11328125
Epoch 3: loss = 44962.1171875
Epoch 4: loss = 44962.1171875
Epoch 5: loss = 44962.1171875
Epoch 6: loss = 44962.1171875
Epoch 7: loss = 44962.1171875
Epoch 8: loss = 44962.1171875
Epoch 9: loss = 44962.1171875
Epoch 10: loss = 44962.1171875
Early stopping at epoch 10 with loss 44962.11328125
Epoch 0: loss = 0.12009619176387787
Epoch 1: loss = 0.10423573106527328
Epoch 2: loss = 0.10422956198453903
Epoch 3: loss = 0.10422956198453903
Epoch 4: loss = 0.10422956198453903
Epoch 5: loss = 0.10422956198453903
Epoch 6: loss = 0.10422956198453903
Epoch 7: loss = 0.10422956198453903
Epoch 8: loss = 0.10422956198453903
Epoch 9: loss = 0.10422956198453903
Early stopping at epoch 9 with loss 0.10423573106527328
Reconstruction for fluence = 6.9519279617756045 photons/pixel
Epoch 0: loss = 149668.578125
Epoch 1: loss = 55803.46484375
Epoch 2: loss = 55803.4609375
Epoch 3: loss = 55803.4609375
Epoch 4: loss = 55803.4609375
Epoch 5: loss = 55803.4609375
Epoch 6: loss = 55803.4609375
Epoch 7: loss = 55803.4609375
Epoch 8: loss = 55803.4609375
Epoch 9: loss = 55803.4609375
Epoch 10: loss = 55803.4609375
Early stopping at epoch 10 with loss 55803.4609375
Epoch 0: loss = 0.052211448550224304
Epoch 1: loss = 0.038418956100940704
Epoch 2: loss = 0.03839879482984543
Epoch 3: loss = 0.03839633986353874
Epoch 4: loss = 0.038395728915929794
Epoch 5: loss = 0.038395728915929794
Epoch 6: loss = 0.038395728915929794
Epoch 7: loss = 0.038395728915929794
Epoch 8: loss = 0.038395728915929794
Epoch 9: loss = 0.038395728915929794
Early stopping at epoch 9 with loss 0.038418956100940704
Reconstruction for fluence = 16.23776739188721 photons/pixel
Epoch 0: loss = 249302.9375
Epoch 1: loss = 64318.45703125
Epoch 2: loss = 64318.453125
Epoch 3: loss = 64318.453125
Epoch 4: loss = 64318.453125
Epoch 5: loss = 64318.453125
Epoch 6: loss = 64318.453125
Epoch 7: loss = 64318.44921875
Epoch 8: loss = 64318.44921875
Epoch 9: loss = 64318.44921875
Epoch 10: loss = 64318.44921875
Epoch 11: loss = 64318.453125
Epoch 12: loss = 64318.453125
Epoch 13: loss = 64318.44921875
Epoch 14: loss = 64318.44921875
Epoch 0: loss = -0.37336909770965576
Epoch 1: loss = -0.3905509412288666
Epoch 2: loss = -0.39056646823883057
Epoch 3: loss = -0.39056968688964844
Epoch 4: loss = -0.3905697464942932
Epoch 5: loss = -0.390569806098938
Epoch 6: loss = -0.390569806098938
Epoch 7: loss = -0.3905698359012604
Epoch 8: loss = -0.3905698359012604
Epoch 9: loss = -0.3905705213546753
Early stopping at epoch 9 with loss -0.3905509412288666
Reconstruction for fluence = 37.926901907322495 photons/pixel
Epoch 0: loss = 486946.59375
Epoch 1: loss = 78659.640625
Epoch 2: loss = 78659.640625
Epoch 3: loss = 78659.6328125
Epoch 4: loss = 78659.6328125
Epoch 5: loss = 78659.6328125
Epoch 6: loss = 78659.625
Epoch 7: loss = 78659.625
Epoch 8: loss = 78659.625
Epoch 9: loss = 78659.6328125
Epoch 10: loss = 78659.6328125
Epoch 11: loss = 78659.6328125
Epoch 12: loss = 78659.625
Epoch 13: loss = 78659.625
Epoch 14: loss = 78659.625
Early stopping at epoch 14 with loss 78659.625
Epoch 0: loss = -2.0169191360473633
Epoch 1: loss = -2.040919065475464
Epoch 2: loss = -2.040921688079834
Epoch 3: loss = -2.040923833847046
Epoch 4: loss = -2.040924310684204
Epoch 5: loss = -2.040924310684204
Epoch 6: loss = -2.040924549102783
Epoch 7: loss = -2.040924549102783
Epoch 8: loss = -2.040924549102783
Epoch 9: loss = -2.040924549102783
Early stopping at epoch 9 with loss -2.040919065475464
Reconstruction for fluence = 88.58667904100822 photons/pixel
Epoch 0: loss = 1053025.125
Epoch 1: loss = 104059.34375
Epoch 2: loss = 104059.3359375
Epoch 3: loss = 104059.3359375
Epoch 4: loss = 104059.3359375
Epoch 5: loss = 104059.3359375
Epoch 6: loss = 104059.3359375
Epoch 7: loss = 104059.3359375
Epoch 8: loss = 104059.3359375
Epoch 9: loss = 104059.3359375
Epoch 10: loss = 104059.3359375
Early stopping at epoch 10 with loss 104059.3359375
Epoch 0: loss = -7.383669376373291
Epoch 1: loss = -7.416300296783447
Epoch 2: loss = -7.416300296783447
Epoch 3: loss = -7.416301250457764
Epoch 4: loss = -7.416301250457764
Epoch 5: loss = -7.416301727294922
Epoch 6: loss = -7.416301727294922
Epoch 7: loss = -7.416301727294922
Epoch 8: loss = -7.41630220413208
Epoch 9: loss = -7.41630220413208
Early stopping at epoch 9 with loss -7.416300296783447
Reconstruction for fluence = 206.9138081114788 photons/pixel
Epoch 0: loss = 2376774.75
Epoch 1: loss = 138091.8125
Epoch 2: loss = 138091.75
Epoch 3: loss = 138091.75
Epoch 4: loss = 138091.75
Epoch 5: loss = 138091.75
Epoch 6: loss = 138091.75
Epoch 7: loss = 138091.75
Epoch 8: loss = 138091.75
Epoch 9: loss = 138091.75
Epoch 10: loss = 138091.75
Early stopping at epoch 10 with loss 138091.75
Epoch 0: loss = -23.438310623168945
Epoch 1: loss = -23.478057861328125
Epoch 2: loss = -23.478057861328125
Epoch 3: loss = -23.47806167602539
Epoch 4: loss = -23.47806167602539
Epoch 5: loss = -23.47806167602539
Epoch 6: loss = -23.47806167602539
Epoch 7: loss = -23.47806167602539
Epoch 8: loss = -23.47806167602539
Epoch 9: loss = -23.47806167602539
Early stopping at epoch 9 with loss -23.478057861328125
Reconstruction for fluence = 483.2930238571752 photons/pixel
Epoch 0: loss = 5483086.0
Epoch 1: loss = 181670.84375
Epoch 2: loss = 181670.828125
Epoch 3: loss = 181670.8125
Epoch 4: loss = 181670.8125
Epoch 5: loss = 181670.8125
Epoch 6: loss = 181670.8125
Epoch 7: loss = 181670.8125
Epoch 8: loss = 181670.8125
Epoch 9: loss = 181670.8125
Epoch 10: loss = 181670.8125
Epoch 11: loss = 181670.8125
Early stopping at epoch 11 with loss 181670.8125
Epoch 0: loss = -69.16769409179688
Epoch 1: loss = -69.21099090576172
Epoch 2: loss = -69.21099853515625
Epoch 3: loss = -69.21099853515625
Epoch 4: loss = -69.21099853515625
Epoch 5: loss = -69.21099853515625
Epoch 6: loss = -69.21099853515625
Epoch 7: loss = -69.21099853515625
Epoch 8: loss = -69.21099853515625
Epoch 9: loss = -69.21099853515625
Early stopping at epoch 9 with loss -69.21099090576172
Reconstruction for fluence = 1128.8378916846884 photons/pixel
Epoch 0: loss = 12725280.0
Epoch 1: loss = 228148.59375
Epoch 2: loss = 228148.59375
Epoch 3: loss = 228148.59375
Epoch 4: loss = 228148.59375
Epoch 5: loss = 228148.59375
Epoch 6: loss = 228148.59375
Epoch 7: loss = 228148.59375
Epoch 8: loss = 228148.59375
Epoch 9: loss = 228148.59375
Early stopping at epoch 9 with loss 228148.59375
Epoch 0: loss = -195.39422607421875
Epoch 1: loss = -195.43470764160156
Epoch 2: loss = -195.43470764160156
Epoch 3: loss = -195.43470764160156
Epoch 4: loss = -195.43470764160156
Epoch 5: loss = -195.43470764160156
Epoch 6: loss = -195.43470764160156
Epoch 7: loss = -195.43470764160156
Epoch 8: loss = -195.43472290039062
Epoch 9: loss = -195.43470764160156
Early stopping at epoch 9 with loss -195.43470764160156
Reconstruction for fluence = 2636.6508987303555 photons/pixel
Epoch 0: loss = 29646004.0
Epoch 1: loss = 269426.625
Epoch 2: loss = 269426.59375
Epoch 3: loss = 269426.59375
Epoch 4: loss = 269426.625
Epoch 5: loss = 269426.625
Epoch 6: loss = 269426.625
Epoch 7: loss = 269426.625
Epoch 8: loss = 269426.625
Epoch 9: loss = 269426.625
Epoch 10: loss = 269426.625
Early stopping at epoch 10 with loss 269426.59375
Epoch 0: loss = -535.0393676757812
Epoch 1: loss = -535.0714111328125
Epoch 2: loss = -535.0714111328125
Epoch 3: loss = -535.0714111328125
Epoch 4: loss = -535.0714111328125
Epoch 5: loss = -535.0714111328125
Epoch 6: loss = -535.0714111328125
Epoch 7: loss = -535.0714111328125
Epoch 8: loss = -535.0714111328125
Epoch 9: loss = -535.0714111328125
Early stopping at epoch 9 with loss -535.0714111328125
Reconstruction for fluence = 6158.482110660255 photons/pixel
Epoch 0: loss = 69155664.0
Epoch 1: loss = 295797.9375
Epoch 2: loss = 295797.9375
Epoch 3: loss = 295797.9375
Epoch 4: loss = 295797.9375
Epoch 5: loss = 295797.9375
Epoch 6: loss = 295797.9375
Epoch 7: loss = 295797.9375
Epoch 8: loss = 295797.9375
Epoch 9: loss = 295797.9375
Early stopping at epoch 9 with loss 295797.9375
Epoch 0: loss = -1433.509521484375
Epoch 1: loss = -1433.530517578125
Epoch 2: loss = -1433.530517578125
Epoch 3: loss = -1433.530517578125
Epoch 4: loss = -1433.530517578125
Epoch 5: loss = -1433.530517578125
Epoch 6: loss = -1433.530517578125
Epoch 7: loss = -1433.530517578125
Epoch 8: loss = -1433.530517578125
Epoch 9: loss = -1433.530517578125
Early stopping at epoch 9 with loss -1433.530517578125
Reconstruction for fluence = 14384.498882876629 photons/pixel
Epoch 0: loss = 161479232.0
Epoch 1: loss = 304547.125
Epoch 2: loss = 304547.09375
Epoch 3: loss = 304547.09375
Epoch 4: loss = 304547.0625
Epoch 5: loss = 304547.0625
Epoch 6: loss = 304547.09375
Epoch 7: loss = 304547.09375
Epoch 8: loss = 304547.09375
Epoch 9: loss = 304547.09375
Epoch 10: loss = 304547.0625
Epoch 11: loss = 304547.0625
Epoch 12: loss = 304547.0625
Early stopping at epoch 12 with loss 304547.0625
Epoch 0: loss = -3777.13134765625
Epoch 1: loss = -3777.14306640625
Epoch 2: loss = -3777.142822265625
Epoch 3: loss = -3777.142822265625
Epoch 4: loss = -3777.142822265625
Epoch 5: loss = -3777.142822265625
Epoch 6: loss = -3777.142822265625
Epoch 7: loss = -3777.142822265625
Epoch 8: loss = -3777.142822265625
Epoch 9: loss = -3777.142822265625
Early stopping at epoch 9 with loss -3777.14306640625
Reconstruction for fluence = 33598.18286283781 photons/pixel
Epoch 0: loss = 377114560.0
Epoch 1: loss = 299990.5625
Epoch 2: loss = 299990.5625
Epoch 3: loss = 299990.5625
Epoch 4: loss = 299990.5625
Epoch 5: loss = 299990.5625
Epoch 6: loss = 299990.5625
Epoch 7: loss = 299990.5625
Epoch 8: loss = 299990.5625
Epoch 9: loss = 299990.5625
Early stopping at epoch 9 with loss 299990.5625
Epoch 0: loss = -9823.9599609375
Epoch 1: loss = -9823.96484375
Epoch 2: loss = -9823.96484375
Epoch 3: loss = -9823.96484375
Epoch 4: loss = -9823.96484375
Epoch 5: loss = -9823.96484375
Epoch 6: loss = -9823.96484375
Epoch 7: loss = -9823.96484375
Epoch 8: loss = -9823.96484375
Epoch 9: loss = -9823.96484375
Early stopping at epoch 9 with loss -9823.96484375
Reconstruction for fluence = 78475.99703514607 photons/pixel
Epoch 0: loss = 880737472.0
Epoch 1: loss = 290360.0
Epoch 2: loss = 290359.96875
Epoch 3: loss = 290359.96875
Epoch 4: loss = 290359.9375
Epoch 5: loss = 290359.9375
Epoch 6: loss = 290359.9375
Epoch 7: loss = 290359.96875
Epoch 8: loss = 290359.9375
Epoch 9: loss = 290359.9375
Epoch 10: loss = 290359.96875
Epoch 11: loss = 290359.96875
Epoch 12: loss = 290359.9375
Early stopping at epoch 12 with loss 290359.9375
Epoch 0: loss = -25287.7890625
Epoch 1: loss = -25287.791015625
Epoch 2: loss = -25287.791015625
Epoch 3: loss = -25287.791015625
Epoch 4: loss = -25287.791015625
Epoch 5: loss = -25287.791015625
Epoch 6: loss = -25287.791015625
Epoch 7: loss = -25287.791015625
Epoch 8: loss = -25287.791015625
Epoch 9: loss = -25287.791015625
Early stopping at epoch 9 with loss -25287.791015625
Reconstruction for fluence = 183298.07108324335 photons/pixel
Epoch 0: loss = 2057097600.0
Epoch 1: loss = 279197.8125
Epoch 2: loss = 279197.8125
Epoch 3: loss = 279197.8125
Epoch 4: loss = 279197.8125
Epoch 5: loss = 279197.8125
Epoch 6: loss = 279197.8125
Epoch 7: loss = 279197.8125
Epoch 8: loss = 279197.8125
Epoch 9: loss = 279197.8125
Early stopping at epoch 9 with loss 279197.8125
Epoch 0: loss = -64530.94921875
Epoch 1: loss = -64530.94921875
Epoch 2: loss = -64530.94921875
Epoch 3: loss = -64530.94921875
Epoch 4: loss = -64530.94921875
Epoch 5: loss = -64530.94921875
Epoch 6: loss = -64530.94921875
Epoch 7: loss = -64530.94921875
Epoch 8: loss = -64530.94921875
Early stopping at epoch 8 with loss -64530.94921875
Reconstruction for fluence = 428133.2398719387 photons/pixel
Epoch 0: loss = 4804818432.0
Epoch 1: loss = 271198.0
Epoch 2: loss = 271198.0
Epoch 3: loss = 271198.03125
Epoch 4: loss = 271198.03125
Epoch 5: loss = 271198.03125
Epoch 6: loss = 271198.0
Epoch 7: loss = 271198.0
Epoch 8: loss = 271198.0
Epoch 9: loss = 271198.0
Early stopping at epoch 9 with loss 271198.0
Epoch 0: loss = -163492.59375
Epoch 1: loss = -163492.59375
Epoch 2: loss = -163492.59375
Epoch 3: loss = -163492.59375
Epoch 4: loss = -163492.59375
Epoch 5: loss = -163492.59375
Epoch 6: loss = -163492.59375
Epoch 7: loss = -163492.59375
Epoch 8: loss = -163492.59375
Early stopping at epoch 8 with loss -163492.59375
Reconstruction for fluence = 1000000.0 photons/pixel
Epoch 0: loss = 11222511616.0
Epoch 1: loss = 177457664.0
Epoch 2: loss = 266582.78125
Epoch 3: loss = 266582.78125
Epoch 4: loss = 266582.78125
Epoch 5: loss = 266582.78125
Epoch 6: loss = 266582.78125
Epoch 7: loss = 266582.78125
Epoch 8: loss = 266582.75
Epoch 9: loss = 266582.78125
Epoch 10: loss = 266582.78125
Epoch 11: loss = 266582.8125
Epoch 12: loss = 266582.78125
Epoch 13: loss = 266582.78125
Epoch 14: loss = 266582.78125
Epoch 0: loss = -411700.40625
Epoch 1: loss = -411700.375
Epoch 2: loss = -411700.375
Epoch 3: loss = -411700.375
Epoch 4: loss = -411700.375
Epoch 5: loss = -411700.375
Epoch 6: loss = -411700.375
Epoch 7: loss = -411700.375
Epoch 8: loss = -411700.375
Early stopping at epoch 8 with loss -411700.40625
Simulation for steps_size=4 and n_fluences=20 completed!
