Running simulation for steps_size=9 and n_fluences=20
Steps size: 9
Tensors initialization on device cuda
Multiprobe = None

('MSE', None) RECONSTRUCTIONS

Reconstruction for fluence = 0.09999999999999999 photons/pixel
Epoch 0: loss = 0.016477981582283974
Epoch 1: loss = 0.016476832330226898
Epoch 2: loss = 0.016475681215524673
Epoch 3: loss = 0.016474533826112747
Epoch 4: loss = 0.01647338643670082
Epoch 5: loss = 0.016472239047288895
Early stopping at epoch 5 with loss 0.016477981582283974
Reconstruction for fluence = 0.23357214690901223 photons/pixel
Epoch 0: loss = 0.04480278491973877
Epoch 1: loss = 0.03037278912961483
Epoch 2: loss = 0.030364301055669785
Epoch 3: loss = 0.030364301055669785
Epoch 4: loss = 0.030364301055669785
Epoch 5: loss = 0.030364301055669785
Epoch 6: loss = 0.030364301055669785
Early stopping at epoch 6 with loss 0.03037278912961483
Reconstruction for fluence = 0.5455594781168519 photons/pixel
Epoch 0: loss = 0.13950815796852112
Epoch 1: loss = 0.07035055756568909
Epoch 2: loss = 0.07033209502696991
Epoch 3: loss = 0.07033202797174454
Epoch 4: loss = 0.07033202797174454
Epoch 5: loss = 0.07033202797174454
Epoch 6: loss = 0.07033202797174454
Early stopping at epoch 6 with loss 0.07035055756568909
Reconstruction for fluence = 1.2742749857031335 photons/pixel
Epoch 0: loss = 0.5187507271766663
Epoch 1: loss = 0.1607426106929779
Epoch 2: loss = 0.16065749526023865
Epoch 3: loss = 0.16065561771392822
Epoch 4: loss = 0.1606554388999939
Epoch 5: loss = 0.1606554388999939
Epoch 6: loss = 0.1606554388999939
Early stopping at epoch 6 with loss 0.1607426106929779
Reconstruction for fluence = 2.976351441631318 photons/pixel
Epoch 0: loss = 2.262085437774658
Epoch 1: loss = 0.3752635717391968
Epoch 2: loss = 0.37471216917037964
Epoch 3: loss = 0.3747027814388275
Epoch 4: loss = 0.3747023344039917
Epoch 5: loss = 0.3747020959854126
Epoch 6: loss = 0.3747020363807678
Epoch 7: loss = 0.37470200657844543
Early stopping at epoch 7 with loss 0.37471216917037964
Reconstruction for fluence = 6.9519279617756045 photons/pixel
Epoch 0: loss = 11.09130859375
Epoch 1: loss = 0.8706917762756348
Epoch 2: loss = 0.868452250957489
Epoch 3: loss = 0.868380606174469
Epoch 4: loss = 0.8683744072914124
Epoch 5: loss = 0.8683739900588989
Epoch 6: loss = 0.8683739900588989
Epoch 7: loss = 0.8683738708496094
Early stopping at epoch 7 with loss 0.868452250957489
Reconstruction for fluence = 16.23776739188721 photons/pixel
Epoch 0: loss = 57.449241638183594
Epoch 1: loss = 2.054047107696533
Epoch 2: loss = 2.0451321601867676
Epoch 3: loss = 2.044766902923584
Epoch 4: loss = 2.044726610183716
Epoch 5: loss = 2.04472017288208
Epoch 6: loss = 2.04472017288208
Epoch 7: loss = 2.044719696044922
Epoch 8: loss = 2.0447192192077637
Early stopping at epoch 8 with loss 2.044766902923584
Reconstruction for fluence = 37.926901907322495 photons/pixel
Epoch 0: loss = 306.7541198730469
Epoch 1: loss = 4.795238018035889
Epoch 2: loss = 4.740683555603027
Epoch 3: loss = 4.738344192504883
Epoch 4: loss = 4.738032341003418
Epoch 5: loss = 4.737975120544434
Epoch 6: loss = 4.737964630126953
Epoch 7: loss = 4.73796272277832
Epoch 8: loss = 4.7379608154296875
Epoch 9: loss = 4.737959861755371
Early stopping at epoch 9 with loss 4.738032341003418
Reconstruction for fluence = 88.58667904100822 photons/pixel
Epoch 0: loss = 1654.630615234375
Epoch 1: loss = 11.259786605834961
Epoch 2: loss = 11.092081069946289
Epoch 3: loss = 11.080400466918945
Epoch 4: loss = 11.078523635864258
Epoch 5: loss = 11.078131675720215
Epoch 6: loss = 11.078109741210938
Epoch 7: loss = 11.078025817871094
Epoch 8: loss = 11.07801628112793
Epoch 9: loss = 11.078012466430664
Epoch 10: loss = 11.078009605407715
Epoch 11: loss = 11.078004837036133
Epoch 12: loss = 11.077999114990234
Early stopping at epoch 12 with loss 11.078025817871094
Reconstruction for fluence = 206.9138081114788 photons/pixel
Epoch 0: loss = 8990.671875
Epoch 1: loss = 26.962980270385742
Epoch 2: loss = 26.173809051513672
Epoch 3: loss = 26.118091583251953
Epoch 4: loss = 26.106769561767578
Epoch 5: loss = 26.104297637939453
Epoch 6: loss = 26.103593826293945
Epoch 7: loss = 26.10336685180664
Epoch 8: loss = 26.103252410888672
Epoch 9: loss = 26.10321044921875
Epoch 10: loss = 26.10320281982422
Epoch 11: loss = 26.103195190429688
Epoch 12: loss = 26.103191375732422
Epoch 13: loss = 26.103191375732422
Early stopping at epoch 13 with loss 26.103252410888672
Reconstruction for fluence = 483.2930238571752 photons/pixel
Epoch 0: loss = 48989.015625
Epoch 1: loss = 64.27591705322266
Epoch 2: loss = 59.81083297729492
Epoch 3: loss = 59.53768539428711
Epoch 4: loss = 59.479820251464844
Epoch 5: loss = 59.464599609375
Epoch 6: loss = 59.46052551269531
Epoch 7: loss = 59.458988189697266
Epoch 8: loss = 59.458309173583984
Epoch 9: loss = 59.45795440673828
Epoch 10: loss = 59.45789337158203
Epoch 11: loss = 59.457847595214844
Epoch 12: loss = 59.45783233642578
Epoch 13: loss = 59.457801818847656
Epoch 14: loss = 59.457794189453125
Epoch 15: loss = 59.45777893066406
Epoch 16: loss = 59.457767486572266
Early stopping at epoch 16 with loss 59.457847595214844
Reconstruction for fluence = 1128.8378916846884 photons/pixel
Epoch 0: loss = 266956.5
Epoch 1: loss = 170.69517517089844
Epoch 2: loss = 141.4981689453125
Epoch 3: loss = 140.07681274414062
Epoch 4: loss = 139.76242065429688
Epoch 5: loss = 139.66607666015625
Epoch 6: loss = 139.63954162597656
Epoch 7: loss = 139.629150390625
Epoch 8: loss = 139.62451171875
Epoch 9: loss = 139.622314453125
Epoch 10: loss = 139.621337890625
Epoch 11: loss = 139.62127685546875
Epoch 12: loss = 139.62112426757812
Epoch 13: loss = 139.62100219726562
Epoch 14: loss = 139.62094116210938
Epoch 15: loss = 139.62094116210938
Epoch 16: loss = 139.620849609375
Epoch 17: loss = 139.62081909179688
Epoch 18: loss = 139.62078857421875
Epoch 19: loss = 139.62075805664062
Epoch 20: loss = 139.62075805664062
Epoch 21: loss = 139.6207275390625
Epoch 22: loss = 139.6207275390625
Epoch 23: loss = 139.62069702148438
Epoch 24: loss = 139.62066650390625
Epoch 25: loss = 139.62063598632812
Epoch 26: loss = 139.62063598632812
Early stopping at epoch 26 with loss 139.6207275390625
Reconstruction for fluence = 2636.6508987303555 photons/pixel
Epoch 0: loss = 1454922.875
Epoch 1: loss = 497.68951416015625
Epoch 2: loss = 341.95892333984375
Epoch 3: loss = 334.8240051269531
Epoch 4: loss = 333.18011474609375
Epoch 5: loss = 332.68475341796875
Epoch 6: loss = 332.5414733886719
Epoch 7: loss = 332.4764404296875
Epoch 8: loss = 332.45074462890625
Epoch 9: loss = 332.4378662109375
Epoch 10: loss = 332.43170166015625
Epoch 11: loss = 332.42901611328125
Epoch 12: loss = 332.42779541015625
Epoch 13: loss = 332.4268798828125
Epoch 14: loss = 332.4268493652344
Epoch 15: loss = 332.4267578125
Epoch 16: loss = 332.4266052246094
Epoch 17: loss = 332.426513671875
Epoch 18: loss = 332.42645263671875
Epoch 19: loss = 332.4263916015625
Epoch 20: loss = 332.4263916015625
Epoch 21: loss = 332.4263916015625
Epoch 22: loss = 332.42626953125
Epoch 23: loss = 332.42626953125
Epoch 24: loss = 332.42626953125
Epoch 25: loss = 332.42620849609375
Epoch 26: loss = 332.4261474609375
Epoch 27: loss = 332.4261169433594
Epoch 28: loss = 332.426025390625
Epoch 29: loss = 332.426025390625
Epoch 30: loss = 332.426025390625
Epoch 31: loss = 332.42596435546875
Epoch 32: loss = 332.42596435546875
Epoch 33: loss = 332.42596435546875
Early stopping at epoch 33 with loss 332.426025390625
Reconstruction for fluence = 6158.482110660255 photons/pixel
Epoch 0: loss = 7941712.0
Epoch 1: loss = 1602.502197265625
Epoch 2: loss = 802.677490234375
Epoch 3: loss = 766.2833251953125
Epoch 4: loss = 756.5875854492188
Epoch 5: loss = 753.7129516601562
Epoch 6: loss = 752.9029541015625
Epoch 7: loss = 752.58154296875
Epoch 8: loss = 752.4280395507812
Epoch 9: loss = 752.3477172851562
Epoch 10: loss = 752.3090209960938
Epoch 11: loss = 752.29052734375
Epoch 12: loss = 752.2860107421875
Epoch 13: loss = 752.27880859375
Epoch 14: loss = 752.2779541015625
Epoch 15: loss = 752.2769775390625
Epoch 16: loss = 752.2740478515625
Epoch 17: loss = 752.27392578125
Epoch 18: loss = 752.273681640625
Epoch 19: loss = 752.2733154296875
Epoch 20: loss = 752.2730102539062
Epoch 21: loss = 752.272705078125
Epoch 22: loss = 752.2723999023438
Epoch 23: loss = 752.2720947265625
Epoch 24: loss = 752.27197265625
Epoch 25: loss = 752.271728515625
Epoch 26: loss = 752.2713623046875
Epoch 27: loss = 752.27099609375
Epoch 28: loss = 752.2706298828125
Epoch 29: loss = 752.2706298828125
Epoch 30: loss = 752.2705688476562
Epoch 31: loss = 752.2706909179688
Epoch 32: loss = 752.270263671875
Epoch 33: loss = 752.270263671875
Epoch 34: loss = 752.270263671875
Epoch 35: loss = 752.270263671875
Epoch 36: loss = 752.27001953125
Epoch 37: loss = 752.2701416015625
Epoch 38: loss = 752.27001953125
Epoch 39: loss = 752.27001953125
Epoch 40: loss = 752.2701416015625
Epoch 41: loss = 752.2701416015625
Early stopping at epoch 41 with loss 752.27001953125
Reconstruction for fluence = 14384.498882876629 photons/pixel
Epoch 0: loss = 43321968.0
Epoch 1: loss = 6709.74560546875
Epoch 2: loss = 2055.21435546875
Epoch 3: loss = 1842.982177734375
Epoch 4: loss = 1796.8233642578125
Epoch 5: loss = 1782.84033203125
Epoch 6: loss = 1778.8736572265625
Epoch 7: loss = 1776.83642578125
Epoch 8: loss = 1775.978759765625
Epoch 9: loss = 1775.5345458984375
Epoch 10: loss = 1775.3311767578125
Epoch 11: loss = 1775.23291015625
Epoch 12: loss = 1775.184326171875
Epoch 13: loss = 1775.158203125
Epoch 14: loss = 1775.143310546875
Epoch 15: loss = 1775.142578125
Epoch 16: loss = 1775.13525390625
Epoch 17: loss = 1775.134033203125
Epoch 18: loss = 1775.130126953125
Epoch 19: loss = 1775.1304931640625
Epoch 20: loss = 1775.128662109375
Epoch 21: loss = 1775.12841796875
Epoch 22: loss = 1775.1282958984375
Epoch 23: loss = 1775.127685546875
Epoch 24: loss = 1775.12744140625
Epoch 25: loss = 1775.126953125
Epoch 26: loss = 1775.127197265625
Epoch 27: loss = 1775.12646484375
Epoch 28: loss = 1775.12646484375
Epoch 29: loss = 1775.126220703125
Epoch 30: loss = 1775.126953125
Epoch 31: loss = 1775.1259765625
Epoch 32: loss = 1775.1259765625
Epoch 33: loss = 1775.125244140625
Epoch 34: loss = 1775.126220703125
Epoch 35: loss = 1775.125
Epoch 36: loss = 1775.125732421875
Epoch 37: loss = 1775.12548828125
Epoch 38: loss = 1775.1259765625
Epoch 39: loss = 1775.12548828125
Epoch 40: loss = 1775.1259765625
Early stopping at epoch 40 with loss 1775.125
Reconstruction for fluence = 33598.18286283781 photons/pixel
Epoch 0: loss = 236345248.0
Epoch 1: loss = 31190.5234375
Epoch 2: loss = 5762.1884765625
Epoch 3: loss = 4609.52392578125
Epoch 4: loss = 4353.5517578125
Epoch 5: loss = 4271.4169921875
Epoch 6: loss = 4247.76416015625
Epoch 7: loss = 4238.181640625
Epoch 8: loss = 4234.07421875
Epoch 9: loss = 4231.86376953125
Epoch 10: loss = 4230.779296875
Epoch 11: loss = 4230.25390625
Epoch 12: loss = 4229.99072265625
Epoch 13: loss = 4229.8427734375
Epoch 14: loss = 4229.771484375
Epoch 15: loss = 4229.72705078125
Epoch 16: loss = 4229.69970703125
Epoch 17: loss = 4229.69287109375
Epoch 18: loss = 4229.68408203125
Epoch 19: loss = 4229.68359375
Epoch 20: loss = 4229.6826171875
Epoch 21: loss = 4229.67919921875
Epoch 22: loss = 4229.6787109375
Epoch 23: loss = 4229.67578125
Epoch 24: loss = 4229.6748046875
Epoch 25: loss = 4229.6748046875
Epoch 26: loss = 4229.67333984375
Epoch 27: loss = 4229.6728515625
Epoch 28: loss = 4229.669921875
Epoch 29: loss = 4229.6689453125
Epoch 30: loss = 4229.66650390625
Epoch 31: loss = 4229.66650390625
Epoch 32: loss = 4229.666015625
Epoch 33: loss = 4229.666015625
Epoch 34: loss = 4229.666015625
Epoch 35: loss = 4229.6669921875
Epoch 36: loss = 4229.6640625
Epoch 37: loss = 4229.66552734375
Epoch 38: loss = 4229.6650390625
Epoch 39: loss = 4229.6640625
Epoch 40: loss = 4229.66455078125
Epoch 41: loss = 4229.666015625
Early stopping at epoch 41 with loss 4229.6640625
Reconstruction for fluence = 78475.99703514607 photons/pixel
Epoch 0: loss = 1289291008.0
Epoch 1: loss = 158025.484375
Epoch 2: loss = 18243.236328125
Epoch 3: loss = 12005.34765625
Epoch 4: loss = 10533.6748046875
Epoch 5: loss = 10069.810546875
Epoch 6: loss = 9932.478515625
Epoch 7: loss = 9880.2421875
Epoch 8: loss = 9857.154296875
Epoch 9: loss = 9844.201171875
Epoch 10: loss = 9837.98046875
Epoch 11: loss = 9835.2109375
Epoch 12: loss = 9833.80078125
Epoch 13: loss = 9833.0234375
Epoch 14: loss = 9832.5859375
Epoch 15: loss = 9832.34765625
Epoch 16: loss = 9832.2265625
Epoch 17: loss = 9832.15625
Epoch 18: loss = 9832.1181640625
Epoch 19: loss = 9832.099609375
Epoch 20: loss = 9832.0859375
Epoch 21: loss = 9832.07421875
Epoch 22: loss = 9832.0634765625
Epoch 23: loss = 9832.0576171875
Epoch 24: loss = 9832.064453125
Epoch 25: loss = 9832.05078125
Epoch 26: loss = 9832.0595703125
Epoch 27: loss = 9832.044921875
Epoch 28: loss = 9832.048828125
Epoch 29: loss = 9832.056640625
Epoch 30: loss = 9832.0576171875
Epoch 31: loss = 9832.05078125
Epoch 32: loss = 9832.04296875
Epoch 33: loss = 9832.05078125
Epoch 34: loss = 9832.048828125
Epoch 35: loss = 9832.0517578125
Epoch 36: loss = 9832.046875
Epoch 37: loss = 9832.052734375
Early stopping at epoch 37 with loss 9832.04296875
Reconstruction for fluence = 183298.07108324335 photons/pixel
Epoch 0: loss = 7034343424.0
Epoch 1: loss = 802538.875
Epoch 2: loss = 65684.0390625
Epoch 3: loss = 33854.390625
Epoch 4: loss = 26161.99609375
Epoch 5: loss = 23904.298828125
Epoch 6: loss = 23223.814453125
Epoch 7: loss = 22926.84765625
Epoch 8: loss = 22797.7890625
Epoch 9: loss = 22729.216796875
Epoch 10: loss = 22695.353515625
Epoch 11: loss = 22680.48828125
Epoch 12: loss = 22672.58984375
Epoch 13: loss = 22668.326171875
Epoch 14: loss = 22666.0234375
Epoch 15: loss = 22664.779296875
Epoch 16: loss = 22663.9296875
Epoch 17: loss = 22663.58203125
Epoch 18: loss = 22663.3203125
Epoch 19: loss = 22663.16796875
Epoch 20: loss = 22663.056640625
Epoch 21: loss = 22663.03125
Epoch 22: loss = 22663.00390625
Epoch 23: loss = 22662.98828125
Epoch 24: loss = 22662.9921875
Epoch 25: loss = 22662.98046875
Epoch 26: loss = 22662.953125
Epoch 27: loss = 22662.958984375
Epoch 28: loss = 22662.943359375
Epoch 29: loss = 22662.96875
Epoch 30: loss = 22662.94921875
Epoch 31: loss = 22662.9375
Epoch 32: loss = 22662.92578125
Epoch 33: loss = 22662.943359375
Epoch 34: loss = 22662.943359375
Epoch 35: loss = 22662.921875
Epoch 36: loss = 22662.939453125
Epoch 37: loss = 22662.9375
Epoch 38: loss = 22662.921875
Epoch 39: loss = 22662.95703125
Epoch 40: loss = 22662.94921875
Early stopping at epoch 40 with loss 22662.921875
Reconstruction for fluence = 428133.2398719387 photons/pixel
Epoch 0: loss = 38375247872.0
Epoch 1: loss = 4250731.5
Epoch 2: loss = 287821.0625
Epoch 3: loss = 115825.390625
Epoch 4: loss = 72598.5
Epoch 5: loss = 60194.828125
Epoch 6: loss = 56487.3515625
Epoch 7: loss = 54910.765625
Epoch 8: loss = 54211.08203125
Epoch 9: loss = 53836.296875
Epoch 10: loss = 53651.8828125
Epoch 11: loss = 53565.765625
Epoch 12: loss = 53523.890625
Epoch 13: loss = 53501.4609375
Epoch 14: loss = 53488.390625
Epoch 15: loss = 53481.8359375
Epoch 16: loss = 53477.671875
Epoch 17: loss = 53475.6015625
Epoch 18: loss = 53474.44140625
Epoch 19: loss = 53473.8046875
Epoch 20: loss = 53473.6171875
Epoch 21: loss = 53473.1640625
Epoch 22: loss = 53472.9296875
Epoch 23: loss = 53473.015625
Epoch 24: loss = 53472.96875
Epoch 25: loss = 53472.7734375
Epoch 26: loss = 53472.78125
Epoch 27: loss = 53472.6171875
Epoch 28: loss = 53472.7421875
Epoch 29: loss = 53472.765625
Epoch 30: loss = 53472.671875
Epoch 31: loss = 53472.703125
Epoch 32: loss = 53472.59375
Epoch 33: loss = 53472.671875
Epoch 34: loss = 53472.7265625
Epoch 35: loss = 53472.65625
Epoch 36: loss = 53472.6640625
Epoch 37: loss = 53472.625
Early stopping at epoch 37 with loss 53472.59375
Reconstruction for fluence = 1000000.0 photons/pixel
Epoch 0: loss = 209362763776.0
Epoch 1: loss = 23052884.0
Epoch 2: loss = 1402521.625
Epoch 3: loss = 464428.1875
Epoch 4: loss = 233231.78125
Epoch 5: loss = 164199.5625
Epoch 6: loss = 143271.96875
Epoch 7: loss = 134369.265625
Epoch 8: loss = 130186.625
Epoch 9: loss = 127915.78125
Epoch 10: loss = 126809.15625
Epoch 11: loss = 126272.1953125
Epoch 12: loss = 126021.9453125
Epoch 13: loss = 125884.5625
Epoch 14: loss = 125812.1875
Epoch 15: loss = 125771.90625
Epoch 16: loss = 125750.125
Epoch 17: loss = 125737.515625
Epoch 18: loss = 125730.9453125
Epoch 19: loss = 125727.2734375
Epoch 20: loss = 125724.640625
Epoch 21: loss = 125724.640625
Epoch 22: loss = 125723.828125
Epoch 23: loss = 125723.2109375
Epoch 24: loss = 125722.546875
Epoch 25: loss = 125722.109375
Epoch 26: loss = 125721.34375
Epoch 27: loss = 125721.40625
Epoch 28: loss = 125721.234375
Epoch 29: loss = 125721.203125
Epoch 30: loss = 125721.171875
Epoch 31: loss = 125721.1328125
Epoch 32: loss = 125721.109375
Epoch 33: loss = 125721.2890625
Epoch 34: loss = 125721.171875
Epoch 35: loss = 125720.625
Epoch 36: loss = 125720.84375
Epoch 37: loss = 125720.84375
Epoch 38: loss = 125721.2265625
Epoch 39: loss = 125721.03125
Epoch 40: loss = 125721.3359375
Early stopping at epoch 40 with loss 125720.625
Tensors initialization on device cuda
Multiprobe = None

('MSE', 'PoissonNLL') RECONSTRUCTIONS

Reconstruction for fluence = 0.09999999999999999 photons/pixel
Epoch 0: loss = 0.015891842544078827
Epoch 1: loss = 0.015890661627054214
Epoch 2: loss = 0.01588948257267475
Epoch 3: loss = 0.015888303518295288
Epoch 4: loss = 0.015887126326560974
Epoch 5: loss = 0.01588594913482666
Early stopping at epoch 5 with loss 0.015891842544078827
Epoch 0: loss = 0.0581883080303669
Epoch 1: loss = 0.0427359938621521
Epoch 2: loss = 0.04270927608013153
Epoch 3: loss = 0.04270927608013153
Epoch 4: loss = 0.04270927608013153
Epoch 5: loss = 0.04270927608013153
Epoch 6: loss = 0.04270927608013153
Early stopping at epoch 6 with loss 0.0427359938621521
Reconstruction for fluence = 0.23357214690901223 photons/pixel
Epoch 0: loss = 0.0442170724272728
Epoch 1: loss = 0.029976893216371536
Epoch 2: loss = 0.029968533664941788
Epoch 3: loss = 0.029968533664941788
Epoch 4: loss = 0.029968533664941788
Epoch 5: loss = 0.029968533664941788
Epoch 6: loss = 0.029968533664941788
Early stopping at epoch 6 with loss 0.029976893216371536
Epoch 0: loss = 0.08437193930149078
Epoch 1: loss = 0.07576487213373184
Epoch 2: loss = 0.07576388120651245
Epoch 3: loss = 0.07576388120651245
Epoch 4: loss = 0.07576388120651245
Epoch 5: loss = 0.07576388120651245
Epoch 6: loss = 0.07576388120651245
Early stopping at epoch 6 with loss 0.07576487213373184
Reconstruction for fluence = 0.5455594781168519 photons/pixel
Epoch 0: loss = 0.1384676992893219
Epoch 1: loss = 0.06925038993358612
Epoch 2: loss = 0.06922686845064163
Epoch 3: loss = 0.06922686845064163
Epoch 4: loss = 0.06922686845064163
Epoch 5: loss = 0.06922686845064163
Epoch 6: loss = 0.06922686845064163
Early stopping at epoch 6 with loss 0.06925038993358612
Epoch 0: loss = 0.12825967371463776
Epoch 1: loss = 0.11596862971782684
Epoch 2: loss = 0.11596755683422089
Epoch 3: loss = 0.11596755683422089
Epoch 4: loss = 0.11596755683422089
Epoch 5: loss = 0.11596755683422089
Epoch 6: loss = 0.11596755683422089
Early stopping at epoch 6 with loss 0.11596862971782684
Reconstruction for fluence = 1.2742749857031335 photons/pixel
Epoch 0: loss = 0.5196502208709717
Epoch 1: loss = 0.16060662269592285
Epoch 2: loss = 0.16050367057323456
Epoch 3: loss = 0.16050216555595398
Epoch 4: loss = 0.16050171852111816
Epoch 5: loss = 0.16050156950950623
Epoch 6: loss = 0.16050148010253906
Epoch 7: loss = 0.16050145030021667
Early stopping at epoch 7 with loss 0.16050367057323456
Epoch 0: loss = 0.1416347324848175
Epoch 1: loss = 0.12334810197353363
Epoch 2: loss = 0.12331141531467438
Epoch 3: loss = 0.12330657243728638
Epoch 4: loss = 0.12330452352762222
Epoch 5: loss = 0.12330449372529984
Epoch 6: loss = 0.12330449372529984
Early stopping at epoch 6 with loss 0.12334810197353363
Reconstruction for fluence = 2.976351441631318 photons/pixel
Epoch 0: loss = 2.272829294204712
Epoch 1: loss = 0.3744738698005676
Epoch 2: loss = 0.37388181686401367
Epoch 3: loss = 0.3738706111907959
Epoch 4: loss = 0.3738700747489929
Epoch 5: loss = 0.3738696873188019
Epoch 6: loss = 0.3738696575164795
Epoch 7: loss = 0.3738696575164795
Early stopping at epoch 7 with loss 0.37388181686401367
Epoch 0: loss = -0.032481513917446136
Epoch 1: loss = -0.057785309851169586
Epoch 2: loss = -0.0578300878405571
Epoch 3: loss = -0.05783425271511078
Epoch 4: loss = -0.057834260165691376
Epoch 5: loss = -0.057834260165691376
Epoch 6: loss = -0.057834260165691376
Early stopping at epoch 6 with loss -0.057785309851169586
Reconstruction for fluence = 6.9519279617756045 photons/pixel
Epoch 0: loss = 11.098810195922852
Epoch 1: loss = 0.8761342763900757
Epoch 2: loss = 0.8744215369224548
Epoch 3: loss = 0.8743655681610107
Epoch 4: loss = 0.8743596076965332
Epoch 5: loss = 0.8743593692779541
Epoch 6: loss = 0.8743588924407959
Epoch 7: loss = 0.8743587732315063
Early stopping at epoch 7 with loss 0.8744215369224548
Epoch 0: loss = -0.9260751008987427
Epoch 1: loss = -0.9614486694335938
Epoch 2: loss = -0.9615235328674316
Epoch 3: loss = -0.9615593552589417
Epoch 4: loss = -0.9615620374679565
Epoch 5: loss = -0.96156245470047
Epoch 6: loss = -0.9615633487701416
Epoch 7: loss = -0.9615675210952759
Epoch 8: loss = -0.9615675210952759
Early stopping at epoch 8 with loss -0.9615593552589417
Reconstruction for fluence = 16.23776739188721 photons/pixel
Epoch 0: loss = 57.45170593261719
Epoch 1: loss = 2.060699462890625
Epoch 2: loss = 2.0526278018951416
Epoch 3: loss = 2.0523176193237305
Epoch 4: loss = 2.0522847175598145
Epoch 5: loss = 2.0522806644439697
Epoch 6: loss = 2.052279472351074
Epoch 7: loss = 2.052278995513916
Epoch 8: loss = 2.052278518676758
Early stopping at epoch 8 with loss 2.0523176193237305
Epoch 0: loss = -4.116650581359863
Epoch 1: loss = -4.164610385894775
Epoch 2: loss = -4.164724349975586
Epoch 3: loss = -4.1647491455078125
Epoch 4: loss = -4.164750099182129
Epoch 5: loss = -4.164750099182129
Epoch 6: loss = -4.164766311645508
Epoch 7: loss = -4.164768218994141
Early stopping at epoch 7 with loss -4.164724349975586
Reconstruction for fluence = 37.926901907322495 photons/pixel
Epoch 0: loss = 306.4289245605469
Epoch 1: loss = 4.808468818664551
Epoch 2: loss = 4.750626087188721
Epoch 3: loss = 4.747882843017578
Epoch 4: loss = 4.747549057006836
Epoch 5: loss = 4.747488975524902
Epoch 6: loss = 4.747480392456055
Epoch 7: loss = 4.7474775314331055
Epoch 8: loss = 4.747476577758789
Epoch 9: loss = 4.7474751472473145
Early stopping at epoch 9 with loss 4.747549057006836
Epoch 0: loss = -14.190347671508789
Epoch 1: loss = -14.253408432006836
Epoch 2: loss = -14.253667831420898
Epoch 3: loss = -14.253676414489746
Epoch 4: loss = -14.253679275512695
Epoch 5: loss = -14.253681182861328
Epoch 6: loss = -14.253681182861328
Epoch 7: loss = -14.253683090209961
Early stopping at epoch 7 with loss -14.253667831420898
Reconstruction for fluence = 88.58667904100822 photons/pixel
Epoch 0: loss = 1657.7686767578125
Epoch 1: loss = 11.373985290527344
Epoch 2: loss = 11.12150764465332
Epoch 3: loss = 11.108392715454102
Epoch 4: loss = 11.106284141540527
Epoch 5: loss = 11.105844497680664
Epoch 6: loss = 11.105735778808594
Epoch 7: loss = 11.105710983276367
Epoch 8: loss = 11.105707168579102
Epoch 9: loss = 11.105690002441406
Epoch 10: loss = 11.105690002441406
Epoch 11: loss = 11.10568618774414
Early stopping at epoch 11 with loss 11.105735778808594
Epoch 0: loss = -43.676666259765625
Epoch 1: loss = -43.754150390625
Epoch 2: loss = -43.754364013671875
Epoch 3: loss = -43.754371643066406
Epoch 4: loss = -43.754371643066406
Epoch 5: loss = -43.75437927246094
Epoch 6: loss = -43.75437927246094
Epoch 7: loss = -43.7543830871582
Early stopping at epoch 7 with loss -43.754364013671875
Reconstruction for fluence = 206.9138081114788 photons/pixel
Epoch 0: loss = 8991.310546875
Epoch 1: loss = 26.62667465209961
Epoch 2: loss = 25.838478088378906
Epoch 3: loss = 25.775955200195312
Epoch 4: loss = 25.765056610107422
Epoch 5: loss = 25.762516021728516
Epoch 6: loss = 25.76184844970703
Epoch 7: loss = 25.761592864990234
Epoch 8: loss = 25.761505126953125
Epoch 9: loss = 25.761478424072266
Epoch 10: loss = 25.761470794677734
Epoch 11: loss = 25.761463165283203
Epoch 12: loss = 25.761451721191406
Epoch 13: loss = 25.761451721191406
Epoch 14: loss = 25.76144790649414
Early stopping at epoch 14 with loss 25.761478424072266
Epoch 0: loss = -126.86932373046875
Epoch 1: loss = -126.96912384033203
Epoch 2: loss = -126.96917724609375
Epoch 3: loss = -126.96919250488281
Epoch 4: loss = -126.96919250488281
Epoch 5: loss = -126.96919250488281
Epoch 6: loss = -126.96919250488281
Early stopping at epoch 6 with loss -126.96912384033203
Reconstruction for fluence = 483.2930238571752 photons/pixel
Epoch 0: loss = 48953.61328125
Epoch 1: loss = 64.92919158935547
Epoch 2: loss = 60.42509078979492
Epoch 3: loss = 60.14326095581055
Epoch 4: loss = 60.08834457397461
Epoch 5: loss = 60.074119567871094
Epoch 6: loss = 60.06946563720703
Epoch 7: loss = 60.06772994995117
Epoch 8: loss = 60.06690216064453
Epoch 9: loss = 60.06652069091797
Epoch 10: loss = 60.06645202636719
Epoch 11: loss = 60.06632995605469
Epoch 12: loss = 60.066322326660156
Epoch 13: loss = 60.06629943847656
Epoch 14: loss = 60.06629943847656
Epoch 0: loss = -354.1521301269531
Epoch 1: loss = -354.26959228515625
Epoch 2: loss = -354.26959228515625
Epoch 3: loss = -354.26959228515625
Epoch 4: loss = -354.26959228515625
Epoch 5: loss = -354.26959228515625
Epoch 6: loss = -354.2696228027344
Early stopping at epoch 6 with loss -354.26959228515625
Reconstruction for fluence = 1128.8378916846884 photons/pixel
Epoch 0: loss = 266928.5
Epoch 1: loss = 163.4862518310547
Epoch 2: loss = 142.4748077392578
Epoch 3: loss = 141.23843383789062
Epoch 4: loss = 140.9472198486328
Epoch 5: loss = 140.86585998535156
Epoch 6: loss = 140.8398895263672
Epoch 7: loss = 140.83026123046875
Epoch 8: loss = 140.8251953125
Epoch 9: loss = 140.82284545898438
Epoch 10: loss = 140.82171630859375
Epoch 11: loss = 140.82150268554688
Epoch 12: loss = 140.82138061523438
Epoch 13: loss = 140.8212890625
Epoch 14: loss = 140.8212890625
Epoch 0: loss = -961.981689453125
Epoch 1: loss = -962.1132202148438
Epoch 2: loss = -962.1132202148438
Epoch 3: loss = -962.1132202148438
Epoch 4: loss = -962.1132202148438
Epoch 5: loss = -962.11328125
Epoch 6: loss = -962.11328125
Early stopping at epoch 6 with loss -962.1132202148438
Reconstruction for fluence = 2636.6508987303555 photons/pixel
Epoch 0: loss = 1455816.75
Epoch 1: loss = 505.61334228515625
Epoch 2: loss = 338.1492919921875
Epoch 3: loss = 331.2257080078125
Epoch 4: loss = 329.0281677246094
Epoch 5: loss = 328.58258056640625
Epoch 6: loss = 328.4071044921875
Epoch 7: loss = 328.34930419921875
Epoch 8: loss = 328.32275390625
Epoch 9: loss = 328.3100891113281
Epoch 10: loss = 328.3074951171875
Epoch 11: loss = 328.30224609375
Epoch 12: loss = 328.30169677734375
Epoch 13: loss = 328.30035400390625
Epoch 14: loss = 328.30035400390625
Epoch 0: loss = -2561.533203125
Epoch 1: loss = -2561.67626953125
Epoch 2: loss = -2561.67626953125
Epoch 3: loss = -2561.67626953125
Epoch 4: loss = -2561.67626953125
Epoch 5: loss = -2561.67626953125
Epoch 6: loss = -2561.67626953125
Early stopping at epoch 6 with loss -2561.67626953125
Reconstruction for fluence = 6158.482110660255 photons/pixel
Epoch 0: loss = 7940707.5
Epoch 1: loss = 1681.4521484375
Epoch 2: loss = 824.134765625
Epoch 3: loss = 785.3366088867188
Epoch 4: loss = 775.8009033203125
Epoch 5: loss = 773.356689453125
Epoch 6: loss = 772.5950927734375
Epoch 7: loss = 772.2808837890625
Epoch 8: loss = 772.1434936523438
Epoch 9: loss = 772.0714111328125
Epoch 10: loss = 772.0350952148438
Epoch 11: loss = 772.0191650390625
Epoch 12: loss = 772.013427734375
Epoch 13: loss = 772.008056640625
Epoch 14: loss = 772.0057373046875
Epoch 0: loss = -6718.265625
Epoch 1: loss = -6718.4189453125
Epoch 2: loss = -6718.4189453125
Epoch 3: loss = -6718.4189453125
Epoch 4: loss = -6718.4189453125
Epoch 5: loss = -6718.4189453125
Epoch 6: loss = -6718.4189453125
Early stopping at epoch 6 with loss -6718.4189453125
Reconstruction for fluence = 14384.498882876629 photons/pixel
Epoch 0: loss = 43322152.0
Epoch 1: loss = 6480.1630859375
Epoch 2: loss = 2059.19970703125
Epoch 3: loss = 1861.919677734375
Epoch 4: loss = 1810.2183837890625
Epoch 5: loss = 1796.40087890625
Epoch 6: loss = 1791.9443359375
Epoch 7: loss = 1789.955810546875
Epoch 8: loss = 1789.1331787109375
Epoch 9: loss = 1788.7254638671875
Epoch 10: loss = 1788.5223388671875
Epoch 11: loss = 1788.424072265625
Epoch 12: loss = 1788.372314453125
Epoch 13: loss = 1788.3455810546875
Epoch 14: loss = 1788.328369140625
Epoch 0: loss = -17406.75390625
Epoch 1: loss = -17406.927734375
Epoch 2: loss = -17406.927734375
Epoch 3: loss = -17406.927734375
Epoch 4: loss = -17406.927734375
Epoch 5: loss = -17406.927734375
Epoch 6: loss = -17406.927734375
Early stopping at epoch 6 with loss -17406.927734375
Reconstruction for fluence = 33598.18286283781 photons/pixel
Epoch 0: loss = 236337312.0
Epoch 1: loss = 30788.9296875
Epoch 2: loss = 5682.33056640625
Epoch 3: loss = 4554.9736328125
Epoch 4: loss = 4295.296875
Epoch 5: loss = 4216.0400390625
Epoch 6: loss = 4193.6025390625
Epoch 7: loss = 4184.5439453125
Epoch 8: loss = 4180.67529296875
Epoch 9: loss = 4178.513671875
Epoch 10: loss = 4177.4365234375
Epoch 11: loss = 4176.95361328125
Epoch 12: loss = 4176.69140625
Epoch 13: loss = 4176.53564453125
Epoch 14: loss = 4176.4501953125
Epoch 0: loss = -44667.55078125
Epoch 1: loss = -44667.71875
Epoch 2: loss = -44667.71875
Epoch 3: loss = -44667.72265625
Epoch 4: loss = -44667.71875
Epoch 5: loss = -44667.71875
Epoch 6: loss = -44667.71875
Epoch 7: loss = -44667.71875
Epoch 8: loss = -44667.71875
Early stopping at epoch 8 with loss -44667.72265625
Reconstruction for fluence = 78475.99703514607 photons/pixel
Epoch 0: loss = 1289386624.0
Epoch 1: loss = 158490.421875
Epoch 2: loss = 18096.724609375
Epoch 3: loss = 11910.630859375
Epoch 4: loss = 10388.8203125
Epoch 5: loss = 9947.15234375
Epoch 6: loss = 9828.189453125
Epoch 7: loss = 9775.6552734375
Epoch 8: loss = 9753.1728515625
Epoch 9: loss = 9741.541015625
Epoch 10: loss = 9735.84765625
Epoch 11: loss = 9733.248046875
Epoch 12: loss = 9731.9462890625
Epoch 13: loss = 9731.205078125
Epoch 14: loss = 9730.794921875
Epoch 0: loss = -113689.8359375
Epoch 1: loss = -113689.984375
Epoch 2: loss = -113689.984375
Epoch 3: loss = -113689.984375
Epoch 4: loss = -113689.984375
Epoch 5: loss = -113689.984375
Epoch 6: loss = -113689.984375
Early stopping at epoch 6 with loss -113689.984375
Reconstruction for fluence = 183298.07108324335 photons/pixel
Epoch 0: loss = 7034078208.0
Epoch 1: loss = 825625.1875
Epoch 2: loss = 68186.078125
Epoch 3: loss = 33969.08203125
Epoch 4: loss = 25997.21875
Epoch 5: loss = 23780.126953125
Epoch 6: loss = 23124.83203125
Epoch 7: loss = 22848.873046875
Epoch 8: loss = 22725.921875
Epoch 9: loss = 22659.80859375
Epoch 10: loss = 22627.5078125
Epoch 11: loss = 22612.3515625
Epoch 12: loss = 22603.849609375
Epoch 13: loss = 22599.58984375
Epoch 14: loss = 22597.20703125
Epoch 0: loss = -287418.25
Epoch 1: loss = -287418.40625
Epoch 2: loss = -287418.40625
Epoch 3: loss = -287418.40625
Epoch 4: loss = -287418.375
Epoch 5: loss = -287418.40625
Epoch 6: loss = -287418.375
Early stopping at epoch 6 with loss -287418.40625
Reconstruction for fluence = 428133.2398719387 photons/pixel
Epoch 0: loss = 38375428096.0
Epoch 1: loss = 4292843.0
Epoch 2: loss = 286862.6875
Epoch 3: loss = 114981.5625
Epoch 4: loss = 72673.0078125
Epoch 5: loss = 60290.01953125
Epoch 6: loss = 56541.07421875
Epoch 7: loss = 55005.53125
Epoch 8: loss = 54321.6015625
Epoch 9: loss = 53958.65625
Epoch 10: loss = 53776.87109375
Epoch 11: loss = 53696.4296875
Epoch 12: loss = 53655.8203125
Epoch 13: loss = 53632.609375
Epoch 14: loss = 53618.859375
Epoch 0: loss = -722398.5
Epoch 1: loss = -722398.6875
Epoch 2: loss = -722398.6875
Epoch 3: loss = -722398.6875
Epoch 4: loss = -722398.6875
Epoch 5: loss = -722398.6875
Epoch 6: loss = -722398.6875
Early stopping at epoch 6 with loss -722398.6875
Reconstruction for fluence = 1000000.0 photons/pixel
Epoch 0: loss = 209364140032.0
Epoch 1: loss = 23180872.0
Epoch 2: loss = 1412043.5
Epoch 3: loss = 448858.75
Epoch 4: loss = 225287.578125
Epoch 5: loss = 159946.09375
Epoch 6: loss = 140637.09375
Epoch 7: loss = 132504.0
Epoch 8: loss = 128661.1875
Epoch 9: loss = 126877.296875
Epoch 10: loss = 125924.4296875
Epoch 11: loss = 125478.40625
Epoch 12: loss = 125235.25
Epoch 13: loss = 125098.0625
Epoch 14: loss = 125028.5078125
Epoch 0: loss = -1806605.25
Epoch 1: loss = -1806605.25
Epoch 2: loss = -1806605.25
Epoch 3: loss = -1806605.375
Epoch 4: loss = -1806605.375
Epoch 5: loss = -1806605.375
Epoch 6: loss = -1806605.25
Epoch 7: loss = -1806605.25
Epoch 8: loss = -1806605.25
Early stopping at epoch 8 with loss -1806605.375
Simulation for steps_size=9 and n_fluences=20 completed!
