Running simulation for principal_mode_weight=1 and n_fluences=20
Weights: [100   0   0]
Tensors initialization on device cuda
Multiprobe = grad

('MSE', None) RECONSTRUCTIONS

Reconstruction for fluence = 0.09999999999999999 photons/pixel
Epoch 0: loss = 0.00022315699607133865
Epoch 1: loss = 0.00022315699607133865
Epoch 2: loss = 0.00022315699607133865
Epoch 3: loss = 0.00022315699607133865
Epoch 4: loss = 0.00022315699607133865
Epoch 5: loss = 0.00022315699607133865
Early stopping at epoch 5 with loss 0.00022315699607133865
Reconstruction for fluence = 0.23357214690901223 photons/pixel
Epoch 0: loss = 0.0005189576186239719
Epoch 1: loss = 0.0005189576186239719
Epoch 2: loss = 0.0005189576186239719
Epoch 3: loss = 0.0005189576186239719
Epoch 4: loss = 0.0005189576186239719
Epoch 5: loss = 0.0005189576186239719
Early stopping at epoch 5 with loss 0.0005189576186239719
Reconstruction for fluence = 0.5455594781168519 photons/pixel
Epoch 0: loss = 0.0012168060056865215
Epoch 1: loss = 0.0012168060056865215
Epoch 2: loss = 0.0012168060056865215
Epoch 3: loss = 0.0012168060056865215
Epoch 4: loss = 0.0012168060056865215
Epoch 5: loss = 0.0012168060056865215
Early stopping at epoch 5 with loss 0.0012168060056865215
Reconstruction for fluence = 1.2742749857031335 photons/pixel
Epoch 0: loss = 0.002882127184420824
Epoch 1: loss = 0.002882127184420824
Epoch 2: loss = 0.002882127184420824
