Running simulation for steps_size=19 and n_fluences=20
Steps size: 19
Tensors initialization on device cuda
Multiprobe = band_lim
torch.Size([1, 64, 64])

('MSE', None) RECONSTRUCTIONS

Reconstruction for fluence = 0.09999999999999999 photons/pixel
Epoch 0: loss = 0.10941042006015778
Epoch 1: loss = 0.036968473345041275
Epoch 2: loss = 0.03578740358352661
Epoch 3: loss = 0.03560782968997955
Epoch 4: loss = 0.035551123321056366
Epoch 5: loss = 0.03548058494925499
Epoch 6: loss = 0.03545761853456497
Epoch 7: loss = 0.03545364364981651
Epoch 8: loss = 0.03545267507433891
Epoch 9: loss = 0.03545267507433891
Epoch 10: loss = 0.03545267507433891
Early stopping at epoch 10 with loss 0.03548058494925499
Reconstruction for fluence = 0.23357214690901223 photons/pixel
Epoch 0: loss = 0.42042362689971924
Epoch 1: loss = 0.08760096877813339
Epoch 2: loss = 0.08415441960096359
Epoch 3: loss = 0.08365775644779205
Epoch 4: loss = 0.08355647325515747
Epoch 5: loss = 0.08353043347597122
Epoch 6: loss = 0.08352448046207428
Epoch 7: loss = 0.08352253586053848
Epoch 8: loss = 0.0835217535495758
Epoch 9: loss = 0.08351582288742065
Early stopping at epoch 9 with loss 0.08355647325515747
Reconstruction for fluence = 0.5455594781168519 photons/pixel
Epoch 0: loss = 1.9281457662582397
Epoch 1: loss = 0.19525034725666046
Epoch 2: loss = 0.18598705530166626
Epoch 3: loss = 0.18447408080101013
Epoch 4: loss = 0.18411709368228912
Epoch 5: loss = 0.18401463329792023
Epoch 6: loss = 0.18399032950401306
Epoch 7: loss = 0.18398258090019226
Epoch 8: loss = 0.18398013710975647
Epoch 9: loss = 0.18397945165634155
Epoch 10: loss = 0.18397939205169678
Early stopping at epoch 10 with loss 0.18401463329792023
Reconstruction for fluence = 1.2742749857031335 photons/pixel
Epoch 0: loss = 9.654877662658691
Epoch 1: loss = 0.47172319889068604
Epoch 2: loss = 0.43845558166503906
Epoch 3: loss = 0.4333987236022949
Epoch 4: loss = 0.43174147605895996
Epoch 5: loss = 0.43131572008132935
Epoch 6: loss = 0.4311787486076355
Epoch 7: loss = 0.4311363101005554
Epoch 8: loss = 0.4311215877532959
Epoch 9: loss = 0.4311158061027527
Epoch 10: loss = 0.43111395835876465
Epoch 11: loss = 0.4311135411262512
Early stopping at epoch 11 with loss 0.4311787486076355
Reconstruction for fluence = 2.976351441631318 photons/pixel
Epoch 0: loss = 50.074981689453125
Epoch 1: loss = 1.117405891418457
Epoch 2: loss = 1.0107673406600952
Epoch 3: loss = 0.9898322224617004
Epoch 4: loss = 0.9841164946556091
Epoch 5: loss = 0.9824694395065308
Epoch 6: loss = 0.9819186925888062
Epoch 7: loss = 0.9817270636558533
Epoch 8: loss = 0.981653094291687
Epoch 9: loss = 0.9816229343414307
Epoch 10: loss = 0.9816098213195801
Epoch 11: loss = 0.9816049337387085
Epoch 12: loss = 0.9816038608551025
Epoch 13: loss = 0.9816032648086548
Epoch 14: loss = 0.9816027283668518
Early stopping at epoch 14 with loss 0.9816229343414307
Reconstruction for fluence = 6.9519279617756045 photons/pixel
Epoch 0: loss = 268.6602478027344
Epoch 1: loss = 2.696429491043091
Epoch 2: loss = 2.3516669273376465
Epoch 3: loss = 2.2899880409240723
Epoch 4: loss = 2.2739381790161133
Epoch 5: loss = 2.2691078186035156
Epoch 6: loss = 2.2674436569213867
Epoch 7: loss = 2.2666735649108887
Epoch 8: loss = 2.26633882522583
Epoch 9: loss = 2.2661848068237305
Epoch 10: loss = 2.266120433807373
Epoch 11: loss = 2.266103744506836
Epoch 12: loss = 2.2660889625549316
Epoch 13: loss = 2.2660837173461914
Epoch 14: loss = 2.2660818099975586
Epoch 15: loss = 2.266080856323242
Epoch 16: loss = 2.266080141067505
Epoch 17: loss = 2.2660789489746094
Epoch 18: loss = 2.266078472137451
Early stopping at epoch 18 with loss 2.2660837173461914
Reconstruction for fluence = 16.23776739188721 photons/pixel
Epoch 0: loss = 1458.404541015625
Epoch 1: loss = 6.561820983886719
Epoch 2: loss = 5.318390369415283
Epoch 3: loss = 5.105159759521484
Epoch 4: loss = 5.0449442863464355
Epoch 5: loss = 5.024228096008301
Epoch 6: loss = 5.0179338455200195
Epoch 7: loss = 5.015215873718262
Epoch 8: loss = 5.0140557289123535
Epoch 9: loss = 5.013452053070068
Epoch 10: loss = 5.013164520263672
Epoch 11: loss = 5.0130486488342285
Epoch 12: loss = 5.012991905212402
Epoch 13: loss = 5.012962341308594
Epoch 14: loss = 5.012955665588379
Epoch 15: loss = 5.012950420379639
Epoch 16: loss = 5.012945175170898
Epoch 17: loss = 5.012942314147949
Epoch 18: loss = 5.012940406799316
Epoch 19: loss = 5.012939453125
Epoch 20: loss = 5.012938976287842
Epoch 21: loss = 5.012938022613525
Early stopping at epoch 21 with loss 5.012945175170898
Reconstruction for fluence = 37.926901907322495 photons/pixel
Epoch 0: loss = 7900.291015625
Epoch 1: loss = 17.492048263549805
Epoch 2: loss = 12.256978988647461
Epoch 3: loss = 11.461175918579102
Epoch 4: loss = 11.247204780578613
Epoch 5: loss = 11.179010391235352
Epoch 6: loss = 11.150308609008789
Epoch 7: loss = 11.139528274536133
Epoch 8: loss = 11.133852005004883
Epoch 9: loss = 11.130938529968262
Epoch 10: loss = 11.129341125488281
Epoch 11: loss = 11.128534317016602
Epoch 12: loss = 11.128092765808105
Epoch 13: loss = 11.127821922302246
Epoch 14: loss = 11.127640724182129
Epoch 15: loss = 11.127528190612793
Epoch 16: loss = 11.12751579284668
Epoch 17: loss = 11.127508163452148
Epoch 18: loss = 11.127470970153809
Epoch 19: loss = 11.127460479736328
Epoch 20: loss = 11.127420425415039
Epoch 21: loss = 11.127412796020508
Epoch 22: loss = 11.127405166625977
Epoch 23: loss = 11.127399444580078
Epoch 24: loss = 11.127396583557129
Epoch 25: loss = 11.12739372253418
Early stopping at epoch 25 with loss 11.127420425415039
Reconstruction for fluence = 88.58667904100822 photons/pixel
Epoch 0: loss = 43054.796875
Epoch 1: loss = 54.5538330078125
Epoch 2: loss = 31.005908966064453
Epoch 3: loss = 27.917465209960938
Epoch 4: loss = 27.053035736083984
Epoch 5: loss = 26.766563415527344
Epoch 6: loss = 26.646915435791016
Epoch 7: loss = 26.582427978515625
Epoch 8: loss = 26.547658920288086
Epoch 9: loss = 26.530248641967773
Epoch 10: loss = 26.52031707763672
Epoch 11: loss = 26.515344619750977
Epoch 12: loss = 26.51284408569336
Epoch 13: loss = 26.5112361907959
Epoch 14: loss = 26.510257720947266
Epoch 15: loss = 26.509613037109375
Epoch 16: loss = 26.509248733520508
Epoch 17: loss = 26.509023666381836
Epoch 18: loss = 26.508872985839844
Epoch 19: loss = 26.508808135986328
Epoch 20: loss = 26.508712768554688
Epoch 21: loss = 26.50867462158203
Epoch 22: loss = 26.508665084838867
Epoch 23: loss = 26.508617401123047
Epoch 24: loss = 26.508617401123047
Epoch 25: loss = 26.508609771728516
Epoch 26: loss = 26.508607864379883
Epoch 27: loss = 26.508577346801758
Epoch 28: loss = 26.508575439453125
Epoch 29: loss = 26.508567810058594
Epoch 30: loss = 26.508560180664062
Early stopping at epoch 30 with loss 26.508609771728516
Reconstruction for fluence = 206.9138081114788 photons/pixel
Epoch 0: loss = 234623.703125
Epoch 1: loss = 190.2073211669922
Epoch 2: loss = 78.86831665039062
Epoch 3: loss = 66.32147216796875
Epoch 4: loss = 62.76895523071289
Epoch 5: loss = 61.734188079833984
Epoch 6: loss = 61.33171081542969
Epoch 7: loss = 61.13301086425781
Epoch 8: loss = 61.01298522949219
Epoch 9: loss = 60.94411849975586
Epoch 10: loss = 60.90133285522461
Epoch 11: loss = 60.87748718261719
Epoch 12: loss = 60.864097595214844
Epoch 13: loss = 60.85450744628906
Epoch 14: loss = 60.85095977783203
Epoch 15: loss = 60.84488296508789
Epoch 16: loss = 60.841087341308594
Epoch 17: loss = 60.83877944946289
Epoch 18: loss = 60.837120056152344
Epoch 19: loss = 60.8359489440918
Epoch 20: loss = 60.83504104614258
Epoch 21: loss = 60.834388732910156
Epoch 22: loss = 60.833953857421875
Epoch 23: loss = 60.83375549316406
Epoch 24: loss = 60.833553314208984
Epoch 25: loss = 60.83338928222656
Epoch 26: loss = 60.83331298828125
Epoch 27: loss = 60.83320236206055
Epoch 28: loss = 60.83313751220703
Epoch 29: loss = 60.8331298828125
Epoch 30: loss = 60.833030700683594
Epoch 31: loss = 60.833030700683594
Epoch 32: loss = 60.833030700683594
Epoch 33: loss = 60.833011627197266
Epoch 34: loss = 60.83300018310547
Epoch 35: loss = 60.83300018310547
Early stopping at epoch 35 with loss 60.833030700683594
Reconstruction for fluence = 483.2930238571752 photons/pixel
Epoch 0: loss = 1279844.5
Epoch 1: loss = 814.9493408203125
Epoch 2: loss = 223.25352478027344
Epoch 3: loss = 160.77378845214844
Epoch 4: loss = 147.94949340820312
Epoch 5: loss = 144.03912353515625
Epoch 6: loss = 142.56626892089844
Epoch 7: loss = 141.8868408203125
Epoch 8: loss = 141.49075317382812
Epoch 9: loss = 141.25543212890625
Epoch 10: loss = 141.10946655273438
Epoch 11: loss = 141.02699279785156
Epoch 12: loss = 140.97039794921875
Epoch 13: loss = 140.9311065673828
Epoch 14: loss = 140.90277099609375
Epoch 15: loss = 140.88397216796875
Epoch 16: loss = 140.87283325195312
Epoch 17: loss = 140.86380004882812
Epoch 18: loss = 140.85768127441406
Epoch 19: loss = 140.85324096679688
Epoch 20: loss = 140.84861755371094
Epoch 21: loss = 140.84564208984375
Epoch 22: loss = 140.84417724609375
Epoch 23: loss = 140.84312438964844
Epoch 24: loss = 140.84207153320312
Epoch 25: loss = 140.84103393554688
Epoch 26: loss = 140.84085083007812
Epoch 27: loss = 140.8402099609375
Epoch 28: loss = 140.83969116210938
Epoch 29: loss = 140.8394775390625
Epoch 30: loss = 140.8392791748047
Epoch 31: loss = 140.83917236328125
Epoch 32: loss = 140.83880615234375
Epoch 33: loss = 140.83868408203125
Epoch 34: loss = 140.83868408203125
Epoch 35: loss = 140.83853149414062
Epoch 36: loss = 140.83847045898438
Epoch 37: loss = 140.83824157714844
Epoch 38: loss = 140.8380126953125
Epoch 39: loss = 140.83786010742188
Epoch 40: loss = 140.83779907226562
Epoch 41: loss = 140.83770751953125
Epoch 42: loss = 140.83766174316406
Epoch 43: loss = 140.8375244140625
Epoch 44: loss = 140.8375244140625
Epoch 45: loss = 140.8375244140625
Epoch 46: loss = 140.83737182617188
Epoch 47: loss = 140.8372344970703
Epoch 48: loss = 140.83721923828125
Epoch 49: loss = 140.83721923828125
Epoch 50: loss = 140.83721923828125
Epoch 51: loss = 140.8371124267578
Epoch 52: loss = 140.83712768554688
Epoch 53: loss = 140.83705139160156
Epoch 54: loss = 140.83706665039062
Epoch 55: loss = 140.83700561523438
Epoch 56: loss = 140.83700561523438
Early stopping at epoch 56 with loss 140.8371124267578
Reconstruction for fluence = 1128.8378916846884 photons/pixel
Epoch 0: loss = 6984184.0
Epoch 1: loss = 3726.2529296875
Epoch 2: loss = 752.5971069335938
Epoch 3: loss = 426.4939880371094
Epoch 4: loss = 363.76763916015625
Epoch 5: loss = 344.62139892578125
Epoch 6: loss = 337.92059326171875
Epoch 7: loss = 335.01446533203125
Epoch 8: loss = 333.5047302246094
Epoch 9: loss = 332.4013977050781
Epoch 10: loss = 331.8191223144531
Epoch 11: loss = 331.4645690917969
Epoch 12: loss = 331.2369384765625
Epoch 13: loss = 331.0740661621094
Epoch 14: loss = 330.9544372558594
Epoch 15: loss = 330.87005615234375
Epoch 16: loss = 330.8082275390625
Epoch 17: loss = 330.7713623046875
Epoch 18: loss = 330.74554443359375
Epoch 19: loss = 330.7252197265625
Epoch 20: loss = 330.70941162109375
Epoch 21: loss = 330.69757080078125
Epoch 22: loss = 330.689453125
Epoch 23: loss = 330.6830139160156
Epoch 24: loss = 330.68182373046875
Epoch 25: loss = 330.67669677734375
Epoch 26: loss = 330.67559814453125
Epoch 27: loss = 330.6729736328125
Epoch 28: loss = 330.6720886230469
Epoch 29: loss = 330.67059326171875
Epoch 30: loss = 330.6686706542969
Epoch 31: loss = 330.6672058105469
Epoch 32: loss = 330.6672058105469
Epoch 33: loss = 330.6665954589844
Epoch 34: loss = 330.6665954589844
Epoch 35: loss = 330.6663818359375
Epoch 36: loss = 330.66552734375
Epoch 37: loss = 330.6654052734375
Epoch 38: loss = 330.6640625
Epoch 39: loss = 330.66302490234375
Epoch 40: loss = 330.6627197265625
Epoch 41: loss = 330.6624450683594
Epoch 42: loss = 330.6617431640625
Epoch 43: loss = 330.66156005859375
Epoch 44: loss = 330.6612548828125
Epoch 45: loss = 330.66082763671875
Epoch 46: loss = 330.6607971191406
Epoch 47: loss = 330.66064453125
Epoch 48: loss = 330.66021728515625
Epoch 49: loss = 330.6602783203125
Epoch 50: loss = 330.6600646972656
Epoch 51: loss = 330.6600341796875
Epoch 52: loss = 330.6598815917969
Epoch 53: loss = 330.6598815917969
Epoch 54: loss = 330.6597595214844
Epoch 55: loss = 330.6597900390625
Epoch 56: loss = 330.6597900390625
Epoch 57: loss = 330.6597900390625
Epoch 58: loss = 330.6598205566406
Epoch 59: loss = 330.65960693359375
Epoch 60: loss = 330.65966796875
Epoch 61: loss = 330.65985107421875
Epoch 62: loss = 330.65966796875
Epoch 63: loss = 330.6595458984375
Epoch 64: loss = 330.659423828125
Epoch 65: loss = 330.6595458984375
Epoch 66: loss = 330.65966796875
Epoch 67: loss = 330.65960693359375
Epoch 68: loss = 330.6595153808594
Epoch 69: loss = 330.6595458984375
Early stopping at epoch 69 with loss 330.659423828125
Reconstruction for fluence = 2636.6508987303555 photons/pixel
Epoch 0: loss = 38088416.0
Epoch 1: loss = 19851.109375
Epoch 2: loss = 2839.78759765625
Epoch 3: loss = 1141.6513671875
Epoch 4: loss = 848.916259765625
Epoch 5: loss = 760.6063232421875
Epoch 6: loss = 733.3651733398438
Epoch 7: loss = 721.0552978515625
Epoch 8: loss = 714.209228515625
Epoch 9: loss = 710.3053588867188
Epoch 10: loss = 708.0411376953125
Epoch 11: loss = 706.7086181640625
Epoch 12: loss = 705.8781127929688
Epoch 13: loss = 705.30615234375
Epoch 14: loss = 704.9347534179688
Epoch 15: loss = 704.5962524414062
Epoch 16: loss = 704.396484375
Epoch 17: loss = 704.26123046875
Epoch 18: loss = 704.1591186523438
Epoch 19: loss = 704.0806884765625
Epoch 20: loss = 704.0214233398438
Epoch 21: loss = 703.9755859375
Epoch 22: loss = 703.9441528320312
Epoch 23: loss = 703.9212036132812
Epoch 24: loss = 703.9025268554688
Epoch 25: loss = 703.8873901367188
Epoch 26: loss = 703.8748779296875
Epoch 27: loss = 703.8675537109375
Epoch 28: loss = 703.862060546875
Epoch 29: loss = 703.8604736328125
Epoch 30: loss = 703.8592529296875
Epoch 31: loss = 703.8548583984375
Epoch 32: loss = 703.8548583984375
Epoch 33: loss = 703.8499755859375
Epoch 34: loss = 703.8488159179688
Epoch 35: loss = 703.8453369140625
Epoch 36: loss = 703.843505859375
Epoch 37: loss = 703.8427734375
Epoch 38: loss = 703.8411865234375
Epoch 39: loss = 703.8389282226562
Epoch 40: loss = 703.8387451171875
Epoch 41: loss = 703.8385620117188
Epoch 42: loss = 703.837646484375
Epoch 43: loss = 703.8372802734375
Epoch 44: loss = 703.8358764648438
Epoch 45: loss = 703.8359375
Epoch 46: loss = 703.8358154296875
Epoch 47: loss = 703.8358154296875
Epoch 48: loss = 703.8353881835938
Epoch 49: loss = 703.8353271484375
Epoch 50: loss = 703.8353881835938
Epoch 51: loss = 703.8350830078125
Epoch 52: loss = 703.83447265625
Epoch 53: loss = 703.8346557617188
Epoch 54: loss = 703.8346557617188
Epoch 55: loss = 703.8341064453125
Epoch 56: loss = 703.83447265625
Epoch 57: loss = 703.8338623046875
Epoch 58: loss = 703.8346557617188
Epoch 59: loss = 703.83447265625
Epoch 60: loss = 703.8345947265625
Epoch 61: loss = 703.8345336914062
Epoch 62: loss = 703.833984375
Early stopping at epoch 62 with loss 703.8338623046875
Reconstruction for fluence = 6158.482110660255 photons/pixel
Epoch 0: loss = 207840816.0
Epoch 1: loss = 109103.4609375
Epoch 2: loss = 13026.2255859375
Epoch 3: loss = 4058.85400390625
Epoch 4: loss = 2457.8720703125
Epoch 5: loss = 2014.7587890625
Epoch 6: loss = 1867.33203125
Epoch 7: loss = 1807.319091796875
Epoch 8: loss = 1775.9404296875
Epoch 9: loss = 1755.801513671875
Epoch 10: loss = 1745.497314453125
Epoch 11: loss = 1739.08251953125
Epoch 12: loss = 1735.0460205078125
Epoch 13: loss = 1732.600341796875
Epoch 14: loss = 1730.8125
Epoch 15: loss = 1729.548583984375
Epoch 16: loss = 1728.680419921875
Epoch 17: loss = 1728.1072998046875
Epoch 18: loss = 1727.7314453125
Epoch 19: loss = 1727.4383544921875
Epoch 20: loss = 1727.208740234375
Epoch 21: loss = 1727.0457763671875
Epoch 22: loss = 1726.932861328125
Epoch 23: loss = 1726.852294921875
Epoch 24: loss = 1726.791259765625
Epoch 25: loss = 1726.7440185546875
Epoch 26: loss = 1726.701904296875
Epoch 27: loss = 1726.6981201171875
Epoch 28: loss = 1726.66943359375
Epoch 29: loss = 1726.652099609375
Epoch 30: loss = 1726.638916015625
Epoch 31: loss = 1726.62353515625
Epoch 32: loss = 1726.61279296875
Epoch 33: loss = 1726.606201171875
Epoch 34: loss = 1726.600830078125
Epoch 35: loss = 1726.5960693359375
Epoch 36: loss = 1726.590087890625
Epoch 37: loss = 1726.58642578125
Epoch 38: loss = 1726.5848388671875
Epoch 39: loss = 1726.5849609375
Epoch 40: loss = 1726.5826416015625
Epoch 41: loss = 1726.582275390625
Epoch 42: loss = 1726.582275390625
Epoch 43: loss = 1726.581787109375
Epoch 44: loss = 1726.57763671875
Epoch 45: loss = 1726.580810546875
Epoch 46: loss = 1726.577880859375
Epoch 47: loss = 1726.578857421875
Epoch 48: loss = 1726.579833984375
Epoch 49: loss = 1726.5791015625
Early stopping at epoch 49 with loss 1726.57763671875
Reconstruction for fluence = 14384.498882876629 photons/pixel
Epoch 0: loss = 1133642496.0
Epoch 1: loss = 577179.75
Epoch 2: loss = 66418.9375
Epoch 3: loss = 17072.9296875
Epoch 4: loss = 8271.328125
Epoch 5: loss = 5650.07373046875
Epoch 6: loss = 4818.2412109375
Epoch 7: loss = 4475.99951171875
Epoch 8: loss = 4301.369140625
Epoch 9: loss = 4200.52978515625
Epoch 10: loss = 4145.49072265625
Epoch 11: loss = 4117.017578125
Epoch 12: loss = 4100.9599609375
Epoch 13: loss = 4089.46728515625
Epoch 14: loss = 4081.38232421875
Epoch 15: loss = 4076.393310546875
Epoch 16: loss = 4072.9013671875
Epoch 17: loss = 4070.66552734375
Epoch 18: loss = 4068.893310546875
Epoch 19: loss = 4067.5947265625
Epoch 20: loss = 4066.4443359375
Epoch 21: loss = 4065.610595703125
Epoch 22: loss = 4065.0693359375
Epoch 23: loss = 4064.64208984375
Epoch 24: loss = 4064.3125
Epoch 25: loss = 4064.016357421875
Epoch 26: loss = 4063.788330078125
Epoch 27: loss = 4063.640625
Epoch 28: loss = 4063.52001953125
Epoch 29: loss = 4063.48828125
Epoch 30: loss = 4063.38330078125
Epoch 31: loss = 4063.337890625
Epoch 32: loss = 4063.2705078125
Epoch 33: loss = 4063.21142578125
Epoch 34: loss = 4063.161865234375
Epoch 35: loss = 4063.1396484375
Epoch 36: loss = 4063.13818359375
Epoch 37: loss = 4063.10986328125
Epoch 38: loss = 4063.0869140625
Epoch 39: loss = 4063.0595703125
Epoch 40: loss = 4063.048583984375
Epoch 41: loss = 4063.05224609375
Epoch 42: loss = 4063.040283203125
Epoch 43: loss = 4063.03759765625
Epoch 44: loss = 4063.02197265625
Epoch 45: loss = 4063.02197265625
Epoch 46: loss = 4063.021484375
Epoch 47: loss = 4063.00634765625
Epoch 48: loss = 4063.00390625
Epoch 49: loss = 4063.01416015625
Epoch 50: loss = 4063.0078125
Epoch 51: loss = 4063.008056640625
Epoch 52: loss = 4063.001220703125
Epoch 53: loss = 4062.99609375
Epoch 54: loss = 4062.991455078125
Epoch 55: loss = 4062.99853515625
Epoch 56: loss = 4062.998046875
Epoch 57: loss = 4062.9970703125
Epoch 58: loss = 4062.97509765625
Epoch 59: loss = 4062.98974609375
Epoch 60: loss = 4062.9931640625
Epoch 61: loss = 4062.99853515625
Epoch 62: loss = 4062.992919921875
Epoch 63: loss = 4062.986083984375
Early stopping at epoch 63 with loss 4062.97509765625
Reconstruction for fluence = 33598.18286283781 photons/pixel
Epoch 0: loss = 6184587264.0
Epoch 1: loss = 3155226.5
Epoch 2: loss = 349598.375
Epoch 3: loss = 75065.328125
Epoch 4: loss = 29812.330078125
Epoch 5: loss = 17577.54296875
Epoch 6: loss = 13293.7314453125
Epoch 7: loss = 11478.7177734375
Epoch 8: loss = 10509.5390625
Epoch 9: loss = 9993.7587890625
Epoch 10: loss = 9715.25
Epoch 11: loss = 9574.0634765625
Epoch 12: loss = 9474.009765625
Epoch 13: loss = 9416.1279296875
Epoch 14: loss = 9375.84375
Epoch 15: loss = 9350.48828125
Epoch 16: loss = 9332.4052734375
Epoch 17: loss = 9321.2841796875
Epoch 18: loss = 9312.986328125
Epoch 19: loss = 9306.849609375
Epoch 20: loss = 9302.4423828125
Epoch 21: loss = 9298.8251953125
Epoch 22: loss = 9296.400390625
Epoch 23: loss = 9294.625
Epoch 24: loss = 9293.2265625
Epoch 25: loss = 9292.095703125
Epoch 26: loss = 9291.2412109375
Epoch 27: loss = 9290.6923828125
Epoch 28: loss = 9290.2001953125
Epoch 29: loss = 9289.810546875
Epoch 30: loss = 9289.54296875
Epoch 31: loss = 9289.3037109375
Epoch 32: loss = 9289.1611328125
Epoch 33: loss = 9289.0302734375
Epoch 34: loss = 9288.9375
Epoch 35: loss = 9288.88671875
Epoch 36: loss = 9288.8037109375
Epoch 37: loss = 9288.724609375
Epoch 38: loss = 9288.685546875
Epoch 39: loss = 9288.693359375
Epoch 40: loss = 9288.6796875
Epoch 41: loss = 9288.6826171875
Epoch 42: loss = 9288.62890625
Epoch 43: loss = 9288.650390625
Epoch 44: loss = 9288.640625
Epoch 45: loss = 9288.6357421875
Epoch 46: loss = 9288.62109375
Epoch 47: loss = 9288.62109375
Epoch 48: loss = 9288.62109375
Epoch 49: loss = 9288.595703125
Epoch 50: loss = 9288.6083984375
Epoch 51: loss = 9288.60546875
Epoch 52: loss = 9288.5830078125
Epoch 53: loss = 9288.5693359375
Epoch 54: loss = 9288.5654296875
Epoch 55: loss = 9288.59765625
Epoch 56: loss = 9288.5859375
Epoch 57: loss = 9288.56640625
Epoch 58: loss = 9288.57421875
Epoch 59: loss = 9288.59375
Early stopping at epoch 59 with loss 9288.5654296875
Reconstruction for fluence = 78475.99703514607 photons/pixel
Epoch 0: loss = 33742770176.0
Epoch 1: loss = 16935628.0
Epoch 2: loss = 1868081.0
Epoch 3: loss = 396131.90625
Epoch 4: loss = 141791.671875
Epoch 5: loss = 67801.671875
Epoch 6: loss = 44523.28515625
Epoch 7: loss = 34642.515625
Epoch 8: loss = 29578.78515625
Epoch 9: loss = 26689.115234375
Epoch 10: loss = 25101.455078125
Epoch 11: loss = 24274.51171875
Epoch 12: loss = 23824.232421875
Epoch 13: loss = 23515.50390625
Epoch 14: loss = 23313.708984375
Epoch 15: loss = 23181.50390625
Epoch 16: loss = 23092.931640625
Epoch 17: loss = 23042.81640625
Epoch 18: loss = 22995.4921875
Epoch 19: loss = 22963.26953125
Epoch 20: loss = 22938.63671875
Epoch 21: loss = 22919.650390625
Epoch 22: loss = 22908.0859375
Epoch 23: loss = 22898.4921875
Epoch 24: loss = 22890.84765625
Epoch 25: loss = 22885.265625
Epoch 26: loss = 22881.0625
Epoch 27: loss = 22877.912109375
Epoch 28: loss = 22875.78515625
Epoch 29: loss = 22873.87109375
Epoch 30: loss = 22872.96875
Epoch 31: loss = 22871.6875
Epoch 32: loss = 22870.65234375
Epoch 33: loss = 22869.921875
Epoch 34: loss = 22869.4296875
Epoch 35: loss = 22868.958984375
Epoch 36: loss = 22868.56640625
Epoch 37: loss = 22868.1796875
Epoch 38: loss = 22868.015625
Epoch 39: loss = 22867.88671875
Epoch 40: loss = 22867.689453125
Epoch 41: loss = 22867.6015625
Epoch 42: loss = 22867.587890625
Epoch 43: loss = 22867.46484375
Epoch 44: loss = 22867.2890625
Epoch 45: loss = 22867.36328125
Epoch 46: loss = 22867.279296875
Epoch 47: loss = 22867.3359375
Epoch 48: loss = 22867.26171875
Epoch 49: loss = 22867.302734375
Epoch 50: loss = 22867.19140625
Epoch 51: loss = 22867.24609375
Epoch 52: loss = 22867.16796875
Epoch 53: loss = 22867.25
Epoch 54: loss = 22867.1875
Epoch 55: loss = 22867.17578125
Epoch 56: loss = 22867.20703125
Epoch 57: loss = 22867.3125
Early stopping at epoch 57 with loss 22867.16796875
Reconstruction for fluence = 183298.07108324335 photons/pixel
Epoch 0: loss = 184077303808.0
Epoch 1: loss = 92949984.0
Epoch 2: loss = 10068604.0
Epoch 3: loss = 2112330.75
Epoch 4: loss = 695026.9375
Epoch 5: loss = 295829.5
Epoch 6: loss = 166676.53125
Epoch 7: loss = 114079.3359375
Epoch 8: loss = 84910.796875
Epoch 9: loss = 69541.78125
Epoch 10: loss = 61891.0234375
Epoch 11: loss = 57304.90625
Epoch 12: loss = 54823.1015625
Epoch 13: loss = 53218.484375
Epoch 14: loss = 52066.1640625
Epoch 15: loss = 51317.1015625
Epoch 16: loss = 50798.2421875
Epoch 17: loss = 50518.32421875
Epoch 18: loss = 50283.9453125
Epoch 19: loss = 50106.72265625
Epoch 20: loss = 49976.8203125
Epoch 21: loss = 49876.3828125
Epoch 22: loss = 49815.30078125
Epoch 23: loss = 49763.77734375
Epoch 24: loss = 49726.171875
Epoch 25: loss = 49694.78125
Epoch 26: loss = 49673.171875
Epoch 27: loss = 49658.1796875
Epoch 28: loss = 49647.078125
Epoch 29: loss = 49637.28125
Epoch 30: loss = 49629.9296875
Epoch 31: loss = 49623.8125
Epoch 32: loss = 49618.890625
Epoch 33: loss = 49615.890625
Epoch 34: loss = 49613.2265625
Epoch 35: loss = 49610.84765625
Epoch 36: loss = 49609.0703125
Epoch 37: loss = 49607.5703125
Epoch 38: loss = 49606.109375
Epoch 39: loss = 49605.390625
Epoch 40: loss = 49605.5546875
Epoch 41: loss = 49604.84375
Epoch 42: loss = 49604.13671875
Epoch 43: loss = 49604.23046875
Epoch 44: loss = 49603.7109375
Epoch 45: loss = 49603.50390625
Epoch 46: loss = 49603.2578125
Epoch 47: loss = 49602.75390625
Epoch 48: loss = 49602.58984375
Epoch 49: loss = 49602.78515625
Epoch 50: loss = 49602.4921875
Epoch 51: loss = 49602.578125
Epoch 52: loss = 49602.296875
Epoch 53: loss = 49602.1328125
Epoch 54: loss = 49602.515625
Epoch 55: loss = 49602.3359375
Epoch 56: loss = 49602.3515625
Epoch 57: loss = 49602.4765625
Epoch 58: loss = 49601.95703125
Epoch 59: loss = 49602.46875
Epoch 60: loss = 49602.0234375
Epoch 61: loss = 49602.328125
Epoch 62: loss = 49601.9296875
Epoch 63: loss = 49601.69921875
Epoch 64: loss = 49602.234375
Epoch 65: loss = 49601.9140625
Epoch 66: loss = 49602.2109375
Epoch 67: loss = 49601.984375
Epoch 68: loss = 49602.2421875
Early stopping at epoch 68 with loss 49601.69921875
Reconstruction for fluence = 428133.2398719387 photons/pixel
Epoch 0: loss = 1004260622336.0
Epoch 1: loss = 506681888.0
Epoch 2: loss = 54692244.0
Epoch 3: loss = 11418657.0
Epoch 4: loss = 3806362.0
Epoch 5: loss = 1525386.0
Epoch 6: loss = 800414.125
Epoch 7: loss = 473495.6875
Epoch 8: loss = 320374.0625
Epoch 9: loss = 234732.1875
Epoch 10: loss = 188783.28125
Epoch 11: loss = 164078.8125
Epoch 12: loss = 149864.546875
Epoch 13: loss = 139809.84375
Epoch 14: loss = 133477.625
Epoch 15: loss = 129458.75
Epoch 16: loss = 126807.515625
Epoch 17: loss = 125140.21875
Epoch 18: loss = 123931.2265625
Epoch 19: loss = 123002.71875
Epoch 20: loss = 122273.15625
Epoch 21: loss = 121733.1171875
Epoch 22: loss = 121396.140625
Epoch 23: loss = 121116.21875
Epoch 24: loss = 120906.390625
Epoch 25: loss = 120736.234375
Epoch 26: loss = 120611.84375
Epoch 27: loss = 120528.9453125
Epoch 28: loss = 120459.625
Epoch 29: loss = 120403.1015625
Epoch 30: loss = 120362.8125
Epoch 31: loss = 120323.8671875
Epoch 32: loss = 120300.265625
Epoch 33: loss = 120283.21875
Epoch 34: loss = 120267.015625
Epoch 35: loss = 120255.1328125
Epoch 36: loss = 120249.03125
Epoch 37: loss = 120240.4296875
Epoch 38: loss = 120234.3671875
Epoch 39: loss = 120227.515625
Epoch 40: loss = 120226.828125
Epoch 41: loss = 120220.203125
Epoch 42: loss = 120219.453125
Epoch 43: loss = 120219.359375
Epoch 44: loss = 120217.0
Epoch 45: loss = 120217.0
Epoch 46: loss = 120216.09375
Epoch 47: loss = 120215.1171875
Epoch 48: loss = 120212.84375
Epoch 49: loss = 120213.75
Epoch 50: loss = 120212.8203125
Epoch 51: loss = 120212.671875
Epoch 52: loss = 120211.03125
Epoch 53: loss = 120211.953125
Epoch 54: loss = 120211.203125
Epoch 55: loss = 120211.4765625
Epoch 56: loss = 120211.4453125
Epoch 57: loss = 120211.25
Early stopping at epoch 57 with loss 120211.03125
Reconstruction for fluence = 1000000.0 photons/pixel
Epoch 0: loss = 5478898728960.0
Epoch 1: loss = 2758318592.0
Epoch 2: loss = 299099072.0
Epoch 3: loss = 60466856.0
Epoch 4: loss = 18858034.0
Epoch 5: loss = 7480019.0
Epoch 6: loss = 3652488.0
Epoch 7: loss = 2059159.0
Epoch 8: loss = 1300916.75
Epoch 9: loss = 871598.375
Epoch 10: loss = 624435.3125
Epoch 11: loss = 498631.875
Epoch 12: loss = 424841.0625
Epoch 13: loss = 379841.15625
Epoch 14: loss = 349792.8125
Epoch 15: loss = 329053.84375
Epoch 16: loss = 315516.40625
Epoch 17: loss = 306810.3125
Epoch 18: loss = 300298.75
Epoch 19: loss = 295469.09375
Epoch 20: loss = 291827.25
Epoch 21: loss = 289149.9375
Epoch 22: loss = 287362.8125
Epoch 23: loss = 285930.75
Epoch 24: loss = 284776.0625
Epoch 25: loss = 283942.0
Epoch 26: loss = 283267.96875
Epoch 27: loss = 282848.4375
Epoch 28: loss = 282482.375
Epoch 29: loss = 282195.75
Epoch 30: loss = 281972.78125
Epoch 31: loss = 281795.4375
Epoch 32: loss = 281672.625
Epoch 33: loss = 281582.8125
Epoch 34: loss = 281508.0
Epoch 35: loss = 281445.9375
Epoch 36: loss = 281394.21875
Epoch 37: loss = 281357.65625
Epoch 38: loss = 281329.40625
Epoch 39: loss = 281308.0625
Epoch 40: loss = 281288.4375
Epoch 41: loss = 281275.625
Epoch 42: loss = 281264.125
Epoch 43: loss = 281257.5625
Epoch 44: loss = 281246.09375
Epoch 45: loss = 281238.625
Epoch 46: loss = 281230.5625
Epoch 47: loss = 281227.9375
Epoch 48: loss = 281227.09375
Epoch 49: loss = 281224.75
Epoch 50: loss = 281222.5625
Epoch 51: loss = 281219.21875
Epoch 52: loss = 281213.875
Epoch 53: loss = 281216.6875
Epoch 54: loss = 281215.15625
Epoch 55: loss = 281215.6875
Epoch 56: loss = 281213.6875
Epoch 57: loss = 281213.4375
Epoch 58: loss = 281214.6875
Epoch 59: loss = 281214.40625
Epoch 60: loss = 281213.0
Epoch 61: loss = 281219.125
Epoch 62: loss = 281213.5
Epoch 63: loss = 281217.625
Epoch 64: loss = 281212.84375
Epoch 65: loss = 281207.46875
Epoch 66: loss = 281214.125
Epoch 67: loss = 281214.90625
Epoch 68: loss = 281209.5625
Epoch 69: loss = 281210.875
Epoch 70: loss = 281209.71875
Early stopping at epoch 70 with loss 281207.46875
Tensors initialization on device cuda
Multiprobe = band_lim
torch.Size([1, 64, 64])

('MSE', 'PoissonNLL') RECONSTRUCTIONS

Reconstruction for fluence = 0.09999999999999999 photons/pixel
Epoch 0: loss = 0.10027392953634262
Epoch 1: loss = 0.04103172942996025
Epoch 2: loss = 0.03954048082232475
Epoch 3: loss = 0.03926163911819458
Epoch 4: loss = 0.039189912378787994
Epoch 5: loss = 0.0391509048640728
Epoch 6: loss = 0.03912860155105591
Epoch 7: loss = 0.0391198955476284
Epoch 8: loss = 0.039107777178287506
Epoch 9: loss = 0.03908727318048477
Epoch 10: loss = 0.03907318785786629
Early stopping at epoch 10 with loss 0.0391509048640728
Epoch 0: loss = 0.10798049718141556
Epoch 1: loss = 0.08188806474208832
Epoch 2: loss = 0.0811709389090538
Epoch 3: loss = 0.081020787358284
Epoch 4: loss = 0.0810050517320633
Epoch 5: loss = 0.08100171387195587
Epoch 6: loss = 0.0809975117444992
Epoch 7: loss = 0.08099595457315445
Epoch 8: loss = 0.08099591732025146
Early stopping at epoch 8 with loss 0.081020787358284
Reconstruction for fluence = 0.23357214690901223 photons/pixel
Epoch 0: loss = 0.3659903109073639
Epoch 1: loss = 0.08953946083784103
Epoch 2: loss = 0.08575031906366348
Epoch 3: loss = 0.08509469032287598
Epoch 4: loss = 0.08494484424591064
Epoch 5: loss = 0.08490589261054993
Epoch 6: loss = 0.08488646149635315
Epoch 7: loss = 0.08486120402812958
Epoch 8: loss = 0.08484421670436859
Epoch 9: loss = 0.08483785390853882
Epoch 10: loss = 0.08483541756868362
Epoch 11: loss = 0.08483465015888214
Epoch 12: loss = 0.08481006324291229
Epoch 13: loss = 0.08475149422883987
Early stopping at epoch 13 with loss 0.08484421670436859
Epoch 0: loss = 0.12582743167877197
Epoch 1: loss = 0.08864371478557587
Epoch 2: loss = 0.08767662197351456
Epoch 3: loss = 0.08757954090833664
Epoch 4: loss = 0.08755725622177124
Epoch 5: loss = 0.08754995465278625
Epoch 6: loss = 0.08754799515008926
Epoch 7: loss = 0.0875459611415863
Epoch 8: loss = 0.08754463493824005
Epoch 9: loss = 0.08754110336303711
Early stopping at epoch 9 with loss 0.08755725622177124
Reconstruction for fluence = 0.5455594781168519 photons/pixel
Epoch 0: loss = 1.655294418334961
Epoch 1: loss = 0.20472684502601624
Epoch 2: loss = 0.19331583380699158
Epoch 3: loss = 0.19106389582157135
Epoch 4: loss = 0.19057384133338928
Epoch 5: loss = 0.19044949114322662
Epoch 6: loss = 0.19042034447193146
Epoch 7: loss = 0.1904112696647644
Epoch 8: loss = 0.19040820002555847
Epoch 9: loss = 0.1904074251651764
Epoch 10: loss = 0.19040709733963013
Early stopping at epoch 10 with loss 0.19044949114322662
Epoch 0: loss = 0.019206453114748
Epoch 1: loss = -0.03735930472612381
Epoch 2: loss = -0.03859599679708481
Epoch 3: loss = -0.038675397634506226
Epoch 4: loss = -0.038709595799446106
Epoch 5: loss = -0.038722679018974304
Epoch 6: loss = -0.038730353116989136
Epoch 7: loss = -0.03873071074485779
Epoch 8: loss = -0.038730718195438385
Epoch 9: loss = -0.03873072564601898
Early stopping at epoch 9 with loss -0.038709595799446106
Reconstruction for fluence = 1.2742749857031335 photons/pixel
Epoch 0: loss = 7.86482048034668
Epoch 1: loss = 0.49076128005981445
Epoch 2: loss = 0.45527219772338867
Epoch 3: loss = 0.4478920102119446
Epoch 4: loss = 0.4460873007774353
Epoch 5: loss = 0.44545236229896545
Epoch 6: loss = 0.445322722196579
Epoch 7: loss = 0.44527286291122437
Epoch 8: loss = 0.4452534019947052
Epoch 9: loss = 0.44524574279785156
Epoch 10: loss = 0.4452427327632904
Epoch 11: loss = 0.4452422857284546
Early stopping at epoch 11 with loss 0.445322722196579
Epoch 0: loss = -0.616418719291687
Epoch 1: loss = -0.6993721127510071
Epoch 2: loss = -0.701402485370636
Epoch 3: loss = -0.7016106843948364
Epoch 4: loss = -0.7016513347625732
Epoch 5: loss = -0.7016797065734863
Epoch 6: loss = -0.7016910314559937
Epoch 7: loss = -0.7016918659210205
Epoch 8: loss = -0.7016919851303101
Early stopping at epoch 8 with loss -0.7016106843948364
Reconstruction for fluence = 2.976351441631318 photons/pixel
Epoch 0: loss = 40.839420318603516
Epoch 1: loss = 1.121372938156128
Epoch 2: loss = 1.0109045505523682
Epoch 3: loss = 0.9876895546913147
Epoch 4: loss = 0.9802289009094238
Epoch 5: loss = 0.9776681661605835
Epoch 6: loss = 0.9770224690437317
Epoch 7: loss = 0.9767731428146362
Epoch 8: loss = 0.976667582988739
Epoch 9: loss = 0.9766217470169067
Epoch 10: loss = 0.9766031503677368
Epoch 11: loss = 0.9765946865081787
Epoch 12: loss = 0.9765915870666504
Epoch 13: loss = 0.9765908718109131
Early stopping at epoch 13 with loss 0.976667582988739
Epoch 0: loss = -2.886626720428467
Epoch 1: loss = -3.0048985481262207
Epoch 2: loss = -3.0083203315734863
Epoch 3: loss = -3.0086238384246826
Epoch 4: loss = -3.008774518966675
Epoch 5: loss = -3.008816719055176
Epoch 6: loss = -3.0088326930999756
Epoch 7: loss = -3.0088343620300293
Epoch 8: loss = -3.0088624954223633
Epoch 9: loss = -3.0088768005371094
Epoch 10: loss = -3.0088863372802734
Epoch 11: loss = -3.008887767791748
Epoch 12: loss = -3.0088887214660645
Epoch 13: loss = -3.0088891983032227
Epoch 14: loss = -3.008890151977539
Early stopping at epoch 14 with loss -3.0088768005371094
Reconstruction for fluence = 6.9519279617756045 photons/pixel
Epoch 0: loss = 215.1229248046875
Epoch 1: loss = 2.7899703979492188
Epoch 2: loss = 2.3633270263671875
Epoch 3: loss = 2.279167652130127
Epoch 4: loss = 2.2518081665039062
Epoch 5: loss = 2.242652177810669
Epoch 6: loss = 2.2393665313720703
Epoch 7: loss = 2.2381086349487305
Epoch 8: loss = 2.237448215484619
Epoch 9: loss = 2.2371456623077393
Epoch 10: loss = 2.237009048461914
Epoch 11: loss = 2.236952543258667
Epoch 12: loss = 2.236921787261963
Epoch 13: loss = 2.2369062900543213
Epoch 14: loss = 2.236898422241211
Epoch 0: loss = -10.18017578125
Epoch 1: loss = -10.352121353149414
Epoch 2: loss = -10.35696029663086
Epoch 3: loss = -10.357664108276367
Epoch 4: loss = -10.357854843139648
Epoch 5: loss = -10.35802173614502
Epoch 6: loss = -10.358074188232422
Epoch 7: loss = -10.358078002929688
Epoch 8: loss = -10.358087539672852
Epoch 9: loss = -10.358088493347168
Epoch 10: loss = -10.358089447021484
Early stopping at epoch 10 with loss -10.35802173614502
Reconstruction for fluence = 16.23776739188721 photons/pixel
Epoch 0: loss = 1171.601806640625
Epoch 1: loss = 7.073225021362305
Epoch 2: loss = 5.69891881942749
Epoch 3: loss = 5.401920795440674
Epoch 4: loss = 5.310462951660156
Epoch 5: loss = 5.277008533477783
Epoch 6: loss = 5.265816688537598
Epoch 7: loss = 5.260297775268555
Epoch 8: loss = 5.257692813873291
Epoch 9: loss = 5.2564849853515625
Epoch 10: loss = 5.255827903747559
Epoch 11: loss = 5.255556583404541
Epoch 12: loss = 5.255403518676758
Epoch 13: loss = 5.2553205490112305
Epoch 14: loss = 5.255250930786133
Epoch 0: loss = -31.561767578125
Epoch 1: loss = -31.809341430664062
Epoch 2: loss = -31.816471099853516
Epoch 3: loss = -31.817628860473633
Epoch 4: loss = -31.81787109375
Epoch 5: loss = -31.8179988861084
Epoch 6: loss = -31.81806182861328
Epoch 7: loss = -31.818164825439453
Epoch 8: loss = -31.818180084228516
Epoch 9: loss = -31.818199157714844
Epoch 10: loss = -31.818218231201172
Epoch 11: loss = -31.818225860595703
Epoch 12: loss = -31.818254470825195
Early stopping at epoch 12 with loss -31.818164825439453
Reconstruction for fluence = 37.926901907322495 photons/pixel
Epoch 0: loss = 6374.70849609375
Epoch 1: loss = 18.885278701782227
Epoch 2: loss = 12.986827850341797
Epoch 3: loss = 11.957712173461914
Epoch 4: loss = 11.605850219726562
Epoch 5: loss = 11.472221374511719
Epoch 6: loss = 11.419530868530273
Epoch 7: loss = 11.395215034484863
Epoch 8: loss = 11.37939453125
Epoch 9: loss = 11.371580123901367
Epoch 10: loss = 11.367027282714844
Epoch 11: loss = 11.364542007446289
Epoch 12: loss = 11.363076210021973
Epoch 13: loss = 11.362110137939453
Epoch 14: loss = 11.361522674560547
Epoch 0: loss = -91.78192138671875
Epoch 1: loss = -92.09222412109375
Epoch 2: loss = -92.10472106933594
Epoch 3: loss = -92.107177734375
Epoch 4: loss = -92.10784912109375
Epoch 5: loss = -92.10795593261719
Epoch 6: loss = -92.10801696777344
Epoch 7: loss = -92.10804748535156
Epoch 8: loss = -92.10810852050781
Epoch 9: loss = -92.10810852050781
Epoch 10: loss = -92.10813903808594
Epoch 11: loss = -92.10832977294922
Epoch 12: loss = -92.10836791992188
Epoch 13: loss = -92.10836791992188
Epoch 14: loss = -92.10841369628906
Epoch 15: loss = -92.10845947265625
Epoch 16: loss = -92.10847473144531
Epoch 17: loss = -92.1084976196289
Epoch 18: loss = -92.10850524902344
Epoch 19: loss = -92.10850524902344
Epoch 20: loss = -92.10850524902344
Early stopping at epoch 20 with loss -92.10845947265625
Reconstruction for fluence = 88.58667904100822 photons/pixel
Epoch 0: loss = 34671.171875
Epoch 1: loss = 56.163970947265625
Epoch 2: loss = 31.939250946044922
Epoch 3: loss = 28.208465576171875
Epoch 4: loss = 27.15355110168457
Epoch 5: loss = 26.74229621887207
Epoch 6: loss = 26.568065643310547
Epoch 7: loss = 26.48590850830078
Epoch 8: loss = 26.433958053588867
Epoch 9: loss = 26.405546188354492
Epoch 10: loss = 26.388486862182617
Epoch 11: loss = 26.379985809326172
Epoch 12: loss = 26.37484359741211
Epoch 13: loss = 26.37148094177246
Epoch 14: loss = 26.36915397644043
Epoch 0: loss = -257.2247314453125
Epoch 1: loss = -257.66278076171875
Epoch 2: loss = -257.6794738769531
Epoch 3: loss = -257.6819152832031
Epoch 4: loss = -257.6829833984375
Epoch 5: loss = -257.6832275390625
Epoch 6: loss = -257.683349609375
Epoch 7: loss = -257.68341064453125
Epoch 8: loss = -257.6834716796875
Epoch 9: loss = -257.68353271484375
Epoch 10: loss = -257.68353271484375
Epoch 11: loss = -257.68353271484375
Epoch 12: loss = -257.68353271484375
Epoch 13: loss = -257.68359375
Epoch 14: loss = -257.68359375
Epoch 15: loss = -257.68359375
Epoch 16: loss = -257.68359375
Epoch 17: loss = -257.68365478515625
Epoch 18: loss = -257.6836853027344
Early stopping at epoch 18 with loss -257.68359375
Reconstruction for fluence = 206.9138081114788 photons/pixel
Epoch 0: loss = 188728.21875
Epoch 1: loss = 206.73828125
Epoch 2: loss = 85.3838119506836
Epoch 3: loss = 70.19441223144531
Epoch 4: loss = 66.0987548828125
Epoch 5: loss = 64.72865295410156
Epoch 6: loss = 64.19966125488281
Epoch 7: loss = 63.93778991699219
Epoch 8: loss = 63.773345947265625
Epoch 9: loss = 63.66535949707031
Epoch 10: loss = 63.59720230102539
Epoch 11: loss = 63.55624771118164
Epoch 12: loss = 63.5302734375
Epoch 13: loss = 63.512977600097656
Epoch 14: loss = 63.50043487548828
Epoch 0: loss = -700.6673583984375
Epoch 1: loss = -701.232666015625
Epoch 2: loss = -701.254638671875
Epoch 3: loss = -701.2578125
Epoch 4: loss = -701.2579345703125
Epoch 5: loss = -701.25830078125
Epoch 6: loss = -701.2584838867188
Epoch 7: loss = -701.2584838867188
Epoch 8: loss = -701.2586669921875
Epoch 9: loss = -701.2587890625
Epoch 10: loss = -701.2587890625
Epoch 11: loss = -701.2588500976562
Epoch 12: loss = -701.2589111328125
Epoch 13: loss = -701.2589111328125
Epoch 14: loss = -701.2589111328125
Epoch 15: loss = -701.2589111328125
Epoch 16: loss = -701.2589111328125
Early stopping at epoch 16 with loss -701.2588500976562
Reconstruction for fluence = 483.2930238571752 photons/pixel
Epoch 0: loss = 1030277.75
Epoch 1: loss = 881.52490234375
Epoch 2: loss = 247.50714111328125
Epoch 3: loss = 169.57244873046875
Epoch 4: loss = 152.55096435546875
Epoch 5: loss = 146.47052001953125
Epoch 6: loss = 144.35232543945312
Epoch 7: loss = 143.20057678222656
Epoch 8: loss = 142.58604431152344
Epoch 9: loss = 142.18984985351562
Epoch 10: loss = 141.93148803710938
Epoch 11: loss = 141.7781524658203
Epoch 12: loss = 141.68267822265625
Epoch 13: loss = 141.60537719726562
Epoch 14: loss = 141.550048828125
Epoch 0: loss = -1867.60107421875
Epoch 1: loss = -1868.34326171875
Epoch 2: loss = -1868.368896484375
Epoch 3: loss = -1868.369384765625
Epoch 4: loss = -1868.370361328125
Epoch 5: loss = -1868.37060546875
Epoch 6: loss = -1868.37060546875
Epoch 7: loss = -1868.370849609375
Epoch 8: loss = -1868.370849609375
Epoch 9: loss = -1868.370849609375
Epoch 10: loss = -1868.37109375
Epoch 11: loss = -1868.37109375
Epoch 12: loss = -1868.3712158203125
Epoch 13: loss = -1868.37109375
Epoch 14: loss = -1868.3712158203125
Epoch 15: loss = -1868.371337890625
Epoch 16: loss = -1868.371337890625
Epoch 17: loss = -1868.371337890625
Epoch 18: loss = -1868.371826171875
Epoch 19: loss = -1868.3720703125
Epoch 20: loss = -1868.3720703125
Epoch 21: loss = -1868.3720703125
Epoch 22: loss = -1868.3720703125
Epoch 23: loss = -1868.372314453125
Epoch 24: loss = -1868.372314453125
Epoch 25: loss = -1868.372314453125
Epoch 26: loss = -1868.372314453125
Epoch 27: loss = -1868.372314453125
Epoch 28: loss = -1868.372802734375
Epoch 29: loss = -1868.372802734375
Epoch 30: loss = -1868.3729248046875
Epoch 31: loss = -1868.3729248046875
Epoch 32: loss = -1868.373046875
Epoch 33: loss = -1868.373046875
Epoch 34: loss = -1868.373046875
Epoch 35: loss = -1868.373046875
Epoch 36: loss = -1868.373046875
Epoch 37: loss = -1868.373046875
Early stopping at epoch 37 with loss -1868.373046875
Reconstruction for fluence = 1128.8378916846884 photons/pixel
Epoch 0: loss = 5619612.5
Epoch 1: loss = 4236.248046875
Epoch 2: loss = 842.7225952148438
Epoch 3: loss = 458.5595703125
Epoch 4: loss = 377.365234375
Epoch 5: loss = 352.23089599609375
Epoch 6: loss = 343.27423095703125
Epoch 7: loss = 339.0422058105469
Epoch 8: loss = 336.5993347167969
Epoch 9: loss = 335.0660400390625
Epoch 10: loss = 334.04376220703125
Epoch 11: loss = 333.4625549316406
Epoch 12: loss = 333.0805969238281
Epoch 13: loss = 332.8091735839844
Epoch 14: loss = 332.5909423828125
Epoch 0: loss = -4900.6787109375
Epoch 1: loss = -4901.5849609375
Epoch 2: loss = -4901.6064453125
Epoch 3: loss = -4901.607421875
Epoch 4: loss = -4901.60791015625
Epoch 5: loss = -4901.6083984375
Epoch 6: loss = -4901.60888671875
Epoch 7: loss = -4901.60888671875
Epoch 8: loss = -4901.609375
Epoch 9: loss = -4901.609375
Epoch 10: loss = -4901.609375
Epoch 11: loss = -4901.60986328125
Epoch 12: loss = -4901.60986328125
Epoch 13: loss = -4901.60986328125
Epoch 14: loss = -4901.60986328125
Epoch 15: loss = -4901.60986328125
Epoch 16: loss = -4901.60986328125
Early stopping at epoch 16 with loss -4901.60986328125
Reconstruction for fluence = 2636.6508987303555 photons/pixel
Epoch 0: loss = 30651850.0
Epoch 1: loss = 21642.455078125
Epoch 2: loss = 3458.662353515625
Epoch 3: loss = 1420.649169921875
Epoch 4: loss = 998.63037109375
Epoch 5: loss = 874.4693603515625
Epoch 6: loss = 829.3253784179688
Epoch 7: loss = 809.4432373046875
Epoch 8: loss = 798.6784057617188
Epoch 9: loss = 792.6964111328125
Epoch 10: loss = 789.0494995117188
Epoch 11: loss = 786.7801513671875
Epoch 12: loss = 785.5523071289062
Epoch 13: loss = 784.6514282226562
Epoch 14: loss = 783.951171875
Epoch 0: loss = -12707.623046875
Epoch 1: loss = -12708.7080078125
Epoch 2: loss = -12708.71484375
Epoch 3: loss = -12708.716796875
Epoch 4: loss = -12708.71875
Epoch 5: loss = -12708.7197265625
Epoch 6: loss = -12708.7216796875
Epoch 7: loss = -12708.72265625
Epoch 8: loss = -12708.72265625
Epoch 9: loss = -12708.724609375
Epoch 10: loss = -12708.724609375
Epoch 11: loss = -12708.724609375
Epoch 12: loss = -12708.724609375
Epoch 13: loss = -12708.724609375
Epoch 14: loss = -12708.724609375
Early stopping at epoch 14 with loss -12708.724609375
Reconstruction for fluence = 6158.482110660255 photons/pixel
Epoch 0: loss = 167219376.0
Epoch 1: loss = 115280.15625
Epoch 2: loss = 15664.0166015625
Epoch 3: loss = 5253.99853515625
Epoch 4: loss = 2975.5537109375
Epoch 5: loss = 2284.9521484375
Epoch 6: loss = 2087.76708984375
Epoch 7: loss = 1974.626220703125
Epoch 8: loss = 1922.853515625
Epoch 9: loss = 1892.15380859375
Epoch 10: loss = 1875.2392578125
Epoch 11: loss = 1865.4560546875
Epoch 12: loss = 1859.748291015625
Epoch 13: loss = 1855.5784912109375
Epoch 14: loss = 1852.632080078125
Epoch 0: loss = -32622.28125
Epoch 1: loss = -32623.57421875
Epoch 2: loss = -32623.578125
Epoch 3: loss = -32623.5859375
Epoch 4: loss = -32623.5859375
Epoch 5: loss = -32623.5859375
Epoch 6: loss = -32623.58984375
Epoch 7: loss = -32623.58984375
Epoch 8: loss = -32623.58984375
Epoch 9: loss = -32623.58984375
Epoch 10: loss = -32623.591796875
Epoch 11: loss = -32623.591796875
Epoch 12: loss = -32623.591796875
Epoch 13: loss = -32623.591796875
Epoch 14: loss = -32623.591796875
Epoch 15: loss = -32623.591796875
Early stopping at epoch 15 with loss -32623.591796875
Reconstruction for fluence = 14384.498882876629 photons/pixel
Epoch 0: loss = 912326272.0
Epoch 1: loss = 618976.375
Epoch 2: loss = 81745.6953125
Epoch 3: loss = 22345.580078125
Epoch 4: loss = 10144.171875
Epoch 5: loss = 6726.76416015625
Epoch 6: loss = 5602.44189453125
Epoch 7: loss = 5069.111328125
Epoch 8: loss = 4810.1953125
Epoch 9: loss = 4650.123046875
Epoch 10: loss = 4559.5380859375
Epoch 11: loss = 4506.875
Epoch 12: loss = 4478.4072265625
Epoch 13: loss = 4458.7880859375
Epoch 14: loss = 4443.8603515625
Epoch 0: loss = -83056.5859375
Epoch 1: loss = -83058.1875
Epoch 2: loss = -83058.21875
Epoch 3: loss = -83058.21875
Epoch 4: loss = -83058.21875
Epoch 5: loss = -83058.21875
Epoch 6: loss = -83058.21875
Epoch 7: loss = -83058.21875
Early stopping at epoch 7 with loss -83058.21875
Reconstruction for fluence = 33598.18286283781 photons/pixel
Epoch 0: loss = 4977597952.0
Epoch 1: loss = 3363322.75
Epoch 2: loss = 426734.75
Epoch 3: loss = 105387.921875
Epoch 4: loss = 39578.4453125
Epoch 5: loss = 21856.84375
Epoch 6: loss = 15699.0693359375
Epoch 7: loss = 13086.43359375
Epoch 8: loss = 11735.1826171875
Epoch 9: loss = 10981.384765625
Epoch 10: loss = 10509.26953125
Epoch 11: loss = 10245.7763671875
Epoch 12: loss = 10089.30078125
Epoch 13: loss = 9989.431640625
Epoch 14: loss = 9919.994140625
Epoch 0: loss = -210029.46875
Epoch 1: loss = -210031.375
Epoch 2: loss = -210031.421875
Epoch 3: loss = -210031.421875
Epoch 4: loss = -210031.421875
Epoch 5: loss = -210031.4375
Epoch 6: loss = -210031.4375
Epoch 7: loss = -210031.4375
Epoch 8: loss = -210031.4375
Epoch 9: loss = -210031.4375
Epoch 10: loss = -210031.4375
Early stopping at epoch 10 with loss -210031.4375
Reconstruction for fluence = 78475.99703514607 photons/pixel
Epoch 0: loss = 27155419136.0
Epoch 1: loss = 18323682.0
Epoch 2: loss = 2304187.75
Epoch 3: loss = 541691.25
Epoch 4: loss = 189983.59375
Epoch 5: loss = 86188.7265625
Epoch 6: loss = 53608.703125
Epoch 7: loss = 40042.6328125
Epoch 8: loss = 33383.046875
Epoch 9: loss = 28956.169921875
Epoch 10: loss = 26488.4921875
Epoch 11: loss = 25103.96875
Epoch 12: loss = 24384.0234375
Epoch 13: loss = 23873.3515625
Epoch 14: loss = 23515.3515625
Epoch 0: loss = -528011.75
Epoch 1: loss = -528014.625
Epoch 2: loss = -528014.75
Epoch 3: loss = -528014.75
Epoch 4: loss = -528014.75
Epoch 5: loss = -528014.75
Epoch 6: loss = -528014.75
Epoch 7: loss = -528014.75
Early stopping at epoch 7 with loss -528014.75
Reconstruction for fluence = 183298.07108324335 photons/pixel
Epoch 0: loss = 148148830208.0
Epoch 1: loss = 99673040.0
Epoch 2: loss = 12496692.0
Epoch 3: loss = 2858719.5
Epoch 4: loss = 929560.625
Epoch 5: loss = 386056.71875
Epoch 6: loss = 216748.1875
Epoch 7: loss = 142811.90625
Epoch 8: loss = 106001.796875
Epoch 9: loss = 85572.5625
Epoch 10: loss = 72699.4921875
Epoch 11: loss = 65358.828125
Epoch 12: loss = 61392.8984375
Epoch 13: loss = 58485.98828125
Epoch 14: loss = 56711.94140625
Epoch 0: loss = -1320767.25
Epoch 1: loss = -1320772.125
Epoch 2: loss = -1320772.125
Epoch 3: loss = -1320772.25
Epoch 4: loss = -1320772.25
Epoch 5: loss = -1320772.25
Epoch 6: loss = -1320772.25
Epoch 7: loss = -1320772.25
Epoch 8: loss = -1320772.25
Early stopping at epoch 8 with loss -1320772.25
Reconstruction for fluence = 428133.2398719387 photons/pixel
Epoch 0: loss = 808243036160.0
Epoch 1: loss = 543756928.0
Epoch 2: loss = 68101480.0
Epoch 3: loss = 15697239.0
Epoch 4: loss = 5479668.0
Epoch 5: loss = 2179965.0
Epoch 6: loss = 1122937.375
Epoch 7: loss = 683097.8125
Epoch 8: loss = 432367.125
Epoch 9: loss = 311276.625
Epoch 10: loss = 237781.859375
Epoch 11: loss = 198186.53125
Epoch 12: loss = 175794.21875
Epoch 13: loss = 162313.40625
Epoch 14: loss = 150353.296875
Epoch 0: loss = -3289244.5
Epoch 1: loss = -3289255.0
Epoch 2: loss = -3289255.5
Epoch 3: loss = -3289255.5
Epoch 4: loss = -3289255.5
Epoch 5: loss = -3289255.5
Epoch 6: loss = -3289255.5
Epoch 7: loss = -3289255.5
Early stopping at epoch 7 with loss -3289255.5
Reconstruction for fluence = 1000000.0 photons/pixel
Epoch 0: loss = 4409410977792.0
Epoch 1: loss = 2967131136.0
Epoch 2: loss = 370721600.0
Epoch 3: loss = 85681792.0
Epoch 4: loss = 28051964.0
Epoch 5: loss = 11566045.0
Epoch 6: loss = 5741951.0
Epoch 7: loss = 3238400.5
Epoch 8: loss = 2116274.5
Epoch 9: loss = 1350019.125
Epoch 10: loss = 944341.0625
Epoch 11: loss = 722905.375
Epoch 12: loss = 589901.0
Epoch 13: loss = 503741.625
Epoch 14: loss = 436873.0625
Epoch 0: loss = -8159976.5
Epoch 1: loss = -8159999.0
Epoch 2: loss = -8159999.0
Epoch 3: loss = -8160000.5
Epoch 4: loss = -8160000.5
Epoch 5: loss = -8160000.5
Epoch 6: loss = -8160000.5
Epoch 7: loss = -8160000.5
Epoch 8: loss = -8160000.5
Early stopping at epoch 8 with loss -8160000.5
Simulation for steps_size=19 and n_fluences=20 completed!
