Running simulation for n_modes=6 and n_fluences=20
Tensors initialization on device cuda
Multiprobe = band_lim
torch.Size([6, 64, 64])

('MSE', 'PoissonNLL') RECONSTRUCTIONS

Reconstruction for fluence = 0.09999999999999999 photons/pixel
Epoch 0: loss = 10784.65625
Epoch 1: loss = 3827.156005859375
Epoch 2: loss = 3827.156005859375
Epoch 3: loss = 3827.156005859375
Epoch 4: loss = 3827.156005859375
Epoch 5: loss = 3827.156005859375
Epoch 6: loss = 3827.156005859375
Epoch 7: loss = 3827.156005859375
Epoch 8: loss = 3827.156005859375
Epoch 9: loss = 3827.156005859375
Early stopping at epoch 9 with loss 3827.156005859375
Epoch 0: loss = 0.0028593025635927916
Epoch 1: loss = 0.002858322113752365
Epoch 2: loss = 0.0028573456220328808
Epoch 3: loss = 0.002856372855603695
Epoch 4: loss = 0.002855404280126095
Epoch 5: loss = 0.0028544398956000805
Epoch 6: loss = 0.002853479003533721
Epoch 7: loss = 0.0028525223024189472
Epoch 8: loss = 0.0028515695594251156
Early stopping at epoch 8 with loss 0.0028593025635927916
Reconstruction for fluence = 0.23357214690901223 photons/pixel
Epoch 0: loss = 24268.814453125
Epoch 1: loss = 8495.5859375
Epoch 2: loss = 8495.5859375
Epoch 3: loss = 8495.5859375
Epoch 4: loss = 8495.5859375
Epoch 5: loss = 8495.5859375
Epoch 6: loss = 8495.5849609375
Epoch 7: loss = 8495.5849609375
Epoch 8: loss = 8495.5849609375
Epoch 9: loss = 8495.5849609375
Epoch 10: loss = 8495.5849609375
Epoch 11: loss = 8495.5849609375
Epoch 12: loss = 8495.5849609375
Epoch 13: loss = 8495.5849609375
Epoch 14: loss = 8495.5849609375
Early stopping at epoch 14 with loss 8495.5849609375
Epoch 0: loss = 0.0055796136148273945
Epoch 1: loss = 0.005577234551310539
Epoch 2: loss = 0.005574865732342005
Epoch 3: loss = 0.00557250902056694
Epoch 4: loss = 0.005570163019001484
Epoch 5: loss = 0.00556782865896821
Epoch 6: loss = 0.005565504543483257
Epoch 7: loss = 0.005563192069530487
Epoch 8: loss = 0.005560889840126038
Early stopping at epoch 8 with loss 0.0055796136148273945
Reconstruction for fluence = 0.5455594781168519 photons/pixel
Epoch 0: loss = 54758.6640625
Epoch 1: loss = 19752.90625
Epoch 2: loss = 19752.90625
Epoch 3: loss = 19752.90625
Epoch 4: loss = 19752.90625
Epoch 5: loss = 19752.90625
Epoch 6: loss = 19752.90625
Epoch 7: loss = 19752.90625
Epoch 8: loss = 19752.90625
Epoch 9: loss = 19752.90625
Early stopping at epoch 9 with loss 19752.90625
Epoch 0: loss = 0.011086947284638882
Epoch 1: loss = 0.011081138625741005
Epoch 2: loss = 0.01107536256313324
Epoch 3: loss = 0.01106962002813816
Epoch 4: loss = 0.011063911952078342
Epoch 5: loss = 0.011058236472308636
Epoch 6: loss = 0.01105259545147419
Epoch 7: loss = 0.01104698795825243
Epoch 8: loss = 0.011041413992643356
Early stopping at epoch 8 with loss 0.011086947284638882
Reconstruction for fluence = 1.2742749857031335 photons/pixel
Epoch 0: loss = 121108.453125
Epoch 1: loss = 45549.3984375
Epoch 2: loss = 45549.3984375
Epoch 3: loss = 45549.3984375
Epoch 4: loss = 45549.3984375
Epoch 5: loss = 45549.3984375
Epoch 6: loss = 45549.3984375
Epoch 7: loss = 45549.3984375
Epoch 8: loss = 45549.3984375
Epoch 9: loss = 45549.3984375
Early stopping at epoch 9 with loss 45549.3984375
Epoch 0: loss = 0.02137996070086956
Epoch 1: loss = 0.013541259802877903
Epoch 2: loss = 0.013541259802877903
Epoch 3: loss = 0.013541259802877903
Epoch 4: loss = 0.013541259802877903
Epoch 5: loss = 0.013541259802877903
Epoch 6: loss = 0.013541259802877903
Epoch 7: loss = 0.013541259802877903
Epoch 8: loss = 0.013541259802877903
Epoch 9: loss = 0.013541259802877903
Early stopping at epoch 9 with loss 0.013541259802877903
Reconstruction for fluence = 2.976351441631318 photons/pixel
Epoch 0: loss = 259303.359375
Epoch 1: loss = 104114.875
Epoch 2: loss = 104114.875
Epoch 3: loss = 104114.875
Epoch 4: loss = 104114.875
Epoch 5: loss = 104114.875
Epoch 6: loss = 104114.875
Epoch 7: loss = 104114.875
Epoch 8: loss = 104114.875
Epoch 9: loss = 104114.875
Early stopping at epoch 9 with loss 104114.875
Epoch 0: loss = 0.03964937478303909
Epoch 1: loss = 0.026385009288787842
Epoch 2: loss = 0.026385009288787842
Epoch 3: loss = 0.026385009288787842
Epoch 4: loss = 0.026385009288787842
Epoch 5: loss = 0.026385009288787842
Epoch 6: loss = 0.026385009288787842
Epoch 7: loss = 0.026385009288787842
Epoch 8: loss = 0.026385009288787842
Epoch 9: loss = 0.026385009288787842
Early stopping at epoch 9 with loss 0.026385009288787842
Reconstruction for fluence = 6.9519279617756045 photons/pixel
Epoch 0: loss = 523542.25
Epoch 1: loss = 225950.59375
Epoch 2: loss = 225950.59375
Epoch 3: loss = 225950.578125
Epoch 4: loss = 225950.578125
Epoch 5: loss = 225950.578125
Epoch 6: loss = 225950.578125
Epoch 7: loss = 225950.578125
Epoch 8: loss = 225950.578125
Epoch 9: loss = 225950.578125
Epoch 10: loss = 225950.578125
Epoch 11: loss = 225950.578125
Early stopping at epoch 11 with loss 225950.578125
Epoch 0: loss = 0.0684470534324646
Epoch 1: loss = 0.04864850640296936
Epoch 2: loss = 0.04864850640296936
Epoch 3: loss = 0.04864850640296936
Epoch 4: loss = 0.04864850640296936
Epoch 5: loss = 0.04864850640296936
Epoch 6: loss = 0.04864850640296936
Epoch 7: loss = 0.04864850640296936
Epoch 8: loss = 0.04864850640296936
Epoch 9: loss = 0.04864850640296936
Early stopping at epoch 9 with loss 0.04864850640296936
Reconstruction for fluence = 16.23776739188721 photons/pixel
Epoch 0: loss = 964601.625
Epoch 1: loss = 448657.25
Epoch 2: loss = 448657.25
Epoch 3: loss = 448657.25
Epoch 4: loss = 448657.25
Epoch 5: loss = 448657.21875
Epoch 6: loss = 448657.21875
Epoch 7: loss = 448657.25
Epoch 8: loss = 448657.21875
Epoch 9: loss = 448657.25
Epoch 10: loss = 448657.25
Epoch 11: loss = 448657.25
Epoch 12: loss = 448657.25
Epoch 13: loss = 448657.25
Early stopping at epoch 13 with loss 448657.21875
Epoch 0: loss = 0.10812915861606598
Epoch 1: loss = 0.08336932957172394
Epoch 2: loss = 0.08336932957172394
Epoch 3: loss = 0.08336932957172394
Epoch 4: loss = 0.08336932957172394
Epoch 5: loss = 0.08336932957172394
Epoch 6: loss = 0.08336932957172394
Epoch 7: loss = 0.08336932957172394
Epoch 8: loss = 0.08336932957172394
Epoch 9: loss = 0.08336932957172394
Early stopping at epoch 9 with loss 0.08336932957172394
Reconstruction for fluence = 37.926901907322495 photons/pixel
Epoch 0: loss = 1544063.5
Epoch 1: loss = 748568.5
Epoch 2: loss = 748567.875
Epoch 3: loss = 748567.875
Epoch 4: loss = 748567.875
Epoch 5: loss = 748567.875
Epoch 6: loss = 748567.875
Epoch 7: loss = 748567.875
Epoch 8: loss = 748567.875
Epoch 9: loss = 748567.875
Epoch 10: loss = 748567.875
Early stopping at epoch 10 with loss 748567.875
Epoch 0: loss = 0.14816007018089294
Epoch 1: loss = 0.12398288398981094
Epoch 2: loss = 0.12398288398981094
Epoch 3: loss = 0.12398288398981094
Epoch 4: loss = 0.12398288398981094
Epoch 5: loss = 0.12398288398981094
Epoch 6: loss = 0.12398288398981094
Epoch 7: loss = 0.12398288398981094
Epoch 8: loss = 0.12398288398981094
Epoch 9: loss = 0.12398288398981094
Early stopping at epoch 9 with loss 0.12398288398981094
Reconstruction for fluence = 88.58667904100822 photons/pixel
Epoch 0: loss = 2124727.25
Epoch 1: loss = 952051.75
Epoch 2: loss = 952051.75
Epoch 3: loss = 952051.75
Epoch 4: loss = 952051.75
Epoch 5: loss = 952051.75
Epoch 6: loss = 952051.75
Epoch 7: loss = 952051.75
Epoch 8: loss = 952051.75
Epoch 9: loss = 952051.75
Early stopping at epoch 9 with loss 952051.75
Epoch 0: loss = 0.14615333080291748
Epoch 1: loss = 0.12501981854438782
Epoch 2: loss = 0.12501981854438782
Epoch 3: loss = 0.12501981854438782
Epoch 4: loss = 0.12501981854438782
Epoch 5: loss = 0.12501981854438782
Epoch 6: loss = 0.12501981854438782
Epoch 7: loss = 0.12501981854438782
Epoch 8: loss = 0.12501981854438782
Epoch 9: loss = 0.12501981854438782
Early stopping at epoch 9 with loss 0.12501981854438782
Reconstruction for fluence = 206.9138081114788 photons/pixel
Epoch 0: loss = 2969139.5
Epoch 1: loss = 975552.0
Epoch 2: loss = 975551.0
Epoch 3: loss = 975550.875
Epoch 4: loss = 975550.875
Epoch 5: loss = 975550.875
Epoch 6: loss = 975550.875
Epoch 7: loss = 975550.875
Epoch 8: loss = 975550.875
Epoch 9: loss = 975550.875
Epoch 10: loss = 975550.875
Epoch 11: loss = 975550.875
Early stopping at epoch 11 with loss 975550.875
Epoch 0: loss = -0.06838815659284592
Epoch 1: loss = -0.09367120265960693
Epoch 2: loss = -0.09367125481367111
Epoch 3: loss = -0.09367125481367111
Epoch 4: loss = -0.09367125481367111
Epoch 5: loss = -0.09367125481367111
Epoch 6: loss = -0.09367125481367111
Epoch 7: loss = -0.09367125481367111
Epoch 8: loss = -0.09367125481367111
Epoch 9: loss = -0.09367125481367111
Early stopping at epoch 9 with loss -0.09367120265960693
Reconstruction for fluence = 483.2930238571752 photons/pixel
Epoch 0: loss = 5292619.0
Epoch 1: loss = 1118283.25
Epoch 2: loss = 1118283.25
Epoch 3: loss = 1118283.25
Epoch 4: loss = 1118283.25
Epoch 5: loss = 1118283.25
Epoch 6: loss = 1118283.25
Epoch 7: loss = 1118283.25
Epoch 8: loss = 1118283.25
Epoch 9: loss = 1118283.25
Early stopping at epoch 9 with loss 1118283.25
Epoch 0: loss = -1.0812766551971436
Epoch 1: loss = -1.1188210248947144
Epoch 2: loss = -1.1188210248947144
Epoch 3: loss = -1.1188210248947144
Epoch 4: loss = -1.1188210248947144
Epoch 5: loss = -1.1188210248947144
Epoch 6: loss = -1.1188210248947144
Epoch 7: loss = -1.1188210248947144
Epoch 8: loss = -1.1188210248947144
Epoch 9: loss = -1.1188210248947144
Early stopping at epoch 9 with loss -1.1188210248947144
Reconstruction for fluence = 1128.8378916846884 photons/pixel
Epoch 0: loss = 11153574.0
Epoch 1: loss = 1521941.0
Epoch 2: loss = 1521940.875
Epoch 3: loss = 1521940.875
Epoch 4: loss = 1521940.875
Epoch 5: loss = 1521940.875
Epoch 6: loss = 1521940.875
Epoch 7: loss = 1521940.875
Epoch 8: loss = 1521940.875
Epoch 9: loss = 1521940.875
Epoch 10: loss = 1521940.875
Early stopping at epoch 10 with loss 1521940.875
Epoch 0: loss = -4.667367935180664
Epoch 1: loss = -4.719873428344727
Epoch 2: loss = -4.719873428344727
Epoch 3: loss = -4.719873428344727
Epoch 4: loss = -4.719873428344727
Epoch 5: loss = -4.719873428344727
Epoch 6: loss = -4.719873428344727
Epoch 7: loss = -4.719873905181885
Epoch 8: loss = -4.719873428344727
Epoch 9: loss = -4.719873428344727
Early stopping at epoch 9 with loss -4.719873428344727
Reconstruction for fluence = 2636.6508987303555 photons/pixel
Epoch 0: loss = 24980352.0
Epoch 1: loss = 2118500.75
Epoch 2: loss = 2118500.75
Epoch 3: loss = 2118500.75
Epoch 4: loss = 2118500.75
Epoch 5: loss = 2118500.75
Epoch 6: loss = 2118500.75
Epoch 7: loss = 2118500.75
Epoch 8: loss = 2118500.75
Epoch 9: loss = 2118500.75
Early stopping at epoch 9 with loss 2118500.75
Epoch 0: loss = -15.871575355529785
Epoch 1: loss = -15.938241958618164
Epoch 2: loss = -15.938241958618164
Epoch 3: loss = -15.938241958618164
Epoch 4: loss = -15.938241958618164
Epoch 5: loss = -15.938241958618164
Epoch 6: loss = -15.938241958618164
Epoch 7: loss = -15.938241958618164
Epoch 8: loss = -15.938241958618164
Epoch 9: loss = -15.938241958618164
Early stopping at epoch 9 with loss -15.938241958618164
Reconstruction for fluence = 6158.482110660255 photons/pixel
Epoch 0: loss = 57304120.0
Epoch 1: loss = 2860811.75
Epoch 2: loss = 2860811.25
Epoch 3: loss = 2860811.25
Epoch 4: loss = 2860811.25
Epoch 5: loss = 2860811.25
Epoch 6: loss = 2860811.25
Epoch 7: loss = 2860811.25
Epoch 8: loss = 2860811.25
Epoch 9: loss = 2860811.25
Epoch 10: loss = 2860811.0
Epoch 11: loss = 2860811.0
Epoch 12: loss = 2860811.0
Epoch 13: loss = 2860811.0
Epoch 14: loss = 2860811.0
Epoch 0: loss = -48.62994384765625
Epoch 1: loss = -48.706260681152344
Epoch 2: loss = -48.70634460449219
Epoch 3: loss = -48.70634460449219
Epoch 4: loss = -48.70634460449219
Epoch 5: loss = -48.70634460449219
Epoch 6: loss = -48.70634460449219
Epoch 7: loss = -48.70634460449219
Epoch 8: loss = -48.70634460449219
Epoch 9: loss = -48.70634460449219
Early stopping at epoch 9 with loss -48.706260681152344
Reconstruction for fluence = 14384.498882876629 photons/pixel
Epoch 0: loss = 132820520.0
Epoch 1: loss = 3699926.0
Epoch 2: loss = 3699923.5
Epoch 3: loss = 3699923.5
Epoch 4: loss = 3699923.25
Epoch 5: loss = 3699923.25
Epoch 6: loss = 3699923.5
Epoch 7: loss = 3699923.25
Epoch 8: loss = 3699923.25
Epoch 9: loss = 3699923.25
Epoch 10: loss = 3699923.25
Epoch 11: loss = 3699923.25
Epoch 12: loss = 3699923.5
Early stopping at epoch 12 with loss 3699923.25
Epoch 0: loss = -140.49249267578125
Epoch 1: loss = -140.5693359375
Epoch 2: loss = -140.56936645507812
Epoch 3: loss = -140.56936645507812
Epoch 4: loss = -140.56936645507812
Epoch 5: loss = -140.56936645507812
Epoch 6: loss = -140.56936645507812
Epoch 7: loss = -140.56936645507812
Epoch 8: loss = -140.56936645507812
Epoch 9: loss = -140.56936645507812
Early stopping at epoch 9 with loss -140.5693359375
Reconstruction for fluence = 33598.18286283781 photons/pixel
Epoch 0: loss = 309223648.0
Epoch 1: loss = 4476979.0
Epoch 2: loss = 4476974.5
Epoch 3: loss = 4476974.5
Epoch 4: loss = 4476974.0
Epoch 5: loss = 4476974.0
Epoch 6: loss = 4476974.0
Epoch 7: loss = 4476974.0
Epoch 8: loss = 4476974.0
Epoch 9: loss = 4476974.0
Epoch 10: loss = 4476974.0
Epoch 11: loss = 4476974.0
Epoch 12: loss = 4476974.0
Early stopping at epoch 12 with loss 4476974.0
Epoch 0: loss = -390.89483642578125
Epoch 1: loss = -390.96026611328125
Epoch 2: loss = -390.96026611328125
Epoch 3: loss = -390.96026611328125
Epoch 4: loss = -390.96026611328125
Epoch 5: loss = -390.9602966308594
Epoch 6: loss = -390.9602966308594
Epoch 7: loss = -390.9602966308594
Epoch 8: loss = -390.9602966308594
Epoch 9: loss = -390.9602966308594
Early stopping at epoch 9 with loss -390.96026611328125
Reconstruction for fluence = 78475.99703514607 photons/pixel
Epoch 0: loss = 721081664.0
Epoch 1: loss = 4979204.0
Epoch 2: loss = 4979170.5
Epoch 3: loss = 4979170.0
Epoch 4: loss = 4979170.0
Epoch 5: loss = 4979170.5
Epoch 6: loss = 4979170.0
Epoch 7: loss = 4979170.5
Epoch 8: loss = 4979170.5
Epoch 9: loss = 4979170.5
Epoch 10: loss = 4979170.5
Epoch 11: loss = 4979170.5
Early stopping at epoch 11 with loss 4979170.0
Epoch 0: loss = -1059.5255126953125
Epoch 1: loss = -1059.571044921875
Epoch 2: loss = -1059.5711669921875
Epoch 3: loss = -1059.5711669921875
Epoch 4: loss = -1059.5711669921875
Epoch 5: loss = -1059.5711669921875
Epoch 6: loss = -1059.5711669921875
Epoch 7: loss = -1059.5711669921875
Epoch 8: loss = -1059.5711669921875
Epoch 9: loss = -1059.5711669921875
Early stopping at epoch 9 with loss -1059.571044921875
Reconstruction for fluence = 183298.07108324335 photons/pixel
Epoch 0: loss = 1683457792.0
Epoch 1: loss = 5071453.5
Epoch 2: loss = 5070783.0
Epoch 3: loss = 5070782.0
Epoch 4: loss = 5070782.0
Epoch 5: loss = 5070782.0
Epoch 6: loss = 5070782.0
Epoch 7: loss = 5070782.0
Epoch 8: loss = 5070782.0
Epoch 9: loss = 5070782.0
Epoch 10: loss = 5070782.0
Epoch 11: loss = 5070782.0
Early stopping at epoch 11 with loss 5070782.0
Epoch 0: loss = -2816.294921875
Epoch 1: loss = -2816.31982421875
Epoch 2: loss = -2816.320068359375
Epoch 3: loss = -2816.320068359375
Epoch 4: loss = -2816.320068359375
Epoch 5: loss = -2816.320068359375
Epoch 6: loss = -2816.320068359375
Epoch 7: loss = -2816.320068359375
Epoch 8: loss = -2816.320068359375
Epoch 9: loss = -2816.320068359375
Epoch 10: loss = -2816.320068359375
Early stopping at epoch 10 with loss -2816.320068359375
Reconstruction for fluence = 428133.2398719387 photons/pixel
Epoch 0: loss = 3931213056.0
Epoch 1: loss = 4859126.0
Epoch 2: loss = 4858835.0
Epoch 3: loss = 4858835.0
Epoch 4: loss = 4858835.0
Epoch 5: loss = 4858835.0
Epoch 6: loss = 4858835.0
Epoch 7: loss = 4858835.0
Epoch 8: loss = 4858835.0
Epoch 9: loss = 4858835.0
Epoch 10: loss = 4858835.0
Early stopping at epoch 10 with loss 4858835.0
Epoch 0: loss = -7376.09765625
Epoch 1: loss = -7376.10888671875
Epoch 2: loss = -7376.10888671875
Epoch 3: loss = -7376.109375
Epoch 4: loss = -7376.109375
Epoch 5: loss = -7376.10888671875
Epoch 6: loss = -7376.10888671875
Epoch 7: loss = -7376.10888671875
Epoch 8: loss = -7376.10888671875
Epoch 9: loss = -7376.10888671875
Epoch 10: loss = -7376.10888671875
Epoch 11: loss = -7376.10888671875
Early stopping at epoch 11 with loss -7376.109375
Reconstruction for fluence = 1000000.0 photons/pixel
Epoch 0: loss = 9181233152.0
Epoch 1: loss = 4596159.0
Epoch 2: loss = 4584452.0
Epoch 3: loss = 4584452.0
Epoch 4: loss = 4584452.0
Epoch 5: loss = 4584452.0
Epoch 6: loss = 4584452.0
Epoch 7: loss = 4584452.0
Epoch 8: loss = 4584452.0
Epoch 9: loss = 4584452.0
Epoch 10: loss = 4584452.0
Early stopping at epoch 10 with loss 4584452.0
Epoch 0: loss = -19092.34765625
Epoch 1: loss = -19092.3515625
Epoch 2: loss = -19092.3515625
Epoch 3: loss = -19092.3515625
Epoch 4: loss = -19092.3515625
Epoch 5: loss = -19092.3515625
Epoch 6: loss = -19092.353515625
Epoch 7: loss = -19092.353515625
Epoch 8: loss = -19092.353515625
Epoch 9: loss = -19092.353515625
Epoch 10: loss = -19092.353515625
Epoch 11: loss = -19092.353515625
Epoch 12: loss = -19092.353515625
Epoch 13: loss = -19092.353515625
Epoch 14: loss = -19092.353515625
Early stopping at epoch 14 with loss -19092.353515625
Simulation for n_modes=6 and n_fluences=20 completed!
