Running simulation for steps_size=6 and n_fluences=20
Steps size: 6
Tensors initialization on device cuda
Multiprobe = band_lim
torch.Size([1, 64, 64])

('MSE', None) RECONSTRUCTIONS

Reconstruction for fluence = 0.09999999999999999 photons/pixel
Epoch 0: loss = 0.016729937866330147
Epoch 1: loss = 0.01672649011015892
Epoch 2: loss = 0.016723040491342545
Epoch 3: loss = 0.01671958714723587
Epoch 4: loss = 0.016716137528419495
Epoch 5: loss = 0.01671268790960312
Early stopping at epoch 5 with loss 0.016729937866330147
Reconstruction for fluence = 0.23357214690901223 photons/pixel
Epoch 0: loss = 0.03256106376647949
Epoch 1: loss = 0.03254600614309311
Epoch 2: loss = 0.03253094479441643
Epoch 3: loss = 0.03251589462161064
Epoch 4: loss = 0.03250085562467575
Epoch 5: loss = 0.03248583525419235
Early stopping at epoch 5 with loss 0.03256106376647949
Reconstruction for fluence = 0.5455594781168519 photons/pixel
Epoch 0: loss = 0.05785375088453293
Epoch 1: loss = 0.028623607009649277
Epoch 2: loss = 0.026487750932574272
Epoch 3: loss = 0.026487750932574272
Epoch 4: loss = 0.026487750932574272
Epoch 5: loss = 0.026487750932574272
Epoch 6: loss = 0.026487750932574272
Epoch 7: loss = 0.026487750932574272
Early stopping at epoch 7 with loss 0.026487750932574272
Reconstruction for fluence = 1.2742749857031335 photons/pixel
Epoch 0: loss = 0.09145756810903549
Epoch 1: loss = 0.04132469370961189
Epoch 2: loss = 0.041324432939291
Epoch 3: loss = 0.041324432939291
Epoch 4: loss = 0.041324432939291
Epoch 5: loss = 0.041324432939291
Epoch 6: loss = 0.041324432939291
Early stopping at epoch 6 with loss 0.04132469370961189
Reconstruction for fluence = 2.976351441631318 photons/pixel
Epoch 0: loss = 0.13554775714874268
Epoch 1: loss = 0.051798801869153976
Epoch 2: loss = 0.051755744963884354
Epoch 3: loss = 0.05175573751330376
Epoch 4: loss = 0.05175573751330376
Epoch 5: loss = 0.05175573751330376
Epoch 6: loss = 0.05175573751330376
Early stopping at epoch 6 with loss 0.051798801869153976
Reconstruction for fluence = 6.9519279617756045 photons/pixel
Epoch 0: loss = 0.22299818694591522
Epoch 1: loss = 0.05971574783325195
Epoch 2: loss = 0.05971553176641464
Epoch 3: loss = 0.05971553176641464
Epoch 4: loss = 0.05971553176641464
Epoch 5: loss = 0.05971553176641464
Epoch 6: loss = 0.05971553176641464
Early stopping at epoch 6 with loss 0.05971574783325195
Reconstruction for fluence = 16.23776739188721 photons/pixel
Epoch 0: loss = 0.4284549355506897
Epoch 1: loss = 0.07278639078140259
Epoch 2: loss = 0.07278624922037125
Epoch 3: loss = 0.07278624922037125
Epoch 4: loss = 0.07278624922037125
Epoch 5: loss = 0.07278624176979065
Epoch 6: loss = 0.07278624176979065
Early stopping at epoch 6 with loss 0.07278639078140259
Reconstruction for fluence = 37.926901907322495 photons/pixel
Epoch 0: loss = 0.9211706519126892
Epoch 1: loss = 0.09513836354017258
Epoch 2: loss = 0.09513832628726959
Epoch 3: loss = 0.09513832628726959
Epoch 4: loss = 0.09513832628726959
Epoch 5: loss = 0.0951383113861084
Epoch 6: loss = 0.0951383113861084
Early stopping at epoch 6 with loss 0.09513836354017258
Reconstruction for fluence = 88.58667904100822 photons/pixel
Epoch 0: loss = 2.0740394592285156
Epoch 1: loss = 0.12706300616264343
Epoch 2: loss = 0.12706293165683746
Epoch 3: loss = 0.12706293165683746
Epoch 4: loss = 0.12706293165683746
Epoch 5: loss = 0.12706293165683746
Epoch 6: loss = 0.12706291675567627
Early stopping at epoch 6 with loss 0.12706300616264343
Reconstruction for fluence = 206.9138081114788 photons/pixel
Epoch 0: loss = 4.769243240356445
Epoch 1: loss = 0.16735891997814178
Epoch 2: loss = 0.1673588901758194
Epoch 3: loss = 0.1673588901758194
Epoch 4: loss = 0.1673588901758194
Epoch 5: loss = 0.1673588901758194
Epoch 6: loss = 0.1673588901758194
Early stopping at epoch 6 with loss 0.16735891997814178
Reconstruction for fluence = 483.2930238571752 photons/pixel
Epoch 0: loss = 11.059991836547852
Epoch 1: loss = 0.21205364167690277
Epoch 2: loss = 0.21205362677574158
Epoch 3: loss = 0.21205361187458038
Epoch 4: loss = 0.2120535969734192
Epoch 5: loss = 0.2120535969734192
Epoch 6: loss = 0.2120535969734192
Early stopping at epoch 6 with loss 0.21205364167690277
Reconstruction for fluence = 1128.8378916846884 photons/pixel
Epoch 0: loss = 25.780437469482422
Epoch 1: loss = 0.253067284822464
Epoch 2: loss = 0.25306716561317444
Epoch 3: loss = 0.25306716561317444
Epoch 4: loss = 0.25306716561317444
Epoch 5: loss = 0.25306716561317444
Epoch 6: loss = 0.25306716561317444
Early stopping at epoch 6 with loss 0.253067284822464
Reconstruction for fluence = 2636.6508987303555 photons/pixel
Epoch 0: loss = 60.140411376953125
Epoch 1: loss = 0.2815319299697876
Epoch 2: loss = 0.2815319299697876
Epoch 3: loss = 0.2815319299697876
Epoch 4: loss = 0.2815319299697876
Epoch 5: loss = 0.2815319299697876
Epoch 6: loss = 0.2815319299697876
Early stopping at epoch 6 with loss 0.2815319299697876
Reconstruction for fluence = 6158.482110660255 photons/pixel
Epoch 0: loss = 140.43618774414062
Epoch 1: loss = 0.29092901945114136
Epoch 2: loss = 0.29092898964881897
Epoch 3: loss = 0.29092898964881897
Epoch 4: loss = 0.29092898964881897
Epoch 5: loss = 0.29092898964881897
Epoch 6: loss = 0.29092898964881897
Early stopping at epoch 6 with loss 0.29092901945114136
Reconstruction for fluence = 14384.498882876629 photons/pixel
Epoch 0: loss = 327.9686584472656
Epoch 1: loss = 0.2867435812950134
Epoch 2: loss = 0.28674352169036865
Epoch 3: loss = 0.28674349188804626
Epoch 4: loss = 0.28674349188804626
Epoch 5: loss = 0.28674349188804626
Epoch 6: loss = 0.28674349188804626
Early stopping at epoch 6 with loss 0.2867435812950134
Reconstruction for fluence = 33598.18286283781 photons/pixel
Epoch 0: loss = 765.9742431640625
Epoch 1: loss = 0.27424317598342896
Epoch 2: loss = 0.2742399573326111
Epoch 3: loss = 0.2742399573326111
Epoch 4: loss = 0.2742399573326111
Epoch 5: loss = 0.2742399573326111
Epoch 6: loss = 0.2742399573326111
Early stopping at epoch 6 with loss 0.27424317598342896
Reconstruction for fluence = 78475.99703514607 photons/pixel
Epoch 0: loss = 1789.05322265625
Epoch 1: loss = 0.26417386531829834
Epoch 2: loss = 0.2641710042953491
Epoch 3: loss = 0.2641710042953491
Epoch 4: loss = 0.2641710042953491
Epoch 5: loss = 0.2641710042953491
Epoch 6: loss = 0.2641710042953491
Early stopping at epoch 6 with loss 0.26417386531829834
Reconstruction for fluence = 183298.07108324335 photons/pixel
Epoch 0: loss = 4178.5908203125
Epoch 1: loss = 0.2554801106452942
Epoch 2: loss = 0.25547876954078674
Epoch 3: loss = 0.25547873973846436
Epoch 4: loss = 0.25547870993614197
Epoch 5: loss = 0.25547870993614197
Epoch 6: loss = 0.25547870993614197
Early stopping at epoch 6 with loss 0.2554801106452942
Reconstruction for fluence = 428133.2398719387 photons/pixel
Epoch 0: loss = 9759.6171875
Epoch 1: loss = 0.2508053183555603
Epoch 2: loss = 0.25076913833618164
Epoch 3: loss = 0.25076913833618164
Epoch 4: loss = 0.25076913833618164
Epoch 5: loss = 0.25076913833618164
Epoch 6: loss = 0.25076913833618164
Early stopping at epoch 6 with loss 0.2508053183555603
Reconstruction for fluence = 1000000.0 photons/pixel
Epoch 0: loss = 22796.01953125
Epoch 1: loss = 0.24856428802013397
Epoch 2: loss = 0.24854138493537903
Epoch 3: loss = 0.24854138493537903
Epoch 4: loss = 0.24854138493537903
Epoch 5: loss = 0.24854138493537903
Epoch 6: loss = 0.24854138493537903
Early stopping at epoch 6 with loss 0.24856428802013397
Tensors initialization on device cuda
Multiprobe = band_lim
torch.Size([1, 64, 64])

('MSE', 'PoissonNLL') RECONSTRUCTIONS

Reconstruction for fluence = 0.09999999999999999 photons/pixel
Epoch 0: loss = 0.016444995999336243
Epoch 1: loss = 0.01644200272858143
Epoch 2: loss = 0.016439007595181465
Epoch 3: loss = 0.01643601432442665
Epoch 4: loss = 0.016433021053671837
Epoch 5: loss = 0.016430025920271873
Early stopping at epoch 5 with loss 0.016444995999336243
Epoch 0: loss = 0.03397335112094879
Epoch 1: loss = 0.02569967694580555
Epoch 2: loss = 0.02567760832607746
Epoch 3: loss = 0.02567760832607746
Epoch 4: loss = 0.02567760832607746
Epoch 5: loss = 0.02567760832607746
Epoch 6: loss = 0.02567760832607746
Early stopping at epoch 6 with loss 0.02569967694580555
Reconstruction for fluence = 0.23357214690901223 photons/pixel
Epoch 0: loss = 0.031853143125772476
Epoch 1: loss = 0.03184022754430771
Epoch 2: loss = 0.03182731568813324
Epoch 3: loss = 0.03181440383195877
Epoch 4: loss = 0.031801510602235794
Epoch 5: loss = 0.03178861737251282
Early stopping at epoch 5 with loss 0.031853143125772476
Epoch 0: loss = 0.06218625605106354
Epoch 1: loss = 0.04599059000611305
Epoch 2: loss = 0.04595726728439331
Epoch 3: loss = 0.04595726728439331
Epoch 4: loss = 0.04595726728439331
Epoch 5: loss = 0.04595726728439331
Epoch 6: loss = 0.04595726728439331
Early stopping at epoch 6 with loss 0.04599059000611305
Reconstruction for fluence = 0.5455594781168519 photons/pixel
Epoch 0: loss = 0.056212179362773895
Epoch 1: loss = 0.0561610646545887
Epoch 2: loss = 0.02588820271193981
Epoch 3: loss = 0.02588820271193981
Epoch 4: loss = 0.02588820271193981
Epoch 5: loss = 0.02588820271193981
Epoch 6: loss = 0.02588820271193981
Epoch 7: loss = 0.02588820271193981
Early stopping at epoch 7 with loss 0.02588820271193981
Epoch 0: loss = 0.09182056039571762
Epoch 1: loss = 0.07487154006958008
Epoch 2: loss = 0.07487065345048904
Epoch 3: loss = 0.07487065345048904
Epoch 4: loss = 0.07487065345048904
Epoch 5: loss = 0.07487065345048904
Epoch 6: loss = 0.07487065345048904
Early stopping at epoch 6 with loss 0.07487154006958008
Reconstruction for fluence = 1.2742749857031335 photons/pixel
Epoch 0: loss = 0.08861362934112549
Epoch 1: loss = 0.03978321701288223
Epoch 2: loss = 0.03978321701288223
Epoch 3: loss = 0.03978321701288223
Epoch 4: loss = 0.03978321701288223
Epoch 5: loss = 0.03978321701288223
Epoch 6: loss = 0.03978321701288223
Early stopping at epoch 6 with loss 0.03978321701288223
Epoch 0: loss = 0.11218918859958649
Epoch 1: loss = 0.09722452610731125
Epoch 2: loss = 0.09721793234348297
Epoch 3: loss = 0.09721632301807404
Epoch 4: loss = 0.09721385687589645
Epoch 5: loss = 0.09721353650093079
Epoch 6: loss = 0.09721353650093079
Early stopping at epoch 6 with loss 0.09722452610731125
Reconstruction for fluence = 2.976351441631318 photons/pixel
Epoch 0: loss = 0.13411173224449158
Epoch 1: loss = 0.05107908323407173
Epoch 2: loss = 0.05107906833291054
Epoch 3: loss = 0.05107906833291054
Epoch 4: loss = 0.05107906833291054
Epoch 5: loss = 0.05107906833291054
Epoch 6: loss = 0.05107906833291054
Early stopping at epoch 6 with loss 0.05107908323407173
Epoch 0: loss = 0.055045440793037415
Epoch 1: loss = 0.04137513414025307
Epoch 2: loss = 0.04135613515973091
Epoch 3: loss = 0.04135100916028023
Epoch 4: loss = 0.04134976863861084
Epoch 5: loss = 0.04134927690029144
Epoch 6: loss = 0.04134927690029144
Early stopping at epoch 6 with loss 0.04137513414025307
Reconstruction for fluence = 6.9519279617756045 photons/pixel
Epoch 0: loss = 0.22128191590309143
Epoch 1: loss = 0.059268224984407425
Epoch 2: loss = 0.05925573781132698
Epoch 3: loss = 0.05925573781132698
Epoch 4: loss = 0.05925573781132698
Epoch 5: loss = 0.05925573781132698
Epoch 6: loss = 0.05925573781132698
Early stopping at epoch 6 with loss 0.059268224984407425
Epoch 0: loss = -0.3205667734146118
Epoch 1: loss = -0.3364907205104828
Epoch 2: loss = -0.3365074694156647
Epoch 3: loss = -0.33650773763656616
Epoch 4: loss = -0.3365078568458557
Epoch 5: loss = -0.3365079462528229
Epoch 6: loss = -0.33650797605514526
Early stopping at epoch 6 with loss -0.3364907205104828
Reconstruction for fluence = 16.23776739188721 photons/pixel
Epoch 0: loss = 0.42767778038978577
Epoch 1: loss = 0.07245027273893356
Epoch 2: loss = 0.07245000451803207
Epoch 3: loss = 0.07244999706745148
Epoch 4: loss = 0.07244999706745148
Epoch 5: loss = 0.07244999706745148
Epoch 6: loss = 0.07244999706745148
Early stopping at epoch 6 with loss 0.07245027273893356
Epoch 0: loss = -1.7752876281738281
Epoch 1: loss = -1.798399806022644
Epoch 2: loss = -1.7984225749969482
Epoch 3: loss = -1.7984230518341064
Epoch 4: loss = -1.7984235286712646
Epoch 5: loss = -1.7984237670898438
Epoch 6: loss = -1.7984237670898438
Early stopping at epoch 6 with loss -1.798399806022644
Reconstruction for fluence = 37.926901907322495 photons/pixel
Epoch 0: loss = 0.9179783463478088
Epoch 1: loss = 0.09374048560857773
Epoch 2: loss = 0.09374044090509415
Epoch 3: loss = 0.09374043345451355
Epoch 4: loss = 0.09374043345451355
Epoch 5: loss = 0.09374043345451355
Epoch 6: loss = 0.09374043345451355
Early stopping at epoch 6 with loss 0.09374048560857773
Epoch 0: loss = -6.552948951721191
Epoch 1: loss = -6.584939479827881
Epoch 2: loss = -6.584948539733887
Epoch 3: loss = -6.584952354431152
Epoch 4: loss = -6.584965705871582
Epoch 5: loss = -6.584965705871582
Epoch 6: loss = -6.584965705871582
Early stopping at epoch 6 with loss -6.584939479827881
Reconstruction for fluence = 88.58667904100822 photons/pixel
Epoch 0: loss = 2.0669238567352295
Epoch 1: loss = 0.12617313861846924
Epoch 2: loss = 0.12617312371730804
Epoch 3: loss = 0.12617312371730804
Epoch 4: loss = 0.12617312371730804
Epoch 5: loss = 0.12617312371730804
Epoch 6: loss = 0.12617312371730804
Early stopping at epoch 6 with loss 0.12617313861846924
Epoch 0: loss = -20.94069480895996
Epoch 1: loss = -20.98104476928711
Epoch 2: loss = -20.981048583984375
Epoch 3: loss = -20.981048583984375
Epoch 4: loss = -20.981056213378906
Epoch 5: loss = -20.98105812072754
Epoch 6: loss = -20.98105812072754
Early stopping at epoch 6 with loss -20.98104476928711
Reconstruction for fluence = 206.9138081114788 photons/pixel
Epoch 0: loss = 4.756925106048584
Epoch 1: loss = 0.16742204129695892
Epoch 2: loss = 0.16742204129695892
Epoch 3: loss = 0.16742204129695892
Epoch 4: loss = 0.16742204129695892
Epoch 5: loss = 0.16742204129695892
Epoch 6: loss = 0.16742204129695892
Early stopping at epoch 6 with loss 0.16742204129695892
Epoch 0: loss = -62.010066986083984
Epoch 1: loss = -62.05521774291992
Epoch 2: loss = -62.05522155761719
Epoch 3: loss = -62.05522155761719
Epoch 4: loss = -62.05522537231445
Epoch 5: loss = -62.05522537231445
Epoch 6: loss = -62.05522537231445
Early stopping at epoch 6 with loss -62.05521774291992
Reconstruction for fluence = 483.2930238571752 photons/pixel
Epoch 0: loss = 11.044002532958984
Epoch 1: loss = 0.21321401000022888
Epoch 2: loss = 0.21321401000022888
Epoch 3: loss = 0.2132139950990677
Epoch 4: loss = 0.2132139950990677
Epoch 5: loss = 0.2132139950990677
Epoch 6: loss = 0.2132139950990677
Early stopping at epoch 6 with loss 0.21321401000022888
Epoch 0: loss = -175.3496856689453
Epoch 1: loss = -175.39344787597656
Epoch 2: loss = -175.39346313476562
Epoch 3: loss = -175.39346313476562
Epoch 4: loss = -175.39346313476562
Epoch 5: loss = -175.39346313476562
Epoch 6: loss = -175.39346313476562
Early stopping at epoch 6 with loss -175.39344787597656
Reconstruction for fluence = 1128.8378916846884 photons/pixel
Epoch 0: loss = 25.732872009277344
Epoch 1: loss = 0.25458040833473206
Epoch 2: loss = 0.25458037853240967
Epoch 3: loss = 0.25458037853240967
Epoch 4: loss = 0.25458037853240967
Epoch 5: loss = 0.25458037853240967
Epoch 6: loss = 0.25458037853240967
Early stopping at epoch 6 with loss 0.25458040833473206
Epoch 0: loss = -480.862060546875
Epoch 1: loss = -480.8973083496094
Epoch 2: loss = -480.8973083496094
Epoch 3: loss = -480.8973083496094
Epoch 4: loss = -480.8973388671875
Epoch 5: loss = -480.8973083496094
Epoch 6: loss = -480.8973388671875
Early stopping at epoch 6 with loss -480.8973083496094
Reconstruction for fluence = 2636.6508987303555 photons/pixel
Epoch 0: loss = 60.0426025390625
Epoch 1: loss = 0.2830764055252075
Epoch 2: loss = 0.2830764055252075
Epoch 3: loss = 0.28307637572288513
Epoch 4: loss = 0.28307637572288513
Epoch 5: loss = 0.28307637572288513
Epoch 6: loss = 0.28307637572288513
Early stopping at epoch 6 with loss 0.2830764055252075
Epoch 0: loss = -1289.502685546875
Epoch 1: loss = -1289.5262451171875
Epoch 2: loss = -1289.5262451171875
Epoch 3: loss = -1289.5262451171875
Epoch 4: loss = -1289.5262451171875
Epoch 5: loss = -1289.5262451171875
Epoch 6: loss = -1289.5262451171875
Early stopping at epoch 6 with loss -1289.5262451171875
Reconstruction for fluence = 6158.482110660255 photons/pixel
Epoch 0: loss = 140.1551513671875
Epoch 1: loss = 0.29060810804367065
Epoch 2: loss = 0.2906079888343811
Epoch 3: loss = 0.2906079888343811
Epoch 4: loss = 0.2906079888343811
Epoch 5: loss = 0.2906079888343811
Epoch 6: loss = 0.2906079888343811
Early stopping at epoch 6 with loss 0.29060810804367065
Epoch 0: loss = -3400.55419921875
Epoch 1: loss = -3400.566650390625
Epoch 2: loss = -3400.56689453125
Epoch 3: loss = -3400.56689453125
Epoch 4: loss = -3400.56689453125
Epoch 5: loss = -3400.56689453125
Epoch 6: loss = -3400.56689453125
Epoch 7: loss = -3400.56689453125
Early stopping at epoch 7 with loss -3400.56689453125
Reconstruction for fluence = 14384.498882876629 photons/pixel
Epoch 0: loss = 327.28839111328125
Epoch 1: loss = 0.2854301333427429
Epoch 2: loss = 0.2854301333427429
Epoch 3: loss = 0.2854301333427429
Epoch 4: loss = 0.2854301333427429
Epoch 5: loss = 0.2854301333427429
Epoch 6: loss = 0.2854301333427429
Early stopping at epoch 6 with loss 0.2854301333427429
Epoch 0: loss = -8851.2890625
Epoch 1: loss = -8851.2939453125
Epoch 2: loss = -8851.2939453125
Epoch 3: loss = -8851.2939453125
Epoch 4: loss = -8851.2939453125
Epoch 5: loss = -8851.2939453125
Epoch 6: loss = -8851.2939453125
Early stopping at epoch 6 with loss -8851.2939453125
Reconstruction for fluence = 33598.18286283781 photons/pixel
Epoch 0: loss = 764.505859375
Epoch 1: loss = 0.274701863527298
Epoch 2: loss = 0.2747018337249756
Epoch 3: loss = 0.2747018337249756
Epoch 4: loss = 0.2747018337249756
Epoch 5: loss = 0.2747018337249756
Epoch 6: loss = 0.2747018337249756
Early stopping at epoch 6 with loss 0.274701863527298
Epoch 0: loss = -22791.826171875
Epoch 1: loss = -22791.828125
Epoch 2: loss = -22791.828125
Epoch 3: loss = -22791.828125
Epoch 4: loss = -22791.828125
Epoch 5: loss = -22791.828125
Epoch 6: loss = -22791.828125
Early stopping at epoch 6 with loss -22791.828125
Reconstruction for fluence = 78475.99703514607 photons/pixel
Epoch 0: loss = 1785.764404296875
Epoch 1: loss = 0.26460742950439453
Epoch 2: loss = 0.26460734009742737
Epoch 3: loss = 0.264607310295105
Epoch 4: loss = 0.264607310295105
Epoch 5: loss = 0.264607310295105
Epoch 6: loss = 0.264607310295105
Early stopping at epoch 6 with loss 0.26460742950439453
Epoch 0: loss = -58187.25
Epoch 1: loss = -58187.25
Epoch 2: loss = -58187.25
Epoch 3: loss = -58187.25
Epoch 4: loss = -58187.25
Epoch 5: loss = -58187.25
Early stopping at epoch 5 with loss -58187.25
Reconstruction for fluence = 183298.07108324335 photons/pixel
Epoch 0: loss = 4170.77880859375
Epoch 1: loss = 0.2559937834739685
Epoch 2: loss = 0.25599369406700134
Epoch 3: loss = 0.25599369406700134
Epoch 4: loss = 0.25599369406700134
Epoch 5: loss = 0.25599369406700134
Epoch 6: loss = 0.25599369406700134
Early stopping at epoch 6 with loss 0.2559937834739685
Epoch 0: loss = -147482.375
Epoch 1: loss = -147482.375
Epoch 2: loss = -147482.375
Epoch 3: loss = -147482.375
Epoch 4: loss = -147482.375
Epoch 5: loss = -147482.375
Early stopping at epoch 5 with loss -147482.375
Reconstruction for fluence = 428133.2398719387 photons/pixel
Epoch 0: loss = 9741.7001953125
Epoch 1: loss = 0.25147107243537903
Epoch 2: loss = 0.25147107243537903
Epoch 3: loss = 0.25147104263305664
Epoch 4: loss = 0.25147104263305664
Epoch 5: loss = 0.25147104263305664
Epoch 6: loss = 0.25147104263305664
Early stopping at epoch 6 with loss 0.25147107243537903
Epoch 0: loss = -371487.5
Epoch 1: loss = -371487.5
Epoch 2: loss = -371487.5
Epoch 3: loss = -371487.5
Epoch 4: loss = -371487.5
Epoch 5: loss = -371487.46875
Early stopping at epoch 5 with loss -371487.5
Reconstruction for fluence = 1000000.0 photons/pixel
Epoch 0: loss = 22753.556640625
Epoch 1: loss = 0.24877695739269257
Epoch 2: loss = 0.24877691268920898
Epoch 3: loss = 0.24877691268920898
Epoch 4: loss = 0.24877691268920898
Epoch 5: loss = 0.24877691268920898
Epoch 6: loss = 0.24877691268920898
Early stopping at epoch 6 with loss 0.24877695739269257
Epoch 0: loss = -930796.0
Epoch 1: loss = -930796.0
Epoch 2: loss = -930796.0
Epoch 3: loss = -930796.0
Epoch 4: loss = -930796.0
Epoch 5: loss = -930796.0
Early stopping at epoch 5 with loss -930796.0
Simulation for steps_size=6 and n_fluences=20 completed!
