Running simulation for steps_size=29 and n_fluences=20
Steps size: 29
Tensors initialization on device cuda
Multiprobe = band_lim
torch.Size([1, 64, 64])

('MSE', None) RECONSTRUCTIONS

Reconstruction for fluence = 0.09999999999999999 photons/pixel
Epoch 0: loss = 0.25108951330184937
Epoch 1: loss = 0.05363316088914871
Epoch 2: loss = 0.044137563556432724
Epoch 3: loss = 0.041851796209812164
Epoch 4: loss = 0.041133370250463486
Epoch 5: loss = 0.040839824825525284
Epoch 6: loss = 0.04070005938410759
Epoch 7: loss = 0.04061652719974518
Epoch 8: loss = 0.040560342371463776
Epoch 9: loss = 0.040531545877456665
Epoch 10: loss = 0.04051823168992996
Epoch 11: loss = 0.04051031544804573
Epoch 12: loss = 0.040504831820726395
Epoch 13: loss = 0.04050050303339958
Early stopping at epoch 13 with loss 0.040560342371463776
Reconstruction for fluence = 0.23357214690901223 photons/pixel
Epoch 0: loss = 1.1215580701828003
Epoch 1: loss = 0.12798717617988586
Epoch 2: loss = 0.10410126298666
Epoch 3: loss = 0.09716939181089401
Epoch 4: loss = 0.09488971531391144
Epoch 5: loss = 0.09415865689516068
Epoch 6: loss = 0.09390519559383392
Epoch 7: loss = 0.09374193847179413
Epoch 8: loss = 0.09366326034069061
Epoch 9: loss = 0.09360595792531967
Epoch 10: loss = 0.09355459362268448
Epoch 11: loss = 0.09351382404565811
Epoch 12: loss = 0.09344557672739029
Epoch 13: loss = 0.09332547336816788
Epoch 14: loss = 0.09325610846281052
Epoch 15: loss = 0.09322477877140045
Epoch 16: loss = 0.09319831430912018
Epoch 17: loss = 0.09317370504140854
Epoch 18: loss = 0.09314293414354324
Epoch 19: loss = 0.09311539679765701
Epoch 20: loss = 0.09310028702020645
Epoch 21: loss = 0.09306621551513672
Epoch 22: loss = 0.0929953008890152
Epoch 23: loss = 0.0929201990365982
Epoch 24: loss = 0.09287150949239731
Epoch 25: loss = 0.09285060316324234
Epoch 26: loss = 0.09284080564975739
Epoch 27: loss = 0.0928361788392067
Epoch 28: loss = 0.09283386170864105
Epoch 29: loss = 0.09283251315355301
Early stopping at epoch 29 with loss 0.09287150949239731
Reconstruction for fluence = 0.5455594781168519 photons/pixel
Epoch 0: loss = 5.3796610832214355
Epoch 1: loss = 0.29236719012260437
Epoch 2: loss = 0.22775799036026
Epoch 3: loss = 0.21008433401584625
Epoch 4: loss = 0.2042810171842575
Epoch 5: loss = 0.20204125344753265
Epoch 6: loss = 0.20123806595802307
Epoch 7: loss = 0.2008424699306488
Epoch 8: loss = 0.20062947273254395
Epoch 9: loss = 0.20051011443138123
Epoch 10: loss = 0.200431227684021
Epoch 11: loss = 0.20037841796875
Epoch 12: loss = 0.20034655928611755
Epoch 13: loss = 0.2003285139799118
Epoch 14: loss = 0.20031806826591492
Epoch 15: loss = 0.20031066238880157
Epoch 16: loss = 0.20030400156974792
Early stopping at epoch 16 with loss 0.20037841796875
Reconstruction for fluence = 1.2742749857031335 photons/pixel
Epoch 0: loss = 27.098844528198242
Epoch 1: loss = 0.7064798474311829
Epoch 2: loss = 0.513831377029419
Epoch 3: loss = 0.4627365469932556
Epoch 4: loss = 0.44446319341659546
Epoch 5: loss = 0.43665531277656555
Epoch 6: loss = 0.4337027370929718
Epoch 7: loss = 0.4321936368942261
Epoch 8: loss = 0.4313484728336334
Epoch 9: loss = 0.43086057901382446
Epoch 10: loss = 0.43060287833213806
Epoch 11: loss = 0.4304613173007965
Epoch 12: loss = 0.4302624762058258
Epoch 13: loss = 0.42985281348228455
Epoch 14: loss = 0.4296397566795349
Epoch 15: loss = 0.429548442363739
Epoch 16: loss = 0.4295044541358948
Epoch 17: loss = 0.42948320508003235
Epoch 18: loss = 0.4294721186161041
Epoch 19: loss = 0.4294654130935669
Epoch 20: loss = 0.4294617474079132
Epoch 21: loss = 0.429459810256958
Early stopping at epoch 21 with loss 0.4295044541358948
Reconstruction for fluence = 2.976351441631318 photons/pixel
Epoch 0: loss = 144.6195526123047
Epoch 1: loss = 1.8381115198135376
Epoch 2: loss = 1.2333427667617798
Epoch 3: loss = 1.0771963596343994
Epoch 4: loss = 1.0170862674713135
Epoch 5: loss = 0.989345133304596
Epoch 6: loss = 0.9788070321083069
Epoch 7: loss = 0.9723325371742249
Epoch 8: loss = 0.9694076180458069
Epoch 9: loss = 0.9678069353103638
Epoch 10: loss = 0.9669626355171204
Epoch 11: loss = 0.966521680355072
Epoch 12: loss = 0.9662855267524719
Epoch 13: loss = 0.9661328196525574
Epoch 14: loss = 0.9660321474075317
Epoch 15: loss = 0.9659714102745056
Epoch 16: loss = 0.9659306406974792
Epoch 17: loss = 0.9659046530723572
Epoch 18: loss = 0.9658830761909485
Epoch 19: loss = 0.965862512588501
Epoch 20: loss = 0.9658353924751282
Epoch 21: loss = 0.9657936096191406
Epoch 22: loss = 0.9657493233680725
Epoch 23: loss = 0.9657109379768372
Epoch 24: loss = 0.9656832814216614
Epoch 25: loss = 0.9656639099121094
Epoch 26: loss = 0.96565181016922
Epoch 27: loss = 0.9656422138214111
Epoch 28: loss = 0.9656302332878113
Epoch 29: loss = 0.9656037092208862
Early stopping at epoch 29 with loss 0.9656832814216614
Reconstruction for fluence = 6.9519279617756045 photons/pixel
Epoch 0: loss = 781.8817138671875
Epoch 1: loss = 5.142179012298584
Epoch 2: loss = 3.129241466522217
Epoch 3: loss = 2.514408588409424
Epoch 4: loss = 2.321502447128296
Epoch 5: loss = 2.234651803970337
Epoch 6: loss = 2.1967451572418213
Epoch 7: loss = 2.1766598224639893
Epoch 8: loss = 2.1633660793304443
Epoch 9: loss = 2.1557416915893555
Epoch 10: loss = 2.150954008102417
Epoch 11: loss = 2.148297071456909
Epoch 12: loss = 2.1467442512512207
Epoch 13: loss = 2.1457526683807373
Epoch 14: loss = 2.1450557708740234
Epoch 15: loss = 2.144624710083008
Epoch 16: loss = 2.1443750858306885
Epoch 17: loss = 2.1442134380340576
Epoch 18: loss = 2.14410400390625
Epoch 19: loss = 2.1440343856811523
Epoch 20: loss = 2.1439883708953857
Epoch 21: loss = 2.1439595222473145
Epoch 22: loss = 2.143939256668091
Epoch 23: loss = 2.1439263820648193
Epoch 24: loss = 2.143923044204712
Epoch 25: loss = 2.1439220905303955
Early stopping at epoch 25 with loss 2.1439883708953857
Reconstruction for fluence = 16.23776739188721 photons/pixel
Epoch 0: loss = 4231.24462890625
Epoch 1: loss = 14.650078773498535
Epoch 2: loss = 7.395556926727295
Epoch 3: loss = 5.605584621429443
Epoch 4: loss = 5.016081809997559
Epoch 5: loss = 4.725283622741699
Epoch 6: loss = 4.594581127166748
Epoch 7: loss = 4.5235724449157715
Epoch 8: loss = 4.477314472198486
Epoch 9: loss = 4.44481086730957
Epoch 10: loss = 4.427097797393799
Epoch 11: loss = 4.415495872497559
Epoch 12: loss = 4.408336639404297
Epoch 13: loss = 4.4037628173828125
Epoch 14: loss = 4.400331497192383
Epoch 15: loss = 4.398153781890869
Epoch 16: loss = 4.3966498374938965
Epoch 17: loss = 4.395751953125
Epoch 18: loss = 4.39512300491333
Epoch 19: loss = 4.394698143005371
Epoch 20: loss = 4.3943610191345215
Epoch 21: loss = 4.394148349761963
Epoch 22: loss = 4.394008159637451
Epoch 23: loss = 4.393908500671387
Epoch 24: loss = 4.393831253051758
Epoch 25: loss = 4.393772602081299
Epoch 26: loss = 4.393740177154541
Epoch 27: loss = 4.393728733062744
Epoch 28: loss = 4.393709659576416
Epoch 29: loss = 4.39370059967041
Epoch 30: loss = 4.3936944007873535
Epoch 31: loss = 4.393692970275879
Epoch 32: loss = 4.393690586090088
Early stopping at epoch 32 with loss 4.393728733062744
Reconstruction for fluence = 37.926901907322495 photons/pixel
Epoch 0: loss = 23079.462890625
Epoch 1: loss = 52.92274856567383
Epoch 2: loss = 20.182947158813477
Epoch 3: loss = 13.434698104858398
Epoch 4: loss = 11.460814476013184
Epoch 5: loss = 10.513775825500488
Epoch 6: loss = 10.063556671142578
Epoch 7: loss = 9.829747200012207
Epoch 8: loss = 9.67607307434082
Epoch 9: loss = 9.573902130126953
Epoch 10: loss = 9.509075164794922
Epoch 11: loss = 9.464347839355469
Epoch 12: loss = 9.436582565307617
Epoch 13: loss = 9.414847373962402
Epoch 14: loss = 9.399370193481445
Epoch 15: loss = 9.388959884643555
Epoch 16: loss = 9.38155460357666
Epoch 17: loss = 9.376638412475586
Epoch 18: loss = 9.373028755187988
Epoch 19: loss = 9.37023639678955
Epoch 20: loss = 9.368003845214844
Epoch 21: loss = 9.36647891998291
Epoch 22: loss = 9.365352630615234
Epoch 23: loss = 9.3645601272583
Epoch 24: loss = 9.3638916015625
Epoch 25: loss = 9.363367080688477
Epoch 26: loss = 9.363019943237305
Epoch 27: loss = 9.362767219543457
Epoch 28: loss = 9.362564086914062
Epoch 29: loss = 9.362408638000488
Epoch 30: loss = 9.36229133605957
Epoch 31: loss = 9.362197875976562
Epoch 32: loss = 9.362167358398438
Epoch 33: loss = 9.362153053283691
Epoch 34: loss = 9.36209487915039
Epoch 35: loss = 9.36205005645752
Epoch 36: loss = 9.362038612365723
Epoch 37: loss = 9.362018585205078
Epoch 38: loss = 9.362013816833496
Epoch 39: loss = 9.362008094787598
Epoch 40: loss = 9.362008094787598
Early stopping at epoch 40 with loss 9.36205005645752
Reconstruction for fluence = 88.58667904100822 photons/pixel
Epoch 0: loss = 125839.375
Epoch 1: loss = 228.5817413330078
Epoch 2: loss = 63.85755920410156
Epoch 3: loss = 37.39597702026367
Epoch 4: loss = 29.59406852722168
Epoch 5: loss = 26.268306732177734
Epoch 6: loss = 24.71385383605957
Epoch 7: loss = 23.789134979248047
Epoch 8: loss = 23.17465591430664
Epoch 9: loss = 22.739412307739258
Epoch 10: loss = 22.473161697387695
Epoch 11: loss = 22.310890197753906
Epoch 12: loss = 22.198637008666992
Epoch 13: loss = 22.113204956054688
Epoch 14: loss = 22.047836303710938
Epoch 15: loss = 21.998865127563477
Epoch 16: loss = 21.96782112121582
Epoch 17: loss = 21.944957733154297
Epoch 18: loss = 21.926382064819336
Epoch 19: loss = 21.911968231201172
Epoch 20: loss = 21.900463104248047
Epoch 21: loss = 21.89166259765625
Epoch 22: loss = 21.8857364654541
Epoch 23: loss = 21.880746841430664
Epoch 24: loss = 21.87672996520996
Epoch 25: loss = 21.87342071533203
Epoch 26: loss = 21.87080192565918
Epoch 27: loss = 21.868999481201172
Epoch 28: loss = 21.867429733276367
Epoch 29: loss = 21.866106033325195
Epoch 30: loss = 21.86518669128418
Epoch 31: loss = 21.864179611206055
Epoch 32: loss = 21.86355972290039
Epoch 33: loss = 21.86302375793457
Epoch 34: loss = 21.86260414123535
Epoch 35: loss = 21.86223030090332
Epoch 36: loss = 21.862125396728516
Epoch 37: loss = 21.861873626708984
Epoch 38: loss = 21.86174964904785
Epoch 39: loss = 21.861553192138672
Epoch 40: loss = 21.861526489257812
Epoch 41: loss = 21.86150550842285
Epoch 42: loss = 21.861337661743164
Epoch 43: loss = 21.861270904541016
Epoch 44: loss = 21.86121940612793
Epoch 45: loss = 21.86111831665039
Epoch 46: loss = 21.86106300354004
Epoch 47: loss = 21.861032485961914
Epoch 48: loss = 21.860971450805664
Epoch 49: loss = 21.860931396484375
Epoch 50: loss = 21.86090087890625
Epoch 51: loss = 21.86087417602539
Epoch 52: loss = 21.8608455657959
Epoch 53: loss = 21.8608341217041
Epoch 54: loss = 21.8608341217041
Epoch 55: loss = 21.8608341217041
Epoch 56: loss = 21.860820770263672
Epoch 57: loss = 21.860820770263672
Early stopping at epoch 57 with loss 21.8608455657959
Reconstruction for fluence = 206.9138081114788 photons/pixel
Epoch 0: loss = 686554.5625
Epoch 1: loss = 1055.508056640625
Epoch 2: loss = 223.79051208496094
Epoch 3: loss = 103.91104125976562
Epoch 4: loss = 72.08451843261719
Epoch 5: loss = 59.34954071044922
Epoch 6: loss = 54.36283874511719
Epoch 7: loss = 51.71424865722656
Epoch 8: loss = 49.87696838378906
Epoch 9: loss = 48.63771057128906
Epoch 10: loss = 47.84294509887695
Epoch 11: loss = 47.34852981567383
Epoch 12: loss = 47.00184631347656
Epoch 13: loss = 46.72141647338867
Epoch 14: loss = 46.51286315917969
Epoch 15: loss = 46.35398483276367
Epoch 16: loss = 46.24660110473633
Epoch 17: loss = 46.15992736816406
Epoch 18: loss = 46.087642669677734
Epoch 19: loss = 46.03569793701172
Epoch 20: loss = 45.99122619628906
Epoch 21: loss = 45.95552062988281
Epoch 22: loss = 45.93114471435547
Epoch 23: loss = 45.91133117675781
Epoch 24: loss = 45.89402770996094
Epoch 25: loss = 45.88019561767578
Epoch 26: loss = 45.86825942993164
Epoch 27: loss = 45.86062240600586
Epoch 28: loss = 45.85404586791992
Epoch 29: loss = 45.84840774536133
Epoch 30: loss = 45.84356689453125
Epoch 31: loss = 45.83930206298828
Epoch 32: loss = 45.83646774291992
Epoch 33: loss = 45.83392333984375
Epoch 34: loss = 45.83189010620117
Epoch 35: loss = 45.83012771606445
Epoch 36: loss = 45.82855224609375
Epoch 37: loss = 45.82741165161133
Epoch 38: loss = 45.82662582397461
Epoch 39: loss = 45.82577133178711
Epoch 40: loss = 45.825008392333984
Epoch 41: loss = 45.82448196411133
Epoch 42: loss = 45.82398986816406
Epoch 43: loss = 45.82365798950195
Epoch 44: loss = 45.82358169555664
Epoch 45: loss = 45.82338333129883
Epoch 46: loss = 45.82338333129883
Epoch 47: loss = 45.82297897338867
Epoch 48: loss = 45.82292556762695
Epoch 49: loss = 45.82262420654297
Epoch 50: loss = 45.8223991394043
Epoch 51: loss = 45.82234573364258
Epoch 52: loss = 45.82228469848633
Epoch 53: loss = 45.82227325439453
Epoch 54: loss = 45.82221984863281
Epoch 55: loss = 45.82207489013672
Epoch 56: loss = 45.82194900512695
Epoch 57: loss = 45.82190704345703
Epoch 58: loss = 45.82186508178711
Epoch 59: loss = 45.82183074951172
Epoch 60: loss = 45.82183074951172
Epoch 61: loss = 45.82175827026367
Epoch 62: loss = 45.821720123291016
Epoch 63: loss = 45.82171630859375
Epoch 64: loss = 45.82167434692383
Epoch 65: loss = 45.82167434692383
Epoch 66: loss = 45.8216438293457
Epoch 67: loss = 45.82155227661133
Epoch 68: loss = 45.8215217590332
Epoch 69: loss = 45.82151412963867
Epoch 70: loss = 45.82146072387695
Epoch 71: loss = 45.82139587402344
Epoch 72: loss = 45.82139205932617
Epoch 73: loss = 45.82136535644531
Epoch 74: loss = 45.82135009765625
Epoch 75: loss = 45.82134246826172
Epoch 76: loss = 45.82130813598633
Early stopping at epoch 76 with loss 45.82139587402344
Reconstruction for fluence = 483.2930238571752 photons/pixel
Epoch 0: loss = 3743748.0
Epoch 1: loss = 5458.32275390625
Epoch 2: loss = 970.4013671875
Epoch 3: loss = 386.4141845703125
Epoch 4: loss = 227.10328674316406
Epoch 5: loss = 166.20321655273438
Epoch 6: loss = 140.68409729003906
Epoch 7: loss = 127.69252014160156
Epoch 8: loss = 119.63655853271484
Epoch 9: loss = 114.29753875732422
Epoch 10: loss = 110.98103332519531
Epoch 11: loss = 108.95441436767578
Epoch 12: loss = 107.5379638671875
Epoch 13: loss = 106.57254028320312
Epoch 14: loss = 105.80181884765625
Epoch 15: loss = 105.21763610839844
Epoch 16: loss = 104.80097198486328
Epoch 17: loss = 104.51374053955078
Epoch 18: loss = 104.24949645996094
Epoch 19: loss = 104.0499267578125
Epoch 20: loss = 103.8907241821289
Epoch 21: loss = 103.75333404541016
Epoch 22: loss = 103.665283203125
Epoch 23: loss = 103.58228302001953
Epoch 24: loss = 103.51325225830078
Epoch 25: loss = 103.45440673828125
Epoch 26: loss = 103.4026107788086
Epoch 27: loss = 103.36907196044922
Epoch 28: loss = 103.34205627441406
Epoch 29: loss = 103.30986022949219
Epoch 30: loss = 103.28521728515625
Epoch 31: loss = 103.26471710205078
Epoch 32: loss = 103.24820709228516
Epoch 33: loss = 103.2351303100586
Epoch 34: loss = 103.22361755371094
Epoch 35: loss = 103.21327209472656
Epoch 36: loss = 103.20472717285156
Epoch 37: loss = 103.19805908203125
Epoch 38: loss = 103.19190216064453
Epoch 39: loss = 103.1865234375
Epoch 40: loss = 103.1817626953125
Epoch 41: loss = 103.17769622802734
Epoch 42: loss = 103.1757583618164
Epoch 43: loss = 103.17282104492188
Epoch 44: loss = 103.17179107666016
Epoch 45: loss = 103.16918182373047
Epoch 46: loss = 103.16666412353516
Epoch 47: loss = 103.16472625732422
Epoch 48: loss = 103.16287231445312
Epoch 49: loss = 103.16146087646484
Epoch 50: loss = 103.16104888916016
Epoch 51: loss = 103.16048431396484
Epoch 52: loss = 103.15947723388672
Epoch 53: loss = 103.15872192382812
Epoch 54: loss = 103.1585464477539
Epoch 55: loss = 103.15737915039062
Epoch 56: loss = 103.15702056884766
Epoch 57: loss = 103.15616607666016
Epoch 58: loss = 103.15575408935547
Epoch 59: loss = 103.15506744384766
Epoch 60: loss = 103.15459442138672
Epoch 61: loss = 103.15459442138672
Epoch 62: loss = 103.15441131591797
Epoch 63: loss = 103.15412139892578
Epoch 64: loss = 103.15410614013672
Epoch 65: loss = 103.15354919433594
Epoch 66: loss = 103.1533203125
Epoch 67: loss = 103.15296936035156
Epoch 68: loss = 103.15262603759766
Epoch 69: loss = 103.15237426757812
Epoch 70: loss = 103.15208435058594
Epoch 71: loss = 103.15208435058594
Epoch 72: loss = 103.15181732177734
Epoch 73: loss = 103.1515884399414
Epoch 74: loss = 103.15154266357422
Epoch 75: loss = 103.1514663696289
Epoch 76: loss = 103.15116119384766
Epoch 77: loss = 103.15116119384766
Epoch 78: loss = 103.15097045898438
Epoch 79: loss = 103.15090942382812
Epoch 80: loss = 103.15074157714844
Epoch 81: loss = 103.15052795410156
Epoch 82: loss = 103.15045928955078
Epoch 83: loss = 103.1502685546875
Epoch 84: loss = 103.15003967285156
Epoch 85: loss = 103.15006256103516
Epoch 86: loss = 103.14984893798828
Epoch 87: loss = 103.14976501464844
Epoch 88: loss = 103.14981842041016
Epoch 89: loss = 103.14971160888672
Epoch 90: loss = 103.149658203125
Epoch 91: loss = 103.1494140625
Epoch 92: loss = 103.14920043945312
Epoch 93: loss = 103.14923095703125
Epoch 94: loss = 103.14913177490234
Epoch 95: loss = 103.1487808227539
Epoch 96: loss = 103.14862823486328
Epoch 97: loss = 103.14818572998047
Epoch 98: loss = 103.14789581298828
Epoch 99: loss = 103.14742279052734
Epoch 100: loss = 103.14691162109375
Epoch 101: loss = 103.14671325683594
Epoch 102: loss = 103.14664459228516
Epoch 103: loss = 103.14639282226562
Epoch 104: loss = 103.14627838134766
Epoch 105: loss = 103.14616394042969
Epoch 106: loss = 103.1461181640625
Epoch 107: loss = 103.14594268798828
Epoch 108: loss = 103.14546203613281
Epoch 109: loss = 103.14537048339844
Epoch 110: loss = 103.1449966430664
Epoch 111: loss = 103.14492797851562
Epoch 112: loss = 103.14466857910156
Epoch 113: loss = 103.14459991455078
Epoch 114: loss = 103.14439392089844
Epoch 115: loss = 103.14432525634766
Epoch 116: loss = 103.1441421508789
Epoch 117: loss = 103.1439208984375
Epoch 118: loss = 103.14388275146484
Epoch 119: loss = 103.14383697509766
Epoch 120: loss = 103.14358520507812
Epoch 121: loss = 103.14334869384766
Epoch 122: loss = 103.14334869384766
Epoch 123: loss = 103.14309692382812
Epoch 124: loss = 103.14310455322266
Epoch 125: loss = 103.14289093017578
Epoch 126: loss = 103.1427993774414
Epoch 127: loss = 103.14253997802734
Epoch 128: loss = 103.14232635498047
Epoch 129: loss = 103.14222717285156
Epoch 130: loss = 103.1420669555664
Epoch 131: loss = 103.1420669555664
Epoch 132: loss = 103.14198303222656
Epoch 133: loss = 103.14180755615234
Epoch 134: loss = 103.1414794921875
Epoch 135: loss = 103.14095306396484
Epoch 136: loss = 103.1402816772461
Epoch 137: loss = 103.1396255493164
Epoch 138: loss = 103.13822174072266
Epoch 139: loss = 103.1377944946289
Epoch 140: loss = 103.13621520996094
Epoch 141: loss = 103.13485717773438
Epoch 142: loss = 103.13411712646484
Epoch 143: loss = 103.13308715820312
Epoch 144: loss = 103.13265228271484
Epoch 145: loss = 103.13179779052734
Epoch 146: loss = 103.13126373291016
Epoch 147: loss = 103.13118743896484
Epoch 148: loss = 103.13045501708984
Epoch 149: loss = 103.13028717041016
Epoch 150: loss = 103.12968444824219
Epoch 151: loss = 103.12958526611328
Epoch 152: loss = 103.12905883789062
Epoch 153: loss = 103.129150390625
Epoch 154: loss = 103.1287841796875
Epoch 155: loss = 103.12870025634766
Epoch 156: loss = 103.1287612915039
Epoch 157: loss = 103.128662109375
Epoch 158: loss = 103.12860870361328
Epoch 159: loss = 103.12837982177734
Epoch 160: loss = 103.12820434570312
Epoch 161: loss = 103.12812042236328
Epoch 162: loss = 103.12799835205078
Epoch 163: loss = 103.12796783447266
Epoch 164: loss = 103.1277847290039
Epoch 165: loss = 103.12772369384766
Epoch 166: loss = 103.12760162353516
Epoch 167: loss = 103.12763214111328
Epoch 168: loss = 103.1275405883789
Epoch 169: loss = 103.12745666503906
Epoch 170: loss = 103.12743377685547
Epoch 171: loss = 103.1274185180664
Epoch 172: loss = 103.12730407714844
Epoch 173: loss = 103.12725067138672
Epoch 174: loss = 103.12730407714844
Epoch 175: loss = 103.12723541259766
Epoch 176: loss = 103.12723541259766
Epoch 177: loss = 103.12723541259766
Early stopping at epoch 177 with loss 103.12730407714844
Reconstruction for fluence = 1128.8378916846884 photons/pixel
Epoch 0: loss = 20424134.0
Epoch 1: loss = 28573.76171875
Epoch 2: loss = 4871.46435546875
Epoch 3: loss = 1661.708984375
Epoch 4: loss = 824.0869140625
Epoch 5: loss = 534.4089965820312
Epoch 6: loss = 413.45037841796875
Epoch 7: loss = 349.46038818359375
Epoch 8: loss = 311.2145080566406
Epoch 9: loss = 288.6897888183594
Epoch 10: loss = 274.266845703125
Epoch 11: loss = 265.6455078125
Epoch 12: loss = 260.2425231933594
Epoch 13: loss = 256.3551330566406
Epoch 14: loss = 253.5203399658203
Epoch 15: loss = 251.468505859375
Epoch 16: loss = 249.9376678466797
Epoch 17: loss = 248.9279022216797
Epoch 18: loss = 248.06797790527344
Epoch 19: loss = 247.3642578125
Epoch 20: loss = 246.7986602783203
Epoch 21: loss = 246.2970428466797
Epoch 22: loss = 245.97303771972656
Epoch 23: loss = 245.68115234375
Epoch 24: loss = 245.448486328125
Epoch 25: loss = 245.27127075195312
Epoch 26: loss = 245.09542846679688
Epoch 27: loss = 244.99940490722656
Epoch 28: loss = 244.8873748779297
Epoch 29: loss = 244.7952423095703
Epoch 30: loss = 244.7115936279297
Epoch 31: loss = 244.6426544189453
Epoch 32: loss = 244.5921173095703
Epoch 33: loss = 244.5438690185547
Epoch 34: loss = 244.50596618652344
Epoch 35: loss = 244.4721221923828
Epoch 36: loss = 244.4405059814453
Epoch 37: loss = 244.41412353515625
Epoch 38: loss = 244.3926544189453
Epoch 39: loss = 244.37374877929688
Epoch 40: loss = 244.35780334472656
Epoch 41: loss = 244.34304809570312
Epoch 42: loss = 244.330810546875
Epoch 43: loss = 244.32083129882812
Epoch 44: loss = 244.32009887695312
Epoch 45: loss = 244.31141662597656
Epoch 46: loss = 244.3031463623047
Epoch 47: loss = 244.29641723632812
Epoch 48: loss = 244.2941131591797
Epoch 49: loss = 244.28860473632812
Epoch 50: loss = 244.28819274902344
Epoch 51: loss = 244.28369140625
Epoch 52: loss = 244.27967834472656
Epoch 53: loss = 244.2755584716797
Epoch 54: loss = 244.27398681640625
Epoch 55: loss = 244.27078247070312
Epoch 56: loss = 244.26942443847656
Epoch 57: loss = 244.2675323486328
Epoch 58: loss = 244.26715087890625
Epoch 59: loss = 244.2646026611328
Epoch 60: loss = 244.2623748779297
Epoch 61: loss = 244.260986328125
Epoch 62: loss = 244.25955200195312
Epoch 63: loss = 244.2586212158203
Epoch 64: loss = 244.25746154785156
Epoch 65: loss = 244.2563018798828
Epoch 66: loss = 244.2555389404297
Epoch 67: loss = 244.2542266845703
Epoch 68: loss = 244.25411987304688
Epoch 69: loss = 244.2532501220703
Epoch 70: loss = 244.2528533935547
Epoch 71: loss = 244.2526092529297
Epoch 72: loss = 244.2526092529297
Epoch 73: loss = 244.25250244140625
Epoch 74: loss = 244.2522735595703
Epoch 75: loss = 244.25152587890625
Epoch 76: loss = 244.2514190673828
Epoch 77: loss = 244.25135803222656
Epoch 78: loss = 244.25070190429688
Epoch 79: loss = 244.2504425048828
Epoch 80: loss = 244.25027465820312
Epoch 81: loss = 244.2501678466797
Epoch 82: loss = 244.2499237060547
Epoch 83: loss = 244.2497100830078
Epoch 84: loss = 244.24957275390625
Epoch 85: loss = 244.2494659423828
Epoch 86: loss = 244.24923706054688
Epoch 87: loss = 244.24908447265625
Epoch 88: loss = 244.248779296875
Epoch 89: loss = 244.2488555908203
Epoch 90: loss = 244.2488555908203
Epoch 91: loss = 244.2488555908203
Epoch 92: loss = 244.2488555908203
Epoch 93: loss = 244.24874877929688
Early stopping at epoch 93 with loss 244.248779296875
Reconstruction for fluence = 2636.6508987303555 photons/pixel
Epoch 0: loss = 111456992.0
Epoch 1: loss = 154519.625
Epoch 2: loss = 25570.669921875
Epoch 3: loss = 7817.60595703125
Epoch 4: loss = 3422.1220703125
Epoch 5: loss = 1930.8707275390625
Epoch 6: loss = 1357.61328125
Epoch 7: loss = 1042.5379638671875
Epoch 8: loss = 865.3876953125
Epoch 9: loss = 764.23486328125
Epoch 10: loss = 700.2095336914062
Epoch 11: loss = 662.2180786132812
Epoch 12: loss = 639.24560546875
Epoch 13: loss = 622.5712280273438
Epoch 14: loss = 609.1851806640625
Epoch 15: loss = 599.8637084960938
Epoch 16: loss = 593.2222290039062
Epoch 17: loss = 588.772705078125
Epoch 18: loss = 585.2626953125
Epoch 19: loss = 582.6720581054688
Epoch 20: loss = 580.4364013671875
Epoch 21: loss = 578.7081298828125
Epoch 22: loss = 577.361328125
Epoch 23: loss = 576.2682495117188
Epoch 24: loss = 575.3724975585938
Epoch 25: loss = 574.5628662109375
Epoch 26: loss = 573.9446411132812
Epoch 27: loss = 573.4519653320312
Epoch 28: loss = 573.049072265625
Epoch 29: loss = 572.7061157226562
Epoch 30: loss = 572.4185791015625
Epoch 31: loss = 572.1577758789062
Epoch 32: loss = 571.9658813476562
Epoch 33: loss = 571.7859497070312
Epoch 34: loss = 571.6461791992188
Epoch 35: loss = 571.5271606445312
Epoch 36: loss = 571.4151611328125
Epoch 37: loss = 571.330078125
Epoch 38: loss = 571.254638671875
Epoch 39: loss = 571.1843872070312
Epoch 40: loss = 571.1273193359375
Epoch 41: loss = 571.1027221679688
Epoch 42: loss = 571.0518798828125
Epoch 43: loss = 571.0114135742188
Epoch 44: loss = 570.9782104492188
Epoch 45: loss = 570.94873046875
Epoch 46: loss = 570.9255981445312
Epoch 47: loss = 570.900146484375
Epoch 48: loss = 570.8800659179688
Epoch 49: loss = 570.8612060546875
Epoch 50: loss = 570.8460693359375
Epoch 51: loss = 570.8325805664062
Epoch 52: loss = 570.8305053710938
Epoch 53: loss = 570.8175659179688
Epoch 54: loss = 570.8106689453125
Epoch 55: loss = 570.8010864257812
Epoch 56: loss = 570.7977294921875
Epoch 57: loss = 570.7955932617188
Epoch 58: loss = 570.7864990234375
Epoch 59: loss = 570.7809448242188
Epoch 60: loss = 570.7787475585938
Epoch 61: loss = 570.7732543945312
Epoch 62: loss = 570.7681884765625
Epoch 63: loss = 570.7642211914062
Epoch 64: loss = 570.759765625
Epoch 65: loss = 570.7564697265625
Epoch 66: loss = 570.7556762695312
Epoch 67: loss = 570.7510375976562
Epoch 68: loss = 570.7499389648438
Epoch 69: loss = 570.7470703125
Epoch 70: loss = 570.7449340820312
Epoch 71: loss = 570.7449340820312
Epoch 72: loss = 570.7439575195312
Epoch 73: loss = 570.7426147460938
Epoch 74: loss = 570.7399291992188
Epoch 75: loss = 570.7396850585938
Epoch 76: loss = 570.7395629882812
Epoch 77: loss = 570.7379760742188
Epoch 78: loss = 570.736572265625
Epoch 79: loss = 570.7362060546875
Epoch 80: loss = 570.7356567382812
Epoch 81: loss = 570.7344360351562
Epoch 82: loss = 570.733154296875
Epoch 83: loss = 570.733642578125
Epoch 84: loss = 570.7322387695312
Epoch 85: loss = 570.73095703125
Epoch 86: loss = 570.7330932617188
Epoch 87: loss = 570.7317504882812
Epoch 88: loss = 570.7324829101562
Epoch 89: loss = 570.7307739257812
Epoch 90: loss = 570.7302856445312
Epoch 91: loss = 570.7305908203125
Epoch 92: loss = 570.729736328125
Epoch 93: loss = 570.730712890625
Epoch 94: loss = 570.7295532226562
Epoch 95: loss = 570.7288208007812
Epoch 96: loss = 570.7302856445312
Epoch 97: loss = 570.728515625
Epoch 98: loss = 570.7293090820312
Epoch 99: loss = 570.7293090820312
Epoch 100: loss = 570.7293090820312
Epoch 101: loss = 570.728515625
Epoch 102: loss = 570.7291259765625
Early stopping at epoch 102 with loss 570.728515625
Reconstruction for fluence = 6158.482110660255 photons/pixel
Epoch 0: loss = 608020480.0
Epoch 1: loss = 840423.8125
Epoch 2: loss = 135857.828125
Epoch 3: loss = 38993.43359375
Epoch 4: loss = 16342.8994140625
Epoch 5: loss = 8521.8564453125
Epoch 6: loss = 5140.8505859375
Epoch 7: loss = 3616.363525390625
Epoch 8: loss = 2780.409423828125
Epoch 9: loss = 2265.87109375
Epoch 10: loss = 1950.90087890625
Epoch 11: loss = 1761.617431640625
Epoch 12: loss = 1640.4921875
Epoch 13: loss = 1550.473876953125
Epoch 14: loss = 1488.2271728515625
Epoch 15: loss = 1446.2320556640625
Epoch 16: loss = 1415.336669921875
Epoch 17: loss = 1395.460693359375
Epoch 18: loss = 1380.0064697265625
Epoch 19: loss = 1367.1636962890625
Epoch 20: loss = 1356.9801025390625
Epoch 21: loss = 1350.0364990234375
Epoch 22: loss = 1344.427734375
Epoch 23: loss = 1339.7601318359375
Epoch 24: loss = 1336.040283203125
Epoch 25: loss = 1332.962646484375
Epoch 26: loss = 1330.494140625
Epoch 27: loss = 1328.904052734375
Epoch 28: loss = 1327.480712890625
Epoch 29: loss = 1326.3157958984375
Epoch 30: loss = 1325.27001953125
Epoch 31: loss = 1324.398193359375
Epoch 32: loss = 1323.73095703125
Epoch 33: loss = 1323.1988525390625
Epoch 34: loss = 1322.6585693359375
Epoch 35: loss = 1322.2041015625
Epoch 36: loss = 1321.7987060546875
Epoch 37: loss = 1321.4891357421875
Epoch 38: loss = 1321.2242431640625
Epoch 39: loss = 1320.99853515625
Epoch 40: loss = 1320.8021240234375
Epoch 41: loss = 1320.6177978515625
Epoch 42: loss = 1320.4705810546875
Epoch 43: loss = 1320.3428955078125
Epoch 44: loss = 1320.231201171875
Epoch 45: loss = 1320.134521484375
Epoch 46: loss = 1320.047119140625
Epoch 47: loss = 1319.97265625
Epoch 48: loss = 1319.90869140625
Epoch 49: loss = 1319.852783203125
Epoch 50: loss = 1319.8050537109375
Epoch 51: loss = 1319.755615234375
Epoch 52: loss = 1319.7156982421875
Epoch 53: loss = 1319.678955078125
Epoch 54: loss = 1319.6749267578125
Epoch 55: loss = 1319.646728515625
Epoch 56: loss = 1319.6199951171875
Epoch 57: loss = 1319.5953369140625
Epoch 58: loss = 1319.5716552734375
Epoch 59: loss = 1319.5535888671875
Epoch 60: loss = 1319.54345703125
Epoch 61: loss = 1319.52783203125
Epoch 62: loss = 1319.513916015625
Epoch 63: loss = 1319.513916015625
Epoch 64: loss = 1319.5025634765625
Epoch 65: loss = 1319.491943359375
Epoch 66: loss = 1319.482666015625
Epoch 67: loss = 1319.4752197265625
Epoch 68: loss = 1319.4713134765625
Epoch 69: loss = 1319.4661865234375
Epoch 70: loss = 1319.4605712890625
Epoch 71: loss = 1319.46142578125
Epoch 72: loss = 1319.4566650390625
Epoch 73: loss = 1319.4561767578125
Epoch 74: loss = 1319.4498291015625
Epoch 75: loss = 1319.44580078125
Epoch 76: loss = 1319.439453125
Epoch 77: loss = 1319.441162109375
Epoch 78: loss = 1319.437744140625
Epoch 79: loss = 1319.4361572265625
Epoch 80: loss = 1319.433349609375
Epoch 81: loss = 1319.4305419921875
Epoch 82: loss = 1319.4254150390625
Epoch 83: loss = 1319.427490234375
Epoch 84: loss = 1319.4263916015625
Epoch 85: loss = 1319.427001953125
Epoch 86: loss = 1319.4224853515625
Epoch 87: loss = 1319.421875
Epoch 88: loss = 1319.4176025390625
Epoch 89: loss = 1319.415771484375
Epoch 90: loss = 1319.4171142578125
Epoch 91: loss = 1319.412841796875
Epoch 92: loss = 1319.413818359375
Epoch 93: loss = 1319.4107666015625
Epoch 94: loss = 1319.41015625
Epoch 95: loss = 1319.4093017578125
Epoch 96: loss = 1319.4093017578125
Epoch 97: loss = 1319.40185546875
Epoch 98: loss = 1319.39892578125
Epoch 99: loss = 1319.3961181640625
Epoch 100: loss = 1319.392578125
Epoch 101: loss = 1319.3878173828125
Epoch 102: loss = 1319.3839111328125
Epoch 103: loss = 1319.38232421875
Epoch 104: loss = 1319.3765869140625
Epoch 105: loss = 1319.381103515625
Epoch 106: loss = 1319.377197265625
Epoch 107: loss = 1319.3741455078125
Epoch 108: loss = 1319.369140625
Epoch 109: loss = 1319.3680419921875
Epoch 110: loss = 1319.364501953125
Epoch 111: loss = 1319.3658447265625
Epoch 112: loss = 1319.3638916015625
Epoch 113: loss = 1319.3638916015625
Epoch 114: loss = 1319.361083984375
Epoch 115: loss = 1319.3580322265625
Epoch 116: loss = 1319.3590087890625
Epoch 117: loss = 1319.3604736328125
Epoch 118: loss = 1319.3563232421875
Epoch 119: loss = 1319.3565673828125
Epoch 120: loss = 1319.35693359375
Epoch 121: loss = 1319.357177734375
Epoch 122: loss = 1319.3555908203125
Epoch 123: loss = 1319.355224609375
Epoch 124: loss = 1319.357177734375
Epoch 125: loss = 1319.3511962890625
Epoch 126: loss = 1319.3541259765625
Epoch 127: loss = 1319.3515625
Epoch 128: loss = 1319.3553466796875
Epoch 129: loss = 1319.3543701171875
Epoch 130: loss = 1319.3521728515625
Early stopping at epoch 130 with loss 1319.3511962890625
Reconstruction for fluence = 14384.498882876629 photons/pixel
Epoch 0: loss = 3316476928.0
Epoch 1: loss = 4566874.5
Epoch 2: loss = 736903.5625
Epoch 3: loss = 201188.9375
Epoch 4: loss = 82277.265625
Epoch 5: loss = 40559.125
Epoch 6: loss = 24134.76953125
Epoch 7: loss = 16303.1064453125
Epoch 8: loss = 11216.28515625
Epoch 9: loss = 8415.8681640625
Epoch 10: loss = 6621.13525390625
Epoch 11: loss = 5597.828125
Epoch 12: loss = 5010.08837890625
Epoch 13: loss = 4455.18212890625
Epoch 14: loss = 4111.6123046875
Epoch 15: loss = 3881.788330078125
Epoch 16: loss = 3740.48046875
Epoch 17: loss = 3639.952880859375
Epoch 18: loss = 3569.717041015625
Epoch 19: loss = 3501.00927734375
Epoch 20: loss = 3450.321533203125
Epoch 21: loss = 3413.73388671875
Epoch 22: loss = 3386.03125
Epoch 23: loss = 3362.884765625
Epoch 24: loss = 3344.853271484375
Epoch 25: loss = 3329.964111328125
Epoch 26: loss = 3317.9033203125
Epoch 27: loss = 3309.120849609375
Epoch 28: loss = 3301.64599609375
Epoch 29: loss = 3295.368896484375
Epoch 30: loss = 3290.07373046875
Epoch 31: loss = 3285.675537109375
Epoch 32: loss = 3282.645751953125
Epoch 33: loss = 3279.755126953125
Epoch 34: loss = 3277.343017578125
Epoch 35: loss = 3274.966064453125
Epoch 36: loss = 3273.14990234375
Epoch 37: loss = 3271.6455078125
Epoch 38: loss = 3270.452392578125
Epoch 39: loss = 3269.447998046875
Epoch 40: loss = 3268.47314453125
Epoch 41: loss = 3267.652587890625
Epoch 42: loss = 3266.98876953125
Epoch 43: loss = 3266.444580078125
Epoch 44: loss = 3265.96044921875
Epoch 45: loss = 3265.5029296875
Epoch 46: loss = 3265.095703125
Epoch 47: loss = 3264.72314453125
Epoch 48: loss = 3264.433837890625
Epoch 49: loss = 3264.1748046875
Epoch 50: loss = 3263.936279296875
Epoch 51: loss = 3263.728759765625
Epoch 52: loss = 3263.545166015625
Epoch 53: loss = 3263.3857421875
Epoch 54: loss = 3263.237548828125
Epoch 55: loss = 3263.112548828125
Epoch 56: loss = 3262.99609375
Epoch 57: loss = 3262.893798828125
Epoch 58: loss = 3262.78466796875
Epoch 59: loss = 3262.716064453125
Epoch 60: loss = 3262.639404296875
Epoch 61: loss = 3262.594482421875
Epoch 62: loss = 3262.541259765625
Epoch 63: loss = 3262.498291015625
Epoch 64: loss = 3262.49658203125
Epoch 65: loss = 3262.442138671875
Epoch 66: loss = 3262.426025390625
Epoch 67: loss = 3262.388671875
Epoch 68: loss = 3262.36279296875
Epoch 69: loss = 3262.3515625
Epoch 70: loss = 3262.361572265625
Epoch 71: loss = 3262.335205078125
Epoch 72: loss = 3262.32080078125
Epoch 73: loss = 3262.2939453125
Epoch 74: loss = 3262.29248046875
Epoch 75: loss = 3262.27783203125
Epoch 76: loss = 3262.261474609375
Epoch 77: loss = 3262.243408203125
Epoch 78: loss = 3262.23388671875
Epoch 79: loss = 3262.2255859375
Epoch 80: loss = 3262.213623046875
Epoch 81: loss = 3262.219482421875
Epoch 82: loss = 3262.21142578125
Epoch 83: loss = 3262.211181640625
Epoch 84: loss = 3262.21875
Epoch 85: loss = 3262.197998046875
Epoch 86: loss = 3262.190673828125
Epoch 87: loss = 3262.206298828125
Epoch 88: loss = 3262.193359375
Epoch 89: loss = 3262.186767578125
Epoch 90: loss = 3262.189697265625
Epoch 91: loss = 3262.190673828125
Epoch 92: loss = 3262.177490234375
Epoch 93: loss = 3262.18310546875
Epoch 94: loss = 3262.190673828125
Epoch 95: loss = 3262.173583984375
Epoch 96: loss = 3262.175048828125
Epoch 97: loss = 3262.171142578125
Epoch 98: loss = 3262.16796875
Epoch 99: loss = 3262.17626953125
Epoch 100: loss = 3262.157958984375
Epoch 101: loss = 3262.165771484375
Epoch 102: loss = 3262.1708984375
Epoch 103: loss = 3262.1796875
Epoch 104: loss = 3262.177001953125
Epoch 105: loss = 3262.172119140625
Early stopping at epoch 105 with loss 3262.157958984375
Reconstruction for fluence = 33598.18286283781 photons/pixel
Epoch 0: loss = 18096371712.0
Epoch 1: loss = 24809988.0
Epoch 2: loss = 3964952.0
Epoch 3: loss = 1174482.375
Epoch 4: loss = 454255.40625
Epoch 5: loss = 207765.96875
Epoch 6: loss = 119743.53125
Epoch 7: loss = 78717.0
Epoch 8: loss = 50791.75
Epoch 9: loss = 34257.93359375
Epoch 10: loss = 25173.583984375
Epoch 11: loss = 19817.244140625
Epoch 12: loss = 16402.923828125
Epoch 13: loss = 13993.236328125
Epoch 14: loss = 12082.9736328125
Epoch 15: loss = 10879.33203125
Epoch 16: loss = 10098.3994140625
Epoch 17: loss = 9542.65625
Epoch 18: loss = 9103.494140625
Epoch 19: loss = 8777.9814453125
Epoch 20: loss = 8510.810546875
Epoch 21: loss = 8306.025390625
Epoch 22: loss = 8178.36181640625
Epoch 23: loss = 8072.79150390625
Epoch 24: loss = 7986.62841796875
Epoch 25: loss = 7910.8212890625
Epoch 26: loss = 7849.79541015625
Epoch 27: loss = 7806.923828125
Epoch 28: loss = 7771.07275390625
Epoch 29: loss = 7740.37841796875
Epoch 30: loss = 7717.626953125
Epoch 31: loss = 7697.66162109375
Epoch 32: loss = 7683.16650390625
Epoch 33: loss = 7670.56787109375
Epoch 34: loss = 7659.5537109375
Epoch 35: loss = 7649.83349609375
Epoch 36: loss = 7641.49072265625
Epoch 37: loss = 7635.16162109375
Epoch 38: loss = 7629.8212890625
Epoch 39: loss = 7625.05224609375
Epoch 40: loss = 7620.90869140625
Epoch 41: loss = 7617.38623046875
Epoch 42: loss = 7614.236328125
Epoch 43: loss = 7611.67041015625
Epoch 44: loss = 7609.30908203125
Epoch 45: loss = 7607.564453125
Epoch 46: loss = 7605.88037109375
Epoch 47: loss = 7604.5693359375
Epoch 48: loss = 7603.3681640625
Epoch 49: loss = 7602.470703125
Epoch 50: loss = 7602.23681640625
Epoch 51: loss = 7601.3037109375
Epoch 52: loss = 7601.2099609375
Epoch 53: loss = 7600.501953125
Epoch 54: loss = 7599.8818359375
Epoch 55: loss = 7599.2880859375
Epoch 56: loss = 7598.78466796875
Epoch 57: loss = 7598.38916015625
Epoch 58: loss = 7597.97900390625
Epoch 59: loss = 7597.650390625
Epoch 60: loss = 7597.564453125
Epoch 61: loss = 7597.48291015625
Epoch 62: loss = 7597.25
Epoch 63: loss = 7596.97216796875
Epoch 64: loss = 7596.7412109375
Epoch 65: loss = 7596.5400390625
Epoch 66: loss = 7596.392578125
Epoch 67: loss = 7596.24853515625
Epoch 68: loss = 7596.134765625
Epoch 69: loss = 7595.9912109375
Epoch 70: loss = 7595.88525390625
Epoch 71: loss = 7595.80322265625
Epoch 72: loss = 7595.671875
Epoch 73: loss = 7595.681640625
Epoch 74: loss = 7595.59716796875
Epoch 75: loss = 7595.55712890625
Epoch 76: loss = 7595.49658203125
Epoch 77: loss = 7595.501953125
Epoch 78: loss = 7595.44189453125
Epoch 79: loss = 7595.4375
Epoch 80: loss = 7595.3828125
Epoch 81: loss = 7595.306640625
Epoch 82: loss = 7595.32666015625
Epoch 83: loss = 7595.32275390625
Epoch 84: loss = 7595.23779296875
Epoch 85: loss = 7595.27978515625
Epoch 86: loss = 7595.2353515625
Epoch 87: loss = 7595.21337890625
Epoch 88: loss = 7595.2099609375
Epoch 89: loss = 7595.234375
Epoch 90: loss = 7595.173828125
Epoch 91: loss = 7595.1708984375
Epoch 92: loss = 7595.14599609375
Epoch 93: loss = 7595.171875
Epoch 94: loss = 7595.1865234375
Epoch 95: loss = 7595.158203125
Epoch 96: loss = 7595.13134765625
Epoch 97: loss = 7595.14404296875
Epoch 98: loss = 7595.166015625
Epoch 99: loss = 7595.12841796875
Epoch 100: loss = 7595.12841796875
Epoch 101: loss = 7595.12841796875
Epoch 102: loss = 7595.12060546875
Epoch 103: loss = 7595.11474609375
Epoch 104: loss = 7595.09375
Epoch 105: loss = 7595.11962890625
Epoch 106: loss = 7595.078125
Epoch 107: loss = 7595.09228515625
Epoch 108: loss = 7595.08154296875
Epoch 109: loss = 7595.1552734375
Epoch 110: loss = 7595.126953125
Epoch 111: loss = 7595.078125
Early stopping at epoch 111 with loss 7595.078125
Reconstruction for fluence = 78475.99703514607 photons/pixel
Epoch 0: loss = 98724274176.0
Epoch 1: loss = 135545776.0
Epoch 2: loss = 21657874.0
Epoch 3: loss = 6395213.5
Epoch 4: loss = 2543020.5
Epoch 5: loss = 1150693.625
Epoch 6: loss = 633968.6875
Epoch 7: loss = 386346.28125
Epoch 8: loss = 244161.140625
Epoch 9: loss = 162823.625
Epoch 10: loss = 111027.515625
Epoch 11: loss = 81743.984375
Epoch 12: loss = 62753.83203125
Epoch 13: loss = 49812.30078125
Epoch 14: loss = 40389.2578125
Epoch 15: loss = 33734.95703125
Epoch 16: loss = 29335.646484375
Epoch 17: loss = 26808.931640625
Epoch 18: loss = 24695.69140625
Epoch 19: loss = 23171.705078125
Epoch 20: loss = 21515.62109375
Epoch 21: loss = 20458.30859375
Epoch 22: loss = 19744.681640625
Epoch 23: loss = 19138.71875
Epoch 24: loss = 18647.056640625
Epoch 25: loss = 18238.4453125
Epoch 26: loss = 17930.951171875
Epoch 27: loss = 17717.201171875
Epoch 28: loss = 17512.6640625
Epoch 29: loss = 17352.4765625
Epoch 30: loss = 17223.99609375
Epoch 31: loss = 17118.41796875
Epoch 32: loss = 17032.541015625
Epoch 33: loss = 16967.1640625
Epoch 34: loss = 16911.46875
Epoch 35: loss = 16859.18359375
Epoch 36: loss = 16814.634765625
Epoch 37: loss = 16780.37109375
Epoch 38: loss = 16751.37890625
Epoch 39: loss = 16727.24609375
Epoch 40: loss = 16705.095703125
Epoch 41: loss = 16686.66015625
Epoch 42: loss = 16670.419921875
Epoch 43: loss = 16655.71484375
Epoch 44: loss = 16644.35546875
Epoch 45: loss = 16635.37109375
Epoch 46: loss = 16626.013671875
Epoch 47: loss = 16619.134765625
Epoch 48: loss = 16612.6953125
Epoch 49: loss = 16607.48046875
Epoch 50: loss = 16602.654296875
Epoch 51: loss = 16600.853515625
Epoch 52: loss = 16596.712890625
Epoch 53: loss = 16593.546875
Epoch 54: loss = 16590.5390625
Epoch 55: loss = 16588.0859375
Epoch 56: loss = 16586.072265625
Epoch 57: loss = 16584.208984375
Epoch 58: loss = 16582.728515625
Epoch 59: loss = 16580.978515625
Epoch 60: loss = 16579.71484375
Epoch 61: loss = 16578.6328125
Epoch 62: loss = 16577.24609375
Epoch 63: loss = 16576.396484375
Epoch 64: loss = 16575.728515625
Epoch 65: loss = 16574.986328125
Epoch 66: loss = 16574.36328125
Epoch 67: loss = 16573.681640625
Epoch 68: loss = 16573.634765625
Epoch 69: loss = 16573.484375
Epoch 70: loss = 16572.845703125
Epoch 71: loss = 16572.673828125
Epoch 72: loss = 16572.236328125
Epoch 73: loss = 16571.90234375
Epoch 74: loss = 16571.8671875
Epoch 75: loss = 16571.40234375
Epoch 76: loss = 16571.255859375
Epoch 77: loss = 16571.064453125
Epoch 78: loss = 16570.923828125
Epoch 79: loss = 16570.83984375
Epoch 80: loss = 16570.544921875
Epoch 81: loss = 16570.51953125
Epoch 82: loss = 16570.353515625
Epoch 83: loss = 16570.349609375
Epoch 84: loss = 16570.2890625
Epoch 85: loss = 16570.2265625
Epoch 86: loss = 16570.205078125
Epoch 87: loss = 16570.212890625
Epoch 88: loss = 16569.845703125
Epoch 89: loss = 16569.830078125
Epoch 90: loss = 16569.8125
Epoch 91: loss = 16569.88671875
Epoch 92: loss = 16569.78125
Epoch 93: loss = 16569.6953125
Epoch 94: loss = 16569.58203125
Epoch 95: loss = 16569.70703125
Epoch 96: loss = 16569.515625
Epoch 97: loss = 16569.791015625
Epoch 98: loss = 16569.6015625
Epoch 99: loss = 16569.681640625
Epoch 100: loss = 16569.515625
Epoch 101: loss = 16569.666015625
Early stopping at epoch 101 with loss 16569.515625
Reconstruction for fluence = 183298.07108324335 photons/pixel
Epoch 0: loss = 538551910400.0
Epoch 1: loss = 739152960.0
Epoch 2: loss = 118133304.0
Epoch 3: loss = 35757788.0
Epoch 4: loss = 14065639.0
Epoch 5: loss = 6582798.5
Epoch 6: loss = 3648961.5
Epoch 7: loss = 2175204.75
Epoch 8: loss = 1328802.875
Epoch 9: loss = 831431.0
Epoch 10: loss = 550287.25
Epoch 11: loss = 403586.9375
Epoch 12: loss = 309276.625
Epoch 13: loss = 222030.484375
Epoch 14: loss = 168718.109375
Epoch 15: loss = 132669.46875
Epoch 16: loss = 108846.421875
Epoch 17: loss = 93727.859375
Epoch 18: loss = 81357.5390625
Epoch 19: loss = 72261.7890625
Epoch 20: loss = 65369.41796875
Epoch 21: loss = 59892.3828125
Epoch 22: loss = 56471.9765625
Epoch 23: loss = 53624.22265625
Epoch 24: loss = 51308.20703125
Epoch 25: loss = 49308.91796875
Epoch 26: loss = 47629.83203125
Epoch 27: loss = 46470.3203125
Epoch 28: loss = 45578.2109375
Epoch 29: loss = 44817.8828125
Epoch 30: loss = 44166.77734375
Epoch 31: loss = 43627.21484375
Epoch 32: loss = 43211.45703125
Epoch 33: loss = 42881.59765625
Epoch 34: loss = 42568.23046875
Epoch 35: loss = 42317.64453125
Epoch 36: loss = 42098.28515625
Epoch 37: loss = 41922.58984375
Epoch 38: loss = 41787.8125
Epoch 39: loss = 41671.62109375
Epoch 40: loss = 41568.765625
Epoch 41: loss = 41476.7578125
Epoch 42: loss = 41393.75
Epoch 43: loss = 41331.0546875
Epoch 44: loss = 41278.51953125
Epoch 45: loss = 41232.76953125
Epoch 46: loss = 41188.5234375
Epoch 47: loss = 41155.203125
Epoch 48: loss = 41125.703125
Epoch 49: loss = 41102.83203125
Epoch 50: loss = 41080.89453125
Epoch 51: loss = 41059.64453125
Epoch 52: loss = 41044.546875
Epoch 53: loss = 41029.265625
Epoch 54: loss = 41016.59765625
Epoch 55: loss = 41006.65234375
Epoch 56: loss = 40997.50390625
Epoch 57: loss = 40989.04296875
Epoch 58: loss = 40981.453125
Epoch 59: loss = 40975.02734375
Epoch 60: loss = 40968.33984375
Epoch 61: loss = 40962.67578125
Epoch 62: loss = 40958.08203125
Epoch 63: loss = 40954.140625
Epoch 64: loss = 40950.08203125
Epoch 65: loss = 40947.29296875
Epoch 66: loss = 40944.62890625
Epoch 67: loss = 40943.80078125
Epoch 68: loss = 40940.73046875
Epoch 69: loss = 40939.0234375
Epoch 70: loss = 40937.8046875
Epoch 71: loss = 40936.19140625
Epoch 72: loss = 40934.4453125
Epoch 73: loss = 40934.1953125
Epoch 74: loss = 40932.70703125
Epoch 75: loss = 40932.1796875
Epoch 76: loss = 40931.01171875
Epoch 77: loss = 40930.97265625
Epoch 78: loss = 40930.375
Epoch 79: loss = 40929.484375
Epoch 80: loss = 40928.87109375
Epoch 81: loss = 40928.33984375
Epoch 82: loss = 40928.49609375
Epoch 83: loss = 40927.8125
Epoch 84: loss = 40927.76953125
Epoch 85: loss = 40927.17578125
Epoch 86: loss = 40927.1015625
Epoch 87: loss = 40927.01171875
Epoch 88: loss = 40926.953125
Epoch 89: loss = 40926.328125
Epoch 90: loss = 40927.06640625
Epoch 91: loss = 40926.55078125
Epoch 92: loss = 40925.8984375
Epoch 93: loss = 40926.1875
Epoch 94: loss = 40926.890625
Epoch 95: loss = 40926.578125
Epoch 96: loss = 40926.15234375
Epoch 97: loss = 40926.12109375
Early stopping at epoch 97 with loss 40925.8984375
Reconstruction for fluence = 428133.2398719387 photons/pixel
Epoch 0: loss = 2938142720000.0
Epoch 1: loss = 4031619584.0
Epoch 2: loss = 644089152.0
Epoch 3: loss = 189585424.0
Epoch 4: loss = 74581344.0
Epoch 5: loss = 34521844.0
Epoch 6: loss = 19744452.0
Epoch 7: loss = 11700535.0
Epoch 8: loss = 7649952.0
Epoch 9: loss = 4946686.5
Epoch 10: loss = 3207219.75
Epoch 11: loss = 2272556.5
Epoch 12: loss = 1609935.25
Epoch 13: loss = 1170981.375
Epoch 14: loss = 842491.4375
Epoch 15: loss = 631037.0
Epoch 16: loss = 508833.5625
Epoch 17: loss = 400858.15625
Epoch 18: loss = 338392.0
Epoch 19: loss = 279696.1875
Epoch 20: loss = 239212.21875
Epoch 21: loss = 209807.25
Epoch 22: loss = 187925.578125
Epoch 23: loss = 170990.59375
Epoch 24: loss = 157223.890625
Epoch 25: loss = 145320.21875
Epoch 26: loss = 136286.078125
Epoch 27: loss = 129614.15625
Epoch 28: loss = 124347.265625
Epoch 29: loss = 119831.140625
Epoch 30: loss = 116191.984375
Epoch 31: loss = 113071.125
Epoch 32: loss = 110860.109375
Epoch 33: loss = 108791.171875
Epoch 34: loss = 106962.0390625
Epoch 35: loss = 105422.359375
Epoch 36: loss = 104121.6640625
Epoch 37: loss = 103084.65625
Epoch 38: loss = 102242.4609375
Epoch 39: loss = 101493.484375
Epoch 40: loss = 100885.484375
Epoch 41: loss = 100346.765625
Epoch 42: loss = 99870.8203125
Epoch 43: loss = 99504.328125
Epoch 44: loss = 99167.6796875
Epoch 45: loss = 98878.625
Epoch 46: loss = 98628.9140625
Epoch 47: loss = 98421.9140625
Epoch 48: loss = 98253.4140625
Epoch 49: loss = 98116.90625
Epoch 50: loss = 97992.8203125
Epoch 51: loss = 97884.6796875
Epoch 52: loss = 97793.734375
Epoch 53: loss = 97718.703125
Epoch 54: loss = 97646.8515625
Epoch 55: loss = 97589.734375
Epoch 56: loss = 97534.359375
Epoch 57: loss = 97489.015625
Epoch 58: loss = 97446.9296875
Epoch 59: loss = 97406.5546875
Epoch 60: loss = 97372.2421875
Epoch 61: loss = 97339.625
Epoch 62: loss = 97311.90625
Epoch 63: loss = 97292.2578125
Epoch 64: loss = 97272.9453125
Epoch 65: loss = 97254.359375
Epoch 66: loss = 97238.09375
Epoch 67: loss = 97225.9765625
Epoch 68: loss = 97212.421875
Epoch 69: loss = 97202.2734375
Epoch 70: loss = 97193.28125
Epoch 71: loss = 97186.140625
Epoch 72: loss = 97177.8515625
Epoch 73: loss = 97171.4140625
Epoch 74: loss = 97166.953125
Epoch 75: loss = 97161.8125
Epoch 76: loss = 97159.3046875
Epoch 77: loss = 97156.2265625
Epoch 78: loss = 97151.7265625
Epoch 79: loss = 97148.9609375
Epoch 80: loss = 97148.4140625
Epoch 81: loss = 97143.875
Epoch 82: loss = 97144.140625
Epoch 83: loss = 97142.859375
Epoch 84: loss = 97142.484375
Epoch 85: loss = 97139.5
Epoch 86: loss = 97137.921875
Epoch 87: loss = 97135.1015625
Epoch 88: loss = 97137.953125
Epoch 89: loss = 97134.8828125
Epoch 90: loss = 97131.8515625
Epoch 91: loss = 97130.9765625
Epoch 92: loss = 97130.3359375
Epoch 93: loss = 97130.765625
Epoch 94: loss = 97130.3125
Epoch 95: loss = 97127.7734375
Epoch 96: loss = 97130.0390625
Epoch 97: loss = 97129.015625
Epoch 98: loss = 97128.515625
Epoch 99: loss = 97128.4140625
Epoch 100: loss = 97129.5390625
Early stopping at epoch 100 with loss 97127.7734375
Reconstruction for fluence = 1000000.0 photons/pixel
Epoch 0: loss = 16029194387456.0
Epoch 1: loss = 21994219520.0
Epoch 2: loss = 3506284032.0
Epoch 3: loss = 1043499264.0
Epoch 4: loss = 409573312.0
Epoch 5: loss = 187155408.0
Epoch 6: loss = 107174160.0
Epoch 7: loss = 64756948.0
Epoch 8: loss = 40659828.0
Epoch 9: loss = 25301980.0
Epoch 10: loss = 16317300.0
Epoch 11: loss = 11267392.0
Epoch 12: loss = 8246852.5
Epoch 13: loss = 5921672.0
Epoch 14: loss = 4287538.5
Epoch 15: loss = 3157843.25
Epoch 16: loss = 2383687.5
Epoch 17: loss = 1904962.625
Epoch 18: loss = 1528283.875
Epoch 19: loss = 1240144.125
Epoch 20: loss = 1016733.8125
Epoch 21: loss = 852392.125
Epoch 22: loss = 734703.4375
Epoch 23: loss = 634783.875
Epoch 24: loss = 555482.125
Epoch 25: loss = 493940.125
Epoch 26: loss = 445443.625
Epoch 27: loss = 408312.0625
Epoch 28: loss = 379573.6875
Epoch 29: loss = 354087.90625
Epoch 30: loss = 334016.0625
Epoch 31: loss = 315860.84375
Epoch 32: loss = 303943.15625
Epoch 33: loss = 293020.40625
Epoch 34: loss = 283610.875
Epoch 35: loss = 275162.0625
Epoch 36: loss = 268424.84375
Epoch 37: loss = 263484.53125
Epoch 38: loss = 259118.953125
Epoch 39: loss = 255276.71875
Epoch 40: loss = 251993.0
Epoch 41: loss = 249085.28125
Epoch 42: loss = 246739.609375
Epoch 43: loss = 244994.171875
Epoch 44: loss = 243306.0625
Epoch 45: loss = 241853.171875
Epoch 46: loss = 240626.78125
Epoch 47: loss = 239696.453125
Epoch 48: loss = 238798.78125
Epoch 49: loss = 238058.3125
Epoch 50: loss = 237421.109375
Epoch 51: loss = 236811.609375
Epoch 52: loss = 236325.0625
Epoch 53: loss = 235896.5
Epoch 54: loss = 235570.953125
Epoch 55: loss = 235252.0
Epoch 56: loss = 234978.53125
Epoch 57: loss = 234738.703125
Epoch 58: loss = 234545.890625
Epoch 59: loss = 234363.109375
Epoch 60: loss = 234185.703125
Epoch 61: loss = 234030.5
Epoch 62: loss = 233882.78125
Epoch 63: loss = 233777.21875
Epoch 64: loss = 233683.921875
Epoch 65: loss = 233592.5625
Epoch 66: loss = 233524.8125
Epoch 67: loss = 233448.78125
Epoch 68: loss = 233401.140625
Epoch 69: loss = 233355.0625
Epoch 70: loss = 233307.328125
Epoch 71: loss = 233283.453125
Epoch 72: loss = 233256.53125
Epoch 73: loss = 233228.46875
Epoch 74: loss = 233199.75
Epoch 75: loss = 233178.140625
Epoch 76: loss = 233162.390625
Epoch 77: loss = 233146.21875
Epoch 78: loss = 233133.71875
Epoch 79: loss = 233118.171875
Epoch 80: loss = 233106.578125
Epoch 81: loss = 233100.0625
Epoch 82: loss = 233093.25
Epoch 83: loss = 233082.890625
Epoch 84: loss = 233082.609375
Epoch 85: loss = 233077.75
Epoch 86: loss = 233064.8125
Epoch 87: loss = 233067.359375
Epoch 88: loss = 233049.5
Epoch 89: loss = 233055.453125
Epoch 90: loss = 233042.203125
Epoch 91: loss = 233056.671875
Epoch 92: loss = 233063.28125
Epoch 93: loss = 233043.703125
Epoch 94: loss = 233054.3125
Epoch 95: loss = 233043.78125
Early stopping at epoch 95 with loss 233042.203125
Tensors initialization on device cuda
Multiprobe = band_lim
torch.Size([1, 64, 64])

('MSE', 'PoissonNLL') RECONSTRUCTIONS

Reconstruction for fluence = 0.09999999999999999 photons/pixel
Epoch 0: loss = 0.259486585855484
Epoch 1: loss = 0.053609538823366165
Epoch 2: loss = 0.04388802498579025
Epoch 3: loss = 0.041171684861183167
Epoch 4: loss = 0.04018845781683922
Epoch 5: loss = 0.039712730795145035
Epoch 6: loss = 0.03949160501360893
Epoch 7: loss = 0.03932772949337959
Epoch 8: loss = 0.03919341787695885
Epoch 9: loss = 0.03906238079071045
Epoch 10: loss = 0.03896493464708328
Epoch 11: loss = 0.03891116380691528
Epoch 12: loss = 0.03888128325343132
Epoch 13: loss = 0.03886568918824196
Epoch 14: loss = 0.0388566330075264
Epoch 0: loss = 0.11865290254354477
Epoch 1: loss = 0.08217339962720871
Epoch 2: loss = 0.07857326418161392
Epoch 3: loss = 0.0777459666132927
Epoch 4: loss = 0.0774860829114914
Epoch 5: loss = 0.07741065323352814
Epoch 6: loss = 0.07734666764736176
Epoch 7: loss = 0.0773099735379219
Epoch 8: loss = 0.07729551941156387
Epoch 9: loss = 0.07729057967662811
Epoch 10: loss = 0.07728875428438187
Epoch 11: loss = 0.07728765904903412
Early stopping at epoch 11 with loss 0.07734666764736176
Reconstruction for fluence = 0.23357214690901223 photons/pixel
Epoch 0: loss = 1.1019401550292969
Epoch 1: loss = 0.12392881512641907
Epoch 2: loss = 0.09793992340564728
Epoch 3: loss = 0.0908493623137474
Epoch 4: loss = 0.08823630958795547
Epoch 5: loss = 0.08712976425886154
Epoch 6: loss = 0.08662843704223633
Epoch 7: loss = 0.08630623668432236
Epoch 8: loss = 0.08611647039651871
Epoch 9: loss = 0.08599589765071869
Epoch 10: loss = 0.08592791110277176
Epoch 11: loss = 0.08589139580726624
Epoch 12: loss = 0.08585739880800247
Epoch 13: loss = 0.08583232760429382
Epoch 14: loss = 0.08581177145242691
Epoch 0: loss = 0.06940892338752747
Epoch 1: loss = 0.014327804557979107
Epoch 2: loss = 0.00800489541143179
Epoch 3: loss = 0.007088570389896631
Epoch 4: loss = 0.00684852059930563
Epoch 5: loss = 0.0067798299714922905
Epoch 6: loss = 0.006739990785717964
Epoch 7: loss = 0.006707994733005762
Epoch 8: loss = 0.006689306814223528
Epoch 9: loss = 0.006679987069219351
Epoch 10: loss = 0.00666853366419673
Epoch 11: loss = 0.006631931755691767
Epoch 12: loss = 0.006617645267397165
Epoch 13: loss = 0.006610237993299961
Epoch 14: loss = 0.006601430010050535
Epoch 15: loss = 0.006584549322724342
Epoch 16: loss = 0.006579307373613119
Early stopping at epoch 16 with loss 0.006631931755691767
Reconstruction for fluence = 0.5455594781168519 photons/pixel
Epoch 0: loss = 5.1743316650390625
Epoch 1: loss = 0.31459057331085205
Epoch 2: loss = 0.2376219779253006
Epoch 3: loss = 0.2133321464061737
Epoch 4: loss = 0.20479945838451385
Epoch 5: loss = 0.20146115124225616
Epoch 6: loss = 0.20029224455356598
Epoch 7: loss = 0.19968971610069275
Epoch 8: loss = 0.19922322034835815
Epoch 9: loss = 0.19891582429409027
Epoch 10: loss = 0.1986914724111557
Epoch 11: loss = 0.1985951066017151
Epoch 12: loss = 0.19854480028152466
Epoch 13: loss = 0.19851486384868622
Epoch 14: loss = 0.1984940618276596
Epoch 0: loss = -0.32619306445121765
Epoch 1: loss = -0.41163963079452515
Epoch 2: loss = -0.42151743173599243
Epoch 3: loss = -0.4232337176799774
Epoch 4: loss = -0.42364513874053955
Epoch 5: loss = -0.42392030358314514
Epoch 6: loss = -0.42397913336753845
Epoch 7: loss = -0.42401668429374695
Epoch 8: loss = -0.4240342974662781
Epoch 9: loss = -0.4240436851978302
Epoch 10: loss = -0.4240485727787018
Epoch 11: loss = -0.4240489900112152
Epoch 12: loss = -0.4240507483482361
Epoch 13: loss = -0.4240514934062958
Early stopping at epoch 13 with loss -0.4240342974662781
Reconstruction for fluence = 1.2742749857031335 photons/pixel
Epoch 0: loss = 27.096277236938477
Epoch 1: loss = 0.7696096301078796
Epoch 2: loss = 0.5493703484535217
Epoch 3: loss = 0.4823117256164551
Epoch 4: loss = 0.4565437138080597
Epoch 5: loss = 0.4464571177959442
Epoch 6: loss = 0.44258126616477966
Epoch 7: loss = 0.4407419264316559
Epoch 8: loss = 0.4396652281284332
Epoch 9: loss = 0.4390910565853119
Epoch 10: loss = 0.4387928545475006
Epoch 11: loss = 0.4386506974697113
Epoch 12: loss = 0.43857696652412415
Epoch 13: loss = 0.43852683901786804
Epoch 14: loss = 0.43849843740463257
Epoch 0: loss = -1.8948551416397095
Epoch 1: loss = -2.016437292098999
Epoch 2: loss = -2.0305120944976807
Epoch 3: loss = -2.0329525470733643
Epoch 4: loss = -2.0336365699768066
Epoch 5: loss = -2.033878803253174
Epoch 6: loss = -2.03398060798645
Epoch 7: loss = -2.0340559482574463
Epoch 8: loss = -2.034087657928467
Epoch 9: loss = -2.034105062484741
Epoch 10: loss = -2.03412127494812
Epoch 11: loss = -2.0341360569000244
Epoch 12: loss = -2.0341506004333496
Epoch 13: loss = -2.0341622829437256
Early stopping at epoch 13 with loss -2.034087657928467
Reconstruction for fluence = 2.976351441631318 photons/pixel
Epoch 0: loss = 142.94082641601562
Epoch 1: loss = 1.8508158922195435
Epoch 2: loss = 1.2332473993301392
Epoch 3: loss = 1.068433403968811
Epoch 4: loss = 0.9971252083778381
Epoch 5: loss = 0.9674223065376282
Epoch 6: loss = 0.9559662938117981
Epoch 7: loss = 0.9502267837524414
Epoch 8: loss = 0.9461577534675598
Epoch 9: loss = 0.9435603022575378
Epoch 10: loss = 0.94203120470047
Epoch 11: loss = 0.9412685036659241
Epoch 12: loss = 0.9407413601875305
Epoch 13: loss = 0.9404719471931458
Epoch 14: loss = 0.9402836561203003
Epoch 0: loss = -7.080680847167969
Epoch 1: loss = -7.242346286773682
Epoch 2: loss = -7.262892723083496
Epoch 3: loss = -7.266623497009277
Epoch 4: loss = -7.267720699310303
Epoch 5: loss = -7.268121719360352
Epoch 6: loss = -7.2683234214782715
Epoch 7: loss = -7.268487930297852
Epoch 8: loss = -7.268613338470459
Epoch 9: loss = -7.268680095672607
Epoch 10: loss = -7.268736362457275
Epoch 11: loss = -7.2687668800354
Epoch 12: loss = -7.268782138824463
Epoch 13: loss = -7.2687835693359375
Epoch 14: loss = -7.268786907196045
Epoch 15: loss = -7.268790245056152
Early stopping at epoch 15 with loss -7.268736362457275
Reconstruction for fluence = 6.9519279617756045 photons/pixel
Epoch 0: loss = 769.330078125
Epoch 1: loss = 5.174688339233398
Epoch 2: loss = 3.030980348587036
Epoch 3: loss = 2.457883834838867
Epoch 4: loss = 2.2154266834259033
Epoch 5: loss = 2.1029603481292725
Epoch 6: loss = 2.0619051456451416
Epoch 7: loss = 2.0391457080841064
Epoch 8: loss = 2.0239639282226562
Epoch 9: loss = 2.0142250061035156
Epoch 10: loss = 2.008150815963745
Epoch 11: loss = 2.005192279815674
Epoch 12: loss = 2.003366231918335
Epoch 13: loss = 2.0020859241485596
Epoch 14: loss = 2.001143455505371
Epoch 0: loss = -22.503145217895508
Epoch 1: loss = -22.742618560791016
Epoch 2: loss = -22.77128791809082
Epoch 3: loss = -22.777076721191406
Epoch 4: loss = -22.77924156188965
Epoch 5: loss = -22.78024673461914
Epoch 6: loss = -22.780900955200195
Epoch 7: loss = -22.781286239624023
Epoch 8: loss = -22.781551361083984
Epoch 9: loss = -22.78172492980957
Epoch 10: loss = -22.78190040588379
Epoch 11: loss = -22.782039642333984
Epoch 12: loss = -22.782133102416992
Epoch 13: loss = -22.78214454650879
Epoch 14: loss = -22.782236099243164
Epoch 15: loss = -22.782291412353516
Epoch 16: loss = -22.7823429107666
Epoch 17: loss = -22.782419204711914
Epoch 18: loss = -22.782480239868164
Epoch 19: loss = -22.782514572143555
Epoch 20: loss = -22.78253173828125
Epoch 21: loss = -22.782541275024414
Epoch 22: loss = -22.78254508972168
Epoch 23: loss = -22.782548904418945
Epoch 24: loss = -22.782556533813477
Epoch 25: loss = -22.782562255859375
Early stopping at epoch 25 with loss -22.78253173828125
Reconstruction for fluence = 16.23776739188721 photons/pixel
Epoch 0: loss = 4156.1806640625
Epoch 1: loss = 15.583088874816895
Epoch 2: loss = 7.538092136383057
Epoch 3: loss = 5.697959899902344
Epoch 4: loss = 5.062743186950684
Epoch 5: loss = 4.741851806640625
Epoch 6: loss = 4.6262383460998535
Epoch 7: loss = 4.558418273925781
Epoch 8: loss = 4.510519504547119
Epoch 9: loss = 4.474129676818848
Epoch 10: loss = 4.45032262802124
Epoch 11: loss = 4.4372735023498535
Epoch 12: loss = 4.428678035736084
Epoch 13: loss = 4.422510147094727
Epoch 14: loss = 4.417810916900635
Epoch 0: loss = -66.71028900146484
Epoch 1: loss = -67.01827239990234
Epoch 2: loss = -67.05828857421875
Epoch 3: loss = -67.0660629272461
Epoch 4: loss = -67.06913757324219
Epoch 5: loss = -67.07032775878906
Epoch 6: loss = -67.0712890625
Epoch 7: loss = -67.07169342041016
Epoch 8: loss = -67.07179260253906
Epoch 9: loss = -67.07181549072266
Epoch 10: loss = -67.07181549072266
Epoch 11: loss = -67.07205963134766
Epoch 12: loss = -67.0721206665039
Epoch 13: loss = -67.07215118408203
Epoch 14: loss = -67.07217407226562
Epoch 15: loss = -67.07218170166016
Epoch 16: loss = -67.07218170166016
Epoch 17: loss = -67.07219696044922
Epoch 18: loss = -67.07219696044922
Epoch 19: loss = -67.07221221923828
Early stopping at epoch 19 with loss -67.07217407226562
Reconstruction for fluence = 37.926901907322495 photons/pixel
Epoch 0: loss = 22672.845703125
Epoch 1: loss = 57.44314193725586
Epoch 2: loss = 21.567529678344727
Epoch 3: loss = 14.922966957092285
Epoch 4: loss = 12.523497581481934
Epoch 5: loss = 11.413776397705078
Epoch 6: loss = 10.957677841186523
Epoch 7: loss = 10.719606399536133
Epoch 8: loss = 10.529537200927734
Epoch 9: loss = 10.399121284484863
Epoch 10: loss = 10.310001373291016
Epoch 11: loss = 10.256634712219238
Epoch 12: loss = 10.219901084899902
Epoch 13: loss = 10.195854187011719
Epoch 14: loss = 10.176315307617188
Epoch 0: loss = -187.5753936767578
Epoch 1: loss = -188.01992797851562
Epoch 2: loss = -188.07376098632812
Epoch 3: loss = -188.08761596679688
Epoch 4: loss = -188.09275817871094
Epoch 5: loss = -188.09561157226562
Epoch 6: loss = -188.09725952148438
Epoch 7: loss = -188.0980682373047
Epoch 8: loss = -188.0982208251953
Epoch 9: loss = -188.0984649658203
Epoch 10: loss = -188.0986328125
Epoch 11: loss = -188.09869384765625
Epoch 12: loss = -188.09873962402344
Epoch 13: loss = -188.09933471679688
Epoch 14: loss = -188.09933471679688
Epoch 15: loss = -188.09939575195312
Epoch 16: loss = -188.09939575195312
Epoch 17: loss = -188.09942626953125
Epoch 18: loss = -188.09942626953125
Early stopping at epoch 18 with loss -188.09933471679688
Reconstruction for fluence = 88.58667904100822 photons/pixel
Epoch 0: loss = 123848.8046875
Epoch 1: loss = 249.3837890625
Epoch 2: loss = 65.5971450805664
Epoch 3: loss = 37.271484375
Epoch 4: loss = 28.862648010253906
Epoch 5: loss = 25.14490509033203
Epoch 6: loss = 23.756025314331055
Epoch 7: loss = 22.896434783935547
Epoch 8: loss = 22.305871963500977
Epoch 9: loss = 21.87854766845703
Epoch 10: loss = 21.585079193115234
Epoch 11: loss = 21.396963119506836
Epoch 12: loss = 21.27606201171875
Epoch 13: loss = 21.185075759887695
Epoch 14: loss = 21.114850997924805
Epoch 0: loss = -514.3533325195312
Epoch 1: loss = -514.91796875
Epoch 2: loss = -514.9928588867188
Epoch 3: loss = -515.0067749023438
Epoch 4: loss = -515.0126953125
Epoch 5: loss = -515.0157470703125
Epoch 6: loss = -515.0169067382812
Epoch 7: loss = -515.0170288085938
Epoch 8: loss = -515.0171508789062
Epoch 9: loss = -515.0177001953125
Epoch 10: loss = -515.0178833007812
Epoch 11: loss = -515.0182495117188
Epoch 12: loss = -515.0183715820312
Epoch 13: loss = -515.0189819335938
Epoch 14: loss = -515.0192260742188
Epoch 15: loss = -515.0194091796875
Epoch 16: loss = -515.0198364257812
Epoch 17: loss = -515.0199584960938
Epoch 18: loss = -515.0200805664062
Epoch 19: loss = -515.0203247070312
Epoch 20: loss = -515.0203247070312
Epoch 21: loss = -515.0203247070312
Epoch 22: loss = -515.0203857421875
Epoch 23: loss = -515.0205078125
Epoch 24: loss = -515.0205078125
Epoch 25: loss = -515.0205078125
Epoch 26: loss = -515.0206298828125
Epoch 27: loss = -515.0206298828125
Epoch 28: loss = -515.0206298828125
Early stopping at epoch 28 with loss -515.0205078125
Reconstruction for fluence = 206.9138081114788 photons/pixel
Epoch 0: loss = 675010.8125
Epoch 1: loss = 1158.1087646484375
Epoch 2: loss = 247.4379425048828
Epoch 3: loss = 113.1240005493164
Epoch 4: loss = 74.62007141113281
Epoch 5: loss = 60.29359436035156
Epoch 6: loss = 54.61150360107422
Epoch 7: loss = 51.70648193359375
Epoch 8: loss = 49.61800003051758
Epoch 9: loss = 48.29716491699219
Epoch 10: loss = 47.372459411621094
Epoch 11: loss = 46.83931350708008
Epoch 12: loss = 46.46279525756836
Epoch 13: loss = 46.13969802856445
Epoch 14: loss = 45.91666030883789
Epoch 0: loss = -1376.49462890625
Epoch 1: loss = -1377.20751953125
Epoch 2: loss = -1377.279052734375
Epoch 3: loss = -1377.2947998046875
Epoch 4: loss = -1377.2994384765625
Epoch 5: loss = -1377.3004150390625
Epoch 6: loss = -1377.3004150390625
Epoch 7: loss = -1377.30078125
Epoch 8: loss = -1377.301025390625
Epoch 9: loss = -1377.301025390625
Epoch 10: loss = -1377.3013916015625
Epoch 11: loss = -1377.3013916015625
Epoch 12: loss = -1377.3018798828125
Epoch 13: loss = -1377.3018798828125
Epoch 14: loss = -1377.3023681640625
Epoch 15: loss = -1377.3023681640625
Epoch 16: loss = -1377.3023681640625
Epoch 17: loss = -1377.302490234375
Epoch 18: loss = -1377.302490234375
Epoch 19: loss = -1377.302734375
Epoch 20: loss = -1377.302978515625
Epoch 21: loss = -1377.302978515625
Epoch 22: loss = -1377.302978515625
Epoch 23: loss = -1377.302978515625
Epoch 24: loss = -1377.302978515625
Epoch 25: loss = -1377.302978515625
Early stopping at epoch 25 with loss -1377.302978515625
Reconstruction for fluence = 483.2930238571752 photons/pixel
Epoch 0: loss = 3680092.0
Epoch 1: loss = 6045.2607421875
Epoch 2: loss = 1144.6082763671875
Epoch 3: loss = 413.8289794921875
Epoch 4: loss = 231.094482421875
Epoch 5: loss = 168.29148864746094
Epoch 6: loss = 143.88873291015625
Epoch 7: loss = 131.06658935546875
Epoch 8: loss = 122.85400390625
Epoch 9: loss = 117.31434631347656
Epoch 10: loss = 113.20700073242188
Epoch 11: loss = 110.70458984375
Epoch 12: loss = 109.16117858886719
Epoch 13: loss = 107.76536560058594
Epoch 14: loss = 107.01338958740234
Epoch 0: loss = -3627.56494140625
Epoch 1: loss = -3628.462646484375
Epoch 2: loss = -3628.5595703125
Epoch 3: loss = -3628.579345703125
Epoch 4: loss = -3628.581298828125
Epoch 5: loss = -3628.58251953125
Epoch 6: loss = -3628.583740234375
Epoch 7: loss = -3628.584228515625
Epoch 8: loss = -3628.585205078125
Epoch 9: loss = -3628.585205078125
Epoch 10: loss = -3628.5859375
Epoch 11: loss = -3628.58642578125
Epoch 12: loss = -3628.58642578125
Epoch 13: loss = -3628.5869140625
Epoch 14: loss = -3628.587158203125
Epoch 15: loss = -3628.587158203125
Epoch 16: loss = -3628.587158203125
Epoch 17: loss = -3628.587646484375
Epoch 18: loss = -3628.587646484375
Epoch 19: loss = -3628.587890625
Epoch 20: loss = -3628.587890625
Epoch 21: loss = -3628.588134765625
Epoch 22: loss = -3628.588134765625
Epoch 23: loss = -3628.58837890625
Epoch 24: loss = -3628.58837890625
Epoch 25: loss = -3628.588623046875
Epoch 26: loss = -3628.588623046875
Epoch 27: loss = -3628.588623046875
Epoch 28: loss = -3628.588623046875
Epoch 29: loss = -3628.589111328125
Epoch 30: loss = -3628.589111328125
Epoch 31: loss = -3628.589111328125
Epoch 32: loss = -3628.589111328125
Epoch 33: loss = -3628.589111328125
Epoch 34: loss = -3628.589111328125
Early stopping at epoch 34 with loss -3628.589111328125
Reconstruction for fluence = 1128.8378916846884 photons/pixel
Epoch 0: loss = 20078554.0
Epoch 1: loss = 32156.853515625
Epoch 2: loss = 5709.5078125
Epoch 3: loss = 1785.6639404296875
Epoch 4: loss = 853.5742797851562
Epoch 5: loss = 537.2449340820312
Epoch 6: loss = 418.0018005371094
Epoch 7: loss = 359.2497253417969
Epoch 8: loss = 322.06805419921875
Epoch 9: loss = 298.6703186035156
Epoch 10: loss = 282.58154296875
Epoch 11: loss = 272.42340087890625
Epoch 12: loss = 266.30859375
Epoch 13: loss = 261.6692810058594
Epoch 14: loss = 257.9040832519531
Epoch 0: loss = -9431.390625
Epoch 1: loss = -9432.5751953125
Epoch 2: loss = -9432.6884765625
Epoch 3: loss = -9432.7001953125
Epoch 4: loss = -9432.703125
Epoch 5: loss = -9432.70703125
Epoch 6: loss = -9432.7080078125
Epoch 7: loss = -9432.708984375
Epoch 8: loss = -9432.7109375
Epoch 9: loss = -9432.7119140625
Epoch 10: loss = -9432.712890625
Epoch 11: loss = -9432.712890625
Epoch 12: loss = -9432.712890625
Epoch 13: loss = -9432.7138671875
Epoch 14: loss = -9432.71484375
Epoch 15: loss = -9432.71484375
Epoch 16: loss = -9432.7158203125
Epoch 17: loss = -9432.7158203125
Epoch 18: loss = -9432.7158203125
Epoch 19: loss = -9432.7158203125
Epoch 20: loss = -9432.7158203125
Epoch 21: loss = -9432.7158203125
Early stopping at epoch 21 with loss -9432.7158203125
Reconstruction for fluence = 2636.6508987303555 photons/pixel
Epoch 0: loss = 109496392.0
Epoch 1: loss = 174477.28125
Epoch 2: loss = 28602.853515625
Epoch 3: loss = 8758.529296875
Epoch 4: loss = 3662.962646484375
Epoch 5: loss = 2042.8841552734375
Epoch 6: loss = 1459.812255859375
Epoch 7: loss = 1164.8851318359375
Epoch 8: loss = 959.0580444335938
Epoch 9: loss = 826.5222778320312
Epoch 10: loss = 741.3746948242188
Epoch 11: loss = 688.7832641601562
Epoch 12: loss = 655.4890747070312
Epoch 13: loss = 633.0523071289062
Epoch 14: loss = 615.5700073242188
Epoch 0: loss = -24266.576171875
Epoch 1: loss = -24268.18359375
Epoch 2: loss = -24268.306640625
Epoch 3: loss = -24268.314453125
Epoch 4: loss = -24268.322265625
Epoch 5: loss = -24268.322265625
Epoch 6: loss = -24268.322265625
Epoch 7: loss = -24268.322265625
Epoch 8: loss = -24268.326171875
Epoch 9: loss = -24268.328125
Epoch 10: loss = -24268.328125
Epoch 11: loss = -24268.328125
Epoch 12: loss = -24268.328125
Epoch 13: loss = -24268.328125
Epoch 14: loss = -24268.328125
Early stopping at epoch 14 with loss -24268.328125
Reconstruction for fluence = 6158.482110660255 photons/pixel
Epoch 0: loss = 597402176.0
Epoch 1: loss = 938761.8125
Epoch 2: loss = 160459.421875
Epoch 3: loss = 46035.9765625
Epoch 4: loss = 18179.4375
Epoch 5: loss = 8879.58984375
Epoch 6: loss = 5833.61181640625
Epoch 7: loss = 4438.67919921875
Epoch 8: loss = 3282.072509765625
Epoch 9: loss = 2664.517333984375
Epoch 10: loss = 2228.873291015625
Epoch 11: loss = 1965.2279052734375
Epoch 12: loss = 1795.2445068359375
Epoch 13: loss = 1666.4859619140625
Epoch 14: loss = 1574.7686767578125
Epoch 0: loss = -61905.45703125
Epoch 1: loss = -61907.84765625
Epoch 2: loss = -61907.890625
Epoch 3: loss = -61907.97265625
Epoch 4: loss = -61907.98046875
Epoch 5: loss = -61907.9921875
Epoch 6: loss = -61908.0
Epoch 7: loss = -61908.0
Epoch 8: loss = -61908.0
Epoch 9: loss = -61908.0
Epoch 10: loss = -61908.0
Epoch 11: loss = -61908.015625
Epoch 12: loss = -61908.015625
Epoch 13: loss = -61908.015625
Epoch 14: loss = -61908.015625
Epoch 15: loss = -61908.015625
Epoch 16: loss = -61908.015625
Early stopping at epoch 16 with loss -61908.015625
Reconstruction for fluence = 14384.498882876629 photons/pixel
Epoch 0: loss = 3259938560.0
Epoch 1: loss = 5128630.5
Epoch 2: loss = 859465.0
Epoch 3: loss = 233943.0
Epoch 4: loss = 91819.2265625
Epoch 5: loss = 44267.9296875
Epoch 6: loss = 29429.146484375
Epoch 7: loss = 19683.455078125
Epoch 8: loss = 14250.525390625
Epoch 9: loss = 10434.970703125
Epoch 10: loss = 7943.01025390625
Epoch 11: loss = 6581.37353515625
Epoch 12: loss = 5665.42626953125
Epoch 13: loss = 5050.43603515625
Epoch 14: loss = 4583.51123046875
Epoch 0: loss = -156790.015625
Epoch 1: loss = -156794.140625
Epoch 2: loss = -156794.203125
Epoch 3: loss = -156794.3125
Epoch 4: loss = -156794.328125
Epoch 5: loss = -156794.328125
Epoch 6: loss = -156794.34375
Epoch 7: loss = -156794.34375
Epoch 8: loss = -156794.34375
Epoch 9: loss = -156794.375
Epoch 10: loss = -156794.375
Epoch 11: loss = -156794.375
Epoch 12: loss = -156794.375
Epoch 13: loss = -156794.375
Epoch 14: loss = -156794.375
Early stopping at epoch 14 with loss -156794.375
Reconstruction for fluence = 33598.18286283781 photons/pixel
Epoch 0: loss = 17782962176.0
Epoch 1: loss = 27983822.0
Epoch 2: loss = 4609869.0
Epoch 3: loss = 1201912.5
Epoch 4: loss = 476273.34375
Epoch 5: loss = 221448.1875
Epoch 6: loss = 134401.46875
Epoch 7: loss = 90157.3515625
Epoch 8: loss = 63316.36328125
Epoch 9: loss = 42924.8671875
Epoch 10: loss = 30595.71484375
Epoch 11: loss = 23699.0625
Epoch 12: loss = 18882.369140625
Epoch 13: loss = 15909.888671875
Epoch 14: loss = 13497.3291015625
Epoch 0: loss = -394729.03125
Epoch 1: loss = -394736.40625
Epoch 2: loss = -394736.40625
Epoch 3: loss = -394736.5625
Epoch 4: loss = -394736.625
Epoch 5: loss = -394736.65625
Epoch 6: loss = -394736.71875
Epoch 7: loss = -394736.75
Epoch 8: loss = -394736.75
Epoch 9: loss = -394736.75
Epoch 10: loss = -394736.8125
Epoch 11: loss = -394736.8125
Epoch 12: loss = -394736.8125
Epoch 13: loss = -394736.8125
Epoch 14: loss = -394736.84375
Epoch 15: loss = -394736.84375
Epoch 16: loss = -394736.84375
Epoch 17: loss = -394736.84375
Epoch 18: loss = -394736.84375
Epoch 19: loss = -394736.84375
Early stopping at epoch 19 with loss -394736.84375
Reconstruction for fluence = 78475.99703514607 photons/pixel
Epoch 0: loss = 97016799232.0
Epoch 1: loss = 152698944.0
Epoch 2: loss = 25460580.0
Epoch 3: loss = 7371528.0
Epoch 4: loss = 2871076.75
Epoch 5: loss = 1292711.375
Epoch 6: loss = 779335.4375
Epoch 7: loss = 513500.34375
Epoch 8: loss = 336383.65625
Epoch 9: loss = 222343.640625
Epoch 10: loss = 145177.390625
Epoch 11: loss = 107176.359375
Epoch 12: loss = 83171.875
Epoch 13: loss = 65732.0546875
Epoch 14: loss = 51684.8359375
Epoch 0: loss = -988570.875
Epoch 1: loss = -988586.6875
Epoch 2: loss = -988586.6875
Epoch 3: loss = -988586.875
Epoch 4: loss = -988587.125
Epoch 5: loss = -988587.125
Epoch 6: loss = -988587.125
Epoch 7: loss = -988587.125
Epoch 8: loss = -988587.3125
Epoch 9: loss = -988587.3125
Epoch 10: loss = -988587.3125
Epoch 11: loss = -988587.3125
Epoch 12: loss = -988587.3125
Epoch 13: loss = -988587.5625
Epoch 14: loss = -988587.5625
Epoch 15: loss = -988587.5625
Epoch 16: loss = -988587.5625
Epoch 17: loss = -988587.5625
Epoch 18: loss = -988587.5625
Early stopping at epoch 18 with loss -988587.5625
Reconstruction for fluence = 183298.07108324335 photons/pixel
Epoch 0: loss = 529292165120.0
Epoch 1: loss = 832475264.0
Epoch 2: loss = 134249648.0
Epoch 3: loss = 38988020.0
Epoch 4: loss = 14849758.0
Epoch 5: loss = 7025930.5
Epoch 6: loss = 4318579.5
Epoch 7: loss = 2805861.75
Epoch 8: loss = 1808689.25
Epoch 9: loss = 1176584.625
Epoch 10: loss = 772545.4375
Epoch 11: loss = 559829.125
Epoch 12: loss = 412154.4375
Epoch 13: loss = 329419.15625
Epoch 14: loss = 238617.140625
Epoch 0: loss = -2464492.0
Epoch 1: loss = -2464528.5
Epoch 2: loss = -2464528.5
Epoch 3: loss = -2464529.0
Epoch 4: loss = -2464529.25
Epoch 5: loss = -2464529.75
Epoch 6: loss = -2464529.75
Epoch 7: loss = -2464529.75
Epoch 8: loss = -2464530.25
Epoch 9: loss = -2464530.25
Epoch 10: loss = -2464530.25
Epoch 11: loss = -2464530.25
Epoch 12: loss = -2464530.25
Epoch 13: loss = -2464530.25
Early stopping at epoch 13 with loss -2464530.25
Reconstruction for fluence = 428133.2398719387 photons/pixel
Epoch 0: loss = 2887689699328.0
Epoch 1: loss = 4538149376.0
Epoch 2: loss = 770704960.0
Epoch 3: loss = 221999392.0
Epoch 4: loss = 75342552.0
Epoch 5: loss = 34977744.0
Epoch 6: loss = 20218526.0
Epoch 7: loss = 13391197.0
Epoch 8: loss = 8694056.0
Epoch 9: loss = 5542211.5
Epoch 10: loss = 3643064.5
Epoch 11: loss = 2599038.75
Epoch 12: loss = 1891737.625
Epoch 13: loss = 1423954.875
Epoch 14: loss = 1068869.75
Epoch 0: loss = -6119413.5
Epoch 1: loss = -6119490.5
Epoch 2: loss = -6119492.5
Epoch 3: loss = -6119493.5
Epoch 4: loss = -6119493.5
Epoch 5: loss = -6119493.5
Epoch 6: loss = -6119494.5
Epoch 7: loss = -6119494.5
Epoch 8: loss = -6119494.5
Epoch 9: loss = -6119494.5
Epoch 10: loss = -6119494.5
Epoch 11: loss = -6119494.5
Early stopping at epoch 11 with loss -6119494.5
Reconstruction for fluence = 1000000.0 photons/pixel
Epoch 0: loss = 15753856155648.0
Epoch 1: loss = 24765499392.0
Epoch 2: loss = 4171403776.0
Epoch 3: loss = 1152819200.0
Epoch 4: loss = 429790144.0
Epoch 5: loss = 198565408.0
Epoch 6: loss = 114033952.0
Epoch 7: loss = 76660752.0
Epoch 8: loss = 50878616.0
Epoch 9: loss = 33972596.0
Epoch 10: loss = 22455648.0
Epoch 11: loss = 15716645.0
Epoch 12: loss = 11503886.0
Epoch 13: loss = 8882433.0
Epoch 14: loss = 6050938.5
Epoch 0: loss = -15141682.0
Epoch 1: loss = -15141867.0
Epoch 2: loss = -15141872.0
Epoch 3: loss = -15141876.0
Epoch 4: loss = -15141877.0
Epoch 5: loss = -15141879.0
Epoch 6: loss = -15141879.0
Epoch 7: loss = -15141881.0
Epoch 8: loss = -15141881.0
Epoch 9: loss = -15141881.0
Epoch 10: loss = -15141881.0
Epoch 11: loss = -15141883.0
Epoch 12: loss = -15141885.0
Epoch 13: loss = -15141885.0
Epoch 14: loss = -15141885.0
Epoch 15: loss = -15141885.0
Epoch 16: loss = -15141885.0
Epoch 17: loss = -15141885.0
Early stopping at epoch 17 with loss -15141885.0
Simulation for steps_size=29 and n_fluences=20 completed!
