Running simulation for n_modes=4 and n_fluences=20
Tensors initialization on device cuda
Multiprobe = band_lim
torch.Size([4, 64, 64])

('MSE', None) RECONSTRUCTIONS

Reconstruction for fluence = 0.09999999999999999 photons/pixel
Epoch 0: loss = 0.00022148049902170897
Epoch 1: loss = 0.00022148049902170897
Epoch 2: loss = 0.00022148049902170897
Epoch 3: loss = 0.00022148049902170897
Epoch 4: loss = 0.00022148049902170897
Epoch 5: loss = 0.00022148049902170897
Early stopping at epoch 5 with loss 0.00022148049902170897
Reconstruction for fluence = 0.23357214690901223 photons/pixel
Epoch 0: loss = 0.0005206463392823935
Epoch 1: loss = 0.0005206463392823935
Epoch 2: loss = 0.0005206463392823935
Epoch 3: loss = 0.0005206463392823935
Epoch 4: loss = 0.0005206463392823935
Epoch 5: loss = 0.0005206463392823935
Early stopping at epoch 5 with loss 0.0005206463392823935
Reconstruction for fluence = 0.5455594781168519 photons/pixel
Epoch 0: loss = 0.0012164548970758915
Epoch 1: loss = 0.0012164548970758915
Epoch 2: loss = 0.0012164548970758915
Epoch 3: loss = 0.0012164548970758915
Epoch 4: loss = 0.0012164548970758915
Epoch 5: loss = 0.0012164548970758915
Early stopping at epoch 5 with loss 0.0012164548970758915
Reconstruction for fluence = 1.2742749857031335 photons/pixel
Epoch 0: loss = 0.0028908830136060715
Epoch 1: loss = 0.0028908830136060715
Epoch 2: loss = 0.0028908830136060715
Epoch 3: loss = 0.0028908830136060715
Epoch 4: loss = 0.0028908830136060715
Epoch 5: loss = 0.0028908830136060715
Early stopping at epoch 5 with loss 0.0028908830136060715
Reconstruction for fluence = 2.976351441631318 photons/pixel
Epoch 0: loss = 0.007061036303639412
Epoch 1: loss = 0.0070609720423817635
Epoch 2: loss = 0.007060907781124115
Epoch 3: loss = 0.0070608435198664665
Epoch 4: loss = 0.007060780189931393
Epoch 5: loss = 0.007060715928673744
Early stopping at epoch 5 with loss 0.007061036303639412
Reconstruction for fluence = 6.9519279617756045 photons/pixel
Epoch 0: loss = 0.01807251200079918
Epoch 1: loss = 0.018070608377456665
Epoch 2: loss = 0.01806870475411415
Epoch 3: loss = 0.018066804856061935
Epoch 4: loss = 0.01806490495800972
Epoch 5: loss = 0.018063008785247803
Early stopping at epoch 5 with loss 0.01807251200079918
Reconstruction for fluence = 16.23776739188721 photons/pixel
Epoch 0: loss = 0.050602711737155914
Epoch 1: loss = 0.035494863986968994
Epoch 2: loss = 0.035494863986968994
Epoch 3: loss = 0.035494863986968994
Epoch 4: loss = 0.035494863986968994
Epoch 5: loss = 0.035494863986968994
Epoch 6: loss = 0.035494863986968994
Early stopping at epoch 6 with loss 0.035494863986968994
Reconstruction for fluence = 37.926901907322495 photons/pixel
Epoch 0: loss = 0.1653251349925995
Epoch 1: loss = 0.08307548612356186
Epoch 2: loss = 0.08307236433029175
Epoch 3: loss = 0.08307236433029175
Epoch 4: loss = 0.08307236433029175
Epoch 5: loss = 0.08307236433029175
Epoch 6: loss = 0.08307236433029175
Early stopping at epoch 6 with loss 0.08307548612356186
Reconstruction for fluence = 88.58667904100822 photons/pixel
Epoch 0: loss = 0.641911506652832
Epoch 1: loss = 0.19423842430114746
Epoch 2: loss = 0.1942194104194641
Epoch 3: loss = 0.19421929121017456
Epoch 4: loss = 0.19421929121017456
Epoch 5: loss = 0.19421929121017456
Epoch 6: loss = 0.19421929121017456
Early stopping at epoch 6 with loss 0.19423842430114746
Reconstruction for fluence = 206.9138081114788 photons/pixel
Epoch 0: loss = 2.8930447101593018
Epoch 1: loss = 0.4532923996448517
Epoch 2: loss = 0.4532272517681122
Epoch 3: loss = 0.4532244801521301
Epoch 4: loss = 0.4532243013381958
Epoch 5: loss = 0.453224241733551
Epoch 6: loss = 0.45322421193122864
Early stopping at epoch 6 with loss 0.4532923996448517
Reconstruction for fluence = 483.2930238571752 photons/pixel
Epoch 0: loss = 14.38204574584961
Epoch 1: loss = 1.05780827999115
Epoch 2: loss = 1.0575642585754395
Epoch 3: loss = 1.0575456619262695
Epoch 4: loss = 1.0575451850891113
Epoch 5: loss = 1.0575449466705322
Epoch 6: loss = 1.0575447082519531
Epoch 7: loss = 1.057544469833374
Early stopping at epoch 7 with loss 1.0575642585754395
Reconstruction for fluence = 1128.8378916846884 photons/pixel
Epoch 0: loss = 75.1187744140625
Epoch 1: loss = 2.4792380332946777
Epoch 2: loss = 2.4781675338745117
Epoch 3: loss = 2.4780585765838623
Epoch 4: loss = 2.4780449867248535
Epoch 5: loss = 2.4780445098876953
Epoch 6: loss = 2.478044033050537
Epoch 7: loss = 2.478043556213379
Epoch 8: loss = 2.4780433177948
Early stopping at epoch 8 with loss 2.4780585765838623
Reconstruction for fluence = 2636.6508987303555 photons/pixel
Epoch 0: loss = 402.0977783203125
Epoch 1: loss = 5.779911041259766
Epoch 2: loss = 5.774870872497559
Epoch 3: loss = 5.77423095703125
Epoch 4: loss = 5.774146556854248
Epoch 5: loss = 5.774140357971191
Epoch 6: loss = 5.774134159088135
Epoch 7: loss = 5.77413272857666
Epoch 8: loss = 5.77413272857666
Early stopping at epoch 8 with loss 5.77423095703125
Reconstruction for fluence = 6158.482110660255 photons/pixel
Epoch 0: loss = 2175.56689453125
Epoch 1: loss = 13.542844772338867
Epoch 2: loss = 13.51840591430664
Epoch 3: loss = 13.514835357666016
Epoch 4: loss = 13.51429557800293
Epoch 5: loss = 13.514202117919922
Epoch 6: loss = 13.514190673828125
Epoch 7: loss = 13.514188766479492
Epoch 8: loss = 13.51418685913086
Epoch 9: loss = 13.514184951782227
Epoch 10: loss = 13.514184951782227
Epoch 11: loss = 13.514184951782227
Early stopping at epoch 11 with loss 13.514190673828125
Reconstruction for fluence = 14384.498882876629 photons/pixel
Epoch 0: loss = 11827.458984375
Epoch 1: loss = 31.68252182006836
Epoch 2: loss = 31.55484390258789
Epoch 3: loss = 31.53563690185547
Epoch 4: loss = 31.532852172851562
Epoch 5: loss = 31.532320022583008
Epoch 6: loss = 31.532249450683594
Epoch 7: loss = 31.532238006591797
Epoch 8: loss = 31.53219985961914
Epoch 9: loss = 31.53219985961914
Epoch 10: loss = 31.532196044921875
Epoch 11: loss = 31.53219223022461
Epoch 12: loss = 31.53219223022461
Epoch 13: loss = 31.532184600830078
Early stopping at epoch 13 with loss 31.53219985961914
Reconstruction for fluence = 33598.18286283781 photons/pixel
Epoch 0: loss = 64421.6171875
Epoch 1: loss = 74.41768646240234
Epoch 2: loss = 73.74102783203125
Epoch 3: loss = 73.63583374023438
Epoch 4: loss = 73.62007141113281
Epoch 5: loss = 73.6173095703125
Epoch 6: loss = 73.61678314208984
Epoch 7: loss = 73.61676025390625
Epoch 8: loss = 73.61671447753906
Epoch 9: loss = 73.61671447753906
Epoch 10: loss = 73.61666870117188
Epoch 11: loss = 73.61666870117188
Epoch 12: loss = 73.61663818359375
Epoch 13: loss = 73.61662292480469
Epoch 14: loss = 73.61662292480469
Epoch 15: loss = 73.61662292480469
Early stopping at epoch 15 with loss 73.61666870117188
Reconstruction for fluence = 78475.99703514607 photons/pixel
Epoch 0: loss = 351200.3125
Epoch 1: loss = 175.3837890625
Epoch 2: loss = 171.6912841796875
Epoch 3: loss = 171.21714782714844
Epoch 4: loss = 171.14224243164062
Epoch 5: loss = 171.1268310546875
Epoch 6: loss = 171.1239013671875
Epoch 7: loss = 171.12310791015625
Epoch 8: loss = 171.122802734375
Epoch 9: loss = 171.12258911132812
Epoch 10: loss = 171.12255859375
Epoch 11: loss = 171.12252807617188
Epoch 12: loss = 171.12249755859375
Epoch 13: loss = 171.12246704101562
Epoch 14: loss = 171.12246704101562
Epoch 15: loss = 171.12246704101562
Epoch 16: loss = 171.12245178222656
Epoch 17: loss = 171.12245178222656
Epoch 18: loss = 171.1224365234375
Early stopping at epoch 18 with loss 171.12246704101562
Reconstruction for fluence = 183298.07108324335 photons/pixel
Epoch 0: loss = 1915459.25
Epoch 1: loss = 422.9091796875
Epoch 2: loss = 403.1982727050781
Epoch 3: loss = 400.1021728515625
Epoch 4: loss = 399.627197265625
Epoch 5: loss = 399.5406799316406
Epoch 6: loss = 399.52484130859375
Epoch 7: loss = 399.520751953125
Epoch 8: loss = 399.51806640625
Epoch 9: loss = 399.5169677734375
Epoch 10: loss = 399.516845703125
Epoch 11: loss = 399.5167236328125
Epoch 12: loss = 399.5166931152344
Epoch 13: loss = 399.51666259765625
Epoch 14: loss = 399.5166015625
Epoch 15: loss = 399.5164794921875
Epoch 16: loss = 399.5164794921875
Epoch 17: loss = 399.5164794921875
Epoch 18: loss = 399.5164794921875
Epoch 19: loss = 399.51641845703125
Epoch 20: loss = 399.5163879394531
Early stopping at epoch 20 with loss 399.5164794921875
Reconstruction for fluence = 428133.2398719387 photons/pixel
Epoch 0: loss = 10449412.0
Epoch 1: loss = 1066.13134765625
Epoch 2: loss = 958.3077392578125
Epoch 3: loss = 941.296142578125
Epoch 4: loss = 938.795166015625
Epoch 5: loss = 938.2290649414062
Epoch 6: loss = 938.1307373046875
Epoch 7: loss = 938.1038818359375
Epoch 8: loss = 938.0892333984375
Epoch 9: loss = 938.08203125
Epoch 10: loss = 938.080322265625
Epoch 11: loss = 938.0792236328125
Epoch 12: loss = 938.0790405273438
Epoch 13: loss = 938.0789794921875
Epoch 14: loss = 938.0789184570312
Epoch 15: loss = 938.0787963867188
Epoch 16: loss = 938.0787353515625
Epoch 17: loss = 938.0787353515625
Epoch 18: loss = 938.0787353515625
Epoch 19: loss = 938.0787353515625
Epoch 20: loss = 938.0787353515625
Early stopping at epoch 20 with loss 938.0787963867188
Reconstruction for fluence = 1000000.0 photons/pixel
Epoch 0: loss = 57006104.0
Epoch 1: loss = 2889.16015625
Epoch 2: loss = 2302.4619140625
Epoch 3: loss = 2209.3720703125
Epoch 4: loss = 2196.302001953125
Epoch 5: loss = 2193.57763671875
Epoch 6: loss = 2193.0859375
Epoch 7: loss = 2192.93994140625
Epoch 8: loss = 2192.8720703125
Epoch 9: loss = 2192.8310546875
Epoch 10: loss = 2192.8193359375
Epoch 11: loss = 2192.81689453125
Epoch 12: loss = 2192.81591796875
Epoch 13: loss = 2192.81591796875
Epoch 14: loss = 2192.8154296875
Epoch 15: loss = 2192.8154296875
Epoch 16: loss = 2192.8154296875
Epoch 17: loss = 2192.81494140625
Epoch 18: loss = 2192.81494140625
Epoch 19: loss = 2192.81494140625
Epoch 20: loss = 2192.814697265625
Epoch 21: loss = 2192.814697265625
Epoch 22: loss = 2192.814697265625
Epoch 23: loss = 2192.814453125
Epoch 24: loss = 2192.814453125
Epoch 25: loss = 2192.814208984375
Epoch 26: loss = 2192.814208984375
Epoch 27: loss = 2192.81396484375
Epoch 28: loss = 2192.81396484375
Epoch 29: loss = 2192.81396484375
Epoch 30: loss = 2192.81396484375
Epoch 31: loss = 2192.8134765625
Epoch 32: loss = 2192.8134765625
Epoch 33: loss = 2192.8134765625
Epoch 34: loss = 2192.8134765625
Epoch 35: loss = 2192.8134765625
Epoch 36: loss = 2192.8134765625
Early stopping at epoch 36 with loss 2192.8134765625
Tensors initialization on device cuda
Multiprobe = band_lim
torch.Size([4, 64, 64])

('MSE', 'PoissonNLL') RECONSTRUCTIONS

Reconstruction for fluence = 0.09999999999999999 photons/pixel
Epoch 0: loss = 0.00021616292360704392
Epoch 1: loss = 0.00021616292360704392
Epoch 2: loss = 0.00021616292360704392
Epoch 3: loss = 0.00021616292360704392
Epoch 4: loss = 0.00021616292360704392
Epoch 5: loss = 0.00021616292360704392
Early stopping at epoch 5 with loss 0.00021616292360704392
Epoch 0: loss = 0.001748030073940754
Epoch 1: loss = 0.001748030073940754
Epoch 2: loss = 0.001748030073940754
Epoch 3: loss = 0.001748030073940754
Epoch 4: loss = 0.001748030073940754
Epoch 5: loss = 0.001748030073940754
Early stopping at epoch 5 with loss 0.001748030073940754
Reconstruction for fluence = 0.23357214690901223 photons/pixel
Epoch 0: loss = 0.0005090538179501891
Epoch 1: loss = 0.0005090538179501891
Epoch 2: loss = 0.0005090538179501891
Epoch 3: loss = 0.0005090538179501891
Epoch 4: loss = 0.0005090538179501891
Epoch 5: loss = 0.0005090538179501891
Early stopping at epoch 5 with loss 0.0005090538179501891
Epoch 0: loss = 0.003671274520456791
Epoch 1: loss = 0.003671274520456791
Epoch 2: loss = 0.003671274520456791
Epoch 3: loss = 0.003671274520456791
Epoch 4: loss = 0.003671274520456791
Epoch 5: loss = 0.003671274520456791
Early stopping at epoch 5 with loss 0.003671274520456791
Reconstruction for fluence = 0.5455594781168519 photons/pixel
Epoch 0: loss = 0.0012031694641336799
Epoch 1: loss = 0.0012031694641336799
Epoch 2: loss = 0.0012031694641336799
Epoch 3: loss = 0.0012031694641336799
Epoch 4: loss = 0.0012031694641336799
Epoch 5: loss = 0.0012031694641336799
Early stopping at epoch 5 with loss 0.0012031694641336799
Epoch 0: loss = 0.007606090512126684
Epoch 1: loss = 0.007606084458529949
Epoch 2: loss = 0.007606079801917076
Epoch 3: loss = 0.0076060667634010315
Epoch 4: loss = 0.00760603416711092
Epoch 5: loss = 0.007606001570820808
Early stopping at epoch 5 with loss 0.007606090512126684
Reconstruction for fluence = 1.2742749857031335 photons/pixel
Epoch 0: loss = 0.0028873151168227196
Epoch 1: loss = 0.0028873151168227196
Epoch 2: loss = 0.0028873151168227196
Epoch 3: loss = 0.0028873151168227196
Epoch 4: loss = 0.0028873151168227196
Epoch 5: loss = 0.0028873151168227196
Early stopping at epoch 5 with loss 0.0028873151168227196
Epoch 0: loss = 0.015660004690289497
Epoch 1: loss = 0.015659824013710022
Epoch 2: loss = 0.015658771619200706
Epoch 3: loss = 0.015618587844073772
Epoch 4: loss = 0.013523407280445099
Epoch 5: loss = 0.013523407280445099
Epoch 6: loss = 0.013523407280445099
Epoch 7: loss = 0.013523407280445099
Epoch 8: loss = 0.013523407280445099
Epoch 9: loss = 0.013523407280445099
Early stopping at epoch 9 with loss 0.013523407280445099
Reconstruction for fluence = 2.976351441631318 photons/pixel
Epoch 0: loss = 0.007024472579360008
Epoch 1: loss = 0.007024410180747509
Epoch 2: loss = 0.007024346850812435
Epoch 3: loss = 0.007024283986538649
Epoch 4: loss = 0.007024221122264862
Epoch 5: loss = 0.007024158723652363
Early stopping at epoch 5 with loss 0.007024472579360008
Epoch 0: loss = 0.031112277880311012
Epoch 1: loss = 0.026180023327469826
Epoch 2: loss = 0.02605259418487549
Epoch 3: loss = 0.02605259418487549
Epoch 4: loss = 0.02605259418487549
Epoch 5: loss = 0.02605259418487549
Epoch 6: loss = 0.02605259418487549
Epoch 7: loss = 0.02605259418487549
Early stopping at epoch 7 with loss 0.02605259418487549
Reconstruction for fluence = 6.9519279617756045 photons/pixel
Epoch 0: loss = 0.017963415011763573
Epoch 1: loss = 0.017961544916033745
Epoch 2: loss = 0.017959676682949066
Epoch 3: loss = 0.017957814037799835
Epoch 4: loss = 0.017955947667360306
Epoch 5: loss = 0.017954086884856224
Early stopping at epoch 5 with loss 0.017963415011763573
Epoch 0: loss = 0.060347773134708405
Epoch 1: loss = 0.04810088127851486
Epoch 2: loss = 0.04810088127851486
Epoch 3: loss = 0.04810088127851486
Epoch 4: loss = 0.04810088127851486
Epoch 5: loss = 0.04810088127851486
Epoch 6: loss = 0.04810088127851486
Early stopping at epoch 6 with loss 0.04810088127851486
Reconstruction for fluence = 16.23776739188721 photons/pixel
Epoch 0: loss = 0.05042072758078575
Epoch 1: loss = 0.03553173691034317
Epoch 2: loss = 0.03553173691034317
Epoch 3: loss = 0.03553173691034317
Epoch 4: loss = 0.03553173691034317
Epoch 5: loss = 0.03553173691034317
Epoch 6: loss = 0.03553173691034317
Early stopping at epoch 6 with loss 0.03553173691034317
Epoch 0: loss = 0.08302774280309677
Epoch 1: loss = 0.08228114992380142
Epoch 2: loss = 0.08228114992380142
Epoch 3: loss = 0.08228114992380142
Epoch 4: loss = 0.08228114992380142
Epoch 5: loss = 0.08228114992380142
Epoch 6: loss = 0.08228114992380142
Early stopping at epoch 6 with loss 0.08228114992380142
Reconstruction for fluence = 37.926901907322495 photons/pixel
Epoch 0: loss = 0.16412600874900818
Epoch 1: loss = 0.08309997618198395
Epoch 2: loss = 0.08309707790613174
Epoch 3: loss = 0.08309707790613174
Epoch 4: loss = 0.08309707790613174
Epoch 5: loss = 0.08309707790613174
Epoch 6: loss = 0.08309707790613174
Early stopping at epoch 6 with loss 0.08309997618198395
Epoch 0: loss = 0.12284833192825317
Epoch 1: loss = 0.12180571258068085
Epoch 2: loss = 0.12180571258068085
Epoch 3: loss = 0.12180571258068085
Epoch 4: loss = 0.12180571258068085
Epoch 5: loss = 0.12180571258068085
Epoch 6: loss = 0.12180571258068085
Early stopping at epoch 6 with loss 0.12180571258068085
Reconstruction for fluence = 88.58667904100822 photons/pixel
Epoch 0: loss = 0.6347675323486328
Epoch 1: loss = 0.19428226351737976
Epoch 2: loss = 0.19426831603050232
Epoch 3: loss = 0.19426806271076202
Epoch 4: loss = 0.19426806271076202
Epoch 5: loss = 0.19426806271076202
Epoch 6: loss = 0.19426806271076202
Early stopping at epoch 6 with loss 0.19428226351737976
Epoch 0: loss = 0.12063056230545044
Epoch 1: loss = 0.1193530410528183
Epoch 2: loss = 0.1193530261516571
Epoch 3: loss = 0.1193530261516571
Epoch 4: loss = 0.1193530261516571
Epoch 5: loss = 0.1193530261516571
Epoch 6: loss = 0.1193530261516571
Early stopping at epoch 6 with loss 0.1193530410528183
Reconstruction for fluence = 206.9138081114788 photons/pixel
Epoch 0: loss = 2.8605940341949463
Epoch 1: loss = 0.4543607532978058
Epoch 2: loss = 0.4542996287345886
Epoch 3: loss = 0.4542977511882782
Epoch 4: loss = 0.45429766178131104
Epoch 5: loss = 0.45429766178131104
Epoch 6: loss = 0.45429766178131104
Early stopping at epoch 6 with loss 0.4543607532978058
Epoch 0: loss = -0.10450509190559387
Epoch 1: loss = -0.10601125657558441
Epoch 2: loss = -0.10601125657558441
Epoch 3: loss = -0.10601125657558441
Epoch 4: loss = -0.10601125657558441
Epoch 5: loss = -0.10601125657558441
Epoch 6: loss = -0.10601125657558441
Early stopping at epoch 6 with loss -0.10601125657558441
Reconstruction for fluence = 483.2930238571752 photons/pixel
Epoch 0: loss = 14.169778823852539
Epoch 1: loss = 1.0607290267944336
Epoch 2: loss = 1.0604650974273682
Epoch 3: loss = 1.0604455471038818
Epoch 4: loss = 1.0604455471038818
Epoch 5: loss = 1.0604450702667236
Epoch 6: loss = 1.0604445934295654
Epoch 7: loss = 1.0604443550109863
Early stopping at epoch 7 with loss 1.0604650974273682
Epoch 0: loss = -1.1481162309646606
Epoch 1: loss = -1.1498990058898926
Epoch 2: loss = -1.1498990058898926
Epoch 3: loss = -1.1498991250991821
Epoch 4: loss = -1.1498991250991821
Epoch 5: loss = -1.1498991250991821
Epoch 6: loss = -1.1498991250991821
Early stopping at epoch 6 with loss -1.1498990058898926
Reconstruction for fluence = 1128.8378916846884 photons/pixel
Epoch 0: loss = 74.0172348022461
Epoch 1: loss = 2.4745607376098633
Epoch 2: loss = 2.473539352416992
Epoch 3: loss = 2.473421573638916
Epoch 4: loss = 2.47340726852417
Epoch 5: loss = 2.4734065532684326
Epoch 6: loss = 2.4734058380126953
Epoch 7: loss = 2.473405599594116
Epoch 8: loss = 2.473404884338379
Early stopping at epoch 8 with loss 2.473421573638916
Epoch 0: loss = -4.786070823669434
Epoch 1: loss = -4.78770637512207
Epoch 2: loss = -4.787707328796387
Epoch 3: loss = -4.787707328796387
Epoch 4: loss = -4.787707328796387
Epoch 5: loss = -4.787707328796387
Epoch 6: loss = -4.787707328796387
Early stopping at epoch 6 with loss -4.78770637512207
Reconstruction for fluence = 2636.6508987303555 photons/pixel
Epoch 0: loss = 396.10968017578125
Epoch 1: loss = 5.791938781738281
Epoch 2: loss = 5.787137985229492
Epoch 3: loss = 5.786474227905273
Epoch 4: loss = 5.786389350891113
Epoch 5: loss = 5.786385536193848
Epoch 6: loss = 5.786374568939209
Epoch 7: loss = 5.786372184753418
Epoch 8: loss = 5.786372184753418
Epoch 9: loss = 5.786372184753418
Epoch 10: loss = 5.78637170791626
Epoch 11: loss = 5.78637170791626
Epoch 12: loss = 5.786371231079102
Early stopping at epoch 12 with loss 5.786372184753418
Epoch 0: loss = -16.097166061401367
Epoch 1: loss = -16.099018096923828
Epoch 2: loss = -16.099018096923828
Epoch 3: loss = -16.099018096923828
Epoch 4: loss = -16.099018096923828
Epoch 5: loss = -16.099018096923828
Epoch 6: loss = -16.099018096923828
Early stopping at epoch 6 with loss -16.099018096923828
Reconstruction for fluence = 6158.482110660255 photons/pixel
Epoch 0: loss = 2143.065673828125
Epoch 1: loss = 13.52878189086914
Epoch 2: loss = 13.504364967346191
Epoch 3: loss = 13.501016616821289
Epoch 4: loss = 13.500519752502441
Epoch 5: loss = 13.500425338745117
Epoch 6: loss = 13.50041389465332
Epoch 7: loss = 13.500411987304688
Epoch 8: loss = 13.500409126281738
Epoch 9: loss = 13.500408172607422
Epoch 10: loss = 13.500406265258789
Epoch 11: loss = 13.500405311584473
Early stopping at epoch 11 with loss 13.50041389465332
Epoch 0: loss = -49.0736083984375
Epoch 1: loss = -49.07560348510742
Epoch 2: loss = -49.07560348510742
Epoch 3: loss = -49.07560729980469
Epoch 4: loss = -49.07560729980469
Epoch 5: loss = -49.07560729980469
Epoch 6: loss = -49.07560729980469
Early stopping at epoch 6 with loss -49.07560348510742
Reconstruction for fluence = 14384.498882876629 photons/pixel
Epoch 0: loss = 11648.966796875
Epoch 1: loss = 31.699411392211914
Epoch 2: loss = 31.572036743164062
Epoch 3: loss = 31.554370880126953
Epoch 4: loss = 31.551565170288086
Epoch 5: loss = 31.551021575927734
Epoch 6: loss = 31.55089569091797
Epoch 7: loss = 31.550884246826172
Epoch 8: loss = 31.550884246826172
Epoch 9: loss = 31.550872802734375
Epoch 10: loss = 31.55086898803711
Epoch 11: loss = 31.55086898803711
Early stopping at epoch 11 with loss 31.55089569091797
Epoch 0: loss = -141.44216918945312
Epoch 1: loss = -141.44406127929688
Epoch 2: loss = -141.44406127929688
Epoch 3: loss = -141.44406127929688
Epoch 4: loss = -141.44406127929688
Epoch 5: loss = -141.44406127929688
Epoch 6: loss = -141.44406127929688
Early stopping at epoch 6 with loss -141.44406127929688
Reconstruction for fluence = 33598.18286283781 photons/pixel
Epoch 0: loss = 63453.3359375
Epoch 1: loss = 74.26507568359375
Epoch 2: loss = 73.60789489746094
Epoch 3: loss = 73.50161743164062
Epoch 4: loss = 73.48502349853516
Epoch 5: loss = 73.48186492919922
Epoch 6: loss = 73.48146057128906
Epoch 7: loss = 73.48110961914062
Epoch 8: loss = 73.48107147216797
Epoch 9: loss = 73.48100280761719
Epoch 10: loss = 73.48100280761719
Epoch 11: loss = 73.48097229003906
Epoch 12: loss = 73.48097229003906
Epoch 13: loss = 73.48095703125
Epoch 14: loss = 73.48094177246094
Early stopping at epoch 14 with loss 73.48100280761719
Epoch 0: loss = -393.0033264160156
Epoch 1: loss = -393.00537109375
Epoch 2: loss = -393.00537109375
Epoch 3: loss = -393.00537109375
Epoch 4: loss = -393.00537109375
Epoch 5: loss = -393.00537109375
Epoch 6: loss = -393.00537109375
Early stopping at epoch 6 with loss -393.00537109375
Reconstruction for fluence = 78475.99703514607 photons/pixel
Epoch 0: loss = 345926.875
Epoch 1: loss = 175.67144775390625
Epoch 2: loss = 172.11532592773438
Epoch 3: loss = 171.5345001220703
Epoch 4: loss = 171.44801330566406
Epoch 5: loss = 171.43011474609375
Epoch 6: loss = 171.42674255371094
Epoch 7: loss = 171.4255828857422
Epoch 8: loss = 171.42544555664062
Epoch 9: loss = 171.42481994628906
Epoch 10: loss = 171.42474365234375
Epoch 11: loss = 171.42471313476562
Epoch 12: loss = 171.42471313476562
Epoch 13: loss = 171.42465209960938
Epoch 14: loss = 171.4246368408203
Epoch 0: loss = -1064.2706298828125
Epoch 1: loss = -1064.272705078125
Epoch 2: loss = -1064.272705078125
Epoch 3: loss = -1064.272705078125
Epoch 4: loss = -1064.272705078125
Epoch 5: loss = -1064.272705078125
Epoch 6: loss = -1064.272705078125
Early stopping at epoch 6 with loss -1064.272705078125
Reconstruction for fluence = 183298.07108324335 photons/pixel
Epoch 0: loss = 1886679.75
Epoch 1: loss = 424.4795227050781
Epoch 2: loss = 405.0672607421875
Epoch 3: loss = 401.96240234375
Epoch 4: loss = 401.46392822265625
Epoch 5: loss = 401.3634033203125
Epoch 6: loss = 401.3420715332031
Epoch 7: loss = 401.3360595703125
Epoch 8: loss = 401.33258056640625
Epoch 9: loss = 401.3310546875
Epoch 10: loss = 401.3309020996094
Epoch 11: loss = 401.3306884765625
Epoch 12: loss = 401.33062744140625
Epoch 13: loss = 401.33056640625
Epoch 14: loss = 401.33056640625
Epoch 0: loss = -2827.556884765625
Epoch 1: loss = -2827.55859375
Epoch 2: loss = -2827.55859375
Epoch 3: loss = -2827.55859375
Epoch 4: loss = -2827.55859375
Epoch 5: loss = -2827.55859375
Epoch 6: loss = -2827.55859375
Early stopping at epoch 6 with loss -2827.55859375
Reconstruction for fluence = 428133.2398719387 photons/pixel
Epoch 0: loss = 10292852.0
Epoch 1: loss = 1065.4190673828125
Epoch 2: loss = 959.989501953125
Epoch 3: loss = 943.000244140625
Epoch 4: loss = 940.1739501953125
Epoch 5: loss = 939.647216796875
Epoch 6: loss = 939.5432739257812
Epoch 7: loss = 939.505126953125
Epoch 8: loss = 939.48388671875
Epoch 9: loss = 939.475341796875
Epoch 10: loss = 939.4718627929688
Epoch 11: loss = 939.4716796875
Epoch 12: loss = 939.47119140625
Epoch 13: loss = 939.47119140625
Epoch 14: loss = 939.470947265625
Epoch 0: loss = -7401.9228515625
Epoch 1: loss = -7401.9228515625
Epoch 2: loss = -7401.9248046875
Epoch 3: loss = -7401.9248046875
Epoch 4: loss = -7401.9248046875
Epoch 5: loss = -7401.9248046875
Epoch 6: loss = -7401.9248046875
Epoch 7: loss = -7401.9248046875
Early stopping at epoch 7 with loss -7401.9248046875
Reconstruction for fluence = 1000000.0 photons/pixel
Epoch 0: loss = 56150272.0
Epoch 1: loss = 2879.997314453125
Epoch 2: loss = 2303.8720703125
Epoch 3: loss = 2210.1982421875
Epoch 4: loss = 2195.7275390625
Epoch 5: loss = 2192.656005859375
Epoch 6: loss = 2192.090576171875
Epoch 7: loss = 2191.90673828125
Epoch 8: loss = 2191.791015625
Epoch 9: loss = 2191.73779296875
Epoch 10: loss = 2191.71875
Epoch 11: loss = 2191.71875
Epoch 12: loss = 2191.716796875
Epoch 13: loss = 2191.71484375
Epoch 14: loss = 2191.71484375
Epoch 0: loss = -19152.80078125
Epoch 1: loss = -19152.80078125
Epoch 2: loss = -19152.80078125
Epoch 3: loss = -19152.80078125
Epoch 4: loss = -19152.802734375
Epoch 5: loss = -19152.802734375
Epoch 6: loss = -19152.802734375
Epoch 7: loss = -19152.802734375
Epoch 8: loss = -19152.802734375
Epoch 9: loss = -19152.802734375
Early stopping at epoch 9 with loss -19152.802734375
Simulation for n_modes=4 and n_fluences=20 completed!
