Running simulation for steps_size=12 and n_fluences=20
Steps size: 12
Tensors initialization on device cuda
Multiprobe = band_lim
torch.Size([1, 64, 64])

('MSE', None) RECONSTRUCTIONS

Reconstruction for fluence = 0.09999999999999999 photons/pixel
Epoch 0: loss = 5930.9541015625
Epoch 1: loss = 2605.081787109375
Epoch 2: loss = 2605.00341796875
Epoch 3: loss = 2605.00341796875
Epoch 4: loss = 2605.00341796875
Epoch 5: loss = 2605.00341796875
Epoch 6: loss = 2605.00341796875
Epoch 7: loss = 2605.00341796875
Epoch 8: loss = 2605.00341796875
Epoch 9: loss = 2605.00341796875
Epoch 10: loss = 2605.00341796875
Early stopping at epoch 10 with loss 2605.00341796875
Reconstruction for fluence = 0.23357214690901223 photons/pixel
Epoch 0: loss = 9891.232421875
Epoch 1: loss = 4433.72509765625
Epoch 2: loss = 4433.69140625
Epoch 3: loss = 4433.69140625
Epoch 4: loss = 4433.69140625
Epoch 5: loss = 4433.69091796875
Epoch 6: loss = 4433.69091796875
Epoch 7: loss = 4433.69091796875
Epoch 8: loss = 4433.69091796875
Epoch 9: loss = 4433.6904296875
Epoch 10: loss = 4433.6904296875
Epoch 11: loss = 4433.6904296875
Epoch 12: loss = 4433.6904296875
Epoch 13: loss = 4433.6904296875
Epoch 14: loss = 4433.6904296875
Epoch 15: loss = 4433.6904296875
Epoch 16: loss = 4433.6904296875
Epoch 17: loss = 4433.6904296875
Early stopping at epoch 17 with loss 4433.6904296875
Reconstruction for fluence = 0.5455594781168519 photons/pixel
Epoch 0: loss = 15357.1923828125
Epoch 1: loss = 6402.89892578125
Epoch 2: loss = 6402.8046875
Epoch 3: loss = 6402.8037109375
Epoch 4: loss = 6402.8037109375
Epoch 5: loss = 6402.802734375
Epoch 6: loss = 6402.802734375
Epoch 7: loss = 6402.802734375
Epoch 8: loss = 6402.80322265625
Epoch 9: loss = 6402.80322265625
Epoch 10: loss = 6402.802734375
Epoch 11: loss = 6402.80322265625
Epoch 12: loss = 6402.80322265625
Epoch 13: loss = 6402.80322265625
Early stopping at epoch 13 with loss 6402.802734375
Reconstruction for fluence = 1.2742749857031335 photons/pixel
Epoch 0: loss = 23835.55078125
Epoch 1: loss = 7889.39111328125
Epoch 2: loss = 7889.07861328125
Epoch 3: loss = 7889.076171875
Epoch 4: loss = 7889.0751953125
Epoch 5: loss = 7889.07373046875
Epoch 6: loss = 7889.0732421875
Epoch 7: loss = 7889.07275390625
Epoch 8: loss = 7889.07275390625
Epoch 9: loss = 7889.072265625
Epoch 10: loss = 7889.072265625
Epoch 11: loss = 7889.072265625
Epoch 12: loss = 7889.072265625
Epoch 13: loss = 7889.072265625
Epoch 14: loss = 7889.072265625
Epoch 15: loss = 7889.072265625
Epoch 16: loss = 7889.072265625
Epoch 17: loss = 7889.07177734375
Epoch 18: loss = 7889.072265625
Epoch 19: loss = 7889.072265625
Epoch 20: loss = 7889.072265625
Epoch 21: loss = 7889.072265625
Epoch 22: loss = 7889.072265625
Epoch 23: loss = 7889.072265625
Epoch 24: loss = 7889.072265625
Epoch 25: loss = 7889.07177734375
Early stopping at epoch 25 with loss 7889.07177734375
Reconstruction for fluence = 2.976351441631318 photons/pixel
Epoch 0: loss = 42678.609375
Epoch 1: loss = 9497.134765625
Epoch 2: loss = 9496.5693359375
Epoch 3: loss = 9496.5625
Epoch 4: loss = 9496.5625
Epoch 5: loss = 9496.5615234375
Epoch 6: loss = 9496.560546875
Epoch 7: loss = 9496.5615234375
Epoch 8: loss = 9496.560546875
Epoch 9: loss = 9496.560546875
Epoch 10: loss = 9496.560546875
Epoch 11: loss = 9496.560546875
Epoch 12: loss = 9496.5615234375
Epoch 13: loss = 9496.560546875
Epoch 14: loss = 9496.5595703125
Epoch 15: loss = 9496.560546875
Epoch 16: loss = 9496.560546875
Epoch 17: loss = 9496.560546875
Epoch 18: loss = 9496.560546875
Epoch 19: loss = 9496.5595703125
Epoch 20: loss = 9496.5595703125
Epoch 21: loss = 9496.5595703125
Epoch 22: loss = 9496.5595703125
Early stopping at epoch 22 with loss 9496.5595703125
Reconstruction for fluence = 6.9519279617756045 photons/pixel
Epoch 0: loss = 87175.890625
Epoch 1: loss = 11708.794921875
Epoch 2: loss = 11708.095703125
Epoch 3: loss = 11708.09375
Epoch 4: loss = 11708.0927734375
Epoch 5: loss = 11708.091796875
Epoch 6: loss = 11708.091796875
Epoch 7: loss = 11708.091796875
Epoch 8: loss = 11708.08984375
Epoch 9: loss = 11708.08984375
Epoch 10: loss = 11708.08984375
Epoch 11: loss = 11708.08984375
Epoch 12: loss = 11708.08984375
Epoch 13: loss = 11708.08984375
Epoch 14: loss = 11708.08984375
Epoch 15: loss = 11708.08984375
Epoch 16: loss = 11708.08984375
Early stopping at epoch 16 with loss 11708.08984375
Reconstruction for fluence = 16.23776739188721 photons/pixel
Epoch 0: loss = 191012.703125
Epoch 1: loss = 15415.544921875
Epoch 2: loss = 15413.7685546875
Epoch 3: loss = 15413.728515625
Epoch 4: loss = 15413.7275390625
Epoch 5: loss = 15413.7275390625
Epoch 6: loss = 15413.7275390625
Epoch 7: loss = 15413.7275390625
Epoch 8: loss = 15413.7265625
Epoch 9: loss = 15413.7265625
Epoch 10: loss = 15413.7265625
Epoch 11: loss = 15413.7265625
Epoch 12: loss = 15413.7265625
Epoch 13: loss = 15413.7216796875
Epoch 14: loss = 15413.71875
Epoch 15: loss = 15413.71484375
Epoch 16: loss = 15413.712890625
Epoch 17: loss = 15413.712890625
Epoch 18: loss = 15413.712890625
Epoch 19: loss = 15413.7119140625
Epoch 20: loss = 15413.7119140625
Epoch 21: loss = 15413.7119140625
Epoch 22: loss = 15413.7109375
Epoch 23: loss = 15413.712890625
Epoch 24: loss = 15413.7119140625
Epoch 25: loss = 15413.7119140625
Epoch 26: loss = 15413.7119140625
Epoch 27: loss = 15413.7119140625
Epoch 28: loss = 15413.7119140625
Epoch 29: loss = 15413.712890625
Epoch 30: loss = 15413.712890625
Early stopping at epoch 30 with loss 15413.7109375
Reconstruction for fluence = 37.926901907322495 photons/pixel
Epoch 0: loss = 435132.6875
Epoch 1: loss = 20382.92578125
Epoch 2: loss = 20379.791015625
Epoch 3: loss = 20379.791015625
Epoch 4: loss = 20379.7890625
Epoch 5: loss = 20379.78515625
Epoch 6: loss = 20379.78515625
Epoch 7: loss = 20379.78515625
Epoch 8: loss = 20379.787109375
Epoch 9: loss = 20379.78515625
Epoch 10: loss = 20379.78515625
Epoch 11: loss = 20379.78515625
Epoch 12: loss = 20379.78515625
Epoch 13: loss = 20379.787109375
Early stopping at epoch 13 with loss 20379.78515625
Reconstruction for fluence = 88.58667904100822 photons/pixel
Epoch 0: loss = 1004923.6875
Epoch 1: loss = 26471.9375
Epoch 2: loss = 26466.771484375
Epoch 3: loss = 26466.767578125
Epoch 4: loss = 26466.767578125
Epoch 5: loss = 26466.767578125
Epoch 6: loss = 26466.767578125
Epoch 7: loss = 26466.767578125
Epoch 8: loss = 26466.765625
Epoch 9: loss = 26466.765625
Epoch 10: loss = 26466.765625
Epoch 11: loss = 26466.765625
Epoch 12: loss = 26466.765625
Epoch 13: loss = 26466.765625
Epoch 14: loss = 26466.765625
Epoch 15: loss = 26466.765625
Epoch 16: loss = 26466.765625
Early stopping at epoch 16 with loss 26466.765625
Reconstruction for fluence = 206.9138081114788 photons/pixel
Epoch 0: loss = 2337712.5
Epoch 1: loss = 32717.21875
Epoch 2: loss = 32707.994140625
Epoch 3: loss = 32707.994140625
Epoch 4: loss = 32707.99609375
Epoch 5: loss = 32707.994140625
Epoch 6: loss = 32707.99609375
Epoch 7: loss = 32707.99609375
Epoch 8: loss = 32707.9921875
Epoch 9: loss = 32707.99609375
Epoch 10: loss = 32707.99609375
Epoch 11: loss = 32707.99609375
Epoch 12: loss = 32707.99609375
Epoch 13: loss = 32707.99609375
Epoch 14: loss = 32707.99609375
Epoch 15: loss = 32707.99609375
Epoch 16: loss = 32707.99609375
Early stopping at epoch 16 with loss 32707.9921875
Reconstruction for fluence = 483.2930238571752 photons/pixel
Epoch 0: loss = 5449872.0
Epoch 1: loss = 37762.02734375
Epoch 2: loss = 37745.2890625
Epoch 3: loss = 37745.28515625
Epoch 4: loss = 37745.28515625
Epoch 5: loss = 37745.28515625
Epoch 6: loss = 37745.2890625
Epoch 7: loss = 37745.2890625
Epoch 8: loss = 37745.2890625
Epoch 9: loss = 37745.28515625
Epoch 10: loss = 37745.28515625
Epoch 11: loss = 37745.28515625
Early stopping at epoch 11 with loss 37745.28515625
Reconstruction for fluence = 1128.8378916846884 photons/pixel
Epoch 0: loss = 12720813.0
Epoch 1: loss = 40500.30859375
Epoch 2: loss = 40461.17578125
Epoch 3: loss = 40461.171875
Epoch 4: loss = 40461.16796875
Epoch 5: loss = 40461.171875
Epoch 6: loss = 40461.171875
Epoch 7: loss = 40461.171875
Epoch 8: loss = 40461.171875
Epoch 9: loss = 40461.171875
Epoch 10: loss = 40461.171875
Epoch 11: loss = 40461.171875
Epoch 12: loss = 40461.171875
Early stopping at epoch 12 with loss 40461.16796875
Reconstruction for fluence = 2636.6508987303555 photons/pixel
Epoch 0: loss = 29707570.0
Epoch 1: loss = 41199.78125
Epoch 2: loss = 41106.7890625
Epoch 3: loss = 41106.78125
Epoch 4: loss = 41106.78125
Epoch 5: loss = 41106.78125
Epoch 6: loss = 41106.78125
Epoch 7: loss = 41106.78125
Epoch 8: loss = 41106.78125
Epoch 9: loss = 41106.78125
Epoch 10: loss = 41106.78125
Epoch 11: loss = 41106.78125
Early stopping at epoch 11 with loss 41106.78125
Reconstruction for fluence = 6158.482110660255 photons/pixel
Epoch 0: loss = 69388416.0
Epoch 1: loss = 40327.01953125
Epoch 2: loss = 40016.171875
Epoch 3: loss = 40016.15625
Epoch 4: loss = 40016.15234375
Epoch 5: loss = 40016.15234375
Epoch 6: loss = 40016.15625
Epoch 7: loss = 40016.15625
Epoch 8: loss = 40016.15625
Epoch 9: loss = 40016.15625
Epoch 10: loss = 40016.15625
Epoch 11: loss = 40016.15234375
Epoch 12: loss = 40016.15234375
Early stopping at epoch 12 with loss 40016.15234375
Reconstruction for fluence = 14384.498882876629 photons/pixel
Epoch 0: loss = 162109920.0
Epoch 1: loss = 39381.6328125
Epoch 2: loss = 38616.890625
Epoch 3: loss = 38616.859375
Epoch 4: loss = 38616.86328125
Epoch 5: loss = 38616.859375
Epoch 6: loss = 38616.86328125
Epoch 7: loss = 38616.86328125
Epoch 8: loss = 38616.86328125
Epoch 9: loss = 38616.85546875
Epoch 10: loss = 38616.859375
Epoch 11: loss = 38616.859375
Epoch 12: loss = 38616.859375
Epoch 13: loss = 38616.86328125
Epoch 14: loss = 38616.86328125
Epoch 15: loss = 38616.86328125
Epoch 16: loss = 38616.859375
Epoch 17: loss = 38616.859375
Early stopping at epoch 17 with loss 38616.85546875
Reconstruction for fluence = 33598.18286283781 photons/pixel
Epoch 0: loss = 378607872.0
Epoch 1: loss = 38522.23828125
Epoch 2: loss = 37020.22265625
Epoch 3: loss = 37020.1796875
Epoch 4: loss = 37020.1796875
Epoch 5: loss = 37020.1796875
Epoch 6: loss = 37020.1796875
Epoch 7: loss = 37020.171875
Epoch 8: loss = 37020.171875
Epoch 9: loss = 37020.171875
Epoch 10: loss = 37020.171875
Epoch 11: loss = 37020.16796875
Epoch 12: loss = 37020.171875
Epoch 13: loss = 37020.171875
Epoch 14: loss = 37020.171875
Epoch 15: loss = 37020.1796875
Epoch 16: loss = 37020.171875
Epoch 17: loss = 37020.1796875
Epoch 18: loss = 37020.171875
Epoch 19: loss = 37020.171875
Early stopping at epoch 19 with loss 37020.16796875
Reconstruction for fluence = 78475.99703514607 photons/pixel
Epoch 0: loss = 884224320.0
Epoch 1: loss = 43960.25390625
Epoch 2: loss = 35877.4140625
Epoch 3: loss = 35877.1953125
Epoch 4: loss = 35877.1953125
Epoch 5: loss = 35877.1953125
Epoch 6: loss = 35877.1953125
Epoch 7: loss = 35877.1953125
Epoch 8: loss = 35877.19921875
Epoch 9: loss = 35877.1953125
Epoch 10: loss = 35877.19921875
Epoch 11: loss = 35877.19921875
Early stopping at epoch 11 with loss 35877.1953125
Reconstruction for fluence = 183298.07108324335 photons/pixel
Epoch 0: loss = 2065293696.0
Epoch 1: loss = 47175.0859375
Epoch 2: loss = 35341.5078125
Epoch 3: loss = 35340.36328125
Epoch 4: loss = 35340.3515625
Epoch 5: loss = 35340.35546875
Epoch 6: loss = 35340.34765625
Epoch 7: loss = 35340.3515625
Epoch 8: loss = 35340.35546875
Epoch 9: loss = 35340.359375
Epoch 10: loss = 35340.359375
Epoch 11: loss = 35340.35546875
Epoch 12: loss = 35340.3515625
Epoch 13: loss = 35340.3515625
Epoch 14: loss = 35340.35546875
Early stopping at epoch 14 with loss 35340.34765625
Reconstruction for fluence = 428133.2398719387 photons/pixel
Epoch 0: loss = 4824124928.0
Epoch 1: loss = 65231.9296875
Epoch 2: loss = 35014.58203125
Epoch 3: loss = 35013.5234375
Epoch 4: loss = 35013.5234375
Epoch 5: loss = 35013.50390625
Epoch 6: loss = 35013.515625
Epoch 7: loss = 35013.51171875
Epoch 8: loss = 35013.5
Epoch 9: loss = 35013.515625
Epoch 10: loss = 35013.515625
Epoch 11: loss = 35013.515625
Epoch 12: loss = 35013.515625
Epoch 13: loss = 35013.515625
Epoch 14: loss = 35013.5
Epoch 15: loss = 35013.515625
Epoch 16: loss = 35013.51953125
Early stopping at epoch 16 with loss 35013.5
Reconstruction for fluence = 1000000.0 photons/pixel
Epoch 0: loss = 11267694592.0
Epoch 1: loss = 127473.4140625
Epoch 2: loss = 34899.73046875
Epoch 3: loss = 34895.99609375
Epoch 4: loss = 34895.98828125
Epoch 5: loss = 34895.99609375
Epoch 6: loss = 34896.015625
Epoch 7: loss = 34896.02734375
Epoch 8: loss = 34896.0
Epoch 9: loss = 34896.0
Epoch 10: loss = 34895.9921875
Epoch 11: loss = 34895.9921875
Epoch 12: loss = 34895.98828125
Early stopping at epoch 12 with loss 34895.98828125
Tensors initialization on device cuda
Multiprobe = band_lim
torch.Size([1, 64, 64])

('MSE', 'PoissonNLL') RECONSTRUCTIONS

Reconstruction for fluence = 0.09999999999999999 photons/pixel
Epoch 0: loss = 6145.12451171875
Epoch 1: loss = 2624.052978515625
Epoch 2: loss = 2624.0234375
Epoch 3: loss = 2624.0234375
Epoch 4: loss = 2624.0234375
Epoch 5: loss = 2624.023193359375
Epoch 6: loss = 2624.02294921875
Epoch 7: loss = 2624.023193359375
Epoch 8: loss = 2624.02294921875
Epoch 9: loss = 2624.02294921875
Epoch 10: loss = 2624.02294921875
Epoch 11: loss = 2624.02294921875
Epoch 12: loss = 2624.02294921875
Epoch 13: loss = 2624.02294921875
Epoch 14: loss = 2624.02294921875
Early stopping at epoch 14 with loss 2624.02294921875
Epoch 0: loss = 0.06991801410913467
Epoch 1: loss = 0.05439509078860283
Epoch 2: loss = 0.05438774451613426
Epoch 3: loss = 0.05438774451613426
Epoch 4: loss = 0.05438774451613426
Epoch 5: loss = 0.05438774451613426
Epoch 6: loss = 0.05438774451613426
Epoch 7: loss = 0.05438774451613426
Epoch 8: loss = 0.05438774451613426
Epoch 9: loss = 0.05438774451613426
Early stopping at epoch 9 with loss 0.05439509078860283
Reconstruction for fluence = 0.23357214690901223 photons/pixel
Epoch 0: loss = 10327.552734375
Epoch 1: loss = 4607.7763671875
Epoch 2: loss = 4607.708984375
Epoch 3: loss = 4607.7080078125
Epoch 4: loss = 4607.70751953125
Epoch 5: loss = 4607.70751953125
Epoch 6: loss = 4607.70703125
Epoch 7: loss = 4607.70703125
Epoch 8: loss = 4607.70703125
Epoch 9: loss = 4607.70703125
Epoch 10: loss = 4607.70703125
Epoch 11: loss = 4607.70703125
Epoch 12: loss = 4607.70703125
Epoch 13: loss = 4607.70703125
Epoch 14: loss = 4607.70703125
Early stopping at epoch 14 with loss 4607.70703125
Epoch 0: loss = 0.1004333421587944
Epoch 1: loss = 0.08439434319734573
Epoch 2: loss = 0.08438435941934586
Epoch 3: loss = 0.08438330143690109
Epoch 4: loss = 0.08438330143690109
Epoch 5: loss = 0.08438330143690109
Epoch 6: loss = 0.08438330143690109
Epoch 7: loss = 0.08438330143690109
Epoch 8: loss = 0.08438330143690109
Epoch 9: loss = 0.08438330143690109
Early stopping at epoch 9 with loss 0.08439434319734573
Reconstruction for fluence = 0.5455594781168519 photons/pixel
Epoch 0: loss = 15717.005859375
Epoch 1: loss = 6573.90576171875
Epoch 2: loss = 6573.837890625
Epoch 3: loss = 6573.8359375
Epoch 4: loss = 6573.8349609375
Epoch 5: loss = 6573.83447265625
Epoch 6: loss = 6573.83447265625
Epoch 7: loss = 6573.83447265625
Epoch 8: loss = 6573.83447265625
Epoch 9: loss = 6573.833984375
Epoch 10: loss = 6573.833984375
Epoch 11: loss = 6573.833984375
Epoch 12: loss = 6573.833984375
Epoch 13: loss = 6573.833984375
Epoch 14: loss = 6573.83447265625
Epoch 0: loss = 0.1038089320063591
Epoch 1: loss = 0.08969701826572418
Epoch 2: loss = 0.08968647569417953
Epoch 3: loss = 0.08968564867973328
Epoch 4: loss = 0.08968385308980942
Epoch 5: loss = 0.08968251943588257
Epoch 6: loss = 0.089682437479496
Epoch 7: loss = 0.08968231827020645
Epoch 8: loss = 0.08968231827020645
Epoch 9: loss = 0.08968231827020645
Early stopping at epoch 9 with loss 0.08969701826572418
Reconstruction for fluence = 1.2742749857031335 photons/pixel
Epoch 0: loss = 24877.615234375
Epoch 1: loss = 8024.0390625
Epoch 2: loss = 8023.8115234375
Epoch 3: loss = 8023.810546875
Epoch 4: loss = 8023.810546875
Epoch 5: loss = 8023.81103515625
Epoch 6: loss = 8023.810546875
Epoch 7: loss = 8023.81103515625
Epoch 8: loss = 8023.81103515625
Epoch 9: loss = 8023.81103515625
Epoch 10: loss = 8023.810546875
Epoch 11: loss = 8023.81103515625
Early stopping at epoch 11 with loss 8023.810546875
Epoch 0: loss = -0.03313324972987175
Epoch 1: loss = -0.04704366251826286
Epoch 2: loss = -0.0470726452767849
Epoch 3: loss = -0.04707725718617439
Epoch 4: loss = -0.04707770422101021
Epoch 5: loss = -0.04707824066281319
Epoch 6: loss = -0.047078970819711685
Epoch 7: loss = -0.04707904905080795
Epoch 8: loss = -0.04707905650138855
Epoch 9: loss = -0.04707906395196915
Early stopping at epoch 9 with loss -0.04704366251826286
Reconstruction for fluence = 2.976351441631318 photons/pixel
Epoch 0: loss = 43432.625
Epoch 1: loss = 9382.36328125
Epoch 2: loss = 9381.865234375
Epoch 3: loss = 9381.865234375
Epoch 4: loss = 9381.865234375
Epoch 5: loss = 9381.8642578125
Epoch 6: loss = 9381.86328125
Epoch 7: loss = 9381.86328125
Epoch 8: loss = 9381.86328125
Epoch 9: loss = 9381.86328125
Epoch 10: loss = 9381.86328125
Epoch 11: loss = 9381.86328125
Epoch 12: loss = 9381.86328125
Epoch 13: loss = 9381.86328125
Epoch 14: loss = 9381.86328125
Early stopping at epoch 14 with loss 9381.86328125
Epoch 0: loss = -0.7202948331832886
Epoch 1: loss = -0.738182783126831
Epoch 2: loss = -0.7382119297981262
Epoch 3: loss = -0.7382215857505798
Epoch 4: loss = -0.7382227778434753
Epoch 5: loss = -0.7382227778434753
Epoch 6: loss = -0.7382228970527649
Epoch 7: loss = -0.7382228970527649
Epoch 8: loss = -0.7382262349128723
Epoch 9: loss = -0.7382262349128723
Early stopping at epoch 9 with loss -0.738182783126831
Reconstruction for fluence = 6.9519279617756045 photons/pixel
Epoch 0: loss = 88956.9765625
Epoch 1: loss = 11908.0703125
Epoch 2: loss = 11906.7275390625
Epoch 3: loss = 11906.7275390625
Epoch 4: loss = 11906.7275390625
Epoch 5: loss = 11906.7275390625
Epoch 6: loss = 11906.7255859375
Epoch 7: loss = 11906.724609375
Epoch 8: loss = 11906.724609375
Epoch 9: loss = 11906.724609375
Epoch 10: loss = 11906.724609375
Epoch 11: loss = 11906.724609375
Epoch 12: loss = 11906.724609375
Epoch 13: loss = 11906.724609375
Epoch 14: loss = 11906.7236328125
Epoch 0: loss = -3.154090166091919
Epoch 1: loss = -3.1794705390930176
Epoch 2: loss = -3.1795480251312256
Epoch 3: loss = -3.1795902252197266
Epoch 4: loss = -3.1795952320098877
Epoch 5: loss = -3.179595947265625
Epoch 6: loss = -3.1795971393585205
Epoch 7: loss = -3.179600954055786
Epoch 8: loss = -3.179603099822998
Epoch 9: loss = -3.1796045303344727
Epoch 10: loss = -3.179605484008789
Epoch 11: loss = -3.1796066761016846
Early stopping at epoch 11 with loss -3.1795902252197266
Reconstruction for fluence = 16.23776739188721 photons/pixel
Epoch 0: loss = 195996.0625
Epoch 1: loss = 15808.3134765625
Epoch 2: loss = 15806.5166015625
Epoch 3: loss = 15806.5126953125
Epoch 4: loss = 15806.46875
Epoch 5: loss = 15806.4677734375
Epoch 6: loss = 15806.466796875
Epoch 7: loss = 15806.46484375
Epoch 8: loss = 15806.46484375
Epoch 9: loss = 15806.46484375
Epoch 10: loss = 15806.46484375
Epoch 11: loss = 15806.46484375
Epoch 12: loss = 15806.46484375
Epoch 13: loss = 15806.46484375
Epoch 14: loss = 15806.46484375
Epoch 0: loss = -10.822705268859863
Epoch 1: loss = -10.856679916381836
Epoch 2: loss = -10.856732368469238
Epoch 3: loss = -10.85673999786377
Epoch 4: loss = -10.856741905212402
Epoch 5: loss = -10.856745719909668
Epoch 6: loss = -10.856745719909668
Epoch 7: loss = -10.856746673583984
Epoch 8: loss = -10.8567476272583
Epoch 9: loss = -10.8567476272583
Early stopping at epoch 9 with loss -10.856679916381836
Reconstruction for fluence = 37.926901907322495 photons/pixel
Epoch 0: loss = 445441.40625
Epoch 1: loss = 20872.275390625
Epoch 2: loss = 20868.9453125
Epoch 3: loss = 20868.921875
Epoch 4: loss = 20868.921875
Epoch 5: loss = 20868.921875
Epoch 6: loss = 20868.921875
Epoch 7: loss = 20868.921875
Epoch 8: loss = 20868.921875
Epoch 9: loss = 20868.921875
Epoch 10: loss = 20868.921875
Epoch 11: loss = 20868.921875
Early stopping at epoch 11 with loss 20868.921875
Epoch 0: loss = -33.38884353637695
Epoch 1: loss = -33.42940902709961
Epoch 2: loss = -33.42949295043945
Epoch 3: loss = -33.42949295043945
Epoch 4: loss = -33.42949295043945
Epoch 5: loss = -33.42949295043945
Epoch 6: loss = -33.42949295043945
Epoch 7: loss = -33.42949295043945
Epoch 8: loss = -33.42949676513672
Epoch 9: loss = -33.42949676513672
Early stopping at epoch 9 with loss -33.42940902709961
Reconstruction for fluence = 88.58667904100822 photons/pixel
Epoch 0: loss = 1032184.75
Epoch 1: loss = 26972.1328125
Epoch 2: loss = 26965.55859375
Epoch 3: loss = 26965.55078125
Epoch 4: loss = 26965.55078125
Epoch 5: loss = 26965.55078125
Epoch 6: loss = 26965.55078125
Epoch 7: loss = 26965.55078125
Epoch 8: loss = 26965.55078125
Epoch 9: loss = 26965.548828125
Epoch 10: loss = 26965.55078125
Epoch 11: loss = 26965.55078125
Epoch 12: loss = 26965.55078125
Epoch 13: loss = 26965.548828125
Epoch 14: loss = 26965.55078125
Epoch 0: loss = -96.71569061279297
Epoch 1: loss = -96.7597427368164
Epoch 2: loss = -96.7597427368164
Epoch 3: loss = -96.75975799560547
Epoch 4: loss = -96.759765625
Epoch 5: loss = -96.759765625
Epoch 6: loss = -96.759765625
Epoch 7: loss = -96.75978088378906
Epoch 8: loss = -96.7597885131836
Epoch 9: loss = -96.7597885131836
Early stopping at epoch 9 with loss -96.7597427368164
Reconstruction for fluence = 206.9138081114788 photons/pixel
Epoch 0: loss = 2404954.5
Epoch 1: loss = 33526.51171875
Epoch 2: loss = 33512.63671875
Epoch 3: loss = 33512.62890625
Epoch 4: loss = 33512.62109375
Epoch 5: loss = 33512.62109375
Epoch 6: loss = 33512.6171875
Epoch 7: loss = 33512.6171875
Epoch 8: loss = 33512.6171875
Epoch 9: loss = 33512.6171875
Epoch 10: loss = 33512.61328125
Epoch 11: loss = 33512.61328125
Epoch 12: loss = 33512.6171875
Epoch 13: loss = 33512.61328125
Epoch 14: loss = 33512.61328125
Epoch 0: loss = -269.6397399902344
Epoch 1: loss = -269.6811218261719
Epoch 2: loss = -269.6811218261719
Epoch 3: loss = -269.68115234375
Epoch 4: loss = -269.6811828613281
Epoch 5: loss = -269.6811828613281
Epoch 6: loss = -269.6811828613281
Epoch 7: loss = -269.6811828613281
Epoch 8: loss = -269.6811828613281
Epoch 9: loss = -269.6811828613281
Early stopping at epoch 9 with loss -269.6811218261719
Reconstruction for fluence = 483.2930238571752 photons/pixel
Epoch 0: loss = 5601681.5
Epoch 1: loss = 38326.40625
Epoch 2: loss = 38296.28125
Epoch 3: loss = 38296.26953125
Epoch 4: loss = 38296.26953125
Epoch 5: loss = 38296.26953125
Epoch 6: loss = 38296.265625
Epoch 7: loss = 38296.26953125
Epoch 8: loss = 38296.26953125
Epoch 9: loss = 38296.26953125
Epoch 10: loss = 38296.26953125
Epoch 11: loss = 38296.26953125
Epoch 12: loss = 38296.26953125
Epoch 13: loss = 38296.26953125
Epoch 14: loss = 38296.26953125
Early stopping at epoch 14 with loss 38296.265625
Epoch 0: loss = -732.3495483398438
Epoch 1: loss = -732.3816528320312
Epoch 2: loss = -732.3816528320312
Epoch 3: loss = -732.3816528320312
Epoch 4: loss = -732.3816528320312
Epoch 5: loss = -732.3816528320312
Epoch 6: loss = -732.3816528320312
Epoch 7: loss = -732.3816528320312
Epoch 8: loss = -732.3817138671875
Epoch 9: loss = -732.3817138671875
Early stopping at epoch 9 with loss -732.3816528320312
Reconstruction for fluence = 1128.8378916846884 photons/pixel
Epoch 0: loss = 13071464.0
Epoch 1: loss = 41073.13671875
Epoch 2: loss = 41008.60546875
Epoch 3: loss = 41008.6015625
Epoch 4: loss = 41008.59765625
Epoch 5: loss = 41008.59765625
Epoch 6: loss = 41008.59375
Epoch 7: loss = 41008.59375
Epoch 8: loss = 41008.59375
Epoch 9: loss = 41008.59375
Epoch 10: loss = 41008.59375
Epoch 11: loss = 41008.6015625
Epoch 12: loss = 41008.6015625
Epoch 13: loss = 41008.59375
Epoch 14: loss = 41008.59765625
Early stopping at epoch 14 with loss 41008.59375
Epoch 0: loss = -1950.1126708984375
Epoch 1: loss = -1950.1343994140625
Epoch 2: loss = -1950.134521484375
Epoch 3: loss = -1950.134521484375
Epoch 4: loss = -1950.134521484375
Epoch 5: loss = -1950.134521484375
Epoch 6: loss = -1950.134521484375
Epoch 7: loss = -1950.134521484375
Epoch 8: loss = -1950.134521484375
Epoch 9: loss = -1950.134521484375
Early stopping at epoch 9 with loss -1950.1343994140625
Reconstruction for fluence = 2636.6508987303555 photons/pixel
Epoch 0: loss = 30527240.0
Epoch 1: loss = 41297.93359375
Epoch 2: loss = 41153.05859375
Epoch 3: loss = 41153.0390625
Epoch 4: loss = 41153.0390625
Epoch 5: loss = 41153.0390625
Epoch 6: loss = 41153.0390625
Epoch 7: loss = 41153.0390625
Epoch 8: loss = 41153.0390625
Epoch 9: loss = 41153.0390625
Epoch 10: loss = 41153.0390625
Epoch 11: loss = 41153.0390625
Early stopping at epoch 11 with loss 41153.0390625
Epoch 0: loss = -5113.49072265625
Epoch 1: loss = -5113.50244140625
Epoch 2: loss = -5113.5029296875
Epoch 3: loss = -5113.5029296875
Epoch 4: loss = -5113.5029296875
Epoch 5: loss = -5113.5029296875
Epoch 6: loss = -5113.5029296875
Epoch 7: loss = -5113.5029296875
Epoch 8: loss = -5113.5029296875
Epoch 9: loss = -5113.5029296875
Epoch 10: loss = -5113.5029296875
Early stopping at epoch 10 with loss -5113.5029296875
Reconstruction for fluence = 6158.482110660255 photons/pixel
Epoch 0: loss = 71321864.0
Epoch 1: loss = 40490.890625
Epoch 2: loss = 40064.390625
Epoch 3: loss = 40064.3515625
Epoch 4: loss = 40064.3515625
Epoch 5: loss = 40064.3515625
Epoch 6: loss = 40064.3515625
Epoch 7: loss = 40064.3515625
Epoch 8: loss = 40064.3515625
Epoch 9: loss = 40064.3515625
Epoch 10: loss = 40064.3515625
Epoch 11: loss = 40064.3515625
Early stopping at epoch 11 with loss 40064.3515625
Epoch 0: loss = -13249.3447265625
Epoch 1: loss = -13249.3515625
Epoch 2: loss = -13249.3515625
Epoch 3: loss = -13249.3515625
Epoch 4: loss = -13249.3515625
Epoch 5: loss = -13249.3515625
Epoch 6: loss = -13249.3515625
Epoch 7: loss = -13249.3515625
Epoch 8: loss = -13249.3515625
Epoch 9: loss = -13249.3515625
Early stopping at epoch 9 with loss -13249.3515625
Reconstruction for fluence = 14384.498882876629 photons/pixel
Epoch 0: loss = 166528240.0
Epoch 1: loss = 38860.1015625
Epoch 2: loss = 38101.27734375
Epoch 3: loss = 38101.2109375
Epoch 4: loss = 38101.2109375
Epoch 5: loss = 38101.2109375
Epoch 6: loss = 38101.2109375
Epoch 7: loss = 38101.203125
Epoch 8: loss = 38101.20703125
Epoch 9: loss = 38101.20703125
Epoch 10: loss = 38101.20703125
Epoch 11: loss = 38101.203125
Epoch 12: loss = 38101.203125
Epoch 13: loss = 38101.203125
Epoch 14: loss = 38101.203125
Epoch 0: loss = -33998.98046875
Epoch 1: loss = -33998.984375
Epoch 2: loss = -33998.984375
Epoch 3: loss = -33998.984375
Epoch 4: loss = -33998.984375
Epoch 5: loss = -33998.984375
Epoch 6: loss = -33998.984375
Epoch 7: loss = -33998.984375
Epoch 8: loss = -33998.984375
Epoch 9: loss = -33998.984375
Early stopping at epoch 9 with loss -33998.984375
Reconstruction for fluence = 33598.18286283781 photons/pixel
Epoch 0: loss = 388930144.0
Epoch 1: loss = 39238.5234375
Epoch 2: loss = 36507.16015625
Epoch 3: loss = 36506.6171875
Epoch 4: loss = 36506.59375
Epoch 5: loss = 36506.59375
Epoch 6: loss = 36506.58984375
Epoch 7: loss = 36506.58984375
Epoch 8: loss = 36506.58984375
Epoch 9: loss = 36506.59375
Epoch 10: loss = 36506.58984375
Epoch 11: loss = 36506.58984375
Epoch 12: loss = 36506.58984375
Epoch 13: loss = 36506.58984375
Epoch 14: loss = 36506.58984375
Early stopping at epoch 14 with loss 36506.58984375
Epoch 0: loss = -86540.359375
Epoch 1: loss = -86540.359375
Epoch 2: loss = -86540.359375
Epoch 3: loss = -86540.359375
Epoch 4: loss = -86540.359375
Epoch 5: loss = -86540.359375
Epoch 6: loss = -86540.359375
Epoch 7: loss = -86540.359375
Epoch 8: loss = -86540.359375
Early stopping at epoch 8 with loss -86540.359375
Reconstruction for fluence = 78475.99703514607 photons/pixel
Epoch 0: loss = 908431744.0
Epoch 1: loss = 41284.1171875
Epoch 2: loss = 35953.01171875
Epoch 3: loss = 35952.55859375
Epoch 4: loss = 35952.5546875
Epoch 5: loss = 35952.5546875
Epoch 6: loss = 35952.5546875
Epoch 7: loss = 35952.55078125
Epoch 8: loss = 35952.55078125
Epoch 9: loss = 35952.5546875
Epoch 10: loss = 35952.5546875
Epoch 11: loss = 35952.5546875
Epoch 12: loss = 35952.55078125
Epoch 13: loss = 35952.55078125
Epoch 14: loss = 35952.55078125
Epoch 0: loss = -218777.90625
Epoch 1: loss = -218777.90625
Epoch 2: loss = -218777.90625
Epoch 3: loss = -218777.90625
Epoch 4: loss = -218777.90625
Epoch 5: loss = -218777.90625
Epoch 6: loss = -218777.90625
Epoch 7: loss = -218777.921875
Epoch 8: loss = -218777.921875
Epoch 9: loss = -218777.921875
Epoch 10: loss = -218777.921875
Epoch 11: loss = -218777.90625
Epoch 12: loss = -218777.90625
Epoch 13: loss = -218777.90625
Epoch 14: loss = -218777.90625
Epoch 15: loss = -218777.90625
Early stopping at epoch 15 with loss -218777.921875
Reconstruction for fluence = 183298.07108324335 photons/pixel
Epoch 0: loss = 2121914240.0
Epoch 1: loss = 57223.86328125
Epoch 2: loss = 35366.26171875
Epoch 3: loss = 35364.4609375
Epoch 4: loss = 35364.45703125
Epoch 5: loss = 35364.45703125
Epoch 6: loss = 35364.46875
Epoch 7: loss = 35364.46875
Epoch 8: loss = 35364.46875
Epoch 9: loss = 35364.46875
Epoch 10: loss = 35364.453125
Epoch 11: loss = 35364.45703125
Epoch 12: loss = 35364.453125
Epoch 13: loss = 35364.4609375
Epoch 14: loss = 35364.45703125
Epoch 0: loss = -549886.5
Epoch 1: loss = -549886.5
Epoch 2: loss = -549886.5
Epoch 3: loss = -549886.5
Epoch 4: loss = -549886.5
Epoch 5: loss = -549886.5
Epoch 6: loss = -549886.5
Epoch 7: loss = -549886.5
Epoch 8: loss = -549886.5
Early stopping at epoch 8 with loss -549886.5
Reconstruction for fluence = 428133.2398719387 photons/pixel
Epoch 0: loss = 4956171264.0
Epoch 1: loss = 73335.625
Epoch 2: loss = 34872.39453125
Epoch 3: loss = 34866.48046875
Epoch 4: loss = 34866.40234375
Epoch 5: loss = 34866.40234375
Epoch 6: loss = 34866.38671875
Epoch 7: loss = 34866.38671875
Epoch 8: loss = 34866.40234375
Epoch 9: loss = 34866.39453125
Epoch 10: loss = 34866.40234375
Epoch 11: loss = 34866.39453125
Epoch 12: loss = 34866.3984375
Epoch 13: loss = 34866.40625
Epoch 14: loss = 34866.40234375
Early stopping at epoch 14 with loss 34866.38671875
Epoch 0: loss = -1375163.25
Epoch 1: loss = -1375163.25
Epoch 2: loss = -1375163.25
Epoch 3: loss = -1375163.25
Epoch 4: loss = -1375163.25
Epoch 5: loss = -1375163.25
Epoch 6: loss = -1375163.25
Epoch 7: loss = -1375163.25
Epoch 8: loss = -1375163.25
Early stopping at epoch 8 with loss -1375163.25
Reconstruction for fluence = 1000000.0 photons/pixel
Epoch 0: loss = 11576148992.0
Epoch 1: loss = 129049.7421875
Epoch 2: loss = 35023.89453125
Epoch 3: loss = 35008.74609375
Epoch 4: loss = 35008.74609375
Epoch 5: loss = 35008.74609375
Epoch 6: loss = 35008.75
Epoch 7: loss = 35008.7578125
Epoch 8: loss = 35008.75
Epoch 9: loss = 35008.75
Epoch 10: loss = 35008.75390625
Epoch 11: loss = 35008.7421875
Epoch 12: loss = 35008.76171875
Epoch 13: loss = 35008.734375
Epoch 14: loss = 35008.7578125
Epoch 0: loss = -3424067.5
Epoch 1: loss = -3424067.5
Epoch 2: loss = -3424067.5
Epoch 3: loss = -3424067.5
Epoch 4: loss = -3424067.5
Epoch 5: loss = -3424067.5
Epoch 6: loss = -3424067.5
Epoch 7: loss = -3424067.5
Epoch 8: loss = -3424067.5
Early stopping at epoch 8 with loss -3424067.5
Simulation for steps_size=12 and n_fluences=20 completed!
