Running simulation for principal_mode_weight=1 and n_fluences=20
Weights: [100.   0.   0.]
Tensors initialization on device cuda
Multiprobe = grad

('MSE', None) RECONSTRUCTIONS

Reconstruction for fluence = 0.09999999999999999 photons/pixel
Epoch 0: loss = 0.0002236794534837827
Epoch 1: loss = 0.0002236794534837827
Epoch 2: loss = 0.0002236794534837827
Epoch 3: loss = 0.0002236794534837827
Epoch 4: loss = 0.0002236794534837827
Epoch 5: loss = 0.0002236794534837827
Early stopping at epoch 5 with loss 0.0002236794534837827
Reconstruction for fluence = 0.23357214690901223 photons/pixel
Epoch 0: loss = 0.0005206731148064137
Epoch 1: loss = 0.0005206731148064137
Epoch 2: loss = 0.0005206731148064137
Epoch 3: loss = 0.0005206731148064137
Epoch 4: loss = 0.0005206731148064137
Epoch 5: loss = 0.0005206731148064137
Early stopping at epoch 5 with loss 0.0005206731148064137
Reconstruction for fluence = 0.5455594781168519 photons/pixel
Epoch 0: loss = 0.0011958678951486945
Epoch 1: loss = 0.0011958678951486945
Epoch 2: loss = 0.0011958678951486945
Epoch 3: loss = 0.0011958678951486945
Epoch 4: loss = 0.0011958678951486945
Epoch 5: loss = 0.0011958678951486945
Early stopping at epoch 5 with loss 0.0011958678951486945
Reconstruction for fluence = 1.2742749857031335 photons/pixel
Epoch 0: loss = 0.0028839020524173975
Epoch 1: loss = 0.0028839020524173975
Epoch 2: loss = 0.0028839020524173975
Epoch 3: loss = 0.0028839020524173975
Epoch 4: loss = 0.0028839020524173975
Epoch 5: loss = 0.0028839020524173975
Early stopping at epoch 5 with loss 0.0028839020524173975
Reconstruction for fluence = 2.976351441631318 photons/pixel
Epoch 0: loss = 0.006997172720730305
Epoch 1: loss = 0.00699717178940773
Epoch 2: loss = 0.006997125688940287
Epoch 3: loss = 0.006997079588472843
Epoch 4: loss = 0.006997033953666687
Epoch 5: loss = 0.006996987387537956
Early stopping at epoch 5 with loss 0.006997172720730305
Reconstruction for fluence = 6.9519279617756045 photons/pixel
Epoch 0: loss = 0.017715753987431526
Epoch 1: loss = 0.01771439239382744
Epoch 2: loss = 0.01771303452551365
Epoch 3: loss = 0.01771167851984501
Epoch 4: loss = 0.017710324376821518
Epoch 5: loss = 0.017708968371152878
Early stopping at epoch 5 with loss 0.017715753987431526
Reconstruction for fluence = 16.23776739188721 photons/pixel
Epoch 0: loss = 0.048968881368637085
Epoch 1: loss = 0.03558482974767685
Epoch 2: loss = 0.03558436036109924
Epoch 3: loss = 0.03558436036109924
Epoch 4: loss = 0.03558436036109924
Epoch 5: loss = 0.03558436036109924
Epoch 6: loss = 0.03558436036109924
Early stopping at epoch 6 with loss 0.03558482974767685
Reconstruction for fluence = 37.926901907322495 photons/pixel
Epoch 0: loss = 0.1559550166130066
Epoch 1: loss = 0.08332213759422302
Epoch 2: loss = 0.08331786096096039
Epoch 3: loss = 0.08331786096096039
Epoch 4: loss = 0.08331786096096039
Epoch 5: loss = 0.08331786096096039
Epoch 6: loss = 0.08331786096096039
Early stopping at epoch 6 with loss 0.08332213759422302
Reconstruction for fluence = 88.58667904100822 photons/pixel
Epoch 0: loss = 0.5909675359725952
Epoch 1: loss = 0.19462189078330994
Epoch 2: loss = 0.19460541009902954
Epoch 3: loss = 0.19460369646549225
Epoch 4: loss = 0.1946035921573639
Epoch 5: loss = 0.1946035921573639
Epoch 6: loss = 0.1946035921573639
Early stopping at epoch 6 with loss 0.19462189078330994
Reconstruction for fluence = 206.9138081114788 photons/pixel
Epoch 0: loss = 2.617992401123047
Epoch 1: loss = 0.45440226793289185
Epoch 2: loss = 0.45433345437049866
Epoch 3: loss = 0.4543256163597107
Epoch 4: loss = 0.45432454347610474
Epoch 5: loss = 0.4543244242668152
Epoch 6: loss = 0.45432430505752563
Early stopping at epoch 6 with loss 0.45440226793289185
Reconstruction for fluence = 483.2930238571752 photons/pixel
Epoch 0: loss = 12.83632755279541
Epoch 1: loss = 1.0590953826904297
Epoch 2: loss = 1.0587879419326782
Epoch 3: loss = 1.0587519407272339
Epoch 4: loss = 1.058743953704834
Epoch 5: loss = 1.058743953704834
Epoch 6: loss = 1.0587434768676758
Epoch 7: loss = 1.0587432384490967
Early stopping at epoch 7 with loss 1.0587879419326782
Reconstruction for fluence = 1128.8378916846884 photons/pixel
Epoch 0: loss = 66.77339935302734
Epoch 1: loss = 2.476929187774658
Epoch 2: loss = 2.4754152297973633
Epoch 3: loss = 2.475224494934082
Epoch 4: loss = 2.4751718044281006
Epoch 5: loss = 2.4751577377319336
Epoch 6: loss = 2.4751577377319336
Epoch 7: loss = 2.475155830383301
Epoch 8: loss = 2.4751548767089844
Early stopping at epoch 8 with loss 2.475224494934082
Reconstruction for fluence = 2636.6508987303555 photons/pixel
Epoch 0: loss = 356.4800109863281
Epoch 1: loss = 5.789023399353027
Epoch 2: loss = 5.781437397003174
Epoch 3: loss = 5.780368804931641
Epoch 4: loss = 5.780123710632324
Epoch 5: loss = 5.780055522918701
Epoch 6: loss = 5.780034065246582
Epoch 7: loss = 5.780032157897949
Epoch 8: loss = 5.780029296875
Epoch 9: loss = 5.780028343200684
Early stopping at epoch 9 with loss 5.780123710632324
Reconstruction for fluence = 6158.482110660255 photons/pixel
Epoch 0: loss = 1927.414306640625
Epoch 1: loss = 13.535940170288086
Epoch 2: loss = 13.495304107666016
Epoch 3: loss = 13.489906311035156
Epoch 4: loss = 13.488476753234863
Epoch 5: loss = 13.488006591796875
Epoch 6: loss = 13.487876892089844
Epoch 7: loss = 13.487863540649414
Epoch 8: loss = 13.487813949584961
Epoch 9: loss = 13.487813949584961
Epoch 10: loss = 13.487812042236328
Epoch 11: loss = 13.487804412841797
Early stopping at epoch 11 with loss 13.487876892089844
Reconstruction for fluence = 14384.498882876629 photons/pixel
Epoch 0: loss = 10472.021484375
Epoch 1: loss = 31.774702072143555
Epoch 2: loss = 31.553810119628906
Epoch 3: loss = 31.526229858398438
Epoch 4: loss = 31.51873016357422
Epoch 5: loss = 31.51673698425293
Epoch 6: loss = 31.516109466552734
Epoch 7: loss = 31.516069412231445
Epoch 8: loss = 31.515832901000977
Epoch 9: loss = 31.51581573486328
Epoch 10: loss = 31.51576042175293
Epoch 11: loss = 31.51571273803711
Epoch 12: loss = 31.515697479248047
Epoch 13: loss = 31.515674591064453
Epoch 14: loss = 31.51566505432129
Epoch 15: loss = 31.515655517578125
Epoch 16: loss = 31.515647888183594
Early stopping at epoch 16 with loss 31.51571273803711
Reconstruction for fluence = 33598.18286283781 photons/pixel
Epoch 0: loss = 57027.72265625
Epoch 1: loss = 74.79962158203125
Epoch 2: loss = 73.60650634765625
Epoch 3: loss = 73.45256805419922
Epoch 4: loss = 73.40850830078125
Epoch 5: loss = 73.39830017089844
Epoch 6: loss = 73.39488220214844
Epoch 7: loss = 73.39318084716797
Epoch 8: loss = 73.392578125
Epoch 9: loss = 73.39215087890625
Epoch 10: loss = 73.39199829101562
Epoch 11: loss = 73.39198303222656
Epoch 12: loss = 73.3919677734375
Epoch 13: loss = 73.39195251464844
Epoch 14: loss = 73.39193725585938
Epoch 15: loss = 73.39190673828125
Early stopping at epoch 15 with loss 73.39199829101562
Reconstruction for fluence = 78475.99703514607 photons/pixel
Epoch 0: loss = 310873.625
Epoch 1: loss = 179.19711303710938
Epoch 2: loss = 172.66390991210938
Epoch 3: loss = 171.83572387695312
Epoch 4: loss = 171.6229248046875
Epoch 5: loss = 171.56643676757812
Epoch 6: loss = 171.54714965820312
Epoch 7: loss = 171.5395965576172
Epoch 8: loss = 171.5359344482422
Epoch 9: loss = 171.5343475341797
Epoch 10: loss = 171.53359985351562
Epoch 11: loss = 171.53350830078125
Epoch 12: loss = 171.5333251953125
Epoch 13: loss = 171.53326416015625
Epoch 14: loss = 171.53323364257812
Epoch 15: loss = 171.53317260742188
Epoch 16: loss = 171.53317260742188
Epoch 17: loss = 171.53314208984375
Epoch 18: loss = 171.53311157226562
Epoch 19: loss = 171.53309631347656
Epoch 20: loss = 171.53309631347656
Early stopping at epoch 20 with loss 171.53317260742188
Reconstruction for fluence = 183298.07108324335 photons/pixel
Epoch 0: loss = 1695458.5
Epoch 1: loss = 441.4144592285156
Epoch 2: loss = 405.80206298828125
Epoch 3: loss = 401.15557861328125
Epoch 4: loss = 400.0262756347656
Epoch 5: loss = 399.70867919921875
Epoch 6: loss = 399.6057434082031
Epoch 7: loss = 399.56390380859375
Epoch 8: loss = 399.5436096191406
Epoch 9: loss = 399.533935546875
Epoch 10: loss = 399.5293884277344
Epoch 11: loss = 399.52703857421875
Epoch 12: loss = 399.5268859863281
Epoch 13: loss = 399.52667236328125
Epoch 14: loss = 399.52655029296875
Epoch 15: loss = 399.52618408203125
Epoch 16: loss = 399.52606201171875
Epoch 17: loss = 399.52593994140625
Epoch 18: loss = 399.52581787109375
Epoch 19: loss = 399.5257568359375
Epoch 20: loss = 399.5256652832031
Epoch 21: loss = 399.5255126953125
Epoch 22: loss = 399.5255126953125
Epoch 23: loss = 399.52545166015625
Epoch 24: loss = 399.525390625
Epoch 25: loss = 399.52532958984375
Epoch 26: loss = 399.5252685546875
Epoch 27: loss = 399.5252685546875
Epoch 28: loss = 399.5252380371094
Epoch 29: loss = 399.5252380371094
Epoch 30: loss = 399.52520751953125
Epoch 31: loss = 399.525146484375
Epoch 32: loss = 399.525146484375
Epoch 33: loss = 399.525146484375
Epoch 34: loss = 399.525146484375
Epoch 35: loss = 399.5251159667969
Epoch 36: loss = 399.52508544921875
Early stopping at epoch 36 with loss 399.525146484375
Reconstruction for fluence = 428133.2398719387 photons/pixel
Epoch 0: loss = 9249282.0
Epoch 1: loss = 1166.435302734375
Epoch 2: loss = 972.3133544921875
Epoch 3: loss = 947.4152221679688
Epoch 4: loss = 940.816650390625
Epoch 5: loss = 939.16357421875
Epoch 6: loss = 938.589111328125
Epoch 7: loss = 938.3616943359375
Epoch 8: loss = 938.251953125
Epoch 9: loss = 938.196533203125
Epoch 10: loss = 938.1708984375
Epoch 11: loss = 938.1585693359375
Epoch 12: loss = 938.1529541015625
Epoch 13: loss = 938.15087890625
Epoch 14: loss = 938.14892578125
Epoch 15: loss = 938.148681640625
Epoch 16: loss = 938.1485595703125
Epoch 17: loss = 938.1484375
Epoch 18: loss = 938.148193359375
Epoch 19: loss = 938.147705078125
Epoch 20: loss = 938.1475830078125
Epoch 21: loss = 938.1475830078125
Epoch 22: loss = 938.1474609375
Epoch 23: loss = 938.1473388671875
Epoch 24: loss = 938.147216796875
Epoch 25: loss = 938.1470947265625
Epoch 26: loss = 938.1470947265625
Epoch 27: loss = 938.1470947265625
Epoch 28: loss = 938.1470947265625
Epoch 29: loss = 938.14697265625
Epoch 30: loss = 938.1468505859375
Epoch 31: loss = 938.1468505859375
Epoch 32: loss = 938.1468505859375
Epoch 33: loss = 938.1468505859375
Epoch 34: loss = 938.1468505859375
Early stopping at epoch 34 with loss 938.14697265625
Reconstruction for fluence = 1000000.0 photons/pixel
Epoch 0: loss = 50457276.0
Epoch 1: loss = 3435.946044921875
Epoch 2: loss = 2374.38525390625
Epoch 3: loss = 2238.86083984375
Epoch 4: loss = 2205.27978515625
Epoch 5: loss = 2196.4697265625
Epoch 6: loss = 2193.46142578125
Epoch 7: loss = 2192.24169921875
Epoch 8: loss = 2191.666748046875
Epoch 9: loss = 2191.398193359375
Epoch 10: loss = 2191.262451171875
Epoch 11: loss = 2191.192138671875
Epoch 12: loss = 2191.1611328125
Epoch 13: loss = 2191.1435546875
Epoch 14: loss = 2191.13671875
Epoch 15: loss = 2191.13427734375
Epoch 16: loss = 2191.1328125
Epoch 17: loss = 2191.130859375
Epoch 18: loss = 2191.13037109375
Epoch 19: loss = 2191.12890625
Epoch 20: loss = 2191.12841796875
Epoch 21: loss = 2191.128173828125
Epoch 22: loss = 2191.1279296875
Epoch 23: loss = 2191.127685546875
Epoch 24: loss = 2191.127685546875
Epoch 25: loss = 2191.12744140625
Epoch 26: loss = 2191.12744140625
Epoch 27: loss = 2191.126953125
Epoch 28: loss = 2191.126953125
Epoch 29: loss = 2191.126953125
Epoch 30: loss = 2191.126953125
Epoch 31: loss = 2191.126708984375
Epoch 32: loss = 2191.126708984375
Epoch 33: loss = 2191.12646484375
Epoch 34: loss = 2191.12646484375
Epoch 35: loss = 2191.12646484375
Epoch 36: loss = 2191.1259765625
Epoch 37: loss = 2191.1259765625
Epoch 38: loss = 2191.1259765625
Epoch 39: loss = 2191.1259765625
Epoch 40: loss = 2191.1259765625
Epoch 41: loss = 2191.1259765625
Early stopping at epoch 41 with loss 2191.1259765625
Tensors initialization on device cuda
Multiprobe = grad

('MSE', 'PoissonNLL') RECONSTRUCTIONS

Reconstruction for fluence = 0.09999999999999999 photons/pixel
Epoch 0: loss = 0.00022273891954682767
Epoch 1: loss = 0.00022273891954682767
Epoch 2: loss = 0.00022273891954682767
Epoch 3: loss = 0.00022273891954682767
Epoch 4: loss = 0.00022273891954682767
Epoch 5: loss = 0.00022273891954682767
Early stopping at epoch 5 with loss 0.00022273891954682767
Epoch 0: loss = 0.0018115151906386018
Epoch 1: loss = 0.0018115151906386018
Epoch 2: loss = 0.0018115151906386018
Epoch 3: loss = 0.0018115151906386018
Epoch 4: loss = 0.0018115151906386018
Epoch 5: loss = 0.0018115151906386018
Early stopping at epoch 5 with loss 0.0018115151906386018
Reconstruction for fluence = 0.23357214690901223 photons/pixel
Epoch 0: loss = 0.0005202420288696885
Epoch 1: loss = 0.0005202420288696885
Epoch 2: loss = 0.0005202420288696885
Epoch 3: loss = 0.0005202420288696885
Epoch 4: loss = 0.0005202420288696885
Epoch 5: loss = 0.0005202420288696885
Early stopping at epoch 5 with loss 0.0005202420288696885
Epoch 0: loss = 0.003784031141549349
Epoch 1: loss = 0.003784031141549349
Epoch 2: loss = 0.003784031141549349
Epoch 3: loss = 0.003784031141549349
Epoch 4: loss = 0.003784031141549349
Epoch 5: loss = 0.003784031141549349
Early stopping at epoch 5 with loss 0.003784031141549349
Reconstruction for fluence = 0.5455594781168519 photons/pixel
Epoch 0: loss = 0.0012125426437705755
Epoch 1: loss = 0.0012125426437705755
Epoch 2: loss = 0.0012125426437705755
Epoch 3: loss = 0.0012125426437705755
Epoch 4: loss = 0.0012125426437705755
Epoch 5: loss = 0.0012125426437705755
Early stopping at epoch 5 with loss 0.0012125426437705755
Epoch 0: loss = 0.007833631709218025
Epoch 1: loss = 0.007833625189960003
Epoch 2: loss = 0.007833624258637428
Epoch 3: loss = 0.00783358234912157
Epoch 4: loss = 0.007833347655832767
Epoch 5: loss = 0.007830018177628517
Early stopping at epoch 5 with loss 0.007833631709218025
Reconstruction for fluence = 1.2742749857031335 photons/pixel
Epoch 0: loss = 0.002886404050514102
Epoch 1: loss = 0.002886404050514102
Epoch 2: loss = 0.002886404050514102
Epoch 3: loss = 0.002886404050514102
Epoch 4: loss = 0.002886404050514102
Epoch 5: loss = 0.002886404050514102
Early stopping at epoch 5 with loss 0.002886404050514102
Epoch 0: loss = 0.01604922115802765
Epoch 1: loss = 0.016036441549658775
Epoch 2: loss = 0.013584490865468979
Epoch 3: loss = 0.013581180945038795
Epoch 4: loss = 0.013581180945038795
Epoch 5: loss = 0.013581180945038795
Epoch 6: loss = 0.013581180945038795
Epoch 7: loss = 0.013581180945038795
Early stopping at epoch 7 with loss 0.013584490865468979
Reconstruction for fluence = 2.976351441631318 photons/pixel
Epoch 0: loss = 0.00702166510745883
Epoch 1: loss = 0.007021619938313961
Epoch 2: loss = 0.007021574303507805
Epoch 3: loss = 0.007021528203040361
Epoch 4: loss = 0.007021482568234205
Epoch 5: loss = 0.007021436467766762
Early stopping at epoch 5 with loss 0.00702166510745883
Epoch 0: loss = 0.03216683492064476
Epoch 1: loss = 0.026314640417695045
Epoch 2: loss = 0.02631254866719246
Epoch 3: loss = 0.02631254866719246
Epoch 4: loss = 0.02631254866719246
Epoch 5: loss = 0.02631254866719246
Epoch 6: loss = 0.02631254866719246
Early stopping at epoch 6 with loss 0.026314640417695045
Reconstruction for fluence = 6.9519279617756045 photons/pixel
Epoch 0: loss = 0.017709318548440933
Epoch 1: loss = 0.017707951366901398
Epoch 2: loss = 0.017706584185361862
Epoch 3: loss = 0.017705217003822327
Epoch 4: loss = 0.01770385354757309
Epoch 5: loss = 0.017702486366033554
Early stopping at epoch 5 with loss 0.017709318548440933
Epoch 0: loss = 0.06225019320845604
Epoch 1: loss = 0.04836089909076691
Epoch 2: loss = 0.048360105603933334
Epoch 3: loss = 0.048360105603933334
Epoch 4: loss = 0.048360105603933334
Epoch 5: loss = 0.048360105603933334
Epoch 6: loss = 0.048360105603933334
Early stopping at epoch 6 with loss 0.04836089909076691
Reconstruction for fluence = 16.23776739188721 photons/pixel
Epoch 0: loss = 0.04900095984339714
Epoch 1: loss = 0.03568873554468155
Epoch 2: loss = 0.035688333213329315
Epoch 3: loss = 0.035688333213329315
Epoch 4: loss = 0.035688333213329315
Epoch 5: loss = 0.035688333213329315
Epoch 6: loss = 0.035688333213329315
Early stopping at epoch 6 with loss 0.03568873554468155
Epoch 0: loss = 0.08371934294700623
Epoch 1: loss = 0.08308272063732147
Epoch 2: loss = 0.0830812007188797
Epoch 3: loss = 0.0830812007188797
Epoch 4: loss = 0.0830812007188797
Epoch 5: loss = 0.0830812007188797
Epoch 6: loss = 0.0830812007188797
Early stopping at epoch 6 with loss 0.08308272063732147
Reconstruction for fluence = 37.926901907322495 photons/pixel
Epoch 0: loss = 0.15594634413719177
Epoch 1: loss = 0.08313356339931488
Epoch 2: loss = 0.08312913775444031
Epoch 3: loss = 0.08312913775444031
Epoch 4: loss = 0.08312913775444031
Epoch 5: loss = 0.08312913775444031
Epoch 6: loss = 0.08312913775444031
Early stopping at epoch 6 with loss 0.08313356339931488
Epoch 0: loss = 0.1243118867278099
Epoch 1: loss = 0.12334218621253967
Epoch 2: loss = 0.12333967536687851
Epoch 3: loss = 0.12333967536687851
Epoch 4: loss = 0.12333967536687851
Epoch 5: loss = 0.12333967536687851
Epoch 6: loss = 0.12333967536687851
Early stopping at epoch 6 with loss 0.12334218621253967
Reconstruction for fluence = 88.58667904100822 photons/pixel
Epoch 0: loss = 0.5904025435447693
Epoch 1: loss = 0.1940922737121582
Epoch 2: loss = 0.19407527148723602
Epoch 3: loss = 0.1940736472606659
Epoch 4: loss = 0.19407358765602112
Epoch 5: loss = 0.19407354295253754
Epoch 6: loss = 0.19407354295253754
Early stopping at epoch 6 with loss 0.1940922737121582
Epoch 0: loss = 0.12462614476680756
Epoch 1: loss = 0.12348224222660065
Epoch 2: loss = 0.12347975373268127
Epoch 3: loss = 0.12347975373268127
Epoch 4: loss = 0.12347975373268127
Epoch 5: loss = 0.12347975373268127
Epoch 6: loss = 0.12347975373268127
Early stopping at epoch 6 with loss 0.12348224222660065
Reconstruction for fluence = 206.9138081114788 photons/pixel
Epoch 0: loss = 2.6163461208343506
Epoch 1: loss = 0.4533221423625946
Epoch 2: loss = 0.4532524347305298
Epoch 3: loss = 0.45324432849884033
Epoch 4: loss = 0.45324277877807617
Epoch 5: loss = 0.453242689371109
Epoch 6: loss = 0.45324254035949707
Early stopping at epoch 6 with loss 0.4533221423625946
Epoch 0: loss = -0.0951467901468277
Epoch 1: loss = -0.09660960733890533
Epoch 2: loss = -0.09660996496677399
Epoch 3: loss = -0.09660996496677399
Epoch 4: loss = -0.09660996496677399
Epoch 5: loss = -0.09660996496677399
Epoch 6: loss = -0.09660996496677399
Early stopping at epoch 6 with loss -0.09660960733890533
Reconstruction for fluence = 483.2930238571752 photons/pixel
Epoch 0: loss = 12.849685668945312
Epoch 1: loss = 1.0609300136566162
Epoch 2: loss = 1.0606387853622437
Epoch 3: loss = 1.0605989694595337
Epoch 4: loss = 1.0605918169021606
Epoch 5: loss = 1.0605895519256592
Epoch 6: loss = 1.0605891942977905
Epoch 7: loss = 1.0605891942977905
Early stopping at epoch 7 with loss 1.0606387853622437
Epoch 0: loss = -1.1253783702850342
Epoch 1: loss = -1.1270873546600342
Epoch 2: loss = -1.1270873546600342
Epoch 3: loss = -1.1270874738693237
Epoch 4: loss = -1.1270875930786133
Epoch 5: loss = -1.1270875930786133
Epoch 6: loss = -1.1270875930786133
Early stopping at epoch 6 with loss -1.1270873546600342
Reconstruction for fluence = 1128.8378916846884 photons/pixel
Epoch 0: loss = 66.75584411621094
Epoch 1: loss = 2.4767508506774902
Epoch 2: loss = 2.4752941131591797
Epoch 3: loss = 2.475109577178955
Epoch 4: loss = 2.475065231323242
Epoch 5: loss = 2.475055456161499
Epoch 6: loss = 2.4750518798828125
Epoch 7: loss = 2.475050926208496
Epoch 8: loss = 2.4750499725341797
Early stopping at epoch 8 with loss 2.475109577178955
Epoch 0: loss = -4.7366790771484375
Epoch 1: loss = -4.738739967346191
Epoch 2: loss = -4.73874044418335
Epoch 3: loss = -4.73874044418335
Epoch 4: loss = -4.73874044418335
Epoch 5: loss = -4.73874044418335
Epoch 6: loss = -4.73874044418335
Early stopping at epoch 6 with loss -4.738739967346191
Reconstruction for fluence = 2636.6508987303555 photons/pixel
Epoch 0: loss = 356.52911376953125
Epoch 1: loss = 5.791912078857422
Epoch 2: loss = 5.784278869628906
Epoch 3: loss = 5.783311367034912
Epoch 4: loss = 5.783073902130127
Epoch 5: loss = 5.783012390136719
Epoch 6: loss = 5.7830047607421875
Epoch 7: loss = 5.782992362976074
Epoch 8: loss = 5.782991886138916
Epoch 9: loss = 5.782991409301758
Early stopping at epoch 9 with loss 5.783073902130127
Epoch 0: loss = -15.979313850402832
Epoch 1: loss = -15.98151683807373
Epoch 2: loss = -15.981517791748047
Epoch 3: loss = -15.981517791748047
Epoch 4: loss = -15.981517791748047
Epoch 5: loss = -15.981517791748047
Epoch 6: loss = -15.981517791748047
Early stopping at epoch 6 with loss -15.98151683807373
Reconstruction for fluence = 6158.482110660255 photons/pixel
Epoch 0: loss = 1927.144775390625
Epoch 1: loss = 13.565130233764648
Epoch 2: loss = 13.524229049682617
Epoch 3: loss = 13.518472671508789
Epoch 4: loss = 13.517133712768555
Epoch 5: loss = 13.51677417755127
Epoch 6: loss = 13.51664924621582
Epoch 7: loss = 13.51661491394043
Epoch 8: loss = 13.516585350036621
Epoch 9: loss = 13.516584396362305
Epoch 10: loss = 13.516576766967773
Epoch 11: loss = 13.51657485961914
Early stopping at epoch 11 with loss 13.51664924621582
Epoch 0: loss = -48.80272674560547
Epoch 1: loss = -48.80498504638672
Epoch 2: loss = -48.80498504638672
Epoch 3: loss = -48.80498504638672
Epoch 4: loss = -48.80498504638672
Epoch 5: loss = -48.80498504638672
Epoch 6: loss = -48.80498504638672
Early stopping at epoch 6 with loss -48.80498504638672
Reconstruction for fluence = 14384.498882876629 photons/pixel
Epoch 0: loss = 10471.001953125
Epoch 1: loss = 31.814044952392578
Epoch 2: loss = 31.595176696777344
Epoch 3: loss = 31.566574096679688
Epoch 4: loss = 31.558767318725586
Epoch 5: loss = 31.55673599243164
Epoch 6: loss = 31.556053161621094
Epoch 7: loss = 31.5557861328125
Epoch 8: loss = 31.5556697845459
Epoch 9: loss = 31.55561637878418
Epoch 10: loss = 31.55561065673828
Epoch 11: loss = 31.55561065673828
Epoch 12: loss = 31.55560302734375
Epoch 13: loss = 31.555599212646484
Early stopping at epoch 13 with loss 31.5556697845459
Epoch 0: loss = -140.80911254882812
Epoch 1: loss = -140.81137084960938
Epoch 2: loss = -140.81138610839844
Epoch 3: loss = -140.81138610839844
Epoch 4: loss = -140.81137084960938
Epoch 5: loss = -140.81137084960938
Epoch 6: loss = -140.81137084960938
Early stopping at epoch 6 with loss -140.81137084960938
Reconstruction for fluence = 33598.18286283781 photons/pixel
Epoch 0: loss = 57029.76953125
Epoch 1: loss = 74.99812316894531
Epoch 2: loss = 73.8067626953125
Epoch 3: loss = 73.64369201660156
Epoch 4: loss = 73.60195922851562
Epoch 5: loss = 73.59127044677734
Epoch 6: loss = 73.58770751953125
Epoch 7: loss = 73.58679962158203
Epoch 8: loss = 73.58582305908203
Epoch 9: loss = 73.58547973632812
Epoch 10: loss = 73.5853271484375
Epoch 11: loss = 73.58529663085938
Epoch 12: loss = 73.58522033691406
Epoch 13: loss = 73.58518981933594
Epoch 14: loss = 73.58517456054688
Epoch 0: loss = -391.51422119140625
Epoch 1: loss = -391.51666259765625
Epoch 2: loss = -391.5167236328125
Epoch 3: loss = -391.5167236328125
Epoch 4: loss = -391.5167236328125
Epoch 5: loss = -391.5167236328125
Epoch 6: loss = -391.5167236328125
Early stopping at epoch 6 with loss -391.51666259765625
Reconstruction for fluence = 78475.99703514607 photons/pixel
Epoch 0: loss = 310886.625
Epoch 1: loss = 179.02987670898438
Epoch 2: loss = 172.48358154296875
Epoch 3: loss = 171.6437530517578
Epoch 4: loss = 171.42581176757812
Epoch 5: loss = 171.36720275878906
Epoch 6: loss = 171.347412109375
Epoch 7: loss = 171.3397674560547
Epoch 8: loss = 171.33616638183594
Epoch 9: loss = 171.33444213867188
Epoch 10: loss = 171.33367919921875
Epoch 11: loss = 171.3335418701172
Epoch 12: loss = 171.33346557617188
Epoch 13: loss = 171.3333740234375
Epoch 14: loss = 171.33334350585938
Epoch 0: loss = -1060.7789306640625
Epoch 1: loss = -1060.781494140625
Epoch 2: loss = -1060.781494140625
Epoch 3: loss = -1060.781494140625
Epoch 4: loss = -1060.781494140625
Epoch 5: loss = -1060.781494140625
Epoch 6: loss = -1060.781494140625
Early stopping at epoch 6 with loss -1060.781494140625
Reconstruction for fluence = 183298.07108324335 photons/pixel
Epoch 0: loss = 1695518.5
Epoch 1: loss = 441.31353759765625
Epoch 2: loss = 405.62939453125
Epoch 3: loss = 401.0759582519531
Epoch 4: loss = 399.95770263671875
Epoch 5: loss = 399.9241943359375
Epoch 6: loss = 399.63629150390625
Epoch 7: loss = 399.5536193847656
Epoch 8: loss = 399.50714111328125
Epoch 9: loss = 399.4883117675781
Epoch 10: loss = 399.47894287109375
Epoch 11: loss = 399.4742736816406
Epoch 12: loss = 399.4725341796875
Epoch 13: loss = 399.47174072265625
Epoch 14: loss = 399.47119140625
Epoch 0: loss = -2819.35009765625
Epoch 1: loss = -2819.3525390625
Epoch 2: loss = -2819.352783203125
Epoch 3: loss = -2819.352783203125
Epoch 4: loss = -2819.352783203125
Epoch 5: loss = -2819.352783203125
Epoch 6: loss = -2819.352783203125
Epoch 7: loss = -2819.352783203125
Early stopping at epoch 7 with loss -2819.352783203125
Reconstruction for fluence = 428133.2398719387 photons/pixel
Epoch 0: loss = 9249142.0
Epoch 1: loss = 1166.4267578125
Epoch 2: loss = 972.0667724609375
Epoch 3: loss = 947.1005859375
Epoch 4: loss = 941.0973510742188
Epoch 5: loss = 939.3749389648438
Epoch 6: loss = 938.8414306640625
Epoch 7: loss = 938.6185302734375
Epoch 8: loss = 938.51953125
Epoch 9: loss = 938.4688720703125
Epoch 10: loss = 938.4442138671875
Epoch 11: loss = 938.4315795898438
Epoch 12: loss = 938.4259643554688
Epoch 13: loss = 938.4229125976562
Epoch 14: loss = 938.4226684570312
Epoch 0: loss = -7383.05517578125
Epoch 1: loss = -7383.0576171875
Epoch 2: loss = -7383.0576171875
Epoch 3: loss = -7383.0576171875
Epoch 4: loss = -7383.0576171875
Epoch 5: loss = -7383.0576171875
Epoch 6: loss = -7383.0576171875
Early stopping at epoch 6 with loss -7383.0576171875
Reconstruction for fluence = 1000000.0 photons/pixel
Epoch 0: loss = 50458040.0
Epoch 1: loss = 3437.500244140625
Epoch 2: loss = 2376.515869140625
Epoch 3: loss = 2239.9560546875
Epoch 4: loss = 2207.285888671875
Epoch 5: loss = 2198.52392578125
Epoch 6: loss = 2195.6064453125
Epoch 7: loss = 2194.416015625
Epoch 8: loss = 2193.8525390625
Epoch 9: loss = 2193.5947265625
Epoch 10: loss = 2193.470703125
Epoch 11: loss = 2193.41064453125
Epoch 12: loss = 2193.384765625
Epoch 13: loss = 2193.368408203125
Epoch 14: loss = 2193.365234375
Epoch 0: loss = -19108.3671875
Epoch 1: loss = -19108.3671875
Epoch 2: loss = -19108.37109375
Epoch 3: loss = -19108.37109375
Epoch 4: loss = -19108.37109375
Epoch 5: loss = -19108.37109375
Epoch 6: loss = -19108.37109375
Epoch 7: loss = -19108.37109375
Early stopping at epoch 7 with loss -19108.37109375
Simulation for principal_mode_weight=1 and n_fluences=20 completed!
