Running simulation for n_modes=9 and n_fluences=20
Tensors initialization on device cuda
Multiprobe = band_lim
torch.Size([9, 64, 64])

('MSE', None) RECONSTRUCTIONS

Reconstruction for fluence = 0.09999999999999999 photons/pixel
Epoch 0: loss = 10635.6640625
Epoch 1: loss = 3771.83154296875
Epoch 2: loss = 3646.23828125
Epoch 3: loss = 3644.293212890625
Epoch 4: loss = 3644.25390625
Epoch 5: loss = 3644.25341796875
Epoch 6: loss = 3644.25341796875
Epoch 7: loss = 3644.25341796875
Epoch 8: loss = 3644.25341796875
Epoch 9: loss = 3644.25341796875
Epoch 10: loss = 3644.253173828125
Epoch 11: loss = 3644.253173828125
Epoch 12: loss = 3644.253173828125
Epoch 13: loss = 3644.2529296875
Epoch 14: loss = 3644.2529296875
Epoch 15: loss = 3644.2529296875
Epoch 16: loss = 3644.2529296875
Epoch 17: loss = 3644.2529296875
Epoch 18: loss = 3644.2529296875
Epoch 19: loss = 3644.2529296875
Epoch 20: loss = 3644.2529296875
Epoch 21: loss = 3644.2529296875
Epoch 22: loss = 3644.2529296875
Epoch 23: loss = 3644.2529296875
Early stopping at epoch 23 with loss 3644.2529296875
Reconstruction for fluence = 0.23357214690901223 photons/pixel
Epoch 0: loss = 24490.48046875
Epoch 1: loss = 9001.685546875
Epoch 2: loss = 8717.7158203125
Epoch 3: loss = 8713.3037109375
Epoch 4: loss = 8713.22265625
Epoch 5: loss = 8713.220703125
Epoch 6: loss = 8713.220703125
Epoch 7: loss = 8713.220703125
Epoch 8: loss = 8713.220703125
Epoch 9: loss = 8713.2197265625
Epoch 10: loss = 8713.2197265625
Epoch 11: loss = 8713.2197265625
Epoch 12: loss = 8713.2197265625
Epoch 13: loss = 8713.2197265625
Epoch 14: loss = 8713.2197265625
Epoch 15: loss = 8713.21875
Epoch 16: loss = 8713.21875
Epoch 17: loss = 8713.21875
Epoch 18: loss = 8713.2197265625
Epoch 19: loss = 8713.21875
Epoch 20: loss = 8713.21875
Epoch 21: loss = 8713.21875
Epoch 22: loss = 8713.21875
Epoch 23: loss = 8713.21875
Epoch 24: loss = 8713.2197265625
Epoch 25: loss = 8713.2197265625
Early stopping at epoch 25 with loss 8713.21875
Reconstruction for fluence = 0.5455594781168519 photons/pixel
Epoch 0: loss = 55127.2265625
Epoch 1: loss = 20670.10546875
Epoch 2: loss = 20037.08203125
Epoch 3: loss = 20027.109375
Epoch 4: loss = 20026.93359375
Epoch 5: loss = 20026.93359375
Epoch 6: loss = 20026.93359375
Epoch 7: loss = 20026.9296875
Epoch 8: loss = 20026.9296875
Epoch 9: loss = 20026.9296875
Epoch 10: loss = 20026.9296875
Epoch 11: loss = 20026.9296875
Epoch 12: loss = 20026.9296875
Epoch 13: loss = 20026.9296875
Epoch 14: loss = 20026.9296875
Epoch 15: loss = 20026.9296875
Epoch 16: loss = 20026.9296875
Epoch 17: loss = 20026.9296875
Early stopping at epoch 17 with loss 20026.9296875
Reconstruction for fluence = 1.2742749857031335 photons/pixel
Epoch 0: loss = 121987.609375
Epoch 1: loss = 47580.3046875
Epoch 2: loss = 46208.83984375
Epoch 3: loss = 46186.875
Epoch 4: loss = 46186.4921875
Epoch 5: loss = 46186.48828125
Epoch 6: loss = 46186.48046875
Epoch 7: loss = 46186.48046875
Epoch 8: loss = 46186.4765625
Epoch 9: loss = 46186.4765625
Epoch 10: loss = 46186.4765625
Epoch 11: loss = 46186.4765625
Epoch 12: loss = 46186.4765625
Epoch 13: loss = 46186.4765625
Epoch 14: loss = 46186.4765625
Epoch 15: loss = 46186.4765625
Epoch 16: loss = 46186.4765625
Epoch 17: loss = 46186.4765625
Epoch 18: loss = 46186.4765625
Early stopping at epoch 18 with loss 46186.4765625
Reconstruction for fluence = 2.976351441631318 photons/pixel
Epoch 0: loss = 261044.75
Epoch 1: loss = 107253.890625
Epoch 2: loss = 104399.3671875
Epoch 3: loss = 104352.75
Epoch 4: loss = 104351.9375
Epoch 5: loss = 104351.9375
Epoch 6: loss = 104351.9296875
Epoch 7: loss = 104351.9296875
Epoch 8: loss = 104351.921875
Epoch 9: loss = 104351.921875
Epoch 10: loss = 104351.921875
Epoch 11: loss = 104351.921875
Epoch 12: loss = 104351.921875
Epoch 13: loss = 104351.921875
Epoch 14: loss = 104351.921875
Epoch 15: loss = 104351.921875
Epoch 16: loss = 104351.921875
Epoch 17: loss = 104351.921875
Epoch 18: loss = 104351.921875
Early stopping at epoch 18 with loss 104351.921875
Reconstruction for fluence = 6.9519279617756045 photons/pixel
Epoch 0: loss = 529387.4375
Epoch 1: loss = 231840.875
Epoch 2: loss = 226246.484375
Epoch 3: loss = 226152.0625
Epoch 4: loss = 226150.4375
Epoch 5: loss = 226150.40625
Epoch 6: loss = 226150.40625
Epoch 7: loss = 226150.40625
Epoch 8: loss = 226150.40625
Epoch 9: loss = 226150.390625
Epoch 10: loss = 226150.375
Epoch 11: loss = 226150.375
Epoch 12: loss = 226150.375
Epoch 13: loss = 226150.375
Epoch 14: loss = 226150.375
Epoch 15: loss = 226150.375
Epoch 16: loss = 226150.375
Epoch 17: loss = 226150.375
Epoch 18: loss = 226150.375
Epoch 19: loss = 226150.375
Epoch 20: loss = 226150.375
Early stopping at epoch 20 with loss 226150.375
Reconstruction for fluence = 16.23776739188721 photons/pixel
Epoch 0: loss = 980392.1875
Epoch 1: loss = 464250.21875
Epoch 2: loss = 454335.75
Epoch 3: loss = 454164.40625
Epoch 4: loss = 454161.5625
Epoch 5: loss = 454161.5
Epoch 6: loss = 454161.4375
Epoch 7: loss = 454161.4375
Epoch 8: loss = 454161.4375
Epoch 9: loss = 454161.4375
Epoch 10: loss = 454161.40625
Epoch 11: loss = 454161.40625
Epoch 12: loss = 454161.40625
Epoch 13: loss = 454161.375
Epoch 14: loss = 454161.375
Epoch 15: loss = 454161.375
Epoch 16: loss = 454161.375
Epoch 17: loss = 454161.375
Epoch 18: loss = 454161.375
Epoch 19: loss = 454161.375
Epoch 20: loss = 454161.375
Epoch 21: loss = 454161.375
Epoch 22: loss = 454161.375
Epoch 23: loss = 454161.375
Early stopping at epoch 23 with loss 454161.375
Reconstruction for fluence = 37.926901907322495 photons/pixel
Epoch 0: loss = 1571448.625
Epoch 1: loss = 779000.9375
Epoch 2: loss = 763366.5
Epoch 3: loss = 763089.75
Epoch 4: loss = 763085.0
Epoch 5: loss = 763084.9375
Epoch 6: loss = 763084.9375
Epoch 7: loss = 763084.875
Epoch 8: loss = 763084.875
Epoch 9: loss = 763084.875
Epoch 10: loss = 763084.875
Epoch 11: loss = 763084.875
Epoch 12: loss = 763084.875
Epoch 13: loss = 763084.875
Epoch 14: loss = 763084.875
Epoch 15: loss = 763084.875
Epoch 16: loss = 763084.875
Epoch 17: loss = 763084.875
Early stopping at epoch 17 with loss 763084.875
Reconstruction for fluence = 88.58667904100822 photons/pixel
Epoch 0: loss = 2136501.25
Epoch 1: loss = 986779.6875
Epoch 2: loss = 963691.875
Epoch 3: loss = 963270.375
Epoch 4: loss = 963263.0
Epoch 5: loss = 963263.0
Epoch 6: loss = 963263.0
Epoch 7: loss = 963262.875
Epoch 8: loss = 963262.875
Epoch 9: loss = 963262.875
Epoch 10: loss = 963262.875
Epoch 11: loss = 963262.875
Epoch 12: loss = 963262.875
Epoch 13: loss = 963262.875
Epoch 14: loss = 963262.875
Epoch 15: loss = 963262.875
Epoch 16: loss = 963262.875
Epoch 17: loss = 963262.875
Early stopping at epoch 17 with loss 963262.875
Reconstruction for fluence = 206.9138081114788 photons/pixel
Epoch 0: loss = 2959101.0
Epoch 1: loss = 1007587.625
Epoch 2: loss = 977199.75
Epoch 3: loss = 976611.0
Epoch 4: loss = 976600.0625
Epoch 5: loss = 976600.0
Epoch 6: loss = 976600.0
Epoch 7: loss = 976600.0
Epoch 8: loss = 976599.9375
Epoch 9: loss = 976599.9375
Epoch 10: loss = 976599.875
Epoch 11: loss = 976599.875
Epoch 12: loss = 976599.9375
Epoch 13: loss = 976599.9375
Epoch 14: loss = 976599.9375
Epoch 15: loss = 976599.9375
Epoch 16: loss = 976599.875
Epoch 17: loss = 976599.875
Epoch 18: loss = 976599.875
Epoch 19: loss = 976599.875
Epoch 20: loss = 976599.875
Early stopping at epoch 20 with loss 976599.875
Reconstruction for fluence = 483.2930238571752 photons/pixel
Epoch 0: loss = 5295022.0
Epoch 1: loss = 264801157120.0
