Running simulation for steps_size=28 and n_fluences=20
Steps size: 28
Tensors initialization on device cuda
Multiprobe = band_lim
torch.Size([1, 64, 64])

('MSE', None) RECONSTRUCTIONS

Reconstruction for fluence = 0.09999999999999999 photons/pixel
Epoch 0: loss = 0.08444716781377792
Epoch 1: loss = 0.0342283621430397
Epoch 2: loss = 0.033483002334833145
Epoch 3: loss = 0.03340784087777138
Epoch 4: loss = 0.033392999321222305
Epoch 5: loss = 0.033389415591955185
Epoch 6: loss = 0.03338783234357834
Epoch 7: loss = 0.03338732197880745
Early stopping at epoch 7 with loss 0.033483002334833145
Reconstruction for fluence = 0.23357214690901223 photons/pixel
Epoch 0: loss = 0.13217373192310333
Epoch 1: loss = 0.04461747407913208
Epoch 2: loss = 0.043458353728055954
Epoch 3: loss = 0.04334007948637009
Epoch 4: loss = 0.043316300958395004
Epoch 5: loss = 0.04331060126423836
Epoch 6: loss = 0.043308693915605545
Epoch 7: loss = 0.04330801963806152
Epoch 8: loss = 0.0433078296482563
Early stopping at epoch 8 with loss 0.04334007948637009
Reconstruction for fluence = 0.5455594781168519 photons/pixel
Epoch 0: loss = 0.22817522287368774
Epoch 1: loss = 0.053294118493795395
Epoch 2: loss = 0.05117117241024971
Epoch 3: loss = 0.0509609654545784
Epoch 4: loss = 0.05090378224849701
Epoch 5: loss = 0.05087675526738167
Epoch 6: loss = 0.050870612263679504
Epoch 7: loss = 0.05086875706911087
Epoch 8: loss = 0.05086806043982506
Early stopping at epoch 8 with loss 0.0509609654545784
Reconstruction for fluence = 1.2742749857031335 photons/pixel
Epoch 0: loss = 0.43121305108070374
Epoch 1: loss = 0.0670926570892334
Epoch 2: loss = 0.06277421861886978
Epoch 3: loss = 0.06216191500425339
Epoch 4: loss = 0.062081146985292435
Epoch 5: loss = 0.0620604082942009
Epoch 6: loss = 0.06205073371529579
Epoch 7: loss = 0.06204777956008911
Epoch 8: loss = 0.06204671412706375
Epoch 9: loss = 0.06204596534371376
Epoch 10: loss = 0.062045443803071976
Early stopping at epoch 10 with loss 0.0620604082942009
Reconstruction for fluence = 2.976351441631318 photons/pixel
Epoch 0: loss = 0.9383381605148315
Epoch 1: loss = 0.08998692035675049
Epoch 2: loss = 0.0810905322432518
Epoch 3: loss = 0.0800805389881134
Epoch 4: loss = 0.07986835390329361
Epoch 5: loss = 0.07981042563915253
Epoch 6: loss = 0.07979312539100647
Epoch 7: loss = 0.07978172600269318
Epoch 8: loss = 0.07977864891290665
Epoch 9: loss = 0.07977725565433502
Early stopping at epoch 9 with loss 0.07986835390329361
Reconstruction for fluence = 6.9519279617756045 photons/pixel
Epoch 0: loss = 2.124095916748047
Epoch 1: loss = 0.12808823585510254
Epoch 2: loss = 0.10925380885601044
Epoch 3: loss = 0.10703025758266449
Epoch 4: loss = 0.10652604699134827
Epoch 5: loss = 0.10633538663387299
Epoch 6: loss = 0.10627830028533936
Epoch 7: loss = 0.10626101493835449
Epoch 8: loss = 0.10625166445970535
Epoch 9: loss = 0.10624350607395172
Epoch 10: loss = 0.10623140633106232
Epoch 11: loss = 0.10622524470090866
Epoch 12: loss = 0.10622269660234451
Epoch 13: loss = 0.10622146725654602
Epoch 14: loss = 0.10621918737888336
Epoch 15: loss = 0.10620289295911789
Early stopping at epoch 15 with loss 0.10623140633106232
Reconstruction for fluence = 16.23776739188721 photons/pixel
Epoch 0: loss = 4.844825744628906
Epoch 1: loss = 0.1773485690355301
Epoch 2: loss = 0.14199908077716827
Epoch 3: loss = 0.13813941180706024
Epoch 4: loss = 0.13738290965557098
Epoch 5: loss = 0.13719402253627777
Epoch 6: loss = 0.1370735913515091
Epoch 7: loss = 0.1370328664779663
Epoch 8: loss = 0.13701413571834564
Epoch 9: loss = 0.1369979977607727
Epoch 10: loss = 0.13698847591876984
Epoch 11: loss = 0.13698157668113708
Early stopping at epoch 11 with loss 0.1370735913515091
Reconstruction for fluence = 37.926901907322495 photons/pixel
Epoch 0: loss = 11.313340187072754
Epoch 1: loss = 0.25424420833587646
Epoch 2: loss = 0.18451964855194092
Epoch 3: loss = 0.17733895778656006
Epoch 4: loss = 0.175894632935524
Epoch 5: loss = 0.17544229328632355
Epoch 6: loss = 0.17522557079792023
Epoch 7: loss = 0.17511147260665894
Epoch 8: loss = 0.17502661049365997
Epoch 9: loss = 0.17494647204875946
Epoch 10: loss = 0.17489555478096008
Epoch 11: loss = 0.1747821420431137
Epoch 12: loss = 0.1745605766773224
Epoch 13: loss = 0.17447765171527863
Epoch 14: loss = 0.17445701360702515
Epoch 15: loss = 0.17445005476474762
Epoch 16: loss = 0.1744452267885208
Epoch 17: loss = 0.1744365096092224
Epoch 18: loss = 0.17443305253982544
Epoch 19: loss = 0.174432173371315
Early stopping at epoch 19 with loss 0.17445701360702515
Reconstruction for fluence = 88.58667904100822 photons/pixel
Epoch 0: loss = 26.3204288482666
Epoch 1: loss = 0.4035851061344147
Epoch 2: loss = 0.23156854510307312
Epoch 3: loss = 0.21351999044418335
Epoch 4: loss = 0.21015973389148712
Epoch 5: loss = 0.20858925580978394
Epoch 6: loss = 0.20765848457813263
Epoch 7: loss = 0.2073298543691635
Epoch 8: loss = 0.20705652236938477
Epoch 9: loss = 0.20676662027835846
Epoch 10: loss = 0.2065259963274002
Epoch 11: loss = 0.20642772316932678
Epoch 12: loss = 0.20615942776203156
Epoch 13: loss = 0.20607729256153107
Epoch 14: loss = 0.2060382068157196
Epoch 15: loss = 0.20601017773151398
Epoch 16: loss = 0.20597420632839203
Epoch 17: loss = 0.20592530071735382
Epoch 18: loss = 0.20591045916080475
Epoch 19: loss = 0.20589382946491241
Epoch 20: loss = 0.2058880627155304
Epoch 21: loss = 0.20588122308254242
Epoch 22: loss = 0.2058747112751007
Early stopping at epoch 22 with loss 0.20592530071735382
Reconstruction for fluence = 206.9138081114788 photons/pixel
Epoch 0: loss = 61.46526336669922
Epoch 1: loss = 0.6418812274932861
Epoch 2: loss = 0.28278079628944397
Epoch 3: loss = 0.2444286346435547
Epoch 4: loss = 0.23681670427322388
Epoch 5: loss = 0.23338682949543
Epoch 6: loss = 0.23038621246814728
Epoch 7: loss = 0.22922857105731964
Epoch 8: loss = 0.22849209606647491
Epoch 9: loss = 0.22786065936088562
Epoch 10: loss = 0.22772309184074402
Epoch 11: loss = 0.2276020646095276
Epoch 12: loss = 0.22724001109600067
Epoch 13: loss = 0.22710497677326202
Epoch 14: loss = 0.22707563638687134
Epoch 15: loss = 0.22703364491462708
Epoch 16: loss = 0.22684086859226227
Epoch 17: loss = 0.22678323090076447
Epoch 18: loss = 0.22673384845256805
Epoch 19: loss = 0.22670231759548187
Epoch 20: loss = 0.22667784988880157
Epoch 21: loss = 0.2266635149717331
Epoch 22: loss = 0.22665850818157196
Epoch 23: loss = 0.22665394842624664
Early stopping at epoch 23 with loss 0.22673384845256805
Reconstruction for fluence = 483.2930238571752 photons/pixel
Epoch 0: loss = 143.6635284423828
Epoch 1: loss = 1.16663658618927
Epoch 2: loss = 0.37221989035606384
Epoch 3: loss = 0.27968448400497437
Epoch 4: loss = 0.25805869698524475
Epoch 5: loss = 0.25093433260917664
Epoch 6: loss = 0.24799513816833496
Epoch 7: loss = 0.24645134806632996
Epoch 8: loss = 0.24593403935432434
Epoch 9: loss = 0.24572865664958954
Epoch 10: loss = 0.2455768883228302
Epoch 11: loss = 0.24528615176677704
Epoch 12: loss = 0.24508105218410492
Epoch 13: loss = 0.2448597550392151
Epoch 14: loss = 0.24443623423576355
Epoch 15: loss = 0.24436725676059723
Epoch 16: loss = 0.24434995651245117
Epoch 17: loss = 0.2443132996559143
Epoch 18: loss = 0.24428589642047882
Epoch 19: loss = 0.24427668750286102
Epoch 20: loss = 0.24427329003810883
Epoch 21: loss = 0.24433517456054688
Epoch 22: loss = 0.24393939971923828
Epoch 23: loss = 0.2438548356294632
Epoch 24: loss = 0.24381515383720398
Epoch 25: loss = 0.24380932748317719
Epoch 26: loss = 0.2438080906867981
Epoch 27: loss = 0.2438056766986847
Epoch 28: loss = 0.24379712343215942
Epoch 29: loss = 0.24379344284534454
Early stopping at epoch 29 with loss 0.24381515383720398
Reconstruction for fluence = 1128.8378916846884 photons/pixel
Epoch 0: loss = 335.3227844238281
Epoch 1: loss = 2.6798336505889893
Epoch 2: loss = 0.5591195225715637
Epoch 3: loss = 0.3545324206352234
Epoch 4: loss = 0.3147110342979431
Epoch 5: loss = 0.29761451482772827
Epoch 6: loss = 0.28167247772216797
Epoch 7: loss = 0.2671641707420349
Epoch 8: loss = 0.2626655399799347
Epoch 9: loss = 0.2602390944957733
Epoch 10: loss = 0.2583690881729126
Epoch 11: loss = 0.25743213295936584
Epoch 12: loss = 0.2560909688472748
Epoch 13: loss = 0.255180686712265
Epoch 14: loss = 0.2546575963497162
Epoch 15: loss = 0.2539370357990265
Epoch 16: loss = 0.2536800801753998
Epoch 17: loss = 0.2535558342933655
Epoch 18: loss = 0.25335073471069336
Epoch 19: loss = 0.25308725237846375
Epoch 20: loss = 0.2529541254043579
Epoch 21: loss = 0.25292158126831055
Epoch 22: loss = 0.2528935670852661
Epoch 23: loss = 0.25267305970191956
Epoch 24: loss = 0.25218966603279114
Epoch 25: loss = 0.25195467472076416
Epoch 26: loss = 0.25116923451423645
Epoch 27: loss = 0.24870546162128448
Epoch 28: loss = 0.2445458322763443
Epoch 29: loss = 0.24388933181762695
Epoch 30: loss = 0.2437317669391632
Epoch 31: loss = 0.24362100660800934
Epoch 32: loss = 0.24358554184436798
Epoch 33: loss = 0.24357230961322784
Epoch 34: loss = 0.24355274438858032
Epoch 35: loss = 0.24352529644966125
Epoch 36: loss = 0.24349673092365265
Epoch 37: loss = 0.2434750646352768
Epoch 38: loss = 0.24339671432971954
Epoch 39: loss = 0.2433774173259735
Epoch 40: loss = 0.24337394535541534
Epoch 41: loss = 0.24337291717529297
Epoch 42: loss = 0.24337278306484222
Epoch 43: loss = 0.24337223172187805
Early stopping at epoch 43 with loss 0.24339671432971954
Reconstruction for fluence = 2636.6508987303555 photons/pixel
Epoch 0: loss = 782.9749145507812
Epoch 1: loss = 4.432770729064941
Epoch 2: loss = 0.8435477614402771
Epoch 3: loss = 0.48126697540283203
Epoch 4: loss = 0.3983173668384552
Epoch 5: loss = 0.3467458486557007
Epoch 6: loss = 0.3270338475704193
Epoch 7: loss = 0.316465824842453
Epoch 8: loss = 0.3124587833881378
Epoch 9: loss = 0.31086593866348267
Epoch 10: loss = 0.3098272383213043
Epoch 11: loss = 0.30731797218322754
Epoch 12: loss = 0.3069661557674408
Epoch 13: loss = 0.3068440854549408
Epoch 14: loss = 0.3065841495990753
Epoch 15: loss = 0.3062818944454193
Epoch 16: loss = 0.3060602843761444
Epoch 17: loss = 0.3059006333351135
Epoch 18: loss = 0.3057822287082672
Epoch 19: loss = 0.30569782853126526
Epoch 20: loss = 0.3056032359600067
Epoch 21: loss = 0.30557847023010254
Epoch 22: loss = 0.3055710792541504
Epoch 23: loss = 0.30556720495224
Epoch 24: loss = 0.3055597245693207
Epoch 25: loss = 0.30527999997138977
Epoch 26: loss = 0.2934432327747345
Epoch 27: loss = 0.29132407903671265
Epoch 28: loss = 0.28978946805000305
Epoch 29: loss = 0.2890196740627289
Epoch 30: loss = 0.2885551154613495
Epoch 31: loss = 0.2880508005619049
Epoch 32: loss = 0.28677621483802795
Epoch 33: loss = 0.2857097387313843
Epoch 34: loss = 0.28542742133140564
Epoch 35: loss = 0.28537240624427795
Epoch 36: loss = 0.28534290194511414
Epoch 37: loss = 0.28532838821411133
Epoch 38: loss = 0.28523579239845276
Epoch 39: loss = 0.285157710313797
Epoch 40: loss = 0.28514668345451355
Epoch 41: loss = 0.28514376282691956
Epoch 42: loss = 0.2851414978504181
Epoch 43: loss = 0.28514066338539124
Early stopping at epoch 43 with loss 0.28523579239845276
Reconstruction for fluence = 6158.482110660255 photons/pixel
Epoch 0: loss = 1828.826416015625
Epoch 1: loss = 12.219804763793945
Epoch 2: loss = 1.8384929895401
Epoch 3: loss = 0.8783184885978699
Epoch 4: loss = 0.5887496471405029
Epoch 5: loss = 0.4503916800022125
Epoch 6: loss = 0.40442830324172974
Epoch 7: loss = 0.3902720510959625
Epoch 8: loss = 0.3835897743701935
Epoch 9: loss = 0.37950101494789124
Epoch 10: loss = 0.3723706603050232
Epoch 11: loss = 0.3686494827270508
Epoch 12: loss = 0.3671680688858032
Epoch 13: loss = 0.36251533031463623
Epoch 14: loss = 0.35614410042762756
Epoch 15: loss = 0.32775038480758667
Epoch 16: loss = 0.31553736329078674
Epoch 17: loss = 0.31413981318473816
Epoch 18: loss = 0.3136809766292572
Epoch 19: loss = 0.31338396668434143
Epoch 20: loss = 0.3128420412540436
Epoch 21: loss = 0.3122464716434479
Epoch 22: loss = 0.3113926351070404
Epoch 23: loss = 0.31038475036621094
Epoch 24: loss = 0.31011688709259033
Epoch 25: loss = 0.31007125973701477
Epoch 26: loss = 0.31005924940109253
Epoch 27: loss = 0.3100566565990448
Epoch 28: loss = 0.31005656719207764
Epoch 29: loss = 0.31005626916885376
Early stopping at epoch 29 with loss 0.31011688709259033
Reconstruction for fluence = 14384.498882876629 photons/pixel
Epoch 0: loss = 4272.326171875
Epoch 1: loss = 26.237545013427734
Epoch 2: loss = 4.130967617034912
Epoch 3: loss = 1.8217366933822632
Epoch 4: loss = 1.2241687774658203
Epoch 5: loss = 1.0004664659500122
Epoch 6: loss = 0.9202673435211182
Epoch 7: loss = 0.8851560950279236
Epoch 8: loss = 0.8157531023025513
Epoch 9: loss = 0.7882920503616333
Epoch 10: loss = 0.7554196119308472
Epoch 11: loss = 0.6875344514846802
Epoch 12: loss = 0.6643226742744446
Epoch 13: loss = 0.6496281623840332
Epoch 14: loss = 0.6429439187049866
Epoch 15: loss = 0.6345760822296143
Epoch 16: loss = 0.631388247013092
Epoch 17: loss = 0.6301811337471008
Epoch 18: loss = 0.6289635300636292
Epoch 19: loss = 0.6278064846992493
Epoch 20: loss = 0.6259722113609314
Epoch 21: loss = 0.6230891346931458
Epoch 22: loss = 0.6186602115631104
Epoch 23: loss = 0.6163749694824219
Epoch 24: loss = 0.614979088306427
Epoch 25: loss = 0.6144669651985168
Epoch 26: loss = 0.6140716671943665
Epoch 27: loss = 0.6068779826164246
Epoch 28: loss = 0.6016564965248108
Epoch 29: loss = 0.6003957390785217
Epoch 30: loss = 0.5992723107337952
Epoch 31: loss = 0.5968953371047974
Epoch 32: loss = 0.53094482421875
Epoch 33: loss = 0.4909333288669586
Epoch 34: loss = 0.48441219329833984
Epoch 35: loss = 0.48018646240234375
Epoch 36: loss = 0.47877317667007446
Epoch 37: loss = 0.47771772742271423
Epoch 38: loss = 0.47178512811660767
Epoch 39: loss = 0.46888467669487
Epoch 40: loss = 0.4685635566711426
Epoch 41: loss = 0.4685077667236328
Epoch 42: loss = 0.46848785877227783
Epoch 43: loss = 0.46847549080848694
Epoch 44: loss = 0.468468576669693
Epoch 45: loss = 0.4684659242630005
Early stopping at epoch 45 with loss 0.4685635566711426
Reconstruction for fluence = 33598.18286283781 photons/pixel
Epoch 0: loss = 9979.0654296875
Epoch 1: loss = 66.4334487915039
Epoch 2: loss = 9.90581226348877
Epoch 3: loss = 3.944448232650757
Epoch 4: loss = 2.7091763019561768
Epoch 5: loss = 2.2916665077209473
Epoch 6: loss = 1.7293955087661743
Epoch 7: loss = 1.3214821815490723
Epoch 8: loss = 1.207624912261963
Epoch 9: loss = 1.1599493026733398
Epoch 10: loss = 1.116631031036377
Epoch 11: loss = 1.105733036994934
Epoch 12: loss = 1.0966012477874756
Epoch 13: loss = 1.0853791236877441
Epoch 14: loss = 1.0765907764434814
Epoch 15: loss = 1.0734353065490723
Epoch 16: loss = 1.0722486972808838
Epoch 17: loss = 1.0719677209854126
Epoch 18: loss = 1.071856141090393
Epoch 19: loss = 1.0718141794204712
Epoch 20: loss = 1.0717729330062866
Epoch 21: loss = 1.0711950063705444
Epoch 22: loss = 1.0702623128890991
Epoch 23: loss = 1.0659120082855225
Epoch 24: loss = 1.0324054956436157
Epoch 25: loss = 0.9565569758415222
Epoch 26: loss = 0.8318110108375549
Epoch 27: loss = 0.8054854273796082
Epoch 28: loss = 0.8013895750045776
Epoch 29: loss = 0.7996673583984375
Epoch 30: loss = 0.7989575266838074
Epoch 31: loss = 0.7986220717430115
Epoch 32: loss = 0.7984655499458313
Epoch 33: loss = 0.7984040379524231
Epoch 34: loss = 0.7983758449554443
Epoch 35: loss = 0.798366367816925
Epoch 36: loss = 0.7983654141426086
Epoch 37: loss = 0.7983643412590027
Epoch 38: loss = 0.798363983631134
Epoch 39: loss = 0.7983639240264893
Epoch 40: loss = 0.7983639240264893
Epoch 41: loss = 0.7983635067939758
Early stopping at epoch 41 with loss 0.7983654141426086
Reconstruction for fluence = 78475.99703514607 photons/pixel
Epoch 0: loss = 23307.701171875
Epoch 1: loss = 138.41070556640625
Epoch 2: loss = 20.588531494140625
Epoch 3: loss = 6.852811336517334
Epoch 4: loss = 4.788198471069336
Epoch 5: loss = 3.8417816162109375
Epoch 6: loss = 3.2723710536956787
Epoch 7: loss = 2.968003511428833
Epoch 8: loss = 2.5184237957000732
Epoch 9: loss = 2.4374024868011475
Epoch 10: loss = 2.4135708808898926
Epoch 11: loss = 2.399399757385254
Epoch 12: loss = 2.394909381866455
Epoch 13: loss = 2.3897695541381836
Epoch 14: loss = 2.3818185329437256
Epoch 15: loss = 2.3786990642547607
Epoch 16: loss = 2.3769166469573975
Epoch 17: loss = 2.3586390018463135
Epoch 18: loss = 2.338655948638916
Epoch 19: loss = 2.3332786560058594
Epoch 20: loss = 2.3293519020080566
Epoch 21: loss = 2.3272454738616943
Epoch 22: loss = 2.287261962890625
Epoch 23: loss = 2.2494516372680664
Epoch 24: loss = 1.8606349229812622
Epoch 25: loss = 1.7074511051177979
Epoch 26: loss = 1.6897034645080566
Epoch 27: loss = 1.685109257698059
Epoch 28: loss = 1.6834795475006104
Epoch 29: loss = 1.68157958984375
Epoch 30: loss = 1.6803253889083862
Epoch 31: loss = 1.6791099309921265
Epoch 32: loss = 1.6743433475494385
Epoch 33: loss = 1.667536735534668
Epoch 34: loss = 1.6621145009994507
Epoch 35: loss = 1.6612693071365356
Epoch 36: loss = 1.6610172986984253
Epoch 37: loss = 1.6606605052947998
Epoch 38: loss = 1.6601523160934448
Epoch 39: loss = 1.660085678100586
Epoch 40: loss = 1.6600767374038696
Epoch 41: loss = 1.660074234008789
Epoch 42: loss = 1.6600717306137085
Epoch 43: loss = 1.6600689888000488
Early stopping at epoch 43 with loss 1.6601523160934448
Reconstruction for fluence = 183298.07108324335 photons/pixel
Epoch 0: loss = 54438.5703125
Epoch 1: loss = 338.13385009765625
Epoch 2: loss = 49.14411544799805
Epoch 3: loss = 19.59769630432129
Epoch 4: loss = 13.469799041748047
Epoch 5: loss = 11.309558868408203
Epoch 6: loss = 7.935194969177246
Epoch 7: loss = 7.12445068359375
Epoch 8: loss = 6.9557785987854
Epoch 9: loss = 6.752968788146973
Epoch 10: loss = 6.615312576293945
Epoch 11: loss = 6.513889312744141
Epoch 12: loss = 6.443564414978027
Epoch 13: loss = 6.280182838439941
Epoch 14: loss = 5.331312656402588
Epoch 15: loss = 5.21028470993042
Epoch 16: loss = 5.092793941497803
Epoch 17: loss = 5.056534290313721
Epoch 18: loss = 5.035919189453125
Epoch 19: loss = 5.026003360748291
Epoch 20: loss = 4.958823204040527
Epoch 21: loss = 4.927145004272461
Epoch 22: loss = 4.918974876403809
Epoch 23: loss = 4.910637855529785
Epoch 24: loss = 4.906732559204102
Epoch 25: loss = 4.905925273895264
Epoch 26: loss = 4.905526161193848
Epoch 27: loss = 4.90529203414917
Epoch 28: loss = 4.905096530914307
Epoch 29: loss = 4.904335975646973
Epoch 30: loss = 4.821226596832275
Epoch 31: loss = 4.803534030914307
Epoch 32: loss = 4.797671794891357
Epoch 33: loss = 4.399484157562256
Epoch 34: loss = 3.7871925830841064
Epoch 35: loss = 3.650519609451294
Epoch 36: loss = 3.6151580810546875
Epoch 37: loss = 3.5035977363586426
Epoch 38: loss = 3.448840379714966
Epoch 39: loss = 3.3799803256988525
Epoch 40: loss = 3.298884630203247
Epoch 41: loss = 3.2773051261901855
Epoch 42: loss = 3.2701876163482666
Epoch 43: loss = 3.26835560798645
Epoch 44: loss = 3.2647178173065186
Epoch 45: loss = 3.2631895542144775
Epoch 46: loss = 3.2629306316375732
Epoch 47: loss = 3.2628140449523926
Epoch 48: loss = 3.2466602325439453
Epoch 49: loss = 3.237363576889038
Epoch 50: loss = 3.2361032962799072
Epoch 51: loss = 3.2356550693511963
Epoch 52: loss = 3.23559832572937
Epoch 53: loss = 3.2354397773742676
Epoch 54: loss = 3.2350997924804688
Epoch 55: loss = 3.2340948581695557
Epoch 56: loss = 3.2326204776763916
Epoch 57: loss = 3.232348680496216
Epoch 58: loss = 3.232179880142212
Epoch 59: loss = 3.23201322555542
Epoch 60: loss = 3.2319657802581787
Epoch 61: loss = 3.2319576740264893
Epoch 62: loss = 3.23195219039917
Epoch 63: loss = 3.231951951980591
Epoch 64: loss = 3.231951951980591
Early stopping at epoch 64 with loss 3.23201322555542
Reconstruction for fluence = 428133.2398719387 photons/pixel
Epoch 0: loss = 127152.4765625
Epoch 1: loss = 805.9885864257812
Epoch 2: loss = 120.08467864990234
Epoch 3: loss = 46.77155303955078
Epoch 4: loss = 33.38762283325195
Epoch 5: loss = 23.31244659423828
Epoch 6: loss = 17.887130737304688
Epoch 7: loss = 16.318313598632812
Epoch 8: loss = 15.004034996032715
Epoch 9: loss = 13.316011428833008
Epoch 10: loss = 12.866265296936035
Epoch 11: loss = 12.544833183288574
Epoch 12: loss = 12.34814453125
Epoch 13: loss = 12.122330665588379
Epoch 14: loss = 12.023841857910156
Epoch 15: loss = 11.999707221984863
Epoch 16: loss = 11.991474151611328
Epoch 17: loss = 11.923588752746582
Epoch 18: loss = 11.759594917297363
Epoch 19: loss = 11.475544929504395
Epoch 20: loss = 9.448700904846191
Epoch 21: loss = 8.882311820983887
Epoch 22: loss = 8.775540351867676
Epoch 23: loss = 8.523383140563965
Epoch 24: loss = 8.466588973999023
Epoch 25: loss = 8.306678771972656
Epoch 26: loss = 8.206768989562988
Epoch 27: loss = 8.192867279052734
Epoch 28: loss = 8.151646614074707
Epoch 29: loss = 8.135316848754883
Epoch 30: loss = 8.12836742401123
Epoch 31: loss = 8.12692928314209
Epoch 32: loss = 8.126136779785156
Epoch 33: loss = 8.124845504760742
Epoch 34: loss = 8.117669105529785
Epoch 35: loss = 8.107086181640625
Epoch 36: loss = 8.042055130004883
Epoch 37: loss = 8.037845611572266
Epoch 38: loss = 8.037137031555176
Epoch 39: loss = 8.033989906311035
Epoch 40: loss = 8.032733917236328
Epoch 41: loss = 8.032113075256348
Epoch 42: loss = 8.031963348388672
Epoch 43: loss = 8.031956672668457
Epoch 44: loss = 8.031953811645508
Epoch 45: loss = 8.031943321228027
Epoch 46: loss = 8.031941413879395
Epoch 47: loss = 8.031938552856445
Early stopping at epoch 47 with loss 8.031963348388672
Reconstruction for fluence = 1000000.0 photons/pixel
Epoch 0: loss = 296995.71875
Epoch 1: loss = 1991.7083740234375
Epoch 2: loss = 289.0966491699219
Epoch 3: loss = 119.0517578125
Epoch 4: loss = 80.0657958984375
Epoch 5: loss = 62.69033432006836
Epoch 6: loss = 49.75164794921875
Epoch 7: loss = 42.13483428955078
Epoch 8: loss = 40.35347366333008
Epoch 9: loss = 39.43745422363281
Epoch 10: loss = 38.38943862915039
Epoch 11: loss = 35.95444869995117
Epoch 12: loss = 31.5469913482666
Epoch 13: loss = 30.94855499267578
Epoch 14: loss = 30.54163932800293
Epoch 15: loss = 29.52747344970703
Epoch 16: loss = 28.52520751953125
Epoch 17: loss = 27.89247703552246
Epoch 18: loss = 27.270503997802734
Epoch 19: loss = 27.1181640625
Epoch 20: loss = 25.87246322631836
Epoch 21: loss = 21.017372131347656
Epoch 22: loss = 20.124170303344727
Epoch 23: loss = 19.93047523498535
Epoch 24: loss = 19.826873779296875
Epoch 25: loss = 19.774999618530273
Epoch 26: loss = 19.749502182006836
Epoch 27: loss = 19.2552433013916
Epoch 28: loss = 19.127552032470703
Epoch 29: loss = 19.079004287719727
Epoch 30: loss = 19.042539596557617
Epoch 31: loss = 19.01132583618164
Epoch 32: loss = 19.00601577758789
Epoch 33: loss = 19.004493713378906
Epoch 34: loss = 19.003833770751953
Epoch 35: loss = 19.003665924072266
Epoch 36: loss = 19.00343132019043
Epoch 37: loss = 19.00337791442871
Epoch 38: loss = 19.003360748291016
Epoch 39: loss = 19.00335121154785
Epoch 40: loss = 19.00335121154785
Epoch 41: loss = 19.00333595275879
Early stopping at epoch 41 with loss 19.00343132019043
Tensors initialization on device cuda
Multiprobe = band_lim
torch.Size([1, 64, 64])

('MSE', 'PoissonNLL') RECONSTRUCTIONS

Reconstruction for fluence = 0.09999999999999999 photons/pixel
Epoch 0: loss = 0.08231621980667114
Epoch 1: loss = 0.03388053923845291
Epoch 2: loss = 0.033194322139024734
Epoch 3: loss = 0.033125150948762894
Epoch 4: loss = 0.033104103058576584
Epoch 5: loss = 0.033097852021455765
Epoch 6: loss = 0.03309476375579834
Epoch 7: loss = 0.03309222310781479
Epoch 8: loss = 0.033091336488723755
Epoch 9: loss = 0.033090829849243164
Epoch 10: loss = 0.03309044614434242
Epoch 11: loss = 0.033090267330408096
Epoch 12: loss = 0.0330902524292469
Early stopping at epoch 12 with loss 0.03309222310781479
Epoch 0: loss = 0.08702174574136734
Epoch 1: loss = 0.07624832540750504
Epoch 2: loss = 0.0760641098022461
Epoch 3: loss = 0.0760200023651123
Epoch 4: loss = 0.07599098235368729
Epoch 5: loss = 0.07598111033439636
Epoch 6: loss = 0.0759788379073143
Epoch 7: loss = 0.07597735524177551
Early stopping at epoch 7 with loss 0.0760641098022461
Reconstruction for fluence = 0.23357214690901223 photons/pixel
Epoch 0: loss = 0.1270572543144226
Epoch 1: loss = 0.04438779130578041
Epoch 2: loss = 0.04336068779230118
Epoch 3: loss = 0.0432557538151741
Epoch 4: loss = 0.043233465403318405
Epoch 5: loss = 0.04322761297225952
Epoch 6: loss = 0.04322583228349686
Epoch 7: loss = 0.043224457651376724
Epoch 8: loss = 0.043222613632678986
Early stopping at epoch 8 with loss 0.0432557538151741
Epoch 0: loss = 0.010404013097286224
Epoch 1: loss = -0.0003379318513907492
Epoch 2: loss = -0.0005828208522871137
Epoch 3: loss = -0.000626607914455235
Epoch 4: loss = -0.0006392888026311994
Epoch 5: loss = -0.0006481806631200016
Epoch 6: loss = -0.0006570484838448465
Epoch 7: loss = -0.0006626703543588519
Early stopping at epoch 7 with loss -0.0005828208522871137
Reconstruction for fluence = 0.5455594781168519 photons/pixel
Epoch 0: loss = 0.2075190246105194
Epoch 1: loss = 0.0523245595395565
Epoch 2: loss = 0.050692930817604065
Epoch 3: loss = 0.05053834989666939
Epoch 4: loss = 0.05050965026021004
Epoch 5: loss = 0.05050000175833702
Epoch 6: loss = 0.05049588158726692
Epoch 7: loss = 0.05049367994070053
Epoch 8: loss = 0.05049280822277069
Early stopping at epoch 8 with loss 0.05053834989666939
Epoch 0: loss = -0.45861414074897766
Epoch 1: loss = -0.4702412188053131
Epoch 2: loss = -0.47054922580718994
Epoch 3: loss = -0.47061634063720703
Epoch 4: loss = -0.47064071893692017
Epoch 5: loss = -0.47066253423690796
Epoch 6: loss = -0.4706822633743286
Epoch 7: loss = -0.4706926941871643
Epoch 8: loss = -0.47069767117500305
Epoch 9: loss = -0.4706993103027344
Epoch 10: loss = -0.4706995189189911
Early stopping at epoch 10 with loss -0.47066253423690796
Reconstruction for fluence = 1.2742749857031335 photons/pixel
Epoch 0: loss = 0.39889708161354065
Epoch 1: loss = 0.06327051669359207
Epoch 2: loss = 0.05999599024653435
Epoch 3: loss = 0.05966431647539139
Epoch 4: loss = 0.059592049568891525
Epoch 5: loss = 0.059565842151641846
Epoch 6: loss = 0.05955054983496666
Epoch 7: loss = 0.0595434233546257
Epoch 8: loss = 0.05954109504818916
Epoch 9: loss = 0.05954029783606529
Epoch 10: loss = 0.059539783746004105
Epoch 11: loss = 0.059539325535297394
Early stopping at epoch 11 with loss 0.05955054983496666
Epoch 0: loss = -2.0708389282226562
Epoch 1: loss = -2.086538076400757
Epoch 2: loss = -2.0869810581207275
Epoch 3: loss = -2.08709454536438
Epoch 4: loss = -2.087134599685669
Epoch 5: loss = -2.087167739868164
Epoch 6: loss = -2.0871968269348145
Epoch 7: loss = -2.087223768234253
Epoch 8: loss = -2.087245225906372
Epoch 9: loss = -2.0872557163238525
Epoch 10: loss = -2.0872676372528076
Epoch 11: loss = -2.087278366088867
Early stopping at epoch 11 with loss -2.0871968269348145
Reconstruction for fluence = 2.976351441631318 photons/pixel
Epoch 0: loss = 0.8530762791633606
Epoch 1: loss = 0.08644523471593857
Epoch 2: loss = 0.07916679978370667
Epoch 3: loss = 0.07834509015083313
Epoch 4: loss = 0.0781794935464859
Epoch 5: loss = 0.07812141627073288
Epoch 6: loss = 0.07809228450059891
Epoch 7: loss = 0.07807966321706772
Epoch 8: loss = 0.07807657867670059
Epoch 9: loss = 0.07807565480470657
Epoch 10: loss = 0.07807528972625732
Epoch 11: loss = 0.07807527482509613
Epoch 12: loss = 0.07807514816522598
Epoch 13: loss = 0.07807513326406479
Early stopping at epoch 13 with loss 0.07807657867670059
Epoch 0: loss = -7.288441181182861
Epoch 1: loss = -7.310640335083008
Epoch 2: loss = -7.311248779296875
Epoch 3: loss = -7.3113694190979
Epoch 4: loss = -7.31138277053833
Epoch 5: loss = -7.31143045425415
Epoch 6: loss = -7.31143856048584
Epoch 7: loss = -7.311453819274902
Epoch 8: loss = -7.31145715713501
Early stopping at epoch 8 with loss -7.3113694190979
Reconstruction for fluence = 6.9519279617756045 photons/pixel
Epoch 0: loss = 1.9172499179840088
Epoch 1: loss = 0.12166796624660492
Epoch 2: loss = 0.10720814764499664
Epoch 3: loss = 0.10543113946914673
Epoch 4: loss = 0.10504279285669327
Epoch 5: loss = 0.10490061342716217
Epoch 6: loss = 0.10484526306390762
Epoch 7: loss = 0.10481510311365128
Epoch 8: loss = 0.10479608178138733
Epoch 9: loss = 0.1047825962305069
Epoch 10: loss = 0.10476428270339966
Epoch 11: loss = 0.1047569140791893
Epoch 12: loss = 0.10475360602140427
Epoch 13: loss = 0.1047508493065834
Early stopping at epoch 13 with loss 0.10479608178138733
Epoch 0: loss = -23.02164077758789
Epoch 1: loss = -23.05135726928711
Epoch 2: loss = -23.052255630493164
Epoch 3: loss = -23.052459716796875
Epoch 4: loss = -23.052520751953125
Epoch 5: loss = -23.052560806274414
Epoch 6: loss = -23.052568435668945
Epoch 7: loss = -23.052576065063477
Epoch 8: loss = -23.052595138549805
Epoch 9: loss = -23.052602767944336
Epoch 10: loss = -23.0526065826416
Early stopping at epoch 10 with loss -23.052560806274414
Reconstruction for fluence = 16.23776739188721 photons/pixel
Epoch 0: loss = 4.4091339111328125
Epoch 1: loss = 0.17460258305072784
Epoch 2: loss = 0.1433575451374054
Epoch 3: loss = 0.1396879255771637
Epoch 4: loss = 0.13883815705776215
Epoch 5: loss = 0.1385718286037445
Epoch 6: loss = 0.13845589756965637
Epoch 7: loss = 0.13839732110500336
Epoch 8: loss = 0.1383659839630127
Epoch 9: loss = 0.13834792375564575
Epoch 10: loss = 0.13833053410053253
Epoch 11: loss = 0.13831883668899536
Epoch 12: loss = 0.1383110135793686
Epoch 13: loss = 0.13829225301742554
Epoch 14: loss = 0.13828030228614807
Early stopping at epoch 14 with loss 0.13834792375564575
Epoch 0: loss = -67.4787368774414
Epoch 1: loss = -67.5146484375
Epoch 2: loss = -67.51573181152344
Epoch 3: loss = -67.5159683227539
Epoch 4: loss = -67.51609802246094
Epoch 5: loss = -67.51611328125
Epoch 6: loss = -67.51615142822266
Epoch 7: loss = -67.51618194580078
Epoch 8: loss = -67.51619720458984
Epoch 9: loss = -67.5162124633789
Epoch 10: loss = -67.51622009277344
Epoch 11: loss = -67.51625061035156
Epoch 12: loss = -67.51626586914062
Epoch 13: loss = -67.51627349853516
Epoch 14: loss = -67.51627349853516
Early stopping at epoch 14 with loss -67.5162124633789
Reconstruction for fluence = 37.926901907322495 photons/pixel
Epoch 0: loss = 10.243252754211426
Epoch 1: loss = 0.24626551568508148
Epoch 2: loss = 0.181564599275589
Epoch 3: loss = 0.17398981750011444
Epoch 4: loss = 0.1722148358821869
Epoch 5: loss = 0.17159108817577362
Epoch 6: loss = 0.1713208556175232
Epoch 7: loss = 0.1712035834789276
Epoch 8: loss = 0.17114706337451935
Epoch 9: loss = 0.171098530292511
Epoch 10: loss = 0.1710255742073059
Epoch 11: loss = 0.17098374664783478
Epoch 12: loss = 0.17095257341861725
Epoch 13: loss = 0.17090937495231628
Epoch 14: loss = 0.17079316079616547
Epoch 0: loss = -189.60244750976562
Epoch 1: loss = -189.6389923095703
Epoch 2: loss = -189.64016723632812
Epoch 3: loss = -189.64024353027344
Epoch 4: loss = -189.640380859375
Epoch 5: loss = -189.64041137695312
Epoch 6: loss = -189.64044189453125
Epoch 7: loss = -189.64044189453125
Epoch 8: loss = -189.6404571533203
Epoch 9: loss = -189.64051818847656
Epoch 10: loss = -189.64051818847656
Epoch 11: loss = -189.64051818847656
Epoch 12: loss = -189.64056396484375
Epoch 13: loss = -189.6405792236328
Epoch 14: loss = -189.6405792236328
Early stopping at epoch 14 with loss -189.64051818847656
Reconstruction for fluence = 88.58667904100822 photons/pixel
Epoch 0: loss = 23.84127426147461
Epoch 1: loss = 0.38338544964790344
Epoch 2: loss = 0.23294849693775177
Epoch 3: loss = 0.2162155658006668
Epoch 4: loss = 0.21268142759799957
Epoch 5: loss = 0.21141941845417023
Epoch 6: loss = 0.2108273208141327
Epoch 7: loss = 0.21059028804302216
Epoch 8: loss = 0.21044254302978516
Epoch 9: loss = 0.21020054817199707
Epoch 10: loss = 0.2100372165441513
Epoch 11: loss = 0.20994676649570465
Epoch 12: loss = 0.20990628004074097
Epoch 13: loss = 0.2098708152770996
Epoch 14: loss = 0.20982173085212708
Epoch 0: loss = -518.6317138671875
Epoch 1: loss = -518.6666870117188
Epoch 2: loss = -518.6677856445312
Epoch 3: loss = -518.66796875
Epoch 4: loss = -518.6680908203125
Epoch 5: loss = -518.668212890625
Epoch 6: loss = -518.668212890625
Epoch 7: loss = -518.6682739257812
Epoch 8: loss = -518.6682739257812
Epoch 9: loss = -518.6682739257812
Epoch 10: loss = -518.6683349609375
Early stopping at epoch 10 with loss -518.668212890625
Reconstruction for fluence = 206.9138081114788 photons/pixel
Epoch 0: loss = 55.57726287841797
Epoch 1: loss = 0.6011598706245422
Epoch 2: loss = 0.2881747782230377
Epoch 3: loss = 0.2522547245025635
Epoch 4: loss = 0.24446943402290344
Epoch 5: loss = 0.241013765335083
Epoch 6: loss = 0.23906618356704712
Epoch 7: loss = 0.23820321261882782
Epoch 8: loss = 0.2377573698759079
Epoch 9: loss = 0.23730914294719696
Epoch 10: loss = 0.2370775043964386
Epoch 11: loss = 0.2365652471780777
Epoch 12: loss = 0.23629337549209595
Epoch 13: loss = 0.236053466796875
Epoch 14: loss = 0.23559358716011047
Epoch 0: loss = -1386.6610107421875
Epoch 1: loss = -1386.68994140625
Epoch 2: loss = -1386.6907958984375
Epoch 3: loss = -1386.6910400390625
Epoch 4: loss = -1386.6910400390625
Epoch 5: loss = -1386.691162109375
Epoch 6: loss = -1386.69140625
Epoch 7: loss = -1386.6915283203125
Epoch 8: loss = -1386.691650390625
Epoch 9: loss = -1386.69189453125
Epoch 10: loss = -1386.69189453125
Epoch 11: loss = -1386.6920166015625
Epoch 12: loss = -1386.6920166015625
Epoch 13: loss = -1386.6920166015625
Epoch 14: loss = -1386.6920166015625
Early stopping at epoch 14 with loss -1386.69189453125
Reconstruction for fluence = 483.2930238571752 photons/pixel
Epoch 0: loss = 129.7060546875
Epoch 1: loss = 1.0833865404129028
Epoch 2: loss = 0.37733256816864014
Epoch 3: loss = 0.2896910309791565
Epoch 4: loss = 0.2604561448097229
Epoch 5: loss = 0.2518601417541504
Epoch 6: loss = 0.24884319305419922
Epoch 7: loss = 0.24788422882556915
Epoch 8: loss = 0.24726684391498566
Epoch 9: loss = 0.24689187109470367
Epoch 10: loss = 0.24673254787921906
Epoch 11: loss = 0.2466677576303482
Epoch 12: loss = 0.24647368490695953
Epoch 13: loss = 0.24635563790798187
Epoch 14: loss = 0.2462819367647171
Epoch 0: loss = -3648.1015625
Epoch 1: loss = -3648.12109375
Epoch 2: loss = -3648.12158203125
Epoch 3: loss = -3648.12158203125
Epoch 4: loss = -3648.122314453125
Epoch 5: loss = -3648.122314453125
Epoch 6: loss = -3648.122314453125
Epoch 7: loss = -3648.122314453125
Epoch 8: loss = -3648.122802734375
Epoch 9: loss = -3648.123291015625
Epoch 10: loss = -3648.123291015625
Epoch 11: loss = -3648.123291015625
Epoch 12: loss = -3648.123291015625
Epoch 13: loss = -3648.123291015625
Epoch 14: loss = -3648.123291015625
Early stopping at epoch 14 with loss -3648.123291015625
Reconstruction for fluence = 1128.8378916846884 photons/pixel
Epoch 0: loss = 302.9024658203125
Epoch 1: loss = 2.0969603061676025
Epoch 2: loss = 0.5106175541877747
Epoch 3: loss = 0.35734763741493225
Epoch 4: loss = 0.29757723212242126
Epoch 5: loss = 0.2761545479297638
Epoch 6: loss = 0.2650797963142395
Epoch 7: loss = 0.2625808119773865
Epoch 8: loss = 0.261152446269989
Epoch 9: loss = 0.2605028748512268
Epoch 10: loss = 0.259649395942688
Epoch 11: loss = 0.258369117975235
Epoch 12: loss = 0.25730064511299133
Epoch 13: loss = 0.2544695734977722
Epoch 14: loss = 0.2458687424659729
Epoch 0: loss = -9482.24609375
Epoch 1: loss = -9482.2548828125
Epoch 2: loss = -9482.2548828125
Epoch 3: loss = -9482.2568359375
Epoch 4: loss = -9482.2568359375
Epoch 5: loss = -9482.2568359375
Epoch 6: loss = -9482.2568359375
Epoch 7: loss = -9482.2587890625
Epoch 8: loss = -9482.2587890625
Epoch 9: loss = -9482.2587890625
Epoch 10: loss = -9482.2587890625
Epoch 11: loss = -9482.2587890625
Epoch 12: loss = -9482.2587890625
Early stopping at epoch 12 with loss -9482.2587890625
Reconstruction for fluence = 2636.6508987303555 photons/pixel
Epoch 0: loss = 707.2639770507812
Epoch 1: loss = 4.078745365142822
Epoch 2: loss = 0.8004240989685059
Epoch 3: loss = 0.46977436542510986
Epoch 4: loss = 0.38872724771499634
Epoch 5: loss = 0.3605133593082428
Epoch 6: loss = 0.34961533546447754
Epoch 7: loss = 0.3447025418281555
Epoch 8: loss = 0.3419494032859802
Epoch 9: loss = 0.3405522406101227
Epoch 10: loss = 0.3384915888309479
Epoch 11: loss = 0.3372265696525574
Epoch 12: loss = 0.3359420597553253
Epoch 13: loss = 0.33318156003952026
Epoch 14: loss = 0.32619816064834595
Epoch 0: loss = -24380.1328125
Epoch 1: loss = -24380.142578125
Epoch 2: loss = -24380.142578125
Epoch 3: loss = -24380.142578125
Epoch 4: loss = -24380.142578125
Epoch 5: loss = -24380.146484375
Epoch 6: loss = -24380.146484375
Epoch 7: loss = -24380.1484375
Epoch 8: loss = -24380.1484375
Epoch 9: loss = -24380.1484375
Epoch 10: loss = -24380.150390625
Epoch 11: loss = -24380.150390625
Epoch 12: loss = -24380.150390625
Epoch 13: loss = -24380.150390625
Epoch 14: loss = -24380.150390625
Epoch 15: loss = -24380.150390625
Early stopping at epoch 15 with loss -24380.150390625
Reconstruction for fluence = 6158.482110660255 photons/pixel
Epoch 0: loss = 1651.863037109375
Epoch 1: loss = 10.333271026611328
Epoch 2: loss = 1.7053709030151367
Epoch 3: loss = 0.8509676456451416
Epoch 4: loss = 0.6202884316444397
Epoch 5: loss = 0.5362197160720825
Epoch 6: loss = 0.5014685988426208
Epoch 7: loss = 0.4576341211795807
Epoch 8: loss = 0.4141579866409302
Epoch 9: loss = 0.4043194353580475
Epoch 10: loss = 0.4022357165813446
Epoch 11: loss = 0.40017005801200867
Epoch 12: loss = 0.3964642882347107
Epoch 13: loss = 0.38382768630981445
Epoch 14: loss = 0.37751007080078125
Epoch 0: loss = -62164.453125
Epoch 1: loss = -62164.453125
Epoch 2: loss = -62164.45703125
Epoch 3: loss = -62164.45703125
Epoch 4: loss = -62164.45703125
Epoch 5: loss = -62164.45703125
Epoch 6: loss = -62164.46484375
Epoch 7: loss = -62164.46484375
Epoch 8: loss = -62164.47265625
Epoch 9: loss = -62164.47265625
Epoch 10: loss = -62164.47265625
Epoch 11: loss = -62164.47265625
Epoch 12: loss = -62164.47265625
Epoch 13: loss = -62164.47265625
Early stopping at epoch 13 with loss -62164.47265625
Reconstruction for fluence = 14384.498882876629 photons/pixel
Epoch 0: loss = 3858.6953125
Epoch 1: loss = 23.58905792236328
Epoch 2: loss = 4.182485103607178
Epoch 3: loss = 2.214564561843872
Epoch 4: loss = 1.7493016719818115
Epoch 5: loss = 1.3263344764709473
Epoch 6: loss = 1.07679283618927
Epoch 7: loss = 0.9193199872970581
Epoch 8: loss = 0.8017083406448364
Epoch 9: loss = 0.6555070877075195
Epoch 10: loss = 0.6374409794807434
Epoch 11: loss = 0.6299050450325012
Epoch 12: loss = 0.6153461337089539
Epoch 13: loss = 0.5979748368263245
Epoch 14: loss = 0.5765135288238525
Epoch 0: loss = -157409.078125
Epoch 1: loss = -157409.078125
Epoch 2: loss = -157409.078125
Epoch 3: loss = -157409.078125
Epoch 4: loss = -157409.078125
Epoch 5: loss = -157409.078125
Early stopping at epoch 5 with loss -157409.078125
Reconstruction for fluence = 33598.18286283781 photons/pixel
Epoch 0: loss = 9011.97265625
Epoch 1: loss = 55.20481491088867
Epoch 2: loss = 8.954717636108398
Epoch 3: loss = 4.021714687347412
Epoch 4: loss = 2.5837814807891846
Epoch 5: loss = 2.1427040100097656
Epoch 6: loss = 1.87356436252594
Epoch 7: loss = 1.6658836603164673
Epoch 8: loss = 1.2273286581039429
Epoch 9: loss = 1.1365996599197388
Epoch 10: loss = 1.0977654457092285
Epoch 11: loss = 1.0704503059387207
Epoch 12: loss = 1.0285260677337646
Epoch 13: loss = 0.9777878522872925
Epoch 14: loss = 0.9639121294021606
Epoch 0: loss = -396179.125
Epoch 1: loss = -396179.15625
Epoch 2: loss = -396179.15625
Epoch 3: loss = -396179.15625
Epoch 4: loss = -396179.15625
Epoch 5: loss = -396179.15625
Epoch 6: loss = -396179.15625
Early stopping at epoch 6 with loss -396179.15625
Reconstruction for fluence = 78475.99703514607 photons/pixel
Epoch 0: loss = 21049.68359375
Epoch 1: loss = 126.60585021972656
Epoch 2: loss = 20.903451919555664
Epoch 3: loss = 9.123061180114746
Epoch 4: loss = 5.968036651611328
Epoch 5: loss = 5.013957977294922
Epoch 6: loss = 4.584414482116699
Epoch 7: loss = 3.96478271484375
Epoch 8: loss = 3.1909916400909424
Epoch 9: loss = 2.364018440246582
Epoch 10: loss = 2.1769633293151855
Epoch 11: loss = 1.621011734008789
Epoch 12: loss = 1.375365138053894
Epoch 13: loss = 1.02083420753479
Epoch 14: loss = 0.9570325016975403
Epoch 0: loss = -991895.3125
Epoch 1: loss = -991895.3125
Epoch 2: loss = -991895.3125
Epoch 3: loss = -991895.3125
Epoch 4: loss = -991895.4375
Epoch 5: loss = -991895.4375
Epoch 6: loss = -991895.4375
Epoch 7: loss = -991895.4375
Epoch 8: loss = -991895.4375
Epoch 9: loss = -991895.4375
Early stopping at epoch 9 with loss -991895.4375
Reconstruction for fluence = 183298.07108324335 photons/pixel
Epoch 0: loss = 49165.76953125
Epoch 1: loss = 293.592041015625
Epoch 2: loss = 49.909061431884766
Epoch 3: loss = 21.73149299621582
Epoch 4: loss = 14.960625648498535
Epoch 5: loss = 11.90482234954834
Epoch 6: loss = 10.737013816833496
Epoch 7: loss = 10.015864372253418
Epoch 8: loss = 9.138188362121582
Epoch 9: loss = 8.052577018737793
Epoch 10: loss = 6.805268287658691
Epoch 11: loss = 6.355750560760498
Epoch 12: loss = 6.181824684143066
Epoch 13: loss = 6.123709201812744
Epoch 14: loss = 6.044294834136963
Epoch 0: loss = -2472294.25
Epoch 1: loss = -2472294.25
Epoch 2: loss = -2472294.25
Epoch 3: loss = -2472294.25
Epoch 4: loss = -2472294.25
Epoch 5: loss = -2472294.25
Early stopping at epoch 5 with loss -2472294.25
Reconstruction for fluence = 428133.2398719387 photons/pixel
Epoch 0: loss = 114838.5546875
Epoch 1: loss = 688.9526977539062
Epoch 2: loss = 110.17974853515625
Epoch 3: loss = 43.75493621826172
Epoch 4: loss = 27.856773376464844
Epoch 5: loss = 23.560503005981445
Epoch 6: loss = 19.72715950012207
Epoch 7: loss = 18.024492263793945
Epoch 8: loss = 15.123247146606445
Epoch 9: loss = 13.07911491394043
Epoch 10: loss = 10.845468521118164
Epoch 11: loss = 10.38262939453125
Epoch 12: loss = 10.217415809631348
Epoch 13: loss = 9.975625038146973
Epoch 14: loss = 9.71308708190918
Epoch 0: loss = -6137807.5
Epoch 1: loss = -6137808.0
Epoch 2: loss = -6137808.0
Epoch 3: loss = -6137808.0
Epoch 4: loss = -6137808.0
Epoch 5: loss = -6137808.0
Epoch 6: loss = -6137808.0
Early stopping at epoch 6 with loss -6137808.0
Reconstruction for fluence = 1000000.0 photons/pixel
Epoch 0: loss = 268228.09375
Epoch 1: loss = 1591.47705078125
Epoch 2: loss = 264.3591613769531
Epoch 3: loss = 116.50067901611328
Epoch 4: loss = 73.57550048828125
Epoch 5: loss = 62.11770248413086
Epoch 6: loss = 55.692317962646484
Epoch 7: loss = 51.99104309082031
Epoch 8: loss = 46.61919403076172
Epoch 9: loss = 43.22297286987305
Epoch 10: loss = 35.02950668334961
Epoch 11: loss = 25.049562454223633
Epoch 12: loss = 23.300655364990234
Epoch 13: loss = 22.89069366455078
Epoch 14: loss = 22.664045333862305
Epoch 0: loss = -15184642.0
Epoch 1: loss = -15184640.0
Epoch 2: loss = -15184640.0
Epoch 3: loss = -15184642.0
Epoch 4: loss = -15184642.0
Epoch 5: loss = -15184642.0
Early stopping at epoch 5 with loss -15184642.0
Simulation for steps_size=28 and n_fluences=20 completed!
