Running simulation for steps_size=1 and n_fluences=20
Steps size: 1
Tensors initialization on device cuda
Multiprobe = None

('MSE', None) RECONSTRUCTIONS

Reconstruction for fluence = 0.09999999999999999 photons/pixel
Epoch 0: loss = 0.00022084130614530295
Epoch 1: loss = 0.00022084130614530295
Epoch 2: loss = 0.00022084130614530295
Epoch 3: loss = 0.00022084130614530295
Epoch 4: loss = 0.00022084130614530295
Epoch 5: loss = 0.00022084130614530295
Early stopping at epoch 5 with loss 0.00022084130614530295
Reconstruction for fluence = 0.23357214690901223 photons/pixel
Epoch 0: loss = 0.0005109681515023112
Epoch 1: loss = 0.0005109681515023112
Epoch 2: loss = 0.0005109681515023112
Epoch 3: loss = 0.0005109681515023112
Epoch 4: loss = 0.0005109681515023112
Epoch 5: loss = 0.0005109681515023112
Early stopping at epoch 5 with loss 0.0005109681515023112
Reconstruction for fluence = 0.5455594781168519 photons/pixel
Epoch 0: loss = 0.0012172143906354904
Epoch 1: loss = 0.0012172143906354904
Epoch 2: loss = 0.0012172143906354904
Epoch 3: loss = 0.0012172143906354904
Epoch 4: loss = 0.0012172143906354904
Epoch 5: loss = 0.0012172143906354904
Early stopping at epoch 5 with loss 0.0012172143906354904
Reconstruction for fluence = 1.2742749857031335 photons/pixel
Epoch 0: loss = 0.002898653969168663
Epoch 1: loss = 0.002898653969168663
Epoch 2: loss = 0.002898653969168663
Epoch 3: loss = 0.002898653969168663
Epoch 4: loss = 0.002898653969168663
Epoch 5: loss = 0.002898653969168663
Early stopping at epoch 5 with loss 0.002898653969168663
Reconstruction for fluence = 2.976351441631318 photons/pixel
Epoch 0: loss = 0.006971467286348343
Epoch 1: loss = 0.006971421651542187
Epoch 2: loss = 0.006971376016736031
Epoch 3: loss = 0.006971329916268587
Epoch 4: loss = 0.006971283815801144
Epoch 5: loss = 0.0069712377153337
Early stopping at epoch 5 with loss 0.006971467286348343
Reconstruction for fluence = 6.9519279617756045 photons/pixel
Epoch 0: loss = 0.017746753990650177
Epoch 1: loss = 0.017745396122336388
Epoch 2: loss = 0.0177440382540226
Epoch 3: loss = 0.017742682248353958
Epoch 4: loss = 0.017741326242685318
