Running simulation for principal_mode_weight=10 and n_fluences=20
Weights: [10. 45. 45.]
Tensors initialization on device cuda
Multiprobe = grad

('MSE', None) RECONSTRUCTIONS

Reconstruction for fluence = 0.09999999999999999 photons/pixel
Epoch 0: loss = 0.00022114698367659003
Epoch 1: loss = 0.00022114698367659003
Epoch 2: loss = 0.00022114698367659003
Epoch 3: loss = 0.00022114698367659003
Epoch 4: loss = 0.00022114698367659003
Epoch 5: loss = 0.00022114698367659003
Early stopping at epoch 5 with loss 0.00022114698367659003
Reconstruction for fluence = 0.23357214690901223 photons/pixel
Epoch 0: loss = 0.0005104304291307926
Epoch 1: loss = 0.0005104304291307926
Epoch 2: loss = 0.0005104304291307926
Epoch 3: loss = 0.0005104304291307926
Epoch 4: loss = 0.0005104304291307926
Epoch 5: loss = 0.0005104304291307926
Early stopping at epoch 5 with loss 0.0005104304291307926
Reconstruction for fluence = 0.5455594781168519 photons/pixel
Epoch 0: loss = 0.0012189480476081371
Epoch 1: loss = 0.0012189480476081371
Epoch 2: loss = 0.0012189480476081371
Epoch 3: loss = 0.0012189480476081371
Epoch 4: loss = 0.0012189480476081371
Epoch 5: loss = 0.0012189480476081371
Early stopping at epoch 5 with loss 0.0012189480476081371
Reconstruction for fluence = 1.2742749857031335 photons/pixel
Epoch 0: loss = 0.0028854478150606155
Epoch 1: loss = 0.0028854478150606155
Epoch 2: loss = 0.0028854478150606155
Epoch 3: loss = 0.0028854478150606155
Epoch 4: loss = 0.0028854478150606155
Epoch 5: loss = 0.0028854478150606155
Early stopping at epoch 5 with loss 0.0028854478150606155
Reconstruction for fluence = 2.976351441631318 photons/pixel
Epoch 0: loss = 0.007079100236296654
Epoch 1: loss = 0.00707902992144227
Epoch 2: loss = 0.007078959606587887
Epoch 3: loss = 0.007078888826072216
Epoch 4: loss = 0.00707881897687912
Epoch 5: loss = 0.007078748196363449
Early stopping at epoch 5 with loss 0.007079100236296654
Reconstruction for fluence = 6.9519279617756045 photons/pixel
Epoch 0: loss = 0.018255027011036873
Epoch 1: loss = 0.018252914771437645
Epoch 2: loss = 0.018250804394483566
Epoch 3: loss = 0.018248695880174637
Epoch 4: loss = 0.018246587365865707
Epoch 5: loss = 0.018244484439492226
Early stopping at epoch 5 with loss 0.018255027011036873
Reconstruction for fluence = 16.23776739188721 photons/pixel
Epoch 0: loss = 0.052051059901714325
Epoch 1: loss = 0.03557704761624336
Epoch 2: loss = 0.03557690232992172
Epoch 3: loss = 0.03557690232992172
Epoch 4: loss = 0.03557690232992172
Epoch 5: loss = 0.03557690232992172
Epoch 6: loss = 0.03557690232992172
Early stopping at epoch 6 with loss 0.03557704761624336
Reconstruction for fluence = 37.926901907322495 photons/pixel
Epoch 0: loss = 0.17272479832172394
Epoch 1: loss = 0.08341396600008011
Epoch 2: loss = 0.08341034501791
Epoch 3: loss = 0.08341034501791
Epoch 4: loss = 0.08341034501791
Epoch 5: loss = 0.08341034501791
Epoch 6: loss = 0.08341034501791
Early stopping at epoch 6 with loss 0.08341396600008011
Reconstruction for fluence = 88.58667904100822 photons/pixel
Epoch 0: loss = 0.6820257306098938
Epoch 1: loss = 0.19377556443214417
Epoch 2: loss = 0.19376063346862793
Epoch 3: loss = 0.19375871121883392
Epoch 4: loss = 0.19375869631767273
Epoch 5: loss = 0.19375869631767273
Epoch 6: loss = 0.19375869631767273
Early stopping at epoch 6 with loss 0.19377556443214417
Reconstruction for fluence = 206.9138081114788 photons/pixel
Epoch 0: loss = 3.117386817932129
Epoch 1: loss = 0.4530443251132965
Epoch 2: loss = 0.4529857635498047
Epoch 3: loss = 0.4529753625392914
Epoch 4: loss = 0.45297423005104065
Epoch 5: loss = 0.4529741704463959
Epoch 6: loss = 0.4529741108417511
Early stopping at epoch 6 with loss 0.4530443251132965
Reconstruction for fluence = 483.2930238571752 photons/pixel
Epoch 0: loss = 15.57258415222168
Epoch 1: loss = 1.0597338676452637
Epoch 2: loss = 1.0595132112503052
Epoch 3: loss = 1.0594682693481445
Epoch 4: loss = 1.0594618320465088
Epoch 5: loss = 1.0594613552093506
Epoch 6: loss = 1.0594608783721924
Epoch 7: loss = 1.0594607591629028
Early stopping at epoch 7 with loss 1.0595132112503052
Reconstruction for fluence = 1128.8378916846884 photons/pixel
Epoch 0: loss = 81.63468933105469
Epoch 1: loss = 2.4784021377563477
Epoch 2: loss = 2.477414608001709
Epoch 3: loss = 2.4772112369537354
Epoch 4: loss = 2.477203369140625
Epoch 5: loss = 2.4771668910980225
Epoch 6: loss = 2.477160930633545
Epoch 7: loss = 2.4771604537963867
Epoch 8: loss = 2.4771599769592285
Early stopping at epoch 8 with loss 2.4772112369537354
Reconstruction for fluence = 2636.6508987303555 photons/pixel
Epoch 0: loss = 437.6600646972656
Epoch 1: loss = 5.7934041023254395
Epoch 2: loss = 5.788647174835205
Epoch 3: loss = 5.787693977355957
Epoch 4: loss = 5.787487030029297
Epoch 5: loss = 5.787436485290527
Epoch 6: loss = 5.78742790222168
Epoch 7: loss = 5.787426948547363
Epoch 8: loss = 5.787425994873047
Epoch 9: loss = 5.787424087524414
Early stopping at epoch 9 with loss 5.787487030029297
Reconstruction for fluence = 6158.482110660255 photons/pixel
Epoch 0: loss = 2369.53173828125
Epoch 1: loss = 13.51065444946289
Epoch 2: loss = 13.485801696777344
Epoch 3: loss = 13.481229782104492
Epoch 4: loss = 13.48022174835205
Epoch 5: loss = 13.479950904846191
Epoch 6: loss = 13.479887008666992
Epoch 7: loss = 13.479877471923828
Epoch 8: loss = 13.479873657226562
Epoch 9: loss = 13.479867935180664
Epoch 10: loss = 13.479859352111816
Early stopping at epoch 10 with loss 13.479950904846191
Reconstruction for fluence = 14384.498882876629 photons/pixel
Epoch 0: loss = 12887.671875
Epoch 1: loss = 31.63538932800293
Epoch 2: loss = 31.50299835205078
Epoch 3: loss = 31.480587005615234
Epoch 4: loss = 31.475658416748047
Epoch 5: loss = 31.474315643310547
Epoch 6: loss = 31.473941802978516
Epoch 7: loss = 31.473758697509766
Epoch 8: loss = 31.473690032958984
Epoch 9: loss = 31.473678588867188
Epoch 10: loss = 31.473674774169922
Epoch 11: loss = 31.473670959472656
Epoch 12: loss = 31.473663330078125
Early stopping at epoch 12 with loss 31.473758697509766
Reconstruction for fluence = 33598.18286283781 photons/pixel
Epoch 0: loss = 70200.2890625
Epoch 1: loss = 74.50845336914062
Epoch 2: loss = 73.79664611816406
Epoch 3: loss = 73.67350006103516
Epoch 4: loss = 73.64849090576172
Epoch 5: loss = 73.6417236328125
Epoch 6: loss = 73.63986206054688
Epoch 7: loss = 73.63908386230469
Epoch 8: loss = 73.63874053955078
Epoch 9: loss = 73.63865661621094
Epoch 10: loss = 73.63865661621094
Epoch 11: loss = 73.63862609863281
Epoch 12: loss = 73.63858032226562
Epoch 13: loss = 73.63856506347656
Epoch 14: loss = 73.63856506347656
Epoch 15: loss = 73.63853454589844
Epoch 16: loss = 73.63851928710938
Epoch 17: loss = 73.63851928710938
Epoch 18: loss = 73.63851928710938
Epoch 19: loss = 73.63851928710938
Epoch 20: loss = 73.63850402832031
Epoch 21: loss = 73.63850402832031
Early stopping at epoch 21 with loss 73.63851928710938
Reconstruction for fluence = 78475.99703514607 photons/pixel
Epoch 0: loss = 382742.0625
Epoch 1: loss = 175.92044067382812
Epoch 2: loss = 172.11587524414062
Epoch 3: loss = 171.43853759765625
Epoch 4: loss = 171.29916381835938
Epoch 5: loss = 171.25967407226562
Epoch 6: loss = 171.24827575683594
Epoch 7: loss = 171.24356079101562
Epoch 8: loss = 171.241455078125
Epoch 9: loss = 171.240478515625
Epoch 10: loss = 171.24026489257812
Epoch 11: loss = 171.24014282226562
Epoch 12: loss = 171.2400360107422
Epoch 13: loss = 171.239990234375
Epoch 14: loss = 171.239990234375
Epoch 15: loss = 171.23988342285156
Epoch 16: loss = 171.2398681640625
Epoch 17: loss = 171.2398223876953
Epoch 18: loss = 171.23980712890625
Epoch 19: loss = 171.23977661132812
Epoch 20: loss = 171.23976135253906
Epoch 21: loss = 171.23974609375
Epoch 22: loss = 171.23974609375
Epoch 23: loss = 171.23974609375
Epoch 24: loss = 171.23971557617188
Epoch 25: loss = 171.23971557617188
Epoch 26: loss = 171.23971557617188
Early stopping at epoch 26 with loss 171.23974609375
Reconstruction for fluence = 183298.07108324335 photons/pixel
Epoch 0: loss = 2087610.25
Epoch 1: loss = 426.1501770019531
Epoch 2: loss = 405.3309326171875
Epoch 3: loss = 401.68365478515625
Epoch 4: loss = 400.94580078125
Epoch 5: loss = 400.72491455078125
Epoch 6: loss = 400.65777587890625
Epoch 7: loss = 400.6300964355469
Epoch 8: loss = 400.6165771484375
Epoch 9: loss = 400.61077880859375
Epoch 10: loss = 400.60797119140625
Epoch 11: loss = 400.606689453125
Epoch 12: loss = 400.6065673828125
Epoch 13: loss = 400.60650634765625
Epoch 14: loss = 400.60638427734375
Epoch 15: loss = 400.6062927246094
Epoch 16: loss = 400.606201171875
Epoch 17: loss = 400.6060791015625
Epoch 18: loss = 400.60601806640625
Epoch 19: loss = 400.60601806640625
Epoch 20: loss = 400.60601806640625
Epoch 21: loss = 400.60595703125
Epoch 22: loss = 400.60595703125
Epoch 23: loss = 400.60589599609375
Epoch 24: loss = 400.60589599609375
Epoch 25: loss = 400.60589599609375
Epoch 26: loss = 400.6058654785156
Early stopping at epoch 26 with loss 400.60595703125
Reconstruction for fluence = 428133.2398719387 photons/pixel
Epoch 0: loss = 11388363.0
Epoch 1: loss = 1078.56396484375
Epoch 2: loss = 964.9481201171875
Epoch 3: loss = 945.1426391601562
Epoch 4: loss = 941.0076904296875
Epoch 5: loss = 939.8741455078125
Epoch 6: loss = 939.5481567382812
Epoch 7: loss = 939.40380859375
Epoch 8: loss = 939.3446044921875
Epoch 9: loss = 939.3096313476562
Epoch 10: loss = 939.294189453125
Epoch 11: loss = 939.28662109375
Epoch 12: loss = 939.2830810546875
Epoch 13: loss = 939.2830810546875
Epoch 14: loss = 939.2823486328125
Epoch 15: loss = 939.2822265625
Epoch 16: loss = 939.281982421875
Epoch 17: loss = 939.2816162109375
Epoch 18: loss = 939.2813720703125
Epoch 19: loss = 939.2813720703125
Epoch 20: loss = 939.2808227539062
Epoch 21: loss = 939.2807006835938
Epoch 22: loss = 939.2807006835938
Epoch 23: loss = 939.280517578125
Epoch 24: loss = 939.280517578125
Epoch 25: loss = 939.2802734375
Epoch 26: loss = 939.2802734375
Epoch 27: loss = 939.2802734375
Epoch 28: loss = 939.2801513671875
Epoch 29: loss = 939.2800903320312
Epoch 30: loss = 939.280029296875
Epoch 31: loss = 939.280029296875
Epoch 32: loss = 939.2799682617188
Epoch 33: loss = 939.2799072265625
Epoch 34: loss = 939.2799072265625
Epoch 35: loss = 939.27978515625
Epoch 36: loss = 939.27978515625
Epoch 37: loss = 939.2797241210938
Epoch 38: loss = 939.2797241210938
Epoch 39: loss = 939.2796630859375
Epoch 40: loss = 939.2796630859375
Epoch 41: loss = 939.2796630859375
Epoch 42: loss = 939.2796630859375
Early stopping at epoch 42 with loss 939.2797241210938
Reconstruction for fluence = 1000000.0 photons/pixel
Epoch 0: loss = 62127140.0
Epoch 1: loss = 2949.421142578125
Epoch 2: loss = 2331.1181640625
Epoch 3: loss = 2222.7666015625
Epoch 4: loss = 2200.635986328125
Epoch 5: loss = 2194.389892578125
Epoch 6: loss = 2192.55712890625
Epoch 7: loss = 2191.81640625
Epoch 8: loss = 2191.46240234375
Epoch 9: loss = 2191.293212890625
Epoch 10: loss = 2191.2138671875
Epoch 11: loss = 2191.1767578125
Epoch 12: loss = 2191.158935546875
Epoch 13: loss = 2191.15380859375
Epoch 14: loss = 2191.1513671875
Epoch 15: loss = 2191.150390625
Epoch 16: loss = 2191.149658203125
Epoch 17: loss = 2191.14794921875
Epoch 18: loss = 2191.1474609375
Epoch 19: loss = 2191.146240234375
Epoch 20: loss = 2191.1455078125
Epoch 21: loss = 2191.14501953125
Epoch 22: loss = 2191.14501953125
Epoch 23: loss = 2191.14501953125
Epoch 24: loss = 2191.14404296875
Epoch 25: loss = 2191.14404296875
Epoch 26: loss = 2191.143310546875
Epoch 27: loss = 2191.14306640625
Epoch 28: loss = 2191.142822265625
Epoch 29: loss = 2191.142822265625
Epoch 30: loss = 2191.142578125
Epoch 31: loss = 2191.142578125
Epoch 32: loss = 2191.142578125
Epoch 33: loss = 2191.142578125
Epoch 34: loss = 2191.142578125
Epoch 35: loss = 2191.14208984375
Epoch 36: loss = 2191.14208984375
Epoch 37: loss = 2191.141845703125
Epoch 38: loss = 2191.1416015625
Epoch 39: loss = 2191.1416015625
Epoch 40: loss = 2191.1416015625
Epoch 41: loss = 2191.1416015625
Epoch 42: loss = 2191.141357421875
Epoch 43: loss = 2191.14111328125
Epoch 44: loss = 2191.14111328125
Epoch 45: loss = 2191.14111328125
Epoch 46: loss = 2191.14111328125
Epoch 47: loss = 2191.14111328125
Epoch 48: loss = 2191.14111328125
Early stopping at epoch 48 with loss 2191.14111328125
Tensors initialization on device cuda
Multiprobe = grad

('MSE', 'PoissonNLL') RECONSTRUCTIONS

Reconstruction for fluence = 0.09999999999999999 photons/pixel
Epoch 0: loss = 0.00022008073574397713
Epoch 1: loss = 0.00022008073574397713
Epoch 2: loss = 0.00022008073574397713
Epoch 3: loss = 0.00022008073574397713
Epoch 4: loss = 0.00022008073574397713
Epoch 5: loss = 0.00022008073574397713
Early stopping at epoch 5 with loss 0.00022008073574397713
Epoch 0: loss = 0.0017541097477078438
Epoch 1: loss = 0.001754074008204043
Epoch 2: loss = 0.0017540386179462075
Epoch 3: loss = 0.001754003344103694
Epoch 4: loss = 0.0017539681866765022
Epoch 5: loss = 0.0017539332620799541
Early stopping at epoch 5 with loss 0.0017541097477078438
Reconstruction for fluence = 0.23357214690901223 photons/pixel
Epoch 0: loss = 0.0005112950457260013
Epoch 1: loss = 0.0005112950457260013
Epoch 2: loss = 0.0005112950457260013
Epoch 3: loss = 0.0005112950457260013
Epoch 4: loss = 0.0005112950457260013
Epoch 5: loss = 0.0005112950457260013
Early stopping at epoch 5 with loss 0.0005112950457260013
Epoch 0: loss = 0.0036486948374658823
Epoch 1: loss = 0.0036486084572970867
Epoch 2: loss = 0.003648522309958935
Epoch 3: loss = 0.00364843662828207
Epoch 4: loss = 0.0036483509466052055
Epoch 5: loss = 0.003648265264928341
Early stopping at epoch 5 with loss 0.0036486948374658823
Reconstruction for fluence = 0.5455594781168519 photons/pixel
Epoch 0: loss = 0.001215465134009719
Epoch 1: loss = 0.001215465134009719
Epoch 2: loss = 0.001215465134009719
Epoch 3: loss = 0.001215465134009719
Epoch 4: loss = 0.001215465134009719
Epoch 5: loss = 0.001215465134009719
Early stopping at epoch 5 with loss 0.001215465134009719
Epoch 0: loss = 0.007564881816506386
Epoch 1: loss = 0.007564634084701538
Epoch 2: loss = 0.00756438123062253
Epoch 3: loss = 0.007564119063317776
Epoch 4: loss = 0.007563835941255093
Epoch 5: loss = 0.007563516031950712
Early stopping at epoch 5 with loss 0.007564881816506386
Reconstruction for fluence = 1.2742749857031335 photons/pixel
Epoch 0: loss = 0.0029079767409712076
Epoch 1: loss = 0.0029079767409712076
Epoch 2: loss = 0.0029079767409712076
Epoch 3: loss = 0.0029079767409712076
Epoch 4: loss = 0.0029079767409712076
Epoch 5: loss = 0.0029079767409712076
Early stopping at epoch 5 with loss 0.0029079767409712076
Epoch 0: loss = 0.015261643566191196
Epoch 1: loss = 0.015260955318808556
Epoch 2: loss = 0.015260018408298492
Epoch 3: loss = 0.015258090570569038
Epoch 4: loss = 0.015254590660333633
Epoch 5: loss = 0.01504034548997879
Epoch 6: loss = 0.013434071093797684
Epoch 7: loss = 0.013434071093797684
Epoch 8: loss = 0.013434071093797684
Epoch 9: loss = 0.013434071093797684
Epoch 10: loss = 0.013434071093797684
Epoch 11: loss = 0.013434071093797684
Early stopping at epoch 11 with loss 0.013434071093797684
Reconstruction for fluence = 2.976351441631318 photons/pixel
Epoch 0: loss = 0.007100189570337534
Epoch 1: loss = 0.0071001192554831505
Epoch 2: loss = 0.007100048940628767
Epoch 3: loss = 0.0070999786257743835
Epoch 4: loss = 0.00709990831092
Epoch 5: loss = 0.007099837996065617
Early stopping at epoch 5 with loss 0.007100189570337534
Epoch 0: loss = 0.03020261786878109
Epoch 1: loss = 0.030198263004422188
Epoch 2: loss = 0.02638329565525055
Epoch 3: loss = 0.02591872401535511
Epoch 4: loss = 0.02591872401535511
Epoch 5: loss = 0.02591872401535511
Epoch 6: loss = 0.02591872401535511
Epoch 7: loss = 0.02591872401535511
Epoch 8: loss = 0.02591872401535511
Early stopping at epoch 8 with loss 0.02591872401535511
Reconstruction for fluence = 6.9519279617756045 photons/pixel
Epoch 0: loss = 0.018281731754541397
Epoch 1: loss = 0.01827964559197426
Epoch 2: loss = 0.01827755942940712
Epoch 3: loss = 0.01827547512948513
Epoch 4: loss = 0.01827339269220829
Epoch 5: loss = 0.0182713121175766
Early stopping at epoch 5 with loss 0.018281731754541397
Epoch 0: loss = 0.05763264000415802
Epoch 1: loss = 0.04807169735431671
Epoch 2: loss = 0.04771709814667702
Epoch 3: loss = 0.04771709814667702
Epoch 4: loss = 0.04771709814667702
Epoch 5: loss = 0.04771709814667702
Epoch 6: loss = 0.04771709814667702
Epoch 7: loss = 0.04771709814667702
Early stopping at epoch 7 with loss 0.04771709814667702
Reconstruction for fluence = 16.23776739188721 photons/pixel
Epoch 0: loss = 0.051995038986206055
Epoch 1: loss = 0.03556569293141365
Epoch 2: loss = 0.03556569293141365
Epoch 3: loss = 0.03556569293141365
Epoch 4: loss = 0.03556569293141365
Epoch 5: loss = 0.03556569293141365
Epoch 6: loss = 0.03556569293141365
Early stopping at epoch 6 with loss 0.03556569293141365
Epoch 0: loss = 0.08198152482509613
Epoch 1: loss = 0.08198052644729614
Epoch 2: loss = 0.08197954297065735
Epoch 3: loss = 0.08197856694459915
Epoch 4: loss = 0.08197759836912155
Epoch 5: loss = 0.08197664469480515
Early stopping at epoch 5 with loss 0.08198152482509613
Reconstruction for fluence = 37.926901907322495 photons/pixel
Epoch 0: loss = 0.17276865243911743
Epoch 1: loss = 0.08327361941337585
Epoch 2: loss = 0.08327005803585052
Epoch 3: loss = 0.08327005803585052
Epoch 4: loss = 0.08327005803585052
Epoch 5: loss = 0.08327005803585052
Epoch 6: loss = 0.08327005803585052
Early stopping at epoch 6 with loss 0.08327361941337585
Epoch 0: loss = 0.12035290151834488
Epoch 1: loss = 0.1203504353761673
Epoch 2: loss = 0.12034798413515091
Epoch 3: loss = 0.12034554779529572
Epoch 4: loss = 0.12034312635660172
Epoch 5: loss = 0.12034071981906891
Early stopping at epoch 5 with loss 0.12035290151834488
Reconstruction for fluence = 88.58667904100822 photons/pixel
Epoch 0: loss = 0.6821545362472534
Epoch 1: loss = 0.19420009851455688
Epoch 2: loss = 0.19418422877788544
Epoch 3: loss = 0.19418251514434814
Epoch 4: loss = 0.19418251514434814
Epoch 5: loss = 0.19418251514434814
Epoch 6: loss = 0.19418251514434814
Early stopping at epoch 6 with loss 0.19420009851455688
Epoch 0: loss = 0.11523309350013733
Epoch 1: loss = 0.11522634327411652
Epoch 2: loss = 0.11521962285041809
Epoch 3: loss = 0.11521296203136444
Epoch 4: loss = 0.11520634591579437
Epoch 5: loss = 0.11519977450370789
Early stopping at epoch 5 with loss 0.11523309350013733
Reconstruction for fluence = 206.9138081114788 photons/pixel
Epoch 0: loss = 3.114377975463867
Epoch 1: loss = 0.4540688693523407
Epoch 2: loss = 0.4540109634399414
Epoch 3: loss = 0.45399999618530273
Epoch 4: loss = 0.45399904251098633
Epoch 5: loss = 0.4539988934993744
Epoch 6: loss = 0.4539988040924072
Early stopping at epoch 6 with loss 0.4540688693523407
Epoch 0: loss = -0.11765530705451965
Epoch 1: loss = -0.1192035973072052
Epoch 2: loss = -0.1192035973072052
Epoch 3: loss = -0.1192035973072052
Epoch 4: loss = -0.1192035973072052
Epoch 5: loss = -0.1192035973072052
Epoch 6: loss = -0.1192035973072052
Early stopping at epoch 6 with loss -0.1192035973072052
Reconstruction for fluence = 483.2930238571752 photons/pixel
Epoch 0: loss = 15.574816703796387
Epoch 1: loss = 1.0579683780670166
Epoch 2: loss = 1.057737112045288
Epoch 3: loss = 1.0576908588409424
Epoch 4: loss = 1.0576838254928589
Epoch 5: loss = 1.0576834678649902
Epoch 6: loss = 1.0576834678649902
Epoch 7: loss = 1.0576831102371216
Early stopping at epoch 7 with loss 1.057737112045288
Epoch 0: loss = -1.176764965057373
Epoch 1: loss = -1.1787384748458862
Epoch 2: loss = -1.1787385940551758
Epoch 3: loss = -1.1787385940551758
Epoch 4: loss = -1.1787385940551758
Epoch 5: loss = -1.1787385940551758
Epoch 6: loss = -1.1787385940551758
Early stopping at epoch 6 with loss -1.1787384748458862
Reconstruction for fluence = 1128.8378916846884 photons/pixel
Epoch 0: loss = 81.65738677978516
Epoch 1: loss = 2.480375051498413
Epoch 2: loss = 2.479390859603882
Epoch 3: loss = 2.4791922569274902
Epoch 4: loss = 2.4791555404663086
Epoch 5: loss = 2.47914981842041
Epoch 6: loss = 2.479149103164673
Epoch 7: loss = 2.4791488647460938
Epoch 8: loss = 2.4791483879089355
Early stopping at epoch 8 with loss 2.4791922569274902
Epoch 0: loss = -4.856529712677002
Epoch 1: loss = -4.85896110534668
Epoch 2: loss = -4.858961582183838
Epoch 3: loss = -4.858961582183838
Epoch 4: loss = -4.858961582183838
Epoch 5: loss = -4.858961582183838
Epoch 6: loss = -4.858961582183838
Early stopping at epoch 6 with loss -4.85896110534668
Reconstruction for fluence = 2636.6508987303555 photons/pixel
Epoch 0: loss = 437.68157958984375
Epoch 1: loss = 5.790063858032227
Epoch 2: loss = 5.785346031188965
Epoch 3: loss = 5.784404754638672
Epoch 4: loss = 5.784214973449707
Epoch 5: loss = 5.78417444229126
Epoch 6: loss = 5.784162521362305
Epoch 7: loss = 5.784156799316406
Epoch 8: loss = 5.784156799316406
Epoch 9: loss = 5.784154415130615
Early stopping at epoch 9 with loss 5.784214973449707
Epoch 0: loss = -16.257984161376953
Epoch 1: loss = -16.26103973388672
Epoch 2: loss = -16.26104164123535
Epoch 3: loss = -16.26104164123535
Epoch 4: loss = -16.26104164123535
Epoch 5: loss = -16.26104164123535
Epoch 6: loss = -16.26104164123535
Early stopping at epoch 6 with loss -16.26103973388672
Reconstruction for fluence = 6158.482110660255 photons/pixel
Epoch 0: loss = 2369.651123046875
Epoch 1: loss = 13.527360916137695
Epoch 2: loss = 13.502671241760254
Epoch 3: loss = 13.498117446899414
Epoch 4: loss = 13.497081756591797
Epoch 5: loss = 13.496801376342773
Epoch 6: loss = 13.496749877929688
Epoch 7: loss = 13.496719360351562
Epoch 8: loss = 13.496711730957031
Epoch 9: loss = 13.496706008911133
Epoch 10: loss = 13.496702194213867
Early stopping at epoch 10 with loss 13.496801376342773
Epoch 0: loss = -49.46052551269531
Epoch 1: loss = -49.46400833129883
Epoch 2: loss = -49.46400833129883
Epoch 3: loss = -49.46400833129883
Epoch 4: loss = -49.46400833129883
Epoch 5: loss = -49.46400833129883
Epoch 6: loss = -49.46400833129883
Early stopping at epoch 6 with loss -49.46400833129883
Reconstruction for fluence = 14384.498882876629 photons/pixel
Epoch 0: loss = 12885.2236328125
Epoch 1: loss = 31.71377182006836
Epoch 2: loss = 31.583446502685547
Epoch 3: loss = 31.560550689697266
Epoch 4: loss = 31.5556640625
Epoch 5: loss = 31.554351806640625
Epoch 6: loss = 31.553970336914062
Epoch 7: loss = 31.553829193115234
Epoch 8: loss = 31.553768157958984
Epoch 9: loss = 31.553768157958984
Epoch 10: loss = 31.553760528564453
Epoch 11: loss = 31.55375099182129
Epoch 12: loss = 31.553741455078125
Early stopping at epoch 12 with loss 31.553829193115234
Epoch 0: loss = -142.34744262695312
Epoch 1: loss = -142.35128784179688
Epoch 2: loss = -142.35130310058594
Epoch 3: loss = -142.35130310058594
Epoch 4: loss = -142.35130310058594
Epoch 5: loss = -142.35130310058594
Epoch 6: loss = -142.35130310058594
Early stopping at epoch 6 with loss -142.35128784179688
Reconstruction for fluence = 33598.18286283781 photons/pixel
Epoch 0: loss = 70192.96875
Epoch 1: loss = 74.45166778564453
Epoch 2: loss = 73.74462890625
Epoch 3: loss = 73.6214828491211
Epoch 4: loss = 73.59848022460938
Epoch 5: loss = 73.59136199951172
Epoch 6: loss = 73.58930206298828
Epoch 7: loss = 73.5884780883789
Epoch 8: loss = 73.58810424804688
Epoch 9: loss = 73.58799743652344
Epoch 10: loss = 73.58796691894531
Epoch 11: loss = 73.58795166015625
Epoch 12: loss = 73.58792114257812
Epoch 13: loss = 73.587890625
Epoch 14: loss = 73.5878677368164
Epoch 0: loss = -395.143798828125
Epoch 1: loss = -395.14794921875
Epoch 2: loss = -395.14794921875
Epoch 3: loss = -395.14794921875
Epoch 4: loss = -395.14794921875
Epoch 5: loss = -395.14794921875
Epoch 6: loss = -395.14794921875
Early stopping at epoch 6 with loss -395.14794921875
Reconstruction for fluence = 78475.99703514607 photons/pixel
Epoch 0: loss = 382729.0625
Epoch 1: loss = 176.33773803710938
Epoch 2: loss = 172.4853515625
Epoch 3: loss = 171.82949829101562
Epoch 4: loss = 171.69720458984375
Epoch 5: loss = 171.65765380859375
Epoch 6: loss = 171.6457061767578
Epoch 7: loss = 171.64071655273438
Epoch 8: loss = 171.63845825195312
Epoch 9: loss = 171.63735961914062
Epoch 10: loss = 171.636962890625
Epoch 11: loss = 171.63687133789062
Epoch 12: loss = 171.6368408203125
Epoch 13: loss = 171.63665771484375
Epoch 14: loss = 171.6366424560547
Epoch 0: loss = -1069.2275390625
Epoch 1: loss = -1069.231689453125
Epoch 2: loss = -1069.23193359375
Epoch 3: loss = -1069.23193359375
Epoch 4: loss = -1069.23193359375
Epoch 5: loss = -1069.23193359375
Epoch 6: loss = -1069.23193359375
Epoch 7: loss = -1069.23193359375
Early stopping at epoch 7 with loss -1069.23193359375
Reconstruction for fluence = 183298.07108324335 photons/pixel
Epoch 0: loss = 2087637.75
Epoch 1: loss = 426.37408447265625
Epoch 2: loss = 405.5718994140625
Epoch 3: loss = 401.9482116699219
Epoch 4: loss = 401.202880859375
Epoch 5: loss = 400.9851989746094
Epoch 6: loss = 400.9227294921875
Epoch 7: loss = 400.89532470703125
Epoch 8: loss = 400.8838195800781
Epoch 9: loss = 400.878173828125
Epoch 10: loss = 400.8751220703125
Epoch 11: loss = 400.873779296875
Epoch 12: loss = 400.87359619140625
Epoch 13: loss = 400.8734130859375
Epoch 14: loss = 400.87322998046875
Epoch 0: loss = -2838.94580078125
Epoch 1: loss = -2838.9501953125
Epoch 2: loss = -2838.9501953125
Epoch 3: loss = -2838.9501953125
Epoch 4: loss = -2838.9501953125
Epoch 5: loss = -2838.9501953125
Epoch 6: loss = -2838.9501953125
Early stopping at epoch 6 with loss -2838.9501953125
Reconstruction for fluence = 428133.2398719387 photons/pixel
Epoch 0: loss = 11388214.0
Epoch 1: loss = 1077.1329345703125
Epoch 2: loss = 963.8558959960938
Epoch 3: loss = 943.8394775390625
Epoch 4: loss = 939.810546875
Epoch 5: loss = 938.6627197265625
Epoch 6: loss = 938.30224609375
Epoch 7: loss = 938.1589965820312
Epoch 8: loss = 938.0932006835938
Epoch 9: loss = 938.0616455078125
Epoch 10: loss = 938.0491943359375
Epoch 11: loss = 938.0399169921875
Epoch 12: loss = 938.0380859375
Epoch 13: loss = 938.0350341796875
Epoch 14: loss = 938.03466796875
Epoch 0: loss = -7428.9619140625
Epoch 1: loss = -7428.966796875
Epoch 2: loss = -7428.966796875
Epoch 3: loss = -7428.966796875
Epoch 4: loss = -7428.966796875
Epoch 5: loss = -7428.966796875
Epoch 6: loss = -7428.966796875
Early stopping at epoch 6 with loss -7428.966796875
Reconstruction for fluence = 1000000.0 photons/pixel
Epoch 0: loss = 62127416.0
Epoch 1: loss = 2944.344970703125
Epoch 2: loss = 2325.85107421875
Epoch 3: loss = 2217.765625
Epoch 4: loss = 2195.694091796875
Epoch 5: loss = 2189.42041015625
Epoch 6: loss = 2187.455078125
Epoch 7: loss = 2186.68310546875
Epoch 8: loss = 2186.297607421875
Epoch 9: loss = 2186.122802734375
Epoch 10: loss = 2186.038330078125
Epoch 11: loss = 2186.001220703125
Epoch 12: loss = 2185.984375
Epoch 13: loss = 2185.9833984375
Epoch 14: loss = 2185.9794921875
Epoch 0: loss = -19215.74609375
Epoch 1: loss = -19215.751953125
Epoch 2: loss = -19215.751953125
Epoch 3: loss = -19215.751953125
Epoch 4: loss = -19215.751953125
Epoch 5: loss = -19215.751953125
Epoch 6: loss = -19215.751953125
Early stopping at epoch 6 with loss -19215.751953125
Simulation for principal_mode_weight=10 and n_fluences=20 completed!
