Running simulation for n_modes=4 and n_fluences=20
Tensors initialization on device cuda
Multiprobe = band_lim
torch.Size([4, 64, 64])

('MSE', None) RECONSTRUCTIONS

Reconstruction for fluence = 0.09999999999999999 photons/pixel
Epoch 0: loss = 10668.73046875
Epoch 1: loss = 3828.72802734375
Epoch 2: loss = 3703.3330078125
Epoch 3: loss = 3701.388427734375
Epoch 4: loss = 3701.3544921875
Epoch 5: loss = 3701.353759765625
Epoch 6: loss = 3701.353515625
Epoch 7: loss = 3701.353515625
Epoch 8: loss = 3701.35302734375
Epoch 9: loss = 3701.35302734375
Epoch 10: loss = 3701.35302734375
Epoch 11: loss = 3701.35302734375
Epoch 12: loss = 3701.35302734375
Epoch 13: loss = 3701.35302734375
Epoch 14: loss = 3701.35302734375
Epoch 15: loss = 3701.35302734375
Epoch 16: loss = 3701.35302734375
Epoch 17: loss = 3701.35302734375
Epoch 18: loss = 3701.35302734375
Early stopping at epoch 18 with loss 3701.35302734375
Reconstruction for fluence = 0.23357214690901223 photons/pixel
Epoch 0: loss = 24165.24609375
Epoch 1: loss = 8675.650390625
Epoch 2: loss = 8391.32421875
Epoch 3: loss = 8386.9033203125
Epoch 4: loss = 8386.830078125
Epoch 5: loss = 8386.828125
Epoch 6: loss = 8386.828125
Epoch 7: loss = 8386.828125
Epoch 8: loss = 8386.828125
Epoch 9: loss = 8386.8271484375
Epoch 10: loss = 8386.8271484375
Epoch 11: loss = 8386.8271484375
Epoch 12: loss = 8386.8271484375
Epoch 13: loss = 8386.8271484375
Epoch 14: loss = 8386.8271484375
Epoch 15: loss = 8386.8271484375
Epoch 16: loss = 8386.826171875
Epoch 17: loss = 8386.8271484375
Epoch 18: loss = 8386.8271484375
Epoch 19: loss = 8386.828125
Epoch 20: loss = 8386.826171875
Epoch 21: loss = 8386.8271484375
Epoch 22: loss = 8386.8271484375
Epoch 23: loss = 8386.8271484375
Epoch 24: loss = 8386.8271484375
Epoch 25: loss = 8386.8271484375
Epoch 26: loss = 8386.826171875
Early stopping at epoch 26 with loss 8386.826171875
Reconstruction for fluence = 0.5455594781168519 photons/pixel
Epoch 0: loss = 54845.80078125
Epoch 1: loss = 20561.96875
Epoch 2: loss = 19931.794921875
Epoch 3: loss = 19921.86328125
Epoch 4: loss = 19921.703125
Epoch 5: loss = 19921.69921875
Epoch 6: loss = 19921.69921875
Epoch 7: loss = 19921.6953125
Epoch 8: loss = 19921.6953125
Epoch 9: loss = 19921.6953125
Epoch 10: loss = 19921.693359375
Epoch 11: loss = 19921.69140625
Epoch 12: loss = 19921.69140625
Epoch 13: loss = 19921.693359375
Epoch 14: loss = 19921.693359375
Epoch 15: loss = 19921.69140625
Epoch 16: loss = 19921.69140625
Epoch 17: loss = 19921.69140625
Epoch 18: loss = 19921.69140625
Epoch 19: loss = 19921.69140625
Epoch 20: loss = 19921.69140625
Epoch 21: loss = 19921.69140625
Early stopping at epoch 21 with loss 19921.69140625
Reconstruction for fluence = 1.2742749857031335 photons/pixel
Epoch 0: loss = 121205.96875
Epoch 1: loss = 47359.078125
Epoch 2: loss = 45994.9765625
Epoch 3: loss = 45973.0625
Epoch 4: loss = 45972.7109375
Epoch 5: loss = 45972.703125
Epoch 6: loss = 45972.703125
Epoch 7: loss = 45972.703125
Epoch 8: loss = 45972.703125
Epoch 9: loss = 45972.69921875
Epoch 10: loss = 45972.69921875
Epoch 11: loss = 45972.6953125
Epoch 12: loss = 45972.6953125
Epoch 13: loss = 45972.6953125
Epoch 14: loss = 45972.6953125
Epoch 15: loss = 45972.6953125
Epoch 16: loss = 45972.6953125
Epoch 17: loss = 45972.6953125
Epoch 18: loss = 45972.6953125
Epoch 19: loss = 45972.6953125
Epoch 20: loss = 45972.6953125
Epoch 21: loss = 45972.6953125
Early stopping at epoch 21 with loss 45972.6953125
Reconstruction for fluence = 2.976351441631318 photons/pixel
Epoch 0: loss = 258684.71875
Epoch 1: loss = 106992.703125
Epoch 2: loss = 104167.484375
Epoch 3: loss = 104121.4453125
Epoch 4: loss = 104120.7109375
Epoch 5: loss = 104120.703125
Epoch 6: loss = 104120.703125
Epoch 7: loss = 104120.703125
Epoch 8: loss = 104120.703125
Epoch 9: loss = 104120.6875
Epoch 10: loss = 104120.6875
Epoch 11: loss = 104120.6875
Epoch 12: loss = 104120.6875
Epoch 13: loss = 104120.6875
Epoch 14: loss = 104120.6875
Epoch 15: loss = 104120.6875
Epoch 16: loss = 104120.6875
Epoch 17: loss = 104120.6875
Epoch 18: loss = 104120.6875
Epoch 19: loss = 104120.6875
Early stopping at epoch 19 with loss 104120.6875
Reconstruction for fluence = 6.9519279617756045 photons/pixel
Epoch 0: loss = 521956.125
Epoch 1: loss = 230446.96875
Epoch 2: loss = 224927.46875
Epoch 3: loss = 224835.390625
Epoch 4: loss = 224833.9375
Epoch 5: loss = 224833.9375
Epoch 6: loss = 224833.9375
Epoch 7: loss = 224833.90625
Epoch 8: loss = 224833.90625
Epoch 9: loss = 224833.90625
Epoch 10: loss = 224833.90625
Epoch 11: loss = 224833.90625
Epoch 12: loss = 224833.90625
Epoch 13: loss = 224833.890625
Epoch 14: loss = 224833.90625
Epoch 15: loss = 224833.90625
Epoch 16: loss = 224833.890625
Epoch 17: loss = 224833.890625
Epoch 18: loss = 224833.90625
Epoch 19: loss = 224833.90625
Epoch 20: loss = 224833.90625
Epoch 21: loss = 224833.890625
Epoch 22: loss = 224833.90625
Epoch 23: loss = 224833.90625
Early stopping at epoch 23 with loss 224833.890625
Reconstruction for fluence = 16.23776739188721 photons/pixel
Epoch 0: loss = 958134.9375
Epoch 1: loss = 456544.4375
Epoch 2: loss = 446802.875
Epoch 3: loss = 446638.125
Epoch 4: loss = 446635.5625
Epoch 5: loss = 446635.5625
Epoch 6: loss = 446635.53125
Epoch 7: loss = 446635.5
Epoch 8: loss = 446635.5
Epoch 9: loss = 446635.5
Epoch 10: loss = 446635.5
Epoch 11: loss = 446635.5
Epoch 12: loss = 446635.46875
Epoch 13: loss = 446635.46875
Epoch 14: loss = 446635.46875
Epoch 15: loss = 446635.46875
Epoch 16: loss = 446635.46875
Epoch 17: loss = 446635.46875
Epoch 18: loss = 446635.46875
Epoch 19: loss = 446635.46875
Epoch 20: loss = 446635.4375
Epoch 21: loss = 446635.4375
Epoch 22: loss = 446635.46875
Epoch 23: loss = 446635.46875
Epoch 24: loss = 446635.46875
Epoch 25: loss = 446635.46875
Epoch 26: loss = 446635.46875
Epoch 27: loss = 446635.46875
Epoch 28: loss = 446635.46875
Epoch 29: loss = 446635.46875
Epoch 30: loss = 446635.46875
Early stopping at epoch 30 with loss 446635.4375
Reconstruction for fluence = 37.926901907322495 photons/pixel
Epoch 0: loss = 1532384.125
Epoch 1: loss = 756167.1875
Epoch 2: loss = 740633.5
Epoch 3: loss = 740367.375
Epoch 4: loss = 740363.375
Epoch 5: loss = 740363.25
Epoch 6: loss = 740363.1875
Epoch 7: loss = 740363.1875
Epoch 8: loss = 740363.125
Epoch 9: loss = 740363.125
Epoch 10: loss = 740363.125
Epoch 11: loss = 740363.125
Epoch 12: loss = 740363.125
Epoch 13: loss = 740363.125
Epoch 14: loss = 740363.125
Epoch 15: loss = 740363.125
Epoch 16: loss = 740363.125
Epoch 17: loss = 740363.125
Epoch 18: loss = 740363.125
Early stopping at epoch 18 with loss 740363.125
Reconstruction for fluence = 88.58667904100822 photons/pixel
Epoch 0: loss = 2119959.0
Epoch 1: loss = 966328.5
Epoch 2: loss = 942846.625
Epoch 3: loss = 942442.0
Epoch 4: loss = 942435.875
Epoch 5: loss = 942435.75
Epoch 6: loss = 942435.75
Epoch 7: loss = 942435.625
Epoch 8: loss = 942435.625
Epoch 9: loss = 942435.625
Epoch 10: loss = 942435.625
Epoch 11: loss = 942435.5625
Epoch 12: loss = 942435.5625
Epoch 13: loss = 942435.5
Epoch 14: loss = 942435.5625
Epoch 15: loss = 942435.5625
Epoch 16: loss = 942435.5625
Epoch 17: loss = 942435.5625
Epoch 18: loss = 942435.5
Epoch 19: loss = 942435.5625
Epoch 20: loss = 942435.5625
Epoch 21: loss = 942435.5625
Epoch 22: loss = 942435.5625
Epoch 23: loss = 942435.5625
Early stopping at epoch 23 with loss 942435.5
Reconstruction for fluence = 206.9138081114788 photons/pixel
Epoch 0: loss = 3030073.25
Epoch 1: loss = 23862536192.0
Epoch 2: loss = 353882240.0
Epoch 3: loss = 6362775.0
Epoch 4: loss = 1080746.25
Epoch 5: loss = 995432.125
Epoch 6: loss = 993882.5
Epoch 7: loss = 993857.8125
Epoch 8: loss = 993857.5
Epoch 9: loss = 993857.5
Epoch 10: loss = 993857.4375
Epoch 11: loss = 993857.4375
Epoch 12: loss = 993857.4375
Epoch 13: loss = 993857.375
Epoch 14: loss = 993857.4375
Epoch 15: loss = 993857.4375
Epoch 16: loss = 993857.4375
Epoch 17: loss = 993857.375
Epoch 18: loss = 993857.375
Epoch 19: loss = 993857.375
Epoch 20: loss = 993857.375
Epoch 21: loss = 993857.375
Epoch 22: loss = 993857.375
Epoch 23: loss = 993857.375
Early stopping at epoch 23 with loss 993857.375
Reconstruction for fluence = 483.2930238571752 photons/pixel
Epoch 0: loss = 5434051.0
Epoch 1: loss = 268688162816.0
Epoch 2: loss = 3973122560.0
Epoch 3: loss = 60343108.0
Epoch 4: loss = 2300884.0
Epoch 5: loss = 1161012.75
Epoch 6: loss = 1147807.75
Epoch 7: loss = 1147569.625
Epoch 8: loss = 1147566.25
Epoch 9: loss = 1147566.125
Epoch 10: loss = 1147566.125
Epoch 11: loss = 1147566.0
Epoch 12: loss = 1147566.0
Epoch 13: loss = 1147566.0
Epoch 14: loss = 1147566.0
Epoch 15: loss = 1147566.0
Epoch 16: loss = 1147566.0
Epoch 17: loss = 1147566.0
Epoch 18: loss = 1147566.0
Epoch 19: loss = 1147565.875
Epoch 20: loss = 1147566.0
Epoch 21: loss = 1147565.875
Epoch 22: loss = 1147566.0
Epoch 23: loss = 1147566.0
Epoch 24: loss = 1147566.0
Epoch 25: loss = 1147566.0
Epoch 26: loss = 1147566.0
Epoch 27: loss = 1147565.875
Epoch 28: loss = 1147565.875
Epoch 29: loss = 1147565.875
Early stopping at epoch 29 with loss 1147565.875
Reconstruction for fluence = 1128.8378916846884 photons/pixel
Epoch 0: loss = 11452358.0
Epoch 1: loss = 3308048875520.0
Epoch 2: loss = 48898973696.0
Epoch 3: loss = 725777024.0
Epoch 4: loss = 13382913.0
Epoch 5: loss = 1969683.625
Epoch 6: loss = 1545017.75
Epoch 7: loss = 1543236.125
Epoch 8: loss = 1543217.0
Epoch 9: loss = 1543216.75
Epoch 10: loss = 1543216.75
Epoch 11: loss = 1543216.5
Epoch 12: loss = 1543216.5
Epoch 13: loss = 1543216.25
Epoch 14: loss = 1543216.25
Epoch 15: loss = 1543216.25
Epoch 16: loss = 1543216.25
Epoch 17: loss = 1543216.25
Epoch 18: loss = 1543216.25
Epoch 19: loss = 1543216.5
Epoch 20: loss = 1543216.375
Epoch 21: loss = 1543216.375
Epoch 22: loss = 1543216.375
Epoch 23: loss = 1543216.25
Early stopping at epoch 23 with loss 1543216.25
Reconstruction for fluence = 2636.6508987303555 photons/pixel
Epoch 0: loss = 25658580.0
Epoch 1: loss = 41914120273920.0
Epoch 2: loss = 619533828096.0
Epoch 3: loss = 9163443200.0
Epoch 4: loss = 141046048.0
Epoch 5: loss = 6396908.0
Epoch 6: loss = 2341031.0
Epoch 7: loss = 2135529.5
Epoch 8: loss = 2130938.5
Epoch 9: loss = 2130872.0
Epoch 10: loss = 2130872.0
Epoch 11: loss = 2130871.5
Epoch 12: loss = 2130871.5
Epoch 13: loss = 2130871.5
Epoch 14: loss = 2130871.5
Epoch 15: loss = 2130871.25
Epoch 16: loss = 2130871.25
Epoch 17: loss = 2130871.25
Epoch 18: loss = 2130871.25
Epoch 19: loss = 2130871.0
Epoch 20: loss = 2130871.0
Epoch 21: loss = 2130871.0
Epoch 22: loss = 2130871.0
Epoch 23: loss = 2130871.0
Epoch 24: loss = 2130871.0
Epoch 25: loss = 2130871.0
Epoch 26: loss = 2130871.0
Epoch 27: loss = 2130871.0
Epoch 28: loss = 2130871.0
Epoch 29: loss = 2130871.0
Early stopping at epoch 29 with loss 2130871.0
Reconstruction for fluence = 6158.482110660255 photons/pixel
Epoch 0: loss = 58909364.0
Epoch 1: loss = 537450128605184.0
Epoch 2: loss = 7943999193088.0
Epoch 3: loss = 117432459264.0
Epoch 4: loss = 1748124416.0
Epoch 5: loss = 35646064.0
Epoch 6: loss = 5928652.0
Epoch 7: loss = 3032639.0
Epoch 8: loss = 2875857.0
Epoch 9: loss = 2873463.0
Epoch 10: loss = 2873428.5
Epoch 11: loss = 2873428.0
Epoch 12: loss = 2873427.5
Epoch 13: loss = 2873427.5
Epoch 14: loss = 2873427.5
Epoch 15: loss = 2873427.25
Epoch 16: loss = 2873427.25
Epoch 17: loss = 2873427.25
Epoch 18: loss = 2873427.25
Epoch 19: loss = 2873427.25
Epoch 20: loss = 2873427.5
Epoch 21: loss = 2873427.25
Epoch 22: loss = 2873427.25
Epoch 23: loss = 2873427.0
Epoch 24: loss = 2873427.0
Epoch 25: loss = 2873427.0
Epoch 26: loss = 2873427.0
Epoch 27: loss = 2873427.25
Epoch 28: loss = 2873427.25
Epoch 29: loss = 2873427.25
Epoch 30: loss = 2873427.25
Epoch 31: loss = 2873427.25
Epoch 32: loss = 2873427.25
Epoch 33: loss = 2873427.25
Early stopping at epoch 33 with loss 2873427.0
Reconstruction for fluence = 14384.498882876629 photons/pixel
Epoch 0: loss = 136528912.0
Epoch 1: loss = 6905683567968256.0
Epoch 2: loss = 102072129159168.0
Epoch 3: loss = 1508744626176.0
Epoch 4: loss = 22328127488.0
Epoch 5: loss = 353200512.0
Epoch 6: loss = 21108218.0
Epoch 7: loss = 5320041.0
Epoch 8: loss = 3763156.25
Epoch 9: loss = 3711915.5
Epoch 10: loss = 3711029.5
Epoch 11: loss = 3711020.5
Epoch 12: loss = 3711019.5
Epoch 13: loss = 3711019.25
Epoch 14: loss = 3711019.25
Epoch 15: loss = 3711019.25
Epoch 16: loss = 3711019.0
Epoch 17: loss = 3711019.0
Epoch 18: loss = 3711019.0
Epoch 19: loss = 3711019.0
Epoch 20: loss = 3711019.0
Epoch 21: loss = 3711019.0
Epoch 22: loss = 3711019.0
Epoch 23: loss = 3711019.0
Epoch 24: loss = 3711019.0
Epoch 25: loss = 3711019.0
Epoch 26: loss = 3711019.0
Early stopping at epoch 26 with loss 3711019.0
Reconstruction for fluence = 33598.18286283781 photons/pixel
Epoch 0: loss = 317867584.0
Epoch 1: loss = 8.87537811849216e+16
Epoch 2: loss = 1311859374292992.0
Epoch 3: loss = 19390500175872.0
Epoch 4: loss = 286670454784.0
Epoch 5: loss = 4292936192.0
Epoch 6: loss = 103565904.0
Epoch 7: loss = 15235216.0
Epoch 8: loss = 5633087.0
Epoch 9: loss = 4523714.5
Epoch 10: loss = 4491330.0
Epoch 11: loss = 4490890.0
Epoch 12: loss = 4490886.0
Epoch 13: loss = 4490885.0
Epoch 14: loss = 4490885.0
Epoch 15: loss = 4490885.0
Epoch 16: loss = 4490884.5
Epoch 17: loss = 4490884.5
Epoch 18: loss = 4490884.5
Epoch 19: loss = 4490884.0
Epoch 20: loss = 4490884.0
Epoch 21: loss = 4490884.0
Epoch 22: loss = 4490884.0
Epoch 23: loss = 4490884.0
Epoch 24: loss = 4490884.0
Epoch 25: loss = 4490884.0
Epoch 26: loss = 4490884.0
Epoch 27: loss = 4490884.0
Epoch 28: loss = 4490884.0
Epoch 29: loss = 4490884.0
Early stopping at epoch 29 with loss 4490884.0
Reconstruction for fluence = 78475.99703514607 photons/pixel
Epoch 0: loss = 741439808.0
Epoch 1: loss = 1.1390436062800118e+18
Epoch 2: loss = 1.6836072084340736e+16
Epoch 3: loss = 248852049297408.0
Epoch 4: loss = 3678393073664.0
Epoch 5: loss = 54502776832.0
Epoch 6: loss = 909460672.0
Epoch 7: loss = 73990064.0
Epoch 8: loss = 11395407.0
Epoch 9: loss = 5588228.0
Epoch 10: loss = 5001914.0
Epoch 11: loss = 4989989.5
Epoch 12: loss = 4989803.0
Epoch 13: loss = 4989802.0
Epoch 14: loss = 4989802.0
Epoch 15: loss = 4989801.0
Epoch 16: loss = 4989801.0
Epoch 17: loss = 4989801.0
Epoch 18: loss = 4989801.0
Epoch 19: loss = 4989801.0
Epoch 20: loss = 4989801.0
Epoch 21: loss = 4989801.0
Epoch 22: loss = 4989801.0
Epoch 23: loss = 4989801.0
Epoch 24: loss = 4989800.5
Epoch 25: loss = 4989800.5
Epoch 26: loss = 4989800.5
Epoch 27: loss = 4989800.5
Epoch 28: loss = 4989800.5
Epoch 29: loss = 4989800.5
Epoch 30: loss = 4989800.5
Epoch 31: loss = 4989800.5
Epoch 32: loss = 4989800.5
Epoch 33: loss = 4989800.5
Epoch 34: loss = 4989800.5
Early stopping at epoch 34 with loss 4989800.5
Reconstruction for fluence = 183298.07108324335 photons/pixel
Epoch 0: loss = 1730706432.0
Epoch 1: loss = 1.459320430798255e+19
Epoch 2: loss = 2.157004387904389e+17
Epoch 3: loss = 3188242539085824.0
Epoch 4: loss = 47125358444544.0
Epoch 5: loss = 696867028992.0
Epoch 6: loss = 10569551872.0
Epoch 7: loss = 336067328.0
Epoch 8: loss = 36307416.0
Epoch 9: loss = 10127179.0
Epoch 10: loss = 5331875.0
Epoch 11: loss = 5093314.0
Epoch 12: loss = 5089230.0
Epoch 13: loss = 5089171.0
Epoch 14: loss = 5089170.0
Epoch 15: loss = 5089170.0
Epoch 16: loss = 5089170.0
Epoch 17: loss = 5089170.0
Epoch 18: loss = 5089169.5
Epoch 19: loss = 5089169.5
Epoch 20: loss = 5089169.5
Epoch 21: loss = 5089169.5
Epoch 22: loss = 5089169.5
Epoch 23: loss = 5089169.5
Epoch 24: loss = 5089169.5
Epoch 25: loss = 5089169.5
Epoch 26: loss = 5089169.5
Epoch 27: loss = 5089169.5
Epoch 28: loss = 5089169.5
Early stopping at epoch 28 with loss 5089169.5
Reconstruction for fluence = 428133.2398719387 photons/pixel
Epoch 0: loss = 4041602304.0
Epoch 1: loss = 1.8662329276809452e+20
Epoch 2: loss = 2.7584569707876844e+18
Epoch 3: loss = 4.077242518863872e+16
Epoch 4: loss = 602653235085312.0
Epoch 5: loss = 8908477300736.0
Epoch 6: loss = 132352491520.0
Epoch 7: loss = 2455218176.0
Epoch 8: loss = 237699568.0
Epoch 9: loss = 29300772.0
Epoch 10: loss = 7923046.0
Epoch 11: loss = 4965450.0
Epoch 12: loss = 4879350.5
Epoch 13: loss = 4878017.5
Epoch 14: loss = 4878003.0
Epoch 15: loss = 4878002.0
Epoch 16: loss = 4878001.5
Epoch 17: loss = 4878001.5
Epoch 18: loss = 4878001.0
Epoch 19: loss = 4878001.0
Epoch 20: loss = 4878001.0
Epoch 21: loss = 4878001.0
Epoch 22: loss = 4878001.0
Epoch 23: loss = 4878001.0
Epoch 24: loss = 4878001.5
Epoch 25: loss = 4878001.0
Epoch 26: loss = 4878001.0
Epoch 27: loss = 4878001.0
Epoch 28: loss = 4878001.0
Early stopping at epoch 28 with loss 4878001.0
Reconstruction for fluence = 1000000.0 photons/pixel
Epoch 0: loss = 9439186944.0
Epoch 1: loss = 2.383175162840203e+21
Epoch 2: loss = 3.522543664910618e+19
Epoch 3: loss = 5.206628736560005e+17
Epoch 4: loss = 7695857692442624.0
Epoch 5: loss = 113753265799168.0
Epoch 6: loss = 1683019268096.0
Epoch 7: loss = 26230915072.0
Epoch 8: loss = 1236626944.0
Epoch 9: loss = 115539048.0
Epoch 10: loss = 24801860.0
Epoch 11: loss = 6052849.0
Epoch 12: loss = 4624810.0
Epoch 13: loss = 4597681.0
Epoch 14: loss = 4597320.5
Epoch 15: loss = 4597318.0
Epoch 16: loss = 4597318.0
Epoch 17: loss = 4597317.0
Epoch 18: loss = 4597317.0
Epoch 19: loss = 4597317.0
Epoch 20: loss = 4597317.0
Epoch 21: loss = 4597317.0
Epoch 22: loss = 4597317.0
Epoch 23: loss = 4597317.0
Epoch 24: loss = 4597317.0
Epoch 25: loss = 4597317.0
Epoch 26: loss = 4597317.0
Epoch 27: loss = 4597317.0
Early stopping at epoch 27 with loss 4597317.0
Tensors initialization on device cuda
Multiprobe = band_lim
torch.Size([4, 64, 64])

('MSE', 'PoissonNLL') RECONSTRUCTIONS

Reconstruction for fluence = 0.09999999999999999 photons/pixel
Epoch 0: loss = 10641.017578125
Epoch 1: loss = 3804.75341796875
Epoch 2: loss = 3679.216552734375
Epoch 3: loss = 3677.26220703125
Epoch 4: loss = 3677.2255859375
Epoch 5: loss = 3677.22509765625
Epoch 6: loss = 3677.224609375
Epoch 7: loss = 3677.224609375
Epoch 8: loss = 3677.224609375
Epoch 9: loss = 3677.224609375
Epoch 10: loss = 3677.224609375
Epoch 11: loss = 3677.224365234375
Epoch 12: loss = 3677.224365234375
Epoch 13: loss = 3677.224365234375
Epoch 14: loss = 3677.224365234375
Epoch 0: loss = 0.00273334002122283
Epoch 1: loss = 0.00273324828594923
Epoch 2: loss = 0.0027331560850143433
Epoch 3: loss = 0.0027330641169101
Epoch 4: loss = 0.0027329721488058567
Epoch 5: loss = 0.002732880413532257
Epoch 6: loss = 0.0027327886782586575
Epoch 7: loss = 0.002732696942985058
Epoch 8: loss = 0.002732605207711458
Epoch 9: loss = 0.0027325134724378586
Epoch 10: loss = 0.002732421737164259
Early stopping at epoch 10 with loss 0.00273334002122283
Reconstruction for fluence = 0.23357214690901223 photons/pixel
Epoch 0: loss = 24269.02734375
Epoch 1: loss = 8828.5341796875
Epoch 2: loss = 8545.3544921875
Epoch 3: loss = 8540.884765625
Epoch 4: loss = 8540.80859375
Epoch 5: loss = 8540.806640625
Epoch 6: loss = 8540.8046875
Epoch 7: loss = 8540.8046875
Epoch 8: loss = 8540.8037109375
Epoch 9: loss = 8540.8037109375
Epoch 10: loss = 8540.8037109375
Epoch 11: loss = 8540.802734375
Epoch 12: loss = 8540.802734375
Epoch 13: loss = 8540.802734375
Epoch 14: loss = 8540.802734375
Epoch 0: loss = 0.005538023076951504
Epoch 1: loss = 0.005537797696888447
Epoch 2: loss = 0.00553757231682539
Epoch 3: loss = 0.005537346936762333
Epoch 4: loss = 0.005537121556699276
Epoch 5: loss = 0.005536897107958794
Epoch 6: loss = 0.005536671727895737
Epoch 7: loss = 0.005536447279155254
Epoch 8: loss = 0.005536221899092197
Epoch 9: loss = 0.005535997450351715
Epoch 10: loss = 0.005535773001611233
Early stopping at epoch 10 with loss 0.005538023076951504
Reconstruction for fluence = 0.5455594781168519 photons/pixel
Epoch 0: loss = 54819.3515625
Epoch 1: loss = 20624.79296875
Epoch 2: loss = 19995.53515625
Epoch 3: loss = 19985.453125
Epoch 4: loss = 19985.28515625
Epoch 5: loss = 19985.279296875
Epoch 6: loss = 19985.27734375
Epoch 7: loss = 19985.27734375
Epoch 8: loss = 19985.27734375
Epoch 9: loss = 19985.275390625
Epoch 10: loss = 19985.275390625
Epoch 11: loss = 19985.275390625
Epoch 12: loss = 19985.2734375
Epoch 13: loss = 19985.2734375
Epoch 14: loss = 19985.275390625
Epoch 0: loss = 0.01107163354754448
Epoch 1: loss = 0.011071071028709412
Epoch 2: loss = 0.011070510372519493
Epoch 3: loss = 0.011069949716329575
Epoch 4: loss = 0.01106938999146223
Epoch 5: loss = 0.011068829335272312
Epoch 6: loss = 0.011068269610404968
Epoch 7: loss = 0.011067710816860199
Epoch 8: loss = 0.01106715202331543
Epoch 9: loss = 0.01106659322977066
Epoch 10: loss = 0.011066035367548466
Early stopping at epoch 10 with loss 0.01107163354754448
Reconstruction for fluence = 1.2742749857031335 photons/pixel
Epoch 0: loss = 120922.1875
Epoch 1: loss = 47237.90625
Epoch 2: loss = 45874.5234375
Epoch 3: loss = 45852.265625
Epoch 4: loss = 45851.9140625
Epoch 5: loss = 45851.8984375
Epoch 6: loss = 45851.890625
Epoch 7: loss = 45851.890625
Epoch 8: loss = 45851.88671875
Epoch 9: loss = 45851.88671875
Epoch 10: loss = 45851.890625
Epoch 11: loss = 45851.88671875
Epoch 12: loss = 45851.88671875
Epoch 13: loss = 45851.88671875
Epoch 14: loss = 45851.88671875
Epoch 0: loss = 0.02122720330953598
Epoch 1: loss = 0.021225832402706146
Epoch 2: loss = 0.021224461495876312
Epoch 3: loss = 0.021223094314336777
Epoch 4: loss = 0.02122172899544239
Epoch 5: loss = 0.021220365539193153
Epoch 6: loss = 0.021219003945589066
Epoch 7: loss = 0.02121764048933983
Epoch 8: loss = 0.02121628448367119
Epoch 9: loss = 0.02121492475271225
Epoch 10: loss = 0.021213572472333908
Early stopping at epoch 10 with loss 0.02122720330953598
Reconstruction for fluence = 2.976351441631318 photons/pixel
Epoch 0: loss = 257879.28125
Epoch 1: loss = 106594.59375
Epoch 2: loss = 103767.2421875
Epoch 3: loss = 103720.1015625
Epoch 4: loss = 103719.328125
Epoch 5: loss = 103719.3125
Epoch 6: loss = 103719.3125
Epoch 7: loss = 103719.3125
Epoch 8: loss = 103719.3125
Epoch 9: loss = 103719.3125
Epoch 10: loss = 103719.3125
Epoch 11: loss = 103719.3125
Epoch 12: loss = 103719.3046875
Epoch 13: loss = 103719.3046875
Epoch 14: loss = 103719.3046875
Epoch 0: loss = 0.03900042921304703
Epoch 1: loss = 0.038996998220682144
Epoch 2: loss = 0.03899357467889786
Epoch 3: loss = 0.03899016231298447
Epoch 4: loss = 0.03898676857352257
Epoch 5: loss = 0.03898338973522186
Epoch 6: loss = 0.038980018347501755
Epoch 7: loss = 0.038976654410362244
Epoch 8: loss = 0.038973309099674225
Epoch 9: loss = 0.0389699749648571
Epoch 10: loss = 0.03896665200591087
Early stopping at epoch 10 with loss 0.03900042921304703
Reconstruction for fluence = 6.9519279617756045 photons/pixel
Epoch 0: loss = 519314.71875
Epoch 1: loss = 229627.375
Epoch 2: loss = 224110.40625
Epoch 3: loss = 224016.34375
Epoch 4: loss = 224014.828125
Epoch 5: loss = 224014.796875
Epoch 6: loss = 224014.796875
Epoch 7: loss = 224014.78125
Epoch 8: loss = 224014.78125
Epoch 9: loss = 224014.78125
Epoch 10: loss = 224014.78125
Epoch 11: loss = 224014.78125
Epoch 12: loss = 224014.765625
Epoch 13: loss = 224014.765625
Epoch 14: loss = 224014.765625
Epoch 0: loss = 0.0669606626033783
Epoch 1: loss = 0.04924196004867554
Epoch 2: loss = 0.04805874451994896
Epoch 3: loss = 0.047913361340761185
Epoch 4: loss = 0.04789184033870697
Epoch 5: loss = 0.04788908362388611
Epoch 6: loss = 0.04788908362388611
Epoch 7: loss = 0.04788908362388611
Epoch 8: loss = 0.04788908362388611
Epoch 9: loss = 0.04788908362388611
Epoch 10: loss = 0.04788908362388611
Epoch 11: loss = 0.04788908362388611
Epoch 12: loss = 0.04788908362388611
Epoch 13: loss = 0.04788908362388611
Early stopping at epoch 13 with loss 0.047913361340761185
Reconstruction for fluence = 16.23776739188721 photons/pixel
Epoch 0: loss = 952270.875
Epoch 1: loss = 452708.875
Epoch 2: loss = 442920.75
Epoch 3: loss = 442751.15625
Epoch 4: loss = 442748.4375
Epoch 5: loss = 442748.375
Epoch 6: loss = 442748.375
Epoch 7: loss = 442748.375
Epoch 8: loss = 442748.375
Epoch 9: loss = 442748.375
Epoch 10: loss = 442748.375
Epoch 11: loss = 442748.375
Epoch 12: loss = 442748.375
Epoch 13: loss = 442748.34375
Epoch 14: loss = 442748.34375
Epoch 0: loss = 0.10521049797534943
Epoch 1: loss = 0.08318399637937546
Epoch 2: loss = 0.0819665864109993
Epoch 3: loss = 0.08183056861162186
Epoch 4: loss = 0.08181265741586685
Epoch 5: loss = 0.08180750906467438
Epoch 6: loss = 0.08180707693099976
Epoch 7: loss = 0.08180707693099976
Epoch 8: loss = 0.08180707693099976
Epoch 9: loss = 0.08180707693099976
Epoch 10: loss = 0.08180707693099976
Epoch 11: loss = 0.08180707693099976
Epoch 12: loss = 0.08180707693099976
Epoch 13: loss = 0.08180707693099976
Early stopping at epoch 13 with loss 0.08183056861162186
Reconstruction for fluence = 37.926901907322495 photons/pixel
Epoch 0: loss = 1520346.0
Epoch 1: loss = 748361.5
Epoch 2: loss = 732707.0
Epoch 3: loss = 732432.6875
Epoch 4: loss = 732428.625
Epoch 5: loss = 732428.375
Epoch 6: loss = 732428.375
Epoch 7: loss = 732428.25
Epoch 8: loss = 732428.25
Epoch 9: loss = 732428.25
Epoch 10: loss = 732428.25
Epoch 11: loss = 732428.25
Epoch 12: loss = 732428.25
Epoch 13: loss = 732428.25
Epoch 14: loss = 732428.25
Epoch 0: loss = 0.14287596940994263
Epoch 1: loss = 0.12166773527860641
Epoch 2: loss = 0.12059667706489563
Epoch 3: loss = 0.12049411237239838
Epoch 4: loss = 0.12047171592712402
Epoch 5: loss = 0.12046565115451813
Epoch 6: loss = 0.12046565115451813
Epoch 7: loss = 0.12046565115451813
Epoch 8: loss = 0.12046565115451813
Epoch 9: loss = 0.12046565115451813
Epoch 10: loss = 0.12046565115451813
Epoch 11: loss = 0.12046565115451813
Epoch 12: loss = 0.12046565115451813
Epoch 13: loss = 0.12046565115451813
Early stopping at epoch 13 with loss 0.12049411237239838
Reconstruction for fluence = 88.58667904100822 photons/pixel
Epoch 0: loss = 2112911.5
Epoch 1: loss = 956592.125
Epoch 2: loss = 932646.0625
Epoch 3: loss = 932221.875
Epoch 4: loss = 932215.375
Epoch 5: loss = 932215.1875
Epoch 6: loss = 932215.125
Epoch 7: loss = 932215.125
Epoch 8: loss = 932215.125
Epoch 9: loss = 932215.0625
Epoch 10: loss = 932215.0
Epoch 11: loss = 932215.0
Epoch 12: loss = 932215.0625
Epoch 13: loss = 932215.0625
Epoch 14: loss = 932215.0625
Epoch 0: loss = 0.13550913333892822
Epoch 1: loss = 0.11732588708400726
Epoch 2: loss = 0.11640627682209015
Epoch 3: loss = 0.11630793660879135
Epoch 4: loss = 0.1162676215171814
Epoch 5: loss = 0.11626212298870087
Epoch 6: loss = 0.1162620559334755
Epoch 7: loss = 0.1162620559334755
Epoch 8: loss = 0.1162620559334755
Epoch 9: loss = 0.1162620559334755
Epoch 10: loss = 0.1162620559334755
Epoch 11: loss = 0.1162620559334755
Epoch 12: loss = 0.1162620559334755
Epoch 13: loss = 0.1162620559334755
Epoch 14: loss = 0.1162620559334755
Early stopping at epoch 14 with loss 0.1162676215171814
Reconstruction for fluence = 206.9138081114788 photons/pixel
Epoch 0: loss = 3043264.5
Epoch 1: loss = 24086065152.0
Epoch 2: loss = 357200704.0
Epoch 3: loss = 6415428.0
Epoch 4: loss = 1075196.0
Epoch 5: loss = 986918.75
Epoch 6: loss = 985261.4375
Epoch 7: loss = 985234.25
Epoch 8: loss = 985234.125
Epoch 9: loss = 985234.0
Epoch 10: loss = 985233.9375
Epoch 11: loss = 985233.875
Epoch 12: loss = 985233.875
Epoch 13: loss = 985233.875
Epoch 14: loss = 985233.875
Epoch 0: loss = -0.09001415967941284
Epoch 1: loss = -0.11157895624637604
Epoch 2: loss = -0.11261716485023499
Epoch 3: loss = -0.11279208958148956
Epoch 4: loss = -0.11286290735006332
Epoch 5: loss = -0.11287002265453339
Epoch 6: loss = -0.1128702238202095
Epoch 7: loss = -0.1128702312707901
Epoch 8: loss = -0.1128702312707901
Epoch 9: loss = -0.1128702387213707
Epoch 10: loss = -0.1128702387213707
Epoch 11: loss = -0.1128702387213707
Epoch 12: loss = -0.1128702387213707
Epoch 13: loss = -0.1128702387213707
Early stopping at epoch 13 with loss -0.11279208958148956
Reconstruction for fluence = 483.2930238571752 photons/pixel
Epoch 0: loss = 5445782.0
Epoch 1: loss = 270527725568.0
Epoch 2: loss = 4000361216.0
Epoch 3: loss = 60775780.0
Epoch 4: loss = 2279770.5
Epoch 5: loss = 1149362.5
Epoch 6: loss = 1133257.75
Epoch 7: loss = 1132969.625
Epoch 8: loss = 1132965.5
Epoch 9: loss = 1132965.5
Epoch 10: loss = 1132965.5
Epoch 11: loss = 1132965.25
Epoch 12: loss = 1132965.25
Epoch 13: loss = 1132965.25
Epoch 14: loss = 1132965.25
Epoch 0: loss = -1.130873203277588
Epoch 1: loss = -1.1634063720703125
Epoch 2: loss = -1.1646008491516113
Epoch 3: loss = -1.1649181842803955
Epoch 4: loss = -1.165054202079773
Epoch 5: loss = -1.1650586128234863
Epoch 6: loss = -1.1650588512420654
Epoch 7: loss = -1.1650588512420654
Epoch 8: loss = -1.165058970451355
Epoch 9: loss = -1.1650590896606445
Epoch 10: loss = -1.1650590896606445
Epoch 11: loss = -1.1650590896606445
Epoch 12: loss = -1.1650590896606445
Epoch 13: loss = -1.1650590896606445
Epoch 14: loss = -1.1650590896606445
Early stopping at epoch 14 with loss -1.165054202079773
Reconstruction for fluence = 1128.8378916846884 photons/pixel
Epoch 0: loss = 11450324.0
Epoch 1: loss = 3325871783936.0
Epoch 2: loss = 49162526720.0
Epoch 3: loss = 729762112.0
Epoch 4: loss = 13458544.0
Epoch 5: loss = 1834814.75
Epoch 6: loss = 1518166.125
Epoch 7: loss = 1516421.125
Epoch 8: loss = 1516391.5
Epoch 9: loss = 1516391.25
Epoch 10: loss = 1516391.25
Epoch 11: loss = 1516391.25
Epoch 12: loss = 1516391.125
Epoch 13: loss = 1516391.0
Epoch 14: loss = 1516391.0
Epoch 0: loss = -4.779191970825195
Epoch 1: loss = -4.825311660766602
Epoch 2: loss = -4.826645851135254
Epoch 3: loss = -4.827227592468262
Epoch 4: loss = -4.827407360076904
Epoch 5: loss = -4.827408790588379
Epoch 6: loss = -4.827409744262695
Epoch 7: loss = -4.827409744262695
Epoch 8: loss = -4.827410697937012
Epoch 9: loss = -4.827410697937012
Epoch 10: loss = -4.827410697937012
Epoch 11: loss = -4.827410697937012
Epoch 12: loss = -4.827410697937012
Epoch 13: loss = -4.827410697937012
Epoch 14: loss = -4.827410697937012
Early stopping at epoch 14 with loss -4.827407360076904
Reconstruction for fluence = 2636.6508987303555 photons/pixel
Epoch 0: loss = 25654948.0
Epoch 1: loss = 42185089089536.0
Epoch 2: loss = 623539519488.0
Epoch 3: loss = 9222944768.0
Epoch 4: loss = 142106144.0
Epoch 5: loss = 6281442.5
Epoch 6: loss = 2193556.5
Epoch 7: loss = 2103260.0
Epoch 8: loss = 2101934.0
Epoch 9: loss = 2101914.0
Epoch 10: loss = 2101913.5
Epoch 11: loss = 2101913.5
Epoch 12: loss = 2101913.0
Epoch 13: loss = 2101913.0
Epoch 14: loss = 2101913.0
Epoch 0: loss = -16.126373291015625
Epoch 1: loss = -16.185001373291016
Epoch 2: loss = -16.186670303344727
Epoch 3: loss = -16.18768882751465
Epoch 4: loss = -16.18779754638672
Epoch 5: loss = -16.187801361083984
Epoch 6: loss = -16.187801361083984
Epoch 7: loss = -16.18780517578125
Epoch 8: loss = -16.18780517578125
Epoch 9: loss = -16.18780517578125
Epoch 10: loss = -16.18780517578125
Epoch 11: loss = -16.18780517578125
Epoch 12: loss = -16.187807083129883
Epoch 13: loss = -16.187807083129883
Epoch 14: loss = -16.187807083129883
Early stopping at epoch 14 with loss -16.18779754638672
Reconstruction for fluence = 6158.482110660255 photons/pixel
Epoch 0: loss = 58871056.0
Epoch 1: loss = 540218134364160.0
Epoch 2: loss = 7984914104320.0
Epoch 3: loss = 118038052864.0
Epoch 4: loss = 1757778944.0
Epoch 5: loss = 35981248.0
Epoch 6: loss = 4942843.0
Epoch 7: loss = 2939359.75
Epoch 8: loss = 2844023.0
Epoch 9: loss = 2842325.75
Epoch 10: loss = 2842300.5
Epoch 11: loss = 2842300.5
Epoch 12: loss = 2842300.5
Epoch 13: loss = 2842300.0
Epoch 14: loss = 2842300.0
Epoch 0: loss = -49.22416305541992
Epoch 1: loss = -49.290931701660156
Epoch 2: loss = -49.29356384277344
Epoch 3: loss = -49.29459762573242
Epoch 4: loss = -49.294639587402344
Epoch 5: loss = -49.294639587402344
Epoch 6: loss = -49.294639587402344
Epoch 7: loss = -49.294647216796875
Epoch 8: loss = -49.294647216796875
Epoch 9: loss = -49.294647216796875
Epoch 10: loss = -49.294647216796875
Epoch 11: loss = -49.294647216796875
Epoch 12: loss = -49.294647216796875
Epoch 13: loss = -49.294647216796875
Early stopping at epoch 13 with loss -49.29459762573242
Reconstruction for fluence = 14384.498882876629 photons/pixel
Epoch 0: loss = 136485200.0
Epoch 1: loss = 6933274437877760.0
Epoch 2: loss = 102479966502912.0
Epoch 3: loss = 1514774986752.0
Epoch 4: loss = 22419374080.0
Epoch 5: loss = 355734464.0
Epoch 6: loss = 20022558.0
Epoch 7: loss = 4806069.5
Epoch 8: loss = 3747530.5
Epoch 9: loss = 3683112.5
Epoch 10: loss = 3681947.75
Epoch 11: loss = 3681934.5
Epoch 12: loss = 3681933.5
Epoch 13: loss = 3681933.0
Epoch 14: loss = 3681933.0
Epoch 0: loss = -141.8650360107422
Epoch 1: loss = -141.9321746826172
Epoch 2: loss = -141.93560791015625
Epoch 3: loss = -141.93563842773438
Epoch 4: loss = -141.93569946289062
Epoch 5: loss = -141.93572998046875
Epoch 6: loss = -141.93572998046875
Epoch 7: loss = -141.93572998046875
Epoch 8: loss = -141.9357452392578
Epoch 9: loss = -141.9357452392578
Epoch 10: loss = -141.9357452392578
Epoch 11: loss = -141.93576049804688
Epoch 12: loss = -141.93576049804688
Epoch 13: loss = -141.93576049804688
Epoch 14: loss = -141.93576049804688
Epoch 15: loss = -141.93576049804688
Early stopping at epoch 15 with loss -141.93572998046875
Reconstruction for fluence = 33598.18286283781 photons/pixel
Epoch 0: loss = 317750528.0
Epoch 1: loss = 8.894439183351808e+16
Epoch 2: loss = 1314676604403712.0
Epoch 3: loss = 19432141225984.0
Epoch 4: loss = 287291539456.0
Epoch 5: loss = 4306217984.0
Epoch 6: loss = 104185992.0
Epoch 7: loss = 12341386.0
Epoch 8: loss = 5570933.0
Epoch 9: loss = 4499986.0
Epoch 10: loss = 4464578.0
Epoch 11: loss = 4464095.5
Epoch 12: loss = 4464092.0
Epoch 13: loss = 4464091.0
Epoch 14: loss = 4464091.0
Epoch 0: loss = -394.0910339355469
Epoch 1: loss = -394.1495666503906
Epoch 2: loss = -394.15087890625
Epoch 3: loss = -394.15093994140625
Epoch 4: loss = -394.15093994140625
Epoch 5: loss = -394.1510009765625
Epoch 6: loss = -394.1510009765625
Epoch 7: loss = -394.1510009765625
Epoch 8: loss = -394.1510009765625
Epoch 9: loss = -394.1510009765625
Epoch 10: loss = -394.1510009765625
Epoch 11: loss = -394.1510009765625
Epoch 12: loss = -394.1510314941406
Epoch 13: loss = -394.1510314941406
Epoch 14: loss = -394.1510314941406
Epoch 15: loss = -394.1510314941406
Early stopping at epoch 15 with loss -394.1510009765625
Reconstruction for fluence = 78475.99703514607 photons/pixel
Epoch 0: loss = 741047552.0
Epoch 1: loss = 1.139835392090964e+18
Epoch 2: loss = 1.684777157525504e+16
Epoch 3: loss = 249025039171584.0
Epoch 4: loss = 3680962084864.0
Epoch 5: loss = 54552248320.0
Epoch 6: loss = 915145088.0
Epoch 7: loss = 63266024.0
Epoch 8: loss = 10390699.0
Epoch 9: loss = 5672694.5
Epoch 10: loss = 4982361.0
Epoch 11: loss = 4966690.0
Epoch 12: loss = 4966449.0
Epoch 13: loss = 4966449.0
Epoch 14: loss = 4966448.0
Epoch 0: loss = -1066.990966796875
Epoch 1: loss = -1067.03173828125
Epoch 2: loss = -1067.0322265625
Epoch 3: loss = -1067.0322265625
Epoch 4: loss = -1067.032470703125
Epoch 5: loss = -1067.032470703125
Epoch 6: loss = -1067.032470703125
Epoch 7: loss = -1067.032470703125
Epoch 8: loss = -1067.032470703125
Epoch 9: loss = -1067.032470703125
Epoch 10: loss = -1067.032470703125
Epoch 11: loss = -1067.032470703125
Epoch 12: loss = -1067.032470703125
Epoch 13: loss = -1067.032470703125
Epoch 14: loss = -1067.032470703125
Early stopping at epoch 14 with loss -1067.032470703125
Reconstruction for fluence = 183298.07108324335 photons/pixel
Epoch 0: loss = 1729927680.0
Epoch 1: loss = 1.4595559461889245e+19
Epoch 2: loss = 2.1573521084566733e+17
Epoch 3: loss = 3188757129854976.0
Epoch 4: loss = 47132987883520.0
Epoch 5: loss = 697008586752.0
Epoch 6: loss = 10590449664.0
Epoch 7: loss = 332318240.0
Epoch 8: loss = 30352226.0
Epoch 9: loss = 10307619.0
Epoch 10: loss = 5334992.5
Epoch 11: loss = 5086425.0
Epoch 12: loss = 5082019.0
Epoch 13: loss = 5081953.0
Epoch 14: loss = 5081952.0
Epoch 0: loss = -2833.779296875
Epoch 1: loss = -2833.8017578125
Epoch 2: loss = -2833.802001953125
Epoch 3: loss = -2833.802001953125
Epoch 4: loss = -2833.80224609375
Epoch 5: loss = -2833.802490234375
Epoch 6: loss = -2833.802490234375
Epoch 7: loss = -2833.802490234375
Epoch 8: loss = -2833.802490234375
Epoch 9: loss = -2833.802490234375
Epoch 10: loss = -2833.802490234375
Epoch 11: loss = -2833.802490234375
Epoch 12: loss = -2833.802490234375
Epoch 13: loss = -2833.802490234375
Epoch 14: loss = -2833.802490234375
Epoch 15: loss = -2833.802490234375
Early stopping at epoch 15 with loss -2833.802490234375
Reconstruction for fluence = 428133.2398719387 photons/pixel
Epoch 0: loss = 4039979008.0
Epoch 1: loss = 1.866323175595353e+20
Epoch 2: loss = 2.7585894619388314e+18
Epoch 3: loss = 4.07743836937257e+16
Epoch 4: loss = 602682091896832.0
Epoch 5: loss = 8908974325760.0
Epoch 6: loss = 132416585728.0
Epoch 7: loss = 2471944448.0
Epoch 8: loss = 189855456.0
Epoch 9: loss = 27140398.0
Epoch 10: loss = 7484671.0
Epoch 11: loss = 4957693.0
Epoch 12: loss = 4890171.5
Epoch 13: loss = 4889121.0
Epoch 14: loss = 4889110.0
Epoch 0: loss = -7416.61328125
Epoch 1: loss = -7416.62255859375
Epoch 2: loss = -7416.62255859375
Epoch 3: loss = -7416.623046875
Epoch 4: loss = -7416.623046875
Epoch 5: loss = -7416.623046875
Epoch 6: loss = -7416.62353515625
Epoch 7: loss = -7416.62353515625
Epoch 8: loss = -7416.62353515625
Epoch 9: loss = -7416.62353515625
Epoch 10: loss = -7416.62353515625
Epoch 11: loss = -7416.62353515625
Epoch 12: loss = -7416.62353515625
Epoch 13: loss = -7416.62353515625
Epoch 14: loss = -7416.62353515625
Epoch 15: loss = -7416.62353515625
Epoch 16: loss = -7416.62353515625
Early stopping at epoch 16 with loss -7416.62353515625
Reconstruction for fluence = 1000000.0 photons/pixel
Epoch 0: loss = 9435208704.0
Epoch 1: loss = 2.383159681716484e+21
Epoch 2: loss = 3.5225196955571323e+19
Epoch 3: loss = 5.206594376821637e+17
Epoch 4: loss = 7695808300318720.0
Epoch 5: loss = 113752695373824.0
Epoch 6: loss = 1683160301568.0
Epoch 7: loss = 26314821632.0
Epoch 8: loss = 1170567424.0
Epoch 9: loss = 97545320.0
Epoch 10: loss = 23811176.0
Epoch 11: loss = 5496670.0
Epoch 12: loss = 4633425.0
Epoch 13: loss = 4617612.5
Epoch 14: loss = 4617394.5
Epoch 0: loss = -19187.26171875
Epoch 1: loss = -19187.26171875
Epoch 2: loss = -19187.26171875
Epoch 3: loss = -19187.26171875
Epoch 4: loss = -19187.265625
Epoch 5: loss = -19187.265625
Epoch 6: loss = -19187.265625
Epoch 7: loss = -19187.265625
Epoch 8: loss = -19187.265625
Epoch 9: loss = -19187.265625
Epoch 10: loss = -19187.265625
Epoch 11: loss = -19187.265625
Epoch 12: loss = -19187.265625
Epoch 13: loss = -19187.265625
Epoch 14: loss = -19187.265625
Early stopping at epoch 14 with loss -19187.265625
Simulation for n_modes=4 and n_fluences=20 completed!
