Running simulation for n_fluences=20
Tensors initialization on device cuda
Multiprobe = None

('MSE', None) RECONSTRUCTIONS

Reconstruction for fluence = 100.0 photons/pixel
Measured intensity range: 0.0 - 3.5561864376068115
Measured intensity range: 0.0 - 3.5561885833740234
Measured intensity range: 0.0 - 3.5562052726745605
Measured intensity range: 0.0 - 3.556295156478882
Measured intensity range: 0.0 - 3.5572853088378906
Measured intensity range: 4.9213792140667125e-17 - 3.5671918392181396
Measured intensity range: 8.809688987695703e-15 - 3.667198896408081
Measured intensity range: 4.831887589150895e-14 - 3.751396894454956
Measured intensity range: 1.0663045018352926e-13 - 3.830703020095825
Measured intensity range: 1.3936887668236642e-12 - 4.638700485229492
Measured intensity range: 1.1148027623643711e-13 - 4.643399238586426
Measured intensity range: 5.009089388934018e-13 - 4.693973541259766
Measured intensity range: 6.009277277174707e-14 - 4.704329013824463
Measured intensity range: 5.905483892697239e-14 - 4.712717056274414
Measured intensity range: 3.0652707477298036e-13 - 4.720019817352295
Measured intensity range: 2.8081275030441243e-14 - 4.726325035095215
Measured intensity range: 6.179751805765465e-13 - 4.73142147064209
Measured intensity range: 1.2352448707994568e-12 - 4.736310005187988
Measured intensity range: 9.539972842731101e-14 - 4.740372657775879
Measured intensity range: 2.1899843050121603e-13 - 4.7429609298706055
Measured intensity range: 5.851022791270033e-13 - 4.747081756591797
Measured intensity range: 6.380768851656227e-13 - 4.748692989349365
Measured intensity range: 1.3657026898261648e-12 - 4.751481533050537
Measured intensity range: 1.8961118482610506e-13 - 4.7532525062561035
Measured intensity range: 8.768586984980731e-13 - 4.754947185516357
Epoch 0: loss = 0.148604154586792
Measured intensity range: 8.768586984980731e-13 - 4.754947185516357
Measured intensity range: 1.492694856608523e-13 - 4.756365776062012
Measured intensity range: 6.681906547165162e-13 - 4.757761478424072
Measured intensity range: 3.6232331696549325e-13 - 4.758922100067139
Measured intensity range: 3.146526821647816e-13 - 4.759575366973877
Measured intensity range: 2.0246960575134865e-13 - 4.761104106903076
Measured intensity range: 9.000055068613191e-14 - 4.761214256286621
Measured intensity range: 2.958654371845726e-13 - 4.762347221374512
Measured intensity range: 5.254201479280851e-13 - 4.762757301330566
Measured intensity range: 7.519797501701064e-13 - 4.763202667236328
Measured intensity range: 1.2393877157207411e-12 - 4.763810634613037
Measured intensity range: 4.640838494746058e-13 - 4.764115333557129
Measured intensity range: 3.9974173602318197e-13 - 4.764495372772217
Measured intensity range: 1.2649950531518073e-13 - 4.764769077301025
Measured intensity range: 6.398258659001677e-13 - 4.765169620513916
Measured intensity range: 1.8343013468823804e-13 - 4.765225887298584
Measured intensity range: 4.573459666534774e-13 - 4.765622615814209
Measured intensity range: 4.545514084488417e-13 - 4.765714168548584
Measured intensity range: 1.5058581551846695e-13 - 4.7658820152282715
Epoch 1: loss = 0.05791954696178436
Measured intensity range: 1.5058581551846695e-13 - 4.7658820152282715
Epoch 2: loss = 0.05791240185499191
Measured intensity range: 1.5058581551846695e-13 - 4.7658820152282715
Epoch 3: loss = 0.05791240185499191
Measured intensity range: 1.5058581551846695e-13 - 4.7658820152282715
Epoch 4: loss = 0.05791240185499191
Measured intensity range: 1.5058581551846695e-13 - 4.7658820152282715
Epoch 5: loss = 0.05791240185499191
Measured intensity range: 1.5058581551846695e-13 - 4.7658820152282715
Epoch 6: loss = 0.05791240185499191
Measured intensity range: 1.5058581551846695e-13 - 4.7658820152282715
Epoch 7: loss = 0.05791240185499191
Early stopping at epoch 7 with loss 0.05791240185499191
Reconstruction for fluence = 162.3776739188721 photons/pixel
Measured intensity range: 0.0 - 5.774451732635498
Measured intensity range: 0.0 - 5.774467945098877
Measured intensity range: 0.0 - 5.774551868438721
Measured intensity range: 0.0 - 5.775484561920166
Measured intensity range: 0.0 - 5.78013801574707
Measured intensity range: 1.2600293775556705e-15 - 5.831463813781738
Measured intensity range: 7.888502541074024e-14 - 6.558651924133301
Measured intensity range: 1.0478812912870228e-12 - 6.782709121704102
Measured intensity range: 2.6086508712712397e-13 - 9.104426383972168
Measured intensity range: 1.85731985347104e-11 - 9.05151081085205
Measured intensity range: 6.461083838088522e-13 - 8.597429275512695
Measured intensity range: 2.5924698653545693e-14 - 8.555594444274902
Measured intensity range: 1.3280764292120106e-12 - 8.185873985290527
Measured intensity range: 1.6812599489685054e-12 - 8.177306175231934
Measured intensity range: 7.928992748831853e-13 - 8.139330863952637
Measured intensity range: 3.2633104118245937e-12 - 8.132868766784668
Measured intensity range: 4.653760558338826e-13 - 8.0908784866333
Measured intensity range: 1.2880064853212914e-12 - 8.094501495361328
Measured intensity range: 7.485944373067377e-14 - 8.100099563598633
Measured intensity range: 5.833823008005723e-13 - 8.139841079711914
Measured intensity range: 2.630707939560591e-15 - 8.141501426696777
Measured intensity range: 2.133555884861662e-14 - 8.144177436828613
Measured intensity range: 1.1288811682316768e-12 - 8.145187377929688
Measured intensity range: 1.3372581037299214e-12 - 8.147274017333984
Measured intensity range: 6.549748265451127e-13 - 8.148183822631836
Epoch 0: loss = 0.18260356783866882
Measured intensity range: 6.549748265451127e-13 - 8.148183822631836
Measured intensity range: 1.0867901630712273e-12 - 8.148750305175781
Measured intensity range: 2.2142211024769876e-13 - 8.149674415588379
Measured intensity range: 2.9809404185517085e-13 - 8.150223731994629
Measured intensity range: 2.5915757712567655e-13 - 8.150409698486328
Measured intensity range: 3.4837576074787935e-13 - 8.15097427368164
Measured intensity range: 6.528961399299149e-13 - 8.151263236999512
Measured intensity range: 3.552713678800501e-13 - 8.151494979858398
Measured intensity range: 1.5934112753204777e-12 - 8.151735305786133
Measured intensity range: 2.282993943631545e-13 - 8.152013778686523
Measured intensity range: 4.182947391240255e-13 - 8.15214729309082
Measured intensity range: 7.091316466326103e-13 - 8.152262687683105
Measured intensity range: 1.8272874532931915e-12 - 8.152548789978027
Measured intensity range: 1.585745423859919e-12 - 8.152551651000977
Epoch 1: loss = 0.05887710675597191
Measured intensity range: 1.585745423859919e-12 - 8.152551651000977
Epoch 2: loss = 0.05887559801340103
Measured intensity range: 1.585745423859919e-12 - 8.152551651000977
Epoch 3: loss = 0.05887559801340103
Measured intensity range: 1.585745423859919e-12 - 8.152551651000977
Epoch 4: loss = 0.05887559801340103
Measured intensity range: 1.585745423859919e-12 - 8.152551651000977
Epoch 5: loss = 0.05887559801340103
Measured intensity range: 1.585745423859919e-12 - 8.152551651000977
Epoch 6: loss = 0.05887559801340103
Measured intensity range: 1.585745423859919e-12 - 8.152551651000977
Epoch 7: loss = 0.05887559801340103
Early stopping at epoch 7 with loss 0.05887559801340103
Reconstruction for fluence = 263.6650898730358 photons/pixel
Measured intensity range: 0.0 - 9.376420974731445
Measured intensity range: 0.0 - 9.376469612121582
Measured intensity range: 0.0 - 9.376677513122559
Measured intensity range: 0.0 - 9.37903881072998
Measured intensity range: 0.0 - 9.402664184570312
Measured intensity range: 1.5122541899078462e-15 - 9.64072036743164
Measured intensity range: 4.710044864303679e-15 - 10.369723320007324
Measured intensity range: 8.592302216947623e-15 - 10.68995475769043
Measured intensity range: 8.092548441258895e-13 - 10.987018585205078
Measured intensity range: 2.234656903965515e-12 - 13.958109855651855
Measured intensity range: 2.4877875367396163e-12 - 13.949691772460938
Measured intensity range: 3.701758084090345e-12 - 13.875764846801758
Measured intensity range: 1.4332174769898787e-12 - 13.865758895874023
Measured intensity range: 1.3367529739377604e-12 - 13.781842231750488
Measured intensity range: 1.7940529704191244e-12 - 13.785995483398438
Measured intensity range: 1.913642421608186e-12 - 13.83812141418457
Measured intensity range: 3.1868850006860905e-12 - 13.831515312194824
Measured intensity range: 3.9664382889270655e-12 - 13.827795028686523
Measured intensity range: 1.7022551445679268e-13 - 13.83002758026123
Measured intensity range: 1.2961314964018977e-12 - 13.82584285736084
Measured intensity range: 2.8421707736338113e-14 - 13.824606895446777
Measured intensity range: 4.269953531380044e-13 - 13.82154655456543
Measured intensity range: 3.078497526343149e-12 - 13.821720123291016
Measured intensity range: 2.0079779852744117e-12 - 13.816583633422852
Measured intensity range: 8.571381993928429e-13 - 13.818882942199707
Epoch 0: loss = 0.24008888006210327
Measured intensity range: 8.571381993928429e-13 - 13.818882942199707
Measured intensity range: 1.1856210457850125e-12 - 13.815262794494629
Measured intensity range: 8.002488103599215e-13 - 13.81552505493164
Measured intensity range: 2.918618688743657e-12 - 13.813831329345703
Measured intensity range: 4.061942622535231e-12 - 13.813145637512207
Measured intensity range: 7.782663402622347e-13 - 13.812257766723633
Measured intensity range: 3.5417010036536967e-12 - 13.811155319213867
Measured intensity range: 1.2944645355617013e-12 - 13.811298370361328
Measured intensity range: 1.5710887723164452e-13 - 13.809757232666016
Measured intensity range: 1.250993883136764e-12 - 13.809885025024414
Measured intensity range: 7.919948334308979e-13 - 13.809096336364746
Measured intensity range: 4.6508127210520556e-12 - 13.808874130249023
Measured intensity range: 4.8672171978556e-13 - 13.808262825012207
Measured intensity range: 1.6612824397382875e-12 - 13.808334350585938
Measured intensity range: 2.7570344011268455e-12 - 13.807766914367676
Measured intensity range: 3.267656598863328e-14 - 13.80762004852295
Measured intensity range: 7.338663639451515e-13 - 13.807520866394043
Measured intensity range: 1.5201730119932672e-13 - 13.807124137878418
Measured intensity range: 6.066651087738295e-13 - 13.807168006896973
Measured intensity range: 2.886229666723694e-12 - 13.806859970092773
Measured intensity range: 2.0324378031261192e-12 - 13.806851387023926
Epoch 1: loss = 0.060089826583862305
Measured intensity range: 2.0324378031261192e-12 - 13.806851387023926
Measured intensity range: 1.5611677532320622e-12 - 13.806632995605469
Measured intensity range: 8.888866205591928e-13 - 13.806585311889648
Epoch 2: loss = 0.06008147448301315
Measured intensity range: 8.888866205591928e-13 - 13.806585311889648
Epoch 3: loss = 0.06008145213127136
Measured intensity range: 8.888866205591928e-13 - 13.806585311889648
Epoch 4: loss = 0.06008145213127136
Measured intensity range: 8.888866205591928e-13 - 13.806585311889648
Epoch 5: loss = 0.06008145213127136
Measured intensity range: 8.888866205591928e-13 - 13.806585311889648
Epoch 6: loss = 0.06008145213127136
Measured intensity range: 8.888866205591928e-13 - 13.806585311889648
Epoch 7: loss = 0.06008145213127136
Measured intensity range: 8.888866205591928e-13 - 13.806585311889648
Epoch 8: loss = 0.06008145213127136
Early stopping at epoch 8 with loss 0.06008145213127136
Reconstruction for fluence = 428.13323987193957 photons/pixel
Measured intensity range: 0.0 - 15.225213050842285
Measured intensity range: 0.0 - 15.225318908691406
Measured intensity range: 0.0 - 15.225696563720703
Measured intensity range: 0.0 - 15.227901458740234
Measured intensity range: 0.0 - 15.240041732788086
Measured intensity range: 8.519596296887103e-15 - 15.37385368347168
Measured intensity range: 4.11920524816603e-13 - 16.744211196899414
Measured intensity range: 4.8865262964464806e-14 - 17.27556037902832
Measured intensity range: 2.8326762119214484e-14 - 22.32405662536621
Measured intensity range: 5.462852392668083e-13 - 22.355379104614258
Measured intensity range: 3.7638204185286295e-12 - 22.81945037841797
Measured intensity range: 1.879385536085465e-12 - 22.929885864257812
Measured intensity range: 2.10520576665596e-12 - 22.911344528198242
Measured intensity range: 5.889753203376646e-13 - 23.100740432739258
Measured intensity range: 9.37488801866504e-12 - 23.067594528198242
Measured intensity range: 1.0897101797302522e-11 - 23.15859603881836
Measured intensity range: 2.888314587501384e-13 - 23.177852630615234
Measured intensity range: 4.754159305814243e-12 - 23.19892120361328
Measured intensity range: 9.63425411497354e-13 - 23.241172790527344
Measured intensity range: 7.802058478445506e-12 - 23.25359344482422
Measured intensity range: 3.9733814112194454e-13 - 23.265892028808594
Measured intensity range: 5.935703317749841e-12 - 23.30353546142578
Measured intensity range: 6.8192157649804575e-12 - 23.292879104614258
Measured intensity range: 1.819143100045828e-11 - 23.329042434692383
Measured intensity range: 1.8500537473514767e-12 - 23.315101623535156
Epoch 0: loss = 0.34217408299446106
Measured intensity range: 1.8500537473514767e-12 - 23.315101623535156
Measured intensity range: 2.369917413355682e-12 - 23.33868408203125
Measured intensity range: 1.809221175652631e-13 - 23.335966110229492
Measured intensity range: 5.594950501161544e-13 - 23.3505859375
Measured intensity range: 3.2868503925531645e-12 - 23.348474502563477
Measured intensity range: 1.6343808901739254e-12 - 23.358928680419922
Measured intensity range: 2.145519872875923e-12 - 23.358978271484375
Measured intensity range: 4.852657772141944e-12 - 23.364749908447266
Measured intensity range: 6.308800704069029e-12 - 23.36757469177246
Measured intensity range: 1.0697270326487374e-11 - 23.36941909790039
Measured intensity range: 8.934232693935673e-12 - 23.373104095458984
Measured intensity range: 6.80701241900783e-12 - 23.373882293701172
Measured intensity range: 3.104946204660064e-12 - 23.37687873840332
Measured intensity range: 1.028865881380625e-11 - 23.37709617614746
Measured intensity range: 4.370645338702683e-12 - 23.379798889160156
Measured intensity range: 7.436150219891635e-13 - 23.379512786865234
Measured intensity range: 1.433118597751748e-12 - 23.382186889648438
Measured intensity range: 6.53875738276799e-12 - 23.38147735595703
Measured intensity range: 1.0225163814617244e-12 - 23.383907318115234
Measured intensity range: 2.1083914507943197e-13 - 23.3831787109375
Measured intensity range: 3.276549170871945e-12 - 23.384798049926758
Epoch 1: loss = 0.06518624722957611
Measured intensity range: 3.276549170871945e-12 - 23.384798049926758
Measured intensity range: 6.353106842688083e-12 - 23.38480567932129
Measured intensity range: 3.260630047213775e-12 - 23.385263442993164
Measured intensity range: 4.067593050577356e-12 - 23.386138916015625
Measured intensity range: 6.909164402711318e-14 - 23.385770797729492
Measured intensity range: 2.228934268058702e-12 - 23.386899948120117
Measured intensity range: 8.246874537432003e-12 - 23.38646125793457
Measured intensity range: 6.199485369506874e-12 - 23.387332916259766
Measured intensity range: 5.812028375934419e-13 - 23.387144088745117
Measured intensity range: 3.0244290145226005e-12 - 23.387540817260742
Measured intensity range: 7.51620987671231e-13 - 23.387651443481445
Measured intensity range: 7.063239424766332e-13 - 23.387771606445312
Measured intensity range: 1.489086523358274e-12 - 23.38796615600586
Measured intensity range: 3.759095031780069e-12 - 23.388031005859375
Epoch 2: loss = 0.06512486934661865
Measured intensity range: 3.759095031780069e-12 - 23.388031005859375
Epoch 3: loss = 0.06512442231178284
Measured intensity range: 3.759095031780069e-12 - 23.388031005859375
Epoch 4: loss = 0.06512442231178284
Measured intensity range: 3.759095031780069e-12 - 23.388031005859375
Epoch 5: loss = 0.06512442231178284
Measured intensity range: 3.759095031780069e-12 - 23.388031005859375
Epoch 6: loss = 0.06512442231178284
Measured intensity range: 3.759095031780069e-12 - 23.388031005859375
Epoch 7: loss = 0.06512442231178284
Measured intensity range: 3.759095031780069e-12 - 23.388031005859375
Epoch 8: loss = 0.06512442231178284
Early stopping at epoch 8 with loss 0.06512442231178284
Reconstruction for fluence = 695.1927961775605 photons/pixel
Measured intensity range: 0.0 - 24.722349166870117
Measured intensity range: 0.0 - 24.722524642944336
Measured intensity range: 0.0 - 24.72312355041504
Measured intensity range: 0.0 - 24.73023223876953
Measured intensity range: 0.0 - 24.76581382751465
Measured intensity range: 9.816197910127254e-15 - 25.158952713012695
Measured intensity range: 1.4253050779552967e-12 - 28.755477905273438
Measured intensity range: 1.3571914859317191e-12 - 29.72780990600586
Measured intensity range: 3.532340435777326e-12 - 30.686120986938477
Measured intensity range: 6.380674200806569e-12 - 40.83905792236328
Measured intensity range: 6.049522688345021e-11 - 40.77692413330078
Measured intensity range: 4.485389056702038e-12 - 40.227882385253906
Measured intensity range: 5.6227136661923804e-12 - 40.134037017822266
Measured intensity range: 5.6877068159433275e-12 - 39.31888961791992
Measured intensity range: 1.4168628943711514e-11 - 39.29982376098633
Measured intensity range: 1.9913754673028805e-11 - 39.1661376953125
Measured intensity range: 1.25700838626841e-11 - 39.165870666503906
Measured intensity range: 1.4138303375266226e-11 - 39.23493576049805
Measured intensity range: 9.272582701669307e-13 - 39.25893020629883
Measured intensity range: 1.8829382497642655e-12 - 39.27479553222656
Measured intensity range: 7.616577507585376e-12 - 39.41094207763672
Measured intensity range: 9.131062876296947e-13 - 39.40986251831055
Measured intensity range: 1.8500728726777993e-11 - 39.40166091918945
Measured intensity range: 1.494915194237556e-12 - 39.39589309692383
Measured intensity range: 8.246958671520588e-12 - 39.384822845458984
Epoch 0: loss = 0.5160558223724365
Measured intensity range: 8.246958671520588e-12 - 39.384822845458984
Measured intensity range: 7.09260471534745e-12 - 39.38497543334961
Measured intensity range: 5.83314733321183e-12 - 39.360774993896484
Measured intensity range: 1.4716573445983094e-11 - 39.363040924072266
Measured intensity range: 1.553246420371579e-11 - 39.349395751953125
Measured intensity range: 8.389998765179207e-12 - 39.35429382324219
Measured intensity range: 2.475354990427725e-11 - 39.34429168701172
Measured intensity range: 2.695767220561862e-12 - 39.34501647949219
Measured intensity range: 4.327018778005343e-12 - 39.33742141723633
Measured intensity range: 1.8257032170787557e-13 - 39.335205078125
Measured intensity range: 4.224176997774665e-12 - 39.33308792114258
Measured intensity range: 4.2807164063463077e-13 - 39.329376220703125
Measured intensity range: 6.370754618290064e-12 - 39.32803726196289
Measured intensity range: 7.416944662608227e-12 - 39.32542037963867
Measured intensity range: 6.2545060276752995e-12 - 39.32439422607422
Measured intensity range: 3.442857110513842e-11 - 39.32209014892578
Measured intensity range: 5.38850084344511e-12 - 39.32194900512695
Measured intensity range: 1.7937772794907048e-11 - 39.32009506225586
Measured intensity range: 7.876733662016966e-13 - 39.3193473815918
Measured intensity range: 4.408917241710553e-12 - 39.318538665771484
Measured intensity range: 4.421964530654243e-12 - 39.31749725341797
Epoch 1: loss = 0.07454787194728851
Measured intensity range: 4.421964530654243e-12 - 39.31749725341797
Measured intensity range: 7.541406193099787e-13 - 39.31705093383789
Measured intensity range: 9.009494539302665e-13 - 39.31629180908203
Measured intensity range: 4.645343137932301e-12 - 39.315738677978516
Epoch 2: loss = 0.07453835010528564
Measured intensity range: 4.645343137932301e-12 - 39.315738677978516
Measured intensity range: 6.611600156247732e-12 - 39.31528091430664
Measured intensity range: 4.238970556947469e-13 - 39.31483840942383
Measured intensity range: 9.240663789711334e-13 - 39.314449310302734
Epoch 3: loss = 0.07453832030296326
Measured intensity range: 9.240663789711334e-13 - 39.314449310302734
Measured intensity range: 8.41974059917483e-12 - 39.31410598754883
Epoch 4: loss = 0.07453829795122147
Measured intensity range: 8.41974059917483e-12 - 39.31410598754883
Epoch 5: loss = 0.07453829050064087
Measured intensity range: 8.41974059917483e-12 - 39.31410598754883
Epoch 6: loss = 0.07453829050064087
Measured intensity range: 8.41974059917483e-12 - 39.31410598754883
Epoch 7: loss = 0.07453829050064087
Measured intensity range: 8.41974059917483e-12 - 39.31410598754883
Epoch 8: loss = 0.07453829050064087
Measured intensity range: 8.41974059917483e-12 - 39.31410598754883
Epoch 9: loss = 0.07453829050064087
Early stopping at epoch 9 with loss 0.07453829795122147
Reconstruction for fluence = 1128.8378916846884 photons/pixel
Measured intensity range: 0.0 - 40.143577575683594
Measured intensity range: 0.0 - 40.14387512207031
Measured intensity range: 0.0 - 40.14483642578125
Measured intensity range: 0.0 - 40.150569915771484
Measured intensity range: 0.0 - 40.21367645263672
Measured intensity range: 3.237331464098908e-14 - 40.84749984741211
Measured intensity range: 2.0080203504743016e-13 - 46.869205474853516
Measured intensity range: 1.168194187217697e-11 - 48.4479866027832
Measured intensity range: 1.701161455626432e-13 - 49.854984283447266
Measured intensity range: 1.9748824797716225e-10 - 66.60710906982422
Measured intensity range: 1.8900793430365326e-10 - 66.56471252441406
Measured intensity range: 9.317652552298661e-12 - 66.47234344482422
Measured intensity range: 2.459283644784538e-12 - 66.38581085205078
Measured intensity range: 1.1390124954324676e-11 - 65.65838623046875
Measured intensity range: 5.7148574067467095e-12 - 65.64580535888672
Measured intensity range: 2.555178638119493e-11 - 65.63157653808594
Measured intensity range: 1.845665981159428e-12 - 65.60883331298828
Measured intensity range: 1.5489831639570184e-11 - 65.51599884033203
Measured intensity range: 2.563896664420362e-11 - 65.5548324584961
Measured intensity range: 8.59349744142257e-12 - 65.56871795654297
Measured intensity range: 5.918501799762055e-12 - 65.72755432128906
Measured intensity range: 3.869865192185351e-11 - 65.72396850585938
Measured intensity range: 2.5188604674264425e-11 - 65.70819091796875
Measured intensity range: 5.561027766748383e-12 - 65.68812561035156
Measured intensity range: 5.915499340369834e-11 - 65.66899108886719
Epoch 0: loss = 0.8023456335067749
Measured intensity range: 5.915499340369834e-11 - 65.66899108886719
Measured intensity range: 2.829203885057474e-11 - 65.66614532470703
Measured intensity range: 8.78245323687743e-11 - 65.63463592529297
Measured intensity range: 5.057415597420345e-11 - 65.63947296142578
Measured intensity range: 1.5079947707219432e-11 - 65.60272979736328
Measured intensity range: 8.169360153631455e-12 - 65.61251068115234
Measured intensity range: 2.139573761217317e-11 - 65.58724975585938
Measured intensity range: 7.394018557149717e-12 - 65.59567260742188
Measured intensity range: 2.2059078522151943e-11 - 65.5788803100586
Measured intensity range: 4.8078020731257e-11 - 65.579345703125
Measured intensity range: 3.691697121610549e-12 - 65.56803894042969
Measured intensity range: 9.425195866830105e-12 - 65.56633758544922
Measured intensity range: 2.977881483068323e-11 - 65.5599594116211
Measured intensity range: 4.962370445116271e-11 - 65.556640625
Measured intensity range: 4.3590128034898257e-11 - 65.55461883544922
Measured intensity range: 4.1731063049610384e-11 - 65.54913330078125
Measured intensity range: 5.655576701402154e-12 - 65.54910278320312
Measured intensity range: 2.3862746847957972e-11 - 65.5450439453125
Measured intensity range: 6.433409360795395e-11 - 65.54460906982422
Measured intensity range: 5.627837605659547e-12 - 65.5416259765625
Measured intensity range: 3.9277889968269974e-11 - 65.54122924804688
Epoch 1: loss = 0.08783935755491257
Measured intensity range: 3.9277889968269974e-11 - 65.54122924804688
Measured intensity range: 5.709956812927075e-12 - 65.53901672363281
Measured intensity range: 4.955039156762098e-11 - 65.53812408447266
Measured intensity range: 1.2138279964490906e-11 - 65.53716278076172
Measured intensity range: 9.840635945002063e-11 - 65.53602600097656
Measured intensity range: 4.8369547950288805e-11 - 65.5353012084961
Measured intensity range: 2.3433081863810656e-11 - 65.53465270996094
Measured intensity range: 1.2198594565027143e-11 - 65.53387451171875
Epoch 2: loss = 0.08781701326370239
Measured intensity range: 1.2198594565027143e-11 - 65.53387451171875
Measured intensity range: 8.04610614246748e-11 - 65.53340148925781
Epoch 3: loss = 0.08781687915325165
Measured intensity range: 8.04610614246748e-11 - 65.53340148925781
Measured intensity range: 5.592880759214269e-12 - 65.53287506103516
Measured intensity range: 9.521718830063364e-11 - 65.53244018554688
Epoch 4: loss = 0.08781687915325165
Measured intensity range: 9.521718830063364e-11 - 65.53244018554688
Measured intensity range: 3.520760072373008e-11 - 65.53205871582031
Epoch 5: loss = 0.08781686425209045
Measured intensity range: 3.520760072373008e-11 - 65.53205871582031
Epoch 6: loss = 0.08781685680150986
Measured intensity range: 3.520760072373008e-11 - 65.53205871582031
Epoch 7: loss = 0.08781685680150986
Measured intensity range: 3.520760072373008e-11 - 65.53205871582031
Epoch 8: loss = 0.08781685680150986
Measured intensity range: 3.520760072373008e-11 - 65.53205871582031
