Running simulation for n_modes=6 and n_fluences=20
Tensors initialization on device cuda
Multiprobe = band_lim
torch.Size([6, 64, 64])

('MSE', None) RECONSTRUCTIONS

Reconstruction for fluence = 0.09999999999999999 photons/pixel
Epoch 0: loss = 10606.2099609375
Epoch 1: loss = 3748.720703125
Epoch 2: loss = 3622.944580078125
Epoch 3: loss = 3620.9970703125
Epoch 4: loss = 3620.96142578125
Epoch 5: loss = 3620.9609375
Epoch 6: loss = 3620.9609375
Epoch 7: loss = 3620.960693359375
Epoch 8: loss = 3620.96044921875
Epoch 9: loss = 3620.96044921875
Epoch 10: loss = 3620.96044921875
Epoch 11: loss = 3620.96044921875
Epoch 12: loss = 3620.96044921875
Epoch 13: loss = 3620.96044921875
Epoch 14: loss = 3620.96044921875
Epoch 15: loss = 3620.96044921875
Epoch 16: loss = 3620.96044921875
Epoch 17: loss = 3620.96044921875
Epoch 18: loss = 3620.96044921875
Early stopping at epoch 18 with loss 3620.96044921875
Reconstruction for fluence = 0.23357214690901223 photons/pixel
Epoch 0: loss = 24240.2734375
Epoch 1: loss = 8726.673828125
Epoch 2: loss = 8441.7939453125
Epoch 3: loss = 8437.353515625
Epoch 4: loss = 8437.275390625
Epoch 5: loss = 8437.275390625
Epoch 6: loss = 8437.2744140625
Epoch 7: loss = 8437.2734375
Epoch 8: loss = 8437.2734375
Epoch 9: loss = 8437.2734375
Epoch 10: loss = 8437.2734375
Epoch 11: loss = 8437.2734375
Epoch 12: loss = 8437.2734375
Epoch 13: loss = 8437.2734375
Epoch 14: loss = 8437.2734375
Epoch 15: loss = 8437.2734375
Epoch 16: loss = 8437.2734375
Epoch 17: loss = 8437.2734375
Early stopping at epoch 17 with loss 8437.2734375
Reconstruction for fluence = 0.5455594781168519 photons/pixel
Epoch 0: loss = 54888.6015625
Epoch 1: loss = 20497.759765625
Epoch 2: loss = 19865.640625
Epoch 3: loss = 19855.6796875
Epoch 4: loss = 19855.515625
Epoch 5: loss = 19855.515625
Epoch 6: loss = 19855.51171875
Epoch 7: loss = 19855.51171875
Epoch 8: loss = 19855.51171875
Epoch 9: loss = 19855.51171875
Epoch 10: loss = 19855.509765625
Epoch 11: loss = 19855.509765625
Epoch 12: loss = 19855.509765625
Epoch 13: loss = 19855.509765625
Epoch 14: loss = 19855.509765625
Epoch 15: loss = 19855.509765625
Epoch 16: loss = 19855.509765625
Epoch 17: loss = 19855.509765625
Epoch 18: loss = 19855.5078125
Epoch 19: loss = 19855.509765625
Epoch 20: loss = 19855.509765625
Epoch 21: loss = 19855.509765625
Epoch 22: loss = 19855.5078125
Epoch 23: loss = 19855.5078125
Epoch 24: loss = 19855.5078125
Epoch 25: loss = 19855.5078125
Epoch 26: loss = 19855.5078125
Epoch 27: loss = 19855.5078125
Epoch 28: loss = 19855.5078125
Early stopping at epoch 28 with loss 19855.5078125
Reconstruction for fluence = 1.2742749857031335 photons/pixel
Epoch 0: loss = 121308.9375
Epoch 1: loss = 47044.12890625
Epoch 2: loss = 45673.6640625
Epoch 3: loss = 45651.62109375
Epoch 4: loss = 45651.25
Epoch 5: loss = 45651.2421875
Epoch 6: loss = 45651.2421875
Epoch 7: loss = 45651.2421875
Epoch 8: loss = 45651.2421875
Epoch 9: loss = 45651.23828125
Epoch 10: loss = 45651.23828125
Epoch 11: loss = 45651.234375
Epoch 12: loss = 45651.234375
Epoch 13: loss = 45651.234375
Epoch 14: loss = 45651.234375
Epoch 15: loss = 45651.234375
Epoch 16: loss = 45651.234375
Epoch 17: loss = 45651.23828125
Epoch 18: loss = 45651.234375
Epoch 19: loss = 45651.234375
Epoch 20: loss = 45651.234375
Epoch 21: loss = 45651.234375
Early stopping at epoch 21 with loss 45651.234375
Reconstruction for fluence = 2.976351441631318 photons/pixel
Epoch 0: loss = 259740.078125
Epoch 1: loss = 106715.640625
Epoch 2: loss = 103871.203125
Epoch 3: loss = 103824.78125
Epoch 4: loss = 103824.015625
Epoch 5: loss = 103824.0078125
Epoch 6: loss = 103824.0
Epoch 7: loss = 103824.0
Epoch 8: loss = 103824.0
Epoch 9: loss = 103824.0
Epoch 10: loss = 103824.0
Epoch 11: loss = 103824.0
Epoch 12: loss = 103824.0
Epoch 13: loss = 103824.0
Epoch 14: loss = 103824.0
Epoch 15: loss = 103824.0
Epoch 16: loss = 103824.0
Early stopping at epoch 16 with loss 103824.0
Reconstruction for fluence = 6.9519279617756045 photons/pixel
Epoch 0: loss = 525485.0
Epoch 1: loss = 231401.3125
Epoch 2: loss = 225860.125
Epoch 3: loss = 225767.84375
Epoch 4: loss = 225766.375
Epoch 5: loss = 225766.34375
Epoch 6: loss = 225766.34375
Epoch 7: loss = 225766.328125
Epoch 8: loss = 225766.328125
Epoch 9: loss = 225766.3125
Epoch 10: loss = 225766.3125
Epoch 11: loss = 225766.3125
Epoch 12: loss = 225766.3125
Epoch 13: loss = 225766.3125
Epoch 14: loss = 225766.3125
Epoch 15: loss = 225766.3125
Epoch 16: loss = 225766.3125
Epoch 17: loss = 225766.3125
Epoch 18: loss = 225766.3125
Epoch 19: loss = 225766.3125
Early stopping at epoch 19 with loss 225766.3125
Reconstruction for fluence = 16.23776739188721 photons/pixel
Epoch 0: loss = 968833.75
Epoch 1: loss = 459764.4375
Epoch 2: loss = 449948.8125
Epoch 3: loss = 449781.6875
Epoch 4: loss = 449779.0625
Epoch 5: loss = 449779.0
Epoch 6: loss = 449778.96875
Epoch 7: loss = 449778.9375
Epoch 8: loss = 449778.9375
Epoch 9: loss = 449778.9375
Epoch 10: loss = 449778.90625
Epoch 11: loss = 449778.9375
Epoch 12: loss = 449778.90625
Epoch 13: loss = 449778.90625
Epoch 14: loss = 449778.90625
Epoch 15: loss = 449778.90625
Epoch 16: loss = 449778.90625
Epoch 17: loss = 449778.9375
Epoch 18: loss = 449778.90625
Epoch 19: loss = 449778.90625
Epoch 20: loss = 449778.90625
Early stopping at epoch 20 with loss 449778.90625
Reconstruction for fluence = 37.926901907322495 photons/pixel
Epoch 0: loss = 1550055.75
Epoch 1: loss = 767791.6875
Epoch 2: loss = 752304.875
Epoch 3: loss = 752036.6875
Epoch 4: loss = 752032.5
Epoch 5: loss = 752032.375
Epoch 6: loss = 752032.375
Epoch 7: loss = 752032.375
Epoch 8: loss = 752032.375
Epoch 9: loss = 752032.3125
Epoch 10: loss = 752032.3125
Epoch 11: loss = 752032.3125
Epoch 12: loss = 752032.25
Epoch 13: loss = 752032.25
Epoch 14: loss = 752032.25
Epoch 15: loss = 752032.25
Epoch 16: loss = 752032.25
Epoch 17: loss = 752032.25
Epoch 18: loss = 752032.25
Epoch 19: loss = 752032.25
Epoch 20: loss = 752032.25
Epoch 21: loss = 752032.25
Epoch 22: loss = 752032.25
Early stopping at epoch 22 with loss 752032.25
Reconstruction for fluence = 88.58667904100822 photons/pixel
Epoch 0: loss = 2133110.5
Epoch 1: loss = 978852.875
Epoch 2: loss = 955724.0
Epoch 3: loss = 955318.75
Epoch 4: loss = 955312.5
Epoch 5: loss = 955312.25
Epoch 6: loss = 955312.125
Epoch 7: loss = 955312.125
Epoch 8: loss = 955312.125
Epoch 9: loss = 955312.125
Epoch 10: loss = 955312.125
Epoch 11: loss = 955312.125
Epoch 12: loss = 955312.125
Epoch 13: loss = 955312.125
Epoch 14: loss = 955312.125
Epoch 15: loss = 955312.125
Epoch 16: loss = 955312.125
Early stopping at epoch 16 with loss 955312.125
Reconstruction for fluence = 206.9138081114788 photons/pixel
Epoch 0: loss = 3004101.5
Epoch 1: loss = 1013268.25
Epoch 2: loss = 993698.875
Epoch 3: loss = 993238.875
Epoch 4: loss = 993231.5
Epoch 5: loss = 993231.375
Epoch 6: loss = 993231.375
Epoch 7: loss = 993231.375
Epoch 8: loss = 993231.25
Epoch 9: loss = 993231.25
Epoch 10: loss = 993231.25
Epoch 11: loss = 993231.25
Epoch 12: loss = 993231.25
Epoch 13: loss = 993231.25
Epoch 14: loss = 993231.25
Epoch 15: loss = 993231.25
Epoch 16: loss = 993231.25
Epoch 17: loss = 993231.25
Epoch 18: loss = 993231.25
Early stopping at epoch 18 with loss 993231.25
Reconstruction for fluence = 483.2930238571752 photons/pixel
Epoch 0: loss = 5387368.0
Epoch 1: loss = 267706351616.0
Epoch 2: loss = 3958568960.0
Epoch 3: loss = 60079992.0
Epoch 4: loss = 2250226.5
Epoch 5: loss = 1169915.75
Epoch 6: loss = 1150669.875
Epoch 7: loss = 1150531.625
Epoch 8: loss = 1150530.5
Epoch 9: loss = 1150530.25
Epoch 10: loss = 1150530.0
Epoch 11: loss = 1150530.0
Epoch 12: loss = 1150530.0
Epoch 13: loss = 1150530.0
Epoch 14: loss = 1150530.0
Epoch 15: loss = 1150530.0
Epoch 16: loss = 1150530.0
Epoch 17: loss = 1150530.0
Epoch 18: loss = 1150530.0
Epoch 19: loss = 1150530.0
Epoch 20: loss = 1150530.0
Early stopping at epoch 20 with loss 1150530.0
Reconstruction for fluence = 1128.8378916846884 photons/pixel
Epoch 0: loss = 11361148.0
Epoch 1: loss = 3293758619648.0
Epoch 2: loss = 48687673344.0
Epoch 3: loss = 722561920.0
Epoch 4: loss = 13183158.0
Epoch 5: loss = 2090977.625
Epoch 6: loss = 1577454.0
Epoch 7: loss = 1558099.5
Epoch 8: loss = 1557729.125
Epoch 9: loss = 1557724.0
Epoch 10: loss = 1557724.0
Epoch 11: loss = 1557723.75
Epoch 12: loss = 1557723.75
Epoch 13: loss = 1557723.75
Epoch 14: loss = 1557723.75
Epoch 15: loss = 1557723.75
Epoch 16: loss = 1557723.625
Epoch 17: loss = 1557723.625
Epoch 18: loss = 1557723.625
Epoch 19: loss = 1557723.625
Epoch 20: loss = 1557723.625
Epoch 21: loss = 1557723.625
Epoch 22: loss = 1557723.625
Epoch 23: loss = 1557723.625
Epoch 24: loss = 1557723.625
Epoch 25: loss = 1557723.625
Epoch 26: loss = 1557723.625
Early stopping at epoch 26 with loss 1557723.625
Reconstruction for fluence = 2636.6508987303555 photons/pixel
Epoch 0: loss = 25461734.0
Epoch 1: loss = 41585962123264.0
Epoch 2: loss = 614683246592.0
Epoch 3: loss = 9091592192.0
Epoch 4: loss = 139678336.0
Epoch 5: loss = 5909659.0
Epoch 6: loss = 2662635.5
Epoch 7: loss = 2177569.5
Epoch 8: loss = 2150965.5
Epoch 9: loss = 2150629.0
Epoch 10: loss = 2150626.0
Epoch 11: loss = 2150625.75
Epoch 12: loss = 2150625.5
Epoch 13: loss = 2150625.5
Epoch 14: loss = 2150625.5
Epoch 15: loss = 2150625.5
Epoch 16: loss = 2150625.25
Epoch 17: loss = 2150625.25
Epoch 18: loss = 2150625.25
Epoch 19: loss = 2150625.25
Epoch 20: loss = 2150625.25
Epoch 21: loss = 2150625.25
Epoch 22: loss = 2150625.25
Epoch 23: loss = 2150625.25
Epoch 24: loss = 2150625.25
Epoch 25: loss = 2150625.25
Epoch 26: loss = 2150625.25
Early stopping at epoch 26 with loss 2150625.25
Reconstruction for fluence = 6158.482110660255 photons/pixel
Epoch 0: loss = 58407172.0
Epoch 1: loss = 530595025256448.0
Epoch 2: loss = 7842674245632.0
Epoch 3: loss = 115934371840.0
Epoch 4: loss = 1725331712.0
Epoch 5: loss = 34027248.0
Epoch 6: loss = 6295393.0
Epoch 7: loss = 3462817.0
Epoch 8: loss = 2902561.75
Epoch 9: loss = 2891279.0
Epoch 10: loss = 2891147.5
Epoch 11: loss = 2891146.5
Epoch 12: loss = 2891146.5
Epoch 13: loss = 2891146.5
Epoch 14: loss = 2891146.0
Epoch 15: loss = 2891146.0
Epoch 16: loss = 2891146.0
Epoch 17: loss = 2891146.0
Epoch 18: loss = 2891146.0
Epoch 19: loss = 2891146.0
Epoch 20: loss = 2891146.0
Epoch 21: loss = 2891146.0
Epoch 22: loss = 2891146.0
Epoch 23: loss = 2891146.0
Epoch 24: loss = 2891146.0
Early stopping at epoch 24 with loss 2891146.0
Reconstruction for fluence = 14384.498882876629 photons/pixel
Epoch 0: loss = 135393152.0
Epoch 1: loss = 6807461960876032.0
Epoch 2: loss = 100620312772608.0
Epoch 3: loss = 1487284076544.0
Epoch 4: loss = 22009313280.0
Epoch 5: loss = 345700480.0
Epoch 6: loss = 18547392.0
Epoch 7: loss = 6919659.0
Epoch 8: loss = 3999229.5
Epoch 9: loss = 3731337.0
Epoch 10: loss = 3728016.5
Epoch 11: loss = 3727981.5
Epoch 12: loss = 3727981.25
Epoch 13: loss = 3727981.0
Epoch 14: loss = 3727981.0
Epoch 15: loss = 3727981.0
Epoch 16: loss = 3727981.0
Epoch 17: loss = 3727980.75
Epoch 18: loss = 3727981.0
Epoch 19: loss = 3727980.75
Epoch 20: loss = 3727980.75
Epoch 21: loss = 3727980.75
Epoch 22: loss = 3727980.5
Epoch 23: loss = 3727980.5
Epoch 24: loss = 3727980.5
Epoch 25: loss = 3727980.5
Epoch 26: loss = 3727980.5
Epoch 27: loss = 3727980.5
Epoch 28: loss = 3727980.5
Epoch 29: loss = 3727980.5
Epoch 30: loss = 3727980.5
Epoch 31: loss = 3727980.5
Epoch 32: loss = 3727980.5
Early stopping at epoch 32 with loss 3727980.5
Reconstruction for fluence = 33598.18286283781 photons/pixel
Epoch 0: loss = 315200576.0
Epoch 1: loss = 8.743091407788442e+16
Epoch 2: loss = 1292306133024768.0
Epoch 3: loss = 19101481172992.0
Epoch 4: loss = 282393903104.0
Epoch 5: loss = 4223540480.0
Epoch 6: loss = 94981864.0
Epoch 7: loss = 19614316.0
Epoch 8: loss = 7275318.0
Epoch 9: loss = 4702607.5
Epoch 10: loss = 4506016.5
Epoch 11: loss = 4502217.0
Epoch 12: loss = 4502178.0
Epoch 13: loss = 4502177.0
Epoch 14: loss = 4502177.0
Epoch 15: loss = 4502176.5
Epoch 16: loss = 4502176.5
Epoch 17: loss = 4502176.5
Epoch 18: loss = 4502176.5
Epoch 19: loss = 4502176.5
Epoch 20: loss = 4502176.5
Epoch 21: loss = 4502176.0
Epoch 22: loss = 4502176.0
Epoch 23: loss = 4502176.0
Epoch 24: loss = 4502176.0
Epoch 25: loss = 4502176.0
Epoch 26: loss = 4502176.0
Epoch 27: loss = 4502176.0
Epoch 28: loss = 4502176.0
Epoch 29: loss = 4502176.0
Epoch 30: loss = 4502176.0
Epoch 31: loss = 4502176.0
Early stopping at epoch 31 with loss 4502176.0
Reconstruction for fluence = 78475.99703514607 photons/pixel
Epoch 0: loss = 735133440.0
Epoch 1: loss = 1.123308357935956e+18
Epoch 2: loss = 1.6603493162811392e+16
Epoch 3: loss = 245414448070656.0
Epoch 4: loss = 3627569119232.0
Epoch 5: loss = 53736603648.0
Epoch 6: loss = 879452160.0
Epoch 7: loss = 66113816.0
Epoch 8: loss = 17076230.0
Epoch 9: loss = 6682008.0
Epoch 10: loss = 5109145.0
Epoch 11: loss = 4990713.0
Epoch 12: loss = 4989005.5
Epoch 13: loss = 4988991.0
Epoch 14: loss = 4988990.0
Epoch 15: loss = 4988990.0
Epoch 16: loss = 4988989.0
Epoch 17: loss = 4988989.0
Epoch 18: loss = 4988989.0
Epoch 19: loss = 4988989.0
Epoch 20: loss = 4988989.0
Epoch 21: loss = 4988989.0
Epoch 22: loss = 4988989.0
Epoch 23: loss = 4988989.0
Epoch 24: loss = 4988989.0
Epoch 25: loss = 4988989.0
Epoch 26: loss = 4988989.0
Early stopping at epoch 26 with loss 4988989.0
Reconstruction for fluence = 183298.07108324335 photons/pixel
Epoch 0: loss = 1716170496.0
Epoch 1: loss = 1.441706474423609e+19
Epoch 2: loss = 2.1309689833508045e+17
Epoch 3: loss = 3149760437420032.0
Epoch 4: loss = 46556535324672.0
Epoch 5: loss = 688422715392.0
Epoch 6: loss = 10402010112.0
Epoch 7: loss = 296077568.0
Epoch 8: loss = 60397488.0
Epoch 9: loss = 15043435.0
Epoch 10: loss = 6923329.0
Epoch 11: loss = 5124394.5
Epoch 12: loss = 5072555.0
Epoch 13: loss = 5071978.5
Epoch 14: loss = 5071975.0
Epoch 15: loss = 5071974.0
Epoch 16: loss = 5071974.0
Epoch 17: loss = 5071974.0
Epoch 18: loss = 5071974.0
Epoch 19: loss = 5071974.0
Epoch 20: loss = 5071973.5
Epoch 21: loss = 5071973.5
Epoch 22: loss = 5071973.5
Epoch 23: loss = 5071973.0
Epoch 24: loss = 5071973.5
Epoch 25: loss = 5071973.5
Epoch 26: loss = 5071973.5
Epoch 27: loss = 5071973.5
Epoch 28: loss = 5071973.5
Epoch 29: loss = 5071973.5
Epoch 30: loss = 5071973.5
Epoch 31: loss = 5071973.5
Epoch 32: loss = 5071973.0
Epoch 33: loss = 5071973.5
Early stopping at epoch 33 with loss 5071973.0
Reconstruction for fluence = 428133.2398719387 photons/pixel
Epoch 0: loss = 4007872000.0
Epoch 1: loss = 1.8463660719809862e+20
Epoch 2: loss = 2.7290923137446707e+18
Epoch 3: loss = 4.033838867860685e+16
Epoch 4: loss = 596237560578048.0
Epoch 5: loss = 8813556006912.0
Epoch 6: loss = 130852806656.0
Epoch 7: loss = 2330600192.0
Epoch 8: loss = 266653216.0
Epoch 9: loss = 51638584.0
Epoch 10: loss = 13979383.0
Epoch 11: loss = 5889666.5
Epoch 12: loss = 4871490.5
Epoch 13: loss = 4853671.5
Epoch 14: loss = 4853479.0
Epoch 15: loss = 4853478.0
Epoch 16: loss = 4853477.0
Epoch 17: loss = 4853477.0
Epoch 18: loss = 4853477.0
Epoch 19: loss = 4853477.0
Epoch 20: loss = 4853477.0
Epoch 21: loss = 4853477.0
Epoch 22: loss = 4853477.0
Epoch 23: loss = 4853477.0
Epoch 24: loss = 4853477.0
Epoch 25: loss = 4853477.0
Epoch 26: loss = 4853477.0
Early stopping at epoch 26 with loss 4853477.0
Reconstruction for fluence = 1000000.0 photons/pixel
Epoch 0: loss = 9360328704.0
Epoch 1: loss = 2.359031505975358e+21
Epoch 2: loss = 3.486857475714869e+19
Epoch 3: loss = 5.1538841329834394e+17
Epoch 4: loss = 7617897593569280.0
Epoch 5: loss = 112600713003008.0
Epoch 6: loss = 1665763639296.0
Epoch 7: loss = 25732706304.0
Epoch 8: loss = 1065571264.0
Epoch 9: loss = 202924672.0
Epoch 10: loss = 44315368.0
Epoch 11: loss = 12799816.0
Epoch 12: loss = 4798430.5
Epoch 13: loss = 4581748.0
Epoch 14: loss = 4579500.5
Epoch 15: loss = 4579481.0
Epoch 16: loss = 4579480.0
Epoch 17: loss = 4579480.0
Epoch 18: loss = 4579479.0
Epoch 19: loss = 4579479.0
Epoch 20: loss = 4579479.0
Epoch 21: loss = 4579479.0
Epoch 22: loss = 4579479.0
Epoch 23: loss = 4579479.0
Epoch 24: loss = 4579478.5
Epoch 25: loss = 4579479.0
Epoch 26: loss = 4579479.0
Epoch 27: loss = 4579478.5
Epoch 28: loss = 4579478.5
Epoch 29: loss = 4579478.5
Epoch 30: loss = 4579478.5
Epoch 31: loss = 4579478.5
Epoch 32: loss = 4579478.5
Epoch 33: loss = 4579478.5
Epoch 34: loss = 4579478.5
Early stopping at epoch 34 with loss 4579478.5
Tensors initialization on device cuda
Multiprobe = band_lim
torch.Size([6, 64, 64])

('MSE', 'PoissonNLL') RECONSTRUCTIONS

Reconstruction for fluence = 0.09999999999999999 photons/pixel
Epoch 0: loss = 10645.17578125
Epoch 1: loss = 3793.424072265625
Epoch 2: loss = 3667.797119140625
Epoch 3: loss = 3665.8544921875
Epoch 4: loss = 3665.818359375
Epoch 5: loss = 3665.818359375
Epoch 6: loss = 3665.818359375
Epoch 7: loss = 3665.818115234375
Epoch 8: loss = 3665.818359375
Epoch 9: loss = 3665.818359375
Epoch 10: loss = 3665.818359375
Epoch 11: loss = 3665.818115234375
Epoch 12: loss = 3665.818115234375
Epoch 13: loss = 3665.818115234375
Epoch 14: loss = 3665.818115234375
Epoch 0: loss = 0.0027566973585635424
Epoch 1: loss = 0.0027565988712012768
Epoch 2: loss = 0.002756500616669655
Epoch 3: loss = 0.0027564021293073893
Epoch 4: loss = 0.0027563038747757673
Epoch 5: loss = 0.002756205853074789
Epoch 6: loss = 0.00275610713288188
Epoch 7: loss = 0.002756009344011545
Epoch 8: loss = 0.0027559110894799232
Epoch 9: loss = 0.0027558128349483013
Epoch 10: loss = 0.002755714813247323
Early stopping at epoch 10 with loss 0.0027566973585635424
Reconstruction for fluence = 0.23357214690901223 photons/pixel
Epoch 0: loss = 24211.888671875
Epoch 1: loss = 8697.06640625
Epoch 2: loss = 8412.69140625
Epoch 3: loss = 8408.255859375
Epoch 4: loss = 8408.1796875
Epoch 5: loss = 8408.177734375
Epoch 6: loss = 8408.17578125
Epoch 7: loss = 8408.17578125
Epoch 8: loss = 8408.1748046875
Epoch 9: loss = 8408.1748046875
Epoch 10: loss = 8408.1748046875
Epoch 11: loss = 8408.1748046875
Epoch 12: loss = 8408.173828125
Epoch 13: loss = 8408.173828125
Epoch 14: loss = 8408.1748046875
Epoch 0: loss = 0.005543854087591171
Epoch 1: loss = 0.005543611943721771
Epoch 2: loss = 0.0055433702655136585
Epoch 3: loss = 0.005543128587305546
Epoch 4: loss = 0.00554288737475872
Epoch 5: loss = 0.005542645696550608
Epoch 6: loss = 0.005542404484003782
Epoch 7: loss = 0.005542163737118244
Epoch 8: loss = 0.005541922524571419
Epoch 9: loss = 0.005541681312024593
Epoch 10: loss = 0.0055414410308003426
Early stopping at epoch 10 with loss 0.005543854087591171
Reconstruction for fluence = 0.5455594781168519 photons/pixel
Epoch 0: loss = 54852.890625
Epoch 1: loss = 20428.298828125
Epoch 2: loss = 19795.7890625
Epoch 3: loss = 19785.80859375
Epoch 4: loss = 19785.640625
Epoch 5: loss = 19785.63671875
Epoch 6: loss = 19785.63671875
Epoch 7: loss = 19785.6328125
Epoch 8: loss = 19785.6328125
Epoch 9: loss = 19785.6328125
Epoch 10: loss = 19785.6328125
Epoch 11: loss = 19785.6328125
Epoch 12: loss = 19785.6328125
Epoch 13: loss = 19785.630859375
Epoch 14: loss = 19785.6328125
Epoch 0: loss = 0.011164369061589241
Epoch 1: loss = 0.01116376742720604
Epoch 2: loss = 0.011163167655467987
Epoch 3: loss = 0.011162567883729935
Epoch 4: loss = 0.011161968111991882
Epoch 5: loss = 0.01116136834025383
Epoch 6: loss = 0.011160770431160927
Epoch 7: loss = 0.011160171590745449
Epoch 8: loss = 0.01115957461297512
Epoch 9: loss = 0.011158976703882217
Epoch 10: loss = 0.011158378794789314
Early stopping at epoch 10 with loss 0.011164369061589241
Reconstruction for fluence = 1.2742749857031335 photons/pixel
Epoch 0: loss = 121346.5
Epoch 1: loss = 47153.71875
Epoch 2: loss = 45785.203125
Epoch 3: loss = 45763.39453125
Epoch 4: loss = 45763.0546875
Epoch 5: loss = 45763.0390625
Epoch 6: loss = 45763.03125
Epoch 7: loss = 45763.03125
Epoch 8: loss = 45763.03125
Epoch 9: loss = 45763.02734375
Epoch 10: loss = 45763.03125
Epoch 11: loss = 45763.03125
Epoch 12: loss = 45763.02734375
Epoch 13: loss = 45763.02734375
Epoch 14: loss = 45763.02734375
Epoch 0: loss = 0.021507255733013153
Epoch 1: loss = 0.021505802869796753
Epoch 2: loss = 0.021504346281290054
Epoch 3: loss = 0.021502893418073654
Epoch 4: loss = 0.021501444280147552
Epoch 5: loss = 0.02149999514222145
Epoch 6: loss = 0.02149854600429535
Epoch 7: loss = 0.021497100591659546
Epoch 8: loss = 0.021495655179023743
Epoch 9: loss = 0.02149421162903309
Epoch 10: loss = 0.021492768079042435
Early stopping at epoch 10 with loss 0.021507255733013153
Reconstruction for fluence = 2.976351441631318 photons/pixel
Epoch 0: loss = 259533.984375
Epoch 1: loss = 106447.140625
Epoch 2: loss = 103598.890625
Epoch 3: loss = 103551.84375
Epoch 4: loss = 103551.0625
Epoch 5: loss = 103551.046875
Epoch 6: loss = 103551.046875
Epoch 7: loss = 103551.0390625
Epoch 8: loss = 103551.03125
Epoch 9: loss = 103551.03125
Epoch 10: loss = 103551.03125
Epoch 11: loss = 103551.03125
Epoch 12: loss = 103551.03125
Epoch 13: loss = 103551.03125
Epoch 14: loss = 103551.03125
Epoch 0: loss = 0.03957618772983551
Epoch 1: loss = 0.039572685956954956
Epoch 2: loss = 0.0395691953599453
Epoch 3: loss = 0.03956570848822594
Epoch 4: loss = 0.03956222906708717
Epoch 5: loss = 0.03955875337123871
Epoch 6: loss = 0.03955529257655144
Epoch 7: loss = 0.039551835507154465
Epoch 8: loss = 0.03954838588833809
Epoch 9: loss = 0.03954494744539261
Epoch 10: loss = 0.03954151272773743
Early stopping at epoch 10 with loss 0.03957618772983551
Reconstruction for fluence = 6.9519279617756045 photons/pixel
Epoch 0: loss = 525568.625
Epoch 1: loss = 231683.828125
Epoch 2: loss = 226139.125
Epoch 3: loss = 226046.1875
Epoch 4: loss = 226044.625
Epoch 5: loss = 226044.625
Epoch 6: loss = 226044.625
Epoch 7: loss = 226044.625
Epoch 8: loss = 226044.625
Epoch 9: loss = 226044.625
Epoch 10: loss = 226044.625
Epoch 11: loss = 226044.625
Epoch 12: loss = 226044.625
Epoch 13: loss = 226044.625
Epoch 14: loss = 226044.609375
Epoch 0: loss = 0.06875678896903992
Epoch 1: loss = 0.06874826550483704
Epoch 2: loss = 0.06873980164527893
Epoch 3: loss = 0.0687313973903656
Epoch 4: loss = 0.06872303783893585
Epoch 5: loss = 0.06871473789215088
Epoch 6: loss = 0.06870648264884949
Epoch 7: loss = 0.06869827955961227
Epoch 8: loss = 0.06869012117385864
Epoch 9: loss = 0.068682000041008
Epoch 10: loss = 0.06867392361164093
Early stopping at epoch 10 with loss 0.06875678896903992
Reconstruction for fluence = 16.23776739188721 photons/pixel
Epoch 0: loss = 968749.5
Epoch 1: loss = 459715.59375
Epoch 2: loss = 449894.75
Epoch 3: loss = 449726.4375
Epoch 4: loss = 449723.75
Epoch 5: loss = 449723.6875
Epoch 6: loss = 449723.6875
Epoch 7: loss = 449723.65625
Epoch 8: loss = 449723.625
Epoch 9: loss = 449723.625
Epoch 10: loss = 449723.625
Epoch 11: loss = 449723.625
Epoch 12: loss = 449723.625
Epoch 13: loss = 449723.625
Epoch 14: loss = 449723.625
Epoch 0: loss = 0.10875274240970612
Epoch 1: loss = 0.08509047329425812
Epoch 2: loss = 0.08396131545305252
Epoch 3: loss = 0.08381949365139008
Epoch 4: loss = 0.0837918221950531
Epoch 5: loss = 0.08378838002681732
Epoch 6: loss = 0.08378838002681732
Epoch 7: loss = 0.08378838002681732
Epoch 8: loss = 0.08378838002681732
Epoch 9: loss = 0.08378838002681732
Epoch 10: loss = 0.08378838002681732
Epoch 11: loss = 0.08378838002681732
Epoch 12: loss = 0.08378838002681732
Epoch 13: loss = 0.08378838002681732
Early stopping at epoch 13 with loss 0.08381949365139008
Reconstruction for fluence = 37.926901907322495 photons/pixel
Epoch 0: loss = 1552638.5
Epoch 1: loss = 767599.375
Epoch 2: loss = 752031.375
Epoch 3: loss = 751761.4375
Epoch 4: loss = 751757.25
Epoch 5: loss = 751757.125
Epoch 6: loss = 751757.125
Epoch 7: loss = 751757.0
Epoch 8: loss = 751757.0
Epoch 9: loss = 751757.0
Epoch 10: loss = 751757.0
Epoch 11: loss = 751757.0
Epoch 12: loss = 751757.0
Epoch 13: loss = 751757.0
Epoch 14: loss = 751757.0
Epoch 0: loss = 0.14965040981769562
Epoch 1: loss = 0.12633344531059265
Epoch 2: loss = 0.12524892389774323
Epoch 3: loss = 0.1251404732465744
Epoch 4: loss = 0.1251143366098404
Epoch 5: loss = 0.12510842084884644
Epoch 6: loss = 0.12510818243026733
Epoch 7: loss = 0.12510818243026733
Epoch 8: loss = 0.12510818243026733
Epoch 9: loss = 0.12510818243026733
Epoch 10: loss = 0.12510818243026733
Epoch 11: loss = 0.12510818243026733
Epoch 12: loss = 0.12510818243026733
Epoch 13: loss = 0.12510818243026733
Early stopping at epoch 13 with loss 0.1251404732465744
Reconstruction for fluence = 88.58667904100822 photons/pixel
Epoch 0: loss = 2139286.25
Epoch 1: loss = 979688.6875
Epoch 2: loss = 956333.25
Epoch 3: loss = 955917.375
Epoch 4: loss = 955910.75
Epoch 5: loss = 955910.625
Epoch 6: loss = 955910.625
Epoch 7: loss = 955910.625
Epoch 8: loss = 955910.5
Epoch 9: loss = 955910.5
Epoch 10: loss = 955910.5
Epoch 11: loss = 955910.5
Epoch 12: loss = 955910.5
Epoch 13: loss = 955910.5
Epoch 14: loss = 955910.5
Epoch 0: loss = 0.14876168966293335
Epoch 1: loss = 0.128540500998497
Epoch 2: loss = 0.12751910090446472
Epoch 3: loss = 0.1274208128452301
Epoch 4: loss = 0.1273835450410843
Epoch 5: loss = 0.12737658619880676
Epoch 6: loss = 0.12737637758255005
Epoch 7: loss = 0.12737637758255005
Epoch 8: loss = 0.12737637758255005
Epoch 9: loss = 0.12737637758255005
Epoch 10: loss = 0.12737637758255005
Epoch 11: loss = 0.12737637758255005
Epoch 12: loss = 0.12737637758255005
Epoch 13: loss = 0.12737637758255005
Epoch 14: loss = 0.12737637758255005
Early stopping at epoch 14 with loss 0.1273835450410843
Reconstruction for fluence = 206.9138081114788 photons/pixel
Epoch 0: loss = 3011863.0
Epoch 1: loss = 23794479104.0
Epoch 2: loss = 352855552.0
Epoch 3: loss = 6327400.0
Epoch 4: loss = 1084575.875
Epoch 5: loss = 993412.0
Epoch 6: loss = 991905.75
Epoch 7: loss = 991880.25
Epoch 8: loss = 991880.125
Epoch 9: loss = 991880.0
Epoch 10: loss = 991879.9375
Epoch 11: loss = 991879.875
Epoch 12: loss = 991879.875
