Running simulation for steps_size=7 and n_fluences=20
Steps size: 7
Tensors initialization on device cuda
Multiprobe = band_lim
torch.Size([1, 64, 64])

('MSE', None) RECONSTRUCTIONS

Reconstruction for fluence = 0.09999999999999999 photons/pixel
Epoch 0: loss = 7828.9248046875
Epoch 1: loss = 3259.093017578125
Epoch 2: loss = 3259.09130859375
Epoch 3: loss = 3259.09130859375
Epoch 4: loss = 3259.09130859375
Epoch 5: loss = 3259.091064453125
Epoch 6: loss = 3259.090576171875
Epoch 7: loss = 3259.0908203125
Epoch 8: loss = 3259.0908203125
Epoch 9: loss = 3259.090576171875
Epoch 10: loss = 3259.090576171875
Epoch 11: loss = 3259.0908203125
Epoch 12: loss = 3259.0908203125
Epoch 13: loss = 3259.090576171875
Epoch 14: loss = 3259.090576171875
Early stopping at epoch 14 with loss 3259.090576171875
Reconstruction for fluence = 0.23357214690901223 photons/pixel
Epoch 0: loss = 14971.943359375
Epoch 1: loss = 6649.20703125
Epoch 2: loss = 6649.177734375
Epoch 3: loss = 6649.177734375
Epoch 4: loss = 6649.177734375
Epoch 5: loss = 6649.177734375
Epoch 6: loss = 6649.17724609375
Epoch 7: loss = 6649.17724609375
Epoch 8: loss = 6649.1767578125
Epoch 9: loss = 6649.1767578125
Epoch 10: loss = 6649.1767578125
Epoch 11: loss = 6649.1767578125
Epoch 12: loss = 6649.1767578125
Epoch 13: loss = 6649.1767578125
Epoch 14: loss = 6649.1767578125
Epoch 15: loss = 6649.1767578125
Epoch 16: loss = 6649.1767578125
Early stopping at epoch 16 with loss 6649.1767578125
Reconstruction for fluence = 0.5455594781168519 photons/pixel
Epoch 0: loss = 25503.16015625
Epoch 1: loss = 11673.138671875
Epoch 2: loss = 11673.138671875
Epoch 3: loss = 11673.134765625
Epoch 4: loss = 11673.134765625
Epoch 5: loss = 11673.134765625
Epoch 6: loss = 11673.134765625
Epoch 7: loss = 11673.134765625
Epoch 8: loss = 11673.134765625
Epoch 9: loss = 11673.134765625
Epoch 10: loss = 11673.134765625
Epoch 11: loss = 11673.134765625
Early stopping at epoch 11 with loss 11673.134765625
Reconstruction for fluence = 1.2742749857031335 photons/pixel
Epoch 0: loss = 39468.640625
Epoch 1: loss = 17061.57421875
Epoch 2: loss = 17061.5625
Epoch 3: loss = 17061.5625
Epoch 4: loss = 17061.560546875
Epoch 5: loss = 17061.560546875
Epoch 6: loss = 17061.560546875
Epoch 7: loss = 17061.560546875
Epoch 8: loss = 17061.560546875
Epoch 9: loss = 17061.560546875
Epoch 10: loss = 17061.55859375
Epoch 11: loss = 17061.55859375
Epoch 12: loss = 17061.560546875
Epoch 13: loss = 17061.560546875
Epoch 14: loss = 17061.560546875
Epoch 15: loss = 17061.560546875
Epoch 16: loss = 17061.560546875
Epoch 17: loss = 17061.560546875
Epoch 18: loss = 17061.560546875
Early stopping at epoch 18 with loss 17061.55859375
Reconstruction for fluence = 2.976351441631318 photons/pixel
Epoch 0: loss = 60949.44140625
Epoch 1: loss = 21238.0234375
Epoch 2: loss = 21238.009765625
Epoch 3: loss = 21238.00390625
Epoch 4: loss = 21238.00390625
Epoch 5: loss = 21238.001953125
Epoch 6: loss = 21238.001953125
Epoch 7: loss = 21238.001953125
Epoch 8: loss = 21238.001953125
Epoch 9: loss = 21238.001953125
Epoch 10: loss = 21238.001953125
Epoch 11: loss = 21238.001953125
Epoch 12: loss = 21238.001953125
Epoch 13: loss = 21238.001953125
Early stopping at epoch 13 with loss 21238.001953125
Reconstruction for fluence = 6.9519279617756045 photons/pixel
Epoch 0: loss = 105461.8125
Epoch 1: loss = 25286.8984375
Epoch 2: loss = 25286.87890625
Epoch 3: loss = 25286.85546875
Epoch 4: loss = 25286.85546875
Epoch 5: loss = 25286.853515625
Epoch 6: loss = 25286.853515625
Epoch 7: loss = 25286.8515625
Epoch 8: loss = 25286.8515625
Epoch 9: loss = 25286.8515625
Epoch 10: loss = 25286.8515625
Epoch 11: loss = 25286.8515625
Epoch 12: loss = 25286.8515625
Epoch 13: loss = 25286.8515625
Epoch 14: loss = 25286.8515625
Epoch 15: loss = 25286.8515625
Early stopping at epoch 15 with loss 25286.8515625
Reconstruction for fluence = 16.23776739188721 photons/pixel
Epoch 0: loss = 210150.5625
Epoch 1: loss = 31336.697265625
Epoch 2: loss = 31336.6328125
Epoch 3: loss = 31336.6171875
Epoch 4: loss = 31336.6015625
Epoch 5: loss = 31336.6015625
Epoch 6: loss = 31336.6015625
Epoch 7: loss = 31336.6015625
Epoch 8: loss = 31336.599609375
Epoch 9: loss = 31336.599609375
Epoch 10: loss = 31336.599609375
Epoch 11: loss = 31336.599609375
Epoch 12: loss = 31336.599609375
Epoch 13: loss = 31336.599609375
Epoch 14: loss = 31336.599609375
Epoch 15: loss = 31336.599609375
Epoch 16: loss = 31336.599609375
Early stopping at epoch 16 with loss 31336.599609375
Reconstruction for fluence = 37.926901907322495 photons/pixel
Epoch 0: loss = 457561.25
Epoch 1: loss = 41092.4921875
Epoch 2: loss = 41092.4140625
Epoch 3: loss = 41092.4140625
Epoch 4: loss = 41092.4140625
Epoch 5: loss = 41092.41015625
Epoch 6: loss = 41092.41015625
Epoch 7: loss = 41092.40625
Epoch 8: loss = 41092.40625
Epoch 9: loss = 41092.40625
Epoch 10: loss = 41092.40625
Epoch 11: loss = 41092.40625
Epoch 12: loss = 41092.40625
Epoch 13: loss = 41092.40625
Epoch 14: loss = 41092.40625
Epoch 15: loss = 41092.40625
Early stopping at epoch 15 with loss 41092.40625
Reconstruction for fluence = 88.58667904100822 photons/pixel
Epoch 0: loss = 1037845.6875
Epoch 1: loss = 54869.2109375
Epoch 2: loss = 54869.1328125
Epoch 3: loss = 54869.12109375
Epoch 4: loss = 54869.1171875
Epoch 5: loss = 54869.12109375
Epoch 6: loss = 54869.12109375
Epoch 7: loss = 54869.12109375
Epoch 8: loss = 54869.12109375
Epoch 9: loss = 54869.12109375
Epoch 10: loss = 54869.12109375
Epoch 11: loss = 54869.12109375
Epoch 12: loss = 54869.12109375
Early stopping at epoch 12 with loss 54869.1171875
Reconstruction for fluence = 206.9138081114788 photons/pixel
Epoch 0: loss = 2393380.0
Epoch 1: loss = 71501.875
Epoch 2: loss = 71501.765625
Epoch 3: loss = 71501.765625
Epoch 4: loss = 71501.765625
Epoch 5: loss = 71501.765625
Epoch 6: loss = 71501.765625
Epoch 7: loss = 71501.765625
Epoch 8: loss = 71501.765625
Epoch 9: loss = 71501.765625
Epoch 10: loss = 71501.765625
Early stopping at epoch 10 with loss 71501.765625
Reconstruction for fluence = 483.2930238571752 photons/pixel
Epoch 0: loss = 5557889.0
Epoch 1: loss = 89640.046875
Epoch 2: loss = 89639.765625
Epoch 3: loss = 89639.765625
Epoch 4: loss = 89639.765625
Epoch 5: loss = 89639.765625
Epoch 6: loss = 89639.765625
Epoch 7: loss = 89639.765625
Epoch 8: loss = 89639.765625
Epoch 9: loss = 89639.765625
Epoch 10: loss = 89639.765625
Early stopping at epoch 10 with loss 89639.765625
Reconstruction for fluence = 1128.8378916846884 photons/pixel
Epoch 0: loss = 12961062.0
Epoch 1: loss = 105278.796875
Epoch 2: loss = 105278.3828125
Epoch 3: loss = 105278.390625
Epoch 4: loss = 105278.390625
Epoch 5: loss = 105278.390625
Epoch 6: loss = 105278.390625
Epoch 7: loss = 105278.390625
Epoch 8: loss = 105278.390625
Epoch 9: loss = 105278.390625
Epoch 10: loss = 105278.390625
Early stopping at epoch 10 with loss 105278.3828125
Reconstruction for fluence = 2636.6508987303555 photons/pixel
Epoch 0: loss = 30237178.0
Epoch 1: loss = 115267.15625
Epoch 2: loss = 115264.578125
Epoch 3: loss = 115264.578125
Epoch 4: loss = 115264.578125
Epoch 5: loss = 115264.578125
Epoch 6: loss = 115264.578125
Epoch 7: loss = 115264.578125
Epoch 8: loss = 115264.578125
Epoch 9: loss = 115264.578125
Epoch 10: loss = 115264.578125
Early stopping at epoch 10 with loss 115264.578125
Reconstruction for fluence = 6158.482110660255 photons/pixel
Epoch 0: loss = 70626824.0
Epoch 1: loss = 118390.6875
Epoch 2: loss = 118386.8359375
Epoch 3: loss = 118386.8359375
Epoch 4: loss = 118386.8359375
Epoch 5: loss = 118386.828125
Epoch 6: loss = 118386.828125
Epoch 7: loss = 118386.828125
Epoch 8: loss = 118386.828125
Epoch 9: loss = 118386.828125
Epoch 10: loss = 118386.828125
Epoch 11: loss = 118386.828125
Epoch 12: loss = 118386.828125
Epoch 13: loss = 118386.828125
Early stopping at epoch 13 with loss 118386.828125
Reconstruction for fluence = 14384.498882876629 photons/pixel
Epoch 0: loss = 164928112.0
Epoch 1: loss = 115929.609375
Epoch 2: loss = 115925.9296875
Epoch 3: loss = 115925.9296875
Epoch 4: loss = 115925.9296875
Epoch 5: loss = 115925.9375
Epoch 6: loss = 115925.921875
Epoch 7: loss = 115925.921875
Epoch 8: loss = 115925.9296875
Epoch 9: loss = 115925.9296875
Epoch 10: loss = 115925.9296875
Epoch 11: loss = 115925.9296875
Epoch 12: loss = 115925.921875
Epoch 13: loss = 115925.9296875
Epoch 14: loss = 115925.9296875
Early stopping at epoch 14 with loss 115925.921875
Reconstruction for fluence = 33598.18286283781 photons/pixel
Epoch 0: loss = 385205376.0
Epoch 1: loss = 111734.390625
Epoch 2: loss = 111722.8125
Epoch 3: loss = 111722.8125
Epoch 4: loss = 111722.8125
Epoch 5: loss = 111722.8125
Epoch 6: loss = 111722.8125
Epoch 7: loss = 111722.8125
Epoch 8: loss = 111722.8125
Epoch 9: loss = 111722.8125
Epoch 10: loss = 111722.8125
Early stopping at epoch 10 with loss 111722.8125
Reconstruction for fluence = 78475.99703514607 photons/pixel
Epoch 0: loss = 899743296.0
Epoch 1: loss = 107356.625
Epoch 2: loss = 107300.640625
Epoch 3: loss = 107300.6171875
Epoch 4: loss = 107300.6171875
Epoch 5: loss = 107300.625
Epoch 6: loss = 107300.625
Epoch 7: loss = 107300.625
Epoch 8: loss = 107300.625
Epoch 9: loss = 107300.6328125
Epoch 10: loss = 107300.6171875
Epoch 11: loss = 107300.625
Early stopping at epoch 11 with loss 107300.6171875
Reconstruction for fluence = 183298.07108324335 photons/pixel
Epoch 0: loss = 2101401088.0
Epoch 1: loss = 104294.1015625
Epoch 2: loss = 104184.65625
Epoch 3: loss = 104184.6328125
Epoch 4: loss = 104184.640625
Epoch 5: loss = 104184.640625
Epoch 6: loss = 104184.640625
Epoch 7: loss = 104184.640625
Epoch 8: loss = 104184.640625
Epoch 9: loss = 104184.640625
Epoch 10: loss = 104184.6328125
Epoch 11: loss = 104184.640625
Early stopping at epoch 11 with loss 104184.6328125
Reconstruction for fluence = 428133.2398719387 photons/pixel
Epoch 0: loss = 4908355072.0
Epoch 1: loss = 102424.59375
Epoch 2: loss = 102260.390625
Epoch 3: loss = 102260.28125
Epoch 4: loss = 102260.296875
Epoch 5: loss = 102260.28125
Epoch 6: loss = 102260.296875
Epoch 7: loss = 102260.28125
Epoch 8: loss = 102260.2890625
Epoch 9: loss = 102260.296875
Epoch 10: loss = 102260.28125
Epoch 11: loss = 102260.28125
Early stopping at epoch 11 with loss 102260.28125
Reconstruction for fluence = 1000000.0 photons/pixel
Epoch 0: loss = 11464340480.0
Epoch 1: loss = 102328.171875
Epoch 2: loss = 101520.6171875
Epoch 3: loss = 101520.625
Epoch 4: loss = 101520.625
Epoch 5: loss = 101520.625
Epoch 6: loss = 101520.625
Epoch 7: loss = 101520.625
Epoch 8: loss = 101520.625
Epoch 9: loss = 101520.625
Epoch 10: loss = 101520.625
Early stopping at epoch 10 with loss 101520.6171875
Tensors initialization on device cuda
Multiprobe = band_lim
torch.Size([1, 64, 64])

('MSE', 'PoissonNLL') RECONSTRUCTIONS

Reconstruction for fluence = 0.09999999999999999 photons/pixel
Epoch 0: loss = 7794.1572265625
Epoch 1: loss = 3221.94580078125
Epoch 2: loss = 3221.93798828125
Epoch 3: loss = 3221.9375
Epoch 4: loss = 3221.9365234375
Epoch 5: loss = 3221.936279296875
Epoch 6: loss = 3221.93603515625
Epoch 7: loss = 3221.935791015625
Epoch 8: loss = 3221.93603515625
Epoch 9: loss = 3221.935791015625
Epoch 10: loss = 3221.935791015625
Epoch 11: loss = 3221.935791015625
Epoch 12: loss = 3221.935791015625
Epoch 13: loss = 3221.935791015625
Epoch 14: loss = 3221.935791015625
Epoch 0: loss = 0.04034119471907616
Epoch 1: loss = 0.02862427569925785
Epoch 2: loss = 0.028619691729545593
Epoch 3: loss = 0.028619691729545593
Epoch 4: loss = 0.028619691729545593
Epoch 5: loss = 0.028619691729545593
Epoch 6: loss = 0.028619691729545593
Epoch 7: loss = 0.028619691729545593
Epoch 8: loss = 0.028619691729545593
Epoch 9: loss = 0.028619691729545593
Early stopping at epoch 9 with loss 0.02862427569925785
Reconstruction for fluence = 0.23357214690901223 photons/pixel
Epoch 0: loss = 14799.32421875
Epoch 1: loss = 6605.16162109375
Epoch 2: loss = 6605.1591796875
Epoch 3: loss = 6605.1591796875
Epoch 4: loss = 6605.1591796875
Epoch 5: loss = 6605.1591796875
Epoch 6: loss = 6605.1591796875
Epoch 7: loss = 6605.1591796875
Epoch 8: loss = 6605.1591796875
Epoch 9: loss = 6605.1591796875
Epoch 10: loss = 6605.1591796875
Early stopping at epoch 10 with loss 6605.1591796875
Epoch 0: loss = 0.06659643352031708
Epoch 1: loss = 0.05116846784949303
Epoch 2: loss = 0.051163218915462494
Epoch 3: loss = 0.051163025200366974
Epoch 4: loss = 0.051163025200366974
Epoch 5: loss = 0.051163025200366974
Epoch 6: loss = 0.051163025200366974
Epoch 7: loss = 0.051163025200366974
Epoch 8: loss = 0.051163025200366974
Epoch 9: loss = 0.051163025200366974
Early stopping at epoch 9 with loss 0.05116846784949303
Reconstruction for fluence = 0.5455594781168519 photons/pixel
Epoch 0: loss = 25495.421875
Epoch 1: loss = 11855.515625
Epoch 2: loss = 11855.515625
Epoch 3: loss = 11855.515625
Epoch 4: loss = 11855.515625
Epoch 5: loss = 11855.515625
Epoch 6: loss = 11855.515625
Epoch 7: loss = 11855.5146484375
Epoch 8: loss = 11855.5146484375
Epoch 9: loss = 11855.513671875
Epoch 10: loss = 11855.5146484375
Epoch 11: loss = 11855.5146484375
Epoch 12: loss = 11855.5146484375
Epoch 13: loss = 11855.5146484375
Epoch 14: loss = 11855.5146484375
Epoch 0: loss = 0.09705428034067154
Epoch 1: loss = 0.08052191883325577
Epoch 2: loss = 0.08052042126655579
Epoch 3: loss = 0.08052042126655579
Epoch 4: loss = 0.08052042126655579
Epoch 5: loss = 0.08052042126655579
Epoch 6: loss = 0.08052042126655579
Epoch 7: loss = 0.08052042126655579
Epoch 8: loss = 0.08052042126655579
Epoch 9: loss = 0.08052042126655579
Early stopping at epoch 9 with loss 0.08052191883325577
Reconstruction for fluence = 1.2742749857031335 photons/pixel
Epoch 0: loss = 39591.78125
Epoch 1: loss = 17320.7421875
Epoch 2: loss = 17320.7421875
Epoch 3: loss = 17320.7421875
Epoch 4: loss = 17320.7421875
Epoch 5: loss = 17320.740234375
Epoch 6: loss = 17320.740234375
Epoch 7: loss = 17320.740234375
Epoch 8: loss = 17320.740234375
Epoch 9: loss = 17320.740234375
Epoch 10: loss = 17320.740234375
Epoch 11: loss = 17320.740234375
Epoch 12: loss = 17320.740234375
Epoch 13: loss = 17320.740234375
Early stopping at epoch 13 with loss 17320.740234375
Epoch 0: loss = 0.10845941305160522
Epoch 1: loss = 0.09414010494947433
Epoch 2: loss = 0.09412993490695953
Epoch 3: loss = 0.09412781149148941
Epoch 4: loss = 0.09412761777639389
Epoch 5: loss = 0.09412761777639389
Epoch 6: loss = 0.0941275879740715
Epoch 7: loss = 0.0941275879740715
Epoch 8: loss = 0.0941275879740715
Epoch 9: loss = 0.0941275879740715
Early stopping at epoch 9 with loss 0.09414010494947433
Reconstruction for fluence = 2.976351441631318 photons/pixel
Epoch 0: loss = 61551.703125
Epoch 1: loss = 21874.48828125
Epoch 2: loss = 21874.47265625
Epoch 3: loss = 21874.47265625
Epoch 4: loss = 21874.47265625
Epoch 5: loss = 21874.470703125
Epoch 6: loss = 21874.470703125
Epoch 7: loss = 21874.470703125
Epoch 8: loss = 21874.470703125
Epoch 9: loss = 21874.470703125
Epoch 10: loss = 21874.470703125
Epoch 11: loss = 21874.470703125
Epoch 12: loss = 21874.470703125
Epoch 13: loss = 21874.470703125
Early stopping at epoch 13 with loss 21874.470703125
Epoch 0: loss = 0.010890579782426357
Epoch 1: loss = -0.0029231589287519455
Epoch 2: loss = -0.0029426284600049257
Epoch 3: loss = -0.0029453758616000414
Epoch 4: loss = -0.0029466741252690554
Epoch 5: loss = -0.0029466995038092136
Epoch 6: loss = -0.0029466995038092136
Epoch 7: loss = -0.0029466995038092136
Epoch 8: loss = -0.0029466995038092136
Epoch 9: loss = -0.0029466995038092136
Early stopping at epoch 9 with loss -0.0029231589287519455
Reconstruction for fluence = 6.9519279617756045 photons/pixel
Epoch 0: loss = 104458.296875
Epoch 1: loss = 25380.90234375
Epoch 2: loss = 25380.875
Epoch 3: loss = 25380.875
Epoch 4: loss = 25380.875
Epoch 5: loss = 25380.87109375
Epoch 6: loss = 25380.87109375
Epoch 7: loss = 25380.8671875
Epoch 8: loss = 25380.865234375
Epoch 9: loss = 25380.865234375
Epoch 10: loss = 25380.86328125
Epoch 11: loss = 25380.86328125
Epoch 12: loss = 25380.86328125
Epoch 13: loss = 25380.86328125
Epoch 14: loss = 25380.865234375
Epoch 0: loss = -0.519020140171051
Epoch 1: loss = -0.5362043976783752
Epoch 2: loss = -0.5362297296524048
Epoch 3: loss = -0.5362423062324524
Epoch 4: loss = -0.5362440943717957
Epoch 5: loss = -0.5362443327903748
Epoch 6: loss = -0.5362445116043091
Epoch 7: loss = -0.5362446308135986
Epoch 8: loss = -0.5362465977668762
Epoch 9: loss = -0.5362476110458374
Early stopping at epoch 9 with loss -0.5362043976783752
Reconstruction for fluence = 16.23776739188721 photons/pixel
Epoch 0: loss = 208624.21875
Epoch 1: loss = 31369.0234375
Epoch 2: loss = 31368.9375
Epoch 3: loss = 31368.9375
Epoch 4: loss = 31368.935546875
Epoch 5: loss = 31368.935546875
Epoch 6: loss = 31368.935546875
Epoch 7: loss = 31368.93359375
Epoch 8: loss = 31368.935546875
Epoch 9: loss = 31368.935546875
Epoch 10: loss = 31368.935546875
Epoch 11: loss = 31368.935546875
Epoch 12: loss = 31368.935546875
Epoch 13: loss = 31368.935546875
Epoch 14: loss = 31368.935546875
Epoch 0: loss = -2.4428741931915283
Epoch 1: loss = -2.4670913219451904
Epoch 2: loss = -2.4671080112457275
Epoch 3: loss = -2.4671080112457275
Epoch 4: loss = -2.4671084880828857
Epoch 5: loss = -2.4671084880828857
Epoch 6: loss = -2.467108964920044
Epoch 7: loss = -2.467108964920044
Epoch 8: loss = -2.467108964920044
Epoch 9: loss = -2.467109203338623
Early stopping at epoch 9 with loss -2.4670913219451904
Reconstruction for fluence = 37.926901907322495 photons/pixel
Epoch 0: loss = 453243.28125
Epoch 1: loss = 41237.83984375
Epoch 2: loss = 41237.828125
Epoch 3: loss = 41237.8046875
Epoch 4: loss = 41237.80078125
Epoch 5: loss = 41237.80078125
Epoch 6: loss = 41237.8046875
Epoch 7: loss = 41237.80078125
Epoch 8: loss = 41237.80078125
Epoch 9: loss = 41237.80078125
Epoch 10: loss = 41237.80078125
Epoch 11: loss = 41237.80078125
Epoch 12: loss = 41237.80078125
Early stopping at epoch 12 with loss 41237.80078125
Epoch 0: loss = -8.633167266845703
Epoch 1: loss = -8.665987014770508
Epoch 2: loss = -8.66600227355957
Epoch 3: loss = -8.666004180908203
Epoch 4: loss = -8.666006088256836
Epoch 5: loss = -8.666006088256836
Epoch 6: loss = -8.666006088256836
Epoch 7: loss = -8.666007041931152
Epoch 8: loss = -8.666007041931152
Epoch 9: loss = -8.666007041931152
Early stopping at epoch 9 with loss -8.665987014770508
Reconstruction for fluence = 88.58667904100822 photons/pixel
Epoch 0: loss = 1027356.125
Epoch 1: loss = 55508.31640625
Epoch 2: loss = 55508.30859375
Epoch 3: loss = 55508.3046875
Epoch 4: loss = 55508.30859375
Epoch 5: loss = 55508.30859375
Epoch 6: loss = 55508.30859375
Epoch 7: loss = 55508.30859375
Epoch 8: loss = 55508.30859375
Epoch 9: loss = 55508.30859375
Epoch 10: loss = 55508.30859375
Epoch 11: loss = 55508.30859375
Early stopping at epoch 11 with loss 55508.3046875
Epoch 0: loss = -26.98249053955078
Epoch 1: loss = -27.02418327331543
Epoch 2: loss = -27.024188995361328
Epoch 3: loss = -27.024192810058594
Epoch 4: loss = -27.024192810058594
Epoch 5: loss = -27.024192810058594
Epoch 6: loss = -27.024192810058594
Epoch 7: loss = -27.02419662475586
Epoch 8: loss = -27.02419662475586
Epoch 9: loss = -27.024198532104492
Early stopping at epoch 9 with loss -27.02418327331543
Reconstruction for fluence = 206.9138081114788 photons/pixel
Epoch 0: loss = 2369955.5
Epoch 1: loss = 71872.875
Epoch 2: loss = 71872.875
Epoch 3: loss = 71872.875
Epoch 4: loss = 71872.875
Epoch 5: loss = 71872.875
Epoch 6: loss = 71872.875
Epoch 7: loss = 71872.875
Epoch 8: loss = 71872.875
Epoch 9: loss = 71872.875
Early stopping at epoch 9 with loss 71872.875
Epoch 0: loss = -78.8448715209961
Epoch 1: loss = -78.88975524902344
Epoch 2: loss = -78.8897705078125
Epoch 3: loss = -78.8897705078125
Epoch 4: loss = -78.88977813720703
Epoch 5: loss = -78.8897705078125
Epoch 6: loss = -78.8897705078125
Epoch 7: loss = -78.88977813720703
Epoch 8: loss = -78.8897705078125
Epoch 9: loss = -78.88977813720703
Early stopping at epoch 9 with loss -78.88975524902344
Reconstruction for fluence = 483.2930238571752 photons/pixel
Epoch 0: loss = 5510686.5
Epoch 1: loss = 90672.2578125
Epoch 2: loss = 90672.234375
Epoch 3: loss = 90672.234375
Epoch 4: loss = 90672.234375
Epoch 5: loss = 90672.2265625
Epoch 6: loss = 90672.21875
Epoch 7: loss = 90672.21875
Epoch 8: loss = 90672.21875
Epoch 9: loss = 90672.21875
Epoch 10: loss = 90672.21875
Epoch 11: loss = 90672.21875
Epoch 12: loss = 90672.21875
Epoch 13: loss = 90672.21875
Epoch 14: loss = 90672.2265625
Early stopping at epoch 14 with loss 90672.21875
Epoch 0: loss = -220.92515563964844
Epoch 1: loss = -220.96728515625
Epoch 2: loss = -220.96730041503906
Epoch 3: loss = -220.96730041503906
Epoch 4: loss = -220.96730041503906
Epoch 5: loss = -220.96730041503906
Epoch 6: loss = -220.96730041503906
Epoch 7: loss = -220.96730041503906
Epoch 8: loss = -220.96730041503906
Epoch 9: loss = -220.96730041503906
Early stopping at epoch 9 with loss -220.96728515625
Reconstruction for fluence = 1128.8378916846884 photons/pixel
Epoch 0: loss = 12833997.0
Epoch 1: loss = 107051.546875
Epoch 2: loss = 107051.53125
Epoch 3: loss = 107051.515625
Epoch 4: loss = 107051.53125
Epoch 5: loss = 107051.5234375
Epoch 6: loss = 107051.5234375
Epoch 7: loss = 107051.5234375
Epoch 8: loss = 107051.5234375
Epoch 9: loss = 107051.5234375
Epoch 10: loss = 107051.5234375
Epoch 11: loss = 107051.53125
Early stopping at epoch 11 with loss 107051.515625
Epoch 0: loss = -602.5098876953125
Epoch 1: loss = -602.5432739257812
Epoch 2: loss = -602.5432739257812
Epoch 3: loss = -602.5432739257812
Epoch 4: loss = -602.5432739257812
Epoch 5: loss = -602.5432739257812
Epoch 6: loss = -602.5432739257812
Epoch 7: loss = -602.5432739257812
Epoch 8: loss = -602.5432739257812
Epoch 9: loss = -602.5432739257812
Early stopping at epoch 9 with loss -602.5432739257812
Reconstruction for fluence = 2636.6508987303555 photons/pixel
Epoch 0: loss = 29961690.0
Epoch 1: loss = 115768.1875
Epoch 2: loss = 115768.1484375
Epoch 3: loss = 115768.15625
Epoch 4: loss = 115768.15625
Epoch 5: loss = 115768.15625
Epoch 6: loss = 115768.15625
Epoch 7: loss = 115768.15625
Epoch 8: loss = 115768.1484375
Epoch 9: loss = 115768.15625
Epoch 10: loss = 115768.15625
Early stopping at epoch 10 with loss 115768.1484375
Epoch 0: loss = -1608.5440673828125
Epoch 1: loss = -1608.5657958984375
Epoch 2: loss = -1608.5657958984375
Epoch 3: loss = -1608.5657958984375
Epoch 4: loss = -1608.5657958984375
Epoch 5: loss = -1608.5657958984375
Epoch 6: loss = -1608.5657958984375
Epoch 7: loss = -1608.5657958984375
Epoch 8: loss = -1608.5657958984375
Epoch 9: loss = -1608.5657958984375
Early stopping at epoch 9 with loss -1608.5657958984375
Reconstruction for fluence = 6158.482110660255 photons/pixel
Epoch 0: loss = 69948312.0
Epoch 1: loss = 119094.8125
Epoch 2: loss = 119094.7578125
Epoch 3: loss = 119094.75
Epoch 4: loss = 119094.75
Epoch 5: loss = 119094.75
Epoch 6: loss = 119094.75
Epoch 7: loss = 119094.75
Epoch 8: loss = 119094.75
Epoch 9: loss = 119094.75
Epoch 10: loss = 119094.75
Epoch 11: loss = 119094.75
Early stopping at epoch 11 with loss 119094.75
Epoch 0: loss = -4227.09814453125
Epoch 1: loss = -4227.109375
Epoch 2: loss = -4227.109375
Epoch 3: loss = -4227.109375
Epoch 4: loss = -4227.109375
Epoch 5: loss = -4227.109375
Epoch 6: loss = -4227.109375
Epoch 7: loss = -4227.109375
Epoch 8: loss = -4227.109375
Epoch 9: loss = -4227.109375
Early stopping at epoch 9 with loss -4227.109375
Reconstruction for fluence = 14384.498882876629 photons/pixel
Epoch 0: loss = 163357184.0
Epoch 1: loss = 115786.453125
Epoch 2: loss = 115786.3359375
Epoch 3: loss = 115786.328125
Epoch 4: loss = 115786.328125
Epoch 5: loss = 115786.328125
Epoch 6: loss = 115786.328125
Epoch 7: loss = 115786.328125
Epoch 8: loss = 115786.328125
Epoch 9: loss = 115786.328125
Epoch 10: loss = 115786.328125
Epoch 11: loss = 115786.328125
Early stopping at epoch 11 with loss 115786.328125
Epoch 0: loss = -10972.037109375
Epoch 1: loss = -10972.0439453125
Epoch 2: loss = -10972.0439453125
Epoch 3: loss = -10972.0439453125
Epoch 4: loss = -10972.0439453125
Epoch 5: loss = -10972.0439453125
Epoch 6: loss = -10972.0439453125
Epoch 7: loss = -10972.0439453125
Epoch 8: loss = -10972.0439453125
Epoch 9: loss = -10972.0439453125
Early stopping at epoch 9 with loss -10972.0439453125
Reconstruction for fluence = 33598.18286283781 photons/pixel
Epoch 0: loss = 381506752.0
Epoch 1: loss = 111199.78125
Epoch 2: loss = 111198.59375
Epoch 3: loss = 111198.5859375
Epoch 4: loss = 111198.59375
Epoch 5: loss = 111198.5859375
Epoch 6: loss = 111198.5859375
Epoch 7: loss = 111198.578125
Epoch 8: loss = 111198.578125
Epoch 9: loss = 111198.578125
Epoch 10: loss = 111198.5859375
Epoch 11: loss = 111198.5859375
Epoch 12: loss = 111198.5859375
Epoch 13: loss = 111198.578125
Epoch 14: loss = 111198.59375
Epoch 0: loss = -28193.986328125
Epoch 1: loss = -28193.986328125
Epoch 2: loss = -28193.986328125
Epoch 3: loss = -28193.986328125
Epoch 4: loss = -28193.986328125
Epoch 5: loss = -28193.990234375
Epoch 6: loss = -28193.986328125
Epoch 7: loss = -28193.986328125
Epoch 8: loss = -28193.986328125
Epoch 9: loss = -28193.986328125
Epoch 10: loss = -28193.986328125
Epoch 11: loss = -28193.990234375
Epoch 12: loss = -28193.990234375
Epoch 13: loss = -28193.990234375
Early stopping at epoch 13 with loss -28193.990234375
Reconstruction for fluence = 78475.99703514607 photons/pixel
Epoch 0: loss = 891056832.0
Epoch 1: loss = 106679.8203125
Epoch 2: loss = 106678.9453125
Epoch 3: loss = 106678.953125
Epoch 4: loss = 106678.953125
Epoch 5: loss = 106678.9375
Epoch 6: loss = 106678.953125
Epoch 7: loss = 106678.953125
Epoch 8: loss = 106678.9375
Epoch 9: loss = 106678.9375
Epoch 10: loss = 106678.953125
Epoch 11: loss = 106678.9453125
Epoch 12: loss = 106678.953125
Epoch 13: loss = 106678.9609375
Early stopping at epoch 13 with loss 106678.9375
Epoch 0: loss = -71844.96875
Epoch 1: loss = -71844.96875
Epoch 2: loss = -71844.96875
Epoch 3: loss = -71844.96875
Epoch 4: loss = -71844.96875
Epoch 5: loss = -71844.96875
Epoch 6: loss = -71844.96875
Epoch 7: loss = -71844.96875
Epoch 8: loss = -71844.96875
Early stopping at epoch 8 with loss -71844.96875
Reconstruction for fluence = 183298.07108324335 photons/pixel
Epoch 0: loss = 2081294336.0
Epoch 1: loss = 104038.546875
Epoch 2: loss = 104034.578125
Epoch 3: loss = 104034.578125
Epoch 4: loss = 104034.578125
Epoch 5: loss = 104034.578125
Epoch 6: loss = 104034.5703125
Epoch 7: loss = 104034.578125
Epoch 8: loss = 104034.578125
Epoch 9: loss = 104034.578125
Epoch 10: loss = 104034.578125
Epoch 11: loss = 104034.578125
Epoch 12: loss = 104034.578125
Epoch 13: loss = 104034.578125
Epoch 14: loss = 104034.578125
Early stopping at epoch 14 with loss 104034.5703125
Epoch 0: loss = -181802.390625
Epoch 1: loss = -181802.390625
Epoch 2: loss = -181802.390625
Epoch 3: loss = -181802.390625
Epoch 4: loss = -181802.390625
Epoch 5: loss = -181802.390625
Epoch 6: loss = -181802.390625
Epoch 7: loss = -181802.390625
Epoch 8: loss = -181802.390625
Early stopping at epoch 8 with loss -181802.390625
Reconstruction for fluence = 428133.2398719387 photons/pixel
Epoch 0: loss = 4861158912.0
Epoch 1: loss = 102211.765625
Epoch 2: loss = 102203.828125
Epoch 3: loss = 102203.84375
Epoch 4: loss = 102203.84375
Epoch 5: loss = 102203.84375
Epoch 6: loss = 102203.84375
Epoch 7: loss = 102203.84375
Epoch 8: loss = 102203.84375
Epoch 9: loss = 102203.84375
Epoch 10: loss = 102203.84375
Early stopping at epoch 10 with loss 102203.828125
Epoch 0: loss = -457330.78125
Epoch 1: loss = -457330.78125
Epoch 2: loss = -457330.78125
Epoch 3: loss = -457330.78125
Epoch 4: loss = -457330.78125
Epoch 5: loss = -457330.78125
Epoch 6: loss = -457330.78125
Epoch 7: loss = -457330.78125
Epoch 8: loss = -457330.78125
Early stopping at epoch 8 with loss -457330.78125
Reconstruction for fluence = 1000000.0 photons/pixel
Epoch 0: loss = 11354697728.0
Epoch 1: loss = 101220.15625
Epoch 2: loss = 101201.71875
Epoch 3: loss = 101201.7109375
Epoch 4: loss = 101201.7265625
Epoch 5: loss = 101201.7265625
Epoch 6: loss = 101201.703125
Epoch 7: loss = 101201.7265625
Epoch 8: loss = 101201.71875
Epoch 9: loss = 101201.734375
Epoch 10: loss = 101201.71875
Epoch 11: loss = 101201.75
Epoch 12: loss = 101201.734375
Epoch 13: loss = 101201.734375
Epoch 14: loss = 101201.71875
Early stopping at epoch 14 with loss 101201.703125
Epoch 0: loss = -1144526.0
Epoch 1: loss = -1144526.0
Epoch 2: loss = -1144526.125
Epoch 3: loss = -1144526.0
Epoch 4: loss = -1144526.0
Epoch 5: loss = -1144526.0
Epoch 6: loss = -1144526.0
Epoch 7: loss = -1144526.0
Epoch 8: loss = -1144526.0
Epoch 9: loss = -1144526.0
Epoch 10: loss = -1144526.0
Early stopping at epoch 10 with loss -1144526.125
Simulation for steps_size=7 and n_fluences=20 completed!
