Running simulation for steps_size=30 and n_fluences=20
Steps size: 30
Tensors initialization on device cuda
Multiprobe = band_lim
torch.Size([1, 64, 64])

('MSE', None) RECONSTRUCTIONS

Reconstruction for fluence = 0.09999999999999999 photons/pixel
Epoch 0: loss = 0.32234302163124084
Epoch 1: loss = 0.05425484851002693
Epoch 2: loss = 0.04510914534330368
Epoch 3: loss = 0.042982302606105804
Epoch 4: loss = 0.04210074618458748
Epoch 5: loss = 0.04174347221851349
Epoch 6: loss = 0.041605766862630844
Epoch 7: loss = 0.041533660143613815
Epoch 8: loss = 0.04148583486676216
Epoch 9: loss = 0.041458528488874435
Epoch 10: loss = 0.04144637659192085
Epoch 11: loss = 0.04144173860549927
Epoch 12: loss = 0.0414397194981575
Epoch 13: loss = 0.04143855348229408
Early stopping at epoch 13 with loss 0.04148583486676216
Reconstruction for fluence = 0.23357214690901223 photons/pixel
Epoch 0: loss = 1.438671588897705
Epoch 1: loss = 0.12551289796829224
Epoch 2: loss = 0.10102622956037521
Epoch 3: loss = 0.09387704730033875
Epoch 4: loss = 0.0913158655166626
Epoch 5: loss = 0.0904349684715271
Epoch 6: loss = 0.09010710567235947
Epoch 7: loss = 0.08995386958122253
Epoch 8: loss = 0.08985406905412674
Epoch 9: loss = 0.08979108184576035
Epoch 10: loss = 0.0897485688328743
Epoch 11: loss = 0.089718297123909
Epoch 12: loss = 0.08969096094369888
Epoch 13: loss = 0.0896637961268425
Epoch 14: loss = 0.08964589238166809
Epoch 15: loss = 0.08963439613580704
Epoch 16: loss = 0.0896279513835907
Epoch 17: loss = 0.0896243005990982
Early stopping at epoch 17 with loss 0.08969096094369888
Reconstruction for fluence = 0.5455594781168519 photons/pixel
Epoch 0: loss = 7.2503814697265625
Epoch 1: loss = 0.2964438498020172
Epoch 2: loss = 0.227776899933815
Epoch 3: loss = 0.2088298797607422
Epoch 4: loss = 0.20178817212581635
Epoch 5: loss = 0.19894066452980042
Epoch 6: loss = 0.19808144867420197
Epoch 7: loss = 0.19751916825771332
Epoch 8: loss = 0.1972542405128479
Epoch 9: loss = 0.19711215794086456
Epoch 10: loss = 0.19703282415866852
Epoch 11: loss = 0.19699104130268097
Epoch 12: loss = 0.19696933031082153
Epoch 13: loss = 0.19695666432380676
Epoch 14: loss = 0.19694872200489044
Epoch 15: loss = 0.19694450497627258
Epoch 16: loss = 0.1969420611858368
Early stopping at epoch 16 with loss 0.19699104130268097
Reconstruction for fluence = 1.2742749857031335 photons/pixel
Epoch 0: loss = 37.47496032714844
Epoch 1: loss = 0.7282968163490295
Epoch 2: loss = 0.5318987965583801
Epoch 3: loss = 0.47325101494789124
Epoch 4: loss = 0.4518575668334961
Epoch 5: loss = 0.44353988766670227
Epoch 6: loss = 0.4400769770145416
Epoch 7: loss = 0.4383259117603302
Epoch 8: loss = 0.4373500645160675
Epoch 9: loss = 0.43680810928344727
Epoch 10: loss = 0.4364832937717438
Epoch 11: loss = 0.4363253116607666
Epoch 12: loss = 0.43623706698417664
Epoch 13: loss = 0.43618184328079224
Epoch 14: loss = 0.43614768981933594
Epoch 15: loss = 0.4361264407634735
Epoch 16: loss = 0.43611544370651245
Epoch 17: loss = 0.43610984086990356
Epoch 18: loss = 0.43610620498657227
Early stopping at epoch 18 with loss 0.43618184328079224
Reconstruction for fluence = 2.976351441631318 photons/pixel
Epoch 0: loss = 200.13958740234375
Epoch 1: loss = 1.7915257215499878
Epoch 2: loss = 1.180515170097351
Epoch 3: loss = 1.0123939514160156
Epoch 4: loss = 0.9508814215660095
Epoch 5: loss = 0.9261542558670044
Epoch 6: loss = 0.9158496856689453
Epoch 7: loss = 0.9110808968544006
Epoch 8: loss = 0.9079298377037048
Epoch 9: loss = 0.9061940312385559
Epoch 10: loss = 0.9051655530929565
Epoch 11: loss = 0.9047173261642456
Epoch 12: loss = 0.9044707417488098
Epoch 13: loss = 0.9043125510215759
Epoch 14: loss = 0.9042102098464966
Epoch 15: loss = 0.9041523337364197
Epoch 16: loss = 0.9041220545768738
Epoch 17: loss = 0.9041005373001099
Epoch 18: loss = 0.90408855676651
Epoch 19: loss = 0.9040810465812683
Epoch 20: loss = 0.9040796756744385
Epoch 21: loss = 0.9040777683258057
Epoch 22: loss = 0.9040735363960266
Early stopping at epoch 22 with loss 0.9041005373001099
Reconstruction for fluence = 6.9519279617756045 photons/pixel
Epoch 0: loss = 1079.1121826171875
Epoch 1: loss = 4.906900882720947
Epoch 2: loss = 2.855393648147583
Epoch 3: loss = 2.3490939140319824
Epoch 4: loss = 2.1540329456329346
Epoch 5: loss = 2.065262794494629
Epoch 6: loss = 2.0286107063293457
Epoch 7: loss = 2.0109925270080566
Epoch 8: loss = 1.9969278573989868
Epoch 9: loss = 1.98861563205719
Epoch 10: loss = 1.9836523532867432
Epoch 11: loss = 1.980979561805725
Epoch 12: loss = 1.9794167280197144
Epoch 13: loss = 1.9784096479415894
Epoch 14: loss = 1.9777764081954956
Epoch 15: loss = 1.977346658706665
Epoch 16: loss = 1.9770783185958862
Epoch 17: loss = 1.9769083261489868
Epoch 18: loss = 1.976796269416809
Epoch 19: loss = 1.9767096042633057
Epoch 20: loss = 1.9766422510147095
Epoch 21: loss = 1.9765973091125488
Epoch 22: loss = 1.9765676259994507
Epoch 23: loss = 1.9765455722808838
Epoch 24: loss = 1.9765290021896362
Epoch 25: loss = 1.9765268564224243
Epoch 26: loss = 1.9765154123306274
Epoch 27: loss = 1.976511836051941
Epoch 28: loss = 1.976510763168335
Epoch 29: loss = 1.9765071868896484
Early stopping at epoch 29 with loss 1.9765290021896362
Reconstruction for fluence = 16.23776739188721 photons/pixel
Epoch 0: loss = 5860.26318359375
Epoch 1: loss = 15.293740272521973
Epoch 2: loss = 7.407793045043945
Epoch 3: loss = 5.624701023101807
Epoch 4: loss = 5.010218143463135
Epoch 5: loss = 4.719974517822266
Epoch 6: loss = 4.607719421386719
Epoch 7: loss = 4.544276237487793
Epoch 8: loss = 4.499701499938965
Epoch 9: loss = 4.470709323883057
Epoch 10: loss = 4.450789451599121
Epoch 11: loss = 4.440628528594971
Epoch 12: loss = 4.433989524841309
Epoch 13: loss = 4.429315567016602
Epoch 14: loss = 4.425575256347656
Epoch 15: loss = 4.422982692718506
Epoch 16: loss = 4.421461582183838
Epoch 17: loss = 4.420614719390869
Epoch 18: loss = 4.419919490814209
Epoch 19: loss = 4.4194183349609375
Epoch 20: loss = 4.41907262802124
Epoch 21: loss = 4.418844223022461
Epoch 22: loss = 4.418707847595215
Epoch 23: loss = 4.418595314025879
Epoch 24: loss = 4.418507099151611
Epoch 25: loss = 4.4184441566467285
Epoch 26: loss = 4.418434143066406
Epoch 27: loss = 4.418407917022705
Epoch 28: loss = 4.418376445770264
Epoch 29: loss = 4.418376445770264
Epoch 30: loss = 4.41837215423584
Early stopping at epoch 30 with loss 4.4184441566467285
Reconstruction for fluence = 37.926901907322495 photons/pixel
Epoch 0: loss = 32036.1953125
Epoch 1: loss = 57.4379768371582
Epoch 2: loss = 20.717756271362305
Epoch 3: loss = 13.702444076538086
Epoch 4: loss = 11.528255462646484
Epoch 5: loss = 10.567471504211426
Epoch 6: loss = 10.143814086914062
Epoch 7: loss = 9.935016632080078
Epoch 8: loss = 9.784201622009277
Epoch 9: loss = 9.681949615478516
Epoch 10: loss = 9.621115684509277
Epoch 11: loss = 9.581568717956543
Epoch 12: loss = 9.555244445800781
Epoch 13: loss = 9.537008285522461
Epoch 14: loss = 9.523761749267578
Epoch 15: loss = 9.51478385925293
Epoch 16: loss = 9.508450508117676
Epoch 17: loss = 9.503997802734375
Epoch 18: loss = 9.500823020935059
Epoch 19: loss = 9.498074531555176
Epoch 20: loss = 9.49609088897705
Epoch 21: loss = 9.494694709777832
Epoch 22: loss = 9.493748664855957
Epoch 23: loss = 9.493020057678223
Epoch 24: loss = 9.492399215698242
Epoch 25: loss = 9.491899490356445
Epoch 26: loss = 9.49153995513916
Epoch 27: loss = 9.491297721862793
Epoch 28: loss = 9.491108894348145
Epoch 29: loss = 9.490958213806152
Epoch 30: loss = 9.490827560424805
Epoch 31: loss = 9.490734100341797
Epoch 32: loss = 9.4906587600708
Epoch 33: loss = 9.490653038024902
Epoch 34: loss = 9.4906005859375
Epoch 35: loss = 9.49059772491455
Epoch 36: loss = 9.49059009552002
Epoch 37: loss = 9.49057674407959
Early stopping at epoch 37 with loss 9.4906587600708
Reconstruction for fluence = 88.58667904100822 photons/pixel
Epoch 0: loss = 174659.3125
Epoch 1: loss = 246.336181640625
Epoch 2: loss = 63.67741012573242
Epoch 3: loss = 36.38105773925781
Epoch 4: loss = 28.55109977722168
Epoch 5: loss = 25.245161056518555
Epoch 6: loss = 23.872400283813477
Epoch 7: loss = 23.10910987854004
Epoch 8: loss = 22.559282302856445
Epoch 9: loss = 22.21185302734375
Epoch 10: loss = 21.976362228393555
Epoch 11: loss = 21.827999114990234
Epoch 12: loss = 21.725311279296875
Epoch 13: loss = 21.647790908813477
Epoch 14: loss = 21.58786392211914
Epoch 15: loss = 21.543609619140625
Epoch 16: loss = 21.512861251831055
Epoch 17: loss = 21.492353439331055
Epoch 18: loss = 21.476694107055664
Epoch 19: loss = 21.463592529296875
Epoch 20: loss = 21.453105926513672
Epoch 21: loss = 21.44536018371582
Epoch 22: loss = 21.43930435180664
Epoch 23: loss = 21.43415641784668
Epoch 24: loss = 21.429845809936523
Epoch 25: loss = 21.42617416381836
Epoch 26: loss = 21.42307472229004
Epoch 27: loss = 21.420772552490234
Epoch 28: loss = 21.41878318786621
Epoch 29: loss = 21.416791915893555
Epoch 30: loss = 21.414928436279297
Epoch 31: loss = 21.41326332092285
Epoch 32: loss = 21.411975860595703
Epoch 33: loss = 21.410799026489258
Epoch 34: loss = 21.409774780273438
Epoch 35: loss = 21.408954620361328
Epoch 36: loss = 21.408294677734375
Epoch 37: loss = 21.407779693603516
Epoch 38: loss = 21.407386779785156
Epoch 39: loss = 21.40708351135254
Epoch 40: loss = 21.406816482543945
Epoch 41: loss = 21.40674591064453
Epoch 42: loss = 21.406524658203125
Epoch 43: loss = 21.406360626220703
Epoch 44: loss = 21.406360626220703
Epoch 45: loss = 21.406312942504883
Epoch 46: loss = 21.40629005432129
Epoch 47: loss = 21.406227111816406
Epoch 48: loss = 21.406179428100586
Epoch 49: loss = 21.406152725219727
Epoch 50: loss = 21.406137466430664
Epoch 51: loss = 21.40608024597168
Epoch 52: loss = 21.40604591369629
Epoch 53: loss = 21.406030654907227
Epoch 54: loss = 21.405996322631836
Epoch 55: loss = 21.40597915649414
Epoch 56: loss = 21.405973434448242
Epoch 57: loss = 21.40593910217285
Epoch 58: loss = 21.405908584594727
Epoch 59: loss = 21.405893325805664
Epoch 60: loss = 21.40589141845703
Early stopping at epoch 60 with loss 21.40597915649414
Reconstruction for fluence = 206.9138081114788 photons/pixel
Epoch 0: loss = 952969.3125
Epoch 1: loss = 1216.90087890625
Epoch 2: loss = 249.27574157714844
Epoch 3: loss = 104.73979187011719
Epoch 4: loss = 71.61100769042969
Epoch 5: loss = 59.66242218017578
Epoch 6: loss = 54.78545379638672
Epoch 7: loss = 52.20515823364258
Epoch 8: loss = 50.53799057006836
Epoch 9: loss = 49.34759521484375
Epoch 10: loss = 48.54148483276367
Epoch 11: loss = 48.078060150146484
Epoch 12: loss = 47.76192092895508
Epoch 13: loss = 47.49591827392578
Epoch 14: loss = 47.29115295410156
Epoch 15: loss = 47.13833999633789
Epoch 16: loss = 47.03140640258789
Epoch 17: loss = 46.961875915527344
Epoch 18: loss = 46.90456771850586
Epoch 19: loss = 46.85957336425781
Epoch 20: loss = 46.82028579711914
Epoch 21: loss = 46.789512634277344
Epoch 22: loss = 46.77095031738281
Epoch 23: loss = 46.75031280517578
Epoch 24: loss = 46.735103607177734
Epoch 25: loss = 46.72132110595703
Epoch 26: loss = 46.71062088012695
Epoch 27: loss = 46.703392028808594
Epoch 28: loss = 46.69729995727539
Epoch 29: loss = 46.69203186035156
Epoch 30: loss = 46.68740463256836
Epoch 31: loss = 46.68362045288086
Epoch 32: loss = 46.68090057373047
Epoch 33: loss = 46.67853927612305
Epoch 34: loss = 46.67625427246094
Epoch 35: loss = 46.67439651489258
Epoch 36: loss = 46.67290496826172
Epoch 37: loss = 46.67168426513672
Epoch 38: loss = 46.670772552490234
Epoch 39: loss = 46.66995620727539
Epoch 40: loss = 46.66920852661133
Epoch 41: loss = 46.668601989746094
Epoch 42: loss = 46.6680793762207
Epoch 43: loss = 46.66794204711914
Epoch 44: loss = 46.66755676269531
Epoch 45: loss = 46.66742706298828
Epoch 46: loss = 46.66727828979492
Epoch 47: loss = 46.666969299316406
Epoch 48: loss = 46.66664123535156
Epoch 49: loss = 46.66646194458008
Epoch 50: loss = 46.6663703918457
Epoch 51: loss = 46.666290283203125
Epoch 52: loss = 46.6662483215332
Epoch 53: loss = 46.66606521606445
Epoch 54: loss = 46.66599655151367
Epoch 55: loss = 46.66593933105469
Epoch 56: loss = 46.6658821105957
Epoch 57: loss = 46.6658821105957
Epoch 58: loss = 46.66581344604492
Epoch 59: loss = 46.66575622558594
Epoch 60: loss = 46.665672302246094
Epoch 61: loss = 46.665672302246094
Epoch 62: loss = 46.66564178466797
Epoch 63: loss = 46.665618896484375
Epoch 64: loss = 46.66558074951172
Epoch 65: loss = 46.66555404663086
Epoch 66: loss = 46.66548156738281
Epoch 67: loss = 46.665462493896484
Epoch 68: loss = 46.66545867919922
Epoch 69: loss = 46.665435791015625
Epoch 70: loss = 46.66538619995117
Epoch 71: loss = 46.6654052734375
Epoch 72: loss = 46.665313720703125
Epoch 73: loss = 46.66530990600586
Epoch 74: loss = 46.6652717590332
Epoch 75: loss = 46.6652717590332
Epoch 76: loss = 46.66521072387695
Epoch 77: loss = 46.665225982666016
Epoch 78: loss = 46.66521072387695
Epoch 79: loss = 46.66518020629883
Epoch 80: loss = 46.66517639160156
Epoch 81: loss = 46.66516876220703
Early stopping at epoch 81 with loss 46.66521072387695
Reconstruction for fluence = 483.2930238571752 photons/pixel
Epoch 0: loss = 5197550.5
Epoch 1: loss = 6219.611328125
Epoch 2: loss = 1093.631591796875
Epoch 3: loss = 380.4386901855469
Epoch 4: loss = 221.3600616455078
Epoch 5: loss = 164.1739044189453
Epoch 6: loss = 145.6460723876953
Epoch 7: loss = 132.1985626220703
Epoch 8: loss = 124.96292114257812
Epoch 9: loss = 120.80227661132812
Epoch 10: loss = 117.72466278076172
Epoch 11: loss = 115.87527465820312
Epoch 12: loss = 114.68851470947266
Epoch 13: loss = 113.78384399414062
Epoch 14: loss = 113.02702331542969
Epoch 15: loss = 112.5038833618164
Epoch 16: loss = 112.13069915771484
Epoch 17: loss = 111.85498046875
Epoch 18: loss = 111.61969757080078
Epoch 19: loss = 111.4200210571289
Epoch 20: loss = 111.25794982910156
Epoch 21: loss = 111.12737274169922
Epoch 22: loss = 111.03866577148438
Epoch 23: loss = 110.97151947021484
Epoch 24: loss = 110.91008758544922
Epoch 25: loss = 110.86146545410156
Epoch 26: loss = 110.8188705444336
Epoch 27: loss = 110.78994750976562
Epoch 28: loss = 110.76529693603516
Epoch 29: loss = 110.74226379394531
Epoch 30: loss = 110.72342681884766
Epoch 31: loss = 110.70787048339844
Epoch 32: loss = 110.69493865966797
Epoch 33: loss = 110.68367767333984
Epoch 34: loss = 110.67411041259766
Epoch 35: loss = 110.66580963134766
Epoch 36: loss = 110.65814208984375
Epoch 37: loss = 110.65245819091797
Epoch 38: loss = 110.64737701416016
Epoch 39: loss = 110.6435317993164
Epoch 40: loss = 110.63996124267578
Epoch 41: loss = 110.63671112060547
Epoch 42: loss = 110.63401794433594
Epoch 43: loss = 110.63182830810547
Epoch 44: loss = 110.62993621826172
Epoch 45: loss = 110.62981414794922
Epoch 46: loss = 110.62816619873047
Epoch 47: loss = 110.6275405883789
Epoch 48: loss = 110.6271743774414
Epoch 49: loss = 110.62567138671875
Epoch 50: loss = 110.62541961669922
Epoch 51: loss = 110.6246109008789
Epoch 52: loss = 110.62449645996094
Epoch 53: loss = 110.6238784790039
Epoch 54: loss = 110.62276458740234
Epoch 55: loss = 110.62239074707031
Epoch 56: loss = 110.62161254882812
Epoch 57: loss = 110.6207046508789
Epoch 58: loss = 110.62006378173828
Epoch 59: loss = 110.61966705322266
Epoch 60: loss = 110.61952209472656
Epoch 61: loss = 110.61905670166016
Epoch 62: loss = 110.61885070800781
Epoch 63: loss = 110.61878967285156
Epoch 64: loss = 110.61870574951172
Epoch 65: loss = 110.61862182617188
Epoch 66: loss = 110.61821746826172
Epoch 67: loss = 110.61820220947266
Epoch 68: loss = 110.617919921875
Epoch 69: loss = 110.61771392822266
Epoch 70: loss = 110.61763763427734
Epoch 71: loss = 110.6174087524414
Epoch 72: loss = 110.61725616455078
Epoch 73: loss = 110.61705017089844
Epoch 74: loss = 110.61690521240234
Epoch 75: loss = 110.61672973632812
Epoch 76: loss = 110.61668395996094
Epoch 77: loss = 110.61668395996094
Epoch 78: loss = 110.6165542602539
Epoch 79: loss = 110.6164779663086
Epoch 80: loss = 110.6162338256836
Epoch 81: loss = 110.61631774902344
Epoch 82: loss = 110.6163101196289
Epoch 83: loss = 110.6163101196289
Epoch 84: loss = 110.61626434326172
Epoch 85: loss = 110.61615753173828
Early stopping at epoch 85 with loss 110.6162338256836
Reconstruction for fluence = 1128.8378916846884 photons/pixel
Epoch 0: loss = 28365450.0
Epoch 1: loss = 33311.2265625
Epoch 2: loss = 5526.24462890625
Epoch 3: loss = 1556.7593994140625
Epoch 4: loss = 755.8396606445312
Epoch 5: loss = 489.27777099609375
Epoch 6: loss = 394.11273193359375
Epoch 7: loss = 337.9664001464844
Epoch 8: loss = 306.1724853515625
Epoch 9: loss = 287.6795349121094
Epoch 10: loss = 275.7303771972656
Epoch 11: loss = 268.6792297363281
Epoch 12: loss = 263.3434143066406
Epoch 13: loss = 259.7433166503906
Epoch 14: loss = 256.9948425292969
Epoch 15: loss = 254.9093475341797
Epoch 16: loss = 253.4889373779297
Epoch 17: loss = 252.520751953125
Epoch 18: loss = 251.72398376464844
Epoch 19: loss = 251.0150604248047
Epoch 20: loss = 250.473388671875
Epoch 21: loss = 250.04579162597656
Epoch 22: loss = 249.7543487548828
Epoch 23: loss = 249.4975128173828
Epoch 24: loss = 249.2841796875
Epoch 25: loss = 249.08908081054688
Epoch 26: loss = 248.9276580810547
Epoch 27: loss = 248.8163604736328
Epoch 28: loss = 248.7103729248047
Epoch 29: loss = 248.6202850341797
Epoch 30: loss = 248.54049682617188
Epoch 31: loss = 248.4720001220703
Epoch 32: loss = 248.41949462890625
Epoch 33: loss = 248.37586975097656
Epoch 34: loss = 248.34019470214844
Epoch 35: loss = 248.306396484375
Epoch 36: loss = 248.27706909179688
Epoch 37: loss = 248.2528533935547
Epoch 38: loss = 248.23252868652344
Epoch 39: loss = 248.2154998779297
Epoch 40: loss = 248.19932556152344
Epoch 41: loss = 248.185791015625
Epoch 42: loss = 248.1759796142578
Epoch 43: loss = 248.1664276123047
Epoch 44: loss = 248.1588897705078
Epoch 45: loss = 248.15191650390625
Epoch 46: loss = 248.14756774902344
Epoch 47: loss = 248.141845703125
Epoch 48: loss = 248.1366729736328
Epoch 49: loss = 248.1366729736328
Epoch 50: loss = 248.13243103027344
Epoch 51: loss = 248.12863159179688
Epoch 52: loss = 248.1276092529297
Epoch 53: loss = 248.12579345703125
Epoch 54: loss = 248.12269592285156
Epoch 55: loss = 248.12022399902344
Epoch 56: loss = 248.1181640625
Epoch 57: loss = 248.1159210205078
Epoch 58: loss = 248.11387634277344
Epoch 59: loss = 248.1139373779297
Epoch 60: loss = 248.1123809814453
Epoch 61: loss = 248.11090087890625
Epoch 62: loss = 248.1103057861328
Epoch 63: loss = 248.10992431640625
Epoch 64: loss = 248.10958862304688
Epoch 65: loss = 248.1088409423828
Epoch 66: loss = 248.10777282714844
Epoch 67: loss = 248.1070098876953
Epoch 68: loss = 248.1060333251953
Epoch 69: loss = 248.10536193847656
Epoch 70: loss = 248.10552978515625
Epoch 71: loss = 248.10504150390625
Epoch 72: loss = 248.10504150390625
Epoch 73: loss = 248.1048126220703
Epoch 74: loss = 248.10430908203125
Epoch 75: loss = 248.1038360595703
Epoch 76: loss = 248.10324096679688
Epoch 77: loss = 248.10260009765625
Epoch 78: loss = 248.10218811035156
Epoch 79: loss = 248.10162353515625
Epoch 80: loss = 248.10145568847656
Epoch 81: loss = 248.1012420654297
Epoch 82: loss = 248.1009063720703
Epoch 83: loss = 248.10069274902344
Epoch 84: loss = 248.1007537841797
Epoch 85: loss = 248.10055541992188
Epoch 86: loss = 248.10031127929688
Epoch 87: loss = 248.1005401611328
Epoch 88: loss = 248.10023498535156
Epoch 89: loss = 248.09991455078125
Epoch 90: loss = 248.0997772216797
Epoch 91: loss = 248.09967041015625
Epoch 92: loss = 248.0995635986328
Epoch 93: loss = 248.0994415283203
Epoch 94: loss = 248.0994415283203
Epoch 95: loss = 248.09933471679688
Epoch 96: loss = 248.09901428222656
Epoch 97: loss = 248.09873962402344
Epoch 98: loss = 248.0988006591797
Epoch 99: loss = 248.09835815429688
Epoch 100: loss = 248.0983428955078
Epoch 101: loss = 248.0982208251953
Epoch 102: loss = 248.09814453125
Epoch 103: loss = 248.0983123779297
Epoch 104: loss = 248.09814453125
Epoch 105: loss = 248.09771728515625
Epoch 106: loss = 248.0978240966797
Epoch 107: loss = 248.0978240966797
Epoch 108: loss = 248.0978240966797
Epoch 109: loss = 248.0979766845703
Epoch 110: loss = 248.09776306152344
Early stopping at epoch 110 with loss 248.09771728515625
Reconstruction for fluence = 2636.6508987303555 photons/pixel
Epoch 0: loss = 154709648.0
Epoch 1: loss = 179668.96875
Epoch 2: loss = 28896.7890625
Epoch 3: loss = 7389.78369140625
Epoch 4: loss = 3069.34765625
Epoch 5: loss = 1746.5247802734375
Epoch 6: loss = 1256.879638671875
Epoch 7: loss = 1010.2810668945312
Epoch 8: loss = 862.2904663085938
Epoch 9: loss = 775.5007934570312
Epoch 10: loss = 718.5029296875
Epoch 11: loss = 684.4450073242188
Epoch 12: loss = 665.802734375
Epoch 13: loss = 650.4700317382812
Epoch 14: loss = 638.0862426757812
Epoch 15: loss = 629.935791015625
Epoch 16: loss = 623.8828125
Epoch 17: loss = 619.957275390625
Epoch 18: loss = 616.6820678710938
Epoch 19: loss = 614.0525512695312
Epoch 20: loss = 611.9541015625
Epoch 21: loss = 610.3104248046875
Epoch 22: loss = 609.1157836914062
Epoch 23: loss = 608.144775390625
Epoch 24: loss = 607.3411254882812
Epoch 25: loss = 606.6138305664062
Epoch 26: loss = 606.029296875
Epoch 27: loss = 605.5962524414062
Epoch 28: loss = 605.2852172851562
Epoch 29: loss = 604.9686279296875
Epoch 30: loss = 604.6864013671875
Epoch 31: loss = 604.4631958007812
Epoch 32: loss = 604.3109741210938
Epoch 33: loss = 604.1702270507812
Epoch 34: loss = 604.03515625
Epoch 35: loss = 603.9168701171875
Epoch 36: loss = 603.8158569335938
Epoch 37: loss = 603.7353515625
Epoch 38: loss = 603.6650390625
Epoch 39: loss = 603.5958251953125
Epoch 40: loss = 603.5350341796875
Epoch 41: loss = 603.478271484375
Epoch 42: loss = 603.4353637695312
Epoch 43: loss = 603.3990478515625
Epoch 44: loss = 603.36376953125
Epoch 45: loss = 603.3346557617188
Epoch 46: loss = 603.3096313476562
Epoch 47: loss = 603.2871704101562
Epoch 48: loss = 603.2698974609375
Epoch 49: loss = 603.252197265625
Epoch 50: loss = 603.2415161132812
Epoch 51: loss = 603.2332153320312
Epoch 52: loss = 603.227783203125
Epoch 53: loss = 603.2145385742188
Epoch 54: loss = 603.2034301757812
Epoch 55: loss = 603.2008666992188
Epoch 56: loss = 603.193115234375
Epoch 57: loss = 603.1897583007812
Epoch 58: loss = 603.1826171875
Epoch 59: loss = 603.1768798828125
Epoch 60: loss = 603.175048828125
Epoch 61: loss = 603.1741333007812
Epoch 62: loss = 603.1702270507812
Epoch 63: loss = 603.1683959960938
Epoch 64: loss = 603.1641845703125
Epoch 65: loss = 603.1641845703125
Epoch 66: loss = 603.1624145507812
Epoch 67: loss = 603.1586303710938
Epoch 68: loss = 603.1575317382812
Epoch 69: loss = 603.1538696289062
Epoch 70: loss = 603.1536254882812
Epoch 71: loss = 603.1519165039062
Epoch 72: loss = 603.1489868164062
Epoch 73: loss = 603.1485595703125
Epoch 74: loss = 603.1472778320312
Epoch 75: loss = 603.1472778320312
Epoch 76: loss = 603.1460571289062
Epoch 77: loss = 603.1452026367188
Epoch 78: loss = 603.1432495117188
Epoch 79: loss = 603.1433715820312
Epoch 80: loss = 603.1411743164062
Epoch 81: loss = 603.1411743164062
Epoch 82: loss = 603.1414794921875
Epoch 83: loss = 603.1401977539062
Epoch 84: loss = 603.1395263671875
Epoch 85: loss = 603.1382446289062
Epoch 86: loss = 603.1372680664062
Epoch 87: loss = 603.1376953125
Epoch 88: loss = 603.1360473632812
Epoch 89: loss = 603.1364135742188
Epoch 90: loss = 603.1350708007812
Epoch 91: loss = 603.1353149414062
Epoch 92: loss = 603.134033203125
Epoch 93: loss = 603.134765625
Epoch 94: loss = 603.1332397460938
Epoch 95: loss = 603.1331176757812
Epoch 96: loss = 603.133056640625
Epoch 97: loss = 603.1317138671875
Epoch 98: loss = 603.1306762695312
Epoch 99: loss = 603.1319580078125
Epoch 100: loss = 603.1303100585938
Epoch 101: loss = 603.1306762695312
Epoch 102: loss = 603.1295776367188
Epoch 103: loss = 603.1292114257812
Epoch 104: loss = 603.1287231445312
Epoch 105: loss = 603.1275024414062
Epoch 106: loss = 603.1281127929688
Epoch 107: loss = 603.1277465820312
Epoch 108: loss = 603.1266479492188
Epoch 109: loss = 603.1259155273438
Epoch 110: loss = 603.1257934570312
Epoch 111: loss = 603.1256713867188
Epoch 112: loss = 603.124267578125
Epoch 113: loss = 603.1223754882812
Epoch 114: loss = 603.1234741210938
Epoch 115: loss = 603.1233520507812
Epoch 116: loss = 603.1224975585938
Epoch 117: loss = 603.1224975585938
Epoch 118: loss = 603.1217651367188
Epoch 119: loss = 603.1209106445312
Epoch 120: loss = 603.121337890625
Epoch 121: loss = 603.1209106445312
Epoch 122: loss = 603.119873046875
Epoch 123: loss = 603.1188354492188
Epoch 124: loss = 603.1190185546875
Epoch 125: loss = 603.1181640625
Epoch 126: loss = 603.1170654296875
Epoch 127: loss = 603.116455078125
Epoch 128: loss = 603.115966796875
Epoch 129: loss = 603.1160278320312
Epoch 130: loss = 603.1160278320312
Epoch 131: loss = 603.1135864257812
Epoch 132: loss = 603.114990234375
Epoch 133: loss = 603.1137084960938
Epoch 134: loss = 603.1134033203125
Epoch 135: loss = 603.1124267578125
Epoch 136: loss = 603.1126098632812
Epoch 137: loss = 603.1126098632812
Epoch 138: loss = 603.1121826171875
Epoch 139: loss = 603.1121215820312
Epoch 140: loss = 603.1102294921875
Epoch 141: loss = 603.1107788085938
Epoch 142: loss = 603.1099243164062
Epoch 143: loss = 603.1118774414062
Epoch 144: loss = 603.1096801757812
Epoch 145: loss = 603.109619140625
Epoch 146: loss = 603.1102905273438
Epoch 147: loss = 603.1094970703125
Epoch 148: loss = 603.1094970703125
Epoch 149: loss = 603.1091918945312
Epoch 150: loss = 603.1087036132812
Epoch 151: loss = 603.1094970703125
Epoch 152: loss = 603.1096801757812
Epoch 153: loss = 603.1087036132812
Epoch 154: loss = 603.108642578125
Epoch 155: loss = 603.1087646484375
Early stopping at epoch 155 with loss 603.1087036132812
Reconstruction for fluence = 6158.482110660255 photons/pixel
Epoch 0: loss = 844029696.0
Epoch 1: loss = 973827.875
Epoch 2: loss = 152659.921875
Epoch 3: loss = 39602.10546875
Epoch 4: loss = 15981.1376953125
Epoch 5: loss = 7875.38525390625
Epoch 6: loss = 5172.57958984375
Epoch 7: loss = 3586.122802734375
Epoch 8: loss = 2680.53759765625
Epoch 9: loss = 2246.62255859375
Epoch 10: loss = 1969.4791259765625
Epoch 11: loss = 1807.77978515625
Epoch 12: loss = 1714.925537109375
Epoch 13: loss = 1638.7823486328125
Epoch 14: loss = 1588.2545166015625
Epoch 15: loss = 1551.041259765625
Epoch 16: loss = 1525.3939208984375
Epoch 17: loss = 1507.7303466796875
Epoch 18: loss = 1493.054931640625
Epoch 19: loss = 1482.2769775390625
Epoch 20: loss = 1473.8037109375
Epoch 21: loss = 1467.589599609375
Epoch 22: loss = 1462.86767578125
Epoch 23: loss = 1458.9913330078125
Epoch 24: loss = 1456.013916015625
Epoch 25: loss = 1453.5064697265625
Epoch 26: loss = 1451.3350830078125
Epoch 27: loss = 1449.8658447265625
Epoch 28: loss = 1448.5599365234375
Epoch 29: loss = 1447.4251708984375
Epoch 30: loss = 1446.4622802734375
Epoch 31: loss = 1445.620849609375
Epoch 32: loss = 1444.9761962890625
Epoch 33: loss = 1444.4986572265625
Epoch 34: loss = 1444.048095703125
Epoch 35: loss = 1443.6292724609375
Epoch 36: loss = 1443.2669677734375
Epoch 37: loss = 1442.965087890625
Epoch 38: loss = 1442.696533203125
Epoch 39: loss = 1442.455322265625
Epoch 40: loss = 1442.2587890625
Epoch 41: loss = 1442.18896484375
Epoch 42: loss = 1442.0072021484375
Epoch 43: loss = 1441.874267578125
Epoch 44: loss = 1441.7608642578125
Epoch 45: loss = 1441.65234375
Epoch 46: loss = 1441.55810546875
Epoch 47: loss = 1441.47021484375
Epoch 48: loss = 1441.4132080078125
Epoch 49: loss = 1441.3482666015625
Epoch 50: loss = 1441.299072265625
Epoch 51: loss = 1441.251220703125
Epoch 52: loss = 1441.1983642578125
Epoch 53: loss = 1441.16015625
Epoch 54: loss = 1441.14306640625
Epoch 55: loss = 1441.1324462890625
Epoch 56: loss = 1441.099853515625
Epoch 57: loss = 1441.0714111328125
Epoch 58: loss = 1441.0474853515625
Epoch 59: loss = 1441.0321044921875
Epoch 60: loss = 1441.0123291015625
Epoch 61: loss = 1440.9996337890625
Epoch 62: loss = 1440.97900390625
Epoch 63: loss = 1440.9833984375
Epoch 64: loss = 1440.9703369140625
Epoch 65: loss = 1440.9493408203125
Epoch 66: loss = 1440.9400634765625
Epoch 67: loss = 1440.9332275390625
Epoch 68: loss = 1440.92626953125
Epoch 69: loss = 1440.924072265625
Epoch 70: loss = 1440.924072265625
Epoch 71: loss = 1440.917724609375
Epoch 72: loss = 1440.91162109375
Epoch 73: loss = 1440.9049072265625
Epoch 74: loss = 1440.9010009765625
Epoch 75: loss = 1440.8994140625
Epoch 76: loss = 1440.8919677734375
Epoch 77: loss = 1440.8883056640625
Epoch 78: loss = 1440.8931884765625
Epoch 79: loss = 1440.8863525390625
Epoch 80: loss = 1440.8863525390625
Epoch 81: loss = 1440.88525390625
Epoch 82: loss = 1440.88525390625
Epoch 83: loss = 1440.87939453125
Epoch 84: loss = 1440.8763427734375
Epoch 85: loss = 1440.87255859375
Epoch 86: loss = 1440.8760986328125
Epoch 87: loss = 1440.8758544921875
Epoch 88: loss = 1440.8734130859375
Epoch 89: loss = 1440.8778076171875
Epoch 90: loss = 1440.8726806640625
Early stopping at epoch 90 with loss 1440.87255859375
Reconstruction for fluence = 14384.498882876629 photons/pixel
Epoch 0: loss = 4604321792.0
Epoch 1: loss = 5312625.0
Epoch 2: loss = 837372.8125
Epoch 3: loss = 211529.28125
Epoch 4: loss = 79540.359375
Epoch 5: loss = 37693.34765625
Epoch 6: loss = 23192.40625
Epoch 7: loss = 15547.4130859375
Epoch 8: loss = 10720.7724609375
Epoch 9: loss = 8212.6689453125
Epoch 10: loss = 6590.24609375
Epoch 11: loss = 5581.26513671875
Epoch 12: loss = 4980.466796875
Epoch 13: loss = 4571.66015625
Epoch 14: loss = 4268.46337890625
Epoch 15: loss = 4048.9609375
Epoch 16: loss = 3904.06201171875
Epoch 17: loss = 3800.7421875
Epoch 18: loss = 3717.90283203125
Epoch 19: loss = 3653.411376953125
Epoch 20: loss = 3608.0654296875
Epoch 21: loss = 3573.71484375
Epoch 22: loss = 3549.300048828125
Epoch 23: loss = 3528.780517578125
Epoch 24: loss = 3511.626708984375
Epoch 25: loss = 3498.7275390625
Epoch 26: loss = 3487.56298828125
Epoch 27: loss = 3480.069580078125
Epoch 28: loss = 3473.094970703125
Epoch 29: loss = 3467.778564453125
Epoch 30: loss = 3463.010986328125
Epoch 31: loss = 3458.713134765625
Epoch 32: loss = 3455.638671875
Epoch 33: loss = 3453.012939453125
Epoch 34: loss = 3450.7431640625
Epoch 35: loss = 3448.68017578125
Epoch 36: loss = 3447.145263671875
Epoch 37: loss = 3445.9189453125
Epoch 38: loss = 3444.802001953125
Epoch 39: loss = 3443.88232421875
Epoch 40: loss = 3443.044189453125
Epoch 41: loss = 3442.3056640625
Epoch 42: loss = 3441.702392578125
Epoch 43: loss = 3441.155029296875
Epoch 44: loss = 3440.713134765625
Epoch 45: loss = 3440.2958984375
Epoch 46: loss = 3439.902099609375
Epoch 47: loss = 3439.60107421875
Epoch 48: loss = 3439.329833984375
Epoch 49: loss = 3439.0771484375
Epoch 50: loss = 3438.8603515625
Epoch 51: loss = 3438.6513671875
Epoch 52: loss = 3438.462646484375
Epoch 53: loss = 3438.32470703125
Epoch 54: loss = 3438.170654296875
Epoch 55: loss = 3438.0673828125
Epoch 56: loss = 3437.9716796875
Epoch 57: loss = 3437.8662109375
Epoch 58: loss = 3437.84033203125
Epoch 59: loss = 3437.77001953125
Epoch 60: loss = 3437.708251953125
Epoch 61: loss = 3437.655029296875
Epoch 62: loss = 3437.612548828125
Epoch 63: loss = 3437.547119140625
Epoch 64: loss = 3437.507080078125
Epoch 65: loss = 3437.474365234375
Epoch 66: loss = 3437.432861328125
Epoch 67: loss = 3437.42041015625
Epoch 68: loss = 3437.374267578125
Epoch 69: loss = 3437.34765625
Epoch 70: loss = 3437.34375
Epoch 71: loss = 3437.325439453125
Epoch 72: loss = 3437.2998046875
Epoch 73: loss = 3437.2939453125
Epoch 74: loss = 3437.278076171875
Epoch 75: loss = 3437.26513671875
Epoch 76: loss = 3437.272216796875
Epoch 77: loss = 3437.247314453125
Epoch 78: loss = 3437.240478515625
Epoch 79: loss = 3437.24658203125
Epoch 80: loss = 3437.244873046875
Epoch 81: loss = 3437.23193359375
Epoch 82: loss = 3437.232666015625
Epoch 83: loss = 3437.221435546875
Epoch 84: loss = 3437.213134765625
Epoch 85: loss = 3437.197021484375
Epoch 86: loss = 3437.2197265625
Epoch 87: loss = 3437.219482421875
Epoch 88: loss = 3437.19921875
Epoch 89: loss = 3437.2041015625
Epoch 90: loss = 3437.202880859375
Early stopping at epoch 90 with loss 3437.197021484375
Reconstruction for fluence = 33598.18286283781 photons/pixel
Epoch 0: loss = 25120899072.0
Epoch 1: loss = 28956068.0
Epoch 2: loss = 4549718.0
Epoch 3: loss = 1138158.0
Epoch 4: loss = 426659.8125
Epoch 5: loss = 191618.578125
Epoch 6: loss = 108141.765625
Epoch 7: loss = 70514.7890625
Epoch 8: loss = 45452.421875
Epoch 9: loss = 31783.0703125
Epoch 10: loss = 23126.861328125
Epoch 11: loss = 18255.603515625
Epoch 12: loss = 15110.5126953125
Epoch 13: loss = 13174.2783203125
Epoch 14: loss = 11642.423828125
Epoch 15: loss = 10563.01953125
Epoch 16: loss = 9859.0556640625
Epoch 17: loss = 9339.8076171875
Epoch 18: loss = 8946.2080078125
Epoch 19: loss = 8622.7783203125
Epoch 20: loss = 8385.009765625
Epoch 21: loss = 8209.8681640625
Epoch 22: loss = 8089.11279296875
Epoch 23: loss = 7990.10400390625
Epoch 24: loss = 7914.29541015625
Epoch 25: loss = 7851.48095703125
Epoch 26: loss = 7800.77978515625
Epoch 27: loss = 7764.26904296875
Epoch 28: loss = 7736.80029296875
Epoch 29: loss = 7710.86962890625
Epoch 30: loss = 7689.49755859375
Epoch 31: loss = 7671.31103515625
Epoch 32: loss = 7658.67041015625
Epoch 33: loss = 7647.95947265625
Epoch 34: loss = 7638.10791015625
Epoch 35: loss = 7630.24853515625
Epoch 36: loss = 7623.361328125
Epoch 37: loss = 7617.92822265625
Epoch 38: loss = 7613.712890625
Epoch 39: loss = 7609.99853515625
Epoch 40: loss = 7606.70654296875
Epoch 41: loss = 7603.82373046875
Epoch 42: loss = 7601.5625
Epoch 43: loss = 7599.55322265625
Epoch 44: loss = 7597.876953125
Epoch 45: loss = 7596.25537109375
Epoch 46: loss = 7594.82568359375
Epoch 47: loss = 7593.791015625
Epoch 48: loss = 7592.73779296875
Epoch 49: loss = 7591.87744140625
Epoch 50: loss = 7591.109375
Epoch 51: loss = 7590.36474609375
Epoch 52: loss = 7589.71533203125
Epoch 53: loss = 7589.20947265625
Epoch 54: loss = 7588.76025390625
Epoch 55: loss = 7588.25341796875
Epoch 56: loss = 7587.94970703125
Epoch 57: loss = 7587.52685546875
Epoch 58: loss = 7587.27587890625
Epoch 59: loss = 7587.0625
Epoch 60: loss = 7586.7724609375
Epoch 61: loss = 7586.58349609375
Epoch 62: loss = 7586.42529296875
Epoch 63: loss = 7586.29150390625
Epoch 64: loss = 7586.23095703125
Epoch 65: loss = 7586.1337890625
Epoch 66: loss = 7585.96435546875
Epoch 67: loss = 7585.8525390625
Epoch 68: loss = 7585.86279296875
Epoch 69: loss = 7585.78662109375
Epoch 70: loss = 7585.7021484375
Epoch 71: loss = 7585.65478515625
Epoch 72: loss = 7585.6181640625
Epoch 73: loss = 7585.51806640625
Epoch 74: loss = 7585.49560546875
Epoch 75: loss = 7585.46337890625
Epoch 76: loss = 7585.42431640625
Epoch 77: loss = 7585.37158203125
Epoch 78: loss = 7585.32470703125
Epoch 79: loss = 7585.33251953125
Epoch 80: loss = 7585.26416015625
Epoch 81: loss = 7585.251953125
Epoch 82: loss = 7585.2724609375
Epoch 83: loss = 7585.19189453125
Epoch 84: loss = 7585.21533203125
Epoch 85: loss = 7585.23095703125
Epoch 86: loss = 7585.1875
Epoch 87: loss = 7585.2255859375
Epoch 88: loss = 7585.1494140625
Epoch 89: loss = 7585.16259765625
Epoch 90: loss = 7585.17724609375
Epoch 91: loss = 7585.1181640625
Epoch 92: loss = 7585.13720703125
Epoch 93: loss = 7585.10009765625
Epoch 94: loss = 7585.10791015625
Epoch 95: loss = 7585.14404296875
Epoch 96: loss = 7585.134765625
Epoch 97: loss = 7585.08154296875
Epoch 98: loss = 7585.09130859375
Epoch 99: loss = 7585.1787109375
Epoch 100: loss = 7585.0927734375
Epoch 101: loss = 7585.07373046875
Epoch 102: loss = 7585.0927734375
Epoch 103: loss = 7585.1328125
Epoch 104: loss = 7585.0634765625
Epoch 105: loss = 7585.07275390625
Epoch 106: loss = 7585.0849609375
Epoch 107: loss = 7585.06103515625
Epoch 108: loss = 7585.11572265625
Epoch 109: loss = 7585.08935546875
Epoch 110: loss = 7585.11962890625
Epoch 111: loss = 7585.07470703125
Epoch 112: loss = 7585.078125
Early stopping at epoch 112 with loss 7585.06103515625
Reconstruction for fluence = 78475.99703514607 photons/pixel
Epoch 0: loss = 137054797824.0
Epoch 1: loss = 157917680.0
Epoch 2: loss = 24796124.0
Epoch 3: loss = 5983346.5
Epoch 4: loss = 2186203.0
Epoch 5: loss = 1001622.875
Epoch 6: loss = 575628.375
Epoch 7: loss = 351098.65625
Epoch 8: loss = 223461.828125
Epoch 9: loss = 152332.203125
Epoch 10: loss = 104871.625
Epoch 11: loss = 78139.9140625
Epoch 12: loss = 60030.6328125
Epoch 13: loss = 47732.07421875
Epoch 14: loss = 38956.01953125
Epoch 15: loss = 33205.46484375
Epoch 16: loss = 29259.75390625
Epoch 17: loss = 26657.46875
Epoch 18: loss = 24566.177734375
Epoch 19: loss = 22833.029296875
Epoch 20: loss = 21524.736328125
Epoch 21: loss = 20581.216796875
Epoch 22: loss = 20012.123046875
Epoch 23: loss = 19536.41015625
Epoch 24: loss = 19133.63671875
Epoch 25: loss = 18789.66015625
Epoch 26: loss = 18504.6640625
Epoch 27: loss = 18317.55078125
Epoch 28: loss = 18151.419921875
Epoch 29: loss = 18012.412109375
Epoch 30: loss = 17900.76953125
Epoch 31: loss = 17796.998046875
Epoch 32: loss = 17725.71484375
Epoch 33: loss = 17662.44921875
Epoch 34: loss = 17609.728515625
Epoch 35: loss = 17566.44140625
Epoch 36: loss = 17531.9765625
Epoch 37: loss = 17504.625
Epoch 38: loss = 17483.697265625
Epoch 39: loss = 17464.46875
Epoch 40: loss = 17447.3515625
Epoch 41: loss = 17431.416015625
Epoch 42: loss = 17419.53125
Epoch 43: loss = 17408.923828125
Epoch 44: loss = 17400.107421875
Epoch 45: loss = 17392.77734375
Epoch 46: loss = 17385.5390625
Epoch 47: loss = 17380.056640625
Epoch 48: loss = 17376.064453125
Epoch 49: loss = 17371.35546875
Epoch 50: loss = 17367.650390625
Epoch 51: loss = 17363.814453125
Epoch 52: loss = 17360.427734375
Epoch 53: loss = 17359.65625
Epoch 54: loss = 17357.0703125
Epoch 55: loss = 17354.837890625
Epoch 56: loss = 17352.802734375
Epoch 57: loss = 17350.775390625
Epoch 58: loss = 17349.296875
Epoch 59: loss = 17348.107421875
Epoch 60: loss = 17346.978515625
Epoch 61: loss = 17346.08984375
Epoch 62: loss = 17345.041015625
Epoch 63: loss = 17344.083984375
Epoch 64: loss = 17343.6875
Epoch 65: loss = 17342.708984375
Epoch 66: loss = 17342.193359375
Epoch 67: loss = 17341.794921875
Epoch 68: loss = 17341.369140625
Epoch 69: loss = 17341.115234375
Epoch 70: loss = 17340.65234375
Epoch 71: loss = 17340.380859375
Epoch 72: loss = 17340.28515625
Epoch 73: loss = 17339.8125
Epoch 74: loss = 17339.71875
Epoch 75: loss = 17339.59765625
Epoch 76: loss = 17339.2265625
Epoch 77: loss = 17339.22265625
Epoch 78: loss = 17339.06640625
Epoch 79: loss = 17339.041015625
Epoch 80: loss = 17338.78125
Epoch 81: loss = 17338.7890625
Epoch 82: loss = 17338.6875
Epoch 83: loss = 17338.7578125
Epoch 84: loss = 17338.576171875
Epoch 85: loss = 17338.583984375
Epoch 86: loss = 17338.59765625
Epoch 87: loss = 17338.462890625
Epoch 88: loss = 17338.375
Epoch 89: loss = 17338.58984375
Epoch 90: loss = 17338.529296875
Epoch 91: loss = 17338.396484375
Epoch 92: loss = 17338.517578125
Epoch 93: loss = 17338.146484375
Epoch 94: loss = 17338.40625
Epoch 95: loss = 17338.353515625
Epoch 96: loss = 17338.10546875
Epoch 97: loss = 17338.306640625
Epoch 98: loss = 17338.232421875
Epoch 99: loss = 17338.29296875
Epoch 100: loss = 17338.22265625
Epoch 101: loss = 17338.1015625
Epoch 102: loss = 17338.2265625
Epoch 103: loss = 17338.197265625
Epoch 104: loss = 17338.1640625
Epoch 105: loss = 17338.392578125
Epoch 106: loss = 17338.240234375
Early stopping at epoch 106 with loss 17338.1015625
Reconstruction for fluence = 183298.07108324335 photons/pixel
Epoch 0: loss = 747728470016.0
Epoch 1: loss = 861741184.0
Epoch 2: loss = 135117872.0
Epoch 3: loss = 32048186.0
Epoch 4: loss = 11736471.0
Epoch 5: loss = 5182916.5
Epoch 6: loss = 3010011.75
Epoch 7: loss = 1865336.0
Epoch 8: loss = 1140175.0
Epoch 9: loss = 744653.8125
Epoch 10: loss = 506790.21875
Epoch 11: loss = 351466.625
Epoch 12: loss = 266935.84375
Epoch 13: loss = 213327.53125
Epoch 14: loss = 162607.21875
Epoch 15: loss = 129251.8046875
Epoch 16: loss = 107225.5859375
Epoch 17: loss = 91791.609375
Epoch 18: loss = 80279.4140625
Epoch 19: loss = 70988.0078125
Epoch 20: loss = 64167.90234375
Epoch 21: loss = 58917.89453125
Epoch 22: loss = 56170.58984375
Epoch 23: loss = 52813.30078125
Epoch 24: loss = 50595.45703125
Epoch 25: loss = 48753.2421875
Epoch 26: loss = 47288.35546875
Epoch 27: loss = 46264.73828125
Epoch 28: loss = 45377.92578125
Epoch 29: loss = 44669.93359375
Epoch 30: loss = 44038.25390625
Epoch 31: loss = 43530.67578125
Epoch 32: loss = 43181.70703125
Epoch 33: loss = 42861.40625
Epoch 34: loss = 42593.23046875
Epoch 35: loss = 42383.33203125
Epoch 36: loss = 42203.29296875
Epoch 37: loss = 42079.31640625
Epoch 38: loss = 41968.5546875
Epoch 39: loss = 41859.39453125
Epoch 40: loss = 41766.80078125
Epoch 41: loss = 41690.7421875
Epoch 42: loss = 41634.71875
Epoch 43: loss = 41580.75
Epoch 44: loss = 41537.60546875
Epoch 45: loss = 41498.56640625
Epoch 46: loss = 41466.73828125
Epoch 47: loss = 41439.109375
Epoch 48: loss = 41414.796875
Epoch 49: loss = 41392.64453125
Epoch 50: loss = 41379.76953125
Epoch 51: loss = 41361.140625
Epoch 52: loss = 41343.578125
Epoch 53: loss = 41331.16796875
Epoch 54: loss = 41319.1171875
Epoch 55: loss = 41308.87890625
Epoch 56: loss = 41299.71484375
Epoch 57: loss = 41290.703125
Epoch 58: loss = 41283.48828125
Epoch 59: loss = 41276.8828125
Epoch 60: loss = 41271.3203125
Epoch 61: loss = 41266.4609375
Epoch 62: loss = 41261.95703125
Epoch 63: loss = 41258.171875
Epoch 64: loss = 41254.578125
Epoch 65: loss = 41251.984375
Epoch 66: loss = 41248.54296875
Epoch 67: loss = 41246.67578125
Epoch 68: loss = 41244.328125
Epoch 69: loss = 41242.8828125
Epoch 70: loss = 41240.80078125
Epoch 71: loss = 41240.05078125
Epoch 72: loss = 41238.4921875
Epoch 73: loss = 41236.98046875
Epoch 74: loss = 41236.76171875
Epoch 75: loss = 41235.23828125
Epoch 76: loss = 41234.48046875
Epoch 77: loss = 41233.5625
Epoch 78: loss = 41233.703125
Epoch 79: loss = 41232.92578125
Epoch 80: loss = 41232.6875
Epoch 81: loss = 41231.78125
Epoch 82: loss = 41231.11328125
Epoch 83: loss = 41231.16015625
Epoch 84: loss = 41231.12890625
Epoch 85: loss = 41230.50390625
Epoch 86: loss = 41230.6796875
Epoch 87: loss = 41230.0703125
Epoch 88: loss = 41229.83203125
Epoch 89: loss = 41229.9296875
Epoch 90: loss = 41229.58984375
Epoch 91: loss = 41229.42578125
Epoch 92: loss = 41229.71875
Epoch 93: loss = 41229.296875
Epoch 94: loss = 41229.36328125
Epoch 95: loss = 41229.17578125
Epoch 96: loss = 41228.86328125
Epoch 97: loss = 41229.28125
Epoch 98: loss = 41229.0234375
Epoch 99: loss = 41228.90234375
Epoch 100: loss = 41228.52734375
Epoch 101: loss = 41228.91796875
Epoch 102: loss = 41228.2734375
Epoch 103: loss = 41228.765625
Epoch 104: loss = 41228.90234375
Epoch 105: loss = 41228.03515625
Epoch 106: loss = 41228.4375
Epoch 107: loss = 41229.375
Epoch 108: loss = 41228.50390625
Epoch 109: loss = 41228.7890625
Epoch 110: loss = 41228.67578125
Early stopping at epoch 110 with loss 41228.03515625
Reconstruction for fluence = 428133.2398719387 photons/pixel
Epoch 0: loss = 4079255289856.0
Epoch 1: loss = 4700428288.0
Epoch 2: loss = 736454208.0
Epoch 3: loss = 183327936.0
Epoch 4: loss = 64578148.0
Epoch 5: loss = 28625688.0
Epoch 6: loss = 16068560.0
Epoch 7: loss = 9838894.0
Epoch 8: loss = 6223661.5
Epoch 9: loss = 4066892.5
Epoch 10: loss = 2908734.25
Epoch 11: loss = 1909095.625
Epoch 12: loss = 1411844.125
Epoch 13: loss = 1066796.875
Epoch 14: loss = 815757.8125
Epoch 15: loss = 615011.125
Epoch 16: loss = 520379.5625
Epoch 17: loss = 402699.9375
Epoch 18: loss = 332413.78125
Epoch 19: loss = 274383.4375
Epoch 20: loss = 232671.25
Epoch 21: loss = 202500.328125
Epoch 22: loss = 181128.453125
Epoch 23: loss = 163524.3125
Epoch 24: loss = 150944.25
Epoch 25: loss = 141152.171875
Epoch 26: loss = 131718.65625
Epoch 27: loss = 125482.5859375
Epoch 28: loss = 120184.0703125
Epoch 29: loss = 115669.1796875
Epoch 30: loss = 112128.4765625
Epoch 31: loss = 108930.03125
Epoch 32: loss = 106673.1015625
Epoch 33: loss = 104642.65625
Epoch 34: loss = 103080.2265625
Epoch 35: loss = 101741.8359375
Epoch 36: loss = 100520.0546875
Epoch 37: loss = 99630.9453125
Epoch 38: loss = 98905.203125
Epoch 39: loss = 98309.625
Epoch 40: loss = 97768.6328125
Epoch 41: loss = 97321.2890625
Epoch 42: loss = 96970.265625
Epoch 43: loss = 96666.4140625
Epoch 44: loss = 96388.0078125
Epoch 45: loss = 96165.6328125
Epoch 46: loss = 95967.78125
Epoch 47: loss = 95806.0390625
Epoch 48: loss = 95690.2265625
Epoch 49: loss = 95570.390625
Epoch 50: loss = 95454.1796875
Epoch 51: loss = 95363.1796875
Epoch 52: loss = 95277.3046875
Epoch 53: loss = 95209.1875
Epoch 54: loss = 95150.828125
Epoch 55: loss = 95094.953125
Epoch 56: loss = 95042.4140625
Epoch 57: loss = 94992.7421875
Epoch 58: loss = 94959.2421875
Epoch 59: loss = 94928.875
Epoch 60: loss = 94896.6015625
Epoch 61: loss = 94872.609375
Epoch 62: loss = 94848.9921875
Epoch 63: loss = 94828.1015625
Epoch 64: loss = 94814.2265625
Epoch 65: loss = 94795.6015625
Epoch 66: loss = 94782.9453125
Epoch 67: loss = 94771.9296875
Epoch 68: loss = 94763.2421875
Epoch 69: loss = 94753.3359375
Epoch 70: loss = 94744.328125
Epoch 71: loss = 94738.78125
Epoch 72: loss = 94732.296875
Epoch 73: loss = 94726.546875
Epoch 74: loss = 94721.0234375
Epoch 75: loss = 94717.5546875
Epoch 76: loss = 94714.3515625
Epoch 77: loss = 94709.578125
Epoch 78: loss = 94706.0
Epoch 79: loss = 94707.0
Epoch 80: loss = 94703.625
Epoch 81: loss = 94702.375
Epoch 82: loss = 94699.6015625
Epoch 83: loss = 94699.1953125
Epoch 84: loss = 94699.1953125
Epoch 85: loss = 94698.0
Epoch 86: loss = 94693.8046875
Epoch 87: loss = 94694.359375
Epoch 88: loss = 94693.84375
Epoch 89: loss = 94696.953125
Epoch 90: loss = 94692.1953125
Epoch 91: loss = 94692.5703125
Epoch 92: loss = 94689.75
Epoch 93: loss = 94689.96875
Epoch 94: loss = 94690.921875
Epoch 95: loss = 94688.3046875
Epoch 96: loss = 94686.375
Epoch 97: loss = 94687.8046875
Epoch 98: loss = 94688.015625
Epoch 99: loss = 94689.46875
Epoch 100: loss = 94689.3359375
Epoch 101: loss = 94688.0703125
Early stopping at epoch 101 with loss 94686.375
Reconstruction for fluence = 1000000.0 photons/pixel
Epoch 0: loss = 22254589050880.0
Epoch 1: loss = 25640828928.0
Epoch 2: loss = 4016922624.0
Epoch 3: loss = 941944320.0
Epoch 4: loss = 350528032.0
Epoch 5: loss = 154275664.0
Epoch 6: loss = 87203936.0
Epoch 7: loss = 55162188.0
Epoch 8: loss = 32156658.0
Epoch 9: loss = 20748532.0
Epoch 10: loss = 13851560.0
Epoch 11: loss = 9590114.0
Epoch 12: loss = 6961997.5
Epoch 13: loss = 5116684.0
Epoch 14: loss = 3770808.5
Epoch 15: loss = 2772416.0
Epoch 16: loss = 2141884.0
Epoch 17: loss = 1683732.625
Epoch 18: loss = 1349021.625
Epoch 19: loss = 1085875.125
Epoch 20: loss = 892289.625
Epoch 21: loss = 745318.25
Epoch 22: loss = 641414.3125
Epoch 23: loss = 584084.6875
Epoch 24: loss = 500522.40625
Epoch 25: loss = 446466.40625
Epoch 26: loss = 402289.15625
Epoch 27: loss = 372803.40625
Epoch 28: loss = 349476.0
Epoch 29: loss = 329149.53125
Epoch 30: loss = 312062.25
Epoch 31: loss = 297618.15625
Epoch 32: loss = 286511.59375
Epoch 33: loss = 277588.09375
Epoch 34: loss = 270164.1875
Epoch 35: loss = 263989.84375
Epoch 36: loss = 258382.453125
Epoch 37: loss = 254034.0625
Epoch 38: loss = 250486.953125
Epoch 39: loss = 247241.171875
Epoch 40: loss = 244648.78125
Epoch 41: loss = 242220.96875
Epoch 42: loss = 240344.75
Epoch 43: loss = 238794.078125
Epoch 44: loss = 237548.0625
Epoch 45: loss = 236326.8125
Epoch 46: loss = 235321.28125
Epoch 47: loss = 234543.390625
Epoch 48: loss = 233847.140625
Epoch 49: loss = 233234.0
Epoch 50: loss = 232668.828125
Epoch 51: loss = 232170.296875
Epoch 52: loss = 231722.875
Epoch 53: loss = 231335.1875
Epoch 54: loss = 230991.421875
Epoch 55: loss = 230677.21875
Epoch 56: loss = 230404.515625
Epoch 57: loss = 230153.75
Epoch 58: loss = 229943.203125
Epoch 59: loss = 229750.703125
Epoch 60: loss = 229600.0
Epoch 61: loss = 229466.03125
Epoch 62: loss = 229420.390625
Epoch 63: loss = 229309.78125
Epoch 64: loss = 229205.0625
Epoch 65: loss = 229107.8125
Epoch 66: loss = 229025.109375
Epoch 67: loss = 228961.421875
Epoch 68: loss = 228897.828125
Epoch 69: loss = 228847.6875
Epoch 70: loss = 228800.078125
Epoch 71: loss = 228754.28125
Epoch 72: loss = 228712.21875
Epoch 73: loss = 228684.484375
Epoch 74: loss = 228684.484375
Epoch 75: loss = 228663.3125
Epoch 76: loss = 228634.5
Epoch 77: loss = 228600.640625
Epoch 78: loss = 228590.765625
Epoch 79: loss = 228566.609375
Epoch 80: loss = 228563.625
Epoch 81: loss = 228543.203125
Epoch 82: loss = 228538.859375
Epoch 83: loss = 228518.703125
Epoch 84: loss = 228507.25
Epoch 85: loss = 228500.109375
Epoch 86: loss = 228488.921875
Epoch 87: loss = 228491.890625
Epoch 88: loss = 228477.28125
Epoch 89: loss = 228478.5
Epoch 90: loss = 228471.9375
Epoch 91: loss = 228465.6875
Epoch 92: loss = 228465.484375
Epoch 93: loss = 228461.265625
Epoch 94: loss = 228455.5
Epoch 95: loss = 228459.8125
Epoch 96: loss = 228455.015625
Epoch 97: loss = 228453.203125
Epoch 98: loss = 228452.3125
Epoch 99: loss = 228447.078125
Epoch 100: loss = 228434.8125
Epoch 101: loss = 228448.125
Epoch 102: loss = 228446.109375
Epoch 103: loss = 228434.640625
Epoch 104: loss = 228441.421875
Epoch 105: loss = 228434.328125
Epoch 106: loss = 228437.75
Epoch 107: loss = 228447.5625
Epoch 108: loss = 228441.0
Epoch 109: loss = 228435.71875
Epoch 110: loss = 228430.40625
Epoch 111: loss = 228425.234375
Epoch 112: loss = 228432.4375
Epoch 113: loss = 228430.015625
Epoch 114: loss = 228425.578125
Epoch 115: loss = 228429.78125
Epoch 116: loss = 228433.71875
Early stopping at epoch 116 with loss 228425.234375
Tensors initialization on device cuda
Multiprobe = band_lim
torch.Size([1, 64, 64])

('MSE', 'PoissonNLL') RECONSTRUCTIONS

Reconstruction for fluence = 0.09999999999999999 photons/pixel
Epoch 0: loss = 0.286672443151474
Epoch 1: loss = 0.055717792361974716
Epoch 2: loss = 0.04695192351937294
Epoch 3: loss = 0.044331807643175125
Epoch 4: loss = 0.04325444996356964
Epoch 5: loss = 0.04278107360005379
Epoch 6: loss = 0.042569153010845184
Epoch 7: loss = 0.04242585971951485
Epoch 8: loss = 0.042333271354436874
Epoch 9: loss = 0.042264074087142944
Epoch 10: loss = 0.0422152541577816
Epoch 11: loss = 0.04218712076544762
Epoch 12: loss = 0.042167115956544876
Epoch 13: loss = 0.04215169697999954
Epoch 14: loss = 0.042135175317525864
Epoch 0: loss = 0.119354248046875
Epoch 1: loss = 0.08148554712533951
Epoch 2: loss = 0.07766596972942352
Epoch 3: loss = 0.07709482312202454
Epoch 4: loss = 0.0768359899520874
Epoch 5: loss = 0.07675006985664368
Epoch 6: loss = 0.07671952247619629
Epoch 7: loss = 0.07670549303293228
Epoch 8: loss = 0.07670067995786667
Epoch 9: loss = 0.07669857889413834
Epoch 10: loss = 0.07669602334499359
Epoch 11: loss = 0.07669275254011154
Early stopping at epoch 11 with loss 0.07671952247619629
Reconstruction for fluence = 0.23357214690901223 photons/pixel
Epoch 0: loss = 1.2867707014083862
Epoch 1: loss = 0.1321789026260376
Epoch 2: loss = 0.10713756829500198
Epoch 3: loss = 0.10042291134595871
Epoch 4: loss = 0.09778095781803131
Epoch 5: loss = 0.09663841873407364
Epoch 6: loss = 0.09606587141752243
Epoch 7: loss = 0.09577541053295135
Epoch 8: loss = 0.09555738419294357
Epoch 9: loss = 0.09538774937391281
Epoch 10: loss = 0.09528396278619766
Epoch 11: loss = 0.09520898014307022
Epoch 12: loss = 0.09516271203756332
Epoch 13: loss = 0.09512872248888016
Epoch 14: loss = 0.09510371834039688
Epoch 0: loss = 0.06674608588218689
Epoch 1: loss = 0.008661942556500435
Epoch 2: loss = 0.002184863667935133
Epoch 3: loss = 0.0013543148525059223
Epoch 4: loss = 0.001100853900425136
Epoch 5: loss = 0.0009693222236819565
Epoch 6: loss = 0.0009106025099754333
Epoch 7: loss = 0.0008614941034466028
Epoch 8: loss = 0.0008341765496879816
Epoch 9: loss = 0.0008302591741085052
Epoch 10: loss = 0.0008288456592708826
Epoch 11: loss = 0.0008276899461634457
Epoch 12: loss = 0.0008233773405663669
Early stopping at epoch 12 with loss 0.0008614941034466028
Reconstruction for fluence = 0.5455594781168519 photons/pixel
Epoch 0: loss = 6.113658905029297
Epoch 1: loss = 0.30240413546562195
Epoch 2: loss = 0.23305824398994446
Epoch 3: loss = 0.2132944017648697
Epoch 4: loss = 0.20530261099338531
Epoch 5: loss = 0.20180948078632355
Epoch 6: loss = 0.2003658413887024
Epoch 7: loss = 0.1995503157377243
Epoch 8: loss = 0.19907352328300476
Epoch 9: loss = 0.19875243306159973
Epoch 10: loss = 0.19854581356048584
Epoch 11: loss = 0.19840998947620392
Epoch 12: loss = 0.19829612970352173
Epoch 13: loss = 0.19819000363349915
Epoch 14: loss = 0.19810940325260162
Epoch 0: loss = -0.35178545117378235
Epoch 1: loss = -0.4318656325340271
Epoch 2: loss = -0.44018951058387756
Epoch 3: loss = -0.44193652272224426
Epoch 4: loss = -0.4425801634788513
Epoch 5: loss = -0.4428337514400482
Epoch 6: loss = -0.44291454553604126
Epoch 7: loss = -0.44294947385787964
Epoch 8: loss = -0.4430827498435974
Epoch 9: loss = -0.44314730167388916
Epoch 10: loss = -0.4431665241718292
Epoch 11: loss = -0.4432010054588318
Epoch 12: loss = -0.44321510195732117
Epoch 13: loss = -0.4432373046875
Epoch 14: loss = -0.4432622790336609
Epoch 15: loss = -0.44327235221862793
Epoch 16: loss = -0.443279504776001
Early stopping at epoch 16 with loss -0.4432010054588318
Reconstruction for fluence = 1.2742749857031335 photons/pixel
Epoch 0: loss = 31.814374923706055
Epoch 1: loss = 0.7357204556465149
Epoch 2: loss = 0.5432419180870056
Epoch 3: loss = 0.48542320728302
Epoch 4: loss = 0.4620208740234375
Epoch 5: loss = 0.45123568177223206
Epoch 6: loss = 0.4466314911842346
Epoch 7: loss = 0.44455793499946594
Epoch 8: loss = 0.44254645705223083
Epoch 9: loss = 0.4415557086467743
Epoch 10: loss = 0.44091546535491943
Epoch 11: loss = 0.4404386878013611
Epoch 12: loss = 0.4401305019855499
Epoch 13: loss = 0.4399392008781433
Epoch 14: loss = 0.4398012161254883
Epoch 0: loss = -1.9263890981674194
Epoch 1: loss = -2.050913095474243
Epoch 2: loss = -2.061978816986084
Epoch 3: loss = -2.064197540283203
Epoch 4: loss = -2.0651087760925293
Epoch 5: loss = -2.065399408340454
Epoch 6: loss = -2.0655016899108887
Epoch 7: loss = -2.0655527114868164
Epoch 8: loss = -2.0655746459960938
Epoch 9: loss = -2.06558895111084
Epoch 10: loss = -2.0655910968780518
Epoch 11: loss = -2.065591335296631
Early stopping at epoch 11 with loss -2.0655016899108887
Reconstruction for fluence = 2.976351441631318 photons/pixel
Epoch 0: loss = 170.33984375
Epoch 1: loss = 1.8505005836486816
Epoch 2: loss = 1.2450604438781738
Epoch 3: loss = 1.0794577598571777
Epoch 4: loss = 1.010888695716858
Epoch 5: loss = 0.9773586392402649
Epoch 6: loss = 0.9620350003242493
Epoch 7: loss = 0.9535557627677917
Epoch 8: loss = 0.9481616616249084
Epoch 9: loss = 0.9441508054733276
Epoch 10: loss = 0.9416853785514832
Epoch 11: loss = 0.9401735663414001
Epoch 12: loss = 0.9393303394317627
Epoch 13: loss = 0.9386768341064453
Epoch 14: loss = 0.9381523132324219
Epoch 0: loss = -7.095470428466797
Epoch 1: loss = -7.26865291595459
Epoch 2: loss = -7.2845001220703125
Epoch 3: loss = -7.2877373695373535
Epoch 4: loss = -7.288787841796875
Epoch 5: loss = -7.28924560546875
Epoch 6: loss = -7.289501667022705
Epoch 7: loss = -7.2896270751953125
Epoch 8: loss = -7.289681434631348
Epoch 9: loss = -7.289793491363525
Epoch 10: loss = -7.2898101806640625
Epoch 11: loss = -7.289820194244385
Epoch 12: loss = -7.289820194244385
Epoch 13: loss = -7.289827346801758
Epoch 14: loss = -7.289828777313232
Early stopping at epoch 14 with loss -7.289793491363525
Reconstruction for fluence = 6.9519279617756045 photons/pixel
Epoch 0: loss = 921.6259765625
Epoch 1: loss = 4.656341552734375
Epoch 2: loss = 2.805616617202759
Epoch 3: loss = 2.309438943862915
Epoch 4: loss = 2.1183831691741943
Epoch 5: loss = 2.029282331466675
Epoch 6: loss = 1.9845515489578247
Epoch 7: loss = 1.9578298330307007
Epoch 8: loss = 1.9400840997695923
Epoch 9: loss = 1.9281086921691895
Epoch 10: loss = 1.9195692539215088
Epoch 11: loss = 1.9142014980316162
Epoch 12: loss = 1.9108409881591797
Epoch 13: loss = 1.9082162380218506
Epoch 14: loss = 1.9063892364501953
Epoch 0: loss = -22.58977699279785
Epoch 1: loss = -22.814945220947266
Epoch 2: loss = -22.84126091003418
Epoch 3: loss = -22.846424102783203
Epoch 4: loss = -22.848533630371094
Epoch 5: loss = -22.84971046447754
Epoch 6: loss = -22.85026741027832
Epoch 7: loss = -22.850467681884766
Epoch 8: loss = -22.8505802154541
Epoch 9: loss = -22.8505802154541
Epoch 10: loss = -22.850595474243164
Epoch 11: loss = -22.850603103637695
Epoch 12: loss = -22.850610733032227
Epoch 13: loss = -22.850624084472656
Early stopping at epoch 13 with loss -22.8505802154541
Reconstruction for fluence = 16.23776739188721 photons/pixel
Epoch 0: loss = 5036.82568359375
Epoch 1: loss = 15.293585777282715
Epoch 2: loss = 7.452931880950928
Epoch 3: loss = 5.804671287536621
Epoch 4: loss = 5.133547306060791
Epoch 5: loss = 4.809853553771973
Epoch 6: loss = 4.693132400512695
Epoch 7: loss = 4.576874732971191
Epoch 8: loss = 4.51653528213501
Epoch 9: loss = 4.4786295890808105
Epoch 10: loss = 4.451169490814209
Epoch 11: loss = 4.434948444366455
Epoch 12: loss = 4.423606872558594
Epoch 13: loss = 4.414888858795166
Epoch 14: loss = 4.40855598449707
Epoch 0: loss = -66.4159927368164
Epoch 1: loss = -66.74546813964844
Epoch 2: loss = -66.77716827392578
Epoch 3: loss = -66.78494262695312
Epoch 4: loss = -66.78762817382812
Epoch 5: loss = -66.78907775878906
Epoch 6: loss = -66.78962707519531
Epoch 7: loss = -66.7896728515625
Epoch 8: loss = -66.78994750976562
Epoch 9: loss = -66.7900161743164
Epoch 10: loss = -66.7900390625
Epoch 11: loss = -66.79005432128906
Epoch 12: loss = -66.79005432128906
Epoch 13: loss = -66.79007720947266
Epoch 14: loss = -66.79009246826172
Epoch 15: loss = -66.79010772705078
Epoch 16: loss = -66.79012298583984
Early stopping at epoch 16 with loss -66.79005432128906
Reconstruction for fluence = 37.926901907322495 photons/pixel
Epoch 0: loss = 27297.65625
Epoch 1: loss = 52.41232681274414
Epoch 2: loss = 20.329374313354492
Epoch 3: loss = 14.338520050048828
Epoch 4: loss = 12.116544723510742
Epoch 5: loss = 11.065778732299805
Epoch 6: loss = 10.60073184967041
Epoch 7: loss = 10.327237129211426
Epoch 8: loss = 10.133963584899902
Epoch 9: loss = 10.002998352050781
Epoch 10: loss = 9.918971061706543
Epoch 11: loss = 9.860008239746094
Epoch 12: loss = 9.81901741027832
Epoch 13: loss = 9.79507064819336
Epoch 14: loss = 9.769064903259277
Epoch 0: loss = -188.08604431152344
Epoch 1: loss = -188.4984893798828
Epoch 2: loss = -188.5478515625
Epoch 3: loss = -188.557861328125
Epoch 4: loss = -188.56149291992188
Epoch 5: loss = -188.5631561279297
Epoch 6: loss = -188.56396484375
Epoch 7: loss = -188.56396484375
Epoch 8: loss = -188.5640411376953
Epoch 9: loss = -188.5641326904297
Epoch 10: loss = -188.56417846679688
Epoch 11: loss = -188.56417846679688
Epoch 12: loss = -188.56423950195312
Epoch 13: loss = -188.5642852783203
Epoch 14: loss = -188.564453125
Epoch 15: loss = -188.56448364257812
Epoch 16: loss = -188.56451416015625
Epoch 17: loss = -188.5645294189453
Epoch 18: loss = -188.56459045410156
Epoch 19: loss = -188.56459045410156
Epoch 20: loss = -188.5646209716797
Epoch 21: loss = -188.5646514892578
Epoch 22: loss = -188.56472778320312
Epoch 23: loss = -188.5647735595703
Epoch 24: loss = -188.5647735595703
Epoch 25: loss = -188.56480407714844
Epoch 26: loss = -188.56480407714844
Epoch 27: loss = -188.56483459472656
Early stopping at epoch 27 with loss -188.56472778320312
Reconstruction for fluence = 88.58667904100822 photons/pixel
Epoch 0: loss = 148927.5
Epoch 1: loss = 208.06837463378906
Epoch 2: loss = 59.93180465698242
Epoch 3: loss = 36.80295181274414
Epoch 4: loss = 29.30108070373535
Epoch 5: loss = 25.945207595825195
Epoch 6: loss = 24.317319869995117
Epoch 7: loss = 23.377792358398438
Epoch 8: loss = 22.730867385864258
Epoch 9: loss = 22.28990364074707
Epoch 10: loss = 21.943878173828125
Epoch 11: loss = 21.73332405090332
Epoch 12: loss = 21.58517074584961
Epoch 13: loss = 21.474891662597656
Epoch 14: loss = 21.38190269470215
Epoch 0: loss = -514.3238525390625
Epoch 1: loss = -514.8849487304688
Epoch 2: loss = -514.9627075195312
Epoch 3: loss = -514.9780883789062
Epoch 4: loss = -514.9830932617188
Epoch 5: loss = -514.9846801757812
Epoch 6: loss = -514.9851684570312
Epoch 7: loss = -514.9854736328125
Epoch 8: loss = -514.9856567382812
Epoch 9: loss = -514.9859619140625
Epoch 10: loss = -514.9861450195312
Epoch 11: loss = -514.9862060546875
Epoch 12: loss = -514.9864501953125
Epoch 13: loss = -514.986572265625
Epoch 14: loss = -514.986572265625
Epoch 15: loss = -514.9866943359375
Epoch 16: loss = -514.9867553710938
Epoch 17: loss = -514.9867553710938
Epoch 18: loss = -514.9867553710938
Epoch 19: loss = -514.98681640625
Epoch 20: loss = -514.9868774414062
Epoch 21: loss = -514.9868774414062
Epoch 22: loss = -514.9869995117188
Epoch 23: loss = -514.9869995117188
Epoch 24: loss = -514.9869995117188
Epoch 25: loss = -514.9869995117188
Early stopping at epoch 25 with loss -514.9868774414062
Reconstruction for fluence = 206.9138081114788 photons/pixel
Epoch 0: loss = 812072.8125
Epoch 1: loss = 1052.3472900390625
Epoch 2: loss = 230.6627655029297
Epoch 3: loss = 112.39266204833984
Epoch 4: loss = 78.1368179321289
Epoch 5: loss = 65.64006805419922
Epoch 6: loss = 60.20186233520508
Epoch 7: loss = 57.0166015625
Epoch 8: loss = 54.91555404663086
Epoch 9: loss = 53.37904739379883
Epoch 10: loss = 52.25762939453125
Epoch 11: loss = 51.50697708129883
Epoch 12: loss = 51.00188446044922
Epoch 13: loss = 50.61806869506836
Epoch 14: loss = 50.32129669189453
Epoch 0: loss = -1378.562744140625
Epoch 1: loss = -1379.3515625
Epoch 2: loss = -1379.419921875
Epoch 3: loss = -1379.4356689453125
Epoch 4: loss = -1379.4410400390625
Epoch 5: loss = -1379.44287109375
Epoch 6: loss = -1379.443359375
Epoch 7: loss = -1379.44580078125
Epoch 8: loss = -1379.4459228515625
Epoch 9: loss = -1379.4468994140625
Epoch 10: loss = -1379.4478759765625
Epoch 11: loss = -1379.4481201171875
Epoch 12: loss = -1379.4483642578125
Epoch 13: loss = -1379.4483642578125
Epoch 14: loss = -1379.4483642578125
Epoch 15: loss = -1379.4483642578125
Epoch 16: loss = -1379.4486083984375
Epoch 17: loss = -1379.4486083984375
Epoch 18: loss = -1379.4486083984375
Epoch 19: loss = -1379.4488525390625
Epoch 20: loss = -1379.4488525390625
Epoch 21: loss = -1379.4488525390625
Epoch 22: loss = -1379.4488525390625
Epoch 23: loss = -1379.448974609375
Epoch 24: loss = -1379.4488525390625
Early stopping at epoch 24 with loss -1379.4488525390625
Reconstruction for fluence = 483.2930238571752 photons/pixel
Epoch 0: loss = 4427212.5
Epoch 1: loss = 5383.330078125
Epoch 2: loss = 970.2112426757812
Epoch 3: loss = 384.6102600097656
Epoch 4: loss = 230.40077209472656
Epoch 5: loss = 174.70388793945312
Epoch 6: loss = 150.66656494140625
Epoch 7: loss = 138.45355224609375
Epoch 8: loss = 129.70013427734375
Epoch 9: loss = 124.18263244628906
Epoch 10: loss = 120.50920867919922
Epoch 11: loss = 118.09291076660156
Epoch 12: loss = 116.36045837402344
Epoch 13: loss = 115.02642059326172
Epoch 14: loss = 114.1084976196289
Epoch 0: loss = -3632.283203125
Epoch 1: loss = -3633.234375
Epoch 2: loss = -3633.32373046875
Epoch 3: loss = -3633.3408203125
Epoch 4: loss = -3633.342529296875
Epoch 5: loss = -3633.34326171875
Epoch 6: loss = -3633.344482421875
Epoch 7: loss = -3633.3447265625
Epoch 8: loss = -3633.3447265625
Epoch 9: loss = -3633.344970703125
Epoch 10: loss = -3633.345458984375
Epoch 11: loss = -3633.345458984375
Epoch 12: loss = -3633.345458984375
Epoch 13: loss = -3633.345947265625
Epoch 14: loss = -3633.345947265625
Epoch 15: loss = -3633.345947265625
Epoch 16: loss = -3633.345947265625
Epoch 17: loss = -3633.346435546875
Epoch 18: loss = -3633.346435546875
Epoch 19: loss = -3633.3466796875
Epoch 20: loss = -3633.3466796875
Epoch 21: loss = -3633.346923828125
Epoch 22: loss = -3633.346923828125
Epoch 23: loss = -3633.34765625
Epoch 24: loss = -3633.34765625
Epoch 25: loss = -3633.34765625
Epoch 26: loss = -3633.347900390625
Epoch 27: loss = -3633.347900390625
Epoch 28: loss = -3633.34814453125
Epoch 29: loss = -3633.34814453125
Epoch 30: loss = -3633.34814453125
Epoch 31: loss = -3633.3486328125
Epoch 32: loss = -3633.3486328125
Epoch 33: loss = -3633.3486328125
Epoch 34: loss = -3633.348876953125
Epoch 35: loss = -3633.348876953125
Epoch 36: loss = -3633.348876953125
Epoch 37: loss = -3633.348876953125
Epoch 38: loss = -3633.348876953125
Epoch 39: loss = -3633.348876953125
Early stopping at epoch 39 with loss -3633.348876953125
Reconstruction for fluence = 1128.8378916846884 photons/pixel
Epoch 0: loss = 24154662.0
Epoch 1: loss = 28363.091796875
Epoch 2: loss = 4854.89599609375
Epoch 3: loss = 1606.4322509765625
Epoch 4: loss = 822.4940185546875
Epoch 5: loss = 536.3712158203125
Epoch 6: loss = 427.5583190917969
Epoch 7: loss = 369.4757385253906
Epoch 8: loss = 332.1418151855469
Epoch 9: loss = 307.5816345214844
Epoch 10: loss = 291.7218933105469
Epoch 11: loss = 281.0423583984375
Epoch 12: loss = 274.3074951171875
Epoch 13: loss = 268.79217529296875
Epoch 14: loss = 264.6872253417969
Epoch 0: loss = -9438.0361328125
Epoch 1: loss = -9439.240234375
Epoch 2: loss = -9439.3232421875
Epoch 3: loss = -9439.3251953125
Epoch 4: loss = -9439.328125
Epoch 5: loss = -9439.33203125
Epoch 6: loss = -9439.3330078125
Epoch 7: loss = -9439.333984375
Epoch 8: loss = -9439.3349609375
Epoch 9: loss = -9439.3369140625
Epoch 10: loss = -9439.3369140625
Epoch 11: loss = -9439.3369140625
Epoch 12: loss = -9439.3369140625
Epoch 13: loss = -9439.3388671875
Epoch 14: loss = -9439.3388671875
Epoch 15: loss = -9439.3388671875
Epoch 16: loss = -9439.3388671875
Epoch 17: loss = -9439.33984375
Epoch 18: loss = -9439.33984375
Epoch 19: loss = -9439.33984375
Epoch 20: loss = -9439.3408203125
Epoch 21: loss = -9439.3408203125
Epoch 22: loss = -9439.3408203125
Epoch 23: loss = -9439.3408203125
Epoch 24: loss = -9439.3408203125
Epoch 25: loss = -9439.3408203125
Early stopping at epoch 25 with loss -9439.3408203125
Reconstruction for fluence = 2636.6508987303555 photons/pixel
Epoch 0: loss = 131813360.0
Epoch 1: loss = 145691.4375
Epoch 2: loss = 23975.412109375
Epoch 3: loss = 7714.705078125
Epoch 4: loss = 3455.319091796875
Epoch 5: loss = 1989.6383056640625
Epoch 6: loss = 1412.80078125
Epoch 7: loss = 1120.3172607421875
Epoch 8: loss = 945.2719116210938
Epoch 9: loss = 839.3603515625
Epoch 10: loss = 765.1578369140625
Epoch 11: loss = 721.6221923828125
Epoch 12: loss = 690.9740600585938
Epoch 13: loss = 669.9655151367188
Epoch 14: loss = 654.0245361328125
Epoch 0: loss = -24284.509765625
Epoch 1: loss = -24286.08203125
Epoch 2: loss = -24286.150390625
Epoch 3: loss = -24286.1640625
Epoch 4: loss = -24286.16796875
Epoch 5: loss = -24286.173828125
Epoch 6: loss = -24286.173828125
Epoch 7: loss = -24286.177734375
Epoch 8: loss = -24286.177734375
Epoch 9: loss = -24286.181640625
Epoch 10: loss = -24286.181640625
Epoch 11: loss = -24286.181640625
Epoch 12: loss = -24286.181640625
Epoch 13: loss = -24286.181640625
Epoch 14: loss = -24286.18359375
Epoch 15: loss = -24286.18359375
Epoch 16: loss = -24286.18359375
Epoch 17: loss = -24286.18359375
Epoch 18: loss = -24286.18359375
Epoch 19: loss = -24286.185546875
Epoch 20: loss = -24286.185546875
Epoch 21: loss = -24286.1875
Epoch 22: loss = -24286.1875
Epoch 23: loss = -24286.1875
Epoch 24: loss = -24286.189453125
Epoch 25: loss = -24286.189453125
Epoch 26: loss = -24286.189453125
Epoch 27: loss = -24286.189453125
Epoch 28: loss = -24286.189453125
Epoch 29: loss = -24286.189453125
Early stopping at epoch 29 with loss -24286.189453125
Reconstruction for fluence = 6158.482110660255 photons/pixel
Epoch 0: loss = 719026176.0
Epoch 1: loss = 815754.5
Epoch 2: loss = 129730.0546875
Epoch 3: loss = 40129.4375
Epoch 4: loss = 16836.462890625
Epoch 5: loss = 9015.220703125
Epoch 6: loss = 5833.9921875
Epoch 7: loss = 4230.10302734375
Epoch 8: loss = 3215.854248046875
Epoch 9: loss = 2609.479736328125
Epoch 10: loss = 2215.12451171875
Epoch 11: loss = 1999.357666015625
Epoch 12: loss = 1829.89892578125
Epoch 13: loss = 1707.5123291015625
Epoch 14: loss = 1619.837890625
Epoch 0: loss = -61943.4375
Epoch 1: loss = -61945.61328125
Epoch 2: loss = -61945.640625
Epoch 3: loss = -61945.6796875
Epoch 4: loss = -61945.70703125
Epoch 5: loss = -61945.70703125
Epoch 6: loss = -61945.72265625
Epoch 7: loss = -61945.72265625
Epoch 8: loss = -61945.72265625
Epoch 9: loss = -61945.73828125
Epoch 10: loss = -61945.73828125
Epoch 11: loss = -61945.75
Epoch 12: loss = -61945.75
Epoch 13: loss = -61945.75
Epoch 14: loss = -61945.75
Epoch 15: loss = -61945.75
Epoch 16: loss = -61945.75
Early stopping at epoch 16 with loss -61945.75
Reconstruction for fluence = 14384.498882876629 photons/pixel
Epoch 0: loss = 3922715648.0
Epoch 1: loss = 4414980.0
Epoch 2: loss = 670348.875
Epoch 3: loss = 207423.453125
Epoch 4: loss = 82848.8828125
Epoch 5: loss = 39426.4609375
Epoch 6: loss = 24388.884765625
Epoch 7: loss = 16429.673828125
Epoch 8: loss = 11712.947265625
Epoch 9: loss = 8889.095703125
Epoch 10: loss = 6944.64599609375
Epoch 11: loss = 5913.44384765625
Epoch 12: loss = 5225.0654296875
Epoch 13: loss = 4702.74462890625
Epoch 14: loss = 4313.5390625
Epoch 0: loss = -156895.4375
Epoch 1: loss = -156899.1875
Epoch 2: loss = -156899.21875
Epoch 3: loss = -156899.296875
Epoch 4: loss = -156899.296875
Epoch 5: loss = -156899.328125
Epoch 6: loss = -156899.328125
Epoch 7: loss = -156899.328125
Epoch 8: loss = -156899.375
Epoch 9: loss = -156899.375
Epoch 10: loss = -156899.390625
Epoch 11: loss = -156899.390625
Epoch 12: loss = -156899.390625
Epoch 13: loss = -156899.421875
Epoch 14: loss = -156899.421875
Epoch 15: loss = -156899.421875
Epoch 16: loss = -156899.421875
Epoch 17: loss = -156899.421875
Epoch 18: loss = -156899.421875
Early stopping at epoch 18 with loss -156899.421875
Reconstruction for fluence = 33598.18286283781 photons/pixel
Epoch 0: loss = 21399947264.0
Epoch 1: loss = 24010670.0
Epoch 2: loss = 3755189.0
Epoch 3: loss = 1170151.25
Epoch 4: loss = 472651.90625
Epoch 5: loss = 231093.5625
Epoch 6: loss = 133370.8125
Epoch 7: loss = 85264.0703125
Epoch 8: loss = 56718.1640625
Epoch 9: loss = 39823.21484375
Epoch 10: loss = 28709.830078125
Epoch 11: loss = 22432.845703125
Epoch 12: loss = 18251.80078125
Epoch 13: loss = 15371.1201171875
Epoch 14: loss = 13228.0439453125
Epoch 0: loss = -394961.25
Epoch 1: loss = -394968.09375
Epoch 2: loss = -394968.15625
Epoch 3: loss = -394968.375
Epoch 4: loss = -394968.375
Epoch 5: loss = -394968.40625
Epoch 6: loss = -394968.40625
Epoch 7: loss = -394968.40625
Epoch 8: loss = -394968.4375
Epoch 9: loss = -394968.4375
Epoch 10: loss = -394968.4375
Epoch 11: loss = -394968.4375
Epoch 12: loss = -394968.46875
Epoch 13: loss = -394968.46875
Epoch 14: loss = -394968.46875
Epoch 15: loss = -394968.46875
Epoch 16: loss = -394968.46875
Epoch 17: loss = -394968.5
Epoch 18: loss = -394968.5
Epoch 19: loss = -394968.5
Epoch 20: loss = -394968.5
Epoch 21: loss = -394968.5
Epoch 22: loss = -394968.5
Early stopping at epoch 22 with loss -394968.5
Reconstruction for fluence = 78475.99703514607 photons/pixel
Epoch 0: loss = 116746149888.0
Epoch 1: loss = 131963504.0
Epoch 2: loss = 20224234.0
Epoch 3: loss = 5836134.5
Epoch 4: loss = 2318203.25
Epoch 5: loss = 1082811.125
Epoch 6: loss = 649033.875
Epoch 7: loss = 410345.9375
Epoch 8: loss = 269495.0625
Epoch 9: loss = 182666.984375
Epoch 10: loss = 127676.78125
Epoch 11: loss = 97310.4765625
Epoch 12: loss = 75406.40625
Epoch 13: loss = 61112.78515625
Epoch 14: loss = 48836.6328125
Epoch 0: loss = -989110.0
Epoch 1: loss = -989124.5625
Epoch 2: loss = -989124.875
Epoch 3: loss = -989125.0
Epoch 4: loss = -989125.125
Epoch 5: loss = -989125.125
Epoch 6: loss = -989125.125
Epoch 7: loss = -989125.3125
Epoch 8: loss = -989125.3125
Epoch 9: loss = -989125.3125
Epoch 10: loss = -989125.3125
Epoch 11: loss = -989125.4375
Epoch 12: loss = -989125.4375
Epoch 13: loss = -989125.4375
Epoch 14: loss = -989125.5625
Epoch 15: loss = -989125.5625
Epoch 16: loss = -989125.5625
Epoch 17: loss = -989125.5625
Epoch 18: loss = -989125.5625
Epoch 19: loss = -989125.5625
Early stopping at epoch 19 with loss -989125.5625
Reconstruction for fluence = 183298.07108324335 photons/pixel
Epoch 0: loss = 636940386304.0
Epoch 1: loss = 717524032.0
Epoch 2: loss = 112339088.0
Epoch 3: loss = 32376050.0
Epoch 4: loss = 12569353.0
Epoch 5: loss = 5939587.5
Epoch 6: loss = 3610074.75
Epoch 7: loss = 2286877.5
Epoch 8: loss = 1490258.625
Epoch 9: loss = 978485.4375
Epoch 10: loss = 671606.25
Epoch 11: loss = 497234.9375
Epoch 12: loss = 372134.15625
Epoch 13: loss = 284654.15625
Epoch 14: loss = 223098.953125
Epoch 0: loss = -2465707.5
Epoch 1: loss = -2465740.25
Epoch 2: loss = -2465740.5
Epoch 3: loss = -2465741.0
Epoch 4: loss = -2465741.0
Epoch 5: loss = -2465741.25
Epoch 6: loss = -2465741.25
Epoch 7: loss = -2465741.25
Epoch 8: loss = -2465741.25
Epoch 9: loss = -2465741.75
Epoch 10: loss = -2465741.75
Epoch 11: loss = -2465742.0
Epoch 12: loss = -2465742.25
Epoch 13: loss = -2465742.25
Epoch 14: loss = -2465742.25
Epoch 15: loss = -2465742.25
Epoch 16: loss = -2465742.25
Epoch 17: loss = -2465742.25
Early stopping at epoch 17 with loss -2465742.25
Reconstruction for fluence = 428133.2398719387 photons/pixel
Epoch 0: loss = 3474885705728.0
Epoch 1: loss = 3885687296.0
Epoch 2: loss = 594477888.0
Epoch 3: loss = 180395488.0
Epoch 4: loss = 72479288.0
Epoch 5: loss = 34468308.0
Epoch 6: loss = 19201010.0
Epoch 7: loss = 12212085.0
Epoch 8: loss = 7845764.5
Epoch 9: loss = 5301394.5
Epoch 10: loss = 3603693.75
Epoch 11: loss = 2574417.25
Epoch 12: loss = 1915340.875
Epoch 13: loss = 1447898.75
Epoch 14: loss = 1098814.0
Epoch 0: loss = -6122446.5
Epoch 1: loss = -6122522.5
Epoch 2: loss = -6122522.5
Epoch 3: loss = -6122523.5
Epoch 4: loss = -6122524.5
Epoch 5: loss = -6122525.0
Epoch 6: loss = -6122525.5
Epoch 7: loss = -6122525.5
Epoch 8: loss = -6122526.0
Epoch 9: loss = -6122526.5
Epoch 10: loss = -6122526.5
Epoch 11: loss = -6122526.5
Epoch 12: loss = -6122526.5
Epoch 13: loss = -6122527.0
Epoch 14: loss = -6122527.0
Epoch 15: loss = -6122527.0
Epoch 16: loss = -6122527.0
Epoch 17: loss = -6122527.0
Epoch 18: loss = -6122528.0
Epoch 19: loss = -6122527.5
Epoch 20: loss = -6122527.5
Epoch 21: loss = -6122527.5
Epoch 22: loss = -6122528.0
Epoch 23: loss = -6122527.5
Early stopping at epoch 23 with loss -6122528.0
Reconstruction for fluence = 1000000.0 photons/pixel
Epoch 0: loss = 18957658488832.0
Epoch 1: loss = 21276375040.0
Epoch 2: loss = 3257756928.0
Epoch 3: loss = 1007522368.0
Epoch 4: loss = 422174624.0
Epoch 5: loss = 194968208.0
Epoch 6: loss = 113891608.0
Epoch 7: loss = 70843328.0
Epoch 8: loss = 45738056.0
Epoch 9: loss = 29723774.0
Epoch 10: loss = 20077872.0
Epoch 11: loss = 14100485.0
Epoch 12: loss = 10090657.0
Epoch 13: loss = 7403353.0
Epoch 14: loss = 5571641.0
Epoch 0: loss = -15148612.0
Epoch 1: loss = -15148791.0
Epoch 2: loss = -15148791.0
Epoch 3: loss = -15148793.0
Epoch 4: loss = -15148793.0
Epoch 5: loss = -15148795.0
Epoch 6: loss = -15148797.0
Epoch 7: loss = -15148797.0
Epoch 8: loss = -15148797.0
Epoch 9: loss = -15148797.0
Epoch 10: loss = -15148797.0
Epoch 11: loss = -15148797.0
Early stopping at epoch 11 with loss -15148797.0
Simulation for steps_size=30 and n_fluences=20 completed!
