Running simulation for steps_size=19 and n_fluences=20
Steps size: 19
Tensors initialization on device cuda
Multiprobe = band_lim
torch.Size([1, 64, 64])

('MSE', None) RECONSTRUCTIONS

Reconstruction for fluence = 0.09999999999999999 photons/pixel
Epoch 0: loss = 0.06212502717971802
Epoch 1: loss = 0.02882028929889202
Epoch 2: loss = 0.028757134452462196
Epoch 3: loss = 0.028755463659763336
Epoch 4: loss = 0.02875533327460289
Epoch 5: loss = 0.02875533327460289
Epoch 6: loss = 0.02875533327460289
Early stopping at epoch 6 with loss 0.02882028929889202
Reconstruction for fluence = 0.23357214690901223 photons/pixel
Epoch 0: loss = 0.09320877492427826
Epoch 1: loss = 0.0412120521068573
Epoch 2: loss = 0.04115082696080208
Epoch 3: loss = 0.041148848831653595
Epoch 4: loss = 0.04114855080842972
Epoch 5: loss = 0.04114854335784912
Epoch 6: loss = 0.04114854335784912
Early stopping at epoch 6 with loss 0.0412120521068573
Reconstruction for fluence = 0.5455594781168519 photons/pixel
Epoch 0: loss = 0.1431017369031906
Epoch 1: loss = 0.049371812492609024
Epoch 2: loss = 0.049275971949100494
Epoch 3: loss = 0.04927297681570053
Epoch 4: loss = 0.04927261918783188
Epoch 5: loss = 0.0492725595831871
Epoch 6: loss = 0.04927254468202591
Early stopping at epoch 6 with loss 0.049371812492609024
Reconstruction for fluence = 1.2742749857031335 photons/pixel
Epoch 0: loss = 0.24692174792289734
Epoch 1: loss = 0.05984215438365936
Epoch 2: loss = 0.05964573472738266
Epoch 3: loss = 0.05964067578315735
Epoch 4: loss = 0.05964042246341705
Epoch 5: loss = 0.059640415012836456
Epoch 6: loss = 0.05964040756225586
Epoch 7: loss = 0.059640392661094666
Early stopping at epoch 7 with loss 0.05964573472738266
Reconstruction for fluence = 2.976351441631318 photons/pixel
Epoch 0: loss = 0.49596932530403137
Epoch 1: loss = 0.07497008144855499
Epoch 2: loss = 0.07452013343572617
Epoch 3: loss = 0.07451127469539642
Epoch 4: loss = 0.07450990378856659
Epoch 5: loss = 0.07450976967811584
Epoch 6: loss = 0.07450975477695465
Epoch 7: loss = 0.07450973987579346
Early stopping at epoch 7 with loss 0.07452013343572617
Reconstruction for fluence = 6.9519279617756045 photons/pixel
Epoch 0: loss = 1.0908029079437256
Epoch 1: loss = 0.09858043491840363
Epoch 2: loss = 0.09757740795612335
Epoch 3: loss = 0.09755463898181915
Epoch 4: loss = 0.09754947572946548
Epoch 5: loss = 0.0975467711687088
Epoch 6: loss = 0.09754613786935806
Epoch 7: loss = 0.09754598140716553
Early stopping at epoch 7 with loss 0.09757740795612335
Reconstruction for fluence = 16.23776739188721 photons/pixel
Epoch 0: loss = 2.4481914043426514
Epoch 1: loss = 0.13156580924987793
Epoch 2: loss = 0.12916336953639984
Epoch 3: loss = 0.12912139296531677
Epoch 4: loss = 0.12911707162857056
Epoch 5: loss = 0.1291162520647049
Epoch 6: loss = 0.129115492105484
Epoch 7: loss = 0.129115492105484
Early stopping at epoch 7 with loss 0.12916336953639984
Reconstruction for fluence = 37.926901907322495 photons/pixel
Epoch 0: loss = 5.662561416625977
Epoch 1: loss = 0.1691662073135376
Epoch 2: loss = 0.16457846760749817
Epoch 3: loss = 0.16451475024223328
Epoch 4: loss = 0.16450922191143036
Epoch 5: loss = 0.16450747847557068
Epoch 6: loss = 0.16450747847557068
Epoch 7: loss = 0.1645074486732483
Early stopping at epoch 7 with loss 0.16457846760749817
Reconstruction for fluence = 88.58667904100822 photons/pixel
Epoch 0: loss = 13.165748596191406
Epoch 1: loss = 0.2176617532968521
Epoch 2: loss = 0.208172008395195
Epoch 3: loss = 0.20806634426116943
Epoch 4: loss = 0.20805802941322327
Epoch 5: loss = 0.20805791020393372
Epoch 6: loss = 0.20805791020393372
Epoch 7: loss = 0.20805791020393372
Epoch 8: loss = 0.20805788040161133
Early stopping at epoch 8 with loss 0.20806634426116943
Reconstruction for fluence = 206.9138081114788 photons/pixel
Epoch 0: loss = 30.700481414794922
Epoch 1: loss = 0.2550944685935974
Epoch 2: loss = 0.23820683360099792
Epoch 3: loss = 0.23805895447731018
Epoch 4: loss = 0.2380557656288147
Epoch 5: loss = 0.23805570602416992
Epoch 6: loss = 0.23805567622184753
Epoch 7: loss = 0.23805566132068634
Epoch 8: loss = 0.23805563151836395
Early stopping at epoch 8 with loss 0.23805895447731018
Reconstruction for fluence = 483.2930238571752 photons/pixel
Epoch 0: loss = 71.70140075683594
Epoch 1: loss = 0.29681867361068726
Epoch 2: loss = 0.2582344114780426
Epoch 3: loss = 0.2579626739025116
Epoch 4: loss = 0.257955402135849
Epoch 5: loss = 0.2579553723335266
Epoch 6: loss = 0.2579553425312042
Epoch 7: loss = 0.2579553425312042
Epoch 8: loss = 0.25795531272888184
Early stopping at epoch 8 with loss 0.2579626739025116
Reconstruction for fluence = 1128.8378916846884 photons/pixel
Epoch 0: loss = 167.31399536132812
Epoch 1: loss = 0.34172266721725464
Epoch 2: loss = 0.2601113021373749
Epoch 3: loss = 0.2597638964653015
Epoch 4: loss = 0.2597581148147583
Epoch 5: loss = 0.2597581148147583
Epoch 6: loss = 0.2597580552101135
Epoch 7: loss = 0.2597580552101135
Epoch 8: loss = 0.25975802540779114
Early stopping at epoch 8 with loss 0.2597638964653015
Reconstruction for fluence = 2636.6508987303555 photons/pixel
Epoch 0: loss = 390.69439697265625
Epoch 1: loss = 0.5520754456520081
Epoch 2: loss = 0.2545675039291382
Epoch 3: loss = 0.2531552016735077
Epoch 4: loss = 0.2531304955482483
Epoch 5: loss = 0.25313007831573486
Epoch 6: loss = 0.2531300187110901
Epoch 7: loss = 0.2531300187110901
Epoch 8: loss = 0.2531300187110901
Early stopping at epoch 8 with loss 0.2531552016735077
Reconstruction for fluence = 6158.482110660255 photons/pixel
Epoch 0: loss = 912.458251953125
Epoch 1: loss = 0.9536303877830505
Epoch 2: loss = 0.24795156717300415
Epoch 3: loss = 0.24461713433265686
Epoch 4: loss = 0.24456439912319183
Epoch 5: loss = 0.24456360936164856
Epoch 6: loss = 0.24456354975700378
Epoch 7: loss = 0.24456354975700378
Epoch 8: loss = 0.24456354975700378
Early stopping at epoch 8 with loss 0.24461713433265686
Reconstruction for fluence = 14384.498882876629 photons/pixel
Epoch 0: loss = 2130.891845703125
Epoch 1: loss = 1.2235761880874634
Epoch 2: loss = 0.2351207733154297
Epoch 3: loss = 0.23093049228191376
Epoch 4: loss = 0.23086552321910858
Epoch 5: loss = 0.2308647334575653
Epoch 6: loss = 0.2308647781610489
Epoch 7: loss = 0.2308647781610489
Epoch 8: loss = 0.2308647781610489
Early stopping at epoch 8 with loss 0.23093049228191376
Reconstruction for fluence = 33598.18286283781 photons/pixel
Epoch 0: loss = 4977.9248046875
Epoch 1: loss = 2.9878530502319336
Epoch 2: loss = 0.23702216148376465
Epoch 3: loss = 0.22306516766548157
Epoch 4: loss = 0.2228664755821228
Epoch 5: loss = 0.2228637933731079
Epoch 6: loss = 0.22286349534988403
Epoch 7: loss = 0.22286349534988403
Epoch 8: loss = 0.22286349534988403
Epoch 9: loss = 0.22286343574523926
Early stopping at epoch 9 with loss 0.2228664755821228
Reconstruction for fluence = 78475.99703514607 photons/pixel
Epoch 0: loss = 11626.04296875
Epoch 1: loss = 6.667625427246094
Epoch 2: loss = 0.2512401342391968
Epoch 3: loss = 0.220884770154953
Epoch 4: loss = 0.22047221660614014
Epoch 5: loss = 0.22046664357185364
Epoch 6: loss = 0.22046667337417603
Epoch 7: loss = 0.22046664357185364
Epoch 8: loss = 0.22046664357185364
Epoch 9: loss = 0.22046664357185364
Early stopping at epoch 9 with loss 0.22047221660614014
Reconstruction for fluence = 183298.07108324335 photons/pixel
Epoch 0: loss = 27155.71484375
Epoch 1: loss = 17.83078384399414
Epoch 2: loss = 0.30955690145492554
Epoch 3: loss = 0.22002732753753662
Epoch 4: loss = 0.2184634655714035
Epoch 5: loss = 0.21844473481178284
Epoch 6: loss = 0.2184445559978485
Epoch 7: loss = 0.2184445559978485
Epoch 8: loss = 0.2184445559978485
Epoch 9: loss = 0.2184445559978485
Early stopping at epoch 9 with loss 0.2184634655714035
Reconstruction for fluence = 428133.2398719387 photons/pixel
Epoch 0: loss = 63428.71484375
Epoch 1: loss = 35.51345443725586
Epoch 2: loss = 0.39517438411712646
Epoch 3: loss = 0.22305546700954437
Epoch 4: loss = 0.22027713060379028
Epoch 5: loss = 0.22024565935134888
Epoch 6: loss = 0.2202453315258026
Epoch 7: loss = 0.22024551033973694
Epoch 8: loss = 0.22024521231651306
Epoch 9: loss = 0.22024545073509216
Early stopping at epoch 9 with loss 0.22027713060379028
Reconstruction for fluence = 1000000.0 photons/pixel
Epoch 0: loss = 148154.875
Epoch 1: loss = 88.37874603271484
Epoch 2: loss = 0.6123285293579102
Epoch 3: loss = 0.22316208481788635
Epoch 4: loss = 0.21574187278747559
Epoch 5: loss = 0.215646892786026
Epoch 6: loss = 0.21564644575119019
Epoch 7: loss = 0.21564644575119019
Epoch 8: loss = 0.21564644575119019
Epoch 9: loss = 0.21564644575119019
Early stopping at epoch 9 with loss 0.21574187278747559
Tensors initialization on device cuda
Multiprobe = band_lim
torch.Size([1, 64, 64])

('MSE', 'PoissonNLL') RECONSTRUCTIONS

Reconstruction for fluence = 0.09999999999999999 photons/pixel
Epoch 0: loss = 0.06921245157718658
Epoch 1: loss = 0.028757117688655853
Epoch 2: loss = 0.02870328724384308
Epoch 3: loss = 0.028701938688755035
Epoch 4: loss = 0.028701871633529663
Epoch 5: loss = 0.028701867908239365
Epoch 6: loss = 0.028701864182949066
Early stopping at epoch 6 with loss 0.028757117688655853
Epoch 0: loss = 0.09152878075838089
Epoch 1: loss = 0.07746704667806625
Epoch 2: loss = 0.07743721455335617
Epoch 3: loss = 0.07743276655673981
Epoch 4: loss = 0.07743237912654877
Epoch 5: loss = 0.07743237167596817
Epoch 6: loss = 0.07743236422538757
Early stopping at epoch 6 with loss 0.07746704667806625
Reconstruction for fluence = 0.23357214690901223 photons/pixel
Epoch 0: loss = 0.10687270760536194
Epoch 1: loss = 0.04205542430281639
Epoch 2: loss = 0.04198715090751648
Epoch 3: loss = 0.04198592156171799
Epoch 4: loss = 0.041985541582107544
Epoch 5: loss = 0.041985541582107544
Epoch 6: loss = 0.041985541582107544
Early stopping at epoch 6 with loss 0.04205542430281639
Epoch 0: loss = 0.0990307480096817
Epoch 1: loss = 0.08610041439533234
Epoch 2: loss = 0.08605914562940598
Epoch 3: loss = 0.08605650067329407
Epoch 4: loss = 0.0860552042722702
Epoch 5: loss = 0.0860540121793747
Epoch 6: loss = 0.08605392277240753
Early stopping at epoch 6 with loss 0.08610041439533234
Reconstruction for fluence = 0.5455594781168519 photons/pixel
Epoch 0: loss = 0.15936796367168427
Epoch 1: loss = 0.04842028766870499
Epoch 2: loss = 0.04832477867603302
Epoch 3: loss = 0.04832202196121216
Epoch 4: loss = 0.0483219251036644
Epoch 5: loss = 0.0483219139277935
Epoch 6: loss = 0.0483219139277935
Early stopping at epoch 6 with loss 0.04842028766870499
Epoch 0: loss = -0.033581189811229706
Epoch 1: loss = -0.045142240822315216
Epoch 2: loss = -0.04521241784095764
Epoch 3: loss = -0.04522557556629181
Epoch 4: loss = -0.04523424804210663
Epoch 5: loss = -0.04523637890815735
Epoch 6: loss = -0.04523731768131256
Early stopping at epoch 6 with loss -0.045142240822315216
Reconstruction for fluence = 1.2742749857031335 photons/pixel
Epoch 0: loss = 0.27912259101867676
Epoch 1: loss = 0.05684142932295799
Epoch 2: loss = 0.056620221585035324
Epoch 3: loss = 0.05661487951874733
Epoch 4: loss = 0.05661417543888092
Epoch 5: loss = 0.056613385677337646
Epoch 6: loss = 0.05661331117153168
Epoch 7: loss = 0.05661330744624138
Early stopping at epoch 7 with loss 0.056620221585035324
Epoch 0: loss = -0.6853413581848145
Epoch 1: loss = -0.7008906602859497
Epoch 2: loss = -0.7009948492050171
Epoch 3: loss = -0.7010212540626526
Epoch 4: loss = -0.7010337114334106
Epoch 5: loss = -0.7010476589202881
Epoch 6: loss = -0.7010523676872253
Epoch 7: loss = -0.7010546326637268
Early stopping at epoch 7 with loss -0.7009948492050171
Reconstruction for fluence = 2.976351441631318 photons/pixel
Epoch 0: loss = 0.5660944581031799
Epoch 1: loss = 0.07011868059635162
Epoch 2: loss = 0.069699726998806
Epoch 3: loss = 0.06968443095684052
Epoch 4: loss = 0.0696830302476883
Epoch 5: loss = 0.06968285143375397
Epoch 6: loss = 0.06968282908201218
Epoch 7: loss = 0.06968280673027039
Early stopping at epoch 7 with loss 0.069699726998806
Epoch 0: loss = -2.9618642330169678
Epoch 1: loss = -2.9830756187438965
Epoch 2: loss = -2.983224391937256
Epoch 3: loss = -2.9832863807678223
Epoch 4: loss = -2.983299732208252
Epoch 5: loss = -2.9833006858825684
Epoch 6: loss = -2.9833016395568848
Epoch 7: loss = -2.983304500579834
Early stopping at epoch 7 with loss -2.983224391937256
Reconstruction for fluence = 6.9519279617756045 photons/pixel
Epoch 0: loss = 1.2358393669128418
Epoch 1: loss = 0.09430801868438721
Epoch 2: loss = 0.09340866655111313
Epoch 3: loss = 0.09335751086473465
Epoch 4: loss = 0.0933481827378273
Epoch 5: loss = 0.09334605932235718
Epoch 6: loss = 0.09334592521190643
Epoch 7: loss = 0.09334589540958405
Early stopping at epoch 7 with loss 0.09340866655111313
Epoch 0: loss = -10.343535423278809
Epoch 1: loss = -10.373332977294922
Epoch 2: loss = -10.37356185913086
Epoch 3: loss = -10.373618125915527
Epoch 4: loss = -10.373640060424805
Epoch 5: loss = -10.373650550842285
Epoch 6: loss = -10.373655319213867
Epoch 7: loss = -10.373659133911133
Early stopping at epoch 7 with loss -10.37356185913086
Reconstruction for fluence = 16.23776739188721 photons/pixel
Epoch 0: loss = 2.817495107650757
Epoch 1: loss = 0.1285223513841629
Epoch 2: loss = 0.12617146968841553
Epoch 3: loss = 0.1260952651500702
Epoch 4: loss = 0.12609033286571503
Epoch 5: loss = 0.12608903646469116
Epoch 6: loss = 0.12608879804611206
Epoch 7: loss = 0.12608876824378967
Early stopping at epoch 7 with loss 0.12617146968841553
Epoch 0: loss = -31.773195266723633
Epoch 1: loss = -31.81079864501953
Epoch 2: loss = -31.811052322387695
Epoch 3: loss = -31.8111572265625
Epoch 4: loss = -31.811176300048828
Epoch 5: loss = -31.811180114746094
Epoch 6: loss = -31.811199188232422
Epoch 7: loss = -31.81122589111328
Epoch 8: loss = -31.811229705810547
Early stopping at epoch 8 with loss -31.8111572265625
Reconstruction for fluence = 37.926901907322495 photons/pixel
Epoch 0: loss = 6.4745635986328125
Epoch 1: loss = 0.16981692612171173
Epoch 2: loss = 0.165140300989151
Epoch 3: loss = 0.16503165662288666
Epoch 4: loss = 0.16502580046653748
Epoch 5: loss = 0.16502557694911957
Epoch 6: loss = 0.16502556204795837
Epoch 7: loss = 0.165025532245636
Epoch 8: loss = 0.165025532245636
Early stopping at epoch 8 with loss 0.16503165662288666
Epoch 0: loss = -92.58358764648438
Epoch 1: loss = -92.62627410888672
Epoch 2: loss = -92.62640380859375
Epoch 3: loss = -92.62641906738281
Epoch 4: loss = -92.6264419555664
Epoch 5: loss = -92.62644958496094
Epoch 6: loss = -92.62647247314453
Epoch 7: loss = -92.62648010253906
Early stopping at epoch 7 with loss -92.62640380859375
Reconstruction for fluence = 88.58667904100822 photons/pixel
Epoch 0: loss = 15.10006046295166
Epoch 1: loss = 0.2160263955593109
Epoch 2: loss = 0.20473138988018036
Epoch 3: loss = 0.2045535445213318
Epoch 4: loss = 0.20453548431396484
Epoch 5: loss = 0.20453041791915894
Epoch 6: loss = 0.20453035831451416
Epoch 7: loss = 0.20453034341335297
Epoch 8: loss = 0.20453032851219177
Early stopping at epoch 8 with loss 0.2045535445213318
Epoch 0: loss = -258.23687744140625
Epoch 1: loss = -258.27880859375
Epoch 2: loss = -258.27886962890625
Epoch 3: loss = -258.2789306640625
Epoch 4: loss = -258.27899169921875
Epoch 5: loss = -258.27899169921875
Epoch 6: loss = -258.27899169921875
Epoch 7: loss = -258.27899169921875
Epoch 8: loss = -258.2790222167969
Early stopping at epoch 8 with loss -258.2789306640625
Reconstruction for fluence = 206.9138081114788 photons/pixel
Epoch 0: loss = 35.21282196044922
Epoch 1: loss = 0.26150935888290405
Epoch 2: loss = 0.23882189393043518
Epoch 3: loss = 0.23859474062919617
Epoch 4: loss = 0.238547682762146
Epoch 5: loss = 0.23854032158851624
Epoch 6: loss = 0.2385394126176834
Epoch 7: loss = 0.23853938281536102
Epoch 8: loss = 0.23853936791419983
Early stopping at epoch 8 with loss 0.23859474062919617
Epoch 0: loss = -701.4962768554688
Epoch 1: loss = -701.53076171875
Epoch 2: loss = -701.5308837890625
Epoch 3: loss = -701.531005859375
Epoch 4: loss = -701.531005859375
Epoch 5: loss = -701.5310668945312
Epoch 6: loss = -701.5311279296875
Epoch 7: loss = -701.5311279296875
Epoch 8: loss = -701.5311279296875
Early stopping at epoch 8 with loss -701.531005859375
Reconstruction for fluence = 483.2930238571752 photons/pixel
Epoch 0: loss = 82.16294860839844
Epoch 1: loss = 0.30639880895614624
Epoch 2: loss = 0.25616610050201416
Epoch 3: loss = 0.2556917667388916
Epoch 4: loss = 0.2556840777397156
Epoch 5: loss = 0.2556840181350708
Epoch 6: loss = 0.255683958530426
Epoch 7: loss = 0.255683958530426
Epoch 8: loss = 0.25568389892578125
Early stopping at epoch 8 with loss 0.2556917667388916
Epoch 0: loss = -1869.159423828125
Epoch 1: loss = -1869.18359375
Epoch 2: loss = -1869.183837890625
Epoch 3: loss = -1869.18408203125
Epoch 4: loss = -1869.18408203125
Epoch 5: loss = -1869.18408203125
Epoch 6: loss = -1869.18408203125
Epoch 7: loss = -1869.18408203125
Epoch 8: loss = -1869.18408203125
Early stopping at epoch 8 with loss -1869.18408203125
Reconstruction for fluence = 1128.8378916846884 photons/pixel
Epoch 0: loss = 191.855712890625
Epoch 1: loss = 0.3970569372177124
Epoch 2: loss = 0.26245084404945374
Epoch 3: loss = 0.2614264488220215
Epoch 4: loss = 0.26140785217285156
Epoch 5: loss = 0.2614077925682068
Epoch 6: loss = 0.261407732963562
Epoch 7: loss = 0.261407732963562
Epoch 8: loss = 0.2614077031612396
Early stopping at epoch 8 with loss 0.2614264488220215
Epoch 0: loss = -4905.2744140625
Epoch 1: loss = -4905.2890625
Epoch 2: loss = -4905.2900390625
Epoch 3: loss = -4905.2900390625
Epoch 4: loss = -4905.2900390625
Epoch 5: loss = -4905.2900390625
Epoch 6: loss = -4905.2900390625
Epoch 7: loss = -4905.2900390625
Early stopping at epoch 7 with loss -4905.2900390625
Reconstruction for fluence = 2636.6508987303555 photons/pixel
Epoch 0: loss = 447.89984130859375
Epoch 1: loss = 0.6413638591766357
Epoch 2: loss = 0.2559579312801361
Epoch 3: loss = 0.25367817282676697
Epoch 4: loss = 0.2536521553993225
Epoch 5: loss = 0.25365209579467773
Epoch 6: loss = 0.25365203619003296
Epoch 7: loss = 0.2536519765853882
Epoch 8: loss = 0.2536519765853882
Early stopping at epoch 8 with loss 0.25367817282676697
Epoch 0: loss = -12717.609375
Epoch 1: loss = -12717.6171875
Epoch 2: loss = -12717.6181640625
Epoch 3: loss = -12717.6181640625
Epoch 4: loss = -12717.6181640625
Epoch 5: loss = -12717.6181640625
Epoch 6: loss = -12717.6181640625
Epoch 7: loss = -12717.6181640625
Early stopping at epoch 7 with loss -12717.6181640625
Reconstruction for fluence = 6158.482110660255 photons/pixel
Epoch 0: loss = 1046.07568359375
Epoch 1: loss = 0.8627878427505493
Epoch 2: loss = 0.24514181911945343
Epoch 3: loss = 0.24140241742134094
Epoch 4: loss = 0.2413593828678131
Epoch 5: loss = 0.24135904014110565
Epoch 6: loss = 0.24135904014110565
Epoch 7: loss = 0.24135902523994446
Epoch 8: loss = 0.24135902523994446
Early stopping at epoch 8 with loss 0.24140241742134094
Epoch 0: loss = -32640.978515625
Epoch 1: loss = -32640.98046875
Epoch 2: loss = -32640.98046875
Epoch 3: loss = -32640.98046875
Epoch 4: loss = -32640.98046875
Epoch 5: loss = -32640.98046875
Epoch 6: loss = -32640.98046875
Early stopping at epoch 6 with loss -32640.98046875
Reconstruction for fluence = 14384.498882876629 photons/pixel
Epoch 0: loss = 2443.302001953125
Epoch 1: loss = 1.662057638168335
Epoch 2: loss = 0.24053803086280823
Epoch 3: loss = 0.23218587040901184
Epoch 4: loss = 0.23208138346672058
Epoch 5: loss = 0.23208051919937134
Epoch 6: loss = 0.23208050429821014
Epoch 7: loss = 0.23208051919937134
Epoch 8: loss = 0.23208051919937134
Epoch 9: loss = 0.23208051919937134
Early stopping at epoch 9 with loss 0.23208138346672058
Epoch 0: loss = -83106.6484375
Epoch 1: loss = -83106.6484375
Epoch 2: loss = -83106.6484375
Epoch 3: loss = -83106.6484375
Epoch 4: loss = -83106.6484375
Epoch 5: loss = -83106.6484375
Early stopping at epoch 5 with loss -83106.6484375
Reconstruction for fluence = 33598.18286283781 photons/pixel
Epoch 0: loss = 5707.69921875
Epoch 1: loss = 3.800278902053833
Epoch 2: loss = 0.25654932856559753
Epoch 3: loss = 0.22747372090816498
Epoch 4: loss = 0.22712120413780212
Epoch 5: loss = 0.22711841762065887
Epoch 6: loss = 0.2271183431148529
Epoch 7: loss = 0.2271183431148529
Epoch 8: loss = 0.22711831331253052
Epoch 9: loss = 0.22711831331253052
Early stopping at epoch 9 with loss 0.22712120413780212
Epoch 0: loss = -210126.0625
Epoch 1: loss = -210126.0625
Epoch 2: loss = -210126.0625
Epoch 3: loss = -210126.0625
Epoch 4: loss = -210126.0625
Epoch 5: loss = -210126.0625
Early stopping at epoch 5 with loss -210126.0625
Reconstruction for fluence = 78475.99703514607 photons/pixel
Epoch 0: loss = 13329.9833984375
Epoch 1: loss = 9.540152549743652
Epoch 2: loss = 0.29794058203697205
Epoch 3: loss = 0.22427482903003693
Epoch 4: loss = 0.2234753668308258
Epoch 5: loss = 0.22346773743629456
Epoch 6: loss = 0.22346743941307068
Epoch 7: loss = 0.22346752882003784
Epoch 8: loss = 0.22346752882003784
Epoch 9: loss = 0.22346752882003784
Early stopping at epoch 9 with loss 0.2234753668308258
Epoch 0: loss = -528264.875
Epoch 1: loss = -528264.875
Epoch 2: loss = -528264.875
Epoch 3: loss = -528264.875
Epoch 4: loss = -528264.875
Epoch 5: loss = -528264.875
Early stopping at epoch 5 with loss -528264.875
Reconstruction for fluence = 183298.07108324335 photons/pixel
Epoch 0: loss = 31137.3125
Epoch 1: loss = 20.876304626464844
Epoch 2: loss = 0.3490956723690033
Epoch 3: loss = 0.22117933630943298
Epoch 4: loss = 0.2199993133544922
Epoch 5: loss = 0.2199888527393341
Epoch 6: loss = 0.21998891234397888
Epoch 7: loss = 0.21998891234397888
Epoch 8: loss = 0.21998891234397888
Epoch 9: loss = 0.21998891234397888
Early stopping at epoch 9 with loss 0.2199993133544922
Epoch 0: loss = -1321321.0
Epoch 1: loss = -1321321.0
Epoch 2: loss = -1321321.0
Epoch 3: loss = -1321321.0
Epoch 4: loss = -1321321.0
Epoch 5: loss = -1321321.0
Early stopping at epoch 5 with loss -1321321.0
Reconstruction for fluence = 428133.2398719387 photons/pixel
Epoch 0: loss = 72724.3125
Epoch 1: loss = 46.800846099853516
Epoch 2: loss = 0.5548730492591858
Epoch 3: loss = 0.22243566811084747
Epoch 4: loss = 0.2189772129058838
Epoch 5: loss = 0.21895277500152588
Epoch 6: loss = 0.21895256638526917
Epoch 7: loss = 0.21895267069339752
Epoch 8: loss = 0.2189524620771408
Epoch 9: loss = 0.2189524620771408
Early stopping at epoch 9 with loss 0.2189772129058838
Epoch 0: loss = -3290567.5
Epoch 1: loss = -3290567.5
Epoch 2: loss = -3290567.5
Epoch 3: loss = -3290567.5
Epoch 4: loss = -3290567.5
Epoch 5: loss = -3290567.5
Early stopping at epoch 5 with loss -3290567.5
Reconstruction for fluence = 1000000.0 photons/pixel
Epoch 0: loss = 169865.21875
Epoch 1: loss = 114.6239242553711
Epoch 2: loss = 0.9445860981941223
Epoch 3: loss = 0.22549253702163696
Epoch 4: loss = 0.2166564166545868
Epoch 5: loss = 0.21657319366931915
Epoch 6: loss = 0.21657294034957886
Epoch 7: loss = 0.2165725827217102
Epoch 8: loss = 0.21657276153564453
Epoch 9: loss = 0.21657276153564453
Early stopping at epoch 9 with loss 0.2166564166545868
Epoch 0: loss = -8163035.5
Epoch 1: loss = -8163035.5
Epoch 2: loss = -8163035.5
Epoch 3: loss = -8163036.0
Epoch 4: loss = -8163036.0
Epoch 5: loss = -8163036.0
Epoch 6: loss = -8163036.0
Epoch 7: loss = -8163036.0
Epoch 8: loss = -8163036.0
Early stopping at epoch 8 with loss -8163036.0
Simulation for steps_size=19 and n_fluences=20 completed!
