Running simulation for principal_mode_weight=1 and n_fluences=20
Weights: [100   0   0]
Tensors initialization on device cuda
Multiprobe = grad

('MSE', None) RECONSTRUCTIONS

Reconstruction for fluence = 0.09999999999999999 photons/pixel
Epoch 0: loss = 0.0006374341901391745
Epoch 1: loss = 0.0006374341901391745
Epoch 2: loss = 0.0006374341901391745
Epoch 3: loss = 0.0006374341901391745
Epoch 4: loss = 0.0006374341901391745
Epoch 5: loss = 0.0006374341901391745
Early stopping at epoch 5 with loss 0.0006374341901391745
Reconstruction for fluence = 0.23357214690901223 photons/pixel
Epoch 0: loss = 0.0014602041337639093
Epoch 1: loss = 0.0014602041337639093
Epoch 2: loss = 0.0014602041337639093
Epoch 3: loss = 0.0014602041337639093
Epoch 4: loss = 0.0014602041337639093
Epoch 5: loss = 0.0014602041337639093
Early stopping at epoch 5 with loss 0.0014602041337639093
Reconstruction for fluence = 0.5455594781168519 photons/pixel
Epoch 0: loss = 0.0032942474354058504
Epoch 1: loss = 0.003294148715212941
Epoch 2: loss = 0.003294049296528101
Epoch 3: loss = 0.0032939501106739044
Epoch 4: loss = 0.0032938511576503515
Epoch 5: loss = 0.0032937522046267986
Early stopping at epoch 5 with loss 0.0032942474354058504
Reconstruction for fluence = 1.2742749857031335 photons/pixel
Epoch 0: loss = 0.007295988034456968
Epoch 1: loss = 0.0072954860515892506
Epoch 2: loss = 0.007294985465705395
Epoch 3: loss = 0.007294483482837677
Epoch 4: loss = 0.007293982896953821
Epoch 5: loss = 0.007293481845408678
Early stopping at epoch 5 with loss 0.007295988034456968
Reconstruction for fluence = 2.976351441631318 photons/pixel
Epoch 0: loss = 0.015679500997066498
Epoch 1: loss = 0.015677064657211304
Epoch 2: loss = 0.01567462831735611
Epoch 3: loss = 0.015672193840146065
Epoch 4: loss = 0.01566975936293602
Epoch 5: loss = 0.015667324885725975
Early stopping at epoch 5 with loss 0.015679500997066498
Reconstruction for fluence = 6.9519279617756045 photons/pixel
Epoch 0: loss = 0.0320076085627079
Epoch 1: loss = 0.03199651837348938
Epoch 2: loss = 0.03198543190956116
Epoch 3: loss = 0.03197434917092323
Epoch 4: loss = 0.031963273882865906
Epoch 5: loss = 0.03195219859480858
Early stopping at epoch 5 with loss 0.0320076085627079
Reconstruction for fluence = 16.23776739188721 photons/pixel
Epoch 0: loss = 0.05992823839187622
Epoch 1: loss = 0.05988195538520813
Epoch 2: loss = 0.05983570218086243
Epoch 3: loss = 0.0597895048558712
Epoch 4: loss = 0.05974337458610535
Epoch 5: loss = 0.05969730764627457
Epoch 6: loss = 0.05965130403637886
Epoch 7: loss = 0.05960536375641823
Epoch 8: loss = 0.05955949425697327
Epoch 9: loss = 0.05951368063688278
Epoch 10: loss = 0.05946793407201767
Epoch 11: loss = 0.05942225456237793
Epoch 12: loss = 0.059376634657382965
Epoch 13: loss = 0.05933108180761337
Epoch 14: loss = 0.059285588562488556
Epoch 15: loss = 0.05924016237258911
Epoch 16: loss = 0.05919479578733444
Epoch 17: loss = 0.059149499982595444
Epoch 18: loss = 0.05910426378250122
Epoch 19: loss = 0.05905909091234207
Epoch 20: loss = 0.059013981372117996
Epoch 21: loss = 0.058968931436538696
Epoch 22: loss = 0.05892394483089447
Epoch 23: loss = 0.058879029005765915
Epoch 24: loss = 0.05883416905999184
Epoch 25: loss = 0.05878937244415283
Epoch 26: loss = 0.0587446391582489
Epoch 27: loss = 0.058699969202280045
Epoch 28: loss = 0.05865536257624626
Epoch 29: loss = 0.05861081928014755
Epoch 30: loss = 0.05856633558869362
Epoch 31: loss = 0.05852191522717476
Epoch 32: loss = 0.05847755819559097
Epoch 33: loss = 0.058433257043361664
Epoch 34: loss = 0.058389026671648026
Epoch 35: loss = 0.058344852179288864
Epoch 36: loss = 0.05830074101686478
Epoch 37: loss = 0.05825669318437576
Epoch 38: loss = 0.058212704956531525
Epoch 39: loss = 0.05816877633333206
Epoch 40: loss = 0.05812491476535797
Epoch 41: loss = 0.05808110907673836
Epoch 42: loss = 0.05803736671805382
Epoch 43: loss = 0.05799368768930435
Epoch 44: loss = 0.05795006453990936
Epoch 45: loss = 0.057906508445739746
Epoch 46: loss = 0.057863011956214905
Epoch 47: loss = 0.05781957507133484
Epoch 48: loss = 0.05777619779109955
Epoch 49: loss = 0.05773288384079933
Epoch 50: loss = 0.05768962949514389
Epoch 51: loss = 0.057646434754133224
Epoch 52: loss = 0.057603299617767334
Epoch 53: loss = 0.05756022781133652
Epoch 54: loss = 0.057517215609550476
Epoch 55: loss = 0.05747425928711891
Epoch 56: loss = 0.05743137001991272
Epoch 57: loss = 0.057388536632061005
Epoch 58: loss = 0.057345762848854065
Epoch 59: loss = 0.0573030486702919
Epoch 60: loss = 0.05726039782166481
Epoch 61: loss = 0.0572177991271019
Epoch 62: loss = 0.05717526748776436
Epoch 63: loss = 0.057132795453071594
Epoch 64: loss = 0.05709037557244301
Epoch 65: loss = 0.057048022747039795
Epoch 66: loss = 0.05700572580099106
Epoch 67: loss = 0.0569634884595871
Epoch 68: loss = 0.05692131072282791
Epoch 69: loss = 0.0568791925907135
Epoch 70: loss = 0.05683713033795357
Epoch 71: loss = 0.05679512768983841
Epoch 72: loss = 0.056753188371658325
Epoch 73: loss = 0.05671130120754242
Epoch 74: loss = 0.05666947364807129
Epoch 75: loss = 0.05662770941853523
Epoch 76: loss = 0.056585997343063354
Epoch 77: loss = 0.05654434859752655
Epoch 78: loss = 0.05650275945663452
Epoch 79: loss = 0.05646122619509697
Epoch 80: loss = 0.056419748812913895
Epoch 81: loss = 0.056378334760665894
Epoch 82: loss = 0.05633696913719177
Epoch 83: loss = 0.056295670568943024
Epoch 84: loss = 0.05625442415475845
Epoch 85: loss = 0.05621323734521866
Epoch 86: loss = 0.05617211014032364
Epoch 87: loss = 0.056131038814783096
Epoch 88: loss = 0.05609002709388733
Epoch 89: loss = 0.05604907125234604
Epoch 90: loss = 0.05600816756486893
Epoch 91: loss = 0.05596733093261719
Epoch 92: loss = 0.055926546454429626
Epoch 93: loss = 0.05588581785559654
Epoch 94: loss = 0.055845148861408234
Epoch 95: loss = 0.055804528295993805
Epoch 96: loss = 0.05576397478580475
Epoch 97: loss = 0.05572347342967987
Epoch 98: loss = 0.05568303167819977
Epoch 99: loss = 0.055642642080783844
Epoch 100: loss = 0.055602312088012695
Epoch 101: loss = 0.05556204169988632
Epoch 102: loss = 0.05552181974053383
Epoch 103: loss = 0.05548165738582611
Epoch 104: loss = 0.05544155463576317
Epoch 105: loss = 0.055401504039764404
Epoch 106: loss = 0.055361513048410416
Epoch 107: loss = 0.055321574211120605
Epoch 108: loss = 0.05528169125318527
Epoch 109: loss = 0.055241867899894714
Epoch 110: loss = 0.05520210042595863
Epoch 111: loss = 0.05516238138079643
Epoch 112: loss = 0.055122725665569305
Epoch 113: loss = 0.05508312210440636
Epoch 114: loss = 0.055043574422597885
Epoch 115: loss = 0.05500407889485359
Epoch 116: loss = 0.05496464669704437
Epoch 117: loss = 0.05492526292800903
Epoch 118: loss = 0.05488593503832817
Epoch 119: loss = 0.054846663028001785
Epoch 120: loss = 0.05480744689702988
Epoch 121: loss = 0.054768286645412445
Epoch 122: loss = 0.05472917482256889
Epoch 123: loss = 0.05469012260437012
Epoch 124: loss = 0.05465112626552582
Epoch 125: loss = 0.0546121820807457
Epoch 126: loss = 0.05457329377532005
Epoch 127: loss = 0.05453445762395859
Epoch 128: loss = 0.0544956773519516
Epoch 129: loss = 0.05445694923400879
Epoch 130: loss = 0.054418280720710754
Epoch 131: loss = 0.0543796643614769
Epoch 132: loss = 0.05434110015630722
Epoch 133: loss = 0.05430258810520172
Epoch 134: loss = 0.0542641282081604
Epoch 135: loss = 0.05422573164105415
Epoch 136: loss = 0.05418737977743149
Epoch 137: loss = 0.0541490875184536
Epoch 138: loss = 0.054110847413539886
Epoch 139: loss = 0.05407265946269035
Epoch 140: loss = 0.054034523665905
Epoch 141: loss = 0.05399644374847412
Epoch 142: loss = 0.05395841598510742
Epoch 143: loss = 0.0539204403758049
Epoch 144: loss = 0.05388251692056656
Epoch 145: loss = 0.05384465306997299
Epoch 146: loss = 0.05380683392286301
Epoch 147: loss = 0.0537690706551075
Epoch 148: loss = 0.053731366991996765
Epoch 149: loss = 0.053693704307079315
Epoch 150: loss = 0.05365610122680664
Epoch 151: loss = 0.053618550300598145
Epoch 152: loss = 0.05358105152845383
Epoch 153: loss = 0.05354360491037369
Epoch 154: loss = 0.05350621044635773
Epoch 155: loss = 0.053468868136405945
Epoch 156: loss = 0.05343157798051834
Epoch 157: loss = 0.053394339978694916
Epoch 158: loss = 0.05335715413093567
Epoch 159: loss = 0.0533200204372406
Epoch 160: loss = 0.05328293889760971
Epoch 161: loss = 0.053245909512043
Epoch 162: loss = 0.053208932280540466
Epoch 163: loss = 0.05317200720310211
Epoch 164: loss = 0.053135134279727936
Epoch 165: loss = 0.05309830978512764
Epoch 166: loss = 0.05306153744459152
Epoch 167: loss = 0.05302482098340988
Epoch 168: loss = 0.05298814922571182
Epoch 169: loss = 0.05295153334736824
Epoch 170: loss = 0.05291496589779854
Epoch 171: loss = 0.052878450602293015
Epoch 172: loss = 0.05284198746085167
Epoch 173: loss = 0.052805572748184204
Epoch 174: loss = 0.052769213914871216
Epoch 175: loss = 0.05273290351033211
Epoch 176: loss = 0.05269663780927658
Epoch 177: loss = 0.05266043543815613
Epoch 178: loss = 0.05262427031993866
Epoch 179: loss = 0.05258816480636597
Epoch 180: loss = 0.052552103996276855
Epoch 181: loss = 0.05251609906554222
Epoch 182: loss = 0.05248014256358147
Epoch 183: loss = 0.05244423449039459
Epoch 184: loss = 0.0524083748459816
Epoch 185: loss = 0.05237257480621338
Epoch 186: loss = 0.05233681574463844
Epoch 187: loss = 0.052301108837127686
Epoch 188: loss = 0.05226545035839081
Epoch 189: loss = 0.05222984775900841
Epoch 190: loss = 0.05219428986310959
Epoch 191: loss = 0.05215878039598465
Epoch 192: loss = 0.05212332680821419
Epoch 193: loss = 0.05208791792392731
Epoch 194: loss = 0.05205255746841431
Epoch 195: loss = 0.052017249166965485
Epoch 196: loss = 0.05198198929429054
Epoch 197: loss = 0.05194678157567978
Epoch 198: loss = 0.051911622285842896
Epoch 199: loss = 0.051876507699489594
Epoch 200: loss = 0.05184144526720047
Epoch 201: loss = 0.051806434988975525
Epoch 202: loss = 0.05177146941423416
Epoch 203: loss = 0.051736555993556976
Epoch 204: loss = 0.05170168727636337
Epoch 205: loss = 0.05166687071323395
Epoch 206: loss = 0.051632098853588104
Epoch 207: loss = 0.05159737914800644
Epoch 208: loss = 0.051562704145908356
Epoch 209: loss = 0.05152808129787445
Epoch 210: loss = 0.051493510603904724
Epoch 211: loss = 0.05145898461341858
Epoch 212: loss = 0.051424503326416016
Epoch 213: loss = 0.05139007419347763
Epoch 214: loss = 0.05135568976402283
Epoch 215: loss = 0.0513213574886322
Epoch 216: loss = 0.05128706991672516
Epoch 217: loss = 0.051252834498882294
Epoch 218: loss = 0.05121864005923271
Epoch 219: loss = 0.05118449777364731
Epoch 220: loss = 0.051150403916835785
Epoch 221: loss = 0.05111635848879814
Epoch 222: loss = 0.05108235776424408
Epoch 223: loss = 0.0510484054684639
Epoch 224: loss = 0.051014505326747894
Epoch 225: loss = 0.05098064988851547
Epoch 226: loss = 0.05094683915376663
Epoch 227: loss = 0.05091307312250137
Epoch 228: loss = 0.05087935924530029
Epoch 229: loss = 0.050845690071582794
Epoch 230: loss = 0.050812073051929474
Epoch 231: loss = 0.050778500735759735
Epoch 232: loss = 0.05074497312307358
Epoch 233: loss = 0.050711490213871
Epoch 234: loss = 0.050678059458732605
Epoch 235: loss = 0.05064467340707779
Epoch 236: loss = 0.050611332058906555
Epoch 237: loss = 0.0505780391395092
Epoch 238: loss = 0.05054479464888573
Epoch 239: loss = 0.050511594861745834
Epoch 240: loss = 0.05047843977808952
Epoch 241: loss = 0.05044533312320709
Epoch 242: loss = 0.05041227117180824
Epoch 243: loss = 0.05037925764918327
Epoch 244: loss = 0.050346288830041885
Epoch 245: loss = 0.05031336843967438
Epoch 246: loss = 0.05028048902750015
Epoch 247: loss = 0.050247661769390106
Epoch 248: loss = 0.05021487548947334
Epoch 249: loss = 0.05018213391304016
Epoch 250: loss = 0.05014944449067116
Epoch 251: loss = 0.05011679604649544
Epoch 252: loss = 0.0500841960310936
Epoch 253: loss = 0.05005164071917534
Epoch 254: loss = 0.05001913011074066
Epoch 255: loss = 0.049986667931079865
Epoch 256: loss = 0.04995424672961235
Epoch 257: loss = 0.049921873956918716
Epoch 258: loss = 0.049889542162418365
Epoch 259: loss = 0.04985726252198219
Epoch 260: loss = 0.049825020134449005
Epoch 261: loss = 0.0497928261756897
Epoch 262: loss = 0.04976068064570427
Epoch 263: loss = 0.049728576093912125
Epoch 264: loss = 0.04969651997089386
Epoch 265: loss = 0.04966450482606888
Epoch 266: loss = 0.04963253438472748
Epoch 267: loss = 0.04960060864686966
Epoch 268: loss = 0.04956873133778572
Epoch 269: loss = 0.049536898732185364
Epoch 270: loss = 0.04950510710477829
Epoch 271: loss = 0.0494733601808548
Epoch 272: loss = 0.049441657960414886
Epoch 273: loss = 0.04941000044345856
Epoch 274: loss = 0.04937838762998581
Epoch 275: loss = 0.04934681951999664
Epoch 276: loss = 0.04931529611349106
Epoch 277: loss = 0.049283817410469055
Epoch 278: loss = 0.049252379685640335
Epoch 279: loss = 0.049220990389585495
Epoch 280: loss = 0.04918963834643364
Epoch 281: loss = 0.049158334732055664
Epoch 282: loss = 0.04912707209587097
Epoch 283: loss = 0.04909585416316986
Epoch 284: loss = 0.04906468093395233
Epoch 285: loss = 0.049033552408218384
Epoch 286: loss = 0.04900246858596802
Epoch 287: loss = 0.048971422016620636
Epoch 288: loss = 0.048940423876047134
Epoch 289: loss = 0.048909466713666916
Epoch 290: loss = 0.04887855798006058
Epoch 291: loss = 0.048847682774066925
Epoch 292: loss = 0.04881685972213745
Epoch 293: loss = 0.04878607392311096
Epoch 294: loss = 0.048755332827568054
Epoch 295: loss = 0.04872463643550873
Epoch 296: loss = 0.04869398474693298
Epoch 297: loss = 0.04866337031126022
Epoch 298: loss = 0.04863280430436134
Epoch 299: loss = 0.048602279275655746
Epoch 300: loss = 0.048571791499853134
Epoch 301: loss = 0.0485413521528244
Epoch 302: loss = 0.04851095378398895
Epoch 303: loss = 0.048480600118637085
Epoch 304: loss = 0.0484502837061882
Epoch 305: loss = 0.0484200119972229
Epoch 306: loss = 0.04838978871703148
Epoch 307: loss = 0.04835960268974304
Epoch 308: loss = 0.04832945764064789
Epoch 309: loss = 0.048299357295036316
Epoch 310: loss = 0.04826929420232773
Epoch 311: loss = 0.04823927581310272
Epoch 312: loss = 0.0482093021273613
Epoch 313: loss = 0.048179369419813156
Epoch 314: loss = 0.0481494776904583
Epoch 315: loss = 0.04811962693929672
Epoch 316: loss = 0.04808981716632843
Epoch 317: loss = 0.04806005209684372
Epoch 318: loss = 0.04803032428026199
Epoch 319: loss = 0.04800064116716385
Epoch 320: loss = 0.047971002757549286
Epoch 321: loss = 0.04794140160083771
Epoch 322: loss = 0.047911837697029114
Epoch 323: loss = 0.0478823222219944
Epoch 324: loss = 0.04785284399986267
Epoch 325: loss = 0.04782341048121452
Epoch 326: loss = 0.04779401421546936
Epoch 327: loss = 0.04776466265320778
Epoch 328: loss = 0.04773535206913948
Epoch 329: loss = 0.047706082463264465
Epoch 330: loss = 0.04767685383558273
Epoch 331: loss = 0.047647662460803986
Epoch 332: loss = 0.04761851578950882
Epoch 333: loss = 0.04758940637111664
Epoch 334: loss = 0.04756033793091774
Epoch 335: loss = 0.047531310468912125
Epoch 336: loss = 0.04750232398509979
Epoch 337: loss = 0.04747338220477104
Epoch 338: loss = 0.047444477677345276
Epoch 339: loss = 0.04741561412811279
Epoch 340: loss = 0.047386787831783295
Epoch 341: loss = 0.04735800623893738
Epoch 342: loss = 0.047329261898994446
Epoch 343: loss = 0.0473005548119545
Epoch 344: loss = 0.04727189242839813
Epoch 345: loss = 0.04724327474832535
Epoch 346: loss = 0.04721468687057495
Epoch 347: loss = 0.047186147421598434
Epoch 348: loss = 0.0471576452255249
Epoch 349: loss = 0.047129180282354355
Epoch 350: loss = 0.04710075259208679
Epoch 351: loss = 0.04707237333059311
Epoch 352: loss = 0.04704403132200241
Epoch 353: loss = 0.0470157265663147
Epoch 354: loss = 0.04698745906352997
Epoch 355: loss = 0.04695923626422882
Epoch 356: loss = 0.04693104699254036
Epoch 357: loss = 0.04690290242433548
Epoch 358: loss = 0.046874791383743286
Epoch 359: loss = 0.046846725046634674
Epoch 360: loss = 0.046818699687719345
Epoch 361: loss = 0.0467907078564167
Epoch 362: loss = 0.04676275700330734
Epoch 363: loss = 0.046734847128391266
Epoch 364: loss = 0.046706974506378174
Epoch 365: loss = 0.046679142862558365
Epoch 366: loss = 0.04665134847164154
Epoch 367: loss = 0.046623595058918
Epoch 368: loss = 0.046595875173807144
Epoch 369: loss = 0.04656819999217987
Epoch 370: loss = 0.04654055833816528
Epoch 371: loss = 0.04651296138763428
Epoch 372: loss = 0.04648539796471596
Epoch 373: loss = 0.04645787551999092
Epoch 374: loss = 0.04643038660287857
Epoch 375: loss = 0.0464029423892498
Epoch 376: loss = 0.04637553542852402
Epoch 377: loss = 0.04634816572070122
Epoch 378: loss = 0.0463208332657814
Epoch 379: loss = 0.04629354178905487
Epoch 380: loss = 0.04626628756523132
Epoch 381: loss = 0.04623907059431076
Epoch 382: loss = 0.04621189087629318
Epoch 383: loss = 0.04618474841117859
Epoch 384: loss = 0.04615764692425728
Epoch 385: loss = 0.04613058269023895
Epoch 386: loss = 0.04610355570912361
Epoch 387: loss = 0.046076565980911255
Epoch 388: loss = 0.046049609780311584
Epoch 389: loss = 0.046022702008485794
Epoch 390: loss = 0.04599582031369209
Epoch 391: loss = 0.04596898332238197
Epoch 392: loss = 0.04594217985868454
Epoch 393: loss = 0.04591541737318039
Epoch 394: loss = 0.045888692140579224
Epoch 395: loss = 0.04586200416088104
Epoch 396: loss = 0.04583534970879555
Epoch 397: loss = 0.045808736234903336
Epoch 398: loss = 0.04578216001391411
Epoch 399: loss = 0.04575561732053757
Epoch 400: loss = 0.04572911560535431
Epoch 401: loss = 0.045702651143074036
Epoch 402: loss = 0.04567622393369675
Epoch 403: loss = 0.045649826526641846
Epoch 404: loss = 0.045623473823070526
Epoch 405: loss = 0.04559715464711189
Epoch 406: loss = 0.04557087644934654
Epoch 407: loss = 0.04554463177919388
Epoch 408: loss = 0.0455184206366539
Epoch 409: loss = 0.045492250472307205
Epoch 410: loss = 0.045466117560863495
Epoch 411: loss = 0.04544001817703247
Epoch 412: loss = 0.04541395604610443
Epoch 413: loss = 0.045387931168079376
Epoch 414: loss = 0.045361943542957306
Epoch 415: loss = 0.04533599317073822
Epoch 416: loss = 0.04531007260084152
Epoch 417: loss = 0.045284196734428406
Epoch 418: loss = 0.04525835067033768
Epoch 419: loss = 0.04523254185914993
Epoch 420: loss = 0.04520677030086517
Epoch 421: loss = 0.0451810359954834
Epoch 422: loss = 0.04515533521771431
Epoch 423: loss = 0.045129671692848206
Epoch 424: loss = 0.04510404169559479
Epoch 425: loss = 0.04507845267653465
Epoch 426: loss = 0.045052893459796906
Epoch 427: loss = 0.04502737522125244
Epoch 428: loss = 0.045001886785030365
Epoch 429: loss = 0.04497644305229187
Epoch 430: loss = 0.04495102912187576
Epoch 431: loss = 0.04492564871907234
Epoch 432: loss = 0.044900305569171906
Epoch 433: loss = 0.044874995946884155
Epoch 434: loss = 0.04484972730278969
Epoch 435: loss = 0.04482449218630791
Epoch 436: loss = 0.04479929059743881
Epoch 437: loss = 0.044774122536182404
Epoch 438: loss = 0.04474899172782898
Epoch 439: loss = 0.04472389817237854
Epoch 440: loss = 0.04469883441925049
Epoch 441: loss = 0.04467380791902542
Epoch 442: loss = 0.04464881867170334
Epoch 443: loss = 0.04462386667728424
Epoch 444: loss = 0.04459894448518753
Epoch 445: loss = 0.044574059545993805
Epoch 446: loss = 0.04454920440912247
Epoch 447: loss = 0.04452439397573471
Epoch 448: loss = 0.044499609619379044
Epoch 449: loss = 0.04447486251592636
Epoch 450: loss = 0.044450148940086365
Epoch 451: loss = 0.04442547261714935
Epoch 452: loss = 0.04440082982182503
Epoch 453: loss = 0.04437621682882309
Epoch 454: loss = 0.044351644814014435
Epoch 455: loss = 0.04432710260152817
Epoch 456: loss = 0.044302597641944885
Epoch 457: loss = 0.04427812620997429
Epoch 458: loss = 0.04425369203090668
Epoch 459: loss = 0.044229283928871155
Epoch 460: loss = 0.044204916805028915
Epoch 461: loss = 0.044180579483509064
Epoch 462: loss = 0.0441562794148922
Epoch 463: loss = 0.044132012873888016
Epoch 464: loss = 0.04410777986049652
Epoch 465: loss = 0.04408358037471771
Epoch 466: loss = 0.04405941441655159
Epoch 467: loss = 0.04403528571128845
Epoch 468: loss = 0.044011183083057404
Epoch 469: loss = 0.04398712143301964
Epoch 470: loss = 0.04396308958530426
Epoch 471: loss = 0.04393909126520157
Epoch 472: loss = 0.04391513019800186
Epoch 473: loss = 0.04389119893312454
Epoch 474: loss = 0.04386730119585991
Epoch 475: loss = 0.04384344071149826
Epoch 476: loss = 0.043819610029459
Epoch 477: loss = 0.04379581660032272
Epoch 478: loss = 0.043772049248218536
Epoch 479: loss = 0.043748319149017334
Epoch 480: loss = 0.04372462257742882
Epoch 481: loss = 0.043700963258743286
Epoch 482: loss = 0.043677330017089844
Epoch 483: loss = 0.043653734028339386
Epoch 484: loss = 0.043630167841911316
Epoch 485: loss = 0.04360663518309593
Epoch 486: loss = 0.04358313977718353
Epoch 487: loss = 0.04355967044830322
Epoch 488: loss = 0.0435362383723259
Epoch 489: loss = 0.04351283609867096
Epoch 490: loss = 0.04348946735262871
Epoch 491: loss = 0.04346613585948944
Epoch 492: loss = 0.04344283044338226
Epoch 493: loss = 0.04341956228017807
Epoch 494: loss = 0.043396323919296265
Epoch 495: loss = 0.043373119086027145
Epoch 496: loss = 0.04334994778037071
Epoch 497: loss = 0.043326810002326965
Epoch 498: loss = 0.04330369830131531
Epoch 499: loss = 0.043280623853206635
Epoch 500: loss = 0.04325758293271065
Epoch 501: loss = 0.04323457181453705
Epoch 502: loss = 0.043211594223976135
Epoch 503: loss = 0.04318864643573761
Epoch 504: loss = 0.04316573217511177
Epoch 505: loss = 0.04314284771680832
Epoch 506: loss = 0.043119996786117554
Epoch 507: loss = 0.043097179383039474
Epoch 508: loss = 0.04307439178228378
Epoch 509: loss = 0.04305163770914078
Epoch 510: loss = 0.04302891343832016
Epoch 511: loss = 0.04300622642040253
Epoch 512: loss = 0.04298356547951698
Epoch 513: loss = 0.04296093434095383
Epoch 514: loss = 0.042938340455293655
Epoch 515: loss = 0.04291577637195587
Epoch 516: loss = 0.042893242090940475
Epoch 517: loss = 0.042870741337537766
Epoch 518: loss = 0.04284827411174774
Epoch 519: loss = 0.04282583296298981
Epoch 520: loss = 0.04280342534184456
Epoch 521: loss = 0.0427810475230217
Epoch 522: loss = 0.04275870323181152
Epoch 523: loss = 0.042736392468214035
Epoch 524: loss = 0.04271410405635834
Epoch 525: loss = 0.04269185662269592
Epoch 526: loss = 0.042669638991355896
Epoch 527: loss = 0.04264744743704796
Epoch 528: loss = 0.04262528941035271
Epoch 529: loss = 0.04260316118597984
Epoch 530: loss = 0.042581066489219666
Epoch 531: loss = 0.04255899786949158
Epoch 532: loss = 0.04253696650266647
Epoch 533: loss = 0.04251496121287346
Epoch 534: loss = 0.04249298572540283
Epoch 535: loss = 0.04247104749083519
Epoch 536: loss = 0.04244913160800934
Epoch 537: loss = 0.04242725297808647
Epoch 538: loss = 0.04240540415048599
Epoch 539: loss = 0.0423835851252079
Epoch 540: loss = 0.0423617959022522
Epoch 541: loss = 0.04234003275632858
Epoch 542: loss = 0.04231830686330795
Epoch 543: loss = 0.04229661077260971
Epoch 544: loss = 0.04227494075894356
Epoch 545: loss = 0.04225330054759979
Epoch 546: loss = 0.04223169758915901
Epoch 547: loss = 0.04221011698246002
Epoch 548: loss = 0.04218856990337372
Epoch 549: loss = 0.0421670600771904
Epoch 550: loss = 0.04214557260274887
Epoch 551: loss = 0.04212411120533943
Epoch 552: loss = 0.04210268706083298
Epoch 553: loss = 0.04208128899335861
Epoch 554: loss = 0.042059920728206635
Epoch 555: loss = 0.042038582265377045
Epoch 556: loss = 0.04201728105545044
Epoch 557: loss = 0.041996002197265625
Epoch 558: loss = 0.0419747531414032
Epoch 559: loss = 0.04195353388786316
Epoch 560: loss = 0.04193234443664551
Epoch 561: loss = 0.04191119223833084
Epoch 562: loss = 0.041890062391757965
Epoch 563: loss = 0.04186895862221718
Epoch 564: loss = 0.04184788838028908
Epoch 565: loss = 0.041826847940683365
Epoch 566: loss = 0.04180584102869034
Epoch 567: loss = 0.0417848564684391
Epoch 568: loss = 0.041763901710510254
Epoch 569: loss = 0.04174298048019409
Epoch 570: loss = 0.04172208532691002
Epoch 571: loss = 0.041701219975948334
Epoch 572: loss = 0.041680384427309036
Epoch 573: loss = 0.041659578680992126
Epoch 574: loss = 0.041638799011707306
Epoch 575: loss = 0.04161804914474487
Epoch 576: loss = 0.041597336530685425
Epoch 577: loss = 0.04157664254307747
Epoch 578: loss = 0.0415559783577919
Epoch 579: loss = 0.04153534770011902
Epoch 580: loss = 0.041514743119478226
Epoch 581: loss = 0.04149416834115982
Epoch 582: loss = 0.0414736233651638
Epoch 583: loss = 0.041453104466199875
Epoch 584: loss = 0.041432615369558334
Epoch 585: loss = 0.04141215607523918
Epoch 586: loss = 0.04139172285795212
Epoch 587: loss = 0.04137131944298744
Epoch 588: loss = 0.041350945830345154
Epoch 589: loss = 0.041330598294734955
Epoch 590: loss = 0.041310280561447144
Epoch 591: loss = 0.04128999263048172
Epoch 592: loss = 0.041269730776548386
Epoch 593: loss = 0.04124949872493744
Epoch 594: loss = 0.04122929275035858
Epoch 595: loss = 0.04120911657810211
Epoch 596: loss = 0.04118897020816803
Epoch 597: loss = 0.04116884991526604
Epoch 598: loss = 0.04114875942468643
Epoch 599: loss = 0.041128695011138916
Epoch 600: loss = 0.04110866039991379
Epoch 601: loss = 0.04108865186572075
Epoch 602: loss = 0.0410686731338501
Epoch 603: loss = 0.041048720479011536
Epoch 604: loss = 0.04102879762649536
Epoch 605: loss = 0.041008900851011276
Epoch 606: loss = 0.04098903387784958
Early stopping at epoch 606 with loss 0.04108865186572075
Reconstruction for fluence = 37.926901907322495 photons/pixel
Epoch 0: loss = 0.09871816635131836
Epoch 1: loss = 0.04471790790557861
Epoch 2: loss = 0.04471790790557861
Epoch 3: loss = 0.04471790790557861
Epoch 4: loss = 0.04471790790557861
Epoch 5: loss = 0.04471790790557861
Epoch 6: loss = 0.04471790790557861
Early stopping at epoch 6 with loss 0.04471790790557861
Reconstruction for fluence = 88.58667904100822 photons/pixel
Epoch 0: loss = 0.14178037643432617
Epoch 1: loss = 0.06050582230091095
Epoch 2: loss = 0.05723237991333008
Epoch 3: loss = 0.05723237991333008
Epoch 4: loss = 0.05723237991333008
Epoch 5: loss = 0.05723237991333008
Epoch 6: loss = 0.05723237991333008
Epoch 7: loss = 0.05723237991333008
Early stopping at epoch 7 with loss 0.05723237991333008
Reconstruction for fluence = 206.9138081114788 photons/pixel
Epoch 0: loss = 0.20747199654579163
Epoch 1: loss = 0.05925063043832779
Epoch 2: loss = 0.05922785773873329
Epoch 3: loss = 0.05922785773873329
Epoch 4: loss = 0.05922785773873329
Epoch 5: loss = 0.05922785773873329
Epoch 6: loss = 0.05922785773873329
Early stopping at epoch 6 with loss 0.05925063043832779
Reconstruction for fluence = 483.2930238571752 photons/pixel
Epoch 0: loss = 0.3775906562805176
Epoch 1: loss = 0.06725931167602539
Epoch 2: loss = 0.06703042984008789
Epoch 3: loss = 0.06703042984008789
Epoch 4: loss = 0.06703042984008789
Epoch 5: loss = 0.06703042984008789
Epoch 6: loss = 0.06703042984008789
Epoch 7: loss = 0.06703042984008789
Early stopping at epoch 7 with loss 0.06703042984008789
Reconstruction for fluence = 1128.8378916846884 photons/pixel
Epoch 0: loss = 0.8022581338882446
Epoch 1: loss = 0.2624020576477051
Epoch 2: loss = 0.08789384365081787
Epoch 3: loss = 0.08789372444152832
Epoch 4: loss = 0.08789372444152832
Epoch 5: loss = 0.08789372444152832
Epoch 6: loss = 0.08789372444152832
Epoch 7: loss = 0.08789372444152832
Early stopping at epoch 7 with loss 0.08789384365081787
Reconstruction for fluence = 2636.6508987303555 photons/pixel
Epoch 0: loss = 1.80277419090271
Epoch 1: loss = 0.15106946229934692
Epoch 2: loss = 0.11859932541847229
Epoch 3: loss = 0.1185993105173111
Epoch 4: loss = 0.1185993105173111
Epoch 5: loss = 0.1185993105173111
Epoch 6: loss = 0.1185993105173111
Epoch 7: loss = 0.1185993105173111
Early stopping at epoch 7 with loss 0.11859932541847229
Reconstruction for fluence = 6158.482110660255 photons/pixel
Epoch 0: loss = 4.143851280212402
Epoch 1: loss = 0.15812912583351135
Epoch 2: loss = 0.1581273376941681
Epoch 3: loss = 0.1581273376941681
Epoch 4: loss = 0.1581273376941681
Epoch 5: loss = 0.1581273376941681
Epoch 6: loss = 0.1581273376941681
Early stopping at epoch 6 with loss 0.15812912583351135
Reconstruction for fluence = 14384.498882876629 photons/pixel
Epoch 0: loss = 9.612324714660645
Epoch 1: loss = 0.20299437642097473
Epoch 2: loss = 0.20299376547336578
Epoch 3: loss = 0.2029937505722046
Epoch 4: loss = 0.2029937505722046
Epoch 5: loss = 0.2029937505722046
Epoch 6: loss = 0.2029937505722046
Early stopping at epoch 6 with loss 0.20299437642097473
Reconstruction for fluence = 33598.18286283781 photons/pixel
Epoch 0: loss = 22.386112213134766
Epoch 1: loss = 0.24525608122348785
Epoch 2: loss = 0.2452547401189804
Epoch 3: loss = 0.2452547401189804
Epoch 4: loss = 0.2452547401189804
Epoch 5: loss = 0.2452547401189804
Epoch 6: loss = 0.2452547401189804
Early stopping at epoch 6 with loss 0.24525608122348785
Reconstruction for fluence = 78475.99703514607 photons/pixel
Epoch 0: loss = 52.213966369628906
Epoch 1: loss = 0.2763051986694336
Epoch 2: loss = 0.2763037085533142
Epoch 3: loss = 0.2763037085533142
Epoch 4: loss = 0.2763037085533142
Epoch 5: loss = 0.2763037085533142
Epoch 6: loss = 0.2763037085533142
Early stopping at epoch 6 with loss 0.2763051986694336
Reconstruction for fluence = 183298.07108324335 photons/pixel
Epoch 0: loss = 121.896728515625
