Running simulation for steps_size=10 and n_fluences=20
Steps size: 10
Tensors initialization on device cuda
Multiprobe = band_lim
torch.Size([1, 64, 64])

('MSE', None) RECONSTRUCTIONS

Reconstruction for fluence = 0.09999999999999999 photons/pixel
Epoch 0: loss = 0.0252444576472044
Epoch 1: loss = 0.025229521095752716
Epoch 2: loss = 0.025214627385139465
Epoch 3: loss = 0.025199780240654945
Epoch 4: loss = 0.025184975937008858
Epoch 5: loss = 0.025170214474201202
Early stopping at epoch 5 with loss 0.0252444576472044
Reconstruction for fluence = 0.23357214690901223 photons/pixel
Epoch 0: loss = 0.08224423229694366
Epoch 1: loss = 0.036924876272678375
Epoch 2: loss = 0.03684156388044357
Epoch 3: loss = 0.036840613931417465
Epoch 4: loss = 0.036840613931417465
Epoch 5: loss = 0.036840613931417465
Epoch 6: loss = 0.036840613931417465
Early stopping at epoch 6 with loss 0.036924876272678375
Reconstruction for fluence = 0.5455594781168519 photons/pixel
Epoch 0: loss = 0.31082087755203247
Epoch 1: loss = 0.0861961767077446
Epoch 2: loss = 0.08591562509536743
Epoch 3: loss = 0.08590641617774963
Epoch 4: loss = 0.08590620011091232
Epoch 5: loss = 0.08590620011091232
Epoch 6: loss = 0.08590620011091232
Epoch 7: loss = 0.08590620011091232
Early stopping at epoch 7 with loss 0.08591562509536743
Reconstruction for fluence = 1.2742749857031335 photons/pixel
Epoch 0: loss = 1.3809415102005005
Epoch 1: loss = 0.20304788649082184
Epoch 2: loss = 0.20190954208374023
Epoch 3: loss = 0.20184990763664246
Epoch 4: loss = 0.20184685289859772
Epoch 5: loss = 0.20184676349163055
Epoch 6: loss = 0.20184676349163055
Epoch 7: loss = 0.20184671878814697
Early stopping at epoch 7 with loss 0.20190954208374023
Reconstruction for fluence = 2.976351441631318 photons/pixel
Epoch 0: loss = 6.782884120941162
Epoch 1: loss = 0.4616483449935913
Epoch 2: loss = 0.45696404576301575
Epoch 3: loss = 0.4566885828971863
Epoch 4: loss = 0.4566609561443329
Epoch 5: loss = 0.4566587209701538
Epoch 6: loss = 0.4566587209701538
Epoch 7: loss = 0.45665863156318665
Epoch 8: loss = 0.45665863156318665
Early stopping at epoch 8 with loss 0.4566885828971863
Reconstruction for fluence = 6.9519279617756045 photons/pixel
Epoch 0: loss = 35.47379684448242
Epoch 1: loss = 1.0513287782669067
Epoch 2: loss = 1.036514401435852
Epoch 3: loss = 1.035374641418457
Epoch 4: loss = 1.0352283716201782
Epoch 5: loss = 1.0352094173431396
Epoch 6: loss = 1.0352078676223755
Epoch 7: loss = 1.0352076292037964
Epoch 8: loss = 1.0352076292037964
Epoch 9: loss = 1.0352073907852173
Early stopping at epoch 9 with loss 1.0352283716201782
Reconstruction for fluence = 16.23776739188721 photons/pixel
Epoch 0: loss = 189.9820556640625
Epoch 1: loss = 2.4858531951904297
Epoch 2: loss = 2.427924633026123
Epoch 3: loss = 2.4229819774627686
Epoch 4: loss = 2.4221136569976807
Epoch 5: loss = 2.4219658374786377
Epoch 6: loss = 2.421938180923462
Epoch 7: loss = 2.421933174133301
Epoch 8: loss = 2.4219324588775635
Epoch 9: loss = 2.4219319820404053
Epoch 10: loss = 2.421931028366089
Early stopping at epoch 10 with loss 2.4219658374786377
Reconstruction for fluence = 37.926901907322495 photons/pixel
Epoch 0: loss = 1023.1748046875
Epoch 1: loss = 5.941196918487549
Epoch 2: loss = 5.736541748046875
Epoch 3: loss = 5.717634201049805
Epoch 4: loss = 5.713753700256348
Epoch 5: loss = 5.712791919708252
Epoch 6: loss = 5.712556838989258
Epoch 7: loss = 5.7124786376953125
Epoch 8: loss = 5.712460994720459
Epoch 9: loss = 5.712453365325928
Epoch 10: loss = 5.712449073791504
Epoch 11: loss = 5.712447643280029
Epoch 12: loss = 5.712445259094238
Epoch 13: loss = 5.712443828582764
Epoch 14: loss = 5.712443828582764
Early stopping at epoch 14 with loss 5.712453365325928
Reconstruction for fluence = 88.58667904100822 photons/pixel
Epoch 0: loss = 5561.11083984375
Epoch 1: loss = 14.513838768005371
Epoch 2: loss = 13.613179206848145
Epoch 3: loss = 13.551889419555664
Epoch 4: loss = 13.536523818969727
Epoch 5: loss = 13.532135009765625
Epoch 6: loss = 13.531013488769531
Epoch 7: loss = 13.530640602111816
Epoch 8: loss = 13.530474662780762
Epoch 9: loss = 13.53040885925293
Epoch 10: loss = 13.5303955078125
Epoch 11: loss = 13.530391693115234
Epoch 12: loss = 13.530386924743652
Epoch 13: loss = 13.53038501739502
Early stopping at epoch 13 with loss 13.530474662780762
Reconstruction for fluence = 206.9138081114788 photons/pixel
Epoch 0: loss = 30315.28515625
Epoch 1: loss = 35.107215881347656
Epoch 2: loss = 30.932636260986328
Epoch 3: loss = 30.687925338745117
Epoch 4: loss = 30.633222579956055
Epoch 5: loss = 30.616559982299805
Epoch 6: loss = 30.61151123046875
Epoch 7: loss = 30.609344482421875
Epoch 8: loss = 30.608293533325195
Epoch 9: loss = 30.607742309570312
Epoch 10: loss = 30.607440948486328
Epoch 11: loss = 30.607341766357422
Epoch 12: loss = 30.607332229614258
Epoch 13: loss = 30.607316970825195
Epoch 14: loss = 30.60730743408203
Epoch 15: loss = 30.60729217529297
Epoch 16: loss = 30.607271194458008
Epoch 17: loss = 30.607261657714844
Early stopping at epoch 17 with loss 30.607332229614258
Reconstruction for fluence = 483.2930238571752 photons/pixel
Epoch 0: loss = 165310.453125
Epoch 1: loss = 94.4717788696289
Epoch 2: loss = 73.0594482421875
Epoch 3: loss = 72.15826416015625
Epoch 4: loss = 71.94418334960938
Epoch 5: loss = 71.8747329711914
Epoch 6: loss = 71.85238647460938
Epoch 7: loss = 71.84335327148438
Epoch 8: loss = 71.83878326416016
Epoch 9: loss = 71.83645629882812
Epoch 10: loss = 71.83522033691406
Epoch 11: loss = 71.8348617553711
Epoch 12: loss = 71.83451843261719
Epoch 13: loss = 71.83447265625
Epoch 14: loss = 71.83440399169922
Epoch 15: loss = 71.83431243896484
Epoch 16: loss = 71.83421325683594
Epoch 17: loss = 71.83412170410156
Epoch 18: loss = 71.8340835571289
Epoch 19: loss = 71.83406066894531
Epoch 20: loss = 71.83403015136719
Epoch 21: loss = 71.83399963378906
Epoch 22: loss = 71.83399963378906
Epoch 23: loss = 71.83396911621094
Epoch 24: loss = 71.83394622802734
Epoch 25: loss = 71.83394622802734
Epoch 26: loss = 71.83390045166016
Epoch 27: loss = 71.8338851928711
Epoch 28: loss = 71.8338623046875
Epoch 29: loss = 71.83385467529297
Epoch 30: loss = 71.83385467529297
Epoch 31: loss = 71.83384704589844
Epoch 32: loss = 71.83384704589844
Epoch 33: loss = 71.83383178710938
Early stopping at epoch 33 with loss 71.8338623046875
Reconstruction for fluence = 1128.8378916846884 photons/pixel
Epoch 0: loss = 901866.8125
Epoch 1: loss = 282.6598205566406
Epoch 2: loss = 172.02438354492188
Epoch 3: loss = 167.5249481201172
Epoch 4: loss = 166.44630432128906
Epoch 5: loss = 166.13758850097656
Epoch 6: loss = 166.0338134765625
Epoch 7: loss = 165.99354553222656
Epoch 8: loss = 165.9657440185547
Epoch 9: loss = 165.9528350830078
Epoch 10: loss = 165.94654846191406
Epoch 11: loss = 165.94419860839844
Epoch 12: loss = 165.94212341308594
Epoch 13: loss = 165.94146728515625
Epoch 14: loss = 165.94081115722656
Epoch 15: loss = 165.94039916992188
Epoch 16: loss = 165.94020080566406
Epoch 17: loss = 165.9397430419922
Epoch 18: loss = 165.93966674804688
Epoch 19: loss = 165.93966674804688
Epoch 20: loss = 165.93963623046875
Epoch 21: loss = 165.93960571289062
Epoch 22: loss = 165.93960571289062
Epoch 23: loss = 165.93954467773438
Epoch 24: loss = 165.93954467773438
Epoch 25: loss = 165.93942260742188
Epoch 26: loss = 165.93939208984375
Epoch 27: loss = 165.93939208984375
Epoch 28: loss = 165.9394073486328
Epoch 29: loss = 165.93934631347656
Epoch 30: loss = 165.93934631347656
Early stopping at epoch 30 with loss 165.93942260742188
Reconstruction for fluence = 2636.6508987303555 photons/pixel
Epoch 0: loss = 4920705.5
Epoch 1: loss = 1015.3956298828125
Epoch 2: loss = 414.6668395996094
Epoch 3: loss = 393.0917053222656
Epoch 4: loss = 388.0867919921875
Epoch 5: loss = 386.62921142578125
Epoch 6: loss = 386.1178894042969
Epoch 7: loss = 385.9199523925781
Epoch 8: loss = 385.80560302734375
Epoch 9: loss = 385.7447204589844
Epoch 10: loss = 385.7146301269531
Epoch 11: loss = 385.6996154785156
Epoch 12: loss = 385.6918029785156
Epoch 13: loss = 385.6868591308594
Epoch 14: loss = 385.68389892578125
Epoch 15: loss = 385.68280029296875
Epoch 16: loss = 385.68280029296875
Epoch 17: loss = 385.68206787109375
Epoch 18: loss = 385.6815490722656
Epoch 19: loss = 385.68096923828125
Epoch 20: loss = 385.6807556152344
Epoch 21: loss = 385.6806335449219
Epoch 22: loss = 385.6803894042969
Epoch 23: loss = 385.6803894042969
Epoch 24: loss = 385.68023681640625
Epoch 25: loss = 385.679931640625
Epoch 26: loss = 385.679931640625
Epoch 27: loss = 385.6795349121094
Epoch 28: loss = 385.6795654296875
Epoch 29: loss = 385.6793518066406
Epoch 30: loss = 385.6792907714844
Epoch 31: loss = 385.6791076660156
Epoch 32: loss = 385.6790466308594
Epoch 33: loss = 385.6790466308594
Epoch 34: loss = 385.6790466308594
Epoch 35: loss = 385.67901611328125
Epoch 36: loss = 385.6789245605469
Epoch 37: loss = 385.6788330078125
Epoch 38: loss = 385.6788330078125
Epoch 39: loss = 385.678955078125
Epoch 40: loss = 385.6788024902344
Epoch 41: loss = 385.67889404296875
Epoch 42: loss = 385.67889404296875
Epoch 43: loss = 385.6789245605469
Epoch 44: loss = 385.6789245605469
Epoch 45: loss = 385.6788330078125
Early stopping at epoch 45 with loss 385.6788024902344
Reconstruction for fluence = 6158.482110660255 photons/pixel
Epoch 0: loss = 26836430.0
Epoch 1: loss = 4346.40380859375
Epoch 2: loss = 1102.423583984375
Epoch 3: loss = 979.822021484375
Epoch 4: loss = 953.2509155273438
Epoch 5: loss = 946.1329345703125
Epoch 6: loss = 942.8252563476562
Epoch 7: loss = 941.5366821289062
Epoch 8: loss = 940.93994140625
Epoch 9: loss = 940.675048828125
Epoch 10: loss = 940.5245361328125
Epoch 11: loss = 940.4517211914062
Epoch 12: loss = 940.420166015625
Epoch 13: loss = 940.3961791992188
Epoch 14: loss = 940.3799438476562
Epoch 15: loss = 940.3709716796875
Epoch 16: loss = 940.3687133789062
Epoch 17: loss = 940.3671875
Epoch 18: loss = 940.3626098632812
Epoch 19: loss = 940.3617553710938
Epoch 20: loss = 940.359619140625
Epoch 21: loss = 940.3594970703125
Epoch 22: loss = 940.3580932617188
Epoch 23: loss = 940.3569946289062
Epoch 24: loss = 940.3569946289062
Epoch 25: loss = 940.3566284179688
Epoch 26: loss = 940.3566284179688
Epoch 27: loss = 940.3565063476562
Epoch 28: loss = 940.3561401367188
Epoch 29: loss = 940.3561401367188
Epoch 30: loss = 940.3562622070312
Epoch 31: loss = 940.3560791015625
Epoch 32: loss = 940.3557739257812
Epoch 33: loss = 940.3560180664062
Epoch 34: loss = 940.3555297851562
Epoch 35: loss = 940.355712890625
Epoch 36: loss = 940.3553466796875
Epoch 37: loss = 940.355712890625
Epoch 38: loss = 940.355712890625
Epoch 39: loss = 940.3555297851562
Epoch 40: loss = 940.3551025390625
Epoch 41: loss = 940.3553466796875
Epoch 42: loss = 940.3553466796875
Epoch 43: loss = 940.355224609375
Epoch 44: loss = 940.355224609375
Epoch 45: loss = 940.35546875
Early stopping at epoch 45 with loss 940.3551025390625
Reconstruction for fluence = 14384.498882876629 photons/pixel
Epoch 0: loss = 146428304.0
Epoch 1: loss = 20640.009765625
Epoch 2: loss = 2968.91650390625
Epoch 3: loss = 2385.388671875
Epoch 4: loss = 2248.064453125
Epoch 5: loss = 2205.817138671875
Epoch 6: loss = 2192.126953125
Epoch 7: loss = 2185.97021484375
Epoch 8: loss = 2182.6728515625
Epoch 9: loss = 2181.0576171875
Epoch 10: loss = 2180.278564453125
Epoch 11: loss = 2179.9228515625
Epoch 12: loss = 2179.725830078125
Epoch 13: loss = 2179.61669921875
Epoch 14: loss = 2179.547119140625
Epoch 15: loss = 2179.5390625
Epoch 16: loss = 2179.52685546875
Epoch 17: loss = 2179.499755859375
Epoch 18: loss = 2179.475341796875
Epoch 19: loss = 2179.469970703125
Epoch 20: loss = 2179.46142578125
Epoch 21: loss = 2179.45849609375
Epoch 22: loss = 2179.456298828125
Epoch 23: loss = 2179.455078125
Epoch 24: loss = 2179.450927734375
Epoch 25: loss = 2179.448974609375
Epoch 26: loss = 2179.4482421875
Epoch 27: loss = 2179.447509765625
Epoch 28: loss = 2179.4462890625
Epoch 29: loss = 2179.4462890625
Epoch 30: loss = 2179.445068359375
Epoch 31: loss = 2179.444580078125
Epoch 32: loss = 2179.44287109375
Epoch 33: loss = 2179.444091796875
Epoch 34: loss = 2179.443115234375
Epoch 35: loss = 2179.444580078125
Epoch 36: loss = 2179.443359375
Epoch 37: loss = 2179.444091796875
Early stopping at epoch 37 with loss 2179.44287109375
Reconstruction for fluence = 33598.18286283781 photons/pixel
Epoch 0: loss = 798758592.0
Epoch 1: loss = 105381.5078125
Epoch 2: loss = 9586.720703125
Epoch 3: loss = 6090.419921875
Epoch 4: loss = 5362.0166015625
Epoch 5: loss = 5109.79833984375
Epoch 6: loss = 5025.7646484375
Epoch 7: loss = 4994.72509765625
Epoch 8: loss = 4977.56103515625
Epoch 9: loss = 4968.7353515625
Epoch 10: loss = 4964.38916015625
Epoch 11: loss = 4962.54443359375
Epoch 12: loss = 4961.45361328125
Epoch 13: loss = 4960.84228515625
Epoch 14: loss = 4960.4560546875
Epoch 15: loss = 4960.29052734375
Epoch 16: loss = 4960.13232421875
Epoch 17: loss = 4960.04833984375
Epoch 18: loss = 4960.015625
Epoch 19: loss = 4959.97265625
Epoch 20: loss = 4959.9404296875
Epoch 21: loss = 4959.921875
Epoch 22: loss = 4959.92138671875
Epoch 23: loss = 4959.9130859375
Epoch 24: loss = 4959.90478515625
Epoch 25: loss = 4959.90185546875
Epoch 26: loss = 4959.90478515625
Epoch 27: loss = 4959.90234375
Epoch 28: loss = 4959.89453125
Epoch 29: loss = 4959.896484375
Epoch 30: loss = 4959.89990234375
Epoch 31: loss = 4959.89404296875
Epoch 32: loss = 4959.89794921875
Epoch 33: loss = 4959.8984375
Epoch 34: loss = 4959.8935546875
Epoch 35: loss = 4959.89453125
Epoch 36: loss = 4959.888671875
Epoch 37: loss = 4959.896484375
Epoch 38: loss = 4959.89208984375
Epoch 39: loss = 4959.8955078125
Epoch 40: loss = 4959.8955078125
Epoch 41: loss = 4959.890625
Early stopping at epoch 41 with loss 4959.888671875
Reconstruction for fluence = 78475.99703514607 photons/pixel
Epoch 0: loss = 4357921280.0
Epoch 1: loss = 558488.0
Epoch 2: loss = 34720.6484375
Epoch 3: loss = 17823.904296875
Epoch 4: loss = 13585.056640625
Epoch 5: loss = 12446.9482421875
Epoch 6: loss = 12067.9970703125
Epoch 7: loss = 11905.9462890625
Epoch 8: loss = 11823.0078125
Epoch 9: loss = 11782.2080078125
Epoch 10: loss = 11760.5478515625
Epoch 11: loss = 11749.7724609375
Epoch 12: loss = 11744.44140625
Epoch 13: loss = 11741.4208984375
Epoch 14: loss = 11739.435546875
Epoch 15: loss = 11738.291015625
Epoch 16: loss = 11737.81640625
Epoch 17: loss = 11737.3671875
Epoch 18: loss = 11737.1474609375
Epoch 19: loss = 11736.9892578125
Epoch 20: loss = 11736.888671875
Epoch 21: loss = 11736.8134765625
Epoch 22: loss = 11736.775390625
Epoch 23: loss = 11736.7548828125
Epoch 24: loss = 11736.748046875
Epoch 25: loss = 11736.6962890625
Epoch 26: loss = 11736.7421875
Epoch 27: loss = 11736.7177734375
Epoch 28: loss = 11736.7138671875
Epoch 29: loss = 11736.7080078125
Epoch 30: loss = 11736.71875
Early stopping at epoch 30 with loss 11736.6962890625
Reconstruction for fluence = 183298.07108324335 photons/pixel
Epoch 0: loss = 23774689280.0
Epoch 1: loss = 3011352.5
Epoch 2: loss = 161631.421875
Epoch 3: loss = 59323.58984375
Epoch 4: loss = 38276.21484375
Epoch 5: loss = 31480.18359375
Epoch 6: loss = 29190.392578125
Epoch 7: loss = 28244.060546875
Epoch 8: loss = 27724.845703125
Epoch 9: loss = 27485.109375
Epoch 10: loss = 27375.662109375
Epoch 11: loss = 27322.302734375
Epoch 12: loss = 27295.443359375
Epoch 13: loss = 27280.673828125
Epoch 14: loss = 27270.287109375
Epoch 15: loss = 27264.65234375
Epoch 16: loss = 27261.228515625
Epoch 17: loss = 27259.4453125
Epoch 18: loss = 27258.453125
Epoch 19: loss = 27257.64453125
Epoch 20: loss = 27257.3203125
Epoch 21: loss = 27256.96875
Epoch 22: loss = 27256.736328125
Epoch 23: loss = 27256.765625
Epoch 24: loss = 27256.640625
Epoch 25: loss = 27256.595703125
Epoch 26: loss = 27256.548828125
Epoch 27: loss = 27256.544921875
Epoch 28: loss = 27256.576171875
Epoch 29: loss = 27256.5703125
Epoch 30: loss = 27256.568359375
Epoch 31: loss = 27256.482421875
Epoch 32: loss = 27256.5546875
Epoch 33: loss = 27256.525390625
Epoch 34: loss = 27256.591796875
Epoch 35: loss = 27256.5078125
Epoch 36: loss = 27256.533203125
Early stopping at epoch 36 with loss 27256.482421875
Reconstruction for fluence = 428133.2398719387 photons/pixel
Epoch 0: loss = 129707679744.0
Epoch 1: loss = 16336726.0
Epoch 2: loss = 784275.75
Epoch 3: loss = 250668.28125
Epoch 4: loss = 121337.734375
Epoch 5: loss = 84555.375
Epoch 6: loss = 73241.2109375
Epoch 7: loss = 68374.359375
Epoch 8: loss = 66000.0703125
Epoch 9: loss = 64787.05078125
Epoch 10: loss = 64182.03515625
Epoch 11: loss = 63905.81640625
Epoch 12: loss = 63761.34375
Epoch 13: loss = 63680.90625
Epoch 14: loss = 63627.2890625
Epoch 15: loss = 63597.484375
Epoch 16: loss = 63580.15625
Epoch 17: loss = 63570.55859375
Epoch 18: loss = 63564.31640625
Epoch 19: loss = 63560.6015625
Epoch 20: loss = 63558.671875
Epoch 21: loss = 63556.84375
Epoch 22: loss = 63556.234375
Epoch 23: loss = 63556.109375
Epoch 24: loss = 63555.31640625
Epoch 25: loss = 63555.5078125
Epoch 26: loss = 63555.19140625
Epoch 27: loss = 63555.34375
Epoch 28: loss = 63555.16796875
Epoch 29: loss = 63555.25390625
Epoch 30: loss = 63554.80859375
Epoch 31: loss = 63555.08984375
Epoch 32: loss = 63554.8359375
Epoch 33: loss = 63554.9765625
Epoch 34: loss = 63554.8984375
Epoch 35: loss = 63555.2734375
Early stopping at epoch 35 with loss 63554.80859375
Reconstruction for fluence = 1000000.0 photons/pixel
Epoch 0: loss = 707611852800.0
Epoch 1: loss = 88949352.0
Epoch 2: loss = 4193315.25
Epoch 3: loss = 1144065.5
Epoch 4: loss = 481593.28125
Epoch 5: loss = 269834.125
Epoch 6: loss = 205240.53125
Epoch 7: loss = 176930.234375
Epoch 8: loss = 162954.515625
Epoch 9: loss = 155963.671875
Epoch 10: loss = 152714.515625
Epoch 11: loss = 151228.796875
Epoch 12: loss = 150403.453125
Epoch 13: loss = 149934.203125
Epoch 14: loss = 149661.8125
Epoch 15: loss = 149500.5625
Epoch 16: loss = 149404.890625
Epoch 17: loss = 149358.078125
Epoch 18: loss = 149350.40625
Epoch 19: loss = 149321.6875
Epoch 20: loss = 149304.859375
Epoch 21: loss = 149297.5
Epoch 22: loss = 149289.59375
Epoch 23: loss = 149287.1875
Epoch 24: loss = 149283.796875
Epoch 25: loss = 149281.40625
Epoch 26: loss = 149281.953125
Epoch 27: loss = 149282.171875
Epoch 28: loss = 149279.671875
Epoch 29: loss = 149280.34375
Epoch 30: loss = 149279.828125
Epoch 31: loss = 149279.875
Epoch 32: loss = 149280.703125
Epoch 33: loss = 149279.875
Early stopping at epoch 33 with loss 149279.671875
Tensors initialization on device cuda
Multiprobe = band_lim
torch.Size([1, 64, 64])

('MSE', 'PoissonNLL') RECONSTRUCTIONS

Reconstruction for fluence = 0.09999999999999999 photons/pixel
Epoch 0: loss = 0.025385454297065735
Epoch 1: loss = 0.02537008933722973
Epoch 2: loss = 0.025354763492941856
Epoch 3: loss = 0.025339484214782715
Epoch 4: loss = 0.025324245914816856
Epoch 5: loss = 0.02530905045568943
Early stopping at epoch 5 with loss 0.025385454297065735
Epoch 0: loss = 0.06628184765577316
Epoch 1: loss = 0.04505788907408714
Epoch 2: loss = 0.044959817081689835
Epoch 3: loss = 0.0449475534260273
Epoch 4: loss = 0.04494163766503334
Epoch 5: loss = 0.04494117945432663
Epoch 6: loss = 0.04494117945432663
Epoch 7: loss = 0.04494117945432663
Epoch 8: loss = 0.04494117945432663
Early stopping at epoch 8 with loss 0.0449475534260273
Reconstruction for fluence = 0.23357214690901223 photons/pixel
Epoch 0: loss = 0.08155946433544159
Epoch 1: loss = 0.03590165823698044
Epoch 2: loss = 0.035856734961271286
Epoch 3: loss = 0.03585640341043472
Epoch 4: loss = 0.03585640341043472
Epoch 5: loss = 0.03585640341043472
Epoch 6: loss = 0.03585640341043472
Early stopping at epoch 6 with loss 0.03590165823698044
Epoch 0: loss = 0.0887746512889862
Epoch 1: loss = 0.07430227100849152
Epoch 2: loss = 0.07428274303674698
Epoch 3: loss = 0.07428214699029922
Epoch 4: loss = 0.07428214699029922
Epoch 5: loss = 0.07428214699029922
Epoch 6: loss = 0.07428214699029922
Early stopping at epoch 6 with loss 0.07430227100849152
Reconstruction for fluence = 0.5455594781168519 photons/pixel
Epoch 0: loss = 0.3121930956840515
Epoch 1: loss = 0.08290939033031464
Epoch 2: loss = 0.08271239697933197
Epoch 3: loss = 0.08270736783742905
Epoch 4: loss = 0.08270730823278427
Epoch 5: loss = 0.08270730823278427
Epoch 6: loss = 0.08270730823278427
Epoch 7: loss = 0.08270730823278427
Early stopping at epoch 7 with loss 0.08271239697933197
Epoch 0: loss = 0.11368828266859055
Epoch 1: loss = 0.09266694635152817
Epoch 2: loss = 0.09262672811746597
Epoch 3: loss = 0.09262320399284363
Epoch 4: loss = 0.09262104332447052
Epoch 5: loss = 0.09262104332447052
Epoch 6: loss = 0.09262104332447052
Early stopping at epoch 6 with loss 0.09266694635152817
Reconstruction for fluence = 1.2742749857031335 photons/pixel
Epoch 0: loss = 1.4043413400650024
Epoch 1: loss = 0.19291764497756958
Epoch 2: loss = 0.1921541541814804
Epoch 3: loss = 0.1921294778585434
Epoch 4: loss = 0.19212883710861206
Epoch 5: loss = 0.19212877750396729
Epoch 6: loss = 0.19212877750396729
Epoch 7: loss = 0.1921287626028061
Early stopping at epoch 7 with loss 0.1921541541814804
Epoch 0: loss = 0.05716235563158989
Epoch 1: loss = 0.025128023698925972
Epoch 2: loss = 0.025067469105124474
Epoch 3: loss = 0.02506093494594097
Epoch 4: loss = 0.025054527446627617
Epoch 5: loss = 0.02505415305495262
Epoch 6: loss = 0.025053778663277626
Early stopping at epoch 6 with loss 0.025128023698925972
Reconstruction for fluence = 2.976351441631318 photons/pixel
Epoch 0: loss = 6.917344570159912
Epoch 1: loss = 0.44529348611831665
Epoch 2: loss = 0.44267576932907104
Epoch 3: loss = 0.44256311655044556
Epoch 4: loss = 0.4425559937953949
Epoch 5: loss = 0.44255492091178894
Epoch 6: loss = 0.44255462288856506
Epoch 7: loss = 0.44255462288856506
Epoch 8: loss = 0.4425545930862427
Early stopping at epoch 8 with loss 0.44256311655044556
Epoch 0: loss = -0.3581415116786957
Epoch 1: loss = -0.40107598900794983
Epoch 2: loss = -0.4012497663497925
Epoch 3: loss = -0.4012858271598816
Epoch 4: loss = -0.40129202604293823
Epoch 5: loss = -0.4012943506240845
Epoch 6: loss = -0.4012947082519531
Epoch 7: loss = -0.40129563212394714
Early stopping at epoch 7 with loss -0.4012497663497925
Reconstruction for fluence = 6.9519279617756045 photons/pixel
Epoch 0: loss = 36.075477600097656
Epoch 1: loss = 1.052207350730896
Epoch 2: loss = 1.0417424440383911
Epoch 3: loss = 1.0411136150360107
Epoch 4: loss = 1.041051983833313
Epoch 5: loss = 1.0410468578338623
Epoch 6: loss = 1.0410466194152832
Epoch 7: loss = 1.041046142578125
Epoch 8: loss = 1.041046142578125
Early stopping at epoch 8 with loss 1.0411136150360107
Epoch 0: loss = -1.9495677947998047
Epoch 1: loss = -2.011012077331543
Epoch 2: loss = -2.0112204551696777
Epoch 3: loss = -2.0112740993499756
Epoch 4: loss = -2.0112767219543457
Epoch 5: loss = -2.0112833976745605
Epoch 6: loss = -2.0112838745117188
Epoch 7: loss = -2.011284351348877
Early stopping at epoch 7 with loss -2.0112204551696777
Reconstruction for fluence = 16.23776739188721 photons/pixel
Epoch 0: loss = 192.91934204101562
Epoch 1: loss = 2.3599894046783447
Epoch 2: loss = 2.3211681842803955
Epoch 3: loss = 2.3182108402252197
Epoch 4: loss = 2.3178491592407227
Epoch 5: loss = 2.3177871704101562
Epoch 6: loss = 2.317781448364258
Epoch 7: loss = 2.3177783489227295
Epoch 8: loss = 2.317777633666992
Epoch 9: loss = 2.317777395248413
Early stopping at epoch 9 with loss 2.3178491592407227
Epoch 0: loss = -7.139866828918457
Epoch 1: loss = -7.218240261077881
Epoch 2: loss = -7.218625068664551
Epoch 3: loss = -7.218647480010986
Epoch 4: loss = -7.21866512298584
Epoch 5: loss = -7.218670845031738
Epoch 6: loss = -7.218672752380371
Epoch 7: loss = -7.218693733215332
Early stopping at epoch 7 with loss -7.218625068664551
Reconstruction for fluence = 37.926901907322495 photons/pixel
Epoch 0: loss = 1039.8670654296875
Epoch 1: loss = 5.612939834594727
Epoch 2: loss = 5.47564172744751
Epoch 3: loss = 5.465821266174316
Epoch 4: loss = 5.464126110076904
Epoch 5: loss = 5.463786602020264
Epoch 6: loss = 5.463711261749268
Epoch 7: loss = 5.463691234588623
Epoch 8: loss = 5.463690280914307
Epoch 9: loss = 5.463688850402832
Epoch 10: loss = 5.463687896728516
Early stopping at epoch 10 with loss 5.463786602020264
Epoch 0: loss = -22.698375701904297
Epoch 1: loss = -22.798545837402344
Epoch 2: loss = -22.79890251159668
Epoch 3: loss = -22.798908233642578
Epoch 4: loss = -22.798912048339844
Epoch 5: loss = -22.798913955688477
Epoch 6: loss = -22.798917770385742
Epoch 7: loss = -22.798917770385742
Early stopping at epoch 7 with loss -22.79890251159668
Reconstruction for fluence = 88.58667904100822 photons/pixel
Epoch 0: loss = 5675.77099609375
Epoch 1: loss = 13.721489906311035
Epoch 2: loss = 13.135262489318848
Epoch 3: loss = 13.094719886779785
Epoch 4: loss = 13.086877822875977
Epoch 5: loss = 13.08482837677002
Epoch 6: loss = 13.08430004119873
Epoch 7: loss = 13.08414363861084
Epoch 8: loss = 13.084036827087402
Epoch 9: loss = 13.08401870727539
Epoch 10: loss = 13.08401107788086
Epoch 11: loss = 13.08400821685791
Epoch 12: loss = 13.084001541137695
Epoch 13: loss = 13.083998680114746
Early stopping at epoch 13 with loss 13.084036827087402
Epoch 0: loss = -66.73764038085938
Epoch 1: loss = -66.87031555175781
Epoch 2: loss = -66.87049102783203
Epoch 3: loss = -66.87052917480469
Epoch 4: loss = -66.87052917480469
Epoch 5: loss = -66.87053680419922
Epoch 6: loss = -66.87053680419922
Epoch 7: loss = -66.87053680419922
Early stopping at epoch 7 with loss -66.87049102783203
Reconstruction for fluence = 206.9138081114788 photons/pixel
Epoch 0: loss = 30892.91015625
Epoch 1: loss = 32.20232391357422
Epoch 2: loss = 29.432920455932617
Epoch 3: loss = 29.29164695739746
Epoch 4: loss = 29.259565353393555
Epoch 5: loss = 29.250776290893555
Epoch 6: loss = 29.247034072875977
Epoch 7: loss = 29.24596405029297
Epoch 8: loss = 29.245468139648438
Epoch 9: loss = 29.24526023864746
Epoch 10: loss = 29.245214462280273
Epoch 11: loss = 29.24518585205078
Epoch 12: loss = 29.245166778564453
Epoch 13: loss = 29.24515151977539
Epoch 14: loss = 29.24515151977539
Epoch 0: loss = -188.23971557617188
Epoch 1: loss = -188.41107177734375
Epoch 2: loss = -188.41114807128906
Epoch 3: loss = -188.41114807128906
Epoch 4: loss = -188.41114807128906
Epoch 5: loss = -188.41116333007812
Epoch 6: loss = -188.41119384765625
Epoch 7: loss = -188.41119384765625
Epoch 8: loss = -188.41119384765625
Epoch 9: loss = -188.41119384765625
Epoch 10: loss = -188.41119384765625
Epoch 11: loss = -188.41119384765625
Early stopping at epoch 11 with loss -188.41119384765625
Reconstruction for fluence = 483.2930238571752 photons/pixel
Epoch 0: loss = 168420.15625
Epoch 1: loss = 84.4542007446289
Epoch 2: loss = 71.39962005615234
Epoch 3: loss = 70.83068084716797
Epoch 4: loss = 70.70297241210938
Epoch 5: loss = 70.6623306274414
Epoch 6: loss = 70.65022277832031
Epoch 7: loss = 70.64424896240234
Epoch 8: loss = 70.6417465209961
Epoch 9: loss = 70.64065551757812
Epoch 10: loss = 70.640380859375
Epoch 11: loss = 70.64018249511719
Epoch 12: loss = 70.6401138305664
Epoch 13: loss = 70.63997650146484
Epoch 14: loss = 70.63993072509766
Epoch 0: loss = -515.2592163085938
Epoch 1: loss = -515.4569702148438
Epoch 2: loss = -515.45703125
Epoch 3: loss = -515.45703125
Epoch 4: loss = -515.45703125
Epoch 5: loss = -515.45703125
Epoch 6: loss = -515.4570922851562
Early stopping at epoch 6 with loss -515.4569702148438
Reconstruction for fluence = 1128.8378916846884 photons/pixel
Epoch 0: loss = 918533.1875
Epoch 1: loss = 233.77699279785156
Epoch 2: loss = 166.9569549560547
Epoch 3: loss = 164.60975646972656
Epoch 4: loss = 164.10279846191406
Epoch 5: loss = 163.9346923828125
Epoch 6: loss = 163.87725830078125
Epoch 7: loss = 163.8509979248047
Epoch 8: loss = 163.8382110595703
Epoch 9: loss = 163.83204650878906
Epoch 10: loss = 163.8288116455078
Epoch 11: loss = 163.8275604248047
Epoch 12: loss = 163.82725524902344
Epoch 13: loss = 163.8271484375
Epoch 14: loss = 163.82659912109375
Epoch 0: loss = -1379.4359130859375
Epoch 1: loss = -1379.6485595703125
Epoch 2: loss = -1379.648681640625
Epoch 3: loss = -1379.648681640625
Epoch 4: loss = -1379.648681640625
Epoch 5: loss = -1379.648681640625
Epoch 6: loss = -1379.648681640625
Early stopping at epoch 6 with loss -1379.6485595703125
Reconstruction for fluence = 2636.6508987303555 photons/pixel
Epoch 0: loss = 5007228.5
Epoch 1: loss = 747.3282470703125
Epoch 2: loss = 392.96600341796875
Epoch 3: loss = 381.17681884765625
Epoch 4: loss = 378.29681396484375
Epoch 5: loss = 377.4613952636719
Epoch 6: loss = 377.1908264160156
Epoch 7: loss = 377.076171875
Epoch 8: loss = 377.0230712890625
Epoch 9: loss = 376.9964904785156
Epoch 10: loss = 376.9829406738281
Epoch 11: loss = 376.9761047363281
Epoch 12: loss = 376.97344970703125
Epoch 13: loss = 376.971923828125
Epoch 14: loss = 376.9716491699219
Epoch 0: loss = -3634.555419921875
Epoch 1: loss = -3634.793212890625
Epoch 2: loss = -3634.793212890625
Epoch 3: loss = -3634.793212890625
Epoch 4: loss = -3634.7939453125
Epoch 5: loss = -3634.7939453125
Epoch 6: loss = -3634.7939453125
Epoch 7: loss = -3634.7939453125
Epoch 8: loss = -3634.7939453125
Epoch 9: loss = -3634.7939453125
Early stopping at epoch 9 with loss -3634.7939453125
Reconstruction for fluence = 6158.482110660255 photons/pixel
Epoch 0: loss = 27326996.0
Epoch 1: loss = 2898.867919921875
Epoch 2: loss = 983.2763061523438
Epoch 3: loss = 923.099853515625
Epoch 4: loss = 909.52392578125
Epoch 5: loss = 905.4149169921875
Epoch 6: loss = 904.247802734375
Epoch 7: loss = 903.4710693359375
Epoch 8: loss = 903.1701049804688
Epoch 9: loss = 903.007568359375
Epoch 10: loss = 902.9273071289062
Epoch 11: loss = 902.888916015625
Epoch 12: loss = 902.870849609375
Epoch 13: loss = 902.8597412109375
Epoch 14: loss = 902.8580932617188
Epoch 0: loss = -9446.65234375
Epoch 1: loss = -9446.8994140625
Epoch 2: loss = -9446.8994140625
Epoch 3: loss = -9446.8994140625
Epoch 4: loss = -9446.8994140625
Epoch 5: loss = -9446.8994140625
Epoch 6: loss = -9446.8994140625
Early stopping at epoch 6 with loss -9446.8994140625
Reconstruction for fluence = 14384.498882876629 photons/pixel
Epoch 0: loss = 149062752.0
Epoch 1: loss = 12972.5810546875
Epoch 2: loss = 2557.636474609375
Epoch 3: loss = 2218.43798828125
Epoch 4: loss = 2149.400146484375
Epoch 5: loss = 2123.33642578125
Epoch 6: loss = 2116.171142578125
Epoch 7: loss = 2112.736572265625
Epoch 8: loss = 2111.189697265625
Epoch 9: loss = 2110.42822265625
Epoch 10: loss = 2110.046630859375
Epoch 11: loss = 2109.87060546875
Epoch 12: loss = 2109.776123046875
Epoch 13: loss = 2109.723876953125
Epoch 14: loss = 2109.6904296875
Epoch 0: loss = -24305.37890625
Epoch 1: loss = -24305.642578125
Epoch 2: loss = -24305.642578125
Epoch 3: loss = -24305.642578125
Epoch 4: loss = -24305.642578125
Epoch 5: loss = -24305.642578125
Epoch 6: loss = -24305.642578125
Early stopping at epoch 6 with loss -24305.642578125
Reconstruction for fluence = 33598.18286283781 photons/pixel
Epoch 0: loss = 813264704.0
Epoch 1: loss = 64314.22265625
Epoch 2: loss = 7248.8623046875
Epoch 3: loss = 5475.0302734375
Epoch 4: loss = 5096.4814453125
Epoch 5: loss = 4975.85693359375
Epoch 6: loss = 4938.88134765625
Epoch 7: loss = 4920.9072265625
Epoch 8: loss = 4913.109375
Epoch 9: loss = 4909.4814453125
Epoch 10: loss = 4907.705078125
Epoch 11: loss = 4906.89013671875
Epoch 12: loss = 4906.46337890625
Epoch 13: loss = 4906.2275390625
Epoch 14: loss = 4906.154296875
Epoch 0: loss = -62008.32421875
Epoch 1: loss = -62008.58203125
Epoch 2: loss = -62008.58203125
Epoch 3: loss = -62008.5859375
Epoch 4: loss = -62008.5859375
Epoch 5: loss = -62008.5859375
Epoch 6: loss = -62008.5859375
Epoch 7: loss = -62008.5859375
Epoch 8: loss = -62008.5859375
Early stopping at epoch 8 with loss -62008.5859375
Reconstruction for fluence = 78475.99703514607 photons/pixel
Epoch 0: loss = 4436639744.0
Epoch 1: loss = 334346.78125
Epoch 2: loss = 24379.357421875
Epoch 3: loss = 14499.404296875
Epoch 4: loss = 12429.37890625
Epoch 5: loss = 11712.67578125
Epoch 6: loss = 11510.818359375
Epoch 7: loss = 11422.2880859375
Epoch 8: loss = 11382.28125
Epoch 9: loss = 11361.859375
Epoch 10: loss = 11352.0576171875
Epoch 11: loss = 11347.5625
Epoch 12: loss = 11345.13671875
Epoch 13: loss = 11343.7373046875
Epoch 14: loss = 11342.94921875
Epoch 0: loss = -157062.796875
Epoch 1: loss = -157063.0625
Epoch 2: loss = -157063.0625
Epoch 3: loss = -157063.0625
Epoch 4: loss = -157063.0625
Epoch 5: loss = -157063.0625
Epoch 6: loss = -157063.0625
Early stopping at epoch 6 with loss -157063.0625
Reconstruction for fluence = 183298.07108324335 photons/pixel
Epoch 0: loss = 24207001600.0
Epoch 1: loss = 1788047.625
Epoch 2: loss = 96728.4296875
Epoch 3: loss = 44036.296875
Epoch 4: loss = 32402.158203125
Epoch 5: loss = 28808.63671875
Epoch 6: loss = 27725.783203125
Epoch 7: loss = 27213.94921875
Epoch 8: loss = 26992.80078125
Epoch 9: loss = 26851.376953125
Epoch 10: loss = 26791.26953125
Epoch 11: loss = 26764.31640625
Epoch 12: loss = 26751.169921875
Epoch 13: loss = 26743.357421875
Epoch 14: loss = 26738.63671875
Epoch 0: loss = -395397.21875
Epoch 1: loss = -395397.46875
Epoch 2: loss = -395397.46875
Epoch 3: loss = -395397.46875
Epoch 4: loss = -395397.46875
Epoch 5: loss = -395397.46875
Epoch 6: loss = -395397.46875
Early stopping at epoch 6 with loss -395397.46875
Reconstruction for fluence = 428133.2398719387 photons/pixel
Epoch 0: loss = 132058185728.0
Epoch 1: loss = 9658006.0
Epoch 2: loss = 442974.125
Epoch 3: loss = 151795.1875
Epoch 4: loss = 92796.75
Epoch 5: loss = 73668.15625
Epoch 6: loss = 67276.4375
Epoch 7: loss = 64530.51953125
Epoch 8: loss = 63184.29296875
Epoch 9: loss = 62496.51953125
Epoch 10: loss = 62179.67578125
Epoch 11: loss = 62016.12109375
Epoch 12: loss = 61940.23828125
Epoch 13: loss = 61894.48828125
Epoch 14: loss = 61867.18359375
Epoch 0: loss = -990256.3125
Epoch 1: loss = -990256.625
Epoch 2: loss = -990256.625
Epoch 3: loss = -990256.625
Epoch 4: loss = -990256.625
Epoch 5: loss = -990256.625
Epoch 6: loss = -990256.625
Early stopping at epoch 6 with loss -990256.625
Reconstruction for fluence = 1000000.0 photons/pixel
Epoch 0: loss = 720448716800.0
Epoch 1: loss = 52510280.0
Epoch 2: loss = 2226196.25
Epoch 3: loss = 655584.125
Epoch 4: loss = 314418.1875
Epoch 5: loss = 209794.15625
Epoch 6: loss = 175396.96875
Epoch 7: loss = 160104.890625
Epoch 8: loss = 152868.953125
Epoch 9: loss = 149459.078125
Epoch 10: loss = 147794.265625
Epoch 11: loss = 147046.390625
Epoch 12: loss = 146668.828125
Epoch 13: loss = 146428.0
Epoch 14: loss = 146286.328125
Epoch 0: loss = -2468793.5
Epoch 1: loss = -2468793.75
Epoch 2: loss = -2468793.75
Epoch 3: loss = -2468793.75
Epoch 4: loss = -2468793.75
Epoch 5: loss = -2468793.75
Epoch 6: loss = -2468793.75
Early stopping at epoch 6 with loss -2468793.75
Simulation for steps_size=10 and n_fluences=20 completed!
