Running simulation for steps_size=14 and n_fluences=20
Steps size: 14
Tensors initialization on device cuda
Multiprobe = None

('MSE', None) RECONSTRUCTIONS

Reconstruction for fluence = 0.09999999999999999 photons/pixel
Epoch 0: loss = 0.05140088126063347
Epoch 1: loss = 0.030294375494122505
Epoch 2: loss = 0.030123500153422356
Epoch 3: loss = 0.030063223093748093
Epoch 4: loss = 0.030031215399503708
Epoch 5: loss = 0.030030006542801857
Epoch 6: loss = 0.030030006542801857
Epoch 7: loss = 0.030030006542801857
Early stopping at epoch 7 with loss 0.030123500153422356
Reconstruction for fluence = 0.23357214690901223 photons/pixel
Epoch 0: loss = 0.15721306204795837
Epoch 1: loss = 0.0676075741648674
Epoch 2: loss = 0.06748970597982407
Epoch 3: loss = 0.06748082488775253
Epoch 4: loss = 0.06742984801530838
Epoch 5: loss = 0.0674278661608696
Epoch 6: loss = 0.0674278661608696
Epoch 7: loss = 0.0674278661608696
Early stopping at epoch 7 with loss 0.06748970597982407
Reconstruction for fluence = 0.5455594781168519 photons/pixel
Epoch 0: loss = 0.5919730067253113
Epoch 1: loss = 0.1501840054988861
Epoch 2: loss = 0.14990045130252838
Epoch 3: loss = 0.14988653361797333
Epoch 4: loss = 0.14988595247268677
Epoch 5: loss = 0.1498858630657196
Epoch 6: loss = 0.14988583326339722
Epoch 7: loss = 0.14988580346107483
Early stopping at epoch 7 with loss 0.14990045130252838
Reconstruction for fluence = 1.2742749857031335 photons/pixel
Epoch 0: loss = 2.6259102821350098
Epoch 1: loss = 0.3564421236515045
Epoch 2: loss = 0.35528358817100525
Epoch 3: loss = 0.35524982213974
Epoch 4: loss = 0.3552480638027191
Epoch 5: loss = 0.3552480638027191
Epoch 6: loss = 0.35524803400039673
Epoch 7: loss = 0.35524803400039673
Early stopping at epoch 7 with loss 0.35528358817100525
Reconstruction for fluence = 2.976351441631318 photons/pixel
Epoch 0: loss = 12.9166841506958
Epoch 1: loss = 0.832638144493103
Epoch 2: loss = 0.82779860496521
Epoch 3: loss = 0.8276109099388123
Epoch 4: loss = 0.8275958299636841
Epoch 5: loss = 0.8275947570800781
Epoch 6: loss = 0.8275942802429199
Epoch 7: loss = 0.8275941014289856
Epoch 8: loss = 0.827593982219696
Early stopping at epoch 8 with loss 0.8276109099388123
Reconstruction for fluence = 6.9519279617756045 photons/pixel
Epoch 0: loss = 67.87284851074219
Epoch 1: loss = 1.976062297821045
Epoch 2: loss = 1.9501863718032837
Epoch 3: loss = 1.9490941762924194
Epoch 4: loss = 1.9489812850952148
Epoch 5: loss = 1.9489669799804688
Epoch 6: loss = 1.948962926864624
Epoch 7: loss = 1.948962688446045
Epoch 8: loss = 1.948962688446045
Epoch 9: loss = 1.9489622116088867
Early stopping at epoch 9 with loss 1.9489812850952148
Reconstruction for fluence = 16.23776739188721 photons/pixel
Epoch 0: loss = 360.5875244140625
Epoch 1: loss = 4.498022556304932
Epoch 2: loss = 4.391915798187256
Epoch 3: loss = 4.385350227355957
Epoch 4: loss = 4.384649276733398
Epoch 5: loss = 4.384530544281006
Epoch 6: loss = 4.384509086608887
Epoch 7: loss = 4.3845086097717285
Epoch 8: loss = 4.3845062255859375
Epoch 9: loss = 4.3845062255859375
Epoch 10: loss = 4.384504795074463
Early stopping at epoch 10 with loss 4.384530544281006
Reconstruction for fluence = 37.926901907322495 photons/pixel
Epoch 0: loss = 1952.842041015625
Epoch 1: loss = 10.852066040039062
Epoch 2: loss = 10.283137321472168
Epoch 3: loss = 10.246801376342773
Epoch 4: loss = 10.242619514465332
Epoch 5: loss = 10.241795539855957
Epoch 6: loss = 10.241650581359863
Epoch 7: loss = 10.241582870483398
Epoch 8: loss = 10.2415771484375
Epoch 9: loss = 10.241567611694336
Epoch 10: loss = 10.241555213928223
Epoch 11: loss = 10.241552352905273
Early stopping at epoch 11 with loss 10.241650581359863
Reconstruction for fluence = 88.58667904100822 photons/pixel
Epoch 0: loss = 10601.4189453125
Epoch 1: loss = 26.28205108642578
Epoch 2: loss = 23.64662742614746
Epoch 3: loss = 23.472944259643555
Epoch 4: loss = 23.44709014892578
Epoch 5: loss = 23.440988540649414
Epoch 6: loss = 23.439382553100586
Epoch 7: loss = 23.43878936767578
Epoch 8: loss = 23.43878936767578
Epoch 9: loss = 23.438533782958984
Epoch 10: loss = 23.4384765625
Epoch 11: loss = 23.438467025756836
Epoch 12: loss = 23.438451766967773
Epoch 13: loss = 23.438451766967773
Epoch 14: loss = 23.43843650817871
Early stopping at epoch 14 with loss 23.438533782958984
Reconstruction for fluence = 206.9138081114788 photons/pixel
Epoch 0: loss = 57717.6875
Epoch 1: loss = 66.47504425048828
Epoch 2: loss = 55.094642639160156
Epoch 3: loss = 54.25194549560547
Epoch 4: loss = 54.10813522338867
Epoch 5: loss = 54.07080078125
Epoch 6: loss = 54.061248779296875
Epoch 7: loss = 54.05752182006836
Epoch 8: loss = 54.05575180053711
Epoch 9: loss = 54.05493927001953
Epoch 10: loss = 54.05459976196289
Epoch 11: loss = 54.0544319152832
Epoch 12: loss = 54.054412841796875
Epoch 13: loss = 54.05438232421875
Epoch 14: loss = 54.05438232421875
Epoch 15: loss = 54.05436325073242
Epoch 16: loss = 54.05435562133789
Early stopping at epoch 16 with loss 54.0544319152832
Reconstruction for fluence = 483.2930238571752 photons/pixel
Epoch 0: loss = 314324.28125
Epoch 1: loss = 191.4793701171875
Epoch 2: loss = 132.57870483398438
Epoch 3: loss = 128.18325805664062
Epoch 4: loss = 127.45270538330078
Epoch 5: loss = 127.24747467041016
Epoch 6: loss = 127.18551635742188
Epoch 7: loss = 127.1599349975586
Epoch 8: loss = 127.1483383178711
Epoch 9: loss = 127.14261627197266
Epoch 10: loss = 127.13986206054688
Epoch 11: loss = 127.13863372802734
Epoch 12: loss = 127.13832092285156
Epoch 13: loss = 127.13790893554688
Epoch 14: loss = 127.13773345947266
Epoch 15: loss = 127.13773345947266
Epoch 16: loss = 127.1376724243164
Epoch 17: loss = 127.1374740600586
Epoch 18: loss = 127.13739776611328
Epoch 19: loss = 127.1373519897461
Epoch 20: loss = 127.1373519897461
Epoch 21: loss = 127.13729858398438
Epoch 22: loss = 127.13729858398438
Epoch 23: loss = 127.13729095458984
Epoch 24: loss = 127.13729095458984
Early stopping at epoch 24 with loss 127.1373519897461
Reconstruction for fluence = 1128.8378916846884 photons/pixel
Epoch 0: loss = 1714962.5
Epoch 1: loss = 633.689453125
Epoch 2: loss = 321.4786376953125
Epoch 3: loss = 299.77508544921875
Epoch 4: loss = 295.5232238769531
Epoch 5: loss = 294.42987060546875
Epoch 6: loss = 294.0794372558594
Epoch 7: loss = 293.94647216796875
Epoch 8: loss = 293.85906982421875
Epoch 9: loss = 293.828369140625
Epoch 10: loss = 293.8130798339844
Epoch 11: loss = 293.8053894042969
Epoch 12: loss = 293.80120849609375
Epoch 13: loss = 293.7986145019531
Epoch 14: loss = 293.7981872558594
Epoch 15: loss = 293.7966613769531
Epoch 16: loss = 293.79656982421875
Epoch 17: loss = 293.7963562011719
Epoch 18: loss = 293.7962951660156
Epoch 19: loss = 293.7960510253906
Epoch 20: loss = 293.79595947265625
Epoch 21: loss = 293.7957458496094
Epoch 22: loss = 293.7956848144531
Epoch 23: loss = 293.795654296875
Epoch 24: loss = 293.795654296875
Epoch 25: loss = 293.7956237792969
Epoch 26: loss = 293.7953796386719
Epoch 27: loss = 293.79534912109375
Epoch 28: loss = 293.7951965332031
Epoch 29: loss = 293.79522705078125
Epoch 30: loss = 293.7950439453125
Epoch 31: loss = 293.79498291015625
Epoch 32: loss = 293.7950439453125
Epoch 33: loss = 293.79498291015625
Epoch 34: loss = 293.794921875
Epoch 35: loss = 293.794921875
Epoch 36: loss = 293.794921875
Epoch 37: loss = 293.794921875
Epoch 38: loss = 293.794921875
Epoch 39: loss = 293.7948913574219
Early stopping at epoch 39 with loss 293.794921875
Reconstruction for fluence = 2636.6508987303555 photons/pixel
Epoch 0: loss = 9360397.0
Epoch 1: loss = 2496.670166015625
Epoch 2: loss = 825.4180908203125
Epoch 3: loss = 718.6588134765625
Epoch 4: loss = 697.9127197265625
Epoch 5: loss = 691.5814208984375
Epoch 6: loss = 689.69921875
Epoch 7: loss = 688.9893798828125
Epoch 8: loss = 688.644775390625
Epoch 9: loss = 688.4819946289062
Epoch 10: loss = 688.3955078125
Epoch 11: loss = 688.3529663085938
Epoch 12: loss = 688.33154296875
Epoch 13: loss = 688.3175659179688
Epoch 14: loss = 688.3090209960938
Epoch 15: loss = 688.3045043945312
Epoch 16: loss = 688.3009033203125
Epoch 17: loss = 688.300048828125
Epoch 18: loss = 688.2999877929688
Epoch 19: loss = 688.2993774414062
Epoch 20: loss = 688.2982788085938
Epoch 21: loss = 688.2978515625
Epoch 22: loss = 688.2971801757812
Epoch 23: loss = 688.2969970703125
Epoch 24: loss = 688.2969970703125
Epoch 25: loss = 688.2965698242188
Epoch 26: loss = 688.29638671875
Epoch 27: loss = 688.2962646484375
Epoch 28: loss = 688.2960815429688
Epoch 29: loss = 688.2962646484375
Epoch 30: loss = 688.2958984375
Epoch 31: loss = 688.2958984375
Epoch 32: loss = 688.2958374023438
Epoch 33: loss = 688.2960205078125
Epoch 34: loss = 688.2958984375
Epoch 35: loss = 688.2957153320312
Epoch 36: loss = 688.2955932617188
Epoch 37: loss = 688.2955322265625
Epoch 38: loss = 688.2958374023438
Epoch 39: loss = 688.2954711914062
Epoch 40: loss = 688.2955932617188
Epoch 41: loss = 688.2957763671875
Epoch 42: loss = 688.2957763671875
Early stopping at epoch 42 with loss 688.2955322265625
Reconstruction for fluence = 6158.482110660255 photons/pixel
Epoch 0: loss = 51044324.0
Epoch 1: loss = 11596.21875
Epoch 2: loss = 2377.431396484375
Epoch 3: loss = 1809.2684326171875
Epoch 4: loss = 1703.0118408203125
Epoch 5: loss = 1672.6011962890625
Epoch 6: loss = 1662.9481201171875
Epoch 7: loss = 1658.5423583984375
Epoch 8: loss = 1656.5816650390625
Epoch 9: loss = 1655.533447265625
Epoch 10: loss = 1655.0218505859375
Epoch 11: loss = 1654.7784423828125
Epoch 12: loss = 1654.66748046875
Epoch 13: loss = 1654.5643310546875
Epoch 14: loss = 1654.5084228515625
Epoch 15: loss = 1654.4761962890625
Epoch 16: loss = 1654.45703125
Epoch 17: loss = 1654.451171875
Epoch 18: loss = 1654.4453125
Epoch 19: loss = 1654.445556640625
Epoch 20: loss = 1654.441162109375
Epoch 21: loss = 1654.437744140625
Epoch 22: loss = 1654.4368896484375
Epoch 23: loss = 1654.435302734375
Epoch 24: loss = 1654.433349609375
Epoch 25: loss = 1654.4332275390625
Epoch 26: loss = 1654.43115234375
Epoch 27: loss = 1654.431884765625
Epoch 28: loss = 1654.43115234375
Epoch 29: loss = 1654.43212890625
Epoch 30: loss = 1654.4320068359375
Epoch 31: loss = 1654.43115234375
Early stopping at epoch 31 with loss 1654.43115234375
Reconstruction for fluence = 14384.498882876629 photons/pixel
Epoch 0: loss = 278477824.0
Epoch 1: loss = 57486.859375
Epoch 2: loss = 8036.2841796875
Epoch 3: loss = 4737.45458984375
Epoch 4: loss = 4134.83154296875
Epoch 5: loss = 3935.95654296875
Epoch 6: loss = 3875.309326171875
Epoch 7: loss = 3850.8642578125
Epoch 8: loss = 3839.78466796875
Epoch 9: loss = 3833.74560546875
Epoch 10: loss = 3830.58544921875
Epoch 11: loss = 3828.762939453125
Epoch 12: loss = 3827.933349609375
Epoch 13: loss = 3827.36376953125
Epoch 14: loss = 3827.0234375
Epoch 15: loss = 3826.8310546875
Epoch 16: loss = 3826.72314453125
Epoch 17: loss = 3826.666748046875
Epoch 18: loss = 3826.629638671875
Epoch 19: loss = 3826.61083984375
Epoch 20: loss = 3826.609619140625
Epoch 21: loss = 3826.59521484375
Epoch 22: loss = 3826.5810546875
Epoch 23: loss = 3826.572021484375
Epoch 24: loss = 3826.570556640625
Epoch 25: loss = 3826.568115234375
Epoch 26: loss = 3826.56396484375
Epoch 27: loss = 3826.560791015625
Epoch 28: loss = 3826.56494140625
Epoch 29: loss = 3826.561279296875
Epoch 30: loss = 3826.560546875
Epoch 31: loss = 3826.561767578125
Epoch 32: loss = 3826.559326171875
Epoch 33: loss = 3826.561767578125
Epoch 34: loss = 3826.55908203125
Epoch 35: loss = 3826.55615234375
Epoch 36: loss = 3826.5576171875
Epoch 37: loss = 3826.556884765625
Epoch 38: loss = 3826.556396484375
Epoch 39: loss = 3826.556884765625
Epoch 40: loss = 3826.559326171875
Early stopping at epoch 40 with loss 3826.55615234375
Reconstruction for fluence = 33598.18286283781 photons/pixel
Epoch 0: loss = 1519420544.0
Epoch 1: loss = 304037.625
Epoch 2: loss = 28817.9453125
Epoch 3: loss = 13129.8798828125
Epoch 4: loss = 10153.5419921875
Epoch 5: loss = 9151.279296875
Epoch 6: loss = 8866.72265625
Epoch 7: loss = 8751.1025390625
Epoch 8: loss = 8698.771484375
Epoch 9: loss = 8671.9384765625
Epoch 10: loss = 8657.2421875
Epoch 11: loss = 8649.9375
Epoch 12: loss = 8646.037109375
Epoch 13: loss = 8643.6650390625
Epoch 14: loss = 8642.2451171875
Epoch 15: loss = 8641.3623046875
Epoch 16: loss = 8640.8701171875
Epoch 17: loss = 8640.611328125
Epoch 18: loss = 8640.42578125
Epoch 19: loss = 8640.33203125
Epoch 20: loss = 8640.27734375
Epoch 21: loss = 8640.2451171875
Epoch 22: loss = 8640.240234375
Epoch 23: loss = 8640.2294921875
Epoch 24: loss = 8640.220703125
Epoch 25: loss = 8640.18359375
Epoch 26: loss = 8640.171875
Epoch 27: loss = 8640.1533203125
Epoch 28: loss = 8640.140625
Epoch 29: loss = 8640.142578125
Epoch 30: loss = 8640.142578125
Epoch 31: loss = 8640.134765625
Epoch 32: loss = 8640.130859375
Epoch 33: loss = 8640.130859375
Epoch 34: loss = 8640.125
Epoch 35: loss = 8640.134765625
Epoch 36: loss = 8640.12109375
Epoch 37: loss = 8640.1220703125
Epoch 38: loss = 8640.1220703125
Epoch 39: loss = 8640.126953125
Epoch 40: loss = 8640.1220703125
Epoch 41: loss = 8640.1376953125
Early stopping at epoch 41 with loss 8640.12109375
Reconstruction for fluence = 78475.99703514607 photons/pixel
Epoch 0: loss = 8288564736.0
Epoch 1: loss = 1624129.875
Epoch 2: loss = 143993.375
Epoch 3: loss = 48361.16796875
Epoch 4: loss = 28814.93359375
Epoch 5: loss = 23262.384765625
Epoch 6: loss = 21531.75390625
Epoch 7: loss = 20813.240234375
Epoch 8: loss = 20514.85546875
Epoch 9: loss = 20353.826171875
Epoch 10: loss = 20263.83984375
Epoch 11: loss = 20220.4765625
Epoch 12: loss = 20198.955078125
Epoch 13: loss = 20185.12890625
Epoch 14: loss = 20177.056640625
Epoch 15: loss = 20171.98046875
Epoch 16: loss = 20169.14453125
Epoch 17: loss = 20167.541015625
Epoch 18: loss = 20167.376953125
Epoch 19: loss = 20166.296875
Epoch 20: loss = 20165.607421875
Epoch 21: loss = 20165.49609375
Epoch 22: loss = 20165.19140625
Epoch 23: loss = 20165.0390625
Epoch 24: loss = 20164.892578125
Epoch 25: loss = 20164.740234375
Epoch 26: loss = 20164.6875
Epoch 27: loss = 20164.638671875
Epoch 28: loss = 20164.59375
Epoch 29: loss = 20164.568359375
Epoch 30: loss = 20164.583984375
Epoch 31: loss = 20164.4921875
Epoch 32: loss = 20164.5390625
Epoch 33: loss = 20164.494140625
Epoch 34: loss = 20164.51171875
Epoch 35: loss = 20164.482421875
Epoch 36: loss = 20164.564453125
Epoch 37: loss = 20164.494140625
Epoch 38: loss = 20164.50390625
Epoch 39: loss = 20164.50390625
Epoch 40: loss = 20164.529296875
Early stopping at epoch 40 with loss 20164.482421875
Reconstruction for fluence = 183298.07108324335 photons/pixel
Epoch 0: loss = 45220962304.0
Epoch 1: loss = 8889843.0
Epoch 2: loss = 646310.125
Epoch 3: loss = 180767.578125
Epoch 4: loss = 96049.1171875
Epoch 5: loss = 62586.421875
Epoch 6: loss = 54169.39453125
Epoch 7: loss = 50601.70703125
Epoch 8: loss = 49053.80859375
Epoch 9: loss = 48214.39453125
Epoch 10: loss = 47755.1171875
Epoch 11: loss = 47526.5078125
Epoch 12: loss = 47405.08984375
Epoch 13: loss = 47333.5078125
Epoch 14: loss = 47284.80078125
Epoch 15: loss = 47257.25390625
Epoch 16: loss = 47242.05078125
Epoch 17: loss = 47233.84765625
Epoch 18: loss = 47228.0703125
Epoch 19: loss = 47224.46875
Epoch 20: loss = 47224.19921875
Epoch 21: loss = 47222.203125
Epoch 22: loss = 47221.16015625
Epoch 23: loss = 47220.0703125
Epoch 24: loss = 47219.5078125
Epoch 25: loss = 47219.03515625
Epoch 26: loss = 47218.7890625
Epoch 27: loss = 47218.62890625
Epoch 28: loss = 47218.3984375
Epoch 29: loss = 47218.27734375
Epoch 30: loss = 47218.45703125
Epoch 31: loss = 47218.34375
Epoch 32: loss = 47218.26953125
Epoch 33: loss = 47218.19921875
Epoch 34: loss = 47218.16015625
Epoch 35: loss = 47218.19921875
Epoch 36: loss = 47218.1171875
Epoch 37: loss = 47218.2421875
Epoch 38: loss = 47218.2890625
Epoch 39: loss = 47218.078125
Epoch 40: loss = 47218.12890625
Epoch 41: loss = 47218.27734375
Epoch 42: loss = 47218.1171875
Epoch 43: loss = 47218.09375
Epoch 44: loss = 47218.08984375
Early stopping at epoch 44 with loss 47218.078125
Reconstruction for fluence = 428133.2398719387 photons/pixel
Epoch 0: loss = 246705455104.0
Epoch 1: loss = 47628296.0
Epoch 2: loss = 3860197.75
Epoch 3: loss = 895753.8125
Epoch 4: loss = 353999.84375
Epoch 5: loss = 205454.328125
Epoch 6: loss = 151456.875
Epoch 7: loss = 130070.5546875
Epoch 8: loss = 120691.84375
Epoch 9: loss = 115957.8203125
Epoch 10: loss = 113484.5078125
Epoch 11: loss = 112200.4296875
Epoch 12: loss = 111536.59375
Epoch 13: loss = 111134.5
Epoch 14: loss = 110902.9140625
Epoch 15: loss = 110756.0703125
Epoch 16: loss = 110671.796875
Epoch 17: loss = 110633.59375
Epoch 18: loss = 110605.0546875
Epoch 19: loss = 110586.3203125
Epoch 20: loss = 110574.1484375
Epoch 21: loss = 110566.140625
Epoch 22: loss = 110561.546875
Epoch 23: loss = 110558.4765625
Epoch 24: loss = 110557.1640625
Epoch 25: loss = 110554.8359375
Epoch 26: loss = 110553.859375
Epoch 27: loss = 110553.3359375
Epoch 28: loss = 110554.0546875
Epoch 29: loss = 110553.5703125
Epoch 30: loss = 110553.71875
Epoch 31: loss = 110552.9609375
Epoch 32: loss = 110552.5
Epoch 33: loss = 110552.71875
Epoch 34: loss = 110553.234375
Epoch 35: loss = 110552.734375
Epoch 36: loss = 110553.390625
Epoch 37: loss = 110553.234375
Early stopping at epoch 37 with loss 110552.5
Reconstruction for fluence = 1000000.0 photons/pixel
Epoch 0: loss = 1345915322368.0
Epoch 1: loss = 260876208.0
Epoch 2: loss = 20200664.0
Epoch 3: loss = 4607011.0
Epoch 4: loss = 1649044.75
Epoch 5: loss = 744722.25
Epoch 6: loss = 489429.9375
Epoch 7: loss = 383347.0625
Epoch 8: loss = 322471.90625
Epoch 9: loss = 298647.46875
Epoch 10: loss = 281754.90625
Epoch 11: loss = 273867.875
Epoch 12: loss = 269688.96875
Epoch 13: loss = 267284.46875
Epoch 14: loss = 265823.21875
Epoch 15: loss = 264974.21875
Epoch 16: loss = 264474.125
Epoch 17: loss = 264224.34375
Epoch 18: loss = 264048.875
Epoch 19: loss = 263929.0
Epoch 20: loss = 263856.78125
Epoch 21: loss = 263808.34375
Epoch 22: loss = 263783.84375
Epoch 23: loss = 263769.21875
Epoch 24: loss = 263756.15625
Epoch 25: loss = 263750.71875
Epoch 26: loss = 263743.5625
Epoch 27: loss = 263740.28125
Epoch 28: loss = 263736.1875
Epoch 29: loss = 263736.5625
Epoch 30: loss = 263738.90625
Epoch 31: loss = 263738.03125
Epoch 32: loss = 263733.90625
Epoch 33: loss = 263736.28125
Epoch 34: loss = 263734.46875
Epoch 35: loss = 263735.71875
Epoch 36: loss = 263733.6875
Epoch 37: loss = 263735.25
Epoch 38: loss = 263736.375
Epoch 39: loss = 263733.03125
Epoch 40: loss = 263732.5625
Epoch 41: loss = 263734.75
Epoch 42: loss = 263733.90625
Epoch 43: loss = 263735.03125
Epoch 44: loss = 263734.4375
Epoch 45: loss = 263733.78125
Early stopping at epoch 45 with loss 263732.5625
Tensors initialization on device cuda
Multiprobe = None

('MSE', 'PoissonNLL') RECONSTRUCTIONS

Reconstruction for fluence = 0.09999999999999999 photons/pixel
Epoch 0: loss = 0.04972827807068825
Epoch 1: loss = 0.02927841804921627
Epoch 2: loss = 0.029071450233459473
Epoch 3: loss = 0.029035009443759918
Epoch 4: loss = 0.029030978679656982
Epoch 5: loss = 0.029030978679656982
Epoch 6: loss = 0.029030978679656982
Epoch 7: loss = 0.029030978679656982
Early stopping at epoch 7 with loss 0.029071450233459473
Epoch 0: loss = 0.09186282753944397
Epoch 1: loss = 0.07754502445459366
Epoch 2: loss = 0.07750443369150162
Epoch 3: loss = 0.07748973369598389
Epoch 4: loss = 0.0774894580245018
Epoch 5: loss = 0.0774894580245018
Epoch 6: loss = 0.0774894580245018
Early stopping at epoch 6 with loss 0.07754502445459366
Reconstruction for fluence = 0.23357214690901223 photons/pixel
Epoch 0: loss = 0.15779747068881989
Epoch 1: loss = 0.06772119551897049
Epoch 2: loss = 0.06758294254541397
Epoch 3: loss = 0.06757623702287674
Epoch 4: loss = 0.06757623702287674
Epoch 5: loss = 0.06757623702287674
Epoch 6: loss = 0.06757623702287674
Epoch 7: loss = 0.06757623702287674
Early stopping at epoch 7 with loss 0.06758294254541397
Epoch 0: loss = 0.13530975580215454
Epoch 1: loss = 0.11417842656373978
Epoch 2: loss = 0.11411912739276886
Epoch 3: loss = 0.11411306262016296
Epoch 4: loss = 0.11411149054765701
Epoch 5: loss = 0.11411098390817642
Epoch 6: loss = 0.11411098390817642
Early stopping at epoch 6 with loss 0.11417842656373978
Reconstruction for fluence = 0.5455594781168519 photons/pixel
Epoch 0: loss = 0.5995591878890991
Epoch 1: loss = 0.15718922019004822
Epoch 2: loss = 0.1568743735551834
Epoch 3: loss = 0.1568598747253418
Epoch 4: loss = 0.1568593531847
Epoch 5: loss = 0.15685932338237762
Epoch 6: loss = 0.15685932338237762
Epoch 7: loss = 0.15685932338237762
Early stopping at epoch 7 with loss 0.1568743735551834
Epoch 0: loss = 0.14002138376235962
Epoch 1: loss = 0.1095392182469368
Epoch 2: loss = 0.10949346423149109
Epoch 3: loss = 0.10948722809553146
Epoch 4: loss = 0.10948692262172699
Epoch 5: loss = 0.10948692262172699
Epoch 6: loss = 0.10948692262172699
Early stopping at epoch 6 with loss 0.1095392182469368
Reconstruction for fluence = 1.2742749857031335 photons/pixel
Epoch 0: loss = 2.6508572101593018
Epoch 1: loss = 0.35325759649276733
Epoch 2: loss = 0.3521806001663208
Epoch 3: loss = 0.35215380787849426
Epoch 4: loss = 0.3521527051925659
Epoch 5: loss = 0.352152556180954
Epoch 6: loss = 0.3521522581577301
Epoch 7: loss = 0.3521522581577301
Early stopping at epoch 7 with loss 0.3521806001663208
Epoch 0: loss = -0.07285075634717941
Epoch 1: loss = -0.11870578676462173
Epoch 2: loss = -0.11878083646297455
Epoch 3: loss = -0.11879241466522217
Epoch 4: loss = -0.11879462748765945
Epoch 5: loss = -0.11879600584506989
Epoch 6: loss = -0.11879659444093704
Early stopping at epoch 6 with loss -0.11870578676462173
Reconstruction for fluence = 2.976351441631318 photons/pixel
Epoch 0: loss = 12.985855102539062
Epoch 1: loss = 0.8471764326095581
Epoch 2: loss = 0.8411886692047119
Epoch 3: loss = 0.8409907221794128
Epoch 4: loss = 0.8409695029258728
Epoch 5: loss = 0.8409678339958191
Epoch 6: loss = 0.8409677147865295
Epoch 7: loss = 0.8409675359725952
Epoch 8: loss = 0.8409672975540161
Early stopping at epoch 8 with loss 0.8409907221794128
Epoch 0: loss = -1.1122058629989624
Epoch 1: loss = -1.1793395280838013
Epoch 2: loss = -1.1794847249984741
Epoch 3: loss = -1.1795133352279663
Epoch 4: loss = -1.179529070854187
Epoch 5: loss = -1.1795296669006348
Epoch 6: loss = -1.1795296669006348
Epoch 7: loss = -1.1795296669006348
Early stopping at epoch 7 with loss -1.1794847249984741
Reconstruction for fluence = 6.9519279617756045 photons/pixel
Epoch 0: loss = 67.70195007324219
Epoch 1: loss = 1.9470547437667847
Epoch 2: loss = 1.917832612991333
Epoch 3: loss = 1.916751503944397
Epoch 4: loss = 1.9166619777679443
Epoch 5: loss = 1.9166488647460938
Epoch 6: loss = 1.9166483879089355
Epoch 7: loss = 1.9166475534439087
Epoch 8: loss = 1.9166475534439087
Epoch 9: loss = 1.9166473150253296
Epoch 10: loss = 1.9166473150253296
Early stopping at epoch 10 with loss 1.9166488647460938
Epoch 0: loss = -4.740601062774658
Epoch 1: loss = -4.83655309677124
Epoch 2: loss = -4.836920738220215
Epoch 3: loss = -4.8369903564453125
Epoch 4: loss = -4.83699893951416
Epoch 5: loss = -4.837000846862793
Epoch 6: loss = -4.837000846862793
Epoch 7: loss = -4.837001323699951
Early stopping at epoch 7 with loss -4.836920738220215
Reconstruction for fluence = 16.23776739188721 photons/pixel
Epoch 0: loss = 359.9192810058594
Epoch 1: loss = 4.5817179679870605
Epoch 2: loss = 4.461540222167969
Epoch 3: loss = 4.455537796020508
Epoch 4: loss = 4.454848766326904
Epoch 5: loss = 4.454714775085449
Epoch 6: loss = 4.454693794250488
Epoch 7: loss = 4.454692363739014
Epoch 8: loss = 4.454690933227539
Epoch 9: loss = 4.454689979553223
Epoch 10: loss = 4.454689025878906
Early stopping at epoch 10 with loss 4.454714775085449
Epoch 0: loss = -16.14287757873535
Epoch 1: loss = -16.274473190307617
Epoch 2: loss = -16.27509307861328
Epoch 3: loss = -16.275190353393555
Epoch 4: loss = -16.27519416809082
Epoch 5: loss = -16.27519416809082
Epoch 6: loss = -16.275196075439453
Epoch 7: loss = -16.275197982788086
Epoch 8: loss = -16.27519989013672
Epoch 9: loss = -16.27520179748535
Early stopping at epoch 9 with loss -16.27519416809082
Reconstruction for fluence = 37.926901907322495 photons/pixel
Epoch 0: loss = 1949.597412109375
Epoch 1: loss = 10.548937797546387
Epoch 2: loss = 10.087079048156738
Epoch 3: loss = 10.05897045135498
Epoch 4: loss = 10.055059432983398
Epoch 5: loss = 10.054296493530273
Epoch 6: loss = 10.054123878479004
Epoch 7: loss = 10.054071426391602
Epoch 8: loss = 10.054068565368652
Epoch 9: loss = 10.054060935974121
Epoch 10: loss = 10.054055213928223
Epoch 11: loss = 10.054052352905273
Early stopping at epoch 11 with loss 10.054123878479004
Epoch 0: loss = -49.33372116088867
Epoch 1: loss = -49.50777053833008
Epoch 2: loss = -49.50840759277344
Epoch 3: loss = -49.50849533081055
Epoch 4: loss = -49.50849914550781
Epoch 5: loss = -49.50850296020508
Epoch 6: loss = -49.50849914550781
Epoch 7: loss = -49.50850296020508
Early stopping at epoch 7 with loss -49.50840759277344
Reconstruction for fluence = 88.58667904100822 photons/pixel
Epoch 0: loss = 10591.7587890625
Epoch 1: loss = 25.87346076965332
Epoch 2: loss = 23.47972297668457
Epoch 3: loss = 23.314096450805664
Epoch 4: loss = 23.28951644897461
Epoch 5: loss = 23.28398323059082
Epoch 6: loss = 23.28241729736328
Epoch 7: loss = 23.281879425048828
Epoch 8: loss = 23.281620025634766
Epoch 9: loss = 23.28157615661621
Epoch 10: loss = 23.281551361083984
Epoch 11: loss = 23.281532287597656
Epoch 12: loss = 23.281522750854492
Epoch 13: loss = 23.281518936157227
Epoch 14: loss = 23.281513214111328
Epoch 0: loss = -142.26683044433594
Epoch 1: loss = -142.4925537109375
Epoch 2: loss = -142.49298095703125
Epoch 3: loss = -142.4931640625
Epoch 4: loss = -142.49322509765625
Epoch 5: loss = -142.49322509765625
Epoch 6: loss = -142.49327087402344
Epoch 7: loss = -142.49327087402344
Epoch 8: loss = -142.49330139160156
Epoch 9: loss = -142.49331665039062
Epoch 10: loss = -142.4933319091797
Epoch 11: loss = -142.4933319091797
Epoch 12: loss = -142.4933319091797
Epoch 13: loss = -142.4933319091797
Early stopping at epoch 13 with loss -142.49330139160156
Reconstruction for fluence = 206.9138081114788 photons/pixel
Epoch 0: loss = 57748.43359375
Epoch 1: loss = 66.79796600341797
Epoch 2: loss = 55.41564178466797
Epoch 3: loss = 54.56769561767578
Epoch 4: loss = 54.43646240234375
Epoch 5: loss = 54.400917053222656
Epoch 6: loss = 54.39107131958008
Epoch 7: loss = 54.387474060058594
Epoch 8: loss = 54.38564682006836
Epoch 9: loss = 54.3847541809082
Epoch 10: loss = 54.38431167602539
Epoch 11: loss = 54.384124755859375
Epoch 12: loss = 54.38410949707031
Epoch 13: loss = 54.384090423583984
Epoch 14: loss = 54.384071350097656
Epoch 0: loss = -395.28076171875
Epoch 1: loss = -395.5781555175781
Epoch 2: loss = -395.57952880859375
Epoch 3: loss = -395.57952880859375
Epoch 4: loss = -395.5795593261719
Epoch 5: loss = -395.57958984375
Epoch 6: loss = -395.57958984375
Epoch 7: loss = -395.57958984375
Early stopping at epoch 7 with loss -395.57952880859375
Reconstruction for fluence = 483.2930238571752 photons/pixel
Epoch 0: loss = 314471.90625
Epoch 1: loss = 190.4777374267578
Epoch 2: loss = 130.70074462890625
Epoch 3: loss = 126.44332885742188
Epoch 4: loss = 125.68216705322266
Epoch 5: loss = 125.47576904296875
Epoch 6: loss = 125.4096908569336
Epoch 7: loss = 125.38565063476562
Epoch 8: loss = 125.3727035522461
Epoch 9: loss = 125.3665771484375
Epoch 10: loss = 125.36377716064453
Epoch 11: loss = 125.36258697509766
Epoch 12: loss = 125.36207580566406
Epoch 13: loss = 125.36175537109375
Epoch 14: loss = 125.3616943359375
Epoch 0: loss = -1072.1170654296875
Epoch 1: loss = -1072.4801025390625
Epoch 2: loss = -1072.4801025390625
Epoch 3: loss = -1072.4801025390625
Epoch 4: loss = -1072.48046875
Epoch 5: loss = -1072.48046875
Epoch 6: loss = -1072.4805908203125
Epoch 7: loss = -1072.4805908203125
Epoch 8: loss = -1072.480712890625
Epoch 9: loss = -1072.480712890625
Epoch 10: loss = -1072.480712890625
Epoch 11: loss = -1072.480712890625
Epoch 12: loss = -1072.480712890625
Epoch 13: loss = -1072.480712890625
Early stopping at epoch 13 with loss -1072.480712890625
Reconstruction for fluence = 1128.8378916846884 photons/pixel
Epoch 0: loss = 1715139.125
Epoch 1: loss = 649.6414184570312
Epoch 2: loss = 317.4139404296875
Epoch 3: loss = 296.48944091796875
Epoch 4: loss = 292.8594055175781
Epoch 5: loss = 291.8103942871094
Epoch 6: loss = 291.5035400390625
Epoch 7: loss = 291.3726501464844
Epoch 8: loss = 291.3136901855469
Epoch 9: loss = 291.2859191894531
Epoch 10: loss = 291.2679138183594
Epoch 11: loss = 291.260498046875
Epoch 12: loss = 291.2564697265625
Epoch 13: loss = 291.25537109375
Epoch 14: loss = 291.25457763671875
Epoch 0: loss = -2850.534423828125
Epoch 1: loss = -2850.9765625
Epoch 2: loss = -2850.976806640625
Epoch 3: loss = -2850.976806640625
Epoch 4: loss = -2850.976806640625
Epoch 5: loss = -2850.976806640625
Epoch 6: loss = -2850.976806640625
Epoch 7: loss = -2850.976806640625
Early stopping at epoch 7 with loss -2850.976806640625
Reconstruction for fluence = 2636.6508987303555 photons/pixel
Epoch 0: loss = 9354687.0
Epoch 1: loss = 2490.587158203125
Epoch 2: loss = 821.2969970703125
Epoch 3: loss = 714.0272216796875
Epoch 4: loss = 693.9470825195312
Epoch 5: loss = 688.2463989257812
Epoch 6: loss = 686.3865356445312
Epoch 7: loss = 685.7730102539062
Epoch 8: loss = 685.259521484375
Epoch 9: loss = 685.0757446289062
Epoch 10: loss = 684.9818725585938
Epoch 11: loss = 684.938720703125
Epoch 12: loss = 684.9160766601562
Epoch 13: loss = 684.89990234375
Epoch 14: loss = 684.8910522460938
Epoch 0: loss = -7462.51708984375
Epoch 1: loss = -7462.98974609375
Epoch 2: loss = -7462.98974609375
Epoch 3: loss = -7462.98974609375
Epoch 4: loss = -7462.9912109375
Epoch 5: loss = -7462.9912109375
Epoch 6: loss = -7462.9912109375
Epoch 7: loss = -7462.99169921875
Epoch 8: loss = -7462.99169921875
Epoch 9: loss = -7462.99169921875
Epoch 10: loss = -7462.99169921875
Epoch 11: loss = -7462.99169921875
Epoch 12: loss = -7462.99169921875
Early stopping at epoch 12 with loss -7462.99169921875
Reconstruction for fluence = 6158.482110660255 photons/pixel
Epoch 0: loss = 51046312.0
Epoch 1: loss = 11616.8544921875
Epoch 2: loss = 2282.661376953125
Epoch 3: loss = 1731.042724609375
Epoch 4: loss = 1635.0142822265625
Epoch 5: loss = 1603.7960205078125
Epoch 6: loss = 1594.0843505859375
Epoch 7: loss = 1590.199951171875
Epoch 8: loss = 1588.3243408203125
Epoch 9: loss = 1587.373046875
Epoch 10: loss = 1586.872314453125
Epoch 11: loss = 1586.609619140625
Epoch 12: loss = 1586.48095703125
Epoch 13: loss = 1586.4019775390625
Epoch 14: loss = 1586.360595703125
Epoch 0: loss = -19308.68359375
Epoch 1: loss = -19309.205078125
Epoch 2: loss = -19309.205078125
Epoch 3: loss = -19309.205078125
Epoch 4: loss = -19309.205078125
Epoch 5: loss = -19309.205078125
Epoch 6: loss = -19309.205078125
Early stopping at epoch 6 with loss -19309.205078125
Reconstruction for fluence = 14384.498882876629 photons/pixel
Epoch 0: loss = 278492352.0
Epoch 1: loss = 57352.4453125
Epoch 2: loss = 7784.787109375
Epoch 3: loss = 4624.134765625
Epoch 4: loss = 4028.970458984375
Epoch 5: loss = 3844.760498046875
Epoch 6: loss = 3790.713134765625
Epoch 7: loss = 3770.249267578125
Epoch 8: loss = 3758.0849609375
Epoch 9: loss = 3753.05859375
Epoch 10: loss = 3750.263671875
Epoch 11: loss = 3748.844482421875
Epoch 12: loss = 3748.11083984375
Epoch 13: loss = 3747.621826171875
Epoch 14: loss = 3747.35107421875
Epoch 0: loss = -49491.9296875
Epoch 1: loss = -49492.5
Epoch 2: loss = -49492.5
Epoch 3: loss = -49492.5
Epoch 4: loss = -49492.5
Epoch 5: loss = -49492.5
Epoch 6: loss = -49492.5
Early stopping at epoch 6 with loss -49492.5
Reconstruction for fluence = 33598.18286283781 photons/pixel
Epoch 0: loss = 1519316096.0
Epoch 1: loss = 305528.3125
Epoch 2: loss = 29079.333984375
Epoch 3: loss = 13174.9345703125
Epoch 4: loss = 10165.1953125
Epoch 5: loss = 9322.970703125
Epoch 6: loss = 9052.142578125
Epoch 7: loss = 8938.1181640625
Epoch 8: loss = 8886.171875
Epoch 9: loss = 8859.6904296875
Epoch 10: loss = 8845.005859375
Epoch 11: loss = 8837.6923828125
Epoch 12: loss = 8833.9130859375
Epoch 13: loss = 8831.490234375
Epoch 14: loss = 8830.1962890625
Epoch 0: loss = -125857.71875
Epoch 1: loss = -125858.2734375
Epoch 2: loss = -125858.265625
Epoch 3: loss = -125858.265625
Epoch 4: loss = -125858.265625
Epoch 5: loss = -125858.265625
Epoch 6: loss = -125858.265625
Early stopping at epoch 6 with loss -125858.2734375
Reconstruction for fluence = 78475.99703514607 photons/pixel
Epoch 0: loss = 8288885760.0
Epoch 1: loss = 1637655.0
Epoch 2: loss = 130377.3984375
Epoch 3: loss = 44341.05078125
Epoch 4: loss = 28195.224609375
Epoch 5: loss = 23052.888671875
Epoch 6: loss = 21422.546875
Epoch 7: loss = 20755.3828125
Epoch 8: loss = 20457.8125
Epoch 9: loss = 20311.13671875
Epoch 10: loss = 20232.599609375
Epoch 11: loss = 20193.37109375
Epoch 12: loss = 20173.572265625
Epoch 13: loss = 20160.19140625
Epoch 14: loss = 20152.71875
Epoch 0: loss = -317934.5
Epoch 1: loss = -317935.125
Epoch 2: loss = -317935.125
Epoch 3: loss = -317935.125
Epoch 4: loss = -317935.125
Epoch 5: loss = -317935.125
Epoch 6: loss = -317935.125
Early stopping at epoch 6 with loss -317935.125
Reconstruction for fluence = 183298.07108324335 photons/pixel
Epoch 0: loss = 45221117952.0
Epoch 1: loss = 8937149.0
Epoch 2: loss = 696684.8125
Epoch 3: loss = 183766.875
Epoch 4: loss = 100447.296875
Epoch 5: loss = 64021.59375
Epoch 6: loss = 55424.71875
Epoch 7: loss = 51920.05859375
Epoch 8: loss = 50268.84765625
Epoch 9: loss = 49435.39453125
Epoch 10: loss = 48972.40234375
Epoch 11: loss = 48751.76953125
Epoch 12: loss = 48632.08203125
Epoch 13: loss = 48560.1640625
Epoch 14: loss = 48517.83984375
Epoch 0: loss = -798574.5625
Epoch 1: loss = -798575.1875
Epoch 2: loss = -798575.1875
Epoch 3: loss = -798575.1875
Epoch 4: loss = -798575.1875
Epoch 5: loss = -798575.1875
Epoch 6: loss = -798575.1875
Early stopping at epoch 6 with loss -798575.1875
Reconstruction for fluence = 428133.2398719387 photons/pixel
Epoch 0: loss = 246701244416.0
Epoch 1: loss = 47710244.0
Epoch 2: loss = 3847138.5
Epoch 3: loss = 918768.625
Epoch 4: loss = 377845.75
Epoch 5: loss = 201521.8125
Epoch 6: loss = 151818.890625
Epoch 7: loss = 133089.484375
Epoch 8: loss = 120779.2890625
Epoch 9: loss = 115979.515625
Epoch 10: loss = 113234.78125
Epoch 11: loss = 111889.15625
Epoch 12: loss = 111225.875
Epoch 13: loss = 110805.9765625
Epoch 14: loss = 110559.734375
Epoch 0: loss = -1996029.375
Epoch 1: loss = -1996029.375
Epoch 2: loss = -1996030.375
Epoch 3: loss = -1996030.375
Epoch 4: loss = -1996030.375
Epoch 5: loss = -1996030.375
Epoch 6: loss = -1996030.375
Epoch 7: loss = -1996030.375
Early stopping at epoch 7 with loss -1996030.375
Reconstruction for fluence = 1000000.0 photons/pixel
Epoch 0: loss = 1345914273792.0
Epoch 1: loss = 260805552.0
Epoch 2: loss = 19908844.0
Epoch 3: loss = 4281432.0
Epoch 4: loss = 1520485.375
Epoch 5: loss = 708746.625
Epoch 6: loss = 463827.4375
Epoch 7: loss = 356418.0625
Epoch 8: loss = 310751.0625
Epoch 9: loss = 287085.0625
Epoch 10: loss = 275346.34375
Epoch 11: loss = 269414.03125
Epoch 12: loss = 266072.40625
Epoch 13: loss = 264169.46875
Epoch 14: loss = 262984.78125
Epoch 0: loss = -4967525.5
Epoch 1: loss = -4967525.5
Epoch 2: loss = -4967526.5
Epoch 3: loss = -4967526.5
Epoch 4: loss = -4967526.5
Epoch 5: loss = -4967526.5
Epoch 6: loss = -4967526.5
Epoch 7: loss = -4967526.5
Early stopping at epoch 7 with loss -4967526.5
Simulation for steps_size=14 and n_fluences=20 completed!
