Running simulation for principal_mode_weight=5 and n_fluences=20
Weights: [60. 20. 20.]
Tensors initialization on device cuda
Multiprobe = grad

('MSE', None) RECONSTRUCTIONS

Reconstruction for fluence = 0.09999999999999999 photons/pixel
Epoch 0: loss = 0.000220375950448215
Epoch 1: loss = 0.000220375950448215
Epoch 2: loss = 0.000220375950448215
Epoch 3: loss = 0.000220375950448215
Epoch 4: loss = 0.000220375950448215
Epoch 5: loss = 0.000220375950448215
Early stopping at epoch 5 with loss 0.000220375950448215
Reconstruction for fluence = 0.23357214690901223 photons/pixel
Epoch 0: loss = 0.000517060689162463
Epoch 1: loss = 0.000517060689162463
Epoch 2: loss = 0.000517060689162463
Epoch 3: loss = 0.000517060689162463
Epoch 4: loss = 0.000517060689162463
Epoch 5: loss = 0.000517060689162463
Early stopping at epoch 5 with loss 0.000517060689162463
Reconstruction for fluence = 0.5455594781168519 photons/pixel
Epoch 0: loss = 0.0012053214013576508
Epoch 1: loss = 0.0012053214013576508
Epoch 2: loss = 0.0012053214013576508
Epoch 3: loss = 0.0012053214013576508
Epoch 4: loss = 0.0012053214013576508
Epoch 5: loss = 0.0012053214013576508
Early stopping at epoch 5 with loss 0.0012053214013576508
Reconstruction for fluence = 1.2742749857031335 photons/pixel
Epoch 0: loss = 0.002884220564737916
Epoch 1: loss = 0.002884220564737916
Epoch 2: loss = 0.002884220564737916
Epoch 3: loss = 0.002884220564737916
Epoch 4: loss = 0.002884220564737916
Epoch 5: loss = 0.002884220564737916
Early stopping at epoch 5 with loss 0.002884220564737916
Reconstruction for fluence = 2.976351441631318 photons/pixel
Epoch 0: loss = 0.006987931206822395
Epoch 1: loss = 0.0069878846406936646
Epoch 2: loss = 0.006987839005887508
Epoch 3: loss = 0.006987792905420065
Epoch 4: loss = 0.0069877468049526215
Epoch 5: loss = 0.006987700704485178
Early stopping at epoch 5 with loss 0.006987931206822395
Reconstruction for fluence = 6.9519279617756045 photons/pixel
Epoch 0: loss = 0.017697349190711975
Epoch 1: loss = 0.017695970833301544
Epoch 2: loss = 0.017694596201181412
Epoch 3: loss = 0.01769321970641613
Epoch 4: loss = 0.017691845074295998
Epoch 5: loss = 0.017690472304821014
Early stopping at epoch 5 with loss 0.017697349190711975
Reconstruction for fluence = 16.23776739188721 photons/pixel
Epoch 0: loss = 0.048956021666526794
Epoch 1: loss = 0.03557579219341278
Epoch 2: loss = 0.035575032234191895
Epoch 3: loss = 0.035575032234191895
Epoch 4: loss = 0.035575032234191895
Epoch 5: loss = 0.035575032234191895
Epoch 6: loss = 0.035575032234191895
Early stopping at epoch 6 with loss 0.03557579219341278
Reconstruction for fluence = 37.926901907322495 photons/pixel
Epoch 0: loss = 0.15588009357452393
Epoch 1: loss = 0.08300471305847168
Epoch 2: loss = 0.08299814164638519
Epoch 3: loss = 0.08299814164638519
Epoch 4: loss = 0.08299814164638519
Epoch 5: loss = 0.08299814164638519
Epoch 6: loss = 0.08299814164638519
Early stopping at epoch 6 with loss 0.08300471305847168
Reconstruction for fluence = 88.58667904100822 photons/pixel
Epoch 0: loss = 0.5900706648826599
Epoch 1: loss = 0.1940048336982727
Epoch 2: loss = 0.19397683441638947
Epoch 3: loss = 0.19397509098052979
Epoch 4: loss = 0.19397491216659546
Epoch 5: loss = 0.19397488236427307
Epoch 6: loss = 0.19397488236427307
Early stopping at epoch 6 with loss 0.1940048336982727
Reconstruction for fluence = 206.9138081114788 photons/pixel
Epoch 0: loss = 2.6155009269714355
Epoch 1: loss = 0.4538361430168152
Epoch 2: loss = 0.45373889803886414
Epoch 3: loss = 0.45372921228408813
Epoch 4: loss = 0.4537273645401001
Epoch 5: loss = 0.453727126121521
Epoch 6: loss = 0.45372700691223145
Epoch 7: loss = 0.45372694730758667
Epoch 8: loss = 0.4537268877029419
Early stopping at epoch 8 with loss 0.45372921228408813
Reconstruction for fluence = 483.2930238571752 photons/pixel
Epoch 0: loss = 12.848618507385254
Epoch 1: loss = 1.0599992275238037
Epoch 2: loss = 1.0596280097961426
Epoch 3: loss = 1.0595836639404297
Epoch 4: loss = 1.0595722198486328
Epoch 5: loss = 1.0595722198486328
Epoch 6: loss = 1.0595712661743164
Epoch 7: loss = 1.0595707893371582
Early stopping at epoch 7 with loss 1.0596280097961426
Reconstruction for fluence = 1128.8378916846884 photons/pixel
Epoch 0: loss = 66.80108642578125
Epoch 1: loss = 2.4773707389831543
Epoch 2: loss = 2.4757628440856934
Epoch 3: loss = 2.4755516052246094
Epoch 4: loss = 2.4754908084869385
Epoch 5: loss = 2.4754791259765625
Epoch 6: loss = 2.4754691123962402
Epoch 7: loss = 2.475468158721924
Epoch 8: loss = 2.475465774536133
Early stopping at epoch 8 with loss 2.4755516052246094
Reconstruction for fluence = 2636.6508987303555 photons/pixel
Epoch 0: loss = 356.6824645996094
Epoch 1: loss = 5.80142879486084
Epoch 2: loss = 5.793628692626953
Epoch 3: loss = 5.792544364929199
Epoch 4: loss = 5.792220115661621
Epoch 5: loss = 5.792122840881348
Epoch 6: loss = 5.792080879211426
Epoch 7: loss = 5.792071342468262
Epoch 8: loss = 5.792070388793945
Epoch 9: loss = 5.792067527770996
Epoch 10: loss = 5.79206657409668
Epoch 11: loss = 5.79206657409668
Early stopping at epoch 11 with loss 5.792080879211426
Reconstruction for fluence = 6158.482110660255 photons/pixel
Epoch 0: loss = 1927.530029296875
Epoch 1: loss = 13.538511276245117
Epoch 2: loss = 13.499267578125
Epoch 3: loss = 13.493556022644043
Epoch 4: loss = 13.491758346557617
Epoch 5: loss = 13.491235733032227
Epoch 6: loss = 13.491046905517578
Epoch 7: loss = 13.490967750549316
Epoch 8: loss = 13.490942001342773
Epoch 9: loss = 13.490921020507812
Epoch 10: loss = 13.490918159484863
Epoch 11: loss = 13.490913391113281
Epoch 12: loss = 13.490911483764648
Epoch 13: loss = 13.490909576416016
Early stopping at epoch 13 with loss 13.490942001342773
Reconstruction for fluence = 14384.498882876629 photons/pixel
Epoch 0: loss = 10473.865234375
Epoch 1: loss = 31.83608627319336
Epoch 2: loss = 31.62700653076172
Epoch 3: loss = 31.60014533996582
Epoch 4: loss = 31.590076446533203
Epoch 5: loss = 31.5867862701416
Epoch 6: loss = 31.585617065429688
Epoch 7: loss = 31.58512306213379
Epoch 8: loss = 31.58488655090332
Epoch 9: loss = 31.584762573242188
Epoch 10: loss = 31.584716796875
Epoch 11: loss = 31.584701538085938
Epoch 12: loss = 31.584697723388672
Epoch 13: loss = 31.58469009399414
Epoch 14: loss = 31.584686279296875
Early stopping at epoch 14 with loss 31.584762573242188
Reconstruction for fluence = 33598.18286283781 photons/pixel
Epoch 0: loss = 57043.81640625
Epoch 1: loss = 74.96284484863281
Epoch 2: loss = 73.84536743164062
Epoch 3: loss = 73.68765258789062
Epoch 4: loss = 73.63362121582031
Epoch 5: loss = 73.61665344238281
Epoch 6: loss = 73.61103820800781
Epoch 7: loss = 73.60845947265625
Epoch 8: loss = 73.60724639892578
Epoch 9: loss = 73.60659790039062
Epoch 10: loss = 73.60621643066406
Epoch 11: loss = 73.60615539550781
Epoch 12: loss = 73.60610961914062
Epoch 13: loss = 73.60606384277344
Epoch 14: loss = 73.60604858398438
Epoch 15: loss = 73.60604858398438
Epoch 16: loss = 73.60603332519531
Epoch 17: loss = 73.60600280761719
Epoch 18: loss = 73.60598754882812
Epoch 19: loss = 73.60597229003906
Epoch 20: loss = 73.60596466064453
Epoch 21: loss = 73.60595703125
Epoch 22: loss = 73.60594177246094
Early stopping at epoch 22 with loss 73.60600280761719
Reconstruction for fluence = 78475.99703514607 photons/pixel
Epoch 0: loss = 310950.25
Epoch 1: loss = 178.90402221679688
Epoch 2: loss = 172.8125457763672
Epoch 3: loss = 171.97451782226562
Epoch 4: loss = 171.68597412109375
Epoch 5: loss = 171.58804321289062
Epoch 6: loss = 171.55508422851562
Epoch 7: loss = 171.54037475585938
Epoch 8: loss = 171.53366088867188
Epoch 9: loss = 171.52987670898438
Epoch 10: loss = 171.52796936035156
Epoch 11: loss = 171.52708435058594
Epoch 12: loss = 171.52651977539062
Epoch 13: loss = 171.5264892578125
Epoch 14: loss = 171.52639770507812
Epoch 15: loss = 171.52633666992188
Epoch 16: loss = 171.52627563476562
Epoch 17: loss = 171.5262451171875
Epoch 18: loss = 171.52618408203125
Epoch 19: loss = 171.52618408203125
Epoch 20: loss = 171.52613830566406
Epoch 21: loss = 171.526123046875
Epoch 22: loss = 171.52609252929688
Epoch 23: loss = 171.52601623535156
Epoch 24: loss = 171.5260009765625
Epoch 25: loss = 171.5260009765625
Epoch 26: loss = 171.52597045898438
Epoch 27: loss = 171.52597045898438
Epoch 28: loss = 171.52593994140625
Early stopping at epoch 28 with loss 171.52601623535156
Reconstruction for fluence = 183298.07108324335 photons/pixel
Epoch 0: loss = 1695835.25
Epoch 1: loss = 439.64642333984375
Epoch 2: loss = 406.5277099609375
Epoch 3: loss = 402.0601501464844
Epoch 4: loss = 400.40032958984375
Epoch 5: loss = 399.8962707519531
Epoch 6: loss = 399.7259216308594
Epoch 7: loss = 399.64422607421875
Epoch 8: loss = 399.60845947265625
Epoch 9: loss = 399.5893249511719
Epoch 10: loss = 399.5787353515625
Epoch 11: loss = 399.5733642578125
Epoch 12: loss = 399.57232666015625
Epoch 13: loss = 399.57000732421875
Epoch 14: loss = 399.56854248046875
Epoch 15: loss = 399.56805419921875
Epoch 16: loss = 399.5678405761719
Epoch 17: loss = 399.56768798828125
Epoch 18: loss = 399.56756591796875
Epoch 19: loss = 399.5675048828125
Epoch 20: loss = 399.56744384765625
Epoch 21: loss = 399.5673828125
Epoch 22: loss = 399.56732177734375
Epoch 23: loss = 399.5672607421875
Epoch 24: loss = 399.56719970703125
Epoch 25: loss = 399.56719970703125
Epoch 26: loss = 399.567138671875
Epoch 27: loss = 399.567138671875
Epoch 28: loss = 399.567138671875
Epoch 29: loss = 399.56707763671875
Epoch 30: loss = 399.56707763671875
Epoch 31: loss = 399.56707763671875
Epoch 32: loss = 399.56707763671875
Epoch 33: loss = 399.5670166015625
Epoch 34: loss = 399.5670166015625
Early stopping at epoch 34 with loss 399.56707763671875
Reconstruction for fluence = 428133.2398719387 photons/pixel
Epoch 0: loss = 9251077.0
Epoch 1: loss = 1157.86083984375
Epoch 2: loss = 976.786865234375
Epoch 3: loss = 952.3593139648438
Epoch 4: loss = 943.4105224609375
Epoch 5: loss = 940.6087036132812
Epoch 6: loss = 939.609130859375
Epoch 7: loss = 939.19482421875
Epoch 8: loss = 939.0098266601562
Epoch 9: loss = 938.908935546875
Epoch 10: loss = 938.8526611328125
Epoch 11: loss = 938.825439453125
Epoch 12: loss = 938.8107299804688
Epoch 13: loss = 938.8014526367188
Epoch 14: loss = 938.7960815429688
Epoch 15: loss = 938.79443359375
Epoch 16: loss = 938.792724609375
Epoch 17: loss = 938.7921142578125
Epoch 18: loss = 938.7918701171875
Epoch 19: loss = 938.7916259765625
Epoch 20: loss = 938.7911376953125
Epoch 21: loss = 938.791015625
Epoch 22: loss = 938.7908935546875
Epoch 23: loss = 938.790771484375
Epoch 24: loss = 938.7906494140625
Epoch 25: loss = 938.7904052734375
Epoch 26: loss = 938.7903442382812
Epoch 27: loss = 938.790283203125
Epoch 28: loss = 938.790283203125
Epoch 29: loss = 938.7901000976562
Epoch 30: loss = 938.7900390625
Epoch 31: loss = 938.7900390625
Epoch 32: loss = 938.7900390625
Epoch 33: loss = 938.7899169921875
Epoch 34: loss = 938.7898559570312
Epoch 35: loss = 938.789794921875
Epoch 36: loss = 938.789794921875
Epoch 37: loss = 938.789794921875
Epoch 38: loss = 938.7897338867188
Epoch 39: loss = 938.7896728515625
Epoch 40: loss = 938.7896728515625
Epoch 41: loss = 938.7896728515625
Epoch 42: loss = 938.7896728515625
Epoch 43: loss = 938.78955078125
Epoch 44: loss = 938.78955078125
Epoch 45: loss = 938.78955078125
Epoch 46: loss = 938.7894897460938
Epoch 47: loss = 938.78955078125
Epoch 48: loss = 938.7894897460938
Early stopping at epoch 48 with loss 938.78955078125
Reconstruction for fluence = 1000000.0 photons/pixel
Epoch 0: loss = 50467864.0
Epoch 1: loss = 3382.07666015625
Epoch 2: loss = 2397.590576171875
Epoch 3: loss = 2264.376953125
Epoch 4: loss = 2214.78759765625
Epoch 5: loss = 2199.482177734375
Epoch 6: loss = 2194.57763671875
Epoch 7: loss = 2192.228515625
Epoch 8: loss = 2191.14404296875
Epoch 9: loss = 2190.56494140625
Epoch 10: loss = 2190.24951171875
Epoch 11: loss = 2190.089111328125
Epoch 12: loss = 2190.010986328125
Epoch 13: loss = 2189.961669921875
Epoch 14: loss = 2189.93017578125
Epoch 15: loss = 2189.91259765625
Epoch 16: loss = 2189.90625
Epoch 17: loss = 2189.900390625
Epoch 18: loss = 2189.8984375
Epoch 19: loss = 2189.89794921875
Epoch 20: loss = 2189.89697265625
Epoch 21: loss = 2189.89599609375
Epoch 22: loss = 2189.89599609375
Epoch 23: loss = 2189.89501953125
Epoch 24: loss = 2189.89453125
Epoch 25: loss = 2189.89453125
Epoch 26: loss = 2189.89404296875
Epoch 27: loss = 2189.89404296875
Epoch 28: loss = 2189.89404296875
Epoch 29: loss = 2189.8935546875
Epoch 30: loss = 2189.89306640625
Epoch 31: loss = 2189.89306640625
Epoch 32: loss = 2189.892578125
Epoch 33: loss = 2189.892578125
Epoch 34: loss = 2189.892578125
Epoch 35: loss = 2189.892578125
Epoch 36: loss = 2189.89208984375
Epoch 37: loss = 2189.891845703125
Epoch 38: loss = 2189.891845703125
Epoch 39: loss = 2189.8916015625
Epoch 40: loss = 2189.8916015625
Epoch 41: loss = 2189.8916015625
Epoch 42: loss = 2189.8916015625
Epoch 43: loss = 2189.89111328125
Epoch 44: loss = 2189.89111328125
Epoch 45: loss = 2189.89111328125
Epoch 46: loss = 2189.890869140625
Epoch 47: loss = 2189.890869140625
Epoch 48: loss = 2189.890869140625
Epoch 49: loss = 2189.890625
Epoch 50: loss = 2189.890625
Epoch 51: loss = 2189.890625
Epoch 52: loss = 2189.89013671875
Epoch 53: loss = 2189.89013671875
Epoch 54: loss = 2189.89013671875
Epoch 55: loss = 2189.89013671875
Epoch 56: loss = 2189.89013671875
Epoch 57: loss = 2189.89013671875
Early stopping at epoch 57 with loss 2189.89013671875
Tensors initialization on device cuda
Multiprobe = grad

('MSE', 'PoissonNLL') RECONSTRUCTIONS

Reconstruction for fluence = 0.09999999999999999 photons/pixel
Epoch 0: loss = 0.0002207859797636047
Epoch 1: loss = 0.0002207859797636047
Epoch 2: loss = 0.0002207859797636047
Epoch 3: loss = 0.0002207859797636047
Epoch 4: loss = 0.0002207859797636047
Epoch 5: loss = 0.0002207859797636047
Early stopping at epoch 5 with loss 0.0002207859797636047
Epoch 0: loss = 0.0017814370803534985
Epoch 1: loss = 0.0017814370803534985
Epoch 2: loss = 0.0017814370803534985
Epoch 3: loss = 0.0017814370803534985
Epoch 4: loss = 0.0017814370803534985
Epoch 5: loss = 0.0017814370803534985
Early stopping at epoch 5 with loss 0.0017814370803534985
Reconstruction for fluence = 0.23357214690901223 photons/pixel
Epoch 0: loss = 0.0005166566697880626
Epoch 1: loss = 0.0005166566697880626
Epoch 2: loss = 0.0005166566697880626
Epoch 3: loss = 0.0005166566697880626
Epoch 4: loss = 0.0005166566697880626
Epoch 5: loss = 0.0005166566697880626
Early stopping at epoch 5 with loss 0.0005166566697880626
Epoch 0: loss = 0.0037220062222331762
Epoch 1: loss = 0.0037219489458948374
Epoch 2: loss = 0.0037218912038952112
Epoch 3: loss = 0.0037218332290649414
Epoch 4: loss = 0.0037217745557427406
Epoch 5: loss = 0.0037217149510979652
Early stopping at epoch 5 with loss 0.0037220062222331762
Reconstruction for fluence = 0.5455594781168519 photons/pixel
Epoch 0: loss = 0.0012158710742369294
Epoch 1: loss = 0.0012158710742369294
Epoch 2: loss = 0.0012158710742369294
Epoch 3: loss = 0.0012158710742369294
Epoch 4: loss = 0.0012158710742369294
Epoch 5: loss = 0.0012158710742369294
Early stopping at epoch 5 with loss 0.0012158710742369294
Epoch 0: loss = 0.007672932930290699
Epoch 1: loss = 0.007672772742807865
Epoch 2: loss = 0.007672607433050871
Epoch 3: loss = 0.007672430016100407
Epoch 4: loss = 0.007672225125133991
Epoch 5: loss = 0.00767195550724864
Early stopping at epoch 5 with loss 0.007672932930290699
Reconstruction for fluence = 1.2742749857031335 photons/pixel
Epoch 0: loss = 0.002890156116336584
Epoch 1: loss = 0.002890156116336584
Epoch 2: loss = 0.002890156116336584
Epoch 3: loss = 0.002890156116336584
Epoch 4: loss = 0.002890156116336584
Epoch 5: loss = 0.002890156116336584
Early stopping at epoch 5 with loss 0.002890156116336584
Epoch 0: loss = 0.015588638372719288
Epoch 1: loss = 0.015588033013045788
Epoch 2: loss = 0.015586565248668194
Epoch 3: loss = 0.015582680702209473
Epoch 4: loss = 0.015576996840536594
Epoch 5: loss = 0.013624293729662895
Epoch 6: loss = 0.013624293729662895
Epoch 7: loss = 0.013624293729662895
Epoch 8: loss = 0.013624293729662895
Epoch 9: loss = 0.013624293729662895
Epoch 10: loss = 0.013624293729662895
Early stopping at epoch 10 with loss 0.013624293729662895
Reconstruction for fluence = 2.976351441631318 photons/pixel
Epoch 0: loss = 0.0070038228295743465
Epoch 1: loss = 0.007003776729106903
Epoch 2: loss = 0.007003730162978172
Epoch 3: loss = 0.007003684062510729
Epoch 4: loss = 0.007003637962043285
Epoch 5: loss = 0.007003591395914555
Early stopping at epoch 5 with loss 0.0070038228295743465
Epoch 0: loss = 0.03088577650487423
Epoch 1: loss = 0.030876778066158295
Epoch 2: loss = 0.02633836679160595
Epoch 3: loss = 0.026330046355724335
Epoch 4: loss = 0.026330046355724335
Epoch 5: loss = 0.026330046355724335
Epoch 6: loss = 0.026330046355724335
Epoch 7: loss = 0.026330046355724335
Early stopping at epoch 7 with loss 0.02633836679160595
Reconstruction for fluence = 6.9519279617756045 photons/pixel
Epoch 0: loss = 0.017695166170597076
Epoch 1: loss = 0.017693789675831795
Epoch 2: loss = 0.017692413181066513
Epoch 3: loss = 0.01769103854894638
Epoch 4: loss = 0.017689663916826248
Epoch 5: loss = 0.017688289284706116
Early stopping at epoch 5 with loss 0.017695166170597076
Epoch 0: loss = 0.05918072164058685
Epoch 1: loss = 0.04866255074739456
Epoch 2: loss = 0.04863956570625305
Epoch 3: loss = 0.04863956570625305
Epoch 4: loss = 0.04863956570625305
Epoch 5: loss = 0.04863956570625305
Epoch 6: loss = 0.04863956570625305
Early stopping at epoch 6 with loss 0.04866255074739456
Reconstruction for fluence = 16.23776739188721 photons/pixel
Epoch 0: loss = 0.04895419627428055
Epoch 1: loss = 0.03558606654405594
Epoch 2: loss = 0.03558550402522087
Epoch 3: loss = 0.03558550402522087
Epoch 4: loss = 0.03558550402522087
Epoch 5: loss = 0.03558550402522087
Epoch 6: loss = 0.03558550402522087
Early stopping at epoch 6 with loss 0.03558606654405594
Epoch 0: loss = 0.0841786116361618
Epoch 1: loss = 0.08345304429531097
Epoch 2: loss = 0.08345210552215576
Epoch 3: loss = 0.08345210552215576
Epoch 4: loss = 0.08345210552215576
Epoch 5: loss = 0.08345210552215576
Epoch 6: loss = 0.08345210552215576
Early stopping at epoch 6 with loss 0.08345304429531097
Reconstruction for fluence = 37.926901907322495 photons/pixel
Epoch 0: loss = 0.15596254169940948
Epoch 1: loss = 0.08330950140953064
Epoch 2: loss = 0.08330950140953064
Epoch 3: loss = 0.08330225199460983
Epoch 4: loss = 0.08330225199460983
Epoch 5: loss = 0.08330225199460983
Epoch 6: loss = 0.08330225199460983
Early stopping at epoch 6 with loss 0.08330950140953064
Epoch 0: loss = 0.12566977739334106
Epoch 1: loss = 0.12460780143737793
Epoch 2: loss = 0.12460644543170929
Epoch 3: loss = 0.12460644543170929
Epoch 4: loss = 0.12460644543170929
Epoch 5: loss = 0.12460644543170929
Epoch 6: loss = 0.12460644543170929
Early stopping at epoch 6 with loss 0.12460780143737793
Reconstruction for fluence = 88.58667904100822 photons/pixel
Epoch 0: loss = 0.5904189348220825
Epoch 1: loss = 0.19380581378936768
Epoch 2: loss = 0.19377805292606354
Epoch 3: loss = 0.19377627968788147
Epoch 4: loss = 0.19377604126930237
Epoch 5: loss = 0.19377604126930237
Epoch 6: loss = 0.19377604126930237
Early stopping at epoch 6 with loss 0.19380581378936768
Epoch 0: loss = 0.12749968469142914
Epoch 1: loss = 0.12749218940734863
Epoch 2: loss = 0.1274847537279129
Epoch 3: loss = 0.12747739255428314
Epoch 4: loss = 0.12747007608413696
Epoch 5: loss = 0.12746283411979675
Early stopping at epoch 5 with loss 0.12749968469142914
Reconstruction for fluence = 206.9138081114788 photons/pixel
Epoch 0: loss = 2.6147801876068115
Epoch 1: loss = 0.4537671208381653
Epoch 2: loss = 0.453667014837265
Epoch 3: loss = 0.4536573886871338
Epoch 4: loss = 0.4536556601524353
Epoch 5: loss = 0.45365554094314575
Epoch 6: loss = 0.45365530252456665
Epoch 7: loss = 0.4536552429199219
Early stopping at epoch 7 with loss 0.453667014837265
Epoch 0: loss = -0.0896838903427124
Epoch 1: loss = -0.09141623228788376
Epoch 2: loss = -0.09141655266284943
Epoch 3: loss = -0.09141655266284943
Epoch 4: loss = -0.09141655266284943
Epoch 5: loss = -0.09141655266284943
Epoch 6: loss = -0.09141655266284943
Early stopping at epoch 6 with loss -0.09141623228788376
Reconstruction for fluence = 483.2930238571752 photons/pixel
Epoch 0: loss = 12.850345611572266
Epoch 1: loss = 1.0614067316055298
Epoch 2: loss = 1.061031699180603
Epoch 3: loss = 1.0609889030456543
Epoch 4: loss = 1.0609800815582275
Epoch 5: loss = 1.0609772205352783
Epoch 6: loss = 1.0609753131866455
Epoch 7: loss = 1.0609750747680664
Early stopping at epoch 7 with loss 1.061031699180603
Epoch 0: loss = -1.110679030418396
Epoch 1: loss = -1.1125915050506592
Epoch 2: loss = -1.1125915050506592
Epoch 3: loss = -1.1125916242599487
Epoch 4: loss = -1.1125916242599487
Epoch 5: loss = -1.1125916242599487
Epoch 6: loss = -1.1125916242599487
Early stopping at epoch 6 with loss -1.1125915050506592
Reconstruction for fluence = 1128.8378916846884 photons/pixel
Epoch 0: loss = 66.7767333984375
Epoch 1: loss = 2.476181983947754
Epoch 2: loss = 2.474590301513672
Epoch 3: loss = 2.4743752479553223
Epoch 4: loss = 2.4743103981018066
Epoch 5: loss = 2.474292516708374
Epoch 6: loss = 2.4742913246154785
Epoch 7: loss = 2.474287986755371
Epoch 8: loss = 2.474287509918213
Early stopping at epoch 8 with loss 2.4743752479553223
Epoch 0: loss = -4.701357841491699
Epoch 1: loss = -4.703719615936279
Epoch 2: loss = -4.703719615936279
Epoch 3: loss = -4.7037200927734375
Epoch 4: loss = -4.7037200927734375
Epoch 5: loss = -4.7037200927734375
Epoch 6: loss = -4.7037200927734375
Early stopping at epoch 6 with loss -4.703719615936279
Reconstruction for fluence = 2636.6508987303555 photons/pixel
Epoch 0: loss = 356.7032470703125
Epoch 1: loss = 5.793704986572266
Epoch 2: loss = 5.786328315734863
Epoch 3: loss = 5.785166263580322
Epoch 4: loss = 5.784845352172852
Epoch 5: loss = 5.784739017486572
Epoch 6: loss = 5.784709930419922
Epoch 7: loss = 5.784700870513916
Epoch 8: loss = 5.784690856933594
Epoch 9: loss = 5.784688949584961
Epoch 10: loss = 5.7846879959106445
Early stopping at epoch 10 with loss 5.784739017486572
Epoch 0: loss = -15.89494514465332
Epoch 1: loss = -15.897619247436523
Epoch 2: loss = -15.897619247436523
Epoch 3: loss = -15.897619247436523
Epoch 4: loss = -15.897621154785156
Epoch 5: loss = -15.897621154785156
Epoch 6: loss = -15.897621154785156
Early stopping at epoch 6 with loss -15.897619247436523
Reconstruction for fluence = 6158.482110660255 photons/pixel
Epoch 0: loss = 1927.6470947265625
Epoch 1: loss = 13.557929992675781
Epoch 2: loss = 13.518770217895508
Epoch 3: loss = 13.51345157623291
Epoch 4: loss = 13.511728286743164
Epoch 5: loss = 13.511171340942383
Epoch 6: loss = 13.510978698730469
Epoch 7: loss = 13.510894775390625
Epoch 8: loss = 13.510862350463867
Epoch 9: loss = 13.510845184326172
Epoch 10: loss = 13.51083755493164
Epoch 11: loss = 13.510835647583008
Epoch 12: loss = 13.510831832885742
Epoch 13: loss = 13.51082992553711
Early stopping at epoch 13 with loss 13.510862350463867
Epoch 0: loss = -48.60714340209961
Epoch 1: loss = -48.60986328125
Epoch 2: loss = -48.60986328125
Epoch 3: loss = -48.60986328125
Epoch 4: loss = -48.60986328125
Epoch 5: loss = -48.60986328125
Epoch 6: loss = -48.60986328125
Early stopping at epoch 6 with loss -48.60986328125
Reconstruction for fluence = 14384.498882876629 photons/pixel
Epoch 0: loss = 10474.0
Epoch 1: loss = 31.7768497467041
Epoch 2: loss = 31.56735610961914
Epoch 3: loss = 31.538419723510742
Epoch 4: loss = 31.528770446777344
Epoch 5: loss = 31.525711059570312
Epoch 6: loss = 31.524755477905273
Epoch 7: loss = 31.524311065673828
Epoch 8: loss = 31.52408790588379
Epoch 9: loss = 31.523977279663086
Epoch 10: loss = 31.523963928222656
Epoch 11: loss = 31.523929595947266
Epoch 12: loss = 31.52391815185547
Epoch 13: loss = 31.523910522460938
Epoch 14: loss = 31.523910522460938
Early stopping at epoch 14 with loss 31.523977279663086
Epoch 0: loss = -140.35562133789062
Epoch 1: loss = -140.3585205078125
Epoch 2: loss = -140.3585205078125
Epoch 3: loss = -140.3585205078125
Epoch 4: loss = -140.3585205078125
Epoch 5: loss = -140.3585205078125
Epoch 6: loss = -140.3585205078125
Early stopping at epoch 6 with loss -140.3585205078125
Reconstruction for fluence = 33598.18286283781 photons/pixel
Epoch 0: loss = 57042.671875
Epoch 1: loss = 75.0129165649414
Epoch 2: loss = 73.89070892333984
Epoch 3: loss = 73.738037109375
Epoch 4: loss = 73.68418884277344
Epoch 5: loss = 73.66714477539062
Epoch 6: loss = 73.66143798828125
Epoch 7: loss = 73.65870666503906
Epoch 8: loss = 73.65744018554688
Epoch 9: loss = 73.65681457519531
Epoch 10: loss = 73.65647888183594
Epoch 11: loss = 73.65629577636719
Epoch 12: loss = 73.65628051757812
Epoch 13: loss = 73.65625
Epoch 14: loss = 73.6562271118164
Epoch 0: loss = -390.48297119140625
Epoch 1: loss = -390.4862060546875
Epoch 2: loss = -390.4862060546875
Epoch 3: loss = -390.4862060546875
Epoch 4: loss = -390.4862060546875
Epoch 5: loss = -390.4862060546875
Epoch 6: loss = -390.4862060546875
Early stopping at epoch 6 with loss -390.4862060546875
Reconstruction for fluence = 78475.99703514607 photons/pixel
Epoch 0: loss = 310943.4375
Epoch 1: loss = 178.720947265625
Epoch 2: loss = 172.63650512695312
Epoch 3: loss = 171.81166076660156
Epoch 4: loss = 171.51089477539062
Epoch 5: loss = 171.4181365966797
Epoch 6: loss = 171.38479614257812
Epoch 7: loss = 171.3706817626953
Epoch 8: loss = 171.36412048339844
Epoch 9: loss = 171.36032104492188
Epoch 10: loss = 171.3582000732422
Epoch 11: loss = 171.35711669921875
Epoch 12: loss = 171.356689453125
Epoch 13: loss = 171.35662841796875
Epoch 14: loss = 171.35647583007812
Epoch 0: loss = -1058.39501953125
Epoch 1: loss = -1058.3985595703125
Epoch 2: loss = -1058.3984375
Epoch 3: loss = -1058.3984375
Epoch 4: loss = -1058.3984375
Epoch 5: loss = -1058.3984375
Epoch 6: loss = -1058.3984375
Early stopping at epoch 6 with loss -1058.3985595703125
Reconstruction for fluence = 183298.07108324335 photons/pixel
Epoch 0: loss = 1695807.75
Epoch 1: loss = 440.1475524902344
Epoch 2: loss = 406.95501708984375
Epoch 3: loss = 402.3467712402344
Epoch 4: loss = 400.7952575683594
Epoch 5: loss = 400.32000732421875
Epoch 6: loss = 400.16162109375
Epoch 7: loss = 400.0920104980469
Epoch 8: loss = 400.05914306640625
Epoch 9: loss = 400.0411376953125
Epoch 10: loss = 400.0312805175781
Epoch 11: loss = 400.0259094238281
Epoch 12: loss = 400.02337646484375
Epoch 13: loss = 400.0229187011719
Epoch 14: loss = 400.0214538574219
Epoch 0: loss = -2813.77294921875
Epoch 1: loss = -2813.7763671875
Epoch 2: loss = -2813.7763671875
Epoch 3: loss = -2813.776611328125
Epoch 4: loss = -2813.776611328125
Epoch 5: loss = -2813.776611328125
Epoch 6: loss = -2813.7763671875
Epoch 7: loss = -2813.776611328125
Epoch 8: loss = -2813.776611328125
Early stopping at epoch 8 with loss -2813.776611328125
Reconstruction for fluence = 428133.2398719387 photons/pixel
Epoch 0: loss = 9251322.0
Epoch 1: loss = 1158.1942138671875
Epoch 2: loss = 977.7633056640625
Epoch 3: loss = 953.3465576171875
Epoch 4: loss = 944.3244018554688
Epoch 5: loss = 941.4588012695312
Epoch 6: loss = 940.5324096679688
Epoch 7: loss = 940.1412963867188
Epoch 8: loss = 939.9447021484375
Epoch 9: loss = 939.8372802734375
Epoch 10: loss = 939.7777099609375
Epoch 11: loss = 939.7466430664062
Epoch 12: loss = 939.7315063476562
Epoch 13: loss = 939.7216796875
Epoch 14: loss = 939.7160034179688
Epoch 0: loss = -7369.7880859375
Epoch 1: loss = -7369.7919921875
Epoch 2: loss = -7369.7919921875
Epoch 3: loss = -7369.7919921875
Epoch 4: loss = -7369.7919921875
Epoch 5: loss = -7369.7919921875
Epoch 6: loss = -7369.7919921875
Early stopping at epoch 6 with loss -7369.7919921875
Reconstruction for fluence = 1000000.0 photons/pixel
Epoch 0: loss = 50467408.0
Epoch 1: loss = 3390.593994140625
Epoch 2: loss = 2405.7490234375
Epoch 3: loss = 2271.290771484375
Epoch 4: loss = 2223.289794921875
Epoch 5: loss = 2208.157470703125
Epoch 6: loss = 2203.067138671875
Epoch 7: loss = 2200.807373046875
Epoch 8: loss = 2199.606689453125
Epoch 9: loss = 2199.050048828125
Epoch 10: loss = 2198.737060546875
Epoch 11: loss = 2198.578369140625
Epoch 12: loss = 2198.51220703125
Epoch 13: loss = 2198.4501953125
Epoch 14: loss = 2198.43798828125
Epoch 0: loss = -19078.201171875
Epoch 1: loss = -19078.20703125
Epoch 2: loss = -19078.20703125
Epoch 3: loss = -19078.20703125
Epoch 4: loss = -19078.20703125
Epoch 5: loss = -19078.20703125
Epoch 6: loss = -19078.20703125
Early stopping at epoch 6 with loss -19078.20703125
Simulation for principal_mode_weight=5 and n_fluences=20 completed!
