Running simulation for steps_size=5 and n_fluences=20
Steps size: 5
Tensors initialization on device cuda
Multiprobe = None

('MSE', None) RECONSTRUCTIONS

Reconstruction for fluence = 0.09999999999999999 photons/pixel
Epoch 0: loss = 0.005540945567190647
Epoch 1: loss = 0.0055409446358680725
Epoch 2: loss = 0.005540941841900349
Epoch 3: loss = 0.005540940910577774
Epoch 4: loss = 0.005540937650948763
Epoch 5: loss = 0.005540935322642326
Early stopping at epoch 5 with loss 0.005540945567190647
Reconstruction for fluence = 0.23357214690901223 photons/pixel
Epoch 0: loss = 0.014142398722469807
Epoch 1: loss = 0.014141781255602837
Epoch 2: loss = 0.014141163788735867
Epoch 3: loss = 0.014140544459223747
Epoch 4: loss = 0.014139927923679352
Epoch 5: loss = 0.014139311388134956
Early stopping at epoch 5 with loss 0.014142398722469807
Reconstruction for fluence = 0.5455594781168519 photons/pixel
Epoch 0: loss = 0.03806568682193756
Epoch 1: loss = 0.03804751858115196
Epoch 2: loss = 0.038029398769140244
Epoch 3: loss = 0.0380113311111927
Epoch 4: loss = 0.03799331188201904
Epoch 5: loss = 0.03797534108161926
Early stopping at epoch 5 with loss 0.03806568682193756
Reconstruction for fluence = 1.2742749857031335 photons/pixel
Epoch 0: loss = 0.11526570469141006
Epoch 1: loss = 0.06516703963279724
Epoch 2: loss = 0.06516283005475998
Epoch 3: loss = 0.06516283005475998
Epoch 4: loss = 0.06516283005475998
Epoch 5: loss = 0.06516283005475998
Epoch 6: loss = 0.06516283005475998
Early stopping at epoch 6 with loss 0.06516703963279724
Reconstruction for fluence = 2.976351441631318 photons/pixel
Epoch 0: loss = 0.4182997941970825
Epoch 1: loss = 0.15279501676559448
Epoch 2: loss = 0.15276098251342773
Epoch 3: loss = 0.15276014804840088
Epoch 4: loss = 0.15276014804840088
Epoch 5: loss = 0.15276014804840088
Epoch 6: loss = 0.15276014804840088
Early stopping at epoch 6 with loss 0.15279501676559448
Reconstruction for fluence = 6.9519279617756045 photons/pixel
Epoch 0: loss = 1.7968566417694092
Epoch 1: loss = 0.3521459102630615
Epoch 2: loss = 0.3519907593727112
Epoch 3: loss = 0.35198596119880676
Epoch 4: loss = 0.35198578238487244
Epoch 5: loss = 0.3519856333732605
Epoch 6: loss = 0.3519856333732605
Epoch 7: loss = 0.35198554396629333
Early stopping at epoch 7 with loss 0.3519907593727112
Reconstruction for fluence = 16.23776739188721 photons/pixel
Epoch 0: loss = 8.69467544555664
Epoch 1: loss = 0.8416686654090881
Epoch 2: loss = 0.8409507274627686
Epoch 3: loss = 0.8409196138381958
Epoch 4: loss = 0.8409163951873779
Epoch 5: loss = 0.840915858745575
Epoch 6: loss = 0.840915858745575
Epoch 7: loss = 0.8409156799316406
Early stopping at epoch 7 with loss 0.8409507274627686
Reconstruction for fluence = 37.926901907322495 photons/pixel
Epoch 0: loss = 44.60121154785156
Epoch 1: loss = 1.9344580173492432
Epoch 2: loss = 1.931230068206787
Epoch 3: loss = 1.931050181388855
Epoch 4: loss = 1.9310288429260254
Epoch 5: loss = 1.9310227632522583
Epoch 6: loss = 1.9310224056243896
Epoch 7: loss = 1.931022047996521
Epoch 8: loss = 1.9310216903686523
Early stopping at epoch 8 with loss 1.931050181388855
Reconstruction for fluence = 88.58667904100822 photons/pixel
Epoch 0: loss = 236.66531372070312
Epoch 1: loss = 4.544443130493164
Epoch 2: loss = 4.532061576843262
Epoch 3: loss = 4.5310587882995605
Epoch 4: loss = 4.530904293060303
Epoch 5: loss = 4.530871868133545
Epoch 6: loss = 4.5308685302734375
Epoch 7: loss = 4.530867099761963
Epoch 8: loss = 4.530865669250488
Epoch 9: loss = 4.530865669250488
Early stopping at epoch 9 with loss 4.530904293060303
Reconstruction for fluence = 206.9138081114788 photons/pixel
Epoch 0: loss = 1277.4974365234375
Epoch 1: loss = 10.575237274169922
Epoch 2: loss = 10.517565727233887
Epoch 3: loss = 10.512269020080566
Epoch 4: loss = 10.51119613647461
Epoch 5: loss = 10.510945320129395
Epoch 6: loss = 10.510866165161133
Epoch 7: loss = 10.510846138000488
Epoch 8: loss = 10.510842323303223
Epoch 9: loss = 10.510839462280273
Epoch 10: loss = 10.510836601257324
Epoch 11: loss = 10.510836601257324
Epoch 12: loss = 10.510832786560059
Epoch 13: loss = 10.510831832885742
Early stopping at epoch 13 with loss 10.510842323303223
Reconstruction for fluence = 483.2930238571752 photons/pixel
Epoch 0: loss = 6937.42333984375
Epoch 1: loss = 24.923479080200195
Epoch 2: loss = 24.6772403717041
Epoch 3: loss = 24.646255493164062
Epoch 4: loss = 24.639928817749023
Epoch 5: loss = 24.63827133178711
Epoch 6: loss = 24.63779067993164
Epoch 7: loss = 24.63762664794922
Epoch 8: loss = 24.637592315673828
Epoch 9: loss = 24.637544631958008
Epoch 10: loss = 24.63753318786621
Epoch 11: loss = 24.637521743774414
Epoch 12: loss = 24.637514114379883
Epoch 13: loss = 24.637508392333984
Epoch 14: loss = 24.63750457763672
Epoch 15: loss = 24.63749885559082
Epoch 16: loss = 24.63749885559082
Early stopping at epoch 16 with loss 24.637521743774414
Reconstruction for fluence = 1128.8378916846884 photons/pixel
Epoch 0: loss = 37754.296875
Epoch 1: loss = 58.71324920654297
Epoch 2: loss = 57.467681884765625
Epoch 3: loss = 57.303157806396484
Epoch 4: loss = 57.2684211730957
Epoch 5: loss = 57.25913619995117
Epoch 6: loss = 57.25656509399414
Epoch 7: loss = 57.255653381347656
Epoch 8: loss = 57.25520324707031
Epoch 9: loss = 57.255062103271484
Epoch 10: loss = 57.255027770996094
Epoch 11: loss = 57.2550048828125
Epoch 12: loss = 57.254981994628906
Epoch 13: loss = 57.25495910644531
Epoch 14: loss = 57.254947662353516
Epoch 15: loss = 57.25493621826172
Epoch 16: loss = 57.25493621826172
Epoch 17: loss = 57.25492477416992
Epoch 18: loss = 57.25492477416992
Early stopping at epoch 18 with loss 57.25495910644531
Reconstruction for fluence = 2636.6508987303555 photons/pixel
Epoch 0: loss = 205869.140625
Epoch 1: loss = 142.28318786621094
Epoch 2: loss = 135.88522338867188
Epoch 3: loss = 135.08396911621094
Epoch 4: loss = 134.89761352539062
Epoch 5: loss = 134.8505401611328
Epoch 6: loss = 134.83558654785156
Epoch 7: loss = 134.82940673828125
Epoch 8: loss = 134.82839965820312
Epoch 9: loss = 134.82620239257812
Epoch 10: loss = 134.8255157470703
Epoch 11: loss = 134.82484436035156
Epoch 12: loss = 134.82476806640625
Epoch 13: loss = 134.82467651367188
Epoch 14: loss = 134.8246307373047
Epoch 15: loss = 134.82461547851562
Epoch 16: loss = 134.8245849609375
Epoch 17: loss = 134.8245391845703
Epoch 18: loss = 134.8245391845703
Epoch 19: loss = 134.82452392578125
Epoch 20: loss = 134.82449340820312
Epoch 21: loss = 134.82449340820312
Epoch 22: loss = 134.82444763183594
Early stopping at epoch 22 with loss 134.8245391845703
Reconstruction for fluence = 6158.482110660255 photons/pixel
Epoch 0: loss = 1122490.0
Epoch 1: loss = 356.0885314941406
Epoch 2: loss = 321.126953125
Epoch 3: loss = 317.1835632324219
Epoch 4: loss = 316.2021179199219
Epoch 5: loss = 315.9346923828125
Epoch 6: loss = 315.8458557128906
Epoch 7: loss = 315.80999755859375
Epoch 8: loss = 315.8067321777344
Epoch 9: loss = 315.79229736328125
Epoch 10: loss = 315.78619384765625
Epoch 11: loss = 315.7834167480469
Epoch 12: loss = 315.7830505371094
Epoch 13: loss = 315.78265380859375
Epoch 14: loss = 315.782470703125
Epoch 15: loss = 315.7818298339844
Epoch 16: loss = 315.7814025878906
Epoch 17: loss = 315.7814025878906
Epoch 18: loss = 315.78131103515625
Epoch 19: loss = 315.78131103515625
Epoch 20: loss = 315.7811279296875
Epoch 21: loss = 315.7811279296875
Epoch 22: loss = 315.7811279296875
Epoch 23: loss = 315.7810363769531
Epoch 24: loss = 315.7810363769531
Epoch 25: loss = 315.78094482421875
Epoch 26: loss = 315.7808837890625
Epoch 27: loss = 315.7808837890625
Epoch 28: loss = 315.7808837890625
Epoch 29: loss = 315.7808532714844
Epoch 30: loss = 315.7808532714844
Early stopping at epoch 30 with loss 315.78094482421875
Reconstruction for fluence = 14384.498882876629 photons/pixel
Epoch 0: loss = 6123881.5
Epoch 1: loss = 947.5752563476562
Epoch 2: loss = 759.192138671875
Epoch 3: loss = 735.1260986328125
Epoch 4: loss = 729.9340209960938
Epoch 5: loss = 728.4109497070312
Epoch 6: loss = 727.9475708007812
Epoch 7: loss = 727.7509155273438
Epoch 8: loss = 727.6546630859375
Epoch 9: loss = 727.6119995117188
Epoch 10: loss = 727.5927124023438
Epoch 11: loss = 727.5841674804688
Epoch 12: loss = 727.582275390625
Epoch 13: loss = 727.580078125
Epoch 14: loss = 727.5797729492188
Epoch 15: loss = 727.5775146484375
Epoch 16: loss = 727.5769653320312
Epoch 17: loss = 727.576171875
Epoch 18: loss = 727.5758056640625
Epoch 19: loss = 727.5753784179688
Epoch 20: loss = 727.574462890625
Epoch 21: loss = 727.5741577148438
Epoch 22: loss = 727.5740966796875
Epoch 23: loss = 727.5740966796875
Epoch 24: loss = 727.5738525390625
Epoch 25: loss = 727.5737915039062
Epoch 26: loss = 727.5736694335938
Epoch 27: loss = 727.5736694335938
Epoch 28: loss = 727.5734252929688
Epoch 29: loss = 727.5733642578125
Epoch 30: loss = 727.5732421875
Epoch 31: loss = 727.5731201171875
Epoch 32: loss = 727.5729370117188
Epoch 33: loss = 727.5729370117188
Epoch 34: loss = 727.5729370117188
Epoch 35: loss = 727.5729370117188
Epoch 36: loss = 727.5728149414062
Epoch 37: loss = 727.57275390625
Epoch 38: loss = 727.5726928710938
Epoch 39: loss = 727.57275390625
Epoch 40: loss = 727.57275390625
Epoch 41: loss = 727.57275390625
Epoch 42: loss = 727.5726928710938
Early stopping at epoch 42 with loss 727.57275390625
Reconstruction for fluence = 33598.18286283781 photons/pixel
Epoch 0: loss = 33406898.0
Epoch 1: loss = 2909.542724609375
Epoch 2: loss = 1884.7880859375
Epoch 3: loss = 1753.001708984375
Epoch 4: loss = 1724.5474853515625
Epoch 5: loss = 1717.1285400390625
Epoch 6: loss = 1714.736572265625
Epoch 7: loss = 1713.7716064453125
Epoch 8: loss = 1713.2999267578125
Epoch 9: loss = 1713.1031494140625
Epoch 10: loss = 1712.997802734375
Epoch 11: loss = 1712.9486083984375
Epoch 12: loss = 1712.9249267578125
Epoch 13: loss = 1712.91162109375
Epoch 14: loss = 1712.91015625
Epoch 15: loss = 1712.9068603515625
Epoch 16: loss = 1712.90625
Epoch 17: loss = 1712.90576171875
Epoch 18: loss = 1712.9033203125
Epoch 19: loss = 1712.903076171875
Epoch 20: loss = 1712.9027099609375
Epoch 21: loss = 1712.901611328125
Epoch 22: loss = 1712.9012451171875
Epoch 23: loss = 1712.900146484375
Epoch 24: loss = 1712.900146484375
Epoch 25: loss = 1712.900146484375
Epoch 26: loss = 1712.8994140625
Epoch 27: loss = 1712.89892578125
Epoch 28: loss = 1712.89892578125
Epoch 29: loss = 1712.89892578125
Epoch 30: loss = 1712.8985595703125
Epoch 31: loss = 1712.8983154296875
Epoch 32: loss = 1712.89794921875
Epoch 33: loss = 1712.8983154296875
Epoch 34: loss = 1712.8983154296875
Epoch 35: loss = 1712.8975830078125
Epoch 36: loss = 1712.8975830078125
Epoch 37: loss = 1712.897216796875
Epoch 38: loss = 1712.8975830078125
Epoch 39: loss = 1712.8975830078125
Epoch 40: loss = 1712.897216796875
Epoch 41: loss = 1712.897216796875
Epoch 42: loss = 1712.897216796875
Early stopping at epoch 42 with loss 1712.897216796875
Reconstruction for fluence = 78475.99703514607 photons/pixel
Epoch 0: loss = 182253680.0
Epoch 1: loss = 10506.4794921875
Epoch 2: loss = 4789.43701171875
Epoch 3: loss = 4212.0556640625
Epoch 4: loss = 4064.978515625
Epoch 5: loss = 4025.081298828125
Epoch 6: loss = 4012.0322265625
Epoch 7: loss = 4006.953857421875
Epoch 8: loss = 4004.325439453125
Epoch 9: loss = 4003.075439453125
Epoch 10: loss = 4002.511962890625
Epoch 11: loss = 4002.23046875
Epoch 12: loss = 4002.09033203125
Epoch 13: loss = 4002.020751953125
Epoch 14: loss = 4001.983154296875
Epoch 15: loss = 4001.983154296875
Epoch 16: loss = 4001.981201171875
Epoch 17: loss = 4001.9755859375
Epoch 18: loss = 4001.9755859375
Epoch 19: loss = 4001.974609375
Epoch 20: loss = 4001.968994140625
Epoch 21: loss = 4001.964111328125
Epoch 22: loss = 4001.958740234375
Epoch 23: loss = 4001.955322265625
Epoch 24: loss = 4001.95263671875
Epoch 25: loss = 4001.95263671875
Epoch 26: loss = 4001.95263671875
Epoch 27: loss = 4001.953369140625
Epoch 28: loss = 4001.94970703125
Epoch 29: loss = 4001.94970703125
Epoch 30: loss = 4001.948974609375
Epoch 31: loss = 4001.9482421875
Epoch 32: loss = 4001.947998046875
Epoch 33: loss = 4001.947509765625
Epoch 34: loss = 4001.947265625
Epoch 35: loss = 4001.947265625
Epoch 36: loss = 4001.94677734375
Epoch 37: loss = 4001.946044921875
Epoch 38: loss = 4001.946044921875
Epoch 39: loss = 4001.946044921875
Epoch 40: loss = 4001.946044921875
Epoch 41: loss = 4001.9453125
Epoch 42: loss = 4001.94580078125
Epoch 43: loss = 4001.944580078125
Epoch 44: loss = 4001.9453125
Epoch 45: loss = 4001.944580078125
Epoch 46: loss = 4001.9453125
Epoch 47: loss = 4001.9453125
Epoch 48: loss = 4001.944580078125
Early stopping at epoch 48 with loss 4001.944580078125
Reconstruction for fluence = 183298.07108324335 photons/pixel
Epoch 0: loss = 994264576.0
Epoch 1: loss = 44736.3203125
Epoch 2: loss = 13730.0458984375
Epoch 3: loss = 10519.9873046875
Epoch 4: loss = 9669.861328125
Epoch 5: loss = 9447.294921875
Epoch 6: loss = 9376.861328125
Epoch 7: loss = 9347.462890625
Epoch 8: loss = 9334.7763671875
Epoch 9: loss = 9328.4296875
Epoch 10: loss = 9325.2939453125
Epoch 11: loss = 9323.8857421875
Epoch 12: loss = 9323.21484375
Epoch 13: loss = 9322.84375
Epoch 14: loss = 9322.65234375
Epoch 15: loss = 9322.5654296875
Epoch 16: loss = 9322.5478515625
Epoch 17: loss = 9322.5205078125
Epoch 18: loss = 9322.49609375
Epoch 19: loss = 9322.49609375
Epoch 20: loss = 9322.49609375
Epoch 21: loss = 9322.4951171875
Epoch 22: loss = 9322.4775390625
Epoch 23: loss = 9322.4765625
Epoch 24: loss = 9322.474609375
Epoch 25: loss = 9322.462890625
Epoch 26: loss = 9322.46484375
Epoch 27: loss = 9322.46484375
Epoch 28: loss = 9322.4619140625
Epoch 29: loss = 9322.458984375
Epoch 30: loss = 9322.458984375
Epoch 31: loss = 9322.458984375
Epoch 32: loss = 9322.458984375
Epoch 33: loss = 9322.458984375
Epoch 34: loss = 9322.458984375
Early stopping at epoch 34 with loss 9322.458984375
Reconstruction for fluence = 428133.2398719387 photons/pixel
Epoch 0: loss = 5424323072.0
Epoch 1: loss = 215066.796875
Epoch 2: loss = 46034.91796875
Epoch 3: loss = 28243.62109375
Epoch 4: loss = 23700.708984375
Epoch 5: loss = 22359.51171875
Epoch 6: loss = 21965.802734375
Epoch 7: loss = 21792.947265625
Epoch 8: loss = 21714.6484375
Epoch 9: loss = 21674.240234375
Epoch 10: loss = 21655.05859375
Epoch 11: loss = 21645.638671875
Epoch 12: loss = 21641.345703125
Epoch 13: loss = 21638.974609375
Epoch 14: loss = 21637.65625
Epoch 15: loss = 21636.95703125
Epoch 16: loss = 21636.7734375
Epoch 17: loss = 21636.494140625
Epoch 18: loss = 21636.388671875
Epoch 19: loss = 21636.283203125
Epoch 20: loss = 21636.248046875
Epoch 21: loss = 21636.212890625
Epoch 22: loss = 21636.205078125
Epoch 23: loss = 21636.193359375
Epoch 24: loss = 21636.181640625
Epoch 25: loss = 21636.181640625
Epoch 26: loss = 21636.193359375
Epoch 27: loss = 21636.181640625
Epoch 28: loss = 21636.17578125
Epoch 29: loss = 21636.17578125
Epoch 30: loss = 21636.138671875
Epoch 31: loss = 21636.16015625
Epoch 32: loss = 21636.15625
Epoch 33: loss = 21636.16015625
Epoch 34: loss = 21636.16015625
Epoch 35: loss = 21636.15625
Early stopping at epoch 35 with loss 21636.138671875
Reconstruction for fluence = 1000000.0 photons/pixel
Epoch 0: loss = 29592862720.0
Epoch 1: loss = 1104659.0
Epoch 2: loss = 182170.484375
Epoch 3: loss = 86629.1796875
Epoch 4: loss = 61851.2421875
Epoch 5: loss = 54459.9296875
Epoch 6: loss = 52099.9765625
Epoch 7: loss = 51164.34375
Epoch 8: loss = 50766.8828125
Epoch 9: loss = 50566.62109375
Epoch 10: loss = 50474.14453125
Epoch 11: loss = 50425.6796875
Epoch 12: loss = 50404.47265625
Epoch 13: loss = 50393.21484375
Epoch 14: loss = 50386.6328125
Epoch 15: loss = 50383.35546875
Epoch 16: loss = 50382.01171875
Epoch 17: loss = 50381.6328125
Epoch 18: loss = 50380.9375
Epoch 19: loss = 50380.9375
Epoch 20: loss = 50380.7578125
Epoch 21: loss = 50380.6875
Epoch 22: loss = 50380.62890625
Epoch 23: loss = 50380.62890625
Epoch 24: loss = 50380.28515625
Epoch 25: loss = 50380.1171875
Epoch 26: loss = 50380.09375
Epoch 27: loss = 50380.09375
Epoch 28: loss = 50380.0
Epoch 29: loss = 50379.9765625
Epoch 30: loss = 50379.921875
Epoch 31: loss = 50379.859375
Epoch 32: loss = 50379.83984375
Epoch 33: loss = 50379.83984375
Epoch 34: loss = 50379.859375
Epoch 35: loss = 50379.8125
Epoch 36: loss = 50379.79296875
Epoch 37: loss = 50379.859375
Epoch 38: loss = 50379.81640625
Epoch 39: loss = 50379.8125
Epoch 40: loss = 50379.80078125
Epoch 41: loss = 50379.80078125
Early stopping at epoch 41 with loss 50379.79296875
Tensors initialization on device cuda
Multiprobe = None

('MSE', 'PoissonNLL') RECONSTRUCTIONS

Reconstruction for fluence = 0.09999999999999999 photons/pixel
Epoch 0: loss = 0.0056518130004405975
Epoch 1: loss = 0.005651812069118023
Epoch 2: loss = 0.0056518083438277245
Epoch 3: loss = 0.005651806015521288
Epoch 4: loss = 0.005651805084198713
Epoch 5: loss = 0.005651801358908415
Early stopping at epoch 5 with loss 0.0056518130004405975
Epoch 0: loss = 0.02713605761528015
Epoch 1: loss = 0.02162913978099823
Epoch 2: loss = 0.021620633080601692
Epoch 3: loss = 0.021620633080601692
Epoch 4: loss = 0.021620633080601692
Epoch 5: loss = 0.021620633080601692
Epoch 6: loss = 0.021620633080601692
Early stopping at epoch 6 with loss 0.02162913978099823
Reconstruction for fluence = 0.23357214690901223 photons/pixel
Epoch 0: loss = 0.013989491388201714
Epoch 1: loss = 0.013988850638270378
Epoch 2: loss = 0.013988211750984192
Epoch 3: loss = 0.013987572863698006
Epoch 4: loss = 0.01398693211376667
Epoch 5: loss = 0.013986293226480484
Early stopping at epoch 5 with loss 0.013989491388201714
Epoch 0: loss = 0.05263166129589081
Epoch 1: loss = 0.04022748023271561
Epoch 2: loss = 0.04022232070565224
Epoch 3: loss = 0.04022232070565224
Epoch 4: loss = 0.04022232070565224
Epoch 5: loss = 0.04022232070565224
Epoch 6: loss = 0.04022232070565224
Early stopping at epoch 6 with loss 0.04022748023271561
Reconstruction for fluence = 0.5455594781168519 photons/pixel
Epoch 0: loss = 0.03792895749211311
Epoch 1: loss = 0.03791112080216408
Epoch 2: loss = 0.037893325090408325
Epoch 3: loss = 0.03787558525800705
Epoch 4: loss = 0.03785788640379906
Epoch 5: loss = 0.03784023970365524
Early stopping at epoch 5 with loss 0.03792895749211311
Epoch 0: loss = 0.1000942513346672
Epoch 1: loss = 0.07253111153841019
Epoch 2: loss = 0.07251220941543579
Epoch 3: loss = 0.07251016795635223
Epoch 4: loss = 0.07251016795635223
Epoch 5: loss = 0.07251016795635223
Epoch 6: loss = 0.07251016795635223
Early stopping at epoch 6 with loss 0.07253111153841019
Reconstruction for fluence = 1.2742749857031335 photons/pixel
Epoch 0: loss = 0.11536522954702377
Epoch 1: loss = 0.06438231468200684
Epoch 2: loss = 0.06437700241804123
Epoch 3: loss = 0.06437700241804123
Epoch 4: loss = 0.06437700241804123
Epoch 5: loss = 0.06437700241804123
Epoch 6: loss = 0.06437700241804123
Early stopping at epoch 6 with loss 0.06438231468200684
Epoch 0: loss = 0.119228295981884
Epoch 1: loss = 0.11231642961502075
Epoch 2: loss = 0.11231160908937454
Epoch 3: loss = 0.11231139302253723
Epoch 4: loss = 0.11231139302253723
Epoch 5: loss = 0.11231139302253723
Epoch 6: loss = 0.11231139302253723
Early stopping at epoch 6 with loss 0.11231642961502075
Reconstruction for fluence = 2.976351441631318 photons/pixel
Epoch 0: loss = 0.4199855327606201
Epoch 1: loss = 0.15147438645362854
Epoch 2: loss = 0.15144632756710052
Epoch 3: loss = 0.1514456570148468
Epoch 4: loss = 0.1514456570148468
Epoch 5: loss = 0.1514456570148468
Epoch 6: loss = 0.1514456570148468
Early stopping at epoch 6 with loss 0.15147438645362854
Epoch 0: loss = 0.13969825208187103
Epoch 1: loss = 0.13002613186836243
Epoch 2: loss = 0.13001510500907898
Epoch 3: loss = 0.13001500070095062
Epoch 4: loss = 0.13001500070095062
Epoch 5: loss = 0.13001500070095062
Epoch 6: loss = 0.13001500070095062
Early stopping at epoch 6 with loss 0.13002613186836243
Reconstruction for fluence = 6.9519279617756045 photons/pixel
Epoch 0: loss = 1.8091163635253906
Epoch 1: loss = 0.3547775149345398
Epoch 2: loss = 0.3546513319015503
Epoch 3: loss = 0.35464730858802795
Epoch 4: loss = 0.3546472191810608
Epoch 5: loss = 0.35464704036712646
Epoch 6: loss = 0.3546469807624817
Epoch 7: loss = 0.3546468913555145
Early stopping at epoch 7 with loss 0.3546513319015503
Epoch 0: loss = 0.008726310916244984
Epoch 1: loss = -0.004715865012258291
Epoch 2: loss = -0.004737562499940395
Epoch 3: loss = -0.004744598641991615
Epoch 4: loss = -0.004745162557810545
Epoch 5: loss = -0.004745162557810545
Epoch 6: loss = -0.004745162557810545
Early stopping at epoch 6 with loss -0.004715865012258291
Reconstruction for fluence = 16.23776739188721 photons/pixel
Epoch 0: loss = 8.66148567199707
Epoch 1: loss = 0.8230806589126587
Epoch 2: loss = 0.8223080635070801
Epoch 3: loss = 0.8222746849060059
Epoch 4: loss = 0.8222721219062805
Epoch 5: loss = 0.8222714066505432
Epoch 6: loss = 0.8222708702087402
Epoch 7: loss = 0.8222708702087402
Early stopping at epoch 7 with loss 0.8223080635070801
Epoch 0: loss = -0.7256342172622681
Epoch 1: loss = -0.7431849241256714
Epoch 2: loss = -0.7432419061660767
Epoch 3: loss = -0.7432444095611572
Epoch 4: loss = -0.7432461380958557
Epoch 5: loss = -0.7432462573051453
Epoch 6: loss = -0.7432462573051453
Early stopping at epoch 6 with loss -0.7431849241256714
Reconstruction for fluence = 37.926901907322495 photons/pixel
Epoch 0: loss = 44.435115814208984
Epoch 1: loss = 1.9278838634490967
Epoch 2: loss = 1.924761176109314
Epoch 3: loss = 1.9245692491531372
Epoch 4: loss = 1.9245429039001465
Epoch 5: loss = 1.9245392084121704
Epoch 6: loss = 1.9245388507843018
Epoch 7: loss = 1.9245381355285645
Epoch 8: loss = 1.9245374202728271
Early stopping at epoch 8 with loss 1.9245692491531372
Epoch 0: loss = -3.4327292442321777
Epoch 1: loss = -3.4555375576019287
Epoch 2: loss = -3.45560622215271
Epoch 3: loss = -3.4556260108947754
Epoch 4: loss = -3.455631732940674
Epoch 5: loss = -3.455631732940674
Epoch 6: loss = -3.455632209777832
Early stopping at epoch 6 with loss -3.4555375576019287
Reconstruction for fluence = 88.58667904100822 photons/pixel
Epoch 0: loss = 236.75498962402344
Epoch 1: loss = 4.483625888824463
Epoch 2: loss = 4.470727920532227
Epoch 3: loss = 4.469722270965576
Epoch 4: loss = 4.469541549682617
Epoch 5: loss = 4.469502925872803
Epoch 6: loss = 4.469499111175537
Epoch 7: loss = 4.4694952964782715
Epoch 8: loss = 4.4694952964782715
Epoch 9: loss = 4.469493389129639
Early stopping at epoch 9 with loss 4.469541549682617
Epoch 0: loss = -12.022565841674805
Epoch 1: loss = -12.050856590270996
Epoch 2: loss = -12.050878524780273
Epoch 3: loss = -12.050881385803223
Epoch 4: loss = -12.050881385803223
Epoch 5: loss = -12.050882339477539
Epoch 6: loss = -12.050882339477539
Early stopping at epoch 6 with loss -12.050856590270996
Reconstruction for fluence = 206.9138081114788 photons/pixel
Epoch 0: loss = 1278.1119384765625
Epoch 1: loss = 10.488424301147461
Epoch 2: loss = 10.434654235839844
Epoch 3: loss = 10.429476737976074
Epoch 4: loss = 10.428400039672852
Epoch 5: loss = 10.428131103515625
Epoch 6: loss = 10.428056716918945
Epoch 7: loss = 10.4280366897583
Epoch 8: loss = 10.428033828735352
Epoch 9: loss = 10.428028106689453
Epoch 10: loss = 10.42802619934082
Epoch 11: loss = 10.428024291992188
Epoch 12: loss = 10.428023338317871
Epoch 13: loss = 10.428022384643555
Epoch 14: loss = 10.428022384643555
Early stopping at epoch 14 with loss 10.428028106689453
Epoch 0: loss = -37.447566986083984
Epoch 1: loss = -37.481380462646484
Epoch 2: loss = -37.481380462646484
Epoch 3: loss = -37.481380462646484
Epoch 4: loss = -37.481380462646484
Epoch 5: loss = -37.481388092041016
Epoch 6: loss = -37.481388092041016
Early stopping at epoch 6 with loss -37.481380462646484
Reconstruction for fluence = 483.2930238571752 photons/pixel
Epoch 0: loss = 6937.99658203125
Epoch 1: loss = 24.788646697998047
Epoch 2: loss = 24.542530059814453
Epoch 3: loss = 24.517330169677734
Epoch 4: loss = 24.511323928833008
Epoch 5: loss = 24.50986099243164
Epoch 6: loss = 24.509361267089844
Epoch 7: loss = 24.509193420410156
Epoch 8: loss = 24.509136199951172
Epoch 9: loss = 24.509119033813477
Epoch 10: loss = 24.50910758972168
Epoch 11: loss = 24.50910186767578
Epoch 12: loss = 24.50910186767578
Early stopping at epoch 12 with loss 24.509193420410156
Epoch 0: loss = -109.34000396728516
Epoch 1: loss = -109.37992095947266
Epoch 2: loss = -109.37995147705078
Epoch 3: loss = -109.37995147705078
Epoch 4: loss = -109.37995147705078
Epoch 5: loss = -109.37995147705078
Epoch 6: loss = -109.37995147705078
Early stopping at epoch 6 with loss -109.37992095947266
Reconstruction for fluence = 1128.8378916846884 photons/pixel
Epoch 0: loss = 37777.3125
Epoch 1: loss = 59.23583221435547
Epoch 2: loss = 57.975887298583984
Epoch 3: loss = 57.8363037109375
Epoch 4: loss = 57.803070068359375
Epoch 5: loss = 57.79444122314453
Epoch 6: loss = 57.79151153564453
Epoch 7: loss = 57.79037094116211
Epoch 8: loss = 57.78988265991211
Epoch 9: loss = 57.789756774902344
Epoch 10: loss = 57.78972244262695
Epoch 11: loss = 57.789703369140625
Epoch 12: loss = 57.789642333984375
Epoch 13: loss = 57.78959655761719
Epoch 14: loss = 57.78956985473633
Epoch 0: loss = -306.4153137207031
Epoch 1: loss = -306.4610290527344
Epoch 2: loss = -306.4610290527344
Epoch 3: loss = -306.4610290527344
Epoch 4: loss = -306.4610290527344
Epoch 5: loss = -306.4610290527344
Epoch 6: loss = -306.4610290527344
Early stopping at epoch 6 with loss -306.4610290527344
Reconstruction for fluence = 2636.6508987303555 photons/pixel
Epoch 0: loss = 205849.015625
Epoch 1: loss = 141.92245483398438
Epoch 2: loss = 135.45706176757812
Epoch 3: loss = 134.6632537841797
Epoch 4: loss = 134.4836883544922
Epoch 5: loss = 134.43389892578125
Epoch 6: loss = 134.4187774658203
Epoch 7: loss = 134.41261291503906
Epoch 8: loss = 134.4095916748047
Epoch 9: loss = 134.40814208984375
Epoch 10: loss = 134.4074249267578
Epoch 11: loss = 134.40728759765625
Epoch 12: loss = 134.4071807861328
Epoch 13: loss = 134.40713500976562
Epoch 14: loss = 134.4071044921875
Epoch 0: loss = -834.9000854492188
Epoch 1: loss = -834.947509765625
Epoch 2: loss = -834.947509765625
Epoch 3: loss = -834.947509765625
Epoch 4: loss = -834.947509765625
Epoch 5: loss = -834.947509765625
Epoch 6: loss = -834.947509765625
Early stopping at epoch 6 with loss -834.947509765625
Reconstruction for fluence = 6158.482110660255 photons/pixel
Epoch 0: loss = 1122586.75
Epoch 1: loss = 351.59515380859375
Epoch 2: loss = 315.7247619628906
Epoch 3: loss = 312.4371032714844
Epoch 4: loss = 311.22601318359375
Epoch 5: loss = 310.97833251953125
Epoch 6: loss = 310.89886474609375
Epoch 7: loss = 310.8670349121094
Epoch 8: loss = 310.8528137207031
Epoch 9: loss = 310.84527587890625
Epoch 10: loss = 310.8414306640625
Epoch 11: loss = 310.839599609375
Epoch 12: loss = 310.8389587402344
Epoch 13: loss = 310.83868408203125
Epoch 14: loss = 310.838623046875
Epoch 0: loss = -2228.438720703125
Epoch 1: loss = -2228.490234375
Epoch 2: loss = -2228.490234375
Epoch 3: loss = -2228.490234375
Epoch 4: loss = -2228.490234375
Epoch 5: loss = -2228.490234375
Epoch 6: loss = -2228.490234375
Early stopping at epoch 6 with loss -2228.490234375
Reconstruction for fluence = 14384.498882876629 photons/pixel
Epoch 0: loss = 6124234.5
Epoch 1: loss = 952.3112182617188
Epoch 2: loss = 758.943603515625
Epoch 3: loss = 740.1328125
Epoch 4: loss = 735.1002197265625
Epoch 5: loss = 733.7694091796875
Epoch 6: loss = 733.3635864257812
Epoch 7: loss = 733.1874389648438
Epoch 8: loss = 733.1049194335938
Epoch 9: loss = 733.0635986328125
Epoch 10: loss = 733.0464477539062
Epoch 11: loss = 733.0359497070312
Epoch 12: loss = 733.0325317382812
Epoch 13: loss = 733.03173828125
Epoch 14: loss = 733.0313720703125
Epoch 0: loss = -5854.21337890625
Epoch 1: loss = -5854.26806640625
Epoch 2: loss = -5854.26806640625
Epoch 3: loss = -5854.26806640625
Epoch 4: loss = -5854.26806640625
Epoch 5: loss = -5854.26806640625
Epoch 6: loss = -5854.26806640625
Early stopping at epoch 6 with loss -5854.26806640625
Reconstruction for fluence = 33598.18286283781 photons/pixel
Epoch 0: loss = 33407322.0
Epoch 1: loss = 2908.053955078125
Epoch 2: loss = 1858.2794189453125
Epoch 3: loss = 1755.5958251953125
Epoch 4: loss = 1728.1031494140625
Epoch 5: loss = 1721.0782470703125
Epoch 6: loss = 1718.6026611328125
Epoch 7: loss = 1717.580322265625
Epoch 8: loss = 1717.1630859375
Epoch 9: loss = 1716.9647216796875
Epoch 10: loss = 1716.8702392578125
Epoch 11: loss = 1716.8271484375
Epoch 12: loss = 1716.809326171875
Epoch 13: loss = 1716.79443359375
Epoch 14: loss = 1716.792236328125
Epoch 0: loss = -15192.685546875
Epoch 1: loss = -15192.73828125
Epoch 2: loss = -15192.73828125
Epoch 3: loss = -15192.73828125
Epoch 4: loss = -15192.73828125
Epoch 5: loss = -15192.73828125
Epoch 6: loss = -15192.73828125
Early stopping at epoch 6 with loss -15192.73828125
Reconstruction for fluence = 78475.99703514607 photons/pixel
Epoch 0: loss = 182251920.0
Epoch 1: loss = 10519.0712890625
Epoch 2: loss = 4834.73974609375
Epoch 3: loss = 4223.11181640625
Epoch 4: loss = 4070.8876953125
Epoch 5: loss = 4031.41748046875
Epoch 6: loss = 4017.864013671875
Epoch 7: loss = 4012.263427734375
Epoch 8: loss = 4009.569580078125
Epoch 9: loss = 4008.253662109375
Epoch 10: loss = 4007.64501953125
Epoch 11: loss = 4007.34619140625
Epoch 12: loss = 4007.216796875
Epoch 13: loss = 4007.14013671875
Epoch 14: loss = 4007.09619140625
Epoch 0: loss = -39030.47265625
Epoch 1: loss = -39030.53125
Epoch 2: loss = -39030.53125
Epoch 3: loss = -39030.53125
Epoch 4: loss = -39030.53125
Epoch 5: loss = -39030.53125
Epoch 6: loss = -39030.53125
Early stopping at epoch 6 with loss -39030.53125
Reconstruction for fluence = 183298.07108324335 photons/pixel
Epoch 0: loss = 994264128.0
Epoch 1: loss = 44786.25
Epoch 2: loss = 13739.1337890625
Epoch 3: loss = 10550.5458984375
Epoch 4: loss = 9687.8271484375
Epoch 5: loss = 9457.87109375
Epoch 6: loss = 9386.001953125
Epoch 7: loss = 9356.7431640625
Epoch 8: loss = 9342.60546875
Epoch 9: loss = 9335.8623046875
Epoch 10: loss = 9332.7900390625
Epoch 11: loss = 9331.2958984375
Epoch 12: loss = 9330.65625
Epoch 13: loss = 9330.3076171875
Epoch 14: loss = 9330.103515625
Epoch 0: loss = -99446.7265625
Epoch 1: loss = -99446.78125
Epoch 2: loss = -99446.78125
Epoch 3: loss = -99446.78125
Epoch 4: loss = -99446.78125
Epoch 5: loss = -99446.78125
Epoch 6: loss = -99446.78125
Early stopping at epoch 6 with loss -99446.78125
Reconstruction for fluence = 428133.2398719387 photons/pixel
Epoch 0: loss = 5424389120.0
Epoch 1: loss = 215442.75
Epoch 2: loss = 46798.67578125
Epoch 3: loss = 28640.740234375
Epoch 4: loss = 23956.78515625
Epoch 5: loss = 22656.291015625
Epoch 6: loss = 22254.826171875
Epoch 7: loss = 22073.6640625
Epoch 8: loss = 21995.3203125
Epoch 9: loss = 21958.36328125
Epoch 10: loss = 21939.619140625
Epoch 11: loss = 21930.572265625
Epoch 12: loss = 21926.3046875
Epoch 13: loss = 21924.05859375
Epoch 14: loss = 21922.6328125
Epoch 0: loss = -251620.625
Epoch 1: loss = -251620.6875
Epoch 2: loss = -251620.6875
Epoch 3: loss = -251620.6875
Epoch 4: loss = -251620.6875
Epoch 5: loss = -251620.6875
Epoch 6: loss = -251620.6875
Early stopping at epoch 6 with loss -251620.6875
Reconstruction for fluence = 1000000.0 photons/pixel
Epoch 0: loss = 29592608768.0
Epoch 1: loss = 1105910.625
Epoch 2: loss = 183215.90625
Epoch 3: loss = 87344.203125
Epoch 4: loss = 61653.26171875
Epoch 5: loss = 54600.6171875
Epoch 6: loss = 52483.0
Epoch 7: loss = 51687.69140625
Epoch 8: loss = 51310.37890625
Epoch 9: loss = 51119.13671875
Epoch 10: loss = 51026.03515625
Epoch 11: loss = 50983.49609375
Epoch 12: loss = 50962.4921875
Epoch 13: loss = 50951.06640625
Epoch 14: loss = 50945.21875
Epoch 0: loss = -632889.5625
Epoch 1: loss = -632889.6875
Epoch 2: loss = -632889.6875
Epoch 3: loss = -632889.6875
Epoch 4: loss = -632889.6875
Epoch 5: loss = -632889.6875
Epoch 6: loss = -632889.6875
Early stopping at epoch 6 with loss -632889.6875
Simulation for steps_size=5 and n_fluences=20 completed!
