Running simulation for steps_size=11 and n_fluences=20
Steps size: 11
Tensors initialization on device cuda
Multiprobe = None

('MSE', None) RECONSTRUCTIONS

Reconstruction for fluence = 0.09999999999999999 photons/pixel
Epoch 0: loss = 0.031138785183429718
Epoch 1: loss = 0.03112785704433918
Epoch 2: loss = 0.031116949394345284
Epoch 3: loss = 0.031106064096093178
Epoch 4: loss = 0.031095201149582863
Epoch 5: loss = 0.031084366142749786
Early stopping at epoch 5 with loss 0.031138785183429718
Reconstruction for fluence = 0.23357214690901223 photons/pixel
Epoch 0: loss = 0.09333102405071259
Epoch 1: loss = 0.0492003932595253
Epoch 2: loss = 0.049175016582012177
Epoch 3: loss = 0.049175016582012177
Epoch 4: loss = 0.049175016582012177
Epoch 5: loss = 0.049175016582012177
Epoch 6: loss = 0.049175016582012177
Early stopping at epoch 6 with loss 0.0492003932595253
Reconstruction for fluence = 0.5455594781168519 photons/pixel
Epoch 0: loss = 0.32839956879615784
Epoch 1: loss = 0.11639372259378433
Epoch 2: loss = 0.11633099615573883
Epoch 3: loss = 0.11632931232452393
Epoch 4: loss = 0.11632931232452393
Epoch 5: loss = 0.11632931232452393
Epoch 6: loss = 0.11632931232452393
Early stopping at epoch 6 with loss 0.11639372259378433
Reconstruction for fluence = 1.2742749857031335 photons/pixel
Epoch 0: loss = 1.3497284650802612
Epoch 1: loss = 0.2645118236541748
Epoch 2: loss = 0.2642602026462555
Epoch 3: loss = 0.26425328850746155
Epoch 4: loss = 0.26425275206565857
Epoch 5: loss = 0.26425257325172424
Epoch 6: loss = 0.26425251364707947
Epoch 7: loss = 0.26425251364707947
Early stopping at epoch 7 with loss 0.2642602026462555
Reconstruction for fluence = 2.976351441631318 photons/pixel
Epoch 0: loss = 6.390021324157715
Epoch 1: loss = 0.616817057132721
Epoch 2: loss = 0.6155253648757935
Epoch 3: loss = 0.6154887080192566
Epoch 4: loss = 0.6154859662055969
Epoch 5: loss = 0.6154858469963074
Epoch 6: loss = 0.6154857873916626
Epoch 7: loss = 0.6154854893684387
Early stopping at epoch 7 with loss 0.6155253648757935
Reconstruction for fluence = 6.9519279617756045 photons/pixel
Epoch 0: loss = 32.38459777832031
Epoch 1: loss = 1.419999122619629
Epoch 2: loss = 1.4131488800048828
Epoch 3: loss = 1.4129455089569092
Epoch 4: loss = 1.4129252433776855
Epoch 5: loss = 1.4129225015640259
Epoch 6: loss = 1.4129221439361572
Epoch 7: loss = 1.4129220247268677
Epoch 8: loss = 1.412921667098999
Early stopping at epoch 8 with loss 1.4129455089569092
Reconstruction for fluence = 16.23776739188721 photons/pixel
Epoch 0: loss = 172.689208984375
Epoch 1: loss = 3.377695322036743
Epoch 2: loss = 3.3529820442199707
Epoch 3: loss = 3.3517746925354004
Epoch 4: loss = 3.351639986038208
Epoch 5: loss = 3.351616144180298
Epoch 6: loss = 3.3516147136688232
Epoch 7: loss = 3.351613759994507
Epoch 8: loss = 3.3516132831573486
Epoch 9: loss = 3.3516125679016113
Early stopping at epoch 9 with loss 3.351639986038208
Reconstruction for fluence = 37.926901907322495 photons/pixel
Epoch 0: loss = 926.3681640625
Epoch 1: loss = 7.85197639465332
Epoch 2: loss = 7.726691246032715
Epoch 3: loss = 7.71944522857666
Epoch 4: loss = 7.7184295654296875
Epoch 5: loss = 7.718267917633057
Epoch 6: loss = 7.718236446380615
Epoch 7: loss = 7.718233585357666
Epoch 8: loss = 7.718231201171875
Epoch 9: loss = 7.718228816986084
Epoch 10: loss = 7.718226909637451
Early stopping at epoch 10 with loss 7.718267917633057
Reconstruction for fluence = 88.58667904100822 photons/pixel
Epoch 0: loss = 5034.11669921875
Epoch 1: loss = 18.47487449645996
Epoch 2: loss = 17.92523193359375
Epoch 3: loss = 17.8826847076416
Epoch 4: loss = 17.876232147216797
Epoch 5: loss = 17.874662399291992
Epoch 6: loss = 17.87430763244629
Epoch 7: loss = 17.87428092956543
Epoch 8: loss = 17.87418556213379
Epoch 9: loss = 17.874162673950195
Epoch 10: loss = 17.874156951904297
Epoch 11: loss = 17.8741512298584
Epoch 12: loss = 17.8741455078125
Epoch 13: loss = 17.8741397857666
Early stopping at epoch 13 with loss 17.87418556213379
Reconstruction for fluence = 206.9138081114788 photons/pixel
Epoch 0: loss = 27390.013671875
Epoch 1: loss = 44.119300842285156
Epoch 2: loss = 41.49457550048828
Epoch 3: loss = 41.28230667114258
Epoch 4: loss = 41.250946044921875
Epoch 5: loss = 41.24200439453125
Epoch 6: loss = 41.239540100097656
Epoch 7: loss = 41.23871994018555
Epoch 8: loss = 41.23836135864258
Epoch 9: loss = 41.238162994384766
Epoch 10: loss = 41.23814010620117
Epoch 11: loss = 41.23812484741211
Epoch 12: loss = 41.23811340332031
Epoch 13: loss = 41.23811340332031
Epoch 14: loss = 41.23809051513672
Early stopping at epoch 14 with loss 41.238162994384766
Reconstruction for fluence = 483.2930238571752 photons/pixel
Epoch 0: loss = 149230.203125
Epoch 1: loss = 110.28278350830078
Epoch 2: loss = 97.47418975830078
Epoch 3: loss = 96.5908203125
Epoch 4: loss = 96.40025329589844
Epoch 5: loss = 96.35338592529297
Epoch 6: loss = 96.34074401855469
Epoch 7: loss = 96.33463287353516
Epoch 8: loss = 96.33216857910156
Epoch 9: loss = 96.33087921142578
Epoch 10: loss = 96.33030700683594
Epoch 11: loss = 96.33026123046875
Epoch 12: loss = 96.33014678955078
Epoch 13: loss = 96.3301010131836
Epoch 14: loss = 96.33001708984375
Epoch 15: loss = 96.3299331665039
Epoch 16: loss = 96.32991790771484
Epoch 17: loss = 96.32986450195312
Epoch 18: loss = 96.32986450195312
Epoch 19: loss = 96.32986450195312
Epoch 20: loss = 96.32986450195312
Epoch 21: loss = 96.32982635498047
Epoch 22: loss = 96.3298110961914
Early stopping at epoch 22 with loss 96.32986450195312
Reconstruction for fluence = 1128.8378916846884 photons/pixel
Epoch 0: loss = 813788.8125
Epoch 1: loss = 302.9514465332031
Epoch 2: loss = 232.7880859375
Epoch 3: loss = 228.46484375
Epoch 4: loss = 227.4650115966797
Epoch 5: loss = 227.1773681640625
Epoch 6: loss = 227.1029510498047
Epoch 7: loss = 227.07432556152344
Epoch 8: loss = 227.06028747558594
Epoch 9: loss = 227.05320739746094
Epoch 10: loss = 227.0500030517578
Epoch 11: loss = 227.04864501953125
Epoch 12: loss = 227.0481719970703
Epoch 13: loss = 227.04769897460938
Epoch 14: loss = 227.04759216308594
Epoch 15: loss = 227.0475616455078
Epoch 16: loss = 227.0474853515625
Epoch 17: loss = 227.04725646972656
Epoch 18: loss = 227.04722595214844
Epoch 19: loss = 227.0471954345703
Epoch 20: loss = 227.0471954345703
Epoch 21: loss = 227.047119140625
Epoch 22: loss = 227.047119140625
Epoch 23: loss = 227.0470733642578
Epoch 24: loss = 227.04701232910156
Epoch 25: loss = 227.04701232910156
Epoch 26: loss = 227.04698181152344
Epoch 27: loss = 227.04698181152344
Epoch 28: loss = 227.0469970703125
Epoch 29: loss = 227.0469512939453
Epoch 30: loss = 227.0469512939453
Epoch 31: loss = 227.04698181152344
Early stopping at epoch 31 with loss 227.04698181152344
Reconstruction for fluence = 2636.6508987303555 photons/pixel
Epoch 0: loss = 4437530.5
Epoch 1: loss = 901.2811889648438
Epoch 2: loss = 549.1033935546875
Epoch 3: loss = 526.0435791015625
Epoch 4: loss = 520.0170288085938
Epoch 5: loss = 518.2890625
Epoch 6: loss = 517.815185546875
Epoch 7: loss = 517.6223754882812
Epoch 8: loss = 517.534423828125
Epoch 9: loss = 517.4945068359375
Epoch 10: loss = 517.4739379882812
Epoch 11: loss = 517.465087890625
Epoch 12: loss = 517.4608154296875
Epoch 13: loss = 517.4599609375
Epoch 14: loss = 517.4592895507812
Epoch 15: loss = 517.458251953125
Epoch 16: loss = 517.4578857421875
Epoch 17: loss = 517.4570922851562
Epoch 18: loss = 517.4566040039062
Epoch 19: loss = 517.456298828125
Epoch 20: loss = 517.4561767578125
Epoch 21: loss = 517.4558715820312
Epoch 22: loss = 517.4558715820312
Epoch 23: loss = 517.4558715820312
Epoch 24: loss = 517.45556640625
Epoch 25: loss = 517.45556640625
Epoch 26: loss = 517.4553833007812
Epoch 27: loss = 517.4553833007812
Epoch 28: loss = 517.4552001953125
Epoch 29: loss = 517.4552001953125
Epoch 30: loss = 517.4548950195312
Epoch 31: loss = 517.4549560546875
Epoch 32: loss = 517.4549560546875
Epoch 33: loss = 517.4548950195312
Epoch 34: loss = 517.4548950195312
Epoch 35: loss = 517.4548950195312
Early stopping at epoch 35 with loss 517.4548950195312
Reconstruction for fluence = 6158.482110660255 photons/pixel
Epoch 0: loss = 24216672.0
Epoch 1: loss = 3397.154052734375
Epoch 2: loss = 1421.7584228515625
Epoch 3: loss = 1296.58935546875
Epoch 4: loss = 1265.396240234375
Epoch 5: loss = 1255.865234375
Epoch 6: loss = 1253.1708984375
Epoch 7: loss = 1252.1295166015625
Epoch 8: loss = 1251.6019287109375
Epoch 9: loss = 1251.3697509765625
Epoch 10: loss = 1251.244140625
Epoch 11: loss = 1251.1837158203125
Epoch 12: loss = 1251.154541015625
Epoch 13: loss = 1251.1375732421875
Epoch 14: loss = 1251.1337890625
Epoch 15: loss = 1251.1256103515625
Epoch 16: loss = 1251.124267578125
Epoch 17: loss = 1251.12353515625
Epoch 18: loss = 1251.1217041015625
Epoch 19: loss = 1251.1217041015625
Epoch 20: loss = 1251.1207275390625
Epoch 21: loss = 1251.1199951171875
Epoch 22: loss = 1251.118896484375
Epoch 23: loss = 1251.1182861328125
Epoch 24: loss = 1251.117919921875
Epoch 25: loss = 1251.1171875
Epoch 26: loss = 1251.1171875
Epoch 27: loss = 1251.1168212890625
Epoch 28: loss = 1251.1168212890625
Epoch 29: loss = 1251.1158447265625
Epoch 30: loss = 1251.1163330078125
Epoch 31: loss = 1251.1160888671875
Epoch 32: loss = 1251.1163330078125
Epoch 33: loss = 1251.1163330078125
Epoch 34: loss = 1251.1158447265625
Early stopping at epoch 34 with loss 1251.1158447265625
Reconstruction for fluence = 14384.498882876629 photons/pixel
Epoch 0: loss = 132098504.0
Epoch 1: loss = 14529.6787109375
Epoch 2: loss = 3761.631591796875
Epoch 3: loss = 3120.157470703125
Epoch 4: loss = 2956.298095703125
Epoch 5: loss = 2909.347900390625
Epoch 6: loss = 2895.51513671875
Epoch 7: loss = 2890.184814453125
Epoch 8: loss = 2887.432373046875
Epoch 9: loss = 2886.12744140625
Epoch 10: loss = 2885.423095703125
Epoch 11: loss = 2885.116455078125
Epoch 12: loss = 2884.9638671875
Epoch 13: loss = 2884.884033203125
Epoch 14: loss = 2884.8291015625
Epoch 15: loss = 2884.815673828125
Epoch 16: loss = 2884.79638671875
Epoch 17: loss = 2884.783447265625
Epoch 18: loss = 2884.780517578125
Epoch 19: loss = 2884.780517578125
Epoch 20: loss = 2884.77685546875
Epoch 21: loss = 2884.77001953125
Epoch 22: loss = 2884.766357421875
Epoch 23: loss = 2884.764892578125
Epoch 24: loss = 2884.761962890625
Epoch 25: loss = 2884.762451171875
Epoch 26: loss = 2884.762939453125
Epoch 27: loss = 2884.761962890625
Epoch 28: loss = 2884.760986328125
Epoch 29: loss = 2884.761474609375
Epoch 30: loss = 2884.75830078125
Epoch 31: loss = 2884.760009765625
Epoch 32: loss = 2884.760498046875
Epoch 33: loss = 2884.759765625
Epoch 34: loss = 2884.760986328125
Epoch 35: loss = 2884.760986328125
Early stopping at epoch 35 with loss 2884.75830078125
Reconstruction for fluence = 33598.18286283781 photons/pixel
Epoch 0: loss = 720684608.0
Epoch 1: loss = 69359.9921875
Epoch 2: loss = 11202.732421875
Epoch 3: loss = 7884.9140625
Epoch 4: loss = 6999.189453125
Epoch 5: loss = 6708.23095703125
Epoch 6: loss = 6637.23974609375
Epoch 7: loss = 6606.2568359375
Epoch 8: loss = 6590.7216796875
Epoch 9: loss = 6582.9697265625
Epoch 10: loss = 6578.65478515625
Epoch 11: loss = 6576.71533203125
Epoch 12: loss = 6575.75341796875
Epoch 13: loss = 6575.1875
Epoch 14: loss = 6574.88623046875
Epoch 15: loss = 6574.85400390625
Epoch 16: loss = 6574.712890625
Epoch 17: loss = 6574.63525390625
Epoch 18: loss = 6574.60888671875
Epoch 19: loss = 6574.56103515625
Epoch 20: loss = 6574.5634765625
Epoch 21: loss = 6574.53759765625
Epoch 22: loss = 6574.54248046875
Epoch 23: loss = 6574.5390625
Epoch 24: loss = 6574.53369140625
Epoch 25: loss = 6574.53369140625
Epoch 26: loss = 6574.53076171875
Epoch 27: loss = 6574.52978515625
Epoch 28: loss = 6574.52099609375
Epoch 29: loss = 6574.52587890625
Epoch 30: loss = 6574.52587890625
Epoch 31: loss = 6574.52880859375
Epoch 32: loss = 6574.52880859375
Epoch 33: loss = 6574.52294921875
Early stopping at epoch 33 with loss 6574.52099609375
Reconstruction for fluence = 78475.99703514607 photons/pixel
Epoch 0: loss = 3931499264.0
Epoch 1: loss = 355163.34375
Epoch 2: loss = 42761.80859375
Epoch 3: loss = 23194.001953125
Epoch 4: loss = 18235.556640625
Epoch 5: loss = 16771.962890625
Epoch 6: loss = 16376.67578125
Epoch 7: loss = 16215.5048828125
Epoch 8: loss = 16132.0986328125
Epoch 9: loss = 16091.3212890625
Epoch 10: loss = 16069.3388671875
Epoch 11: loss = 16059.236328125
Epoch 12: loss = 16054.3251953125
Epoch 13: loss = 16051.451171875
Epoch 14: loss = 16049.9892578125
Epoch 15: loss = 16049.201171875
Epoch 16: loss = 16048.7314453125
Epoch 17: loss = 16048.5126953125
Epoch 18: loss = 16048.357421875
Epoch 19: loss = 16048.2568359375
Epoch 20: loss = 16048.2451171875
Epoch 21: loss = 16048.201171875
Epoch 22: loss = 16048.1474609375
Epoch 23: loss = 16048.1337890625
Epoch 24: loss = 16048.12890625
Epoch 25: loss = 16048.1376953125
Epoch 26: loss = 16048.1162109375
Epoch 27: loss = 16048.123046875
Epoch 28: loss = 16048.1181640625
Epoch 29: loss = 16048.1142578125
Epoch 30: loss = 16048.1181640625
Epoch 31: loss = 16048.107421875
Epoch 32: loss = 16048.1298828125
Epoch 33: loss = 16048.109375
Epoch 34: loss = 16048.125
Epoch 35: loss = 16048.1064453125
Epoch 36: loss = 16048.107421875
Epoch 37: loss = 16048.11328125
Epoch 38: loss = 16048.111328125
Epoch 39: loss = 16048.0908203125
Epoch 40: loss = 16048.111328125
Epoch 41: loss = 16048.123046875
Epoch 42: loss = 16048.1162109375
Epoch 43: loss = 16048.1142578125
Epoch 44: loss = 16048.12890625
Early stopping at epoch 44 with loss 16048.0908203125
Reconstruction for fluence = 183298.07108324335 photons/pixel
Epoch 0: loss = 21448130560.0
Epoch 1: loss = 1899253.125
Epoch 2: loss = 175228.5
Epoch 3: loss = 75042.7265625
Epoch 4: loss = 48929.29296875
Epoch 5: loss = 40652.73046875
Epoch 6: loss = 38236.03515625
Epoch 7: loss = 37212.921875
Epoch 8: loss = 36753.39453125
Epoch 9: loss = 36535.58984375
Epoch 10: loss = 36417.0625
Epoch 11: loss = 36356.2109375
Epoch 12: loss = 36327.390625
Epoch 13: loss = 36311.25
Epoch 14: loss = 36302.83984375
Epoch 15: loss = 36298.2578125
Epoch 16: loss = 36295.6953125
Epoch 17: loss = 36294.3828125
Epoch 18: loss = 36293.54296875
Epoch 19: loss = 36292.92578125
Epoch 20: loss = 36292.86328125
Epoch 21: loss = 36292.515625
Epoch 22: loss = 36292.34375
Epoch 23: loss = 36292.23046875
Epoch 24: loss = 36292.265625
Epoch 25: loss = 36292.16015625
Epoch 26: loss = 36292.1875
Epoch 27: loss = 36292.1171875
Epoch 28: loss = 36292.109375
Epoch 29: loss = 36292.05078125
Epoch 30: loss = 36292.0703125
Epoch 31: loss = 36292.03515625
Epoch 32: loss = 36292.08203125
Epoch 33: loss = 36292.05078125
Epoch 34: loss = 36292.03125
Epoch 35: loss = 36292.08203125
Epoch 36: loss = 36292.08203125
Epoch 37: loss = 36292.05078125
Epoch 38: loss = 36292.015625
Epoch 39: loss = 36292.08203125
Epoch 40: loss = 36292.04296875
Epoch 41: loss = 36292.05859375
Epoch 42: loss = 36292.0859375
Epoch 43: loss = 36292.11328125
Early stopping at epoch 43 with loss 36292.015625
Reconstruction for fluence = 428133.2398719387 photons/pixel
Epoch 0: loss = 117015273472.0
Epoch 1: loss = 10220497.0
Epoch 2: loss = 858868.625
Epoch 3: loss = 294128.90625
Epoch 4: loss = 149903.90625
Epoch 5: loss = 109799.2109375
Epoch 6: loss = 97053.2890625
Epoch 7: loss = 91685.8515625
Epoch 8: loss = 89250.8671875
Epoch 9: loss = 88023.28125
Epoch 10: loss = 87445.078125
Epoch 11: loss = 87106.4609375
Epoch 12: loss = 86944.8515625
Epoch 13: loss = 86858.9609375
Epoch 14: loss = 86810.6640625
Epoch 15: loss = 86786.140625
Epoch 16: loss = 86771.6015625
Epoch 17: loss = 86764.6328125
Epoch 18: loss = 86759.4765625
Epoch 19: loss = 86756.421875
Epoch 20: loss = 86755.9140625
Epoch 21: loss = 86754.3828125
Epoch 22: loss = 86754.3828125
Epoch 23: loss = 86753.53125
Epoch 24: loss = 86752.375
Epoch 25: loss = 86752.390625
Epoch 26: loss = 86752.3515625
Epoch 27: loss = 86751.890625
Epoch 28: loss = 86751.4609375
Epoch 29: loss = 86751.703125
Epoch 30: loss = 86751.65625
Epoch 31: loss = 86751.8515625
Epoch 32: loss = 86751.6875
Epoch 33: loss = 86751.6484375
Early stopping at epoch 33 with loss 86751.4609375
Reconstruction for fluence = 1000000.0 photons/pixel
Epoch 0: loss = 638381457408.0
Epoch 1: loss = 56110644.0
Epoch 2: loss = 4455927.5
Epoch 3: loss = 1397042.875
Epoch 4: loss = 569609.125
Epoch 5: loss = 325101.0
Epoch 6: loss = 256458.609375
Epoch 7: loss = 228526.28125
Epoch 8: loss = 214335.84375
Epoch 9: loss = 208086.140625
Epoch 10: loss = 204715.171875
Epoch 11: loss = 203109.28125
Epoch 12: loss = 202303.765625
Epoch 13: loss = 201833.671875
Epoch 14: loss = 201565.109375
Epoch 15: loss = 201421.953125
Epoch 16: loss = 201347.171875
Epoch 17: loss = 201306.78125
Epoch 18: loss = 201282.046875
Epoch 19: loss = 201266.796875
Epoch 20: loss = 201257.828125
Epoch 21: loss = 201251.828125
Epoch 22: loss = 201248.671875
Epoch 23: loss = 201247.828125
Epoch 24: loss = 201245.421875
Epoch 25: loss = 201243.703125
Epoch 26: loss = 201244.796875
Epoch 27: loss = 201243.703125
Epoch 28: loss = 201243.828125
Epoch 29: loss = 201243.953125
Epoch 30: loss = 201243.140625
Epoch 31: loss = 201242.828125
Epoch 32: loss = 201244.03125
Epoch 33: loss = 201243.53125
Epoch 34: loss = 201243.84375
Epoch 35: loss = 201242.703125
Epoch 36: loss = 201243.453125
Epoch 37: loss = 201243.328125
Epoch 38: loss = 201242.453125
Epoch 39: loss = 201242.6875
Epoch 40: loss = 201243.421875
Epoch 41: loss = 201243.5625
Epoch 42: loss = 201242.890625
Epoch 43: loss = 201242.609375
Early stopping at epoch 43 with loss 201242.453125
Tensors initialization on device cuda
Multiprobe = None

('MSE', 'PoissonNLL') RECONSTRUCTIONS

Reconstruction for fluence = 0.09999999999999999 photons/pixel
Epoch 0: loss = 0.03083832748234272
Epoch 1: loss = 0.030827905982732773
Epoch 2: loss = 0.030817504972219467
Epoch 3: loss = 0.0308071281760931
Epoch 4: loss = 0.03079676628112793
Epoch 5: loss = 0.030786432325839996
Early stopping at epoch 5 with loss 0.03083832748234272
Epoch 0: loss = 0.08802927285432816
Epoch 1: loss = 0.06247228384017944
Epoch 2: loss = 0.062435124069452286
Epoch 3: loss = 0.062434740364551544
Epoch 4: loss = 0.062434740364551544
Epoch 5: loss = 0.062434740364551544
Epoch 6: loss = 0.062434740364551544
Early stopping at epoch 6 with loss 0.06247228384017944
Reconstruction for fluence = 0.23357214690901223 photons/pixel
Epoch 0: loss = 0.093485988676548
Epoch 1: loss = 0.04998107627034187
Epoch 2: loss = 0.04995100572705269
Epoch 3: loss = 0.049950823187828064
Epoch 4: loss = 0.049950823187828064
Epoch 5: loss = 0.049950823187828064
Epoch 6: loss = 0.049950823187828064
Early stopping at epoch 6 with loss 0.04998107627034187
Epoch 0: loss = 0.1156642735004425
Epoch 1: loss = 0.10063706338405609
Epoch 2: loss = 0.10063379257917404
Epoch 3: loss = 0.10063379257917404
Epoch 4: loss = 0.10063379257917404
Epoch 5: loss = 0.10063379257917404
Epoch 6: loss = 0.10063379257917404
Early stopping at epoch 6 with loss 0.10063706338405609
Reconstruction for fluence = 0.5455594781168519 photons/pixel
Epoch 0: loss = 0.32699549198150635
Epoch 1: loss = 0.11692971736192703
Epoch 2: loss = 0.11687074601650238
Epoch 3: loss = 0.11686878651380539
Epoch 4: loss = 0.11686878651380539
Epoch 5: loss = 0.11686878651380539
Epoch 6: loss = 0.11686878651380539
Early stopping at epoch 6 with loss 0.11692971736192703
Epoch 0: loss = 0.14754390716552734
Epoch 1: loss = 0.12600907683372498
Epoch 2: loss = 0.1259952187538147
Epoch 3: loss = 0.1259949505329132
Epoch 4: loss = 0.1259949505329132
Epoch 5: loss = 0.1259949505329132
Epoch 6: loss = 0.1259949505329132
Early stopping at epoch 6 with loss 0.12600907683372498
Reconstruction for fluence = 1.2742749857031335 photons/pixel
Epoch 0: loss = 1.3597118854522705
Epoch 1: loss = 0.2668921649456024
Epoch 2: loss = 0.266652911901474
Epoch 3: loss = 0.26664677262306213
Epoch 4: loss = 0.26664653420448303
Epoch 5: loss = 0.2666463255882263
Epoch 6: loss = 0.2666463255882263
Epoch 7: loss = 0.26664629578590393
Early stopping at epoch 7 with loss 0.266652911901474
Epoch 0: loss = 0.06737284362316132
Epoch 1: loss = 0.03517535328865051
Epoch 2: loss = 0.03513150289654732
Epoch 3: loss = 0.03512521833181381
Epoch 4: loss = 0.03512521833181381
Epoch 5: loss = 0.03512521833181381
Epoch 6: loss = 0.03512521833181381
Early stopping at epoch 6 with loss 0.03517535328865051
Reconstruction for fluence = 2.976351441631318 photons/pixel
Epoch 0: loss = 6.4319281578063965
Epoch 1: loss = 0.6212892532348633
Epoch 2: loss = 0.6197286248207092
Epoch 3: loss = 0.6196907162666321
Epoch 4: loss = 0.6196877956390381
Epoch 5: loss = 0.6196876168251038
Epoch 6: loss = 0.6196874976158142
Epoch 7: loss = 0.6196874976158142
Early stopping at epoch 7 with loss 0.6197286248207092
Epoch 0: loss = -0.48938313126564026
Epoch 1: loss = -0.5357807874679565
Epoch 2: loss = -0.5358539819717407
Epoch 3: loss = -0.5358679890632629
Epoch 4: loss = -0.535869300365448
Epoch 5: loss = -0.5358694195747375
Epoch 6: loss = -0.5358694195747375
Early stopping at epoch 6 with loss -0.5357807874679565
Reconstruction for fluence = 6.9519279617756045 photons/pixel
Epoch 0: loss = 32.42192077636719
Epoch 1: loss = 1.422078251838684
Epoch 2: loss = 1.4164445400238037
Epoch 3: loss = 1.4162405729293823
Epoch 4: loss = 1.416221261024475
Epoch 5: loss = 1.4162193536758423
Epoch 6: loss = 1.4162193536758423
Epoch 7: loss = 1.416218638420105
Epoch 8: loss = 1.4162184000015259
Early stopping at epoch 8 with loss 1.4162405729293823
Epoch 0: loss = -2.667151927947998
Epoch 1: loss = -2.729893684387207
Epoch 2: loss = -2.730067729949951
Epoch 3: loss = -2.730084180831909
Epoch 4: loss = -2.7300965785980225
Epoch 5: loss = -2.730098009109497
Epoch 6: loss = -2.730098009109497
Epoch 7: loss = -2.730098247528076
Early stopping at epoch 7 with loss -2.730067729949951
Reconstruction for fluence = 16.23776739188721 photons/pixel
Epoch 0: loss = 171.9997100830078
Epoch 1: loss = 3.2776570320129395
Epoch 2: loss = 3.2522354125976562
Epoch 3: loss = 3.250962018966675
Epoch 4: loss = 3.2508273124694824
Epoch 5: loss = 3.250805139541626
Epoch 6: loss = 3.2508041858673096
Epoch 7: loss = 3.2508022785186768
Epoch 8: loss = 3.2508022785186768
Epoch 9: loss = 3.2508020401000977
Early stopping at epoch 9 with loss 3.2508273124694824
Epoch 0: loss = -9.716794967651367
Epoch 1: loss = -9.798638343811035
Epoch 2: loss = -9.798734664916992
Epoch 3: loss = -9.798810005187988
Epoch 4: loss = -9.798839569091797
Epoch 5: loss = -9.798840522766113
Epoch 6: loss = -9.798840522766113
Epoch 7: loss = -9.79884147644043
Epoch 8: loss = -9.798842430114746
Early stopping at epoch 8 with loss -9.798810005187988
Reconstruction for fluence = 37.926901907322495 photons/pixel
Epoch 0: loss = 926.7987060546875
Epoch 1: loss = 7.8090667724609375
Epoch 2: loss = 7.672585487365723
Epoch 3: loss = 7.66499662399292
Epoch 4: loss = 7.6638946533203125
Epoch 5: loss = 7.66367244720459
Epoch 6: loss = 7.663628578186035
Epoch 7: loss = 7.663623332977295
Epoch 8: loss = 7.6636223793029785
Epoch 9: loss = 7.663620948791504
Epoch 10: loss = 7.663619041442871
Early stopping at epoch 10 with loss 7.66367244720459
Epoch 0: loss = -30.79115867614746
Epoch 1: loss = -30.90231704711914
Epoch 2: loss = -30.902719497680664
Epoch 3: loss = -30.90272331237793
Epoch 4: loss = -30.902740478515625
Epoch 5: loss = -30.90274429321289
Epoch 6: loss = -30.902753829956055
Epoch 7: loss = -30.90277099609375
Early stopping at epoch 7 with loss -30.902719497680664
Reconstruction for fluence = 88.58667904100822 photons/pixel
Epoch 0: loss = 5032.46728515625
Epoch 1: loss = 18.647510528564453
Epoch 2: loss = 18.07745361328125
Epoch 3: loss = 18.02678871154785
Epoch 4: loss = 18.02011489868164
Epoch 5: loss = 18.01877784729004
Epoch 6: loss = 18.018444061279297
Epoch 7: loss = 18.018444061279297
Epoch 8: loss = 18.018367767333984
Epoch 9: loss = 18.018321990966797
Epoch 10: loss = 18.018314361572266
Epoch 11: loss = 18.018314361572266
Epoch 12: loss = 18.018306732177734
Epoch 13: loss = 18.018306732177734
Epoch 14: loss = 18.0183048248291
Early stopping at epoch 14 with loss 18.018321990966797
Epoch 0: loss = -90.66446685791016
Epoch 1: loss = -90.81077575683594
Epoch 2: loss = -90.8110580444336
Epoch 3: loss = -90.81107330322266
Epoch 4: loss = -90.81111907958984
Epoch 5: loss = -90.81111907958984
Epoch 6: loss = -90.81111907958984
Epoch 7: loss = -90.81111907958984
Early stopping at epoch 7 with loss -90.8110580444336
Reconstruction for fluence = 206.9138081114788 photons/pixel
Epoch 0: loss = 27394.115234375
Epoch 1: loss = 45.7630615234375
Epoch 2: loss = 41.99619674682617
Epoch 3: loss = 41.802371978759766
Epoch 4: loss = 41.763671875
Epoch 5: loss = 41.754642486572266
Epoch 6: loss = 41.75222396850586
Epoch 7: loss = 41.751373291015625
Epoch 8: loss = 41.75096893310547
Epoch 9: loss = 41.750797271728516
Epoch 10: loss = 41.75078582763672
Epoch 11: loss = 41.75075912475586
Epoch 12: loss = 41.750732421875
Epoch 13: loss = 41.750732421875
Epoch 14: loss = 41.75071334838867
Early stopping at epoch 14 with loss 41.750797271728516
Epoch 0: loss = -255.87318420410156
Epoch 1: loss = -256.0626220703125
Epoch 2: loss = -256.0626525878906
Epoch 3: loss = -256.0628356933594
Epoch 4: loss = -256.0628356933594
Epoch 5: loss = -256.0628662109375
Epoch 6: loss = -256.0628662109375
Epoch 7: loss = -256.0628662109375
Epoch 8: loss = -256.0628967285156
Early stopping at epoch 8 with loss -256.0628356933594
Reconstruction for fluence = 483.2930238571752 photons/pixel
Epoch 0: loss = 149231.53125
Epoch 1: loss = 113.07154846191406
Epoch 2: loss = 96.57984924316406
Epoch 3: loss = 95.59583282470703
Epoch 4: loss = 95.3843002319336
Epoch 5: loss = 95.32722473144531
Epoch 6: loss = 95.31118774414062
Epoch 7: loss = 95.3049087524414
Epoch 8: loss = 95.30223083496094
Epoch 9: loss = 95.3009262084961
Epoch 10: loss = 95.30033111572266
Epoch 11: loss = 95.3002700805664
Epoch 12: loss = 95.3001708984375
Epoch 13: loss = 95.30013275146484
Epoch 14: loss = 95.30008697509766
Epoch 0: loss = -700.2713012695312
Epoch 1: loss = -700.489990234375
Epoch 2: loss = -700.4901733398438
Epoch 3: loss = -700.4901733398438
Epoch 4: loss = -700.4901733398438
Epoch 5: loss = -700.4901733398438
Epoch 6: loss = -700.4901733398438
Epoch 7: loss = -700.4901733398438
Early stopping at epoch 7 with loss -700.4901733398438
Reconstruction for fluence = 1128.8378916846884 photons/pixel
Epoch 0: loss = 813814.3125
Epoch 1: loss = 295.8749694824219
Epoch 2: loss = 227.62193298339844
Epoch 3: loss = 223.5105743408203
Epoch 4: loss = 222.5443572998047
Epoch 5: loss = 222.26182556152344
Epoch 6: loss = 222.18490600585938
Epoch 7: loss = 222.15316772460938
Epoch 8: loss = 222.1383514404297
Epoch 9: loss = 222.13131713867188
Epoch 10: loss = 222.1274871826172
Epoch 11: loss = 222.12582397460938
Epoch 12: loss = 222.1254425048828
Epoch 13: loss = 222.125
Epoch 14: loss = 222.1248321533203
Epoch 0: loss = -1875.5299072265625
Epoch 1: loss = -1875.7877197265625
Epoch 2: loss = -1875.7882080078125
Epoch 3: loss = -1875.7884521484375
Epoch 4: loss = -1875.7884521484375
Epoch 5: loss = -1875.7884521484375
Epoch 6: loss = -1875.7884521484375
Epoch 7: loss = -1875.7884521484375
Epoch 8: loss = -1875.7884521484375
Early stopping at epoch 8 with loss -1875.7884521484375
Reconstruction for fluence = 2636.6508987303555 photons/pixel
Epoch 0: loss = 4438762.5
Epoch 1: loss = 936.3502807617188
Epoch 2: loss = 567.5814208984375
Epoch 3: loss = 543.2966918945312
Epoch 4: loss = 537.8683471679688
Epoch 5: loss = 536.2744140625
Epoch 6: loss = 535.8369140625
Epoch 7: loss = 535.6705932617188
Epoch 8: loss = 535.5855712890625
Epoch 9: loss = 535.5484008789062
Epoch 10: loss = 535.5302124023438
Epoch 11: loss = 535.522216796875
Epoch 12: loss = 535.5169067382812
Epoch 13: loss = 535.5153198242188
Epoch 14: loss = 535.5145263671875
Epoch 0: loss = -4939.85302734375
Epoch 1: loss = -4940.142578125
Epoch 2: loss = -4940.142578125
Epoch 3: loss = -4940.142578125
Epoch 4: loss = -4940.142578125
Epoch 5: loss = -4940.142578125
Epoch 6: loss = -4940.142578125
Early stopping at epoch 6 with loss -4940.142578125
Reconstruction for fluence = 6158.482110660255 photons/pixel
Epoch 0: loss = 24216806.0
Epoch 1: loss = 3333.197998046875
Epoch 2: loss = 1379.054443359375
Epoch 3: loss = 1269.828125
Epoch 4: loss = 1240.6820068359375
Epoch 5: loss = 1232.505126953125
Epoch 6: loss = 1230.1636962890625
Epoch 7: loss = 1229.205810546875
Epoch 8: loss = 1228.7510986328125
Epoch 9: loss = 1228.5208740234375
Epoch 10: loss = 1228.4014892578125
Epoch 11: loss = 1228.34619140625
Epoch 12: loss = 1228.3336181640625
Epoch 13: loss = 1228.3123779296875
Epoch 14: loss = 1228.3048095703125
Epoch 0: loss = -12844.6455078125
Epoch 1: loss = -12844.9638671875
Epoch 2: loss = -12844.9638671875
Epoch 3: loss = -12844.9638671875
Epoch 4: loss = -12844.9638671875
Epoch 5: loss = -12844.9638671875
Epoch 6: loss = -12844.9638671875
Early stopping at epoch 6 with loss -12844.9638671875
Reconstruction for fluence = 14384.498882876629 photons/pixel
Epoch 0: loss = 132082432.0
Epoch 1: loss = 14881.0224609375
Epoch 2: loss = 3882.006103515625
Epoch 3: loss = 3195.790771484375
Epoch 4: loss = 3027.0205078125
Epoch 5: loss = 2976.868408203125
Epoch 6: loss = 2962.7685546875
Epoch 7: loss = 2957.060791015625
Epoch 8: loss = 2954.426025390625
Epoch 9: loss = 2953.002685546875
Epoch 10: loss = 2952.3203125
Epoch 11: loss = 2951.984375
Epoch 12: loss = 2951.82080078125
Epoch 13: loss = 2951.72314453125
Epoch 14: loss = 2951.690185546875
Epoch 0: loss = -33056.94140625
Epoch 1: loss = -33057.25
Epoch 2: loss = -33057.25
Epoch 3: loss = -33057.25
Epoch 4: loss = -33057.25
Epoch 5: loss = -33057.25
Epoch 6: loss = -33057.25
Early stopping at epoch 6 with loss -33057.25
Reconstruction for fluence = 33598.18286283781 photons/pixel
Epoch 0: loss = 720607360.0
Epoch 1: loss = 69456.2890625
Epoch 2: loss = 11307.765625
Epoch 3: loss = 7945.2431640625
Epoch 4: loss = 7050.08251953125
Epoch 5: loss = 6788.07080078125
Epoch 6: loss = 6711.013671875
Epoch 7: loss = 6682.3935546875
Epoch 8: loss = 6668.068359375
Epoch 9: loss = 6661.236328125
Epoch 10: loss = 6657.4541015625
Epoch 11: loss = 6655.7412109375
Epoch 12: loss = 6655.00244140625
Epoch 13: loss = 6654.44482421875
Epoch 14: loss = 6654.16162109375
Epoch 0: loss = -84335.6953125
Epoch 1: loss = -84336.0078125
Epoch 2: loss = -84336.0078125
Epoch 3: loss = -84336.0078125
Epoch 4: loss = -84336.0078125
Epoch 5: loss = -84336.0078125
Epoch 6: loss = -84336.0078125
Early stopping at epoch 6 with loss -84336.0078125
Reconstruction for fluence = 78475.99703514607 photons/pixel
Epoch 0: loss = 3931481856.0
Epoch 1: loss = 365408.90625
Epoch 2: loss = 41192.96484375
Epoch 3: loss = 22598.22265625
Epoch 4: loss = 17645.453125
Epoch 5: loss = 16166.6875
Epoch 6: loss = 15740.6806640625
Epoch 7: loss = 15574.6044921875
Epoch 8: loss = 15493.873046875
Epoch 9: loss = 15453.37890625
Epoch 10: loss = 15432.2431640625
Epoch 11: loss = 15422.2880859375
Epoch 12: loss = 15417.59765625
Epoch 13: loss = 15414.6630859375
Epoch 14: loss = 15413.044921875
Epoch 0: loss = -213616.953125
Epoch 1: loss = -213617.3125
Epoch 2: loss = -213617.3125
Epoch 3: loss = -213617.3125
Epoch 4: loss = -213617.3125
Epoch 5: loss = -213617.3125
Epoch 6: loss = -213617.3125
Early stopping at epoch 6 with loss -213617.3125
Reconstruction for fluence = 183298.07108324335 photons/pixel
Epoch 0: loss = 21447714816.0
Epoch 1: loss = 1893013.375
Epoch 2: loss = 183577.078125
Epoch 3: loss = 77491.375
Epoch 4: loss = 48990.2109375
Epoch 5: loss = 40645.96875
Epoch 6: loss = 38444.41015625
Epoch 7: loss = 37545.66796875
Epoch 8: loss = 37090.890625
Epoch 9: loss = 36874.7265625
Epoch 10: loss = 36749.55078125
Epoch 11: loss = 36688.14453125
Epoch 12: loss = 36659.97265625
Epoch 13: loss = 36643.0390625
Epoch 14: loss = 36633.80859375
Epoch 0: loss = -537844.6875
Epoch 1: loss = -537845.0
Epoch 2: loss = -537845.0
Epoch 3: loss = -537845.0
Epoch 4: loss = -537845.0
Epoch 5: loss = -537845.0
Epoch 6: loss = -537845.0
Early stopping at epoch 6 with loss -537845.0
Reconstruction for fluence = 428133.2398719387 photons/pixel
Epoch 0: loss = 117013700608.0
Epoch 1: loss = 10340837.0
Epoch 2: loss = 858719.375
Epoch 3: loss = 299129.0625
Epoch 4: loss = 150336.203125
Epoch 5: loss = 107808.8046875
Epoch 6: loss = 95472.5859375
Epoch 7: loss = 90710.4765625
Epoch 8: loss = 88374.3515625
Epoch 9: loss = 87268.046875
Epoch 10: loss = 86682.4375
Epoch 11: loss = 86391.3046875
Epoch 12: loss = 86258.5
Epoch 13: loss = 86175.6015625
Epoch 14: loss = 86130.1015625
Epoch 0: loss = -1347017.875
Epoch 1: loss = -1347018.25
Epoch 2: loss = -1347018.25
Epoch 3: loss = -1347018.25
Epoch 4: loss = -1347018.25
Epoch 5: loss = -1347018.25
Epoch 6: loss = -1347018.25
Early stopping at epoch 6 with loss -1347018.25
Reconstruction for fluence = 1000000.0 photons/pixel
Epoch 0: loss = 638382833664.0
Epoch 1: loss = 56089424.0
Epoch 2: loss = 4408573.5
Epoch 3: loss = 1365473.625
Epoch 4: loss = 544385.8125
Epoch 5: loss = 312039.84375
Epoch 6: loss = 249811.71875
Epoch 7: loss = 224052.546875
Epoch 8: loss = 210492.546875
Epoch 9: loss = 203731.359375
Epoch 10: loss = 200427.65625
Epoch 11: loss = 198824.859375
Epoch 12: loss = 198079.953125
Epoch 13: loss = 197469.453125
Epoch 14: loss = 197210.5625
Epoch 0: loss = -3358363.25
Epoch 1: loss = -3358363.5
Epoch 2: loss = -3358363.5
Epoch 3: loss = -3358363.5
Epoch 4: loss = -3358363.5
Epoch 5: loss = -3358363.5
Epoch 6: loss = -3358363.5
Early stopping at epoch 6 with loss -3358363.5
Simulation for steps_size=11 and n_fluences=20 completed!
