Running simulation for steps_size=14 and n_fluences=20
Steps size: 14
Tensors initialization on device cuda
Multiprobe = band_lim
torch.Size([1, 64, 64])

('MSE', None) RECONSTRUCTIONS

Reconstruction for fluence = 0.09999999999999999 photons/pixel
Epoch 0: loss = 0.068395234644413
Epoch 1: loss = 0.02832198143005371
Epoch 2: loss = 0.027891868725419044
Epoch 3: loss = 0.027837608009576797
Epoch 4: loss = 0.02782059647142887
Epoch 5: loss = 0.027815014123916626
Epoch 6: loss = 0.027813905850052834
Epoch 7: loss = 0.027813905850052834
Early stopping at epoch 7 with loss 0.027891868725419044
Reconstruction for fluence = 0.23357214690901223 photons/pixel
Epoch 0: loss = 0.254710853099823
Epoch 1: loss = 0.06411705166101456
Epoch 2: loss = 0.06276581436395645
Epoch 3: loss = 0.06265613436698914
Epoch 4: loss = 0.0626448541879654
Epoch 5: loss = 0.0626433864235878
Epoch 6: loss = 0.06264329701662064
Epoch 7: loss = 0.06264329701662064
Epoch 8: loss = 0.06264329701662064
Early stopping at epoch 8 with loss 0.06265613436698914
Reconstruction for fluence = 0.5455594781168519 photons/pixel
Epoch 0: loss = 1.1390050649642944
Epoch 1: loss = 0.14695428311824799
Epoch 2: loss = 0.14301930367946625
Epoch 3: loss = 0.14253969490528107
Epoch 4: loss = 0.14247259497642517
Epoch 5: loss = 0.1424655318260193
Epoch 6: loss = 0.14246489107608795
Epoch 7: loss = 0.14246487617492676
Epoch 8: loss = 0.14246484637260437
Early stopping at epoch 8 with loss 0.14253969490528107
Reconstruction for fluence = 1.2742749857031335 photons/pixel
Epoch 0: loss = 5.573214530944824
Epoch 1: loss = 0.3471684157848358
Epoch 2: loss = 0.3343808948993683
Epoch 3: loss = 0.3326062262058258
Epoch 4: loss = 0.33232855796813965
Epoch 5: loss = 0.3322775065898895
Epoch 6: loss = 0.3322715759277344
Epoch 7: loss = 0.33227089047431946
Epoch 8: loss = 0.3322708010673523
Epoch 9: loss = 0.3322705626487732
Early stopping at epoch 9 with loss 0.33232855796813965
Reconstruction for fluence = 2.976351441631318 photons/pixel
Epoch 0: loss = 29.036155700683594
Epoch 1: loss = 0.8082250952720642
Epoch 2: loss = 0.766364574432373
Epoch 3: loss = 0.7601563930511475
Epoch 4: loss = 0.7590349316596985
Epoch 5: loss = 0.7588447332382202
Epoch 6: loss = 0.7588157653808594
Epoch 7: loss = 0.7588092088699341
Epoch 8: loss = 0.7588089108467102
Epoch 9: loss = 0.758808434009552
Epoch 10: loss = 0.7588081359863281
Early stopping at epoch 10 with loss 0.7588447332382202
Reconstruction for fluence = 6.9519279617756045 photons/pixel
Epoch 0: loss = 154.74159240722656
Epoch 1: loss = 1.9013302326202393
Epoch 2: loss = 1.7501051425933838
Epoch 3: loss = 1.7289490699768066
Epoch 4: loss = 1.7241069078445435
Epoch 5: loss = 1.722943663597107
Epoch 6: loss = 1.7227483987808228
Epoch 7: loss = 1.7226837873458862
Epoch 8: loss = 1.7226636409759521
Epoch 9: loss = 1.722657561302185
Epoch 10: loss = 1.7226570844650269
Epoch 11: loss = 1.7226568460464478
Early stopping at epoch 11 with loss 1.7227483987808228
Reconstruction for fluence = 16.23776739188721 photons/pixel
Epoch 0: loss = 838.2352294921875
Epoch 1: loss = 4.567773818969727
Epoch 2: loss = 4.019741058349609
Epoch 3: loss = 3.944650888442993
Epoch 4: loss = 3.926609992980957
Epoch 5: loss = 3.9209747314453125
Epoch 6: loss = 3.919565439224243
Epoch 7: loss = 3.919002056121826
Epoch 8: loss = 3.9188053607940674
Epoch 9: loss = 3.918735980987549
Epoch 10: loss = 3.9187138080596924
Epoch 11: loss = 3.9187090396881104
Epoch 12: loss = 3.918707847595215
Epoch 13: loss = 3.918707847595215
Early stopping at epoch 13 with loss 3.9188053607940674
Reconstruction for fluence = 37.926901907322495 photons/pixel
Epoch 0: loss = 4524.0478515625
Epoch 1: loss = 11.290375709533691
Epoch 2: loss = 9.149595260620117
Epoch 3: loss = 8.91291618347168
Epoch 4: loss = 8.853657722473145
Epoch 5: loss = 8.83378791809082
Epoch 6: loss = 8.827082633972168
Epoch 7: loss = 8.824174880981445
Epoch 8: loss = 8.822871208190918
Epoch 9: loss = 8.82223892211914
Epoch 10: loss = 8.821981430053711
Epoch 11: loss = 8.821887016296387
Epoch 12: loss = 8.821844100952148
Epoch 13: loss = 8.821834564208984
Epoch 14: loss = 8.821830749511719
Epoch 15: loss = 8.821829795837402
Epoch 16: loss = 8.82182502746582
Epoch 17: loss = 8.82182502746582
Early stopping at epoch 17 with loss 8.821844100952148
Reconstruction for fluence = 88.58667904100822 photons/pixel
Epoch 0: loss = 24691.291015625
Epoch 1: loss = 32.83539581298828
Epoch 2: loss = 22.6748046875
Epoch 3: loss = 21.751493453979492
Epoch 4: loss = 21.553007125854492
Epoch 5: loss = 21.486845016479492
Epoch 6: loss = 21.462587356567383
Epoch 7: loss = 21.45128059387207
Epoch 8: loss = 21.445791244506836
Epoch 9: loss = 21.44308853149414
Epoch 10: loss = 21.441591262817383
Epoch 11: loss = 21.440954208374023
Epoch 12: loss = 21.440629959106445
Epoch 13: loss = 21.440439224243164
Epoch 14: loss = 21.440410614013672
Epoch 15: loss = 21.440345764160156
Epoch 16: loss = 21.440336227416992
Epoch 17: loss = 21.44032096862793
Epoch 18: loss = 21.4403018951416
Epoch 19: loss = 21.4403018951416
Epoch 20: loss = 21.4403018951416
Epoch 21: loss = 21.440298080444336
Early stopping at epoch 21 with loss 21.440336227416992
Reconstruction for fluence = 206.9138081114788 photons/pixel
Epoch 0: loss = 134726.71875
Epoch 1: loss = 100.69915771484375
Epoch 2: loss = 52.602962493896484
Epoch 3: loss = 48.72687530517578
Epoch 4: loss = 47.94075012207031
Epoch 5: loss = 47.69306945800781
Epoch 6: loss = 47.60007858276367
Epoch 7: loss = 47.556697845458984
Epoch 8: loss = 47.533992767333984
Epoch 9: loss = 47.51936340332031
Epoch 10: loss = 47.512245178222656
Epoch 11: loss = 47.50843048095703
Epoch 12: loss = 47.5064697265625
Epoch 13: loss = 47.50537109375
Epoch 14: loss = 47.50468063354492
Epoch 15: loss = 47.504364013671875
Epoch 16: loss = 47.50421905517578
Epoch 17: loss = 47.504150390625
Epoch 18: loss = 47.50400924682617
Epoch 19: loss = 47.50399398803711
Epoch 20: loss = 47.503997802734375
Epoch 21: loss = 47.50397491455078
Epoch 22: loss = 47.50395584106445
Epoch 23: loss = 47.503963470458984
Early stopping at epoch 23 with loss 47.50400924682617
Reconstruction for fluence = 483.2930238571752 photons/pixel
Epoch 0: loss = 734758.6875
Epoch 1: loss = 387.7219543457031
Epoch 2: loss = 134.48834228515625
Epoch 3: loss = 116.68763732910156
Epoch 4: loss = 113.54999542236328
Epoch 5: loss = 112.67770385742188
Epoch 6: loss = 112.34159851074219
Epoch 7: loss = 112.173583984375
Epoch 8: loss = 112.08329772949219
Epoch 9: loss = 112.03223419189453
Epoch 10: loss = 112.00174713134766
Epoch 11: loss = 111.98336029052734
Epoch 12: loss = 111.97264099121094
Epoch 13: loss = 111.96571350097656
Epoch 14: loss = 111.96151733398438
Epoch 15: loss = 111.95877838134766
Epoch 16: loss = 111.95730590820312
Epoch 17: loss = 111.9565200805664
Epoch 18: loss = 111.95620727539062
Epoch 19: loss = 111.95589447021484
Epoch 20: loss = 111.95565032958984
Epoch 21: loss = 111.95552825927734
Epoch 22: loss = 111.95542907714844
Epoch 23: loss = 111.95526885986328
Epoch 24: loss = 111.95526885986328
Epoch 25: loss = 111.95526885986328
Epoch 26: loss = 111.95523071289062
Epoch 27: loss = 111.95519256591797
Epoch 28: loss = 111.95516204833984
Epoch 29: loss = 111.95511627197266
Epoch 30: loss = 111.955078125
Epoch 31: loss = 111.955078125
Epoch 32: loss = 111.95506286621094
Epoch 33: loss = 111.95499420166016
Epoch 34: loss = 111.95498657226562
Epoch 35: loss = 111.9549789428711
Epoch 36: loss = 111.9549789428711
Epoch 37: loss = 111.95494079589844
Epoch 38: loss = 111.95490264892578
Early stopping at epoch 38 with loss 111.95499420166016
Reconstruction for fluence = 1128.8378916846884 photons/pixel
Epoch 0: loss = 4008021.25
Epoch 1: loss = 1765.1796875
Epoch 2: loss = 388.05999755859375
Epoch 3: loss = 290.0687255859375
Epoch 4: loss = 274.7893981933594
Epoch 5: loss = 270.8410339355469
Epoch 6: loss = 269.4449462890625
Epoch 7: loss = 268.7881164550781
Epoch 8: loss = 268.41461181640625
Epoch 9: loss = 268.19549560546875
Epoch 10: loss = 268.0739440917969
Epoch 11: loss = 268.0065002441406
Epoch 12: loss = 267.96502685546875
Epoch 13: loss = 267.93682861328125
Epoch 14: loss = 267.9183349609375
Epoch 15: loss = 267.9060974121094
Epoch 16: loss = 267.8995361328125
Epoch 17: loss = 267.8943176269531
Epoch 18: loss = 267.89080810546875
Epoch 19: loss = 267.8902587890625
Epoch 20: loss = 267.887939453125
Epoch 21: loss = 267.8865051269531
Epoch 22: loss = 267.88623046875
Epoch 23: loss = 267.88623046875
Epoch 24: loss = 267.88543701171875
Epoch 25: loss = 267.8851013183594
Epoch 26: loss = 267.8847351074219
Epoch 27: loss = 267.8846435546875
Epoch 28: loss = 267.884521484375
Epoch 29: loss = 267.8843688964844
Epoch 30: loss = 267.8841857910156
Epoch 31: loss = 267.8842468261719
Epoch 32: loss = 267.8841247558594
Epoch 33: loss = 267.8840637207031
Epoch 34: loss = 267.8839111328125
Epoch 35: loss = 267.8839111328125
Epoch 36: loss = 267.8837890625
Epoch 37: loss = 267.8837890625
Epoch 38: loss = 267.8839111328125
Epoch 39: loss = 267.8836975097656
Epoch 40: loss = 267.88372802734375
Epoch 41: loss = 267.8835144042969
Epoch 42: loss = 267.8837585449219
Epoch 43: loss = 267.8836364746094
Epoch 44: loss = 267.8835754394531
Epoch 45: loss = 267.8835144042969
Epoch 46: loss = 267.8836669921875
Early stopping at epoch 46 with loss 267.8835144042969
Reconstruction for fluence = 2636.6508987303555 photons/pixel
Epoch 0: loss = 21871734.0
Epoch 1: loss = 8589.107421875
Epoch 2: loss = 1208.48388671875
Epoch 3: loss = 709.2252807617188
Epoch 4: loss = 633.3718872070312
Epoch 5: loss = 612.8756103515625
Epoch 6: loss = 606.1582641601562
Epoch 7: loss = 603.1383056640625
Epoch 8: loss = 601.4589233398438
Epoch 9: loss = 600.567138671875
Epoch 10: loss = 600.0286865234375
Epoch 11: loss = 599.7481689453125
Epoch 12: loss = 599.5731811523438
Epoch 13: loss = 599.4546508789062
Epoch 14: loss = 599.3754272460938
Epoch 15: loss = 599.3524780273438
Epoch 16: loss = 599.3021850585938
Epoch 17: loss = 599.2739868164062
Epoch 18: loss = 599.2534790039062
Epoch 19: loss = 599.2534790039062
Epoch 20: loss = 599.2374877929688
Epoch 21: loss = 599.22802734375
Epoch 22: loss = 599.2239990234375
Epoch 23: loss = 599.2181396484375
Epoch 24: loss = 599.2144775390625
Epoch 25: loss = 599.2146606445312
Epoch 26: loss = 599.2120361328125
Epoch 27: loss = 599.2113647460938
Epoch 28: loss = 599.2098999023438
Epoch 29: loss = 599.2085571289062
Epoch 30: loss = 599.2080078125
Epoch 31: loss = 599.2073974609375
Epoch 32: loss = 599.2069702148438
Epoch 33: loss = 599.2071533203125
Epoch 34: loss = 599.2069702148438
Epoch 35: loss = 599.2067260742188
Epoch 36: loss = 599.206298828125
Epoch 37: loss = 599.2056274414062
Epoch 38: loss = 599.2057495117188
Epoch 39: loss = 599.2054443359375
Epoch 40: loss = 599.2055053710938
Epoch 41: loss = 599.2053833007812
Epoch 42: loss = 599.20556640625
Epoch 43: loss = 599.205322265625
Epoch 44: loss = 599.205322265625
Early stopping at epoch 44 with loss 599.2054443359375
Reconstruction for fluence = 6158.482110660255 photons/pixel
Epoch 0: loss = 119304392.0
Epoch 1: loss = 44886.23828125
Epoch 2: loss = 4677.8779296875
Epoch 3: loss = 2022.8046875
Epoch 4: loss = 1579.082763671875
Epoch 5: loss = 1476.277587890625
Epoch 6: loss = 1444.154296875
Epoch 7: loss = 1430.427734375
Epoch 8: loss = 1423.6827392578125
Epoch 9: loss = 1419.723876953125
Epoch 10: loss = 1417.562744140625
Epoch 11: loss = 1416.379150390625
Epoch 12: loss = 1415.698974609375
Epoch 13: loss = 1415.263671875
Epoch 14: loss = 1414.944091796875
Epoch 15: loss = 1414.7274169921875
Epoch 16: loss = 1414.6015625
Epoch 17: loss = 1414.515625
Epoch 18: loss = 1414.45654296875
Epoch 19: loss = 1414.414306640625
Epoch 20: loss = 1414.3980712890625
Epoch 21: loss = 1414.3740234375
Epoch 22: loss = 1414.3590087890625
Epoch 23: loss = 1414.348388671875
Epoch 24: loss = 1414.3399658203125
Epoch 25: loss = 1414.3399658203125
Epoch 26: loss = 1414.3343505859375
Epoch 27: loss = 1414.3326416015625
Epoch 28: loss = 1414.3299560546875
Epoch 29: loss = 1414.330078125
Epoch 30: loss = 1414.3289794921875
Epoch 31: loss = 1414.326904296875
Epoch 32: loss = 1414.326171875
Epoch 33: loss = 1414.323974609375
Epoch 34: loss = 1414.323974609375
Epoch 35: loss = 1414.3218994140625
Epoch 36: loss = 1414.32275390625
Epoch 37: loss = 1414.321533203125
Epoch 38: loss = 1414.3218994140625
Epoch 39: loss = 1414.3218994140625
Epoch 40: loss = 1414.3209228515625
Epoch 41: loss = 1414.3203125
Epoch 42: loss = 1414.3211669921875
Epoch 43: loss = 1414.3203125
Epoch 44: loss = 1414.3199462890625
Epoch 45: loss = 1414.3199462890625
Epoch 46: loss = 1414.318359375
Epoch 47: loss = 1414.319091796875
Epoch 48: loss = 1414.3193359375
Epoch 49: loss = 1414.3193359375
Epoch 50: loss = 1414.3193359375
Epoch 51: loss = 1414.3187255859375
Early stopping at epoch 51 with loss 1414.318359375
Reconstruction for fluence = 14384.498882876629 photons/pixel
Epoch 0: loss = 650863744.0
Epoch 1: loss = 239321.46875
Epoch 2: loss = 20686.478515625
Epoch 3: loss = 6312.744140625
Epoch 4: loss = 4225.0810546875
Epoch 5: loss = 3684.334716796875
Epoch 6: loss = 3525.281494140625
Epoch 7: loss = 3451.1552734375
Epoch 8: loss = 3413.09375
Epoch 9: loss = 3392.03369140625
Epoch 10: loss = 3381.13525390625
Epoch 11: loss = 3375.71923828125
Epoch 12: loss = 3372.6708984375
Epoch 13: loss = 3370.50732421875
Epoch 14: loss = 3369.074951171875
Epoch 15: loss = 3368.048583984375
Epoch 16: loss = 3367.392333984375
Epoch 17: loss = 3366.96240234375
Epoch 18: loss = 3366.641845703125
Epoch 19: loss = 3366.433349609375
Epoch 20: loss = 3366.280517578125
Epoch 21: loss = 3366.249267578125
Epoch 22: loss = 3366.23876953125
Epoch 23: loss = 3366.137451171875
Epoch 24: loss = 3366.091064453125
Epoch 25: loss = 3366.057373046875
Epoch 26: loss = 3366.036865234375
Epoch 27: loss = 3366.004638671875
Epoch 28: loss = 3365.974853515625
Epoch 29: loss = 3365.952392578125
Epoch 30: loss = 3365.951171875
Epoch 31: loss = 3365.9404296875
Epoch 32: loss = 3365.9287109375
Epoch 33: loss = 3365.928955078125
Epoch 34: loss = 3365.92333984375
Epoch 35: loss = 3365.920654296875
Epoch 36: loss = 3365.91748046875
Epoch 37: loss = 3365.922119140625
Epoch 38: loss = 3365.914306640625
Epoch 39: loss = 3365.91455078125
Epoch 40: loss = 3365.908447265625
Epoch 41: loss = 3365.92138671875
Epoch 42: loss = 3365.9130859375
Epoch 43: loss = 3365.905029296875
Epoch 44: loss = 3365.91015625
Epoch 45: loss = 3365.9130859375
Epoch 46: loss = 3365.909912109375
Epoch 47: loss = 3365.9130859375
Epoch 48: loss = 3365.91064453125
Early stopping at epoch 48 with loss 3365.905029296875
Reconstruction for fluence = 33598.18286283781 photons/pixel
Epoch 0: loss = 3550739968.0
Epoch 1: loss = 1296789.0
Epoch 2: loss = 103298.4140625
Epoch 3: loss = 24469.8671875
Epoch 4: loss = 12692.361328125
Epoch 5: loss = 9954.15625
Epoch 6: loss = 8879.4228515625
Epoch 7: loss = 8485.728515625
Epoch 8: loss = 8292.94921875
Epoch 9: loss = 8191.62255859375
Epoch 10: loss = 8137.35595703125
Epoch 11: loss = 8108.05859375
Epoch 12: loss = 8091.88037109375
Epoch 13: loss = 8080.33349609375
Epoch 14: loss = 8072.97216796875
Epoch 15: loss = 8068.10791015625
Epoch 16: loss = 8064.90625
Epoch 17: loss = 8062.97802734375
Epoch 18: loss = 8061.6279296875
Epoch 19: loss = 8060.56689453125
Epoch 20: loss = 8059.83154296875
Epoch 21: loss = 8059.3291015625
Epoch 22: loss = 8059.025390625
Epoch 23: loss = 8058.76123046875
Epoch 24: loss = 8058.57958984375
Epoch 25: loss = 8058.44287109375
Epoch 26: loss = 8058.419921875
Epoch 27: loss = 8058.33544921875
Epoch 28: loss = 8058.27880859375
Epoch 29: loss = 8058.2109375
Epoch 30: loss = 8058.21337890625
Epoch 31: loss = 8058.1884765625
Epoch 32: loss = 8058.17333984375
Epoch 33: loss = 8058.1630859375
Epoch 34: loss = 8058.13623046875
Epoch 35: loss = 8058.12109375
Epoch 36: loss = 8058.12841796875
Epoch 37: loss = 8058.1240234375
Epoch 38: loss = 8058.10107421875
Epoch 39: loss = 8058.10400390625
Epoch 40: loss = 8058.10107421875
Epoch 41: loss = 8058.12255859375
Epoch 42: loss = 8058.1298828125
Epoch 43: loss = 8058.107421875
Early stopping at epoch 43 with loss 8058.10107421875
Reconstruction for fluence = 78475.99703514607 photons/pixel
Epoch 0: loss = 19369832448.0
Epoch 1: loss = 7040449.0
Epoch 2: loss = 560612.0
Epoch 3: loss = 106345.140625
Epoch 4: loss = 42507.3125
Epoch 5: loss = 27514.6484375
Epoch 6: loss = 23144.25390625
Epoch 7: loss = 20517.611328125
Epoch 8: loss = 19451.51171875
Epoch 9: loss = 18929.861328125
Epoch 10: loss = 18643.494140625
Epoch 11: loss = 18500.154296875
Epoch 12: loss = 18416.564453125
Epoch 13: loss = 18359.306640625
Epoch 14: loss = 18319.76171875
Epoch 15: loss = 18294.28515625
Epoch 16: loss = 18278.74609375
Epoch 17: loss = 18268.33203125
Epoch 18: loss = 18261.267578125
Epoch 19: loss = 18256.279296875
Epoch 20: loss = 18252.615234375
Epoch 21: loss = 18249.900390625
Epoch 22: loss = 18248.353515625
Epoch 23: loss = 18246.994140625
Epoch 24: loss = 18246.111328125
Epoch 25: loss = 18245.361328125
Epoch 26: loss = 18244.958984375
Epoch 27: loss = 18244.658203125
Epoch 28: loss = 18244.509765625
Epoch 29: loss = 18244.291015625
Epoch 30: loss = 18244.189453125
Epoch 31: loss = 18244.021484375
Epoch 32: loss = 18243.984375
Epoch 33: loss = 18243.875
Epoch 34: loss = 18243.990234375
Epoch 35: loss = 18243.91015625
Epoch 36: loss = 18243.875
Epoch 37: loss = 18243.810546875
Epoch 38: loss = 18243.8359375
Epoch 39: loss = 18243.83203125
Epoch 40: loss = 18243.8515625
Epoch 41: loss = 18243.76171875
Epoch 42: loss = 18243.802734375
Epoch 43: loss = 18243.859375
Epoch 44: loss = 18243.736328125
Epoch 45: loss = 18243.736328125
Epoch 46: loss = 18243.775390625
Epoch 47: loss = 18243.833984375
Epoch 48: loss = 18243.78515625
Epoch 49: loss = 18243.7265625
Epoch 50: loss = 18243.7265625
Epoch 51: loss = 18243.748046875
Epoch 52: loss = 18243.8046875
Epoch 53: loss = 18243.673828125
Epoch 54: loss = 18243.724609375
Epoch 55: loss = 18243.751953125
Epoch 56: loss = 18243.71875
Epoch 57: loss = 18243.7265625
Epoch 58: loss = 18243.744140625
Early stopping at epoch 58 with loss 18243.673828125
Reconstruction for fluence = 183298.07108324335 photons/pixel
Epoch 0: loss = 105673703424.0
Epoch 1: loss = 38338728.0
Epoch 2: loss = 2830952.25
Epoch 3: loss = 521438.46875
Epoch 4: loss = 183992.421875
Epoch 5: loss = 95412.25
Epoch 6: loss = 67420.3515625
Epoch 7: loss = 55405.5703125
Epoch 8: loss = 50089.8203125
Epoch 9: loss = 46436.91015625
Epoch 10: loss = 44730.703125
Epoch 11: loss = 43926.46875
Epoch 12: loss = 43456.07421875
Epoch 13: loss = 43132.97265625
Epoch 14: loss = 42905.0390625
Epoch 15: loss = 42748.8828125
Epoch 16: loss = 42652.125
Epoch 17: loss = 42589.5625
Epoch 18: loss = 42545.34765625
Epoch 19: loss = 42515.2421875
Epoch 20: loss = 42495.3359375
Epoch 21: loss = 42481.66015625
Epoch 22: loss = 42473.71875
Epoch 23: loss = 42468.75
Epoch 24: loss = 42464.6484375
Epoch 25: loss = 42460.21875
Epoch 26: loss = 42459.27734375
Epoch 27: loss = 42456.30078125
Epoch 28: loss = 42454.71875
Epoch 29: loss = 42453.28515625
Epoch 30: loss = 42452.234375
Epoch 31: loss = 42451.5703125
Epoch 32: loss = 42450.8671875
Epoch 33: loss = 42450.75
Epoch 34: loss = 42450.30078125
Epoch 35: loss = 42449.98828125
Epoch 36: loss = 42449.80859375
Epoch 37: loss = 42450.015625
Epoch 38: loss = 42449.91015625
Epoch 39: loss = 42449.48046875
Epoch 40: loss = 42449.18359375
Epoch 41: loss = 42449.41796875
Epoch 42: loss = 42449.51953125
Epoch 43: loss = 42449.390625
Epoch 44: loss = 42449.3359375
Epoch 45: loss = 42449.42578125
Early stopping at epoch 45 with loss 42449.18359375
Reconstruction for fluence = 428133.2398719387 photons/pixel
Epoch 0: loss = 576505839616.0
Epoch 1: loss = 209144912.0
Epoch 2: loss = 15803323.0
Epoch 3: loss = 2856917.0
Epoch 4: loss = 845045.0
Epoch 5: loss = 380997.5625
Epoch 6: loss = 228910.0625
Epoch 7: loss = 171010.84375
Epoch 8: loss = 140884.234375
Epoch 9: loss = 124300.65625
Epoch 10: loss = 115047.2578125
Epoch 11: loss = 110397.6484375
Epoch 12: loss = 107736.71875
Epoch 13: loss = 106023.34375
Epoch 14: loss = 104920.015625
Epoch 15: loss = 104146.0078125
Epoch 16: loss = 103632.4765625
Epoch 17: loss = 103318.265625
Epoch 18: loss = 103104.03125
Epoch 19: loss = 102936.71875
Epoch 20: loss = 102832.609375
Epoch 21: loss = 102759.0546875
Epoch 22: loss = 102715.015625
Epoch 23: loss = 102678.1171875
Epoch 24: loss = 102651.7265625
Epoch 25: loss = 102631.4453125
Epoch 26: loss = 102617.125
Epoch 27: loss = 102610.6953125
Epoch 28: loss = 102602.3359375
Epoch 29: loss = 102598.015625
Epoch 30: loss = 102593.8203125
Epoch 31: loss = 102590.1796875
Epoch 32: loss = 102590.015625
Epoch 33: loss = 102588.2578125
Epoch 34: loss = 102587.875
Epoch 35: loss = 102587.2578125
Epoch 36: loss = 102585.4296875
Epoch 37: loss = 102585.765625
Epoch 38: loss = 102585.0
Epoch 39: loss = 102585.1953125
Epoch 40: loss = 102584.125
Epoch 41: loss = 102584.1953125
Epoch 42: loss = 102584.1796875
Epoch 43: loss = 102583.7578125
Epoch 44: loss = 102583.96875
Epoch 45: loss = 102583.796875
Epoch 46: loss = 102583.765625
Epoch 47: loss = 102583.8359375
Epoch 48: loss = 102584.328125
Early stopping at epoch 48 with loss 102583.7578125
Reconstruction for fluence = 1000000.0 photons/pixel
Epoch 0: loss = 3145258237952.0
Epoch 1: loss = 1140600192.0
Epoch 2: loss = 83632832.0
Epoch 3: loss = 13963151.0
Epoch 4: loss = 3972051.0
Epoch 5: loss = 1606136.25
Epoch 6: loss = 970102.375
Epoch 7: loss = 593347.125
Epoch 8: loss = 435520.78125
Epoch 9: loss = 354720.40625
Epoch 10: loss = 304386.0
Epoch 11: loss = 280274.34375
Epoch 12: loss = 266191.96875
Epoch 13: loss = 256220.28125
Epoch 14: loss = 249480.78125
Epoch 15: loss = 244989.75
Epoch 16: loss = 242274.921875
Epoch 17: loss = 240660.546875
Epoch 18: loss = 239587.5
Epoch 19: loss = 238755.828125
Epoch 20: loss = 238179.078125
Epoch 21: loss = 237793.71875
Epoch 22: loss = 237536.5625
Epoch 23: loss = 237349.015625
Epoch 24: loss = 237211.0
Epoch 25: loss = 237106.9375
Epoch 26: loss = 237029.515625
Epoch 27: loss = 236984.359375
Epoch 28: loss = 236950.78125
Epoch 29: loss = 236926.828125
Epoch 30: loss = 236903.1875
Epoch 31: loss = 236891.515625
Epoch 32: loss = 236880.15625
Epoch 33: loss = 236880.28125
Epoch 34: loss = 236872.875
Epoch 35: loss = 236872.390625
Epoch 36: loss = 236867.828125
Epoch 37: loss = 236865.109375
Epoch 38: loss = 236862.3125
Epoch 39: loss = 236863.375
Epoch 40: loss = 236860.1875
Epoch 41: loss = 236860.328125
Epoch 42: loss = 236857.0
Epoch 43: loss = 236858.59375
Epoch 44: loss = 236857.4375
Epoch 45: loss = 236858.921875
Epoch 46: loss = 236856.59375
Epoch 47: loss = 236857.234375
Epoch 48: loss = 236857.171875
Epoch 49: loss = 236852.46875
Epoch 50: loss = 236853.328125
Epoch 51: loss = 236853.6875
Epoch 52: loss = 236856.03125
Epoch 53: loss = 236853.75
Epoch 54: loss = 236853.6875
Early stopping at epoch 54 with loss 236852.46875
Tensors initialization on device cuda
Multiprobe = band_lim
torch.Size([1, 64, 64])

('MSE', 'PoissonNLL') RECONSTRUCTIONS

Reconstruction for fluence = 0.09999999999999999 photons/pixel
Epoch 0: loss = 0.05931299179792404
Epoch 1: loss = 0.02710087038576603
Epoch 2: loss = 0.026959845796227455
Epoch 3: loss = 0.02695317193865776
Epoch 4: loss = 0.02695317193865776
Epoch 5: loss = 0.02695317193865776
Epoch 6: loss = 0.02695317193865776
Epoch 7: loss = 0.02695317193865776
Early stopping at epoch 7 with loss 0.026959845796227455
Epoch 0: loss = 0.08655048161745071
Epoch 1: loss = 0.06803220510482788
Epoch 2: loss = 0.06799515336751938
Epoch 3: loss = 0.06799128651618958
Epoch 4: loss = 0.06799019128084183
Epoch 5: loss = 0.06799017637968063
Epoch 6: loss = 0.06799017637968063
Early stopping at epoch 6 with loss 0.06803220510482788
Reconstruction for fluence = 0.23357214690901223 photons/pixel
Epoch 0: loss = 0.2077186107635498
Epoch 1: loss = 0.06448574364185333
Epoch 2: loss = 0.06402827799320221
Epoch 3: loss = 0.064017653465271
Epoch 4: loss = 0.06401753425598145
Epoch 5: loss = 0.06401747465133667
Epoch 6: loss = 0.06401745975017548
Epoch 7: loss = 0.06401745975017548
Early stopping at epoch 7 with loss 0.06402827799320221
Epoch 0: loss = 0.12300050258636475
Epoch 1: loss = 0.0957905724644661
Epoch 2: loss = 0.09574076533317566
Epoch 3: loss = 0.09573660790920258
Epoch 4: loss = 0.09573660045862198
Epoch 5: loss = 0.09573660045862198
Epoch 6: loss = 0.09573660045862198
Early stopping at epoch 6 with loss 0.0957905724644661
Reconstruction for fluence = 0.5455594781168519 photons/pixel
Epoch 0: loss = 0.8622044324874878
Epoch 1: loss = 0.14145568013191223
Epoch 2: loss = 0.13995881378650665
Epoch 3: loss = 0.13990472257137299
Epoch 4: loss = 0.13990315794944763
Epoch 5: loss = 0.13990312814712524
Epoch 6: loss = 0.13990312814712524
Epoch 7: loss = 0.13990309834480286
Early stopping at epoch 7 with loss 0.13995881378650665
Epoch 0: loss = 0.10702753067016602
Epoch 1: loss = 0.06725093722343445
Epoch 2: loss = 0.06707792729139328
Epoch 3: loss = 0.06704980880022049
Epoch 4: loss = 0.0670384019613266
Epoch 5: loss = 0.0670304000377655
Epoch 6: loss = 0.06703020632266998
Epoch 7: loss = 0.06703019142150879
Early stopping at epoch 7 with loss 0.06707792729139328
Reconstruction for fluence = 1.2742749857031335 photons/pixel
Epoch 0: loss = 4.178651809692383
Epoch 1: loss = 0.33407676219940186
Epoch 2: loss = 0.3276013731956482
Epoch 3: loss = 0.3272354006767273
Epoch 4: loss = 0.32722023129463196
Epoch 5: loss = 0.3272196054458618
Epoch 6: loss = 0.3272196054458618
Epoch 7: loss = 0.32721954584121704
Epoch 8: loss = 0.32721954584121704
Early stopping at epoch 8 with loss 0.3272354006767273
Epoch 0: loss = -0.15594777464866638
Epoch 1: loss = -0.21637140214443207
Epoch 2: loss = -0.21664810180664062
Epoch 3: loss = -0.21670030057430267
Epoch 4: loss = -0.21671603620052338
Epoch 5: loss = -0.21671748161315918
Epoch 6: loss = -0.2167203277349472
Epoch 7: loss = -0.21672068536281586
Early stopping at epoch 7 with loss -0.21664810180664062
Reconstruction for fluence = 2.976351441631318 photons/pixel
Epoch 0: loss = 21.03215217590332
Epoch 1: loss = 0.7463313341140747
Epoch 2: loss = 0.7281723618507385
Epoch 3: loss = 0.7269269227981567
Epoch 4: loss = 0.726807713508606
Epoch 5: loss = 0.7268015742301941
Epoch 6: loss = 0.7267972230911255
Epoch 7: loss = 0.7267968058586121
Epoch 8: loss = 0.7267968058586121
Epoch 9: loss = 0.7267968058586121
Early stopping at epoch 9 with loss 0.726807713508606
Epoch 0: loss = -1.318861961364746
Epoch 1: loss = -1.3991131782531738
Epoch 2: loss = -1.3996496200561523
Epoch 3: loss = -1.3997243642807007
Epoch 4: loss = -1.3997387886047363
Epoch 5: loss = -1.399739384651184
Epoch 6: loss = -1.3997396230697632
Epoch 7: loss = -1.3997396230697632
Early stopping at epoch 7 with loss -1.3996496200561523
Reconstruction for fluence = 6.9519279617756045 photons/pixel
Epoch 0: loss = 111.25830841064453
Epoch 1: loss = 1.7467565536499023
Epoch 2: loss = 1.6789644956588745
Epoch 3: loss = 1.6730256080627441
Epoch 4: loss = 1.672271966934204
Epoch 5: loss = 1.6721551418304443
Epoch 6: loss = 1.672135829925537
Epoch 7: loss = 1.6721352338790894
Epoch 8: loss = 1.6721346378326416
Epoch 9: loss = 1.6721340417861938
Epoch 10: loss = 1.672133445739746
Early stopping at epoch 10 with loss 1.6721551418304443
Epoch 0: loss = -5.273919582366943
Epoch 1: loss = -5.38547945022583
Epoch 2: loss = -5.38657808303833
Epoch 3: loss = -5.386655330657959
Epoch 4: loss = -5.38667106628418
Epoch 5: loss = -5.386672019958496
Epoch 6: loss = -5.386674880981445
Epoch 7: loss = -5.3866753578186035
Early stopping at epoch 7 with loss -5.38657808303833
Reconstruction for fluence = 16.23776739188721 photons/pixel
Epoch 0: loss = 601.472900390625
Epoch 1: loss = 4.098740577697754
Epoch 2: loss = 3.816945791244507
Epoch 3: loss = 3.7945661544799805
Epoch 4: loss = 3.7907238006591797
Epoch 5: loss = 3.790048837661743
Epoch 6: loss = 3.7899246215820312
Epoch 7: loss = 3.7899041175842285
Epoch 8: loss = 3.7899017333984375
Epoch 9: loss = 3.789893627166748
Epoch 10: loss = 3.789891481399536
Epoch 11: loss = 3.789890766143799
Early stopping at epoch 11 with loss 3.7899246215820312
Epoch 0: loss = -17.309818267822266
Epoch 1: loss = -17.466474533081055
Epoch 2: loss = -17.467681884765625
Epoch 3: loss = -17.46794319152832
Epoch 4: loss = -17.46803092956543
Epoch 5: loss = -17.468080520629883
Epoch 6: loss = -17.46808624267578
Epoch 7: loss = -17.468090057373047
Epoch 8: loss = -17.46809196472168
Epoch 9: loss = -17.46809196472168
Epoch 10: loss = -17.468095779418945
Early stopping at epoch 10 with loss -17.468080520629883
Reconstruction for fluence = 37.926901907322495 photons/pixel
Epoch 0: loss = 3260.762451171875
Epoch 1: loss = 10.086202621459961
Epoch 2: loss = 8.922087669372559
Epoch 3: loss = 8.842856407165527
Epoch 4: loss = 8.8254976272583
Epoch 5: loss = 8.820923805236816
Epoch 6: loss = 8.819753646850586
Epoch 7: loss = 8.81934642791748
Epoch 8: loss = 8.819207191467285
Epoch 9: loss = 8.819171905517578
Epoch 10: loss = 8.81916332244873
Epoch 11: loss = 8.819158554077148
Epoch 12: loss = 8.819158554077148
Epoch 13: loss = 8.819156646728516
Early stopping at epoch 13 with loss 8.819207191467285
Epoch 0: loss = -52.27659606933594
Epoch 1: loss = -52.47471618652344
Epoch 2: loss = -52.47687530517578
Epoch 3: loss = -52.477054595947266
Epoch 4: loss = -52.477088928222656
Epoch 5: loss = -52.477108001708984
Epoch 6: loss = -52.477108001708984
Epoch 7: loss = -52.47712326049805
Epoch 8: loss = -52.47713851928711
Early stopping at epoch 8 with loss -52.477054595947266
Reconstruction for fluence = 88.58667904100822 photons/pixel
Epoch 0: loss = 17766.744140625
Epoch 1: loss = 25.80608558654785
Epoch 2: loss = 21.03812026977539
Epoch 3: loss = 20.72471809387207
Epoch 4: loss = 20.6513671875
Epoch 5: loss = 20.631776809692383
Epoch 6: loss = 20.62458038330078
Epoch 7: loss = 20.62226676940918
Epoch 8: loss = 20.621379852294922
Epoch 9: loss = 20.620954513549805
Epoch 10: loss = 20.620779037475586
Epoch 11: loss = 20.6207218170166
Epoch 12: loss = 20.620712280273438
Epoch 13: loss = 20.620695114135742
Epoch 14: loss = 20.62068748474121
Epoch 0: loss = -149.11578369140625
Epoch 1: loss = -149.36724853515625
Epoch 2: loss = -149.36898803710938
Epoch 3: loss = -149.36898803710938
Epoch 4: loss = -149.36903381347656
Epoch 5: loss = -149.36903381347656
Epoch 6: loss = -149.36903381347656
Epoch 7: loss = -149.36903381347656
Early stopping at epoch 7 with loss -149.36898803710938
Reconstruction for fluence = 206.9138081114788 photons/pixel
Epoch 0: loss = 96733.6171875
Epoch 1: loss = 75.19347381591797
Epoch 2: loss = 51.11433029174805
Epoch 3: loss = 49.728328704833984
Epoch 4: loss = 49.47585678100586
Epoch 5: loss = 49.397010803222656
Epoch 6: loss = 49.37109375
Epoch 7: loss = 49.359901428222656
Epoch 8: loss = 49.35460662841797
Epoch 9: loss = 49.351932525634766
Epoch 10: loss = 49.35073471069336
Epoch 11: loss = 49.35014724731445
Epoch 12: loss = 49.34996032714844
Epoch 13: loss = 49.34992980957031
Epoch 14: loss = 49.349910736083984
Epoch 0: loss = -411.57916259765625
Epoch 1: loss = -411.9075622558594
Epoch 2: loss = -411.9086608886719
Epoch 3: loss = -411.90875244140625
Epoch 4: loss = -411.9088134765625
Epoch 5: loss = -411.9088134765625
Epoch 6: loss = -411.9089050292969
Epoch 7: loss = -411.9089050292969
Epoch 8: loss = -411.9089050292969
Epoch 9: loss = -411.9089050292969
Early stopping at epoch 9 with loss -411.9088134765625
Reconstruction for fluence = 483.2930238571752 photons/pixel
Epoch 0: loss = 527961.5625
Epoch 1: loss = 244.87911987304688
Epoch 2: loss = 121.39144897460938
Epoch 3: loss = 112.49871826171875
Epoch 4: loss = 111.41624450683594
Epoch 5: loss = 111.0867919921875
Epoch 6: loss = 110.97607421875
Epoch 7: loss = 110.92684936523438
Epoch 8: loss = 110.90056610107422
Epoch 9: loss = 110.88804626464844
Epoch 10: loss = 110.8817138671875
Epoch 11: loss = 110.87873077392578
Epoch 12: loss = 110.87751770019531
Epoch 13: loss = 110.87646484375
Epoch 14: loss = 110.87642669677734
Epoch 0: loss = -1109.344970703125
Epoch 1: loss = -1109.7352294921875
Epoch 2: loss = -1109.7354736328125
Epoch 3: loss = -1109.7354736328125
Epoch 4: loss = -1109.7354736328125
Epoch 5: loss = -1109.7354736328125
Epoch 6: loss = -1109.7354736328125
Epoch 7: loss = -1109.7354736328125
Early stopping at epoch 7 with loss -1109.7354736328125
Reconstruction for fluence = 1128.8378916846884 photons/pixel
Epoch 0: loss = 2878530.5
Epoch 1: loss = 949.6014404296875
Epoch 2: loss = 295.92236328125
Epoch 3: loss = 264.9707946777344
Epoch 4: loss = 260.029541015625
Epoch 5: loss = 258.5663146972656
Epoch 6: loss = 258.11346435546875
Epoch 7: loss = 257.9049987792969
Epoch 8: loss = 257.802978515625
Epoch 9: loss = 257.7490234375
Epoch 10: loss = 257.7206726074219
Epoch 11: loss = 257.7049255371094
Epoch 12: loss = 257.69659423828125
Epoch 13: loss = 257.69097900390625
Epoch 14: loss = 257.6878356933594
Epoch 0: loss = -2936.34765625
Epoch 1: loss = -2936.769287109375
Epoch 2: loss = -2936.77001953125
Epoch 3: loss = -2936.77001953125
Epoch 4: loss = -2936.77001953125
Epoch 5: loss = -2936.77001953125
Epoch 6: loss = -2936.77001953125
Epoch 7: loss = -2936.77001953125
Early stopping at epoch 7 with loss -2936.77001953125
Reconstruction for fluence = 2636.6508987303555 photons/pixel
Epoch 0: loss = 15698821.0
Epoch 1: loss = 4302.8466796875
Epoch 2: loss = 828.3041381835938
Epoch 3: loss = 658.4497680664062
Epoch 4: loss = 632.6591186523438
Epoch 5: loss = 625.7381591796875
Epoch 6: loss = 623.4959716796875
Epoch 7: loss = 622.5651245117188
Epoch 8: loss = 622.0792236328125
Epoch 9: loss = 621.8619995117188
Epoch 10: loss = 621.7477416992188
Epoch 11: loss = 621.6882934570312
Epoch 12: loss = 621.654052734375
Epoch 13: loss = 621.632080078125
Epoch 14: loss = 621.6195068359375
Epoch 0: loss = -7665.8935546875
Epoch 1: loss = -7666.3662109375
Epoch 2: loss = -7666.36669921875
Epoch 3: loss = -7666.3671875
Epoch 4: loss = -7666.3671875
Epoch 5: loss = -7666.3671875
Epoch 6: loss = -7666.3681640625
Epoch 7: loss = -7666.3671875
Epoch 8: loss = -7666.3671875
Epoch 9: loss = -7666.3681640625
Epoch 10: loss = -7666.3681640625
Epoch 11: loss = -7666.3681640625
Early stopping at epoch 11 with loss -7666.3681640625
Reconstruction for fluence = 6158.482110660255 photons/pixel
Epoch 0: loss = 85658680.0
Epoch 1: loss = 21573.404296875
Epoch 2: loss = 2417.404052734375
Epoch 3: loss = 1607.9703369140625
Epoch 4: loss = 1483.7330322265625
Epoch 5: loss = 1448.492919921875
Epoch 6: loss = 1436.6705322265625
Epoch 7: loss = 1431.722412109375
Epoch 8: loss = 1429.364013671875
Epoch 9: loss = 1428.1363525390625
Epoch 10: loss = 1427.524169921875
Epoch 11: loss = 1427.2099609375
Epoch 12: loss = 1427.0330810546875
Epoch 13: loss = 1426.9281005859375
Epoch 14: loss = 1426.861083984375
Epoch 0: loss = -19783.8203125
Epoch 1: loss = -19784.326171875
Epoch 2: loss = -19784.326171875
Epoch 3: loss = -19784.330078125
Epoch 4: loss = -19784.330078125
Epoch 5: loss = -19784.330078125
Epoch 6: loss = -19784.330078125
Epoch 7: loss = -19784.330078125
Epoch 8: loss = -19784.330078125
Early stopping at epoch 8 with loss -19784.330078125
Reconstruction for fluence = 14384.498882876629 photons/pixel
Epoch 0: loss = 467306400.0
Epoch 1: loss = 112754.59375
Epoch 2: loss = 8326.189453125
Epoch 3: loss = 4156.3662109375
Epoch 4: loss = 3509.8388671875
Epoch 5: loss = 3322.1689453125
Epoch 6: loss = 3263.73876953125
Epoch 7: loss = 3239.59326171875
Epoch 8: loss = 3229.296875
Epoch 9: loss = 3221.918701171875
Epoch 10: loss = 3219.09814453125
Epoch 11: loss = 3217.617431640625
Epoch 12: loss = 3216.80810546875
Epoch 13: loss = 3216.322998046875
Epoch 14: loss = 3215.991455078125
Epoch 0: loss = -50605.0703125
Epoch 1: loss = -50605.61328125
Epoch 2: loss = -50605.6171875
Epoch 3: loss = -50605.625
Epoch 4: loss = -50605.625
Epoch 5: loss = -50605.625
Epoch 6: loss = -50605.625
Epoch 7: loss = -50605.625
Epoch 8: loss = -50605.625
Early stopping at epoch 8 with loss -50605.625
Reconstruction for fluence = 33598.18286283781 photons/pixel
Epoch 0: loss = 2549485568.0
Epoch 1: loss = 604868.875
Epoch 2: loss = 35711.546875
Epoch 3: loss = 13007.560546875
Epoch 4: loss = 9386.2099609375
Epoch 5: loss = 8404.0322265625
Epoch 6: loss = 8075.21240234375
Epoch 7: loss = 7942.22216796875
Epoch 8: loss = 7879.0712890625
Epoch 9: loss = 7847.0556640625
Epoch 10: loss = 7830.99560546875
Epoch 11: loss = 7823.2900390625
Epoch 12: loss = 7818.89990234375
Epoch 13: loss = 7816.2265625
Epoch 14: loss = 7814.6279296875
Epoch 0: loss = -128455.71875
Epoch 1: loss = -128456.25
Epoch 2: loss = -128456.2578125
Epoch 3: loss = -128456.265625
Epoch 4: loss = -128456.265625
Epoch 5: loss = -128456.265625
Epoch 6: loss = -128456.265625
Epoch 7: loss = -128456.265625
Epoch 8: loss = -128456.265625
Early stopping at epoch 8 with loss -128456.265625
Reconstruction for fluence = 78475.99703514607 photons/pixel
Epoch 0: loss = 13909146624.0
Epoch 1: loss = 3268562.5
Epoch 2: loss = 168241.953125
Epoch 3: loss = 46387.02734375
Epoch 4: loss = 26487.916015625
Epoch 5: loss = 20929.48046875
Epoch 6: loss = 19255.54296875
Epoch 7: loss = 18598.8203125
Epoch 8: loss = 18248.89453125
Epoch 9: loss = 18067.677734375
Epoch 10: loss = 17973.900390625
Epoch 11: loss = 17930.453125
Epoch 12: loss = 17906.83984375
Epoch 13: loss = 17891.796875
Epoch 14: loss = 17881.6328125
Epoch 0: loss = -324008.5
Epoch 1: loss = -324009.0625
Epoch 2: loss = -324009.0625
Epoch 3: loss = -324009.0625
Epoch 4: loss = -324009.0625
Epoch 5: loss = -324009.0625
Epoch 6: loss = -324009.0625
Early stopping at epoch 6 with loss -324009.0625
Reconstruction for fluence = 183298.07108324335 photons/pixel
Epoch 0: loss = 75879260160.0
Epoch 1: loss = 17787278.0
Epoch 2: loss = 815821.3125
Epoch 3: loss = 179132.609375
Epoch 4: loss = 85087.2578125
Epoch 5: loss = 57610.9375
Epoch 6: loss = 49088.52734375
Epoch 7: loss = 45678.66796875
Epoch 8: loss = 43856.00390625
Epoch 9: loss = 42952.484375
Epoch 10: loss = 42515.47265625
Epoch 11: loss = 42305.34765625
Epoch 12: loss = 42189.23828125
Epoch 13: loss = 42117.390625
Epoch 14: loss = 42074.1953125
Epoch 0: loss = -812785.4375
Epoch 1: loss = -812786.0625
Epoch 2: loss = -812786.0625
Epoch 3: loss = -812786.0625
Epoch 4: loss = -812786.0625
Epoch 5: loss = -812786.0625
Epoch 6: loss = -812786.0625
Early stopping at epoch 6 with loss -812786.0625
Reconstruction for fluence = 428133.2398719387 photons/pixel
Epoch 0: loss = 413980819456.0
Epoch 1: loss = 96949328.0
Epoch 2: loss = 4234127.5
Epoch 3: loss = 873362.0625
Epoch 4: loss = 332697.5625
Epoch 5: loss = 180219.75
Epoch 6: loss = 135267.828125
Epoch 7: loss = 116004.546875
Epoch 8: loss = 106731.5078125
Epoch 9: loss = 101969.0546875
Epoch 10: loss = 99565.765625
Epoch 11: loss = 98347.7578125
Epoch 12: loss = 97723.125
Epoch 13: loss = 97299.390625
Epoch 14: loss = 97075.1953125
Epoch 0: loss = -2029154.875
Epoch 1: loss = -2029155.625
Epoch 2: loss = -2029155.625
Epoch 3: loss = -2029155.625
Epoch 4: loss = -2029155.625
Epoch 5: loss = -2029155.625
Epoch 6: loss = -2029155.625
Early stopping at epoch 6 with loss -2029155.625
Reconstruction for fluence = 1000000.0 photons/pixel
Epoch 0: loss = 2258495864832.0
Epoch 1: loss = 528696512.0
Epoch 2: loss = 22799232.0
Epoch 3: loss = 4448786.5
Epoch 4: loss = 1486351.375
Epoch 5: loss = 709871.125
Epoch 6: loss = 438476.625
Epoch 7: loss = 333531.40625
Epoch 8: loss = 282071.03125
Epoch 9: loss = 256343.78125
Epoch 10: loss = 243197.5
Epoch 11: loss = 236998.46875
Epoch 12: loss = 233604.375
Epoch 13: loss = 231390.234375
Epoch 14: loss = 230027.609375
Epoch 0: loss = -5044966.5
Epoch 1: loss = -5044967.5
Epoch 2: loss = -5044967.5
Epoch 3: loss = -5044967.5
Epoch 4: loss = -5044967.5
Epoch 5: loss = -5044967.5
Epoch 6: loss = -5044967.5
Early stopping at epoch 6 with loss -5044967.5
Simulation for steps_size=14 and n_fluences=20 completed!
