Running simulation for steps_size=25 and n_fluences=20
Steps size: 25
Tensors initialization on device cuda
Multiprobe = None

('MSE', None) RECONSTRUCTIONS

Reconstruction for fluence = 0.09999999999999999 photons/pixel
Epoch 0: loss = 0.18924827873706818
Epoch 1: loss = 0.05784405767917633
Epoch 2: loss = 0.055512771010398865
Epoch 3: loss = 0.05471506342291832
Epoch 4: loss = 0.05423847213387489
Epoch 5: loss = 0.053919270634651184
Epoch 6: loss = 0.053697824478149414
Epoch 7: loss = 0.05341818556189537
Epoch 8: loss = 0.05322279408574104
Epoch 9: loss = 0.053181808441877365
Epoch 10: loss = 0.05317061021924019
Epoch 11: loss = 0.05316706374287605
Epoch 12: loss = 0.05316431075334549
Epoch 13: loss = 0.0531599186360836
Early stopping at epoch 13 with loss 0.05322279408574104
Reconstruction for fluence = 0.23357214690901223 photons/pixel
Epoch 0: loss = 0.7105247378349304
Epoch 1: loss = 0.13693015277385712
Epoch 2: loss = 0.13080190122127533
Epoch 3: loss = 0.1297520250082016
Epoch 4: loss = 0.1294746994972229
Epoch 5: loss = 0.12887106835842133
Epoch 6: loss = 0.12857407331466675
Epoch 7: loss = 0.12844620645046234
Epoch 8: loss = 0.1283418983221054
Epoch 9: loss = 0.1280997395515442
Epoch 10: loss = 0.1279027760028839
Epoch 11: loss = 0.12777741253376007
Epoch 12: loss = 0.1277274191379547
Epoch 13: loss = 0.12769372761249542
Epoch 14: loss = 0.12767435610294342
Epoch 15: loss = 0.1276245415210724
Epoch 16: loss = 0.1275763064622879
Epoch 17: loss = 0.12744005024433136
Epoch 18: loss = 0.12736964225769043
Epoch 19: loss = 0.12735195457935333
Epoch 20: loss = 0.12734535336494446
Epoch 21: loss = 0.1273418664932251
Epoch 22: loss = 0.12734027206897736
Early stopping at epoch 22 with loss 0.12744005024433136
Reconstruction for fluence = 0.5455594781168519 photons/pixel
Epoch 0: loss = 3.147345542907715
Epoch 1: loss = 0.29583409428596497
Epoch 2: loss = 0.2825672924518585
Epoch 3: loss = 0.28049924969673157
Epoch 4: loss = 0.2799183130264282
Epoch 5: loss = 0.2797658443450928
Epoch 6: loss = 0.279697060585022
Epoch 7: loss = 0.2796490490436554
Epoch 8: loss = 0.2796250879764557
Epoch 9: loss = 0.27960634231567383
Epoch 10: loss = 0.279512882232666
Epoch 11: loss = 0.2794254720211029
Epoch 12: loss = 0.2794122099876404
Epoch 13: loss = 0.27940961718559265
Epoch 14: loss = 0.2794091999530792
Epoch 15: loss = 0.27940914034843445
Epoch 16: loss = 0.2794090807437897
Epoch 17: loss = 0.2794090509414673
Early stopping at epoch 17 with loss 0.2794122099876404
Reconstruction for fluence = 1.2742749857031335 photons/pixel
Epoch 0: loss = 15.65599250793457
Epoch 1: loss = 0.7060233354568481
Epoch 2: loss = 0.6438636779785156
Epoch 3: loss = 0.6342400908470154
Epoch 4: loss = 0.6324859261512756
Epoch 5: loss = 0.6321340203285217
Epoch 6: loss = 0.6320633888244629
Epoch 7: loss = 0.6320317387580872
Epoch 8: loss = 0.6320104598999023
Epoch 9: loss = 0.6319990158081055
Epoch 10: loss = 0.6319928765296936
Epoch 11: loss = 0.6319882869720459
Epoch 12: loss = 0.6319862008094788
Early stopping at epoch 12 with loss 0.6320317387580872
Reconstruction for fluence = 2.976351441631318 photons/pixel
Epoch 0: loss = 81.40779876708984
Epoch 1: loss = 1.6135586500167847
Epoch 2: loss = 1.4444483518600464
Epoch 3: loss = 1.4162119626998901
Epoch 4: loss = 1.4102314710617065
Epoch 5: loss = 1.40866219997406
Epoch 6: loss = 1.4082626104354858
Epoch 7: loss = 1.408118486404419
Epoch 8: loss = 1.408065915107727
Epoch 9: loss = 1.4080390930175781
Epoch 10: loss = 1.408019781112671
Epoch 11: loss = 1.4080088138580322
Epoch 12: loss = 1.408007264137268
Epoch 13: loss = 1.4080063104629517
Epoch 14: loss = 1.4080036878585815
Epoch 15: loss = 1.4080034494400024
Epoch 16: loss = 1.4080029726028442
Early stopping at epoch 16 with loss 1.4080088138580322
Reconstruction for fluence = 6.9519279617756045 photons/pixel
Epoch 0: loss = 436.0123291015625
Epoch 1: loss = 3.9689221382141113
Epoch 2: loss = 3.3354899883270264
Epoch 3: loss = 3.219142198562622
Epoch 4: loss = 3.1915364265441895
Epoch 5: loss = 3.1851916313171387
Epoch 6: loss = 3.18333101272583
Epoch 7: loss = 3.182438850402832
Epoch 8: loss = 3.1820459365844727
Epoch 9: loss = 3.1818926334381104
Epoch 10: loss = 3.1818439960479736
Epoch 11: loss = 3.1818325519561768
Epoch 12: loss = 3.1818296909332275
Epoch 13: loss = 3.181828498840332
Epoch 14: loss = 3.1818273067474365
Early stopping at epoch 14 with loss 3.1818926334381104
Reconstruction for fluence = 16.23776739188721 photons/pixel
Epoch 0: loss = 2344.691162109375
Epoch 1: loss = 9.859405517578125
Epoch 2: loss = 7.240237712860107
Epoch 3: loss = 6.726187229156494
Epoch 4: loss = 6.587403297424316
Epoch 5: loss = 6.548933506011963
Epoch 6: loss = 6.537851810455322
Epoch 7: loss = 6.533036231994629
Epoch 8: loss = 6.530538558959961
Epoch 9: loss = 6.5293474197387695
Epoch 10: loss = 6.528810501098633
Epoch 11: loss = 6.52847957611084
Epoch 12: loss = 6.528299808502197
Epoch 13: loss = 6.528204441070557
Epoch 14: loss = 6.52815580368042
Epoch 15: loss = 6.528134822845459
Epoch 16: loss = 6.528127670288086
Epoch 17: loss = 6.528128147125244
Epoch 18: loss = 6.528126239776611
Epoch 19: loss = 6.528126239776611
Early stopping at epoch 19 with loss 6.52815580368042
Reconstruction for fluence = 37.926901907322495 photons/pixel
Epoch 0: loss = 12766.47265625
Epoch 1: loss = 30.47917366027832
Epoch 2: loss = 17.934894561767578
Epoch 3: loss = 15.352558135986328
Epoch 4: loss = 14.72282886505127
Epoch 5: loss = 14.568305015563965
Epoch 6: loss = 14.526782989501953
Epoch 7: loss = 14.50969123840332
Epoch 8: loss = 14.502378463745117
Epoch 9: loss = 14.498387336730957
Epoch 10: loss = 14.496296882629395
Epoch 11: loss = 14.49433708190918
Epoch 12: loss = 14.491607666015625
Epoch 13: loss = 14.49025821685791
Epoch 14: loss = 14.489761352539062
Epoch 15: loss = 14.48969554901123
Epoch 16: loss = 14.489534378051758
Epoch 17: loss = 14.48947811126709
Epoch 18: loss = 14.48944091796875
Epoch 19: loss = 14.489425659179688
Epoch 20: loss = 14.48941707611084
Epoch 21: loss = 14.48940372467041
Epoch 22: loss = 14.489381790161133
Epoch 23: loss = 14.489362716674805
Epoch 24: loss = 14.48931884765625
Epoch 25: loss = 14.489288330078125
Epoch 26: loss = 14.489205360412598
Epoch 27: loss = 14.48914909362793
Epoch 28: loss = 14.48911190032959
Epoch 29: loss = 14.489102363586426
Epoch 30: loss = 14.48906421661377
Epoch 31: loss = 14.48906135559082
Epoch 32: loss = 14.489054679870605
Epoch 33: loss = 14.48905086517334
Epoch 34: loss = 14.48904800415039
Early stopping at epoch 34 with loss 14.489102363586426
Reconstruction for fluence = 88.58667904100822 photons/pixel
Epoch 0: loss = 69558.7265625
Epoch 1: loss = 116.16921997070312
Epoch 2: loss = 52.98907470703125
Epoch 3: loss = 39.53401565551758
Epoch 4: loss = 35.98261642456055
Epoch 5: loss = 35.0732307434082
Epoch 6: loss = 34.84586715698242
Epoch 7: loss = 34.71407699584961
Epoch 8: loss = 34.66683578491211
Epoch 9: loss = 34.64160919189453
Epoch 10: loss = 34.62826156616211
Epoch 11: loss = 34.62076950073242
Epoch 12: loss = 34.6163215637207
Epoch 13: loss = 34.613346099853516
Epoch 14: loss = 34.611228942871094
Epoch 15: loss = 34.60996627807617
Epoch 16: loss = 34.60924530029297
Epoch 17: loss = 34.60920333862305
Epoch 18: loss = 34.60879898071289
Epoch 19: loss = 34.60872268676758
Epoch 20: loss = 34.60853576660156
Epoch 21: loss = 34.60848617553711
Epoch 22: loss = 34.60844802856445
Epoch 23: loss = 34.60840606689453
Epoch 24: loss = 34.608360290527344
Epoch 25: loss = 34.60835266113281
Epoch 26: loss = 34.60835266113281
Epoch 27: loss = 34.60832977294922
Epoch 28: loss = 34.60832977294922
Early stopping at epoch 28 with loss 34.60840606689453
Reconstruction for fluence = 206.9138081114788 photons/pixel
Epoch 0: loss = 379035.6875
Epoch 1: loss = 465.2633056640625
Epoch 2: loss = 165.1324462890625
Epoch 3: loss = 102.48370361328125
Epoch 4: loss = 81.73992919921875
Epoch 5: loss = 76.5719223022461
Epoch 6: loss = 75.23409271240234
Epoch 7: loss = 74.68263244628906
Epoch 8: loss = 74.40694427490234
Epoch 9: loss = 74.2657470703125
Epoch 10: loss = 74.18867492675781
Epoch 11: loss = 74.15292358398438
Epoch 12: loss = 74.13127136230469
Epoch 13: loss = 74.11627960205078
Epoch 14: loss = 74.107177734375
Epoch 15: loss = 74.10111999511719
Epoch 16: loss = 74.09659576416016
Epoch 17: loss = 74.09245300292969
Epoch 18: loss = 74.08785247802734
Epoch 19: loss = 74.0836181640625
Epoch 20: loss = 74.08071899414062
Epoch 21: loss = 74.07852172851562
Epoch 22: loss = 74.07675170898438
Epoch 23: loss = 74.07511138916016
Epoch 24: loss = 74.07413482666016
Epoch 25: loss = 74.07404327392578
Epoch 26: loss = 74.0738296508789
Epoch 27: loss = 74.07369232177734
Epoch 28: loss = 74.07353210449219
Epoch 29: loss = 74.07339477539062
Epoch 30: loss = 74.07331085205078
Epoch 31: loss = 74.07321166992188
Epoch 32: loss = 74.07318878173828
Epoch 33: loss = 74.07318878173828
Epoch 34: loss = 74.07315063476562
Epoch 35: loss = 74.07308197021484
Epoch 36: loss = 74.072998046875
Epoch 37: loss = 74.072998046875
Epoch 38: loss = 74.07301330566406
Epoch 39: loss = 74.07294464111328
Epoch 40: loss = 74.07291412353516
Epoch 41: loss = 74.07283782958984
Epoch 42: loss = 74.07283782958984
Epoch 43: loss = 74.07283782958984
Epoch 44: loss = 74.07278442382812
Epoch 45: loss = 74.07279205322266
Epoch 46: loss = 74.07273864746094
Early stopping at epoch 46 with loss 74.07283782958984
Reconstruction for fluence = 483.2930238571752 photons/pixel
Epoch 0: loss = 2068473.375
Epoch 1: loss = 2342.27099609375
Epoch 2: loss = 674.5633544921875
Epoch 3: loss = 328.43402099609375
Epoch 4: loss = 220.5574951171875
Epoch 5: loss = 194.1089630126953
Epoch 6: loss = 187.58827209472656
Epoch 7: loss = 184.43148803710938
Epoch 8: loss = 183.06906127929688
Epoch 9: loss = 182.3182373046875
Epoch 10: loss = 181.92312622070312
Epoch 11: loss = 181.72299194335938
Epoch 12: loss = 181.6131134033203
Epoch 13: loss = 181.544921875
Epoch 14: loss = 181.4936981201172
Epoch 15: loss = 181.45962524414062
Epoch 16: loss = 181.4385528564453
Epoch 17: loss = 181.42413330078125
Epoch 18: loss = 181.41372680664062
Epoch 19: loss = 181.4064483642578
Epoch 20: loss = 181.40087890625
Epoch 21: loss = 181.396728515625
Epoch 22: loss = 181.396728515625
Epoch 23: loss = 181.39431762695312
Epoch 24: loss = 181.39366149902344
Epoch 25: loss = 181.39263916015625
Epoch 26: loss = 181.3920440673828
Epoch 27: loss = 181.3897247314453
Epoch 28: loss = 181.38876342773438
Epoch 29: loss = 181.38783264160156
Epoch 30: loss = 181.385986328125
Epoch 31: loss = 181.385986328125
Epoch 32: loss = 181.385498046875
Epoch 33: loss = 181.38478088378906
Epoch 34: loss = 181.3842315673828
Epoch 35: loss = 181.3841094970703
Epoch 36: loss = 181.3835906982422
Epoch 37: loss = 181.3815460205078
Epoch 38: loss = 181.37814331054688
Epoch 39: loss = 181.37283325195312
Epoch 40: loss = 181.3657989501953
Epoch 41: loss = 181.3588409423828
Epoch 42: loss = 181.35292053222656
Epoch 43: loss = 181.34835815429688
Epoch 44: loss = 181.34654235839844
Epoch 45: loss = 181.3454132080078
Epoch 46: loss = 181.3431854248047
Epoch 47: loss = 181.34274291992188
Epoch 48: loss = 181.34169006347656
Epoch 49: loss = 181.3410186767578
Epoch 50: loss = 181.3408966064453
Epoch 51: loss = 181.34022521972656
Epoch 52: loss = 181.3396759033203
Epoch 53: loss = 181.3396453857422
Epoch 54: loss = 181.3394317626953
Epoch 55: loss = 181.33938598632812
Epoch 56: loss = 181.33924865722656
Epoch 57: loss = 181.33924865722656
Epoch 58: loss = 181.3390655517578
Epoch 59: loss = 181.3390655517578
Epoch 60: loss = 181.3390655517578
Epoch 61: loss = 181.3390350341797
Epoch 62: loss = 181.3390655517578
Epoch 63: loss = 181.3389434814453
Epoch 64: loss = 181.3388214111328
Epoch 65: loss = 181.33877563476562
Epoch 66: loss = 181.3387908935547
Epoch 67: loss = 181.33876037597656
Epoch 68: loss = 181.3386993408203
Epoch 69: loss = 181.3386993408203
Epoch 70: loss = 181.3387451171875
Epoch 71: loss = 181.3388214111328
Epoch 72: loss = 181.33876037597656
Epoch 73: loss = 181.33872985839844
Early stopping at epoch 73 with loss 181.3386993408203
Reconstruction for fluence = 1128.8378916846884 photons/pixel
Epoch 0: loss = 11281433.0
Epoch 1: loss = 11860.1220703125
Epoch 2: loss = 3058.73681640625
Epoch 3: loss = 1147.8365478515625
Epoch 4: loss = 662.4642333984375
Epoch 5: loss = 459.0858459472656
Epoch 6: loss = 407.8460998535156
Epoch 7: loss = 388.3061828613281
Epoch 8: loss = 379.9562683105469
Epoch 9: loss = 375.5501403808594
Epoch 10: loss = 373.40081787109375
Epoch 11: loss = 371.9388732910156
Epoch 12: loss = 371.18707275390625
Epoch 13: loss = 370.6227722167969
Epoch 14: loss = 370.1560974121094
Epoch 15: loss = 369.8262939453125
Epoch 16: loss = 369.57476806640625
Epoch 17: loss = 369.40966796875
Epoch 18: loss = 369.24920654296875
Epoch 19: loss = 369.11505126953125
Epoch 20: loss = 369.0323791503906
Epoch 21: loss = 368.9859619140625
Epoch 22: loss = 368.953125
Epoch 23: loss = 368.92852783203125
Epoch 24: loss = 368.9109802246094
Epoch 25: loss = 368.8963928222656
Epoch 26: loss = 368.8890380859375
Epoch 27: loss = 368.87939453125
Epoch 28: loss = 368.8717346191406
Epoch 29: loss = 368.8655700683594
Epoch 30: loss = 368.8647766113281
Epoch 31: loss = 368.8585510253906
Epoch 32: loss = 368.8565979003906
Epoch 33: loss = 368.8513488769531
Epoch 34: loss = 368.8477783203125
Epoch 35: loss = 368.8472900390625
Epoch 36: loss = 368.8472900390625
Epoch 37: loss = 368.8459777832031
Epoch 38: loss = 368.8450927734375
Epoch 39: loss = 368.84259033203125
Epoch 40: loss = 368.8412170410156
Epoch 41: loss = 368.8392639160156
Epoch 42: loss = 368.8380432128906
Epoch 43: loss = 368.8381652832031
Epoch 44: loss = 368.8377380371094
Epoch 45: loss = 368.8373107910156
Epoch 46: loss = 368.8363342285156
Epoch 47: loss = 368.83551025390625
Epoch 48: loss = 368.8348388671875
Epoch 49: loss = 368.833984375
Epoch 50: loss = 368.8340759277344
Epoch 51: loss = 368.83343505859375
Epoch 52: loss = 368.8333435058594
Epoch 53: loss = 368.83294677734375
Epoch 54: loss = 368.83294677734375
Epoch 55: loss = 368.8327331542969
Epoch 56: loss = 368.83251953125
Epoch 57: loss = 368.8323974609375
Epoch 58: loss = 368.8321838378906
Epoch 59: loss = 368.8321838378906
Epoch 60: loss = 368.8321838378906
Epoch 61: loss = 368.83203125
Epoch 62: loss = 368.83221435546875
Epoch 63: loss = 368.8319396972656
Epoch 64: loss = 368.8315124511719
Epoch 65: loss = 368.8312683105469
Epoch 66: loss = 368.8313293457031
Epoch 67: loss = 368.8312683105469
Epoch 68: loss = 368.8312683105469
Epoch 69: loss = 368.8312683105469
Epoch 70: loss = 368.8311767578125
Early stopping at epoch 70 with loss 368.8312683105469
Reconstruction for fluence = 2636.6508987303555 photons/pixel
Epoch 0: loss = 61541176.0
Epoch 1: loss = 61734.0
Epoch 2: loss = 15184.0595703125
Epoch 3: loss = 4830.53759765625
Epoch 4: loss = 2202.461181640625
Epoch 5: loss = 1314.2808837890625
Epoch 6: loss = 1105.68310546875
Epoch 7: loss = 1025.345458984375
Epoch 8: loss = 989.2097778320312
Epoch 9: loss = 970.8364868164062
Epoch 10: loss = 960.6566772460938
Epoch 11: loss = 955.322509765625
Epoch 12: loss = 951.7922973632812
Epoch 13: loss = 949.3079223632812
Epoch 14: loss = 947.0853881835938
Epoch 15: loss = 945.521484375
Epoch 16: loss = 944.6553955078125
Epoch 17: loss = 944.0543823242188
Epoch 18: loss = 943.6204223632812
Epoch 19: loss = 943.3278198242188
Epoch 20: loss = 943.1126098632812
Epoch 21: loss = 942.9500732421875
Epoch 22: loss = 942.8405151367188
Epoch 23: loss = 942.760009765625
Epoch 24: loss = 942.697265625
Epoch 25: loss = 942.6471557617188
Epoch 26: loss = 942.6083984375
Epoch 27: loss = 942.5831298828125
Epoch 28: loss = 942.564453125
Epoch 29: loss = 942.5379028320312
Epoch 30: loss = 942.51953125
Epoch 31: loss = 942.5010986328125
Epoch 32: loss = 942.4987182617188
Epoch 33: loss = 942.484375
Epoch 34: loss = 942.4769897460938
Epoch 35: loss = 942.4741821289062
Epoch 36: loss = 942.4646606445312
Epoch 37: loss = 942.4617919921875
Epoch 38: loss = 942.4517211914062
Epoch 39: loss = 942.4509887695312
Epoch 40: loss = 942.4409790039062
Epoch 41: loss = 942.439453125
Epoch 42: loss = 942.4324340820312
Epoch 43: loss = 942.4284057617188
Epoch 44: loss = 942.4226684570312
Epoch 45: loss = 942.4175415039062
Epoch 46: loss = 942.4172973632812
Epoch 47: loss = 942.4155883789062
Epoch 48: loss = 942.4155883789062
Epoch 49: loss = 942.4147338867188
Epoch 50: loss = 942.4140625
Epoch 51: loss = 942.4094848632812
Epoch 52: loss = 942.4096069335938
Epoch 53: loss = 942.4077758789062
Epoch 54: loss = 942.40625
Epoch 55: loss = 942.4036254882812
Epoch 56: loss = 942.4036254882812
Epoch 57: loss = 942.4027709960938
Epoch 58: loss = 942.4031982421875
Epoch 59: loss = 942.400390625
Epoch 60: loss = 942.400390625
Epoch 61: loss = 942.3984375
Epoch 62: loss = 942.3967895507812
Epoch 63: loss = 942.3967895507812
Epoch 64: loss = 942.3946533203125
Epoch 65: loss = 942.3932495117188
Epoch 66: loss = 942.3938598632812
Epoch 67: loss = 942.392578125
Epoch 68: loss = 942.392578125
Epoch 69: loss = 942.3917236328125
Epoch 70: loss = 942.390869140625
Epoch 71: loss = 942.3910522460938
Epoch 72: loss = 942.3895263671875
Epoch 73: loss = 942.3880004882812
Epoch 74: loss = 942.388916015625
Epoch 75: loss = 942.3880004882812
Epoch 76: loss = 942.3882446289062
Epoch 77: loss = 942.3889770507812
Epoch 78: loss = 942.3880004882812
Early stopping at epoch 78 with loss 942.3880004882812
Reconstruction for fluence = 6158.482110660255 photons/pixel
Epoch 0: loss = 335710720.0
Epoch 1: loss = 334161.09375
Epoch 2: loss = 76037.53125
Epoch 3: loss = 23824.994140625
Epoch 4: loss = 9441.8095703125
Epoch 5: loss = 4196.55712890625
Epoch 6: loss = 3041.546630859375
Epoch 7: loss = 2581.649658203125
Epoch 8: loss = 2362.9931640625
Epoch 9: loss = 2258.811279296875
Epoch 10: loss = 2206.706298828125
Epoch 11: loss = 2169.98193359375
Epoch 12: loss = 2149.2587890625
Epoch 13: loss = 2136.053466796875
Epoch 14: loss = 2125.12841796875
Epoch 15: loss = 2117.69482421875
Epoch 16: loss = 2111.952392578125
Epoch 17: loss = 2108.028564453125
Epoch 18: loss = 2104.468017578125
Epoch 19: loss = 2101.37451171875
Epoch 20: loss = 2098.610595703125
Epoch 21: loss = 2096.435546875
Epoch 22: loss = 2095.013916015625
Epoch 23: loss = 2093.7431640625
Epoch 24: loss = 2092.424072265625
Epoch 25: loss = 2090.774658203125
Epoch 26: loss = 2089.544921875
Epoch 27: loss = 2088.97021484375
Epoch 28: loss = 2088.661376953125
Epoch 29: loss = 2088.44873046875
Epoch 30: loss = 2088.261962890625
Epoch 31: loss = 2088.10498046875
Epoch 32: loss = 2087.99609375
Epoch 33: loss = 2087.917236328125
Epoch 34: loss = 2087.852294921875
Epoch 35: loss = 2087.798583984375
Epoch 36: loss = 2087.752685546875
Epoch 37: loss = 2087.716552734375
Epoch 38: loss = 2087.689208984375
Epoch 39: loss = 2087.6845703125
Epoch 40: loss = 2087.6845703125
Epoch 41: loss = 2087.65771484375
Epoch 42: loss = 2087.638916015625
Epoch 43: loss = 2087.625
Epoch 44: loss = 2087.61767578125
Epoch 45: loss = 2087.6044921875
Epoch 46: loss = 2087.58935546875
Epoch 47: loss = 2087.574951171875
Epoch 48: loss = 2087.56640625
Epoch 49: loss = 2087.553955078125
Epoch 50: loss = 2087.54296875
Epoch 51: loss = 2087.544189453125
Epoch 52: loss = 2087.544189453125
Epoch 53: loss = 2087.531005859375
Epoch 54: loss = 2087.5205078125
Epoch 55: loss = 2087.513916015625
Epoch 56: loss = 2087.5068359375
Epoch 57: loss = 2087.503662109375
Epoch 58: loss = 2087.49169921875
Epoch 59: loss = 2087.48486328125
Epoch 60: loss = 2087.475341796875
Epoch 61: loss = 2087.471435546875
Epoch 62: loss = 2087.459228515625
Epoch 63: loss = 2087.456787109375
Epoch 64: loss = 2087.4462890625
Epoch 65: loss = 2087.446533203125
Epoch 66: loss = 2087.4345703125
Epoch 67: loss = 2087.436767578125
Epoch 68: loss = 2087.43408203125
Epoch 69: loss = 2087.428466796875
Epoch 70: loss = 2087.425048828125
Epoch 71: loss = 2087.42138671875
Epoch 72: loss = 2087.4267578125
Epoch 73: loss = 2087.421875
Epoch 74: loss = 2087.42236328125
Epoch 75: loss = 2087.421142578125
Epoch 76: loss = 2087.415771484375
Epoch 77: loss = 2087.41943359375
Epoch 78: loss = 2087.41796875
Epoch 79: loss = 2087.420654296875
Epoch 80: loss = 2087.41748046875
Epoch 81: loss = 2087.416748046875
Early stopping at epoch 81 with loss 2087.415771484375
Reconstruction for fluence = 14384.498882876629 photons/pixel
Epoch 0: loss = 1831880064.0
Epoch 1: loss = 1844216.0
Epoch 2: loss = 409999.34375
Epoch 3: loss = 126095.1640625
Epoch 4: loss = 43985.65625
Epoch 5: loss = 16031.5283203125
Epoch 6: loss = 9705.4423828125
Epoch 7: loss = 7412.5693359375
Epoch 8: loss = 6353.53662109375
Epoch 9: loss = 5785.67724609375
Epoch 10: loss = 5500.81982421875
Epoch 11: loss = 5341.4541015625
Epoch 12: loss = 5250.216796875
Epoch 13: loss = 5188.650390625
Epoch 14: loss = 5146.486328125
Epoch 15: loss = 5113.18505859375
Epoch 16: loss = 5088.26220703125
Epoch 17: loss = 5066.14404296875
Epoch 18: loss = 5043.67626953125
Epoch 19: loss = 5020.12060546875
Epoch 20: loss = 4996.86767578125
Epoch 21: loss = 4978.95751953125
Epoch 22: loss = 4967.37353515625
Epoch 23: loss = 4959.35595703125
Epoch 24: loss = 4953.43994140625
Epoch 25: loss = 4948.2587890625
Epoch 26: loss = 4941.1328125
Epoch 27: loss = 4934.33935546875
Epoch 28: loss = 4929.6376953125
Epoch 29: loss = 4927.005859375
Epoch 30: loss = 4925.48095703125
Epoch 31: loss = 4924.4794921875
Epoch 32: loss = 4923.84326171875
Epoch 33: loss = 4923.35595703125
Epoch 34: loss = 4922.95947265625
Epoch 35: loss = 4922.6572265625
Epoch 36: loss = 4922.36328125
Epoch 37: loss = 4922.1455078125
Epoch 38: loss = 4921.96337890625
Epoch 39: loss = 4921.8388671875
Epoch 40: loss = 4921.79150390625
Epoch 41: loss = 4921.65673828125
Epoch 42: loss = 4921.58154296875
Epoch 43: loss = 4921.50146484375
Epoch 44: loss = 4921.48779296875
Epoch 45: loss = 4921.45068359375
Epoch 46: loss = 4921.41064453125
Epoch 47: loss = 4921.38037109375
Epoch 48: loss = 4921.3427734375
Epoch 49: loss = 4921.33154296875
Epoch 50: loss = 4921.32373046875
Epoch 51: loss = 4921.283203125
Epoch 52: loss = 4921.25537109375
Epoch 53: loss = 4921.25244140625
Epoch 54: loss = 4921.25244140625
Epoch 55: loss = 4921.22607421875
Epoch 56: loss = 4921.2177734375
Epoch 57: loss = 4921.2265625
Epoch 58: loss = 4921.20068359375
Epoch 59: loss = 4921.18994140625
Epoch 60: loss = 4921.18212890625
Epoch 61: loss = 4921.1875
Epoch 62: loss = 4921.15625
Epoch 63: loss = 4921.16650390625
Epoch 64: loss = 4921.1650390625
Epoch 65: loss = 4921.15625
Epoch 66: loss = 4921.17138671875
Epoch 67: loss = 4921.15625
Early stopping at epoch 67 with loss 4921.15625
Reconstruction for fluence = 33598.18286283781 photons/pixel
Epoch 0: loss = 9993716736.0
Epoch 1: loss = 10013730.0
Epoch 2: loss = 2259998.75
Epoch 3: loss = 670309.0
Epoch 4: loss = 207702.921875
Epoch 5: loss = 68885.625
Epoch 6: loss = 37553.890625
Epoch 7: loss = 24819.869140625
Epoch 8: loss = 19121.701171875
Epoch 9: loss = 16417.7890625
Epoch 10: loss = 14706.4638671875
Epoch 11: loss = 13860.4384765625
Epoch 12: loss = 13327.201171875
Epoch 13: loss = 12926.6669921875
Epoch 14: loss = 12638.095703125
Epoch 15: loss = 12399.5498046875
Epoch 16: loss = 12242.779296875
Epoch 17: loss = 12142.93359375
Epoch 18: loss = 12057.494140625
Epoch 19: loss = 11984.2431640625
Epoch 20: loss = 11903.1494140625
Epoch 21: loss = 11836.4970703125
Epoch 22: loss = 11801.123046875
Epoch 23: loss = 11775.26953125
Epoch 24: loss = 11756.7724609375
Epoch 25: loss = 11742.685546875
Epoch 26: loss = 11731.0380859375
Epoch 27: loss = 11722.822265625
Epoch 28: loss = 11716.6806640625
Epoch 29: loss = 11711.859375
Epoch 30: loss = 11708.095703125
Epoch 31: loss = 11705.044921875
Epoch 32: loss = 11703.109375
Epoch 33: loss = 11701.6845703125
Epoch 34: loss = 11700.435546875
Epoch 35: loss = 11699.443359375
Epoch 36: loss = 11698.724609375
Epoch 37: loss = 11698.1083984375
Epoch 38: loss = 11697.6240234375
Epoch 39: loss = 11697.3046875
Epoch 40: loss = 11696.8466796875
Epoch 41: loss = 11696.6279296875
Epoch 42: loss = 11696.58984375
Epoch 43: loss = 11696.3486328125
Epoch 44: loss = 11696.080078125
Epoch 45: loss = 11695.9580078125
Epoch 46: loss = 11695.7294921875
Epoch 47: loss = 11695.5322265625
Epoch 48: loss = 11695.408203125
Epoch 49: loss = 11695.373046875
Epoch 50: loss = 11695.2626953125
Epoch 51: loss = 11695.0419921875
Epoch 52: loss = 11695.033203125
Epoch 53: loss = 11694.970703125
Epoch 54: loss = 11694.9072265625
Epoch 55: loss = 11694.8515625
Epoch 56: loss = 11694.8486328125
Epoch 57: loss = 11694.8251953125
Epoch 58: loss = 11694.78125
Epoch 59: loss = 11694.7880859375
Epoch 60: loss = 11694.8232421875
Epoch 61: loss = 11694.75390625
Epoch 62: loss = 11694.75390625
Epoch 63: loss = 11694.7919921875
Epoch 64: loss = 11694.7431640625
Epoch 65: loss = 11694.720703125
Epoch 66: loss = 11694.7197265625
Epoch 67: loss = 11694.7578125
Epoch 68: loss = 11694.771484375
Epoch 69: loss = 11694.7763671875
Epoch 70: loss = 11694.7236328125
Epoch 71: loss = 11694.7587890625
Early stopping at epoch 71 with loss 11694.7197265625
Reconstruction for fluence = 78475.99703514607 photons/pixel
Epoch 0: loss = 54519595008.0
Epoch 1: loss = 53728692.0
Epoch 2: loss = 11956165.0
Epoch 3: loss = 3561498.5
Epoch 4: loss = 1062773.375
Epoch 5: loss = 332847.90625
Epoch 6: loss = 166130.203125
Epoch 7: loss = 98331.4921875
Epoch 8: loss = 68685.140625
Epoch 9: loss = 53901.8671875
Epoch 10: loss = 45460.05078125
Epoch 11: loss = 40792.2578125
Epoch 12: loss = 38042.21484375
Epoch 13: loss = 36088.23046875
Epoch 14: loss = 34653.66796875
Epoch 15: loss = 33525.703125
Epoch 16: loss = 32642.638671875
Epoch 17: loss = 31927.736328125
Epoch 18: loss = 31240.791015625
Epoch 19: loss = 30603.4140625
Epoch 20: loss = 30068.271484375
Epoch 21: loss = 29631.5
Epoch 22: loss = 29331.5
Epoch 23: loss = 29034.384765625
Epoch 24: loss = 28701.0703125
Epoch 25: loss = 28436.9453125
Epoch 26: loss = 28308.947265625
Epoch 27: loss = 28244.275390625
Epoch 28: loss = 28193.7578125
Epoch 29: loss = 28154.3125
Epoch 30: loss = 28123.185546875
Epoch 31: loss = 28100.634765625
Epoch 32: loss = 28084.189453125
Epoch 33: loss = 28071.138671875
Epoch 34: loss = 28060.548828125
Epoch 35: loss = 28050.896484375
Epoch 36: loss = 28043.79296875
Epoch 37: loss = 28038.455078125
Epoch 38: loss = 28034.072265625
Epoch 39: loss = 28030.431640625
Epoch 40: loss = 28027.75
Epoch 41: loss = 28025.23828125
Epoch 42: loss = 28023.421875
Epoch 43: loss = 28021.720703125
Epoch 44: loss = 28020.771484375
Epoch 45: loss = 28019.494140625
Epoch 46: loss = 28018.73828125
Epoch 47: loss = 28018.025390625
Epoch 48: loss = 28017.365234375
Epoch 49: loss = 28017.140625
Epoch 50: loss = 28016.60546875
Epoch 51: loss = 28016.3515625
Epoch 52: loss = 28015.806640625
Epoch 53: loss = 28016.0390625
Epoch 54: loss = 28015.806640625
Epoch 55: loss = 28015.681640625
Epoch 56: loss = 28015.498046875
Epoch 57: loss = 28015.38671875
Epoch 58: loss = 28015.197265625
Epoch 59: loss = 28015.0703125
Epoch 60: loss = 28015.064453125
Epoch 61: loss = 28015.326171875
Epoch 62: loss = 28015.244140625
Epoch 63: loss = 28015.05859375
Epoch 64: loss = 28015.017578125
Epoch 65: loss = 28015.279296875
Epoch 66: loss = 28015.0390625
Epoch 67: loss = 28015.119140625
Epoch 68: loss = 28014.845703125
Epoch 69: loss = 28015.181640625
Epoch 70: loss = 28015.080078125
Epoch 71: loss = 28014.87890625
Epoch 72: loss = 28015.1953125
Epoch 73: loss = 28014.978515625
Early stopping at epoch 73 with loss 28014.845703125
Reconstruction for fluence = 183298.07108324335 photons/pixel
Epoch 0: loss = 297439821824.0
Epoch 1: loss = 296504192.0
Epoch 2: loss = 64279416.0
Epoch 3: loss = 18913878.0
Epoch 4: loss = 6088266.0
Epoch 5: loss = 1815700.5
Epoch 6: loss = 823253.3125
Epoch 7: loss = 464836.34375
Epoch 8: loss = 291634.9375
Epoch 9: loss = 205666.078125
Epoch 10: loss = 157532.328125
Epoch 11: loss = 133773.296875
Epoch 12: loss = 118398.03125
Epoch 13: loss = 107986.328125
Epoch 14: loss = 100277.3203125
Epoch 15: loss = 93869.6953125
Epoch 16: loss = 88404.78125
Epoch 17: loss = 84389.5546875
Epoch 18: loss = 81219.5546875
Epoch 19: loss = 78304.15625
Epoch 20: loss = 75733.015625
Epoch 21: loss = 73830.0390625
Epoch 22: loss = 72230.5390625
Epoch 23: loss = 70470.5234375
Epoch 24: loss = 69103.25
Epoch 25: loss = 68466.9140625
Epoch 26: loss = 68108.1875
Epoch 27: loss = 67766.390625
Epoch 28: loss = 67536.4609375
Epoch 29: loss = 67343.9765625
Epoch 30: loss = 67186.8125
Epoch 31: loss = 67064.625
Epoch 32: loss = 66974.1015625
Epoch 33: loss = 66893.640625
Epoch 34: loss = 66831.7265625
Epoch 35: loss = 66779.96875
Epoch 36: loss = 66740.0859375
Epoch 37: loss = 66704.1640625
Epoch 38: loss = 66675.3203125
Epoch 39: loss = 66651.328125
Epoch 40: loss = 66634.0390625
Epoch 41: loss = 66619.5859375
Epoch 42: loss = 66610.4921875
Epoch 43: loss = 66602.7109375
Epoch 44: loss = 66596.3203125
Epoch 45: loss = 66590.7109375
Epoch 46: loss = 66587.2109375
Epoch 47: loss = 66583.265625
Epoch 48: loss = 66581.6328125
Epoch 49: loss = 66578.8359375
Epoch 50: loss = 66577.7890625
Epoch 51: loss = 66576.3359375
Epoch 52: loss = 66575.1640625
Epoch 53: loss = 66574.078125
Epoch 54: loss = 66574.65625
Epoch 55: loss = 66573.6953125
Epoch 56: loss = 66573.421875
Epoch 57: loss = 66573.3203125
Epoch 58: loss = 66572.65625
Epoch 59: loss = 66572.5390625
Epoch 60: loss = 66572.390625
Epoch 61: loss = 66572.578125
Epoch 62: loss = 66572.5703125
Epoch 63: loss = 66572.0546875
Epoch 64: loss = 66571.4765625
Epoch 65: loss = 66572.3359375
Epoch 66: loss = 66572.1953125
Epoch 67: loss = 66572.3515625
Epoch 68: loss = 66572.4140625
Epoch 69: loss = 66571.9375
Early stopping at epoch 69 with loss 66571.4765625
Reconstruction for fluence = 428133.2398719387 photons/pixel
Epoch 0: loss = 1622748299264.0
Epoch 1: loss = 1625665280.0
Epoch 2: loss = 356322176.0
Epoch 3: loss = 103886752.0
Epoch 4: loss = 30846286.0
Epoch 5: loss = 8756878.0
Epoch 6: loss = 4086317.25
Epoch 7: loss = 2224304.25
Epoch 8: loss = 1341011.375
Epoch 9: loss = 899868.5625
Epoch 10: loss = 648008.3125
Epoch 11: loss = 507789.40625
Epoch 12: loss = 431996.125
Epoch 13: loss = 371308.3125
Epoch 14: loss = 330290.5
Epoch 15: loss = 298334.3125
Epoch 16: loss = 270105.8125
Epoch 17: loss = 246574.421875
Epoch 18: loss = 226394.453125
Epoch 19: loss = 210015.0
Epoch 20: loss = 195346.484375
Epoch 21: loss = 184392.6875
Epoch 22: loss = 176981.8125
Epoch 23: loss = 169165.5625
Epoch 24: loss = 159675.6875
Epoch 25: loss = 153619.578125
Epoch 26: loss = 150612.46875
Epoch 27: loss = 149010.28125
Epoch 28: loss = 147794.21875
Epoch 29: loss = 146712.703125
Epoch 30: loss = 145787.78125
Epoch 31: loss = 145090.578125
Epoch 32: loss = 144533.109375
Epoch 33: loss = 144087.953125
Epoch 34: loss = 143737.203125
Epoch 35: loss = 143443.890625
Epoch 36: loss = 143225.796875
Epoch 37: loss = 143066.453125
Epoch 38: loss = 142941.078125
Epoch 39: loss = 142839.5625
Epoch 40: loss = 142757.203125
Epoch 41: loss = 142692.0
Epoch 42: loss = 142633.859375
Epoch 43: loss = 142597.515625
Epoch 44: loss = 142558.46875
Epoch 45: loss = 142526.390625
Epoch 46: loss = 142499.15625
Epoch 47: loss = 142480.578125
Epoch 48: loss = 142458.390625
Epoch 49: loss = 142442.171875
Epoch 50: loss = 142427.453125
Epoch 51: loss = 142420.453125
Epoch 52: loss = 142412.265625
Epoch 53: loss = 142404.140625
Epoch 54: loss = 142397.171875
Epoch 55: loss = 142389.46875
Epoch 56: loss = 142388.328125
Epoch 57: loss = 142384.71875
Epoch 58: loss = 142383.46875
Epoch 59: loss = 142380.109375
Epoch 60: loss = 142380.5625
Epoch 61: loss = 142377.453125
Epoch 62: loss = 142376.90625
Epoch 63: loss = 142377.578125
Epoch 64: loss = 142374.953125
Epoch 65: loss = 142375.578125
Epoch 66: loss = 142374.421875
Epoch 67: loss = 142374.578125
Epoch 68: loss = 142374.578125
Epoch 69: loss = 142374.890625
Epoch 70: loss = 142370.515625
Epoch 71: loss = 142370.5
Epoch 72: loss = 142371.125
Epoch 73: loss = 142374.8125
Epoch 74: loss = 142373.75
Epoch 75: loss = 142371.921875
Epoch 76: loss = 142372.953125
Early stopping at epoch 76 with loss 142370.5
Reconstruction for fluence = 1000000.0 photons/pixel
Epoch 0: loss = 8852829372416.0
Epoch 1: loss = 8877502464.0
Epoch 2: loss = 1947785216.0
Epoch 3: loss = 585399744.0
Epoch 4: loss = 182905968.0
Epoch 5: loss = 51899988.0
Epoch 6: loss = 24602166.0
Epoch 7: loss = 12217453.0
Epoch 8: loss = 7122427.5
Epoch 9: loss = 4615106.5
Epoch 10: loss = 3094133.25
Epoch 11: loss = 2375042.75
Epoch 12: loss = 1937018.625
Epoch 13: loss = 1613412.5
Epoch 14: loss = 1364846.25
Epoch 15: loss = 1191219.875
Epoch 16: loss = 1026957.25
Epoch 17: loss = 912051.875
Epoch 18: loss = 805297.8125
Epoch 19: loss = 711734.25
Epoch 20: loss = 628963.3125
Epoch 21: loss = 574795.6875
Epoch 22: loss = 528912.3125
Epoch 23: loss = 495613.21875
Epoch 24: loss = 451318.125
Epoch 25: loss = 401957.8125
Epoch 26: loss = 373518.9375
Epoch 27: loss = 360196.9375
Epoch 28: loss = 352291.8125
Epoch 29: loss = 345681.25
Epoch 30: loss = 340186.15625
Epoch 31: loss = 335623.65625
Epoch 32: loss = 332508.21875
Epoch 33: loss = 330285.65625
Epoch 34: loss = 328446.78125
Epoch 35: loss = 326995.4375
Epoch 36: loss = 325742.15625
Epoch 37: loss = 324744.0625
Epoch 38: loss = 323968.0625
Epoch 39: loss = 323359.21875
Epoch 40: loss = 322901.15625
Epoch 41: loss = 322512.5625
Epoch 42: loss = 322201.71875
Epoch 43: loss = 322074.90625
Epoch 44: loss = 321851.71875
Epoch 45: loss = 321648.75
Epoch 46: loss = 321500.9375
Epoch 47: loss = 321352.1875
Epoch 48: loss = 321254.5
Epoch 49: loss = 321173.25
Epoch 50: loss = 321091.3125
Epoch 51: loss = 321042.96875
Epoch 52: loss = 320999.3125
Epoch 53: loss = 320967.28125
Epoch 54: loss = 320943.21875
Epoch 55: loss = 320934.75
Epoch 56: loss = 320920.5625
Epoch 57: loss = 320907.9375
Epoch 58: loss = 320905.59375
Epoch 59: loss = 320891.78125
Epoch 60: loss = 320873.90625
Epoch 61: loss = 320875.1875
Epoch 62: loss = 320889.34375
Epoch 63: loss = 320879.0625
Epoch 64: loss = 320884.46875
Epoch 65: loss = 320869.875
Epoch 66: loss = 320870.125
Epoch 67: loss = 320870.15625
Epoch 68: loss = 320868.625
Epoch 69: loss = 320871.0
Epoch 70: loss = 320860.5625
Epoch 71: loss = 320868.75
Epoch 72: loss = 320874.0625
Epoch 73: loss = 320863.15625
Epoch 74: loss = 320867.625
Epoch 75: loss = 320872.09375
Early stopping at epoch 75 with loss 320860.5625
Tensors initialization on device cuda
Multiprobe = None

('MSE', 'PoissonNLL') RECONSTRUCTIONS

Reconstruction for fluence = 0.09999999999999999 photons/pixel
Epoch 0: loss = 0.19163939356803894
Epoch 1: loss = 0.060193002223968506
Epoch 2: loss = 0.05709397792816162
Epoch 3: loss = 0.05599665641784668
Epoch 4: loss = 0.05537395551800728
Epoch 5: loss = 0.0549820140004158
Epoch 6: loss = 0.05453692004084587
Epoch 7: loss = 0.054203931242227554
Epoch 8: loss = 0.054084617644548416
Epoch 9: loss = 0.05404845252633095
Epoch 10: loss = 0.054024532437324524
Epoch 11: loss = 0.05401298403739929
Epoch 12: loss = 0.054007675498723984
Epoch 13: loss = 0.0540049783885479
Early stopping at epoch 13 with loss 0.054084617644548416
Epoch 0: loss = 0.14325225353240967
Epoch 1: loss = 0.10945042222738266
Epoch 2: loss = 0.10870243608951569
Epoch 3: loss = 0.10832394659519196
Epoch 4: loss = 0.10813486576080322
Epoch 5: loss = 0.10810926556587219
Epoch 6: loss = 0.10809605568647385
Epoch 7: loss = 0.10809583216905594
Epoch 8: loss = 0.10809583216905594
Epoch 9: loss = 0.10809583216905594
Early stopping at epoch 9 with loss 0.10813486576080322
Reconstruction for fluence = 0.23357214690901223 photons/pixel
Epoch 0: loss = 0.7139543890953064
Epoch 1: loss = 0.12573833763599396
Epoch 2: loss = 0.12108637392520905
Epoch 3: loss = 0.11990933865308762
Epoch 4: loss = 0.1194462776184082
Epoch 5: loss = 0.11904573440551758
Epoch 6: loss = 0.11887667328119278
Epoch 7: loss = 0.11877647787332535
Epoch 8: loss = 0.11856456845998764
Epoch 9: loss = 0.11853867024183273
Epoch 10: loss = 0.11852344125509262
Epoch 11: loss = 0.11851456761360168
Epoch 12: loss = 0.11851023137569427
Epoch 13: loss = 0.11850835382938385
Early stopping at epoch 13 with loss 0.11856456845998764
Epoch 0: loss = 0.13615530729293823
Epoch 1: loss = 0.08417055010795593
Epoch 2: loss = 0.08377603441476822
Epoch 3: loss = 0.0835605040192604
Epoch 4: loss = 0.08331222087144852
Epoch 5: loss = 0.08315842598676682
Epoch 6: loss = 0.08311162889003754
Epoch 7: loss = 0.08310327678918839
Epoch 8: loss = 0.08310166746377945
Epoch 9: loss = 0.08304224163293839
Epoch 10: loss = 0.08299227058887482
Epoch 11: loss = 0.08299023658037186
Epoch 12: loss = 0.08298870176076889
Epoch 13: loss = 0.08298853039741516
Epoch 14: loss = 0.08298852294683456
Early stopping at epoch 14 with loss 0.08304224163293839
Reconstruction for fluence = 0.5455594781168519 photons/pixel
Epoch 0: loss = 3.1441922187805176
Epoch 1: loss = 0.3068379759788513
Epoch 2: loss = 0.2927669584751129
Epoch 3: loss = 0.2903861999511719
Epoch 4: loss = 0.28923818469047546
Epoch 5: loss = 0.288583368062973
Epoch 6: loss = 0.2883686125278473
Epoch 7: loss = 0.288085401058197
Epoch 8: loss = 0.2878386080265045
Epoch 9: loss = 0.2877810597419739
Epoch 10: loss = 0.28773802518844604
Epoch 11: loss = 0.2877088487148285
Epoch 12: loss = 0.287702739238739
Epoch 13: loss = 0.2877017557621002
Epoch 14: loss = 0.2877015173435211
Epoch 0: loss = -0.17478129267692566
Epoch 1: loss = -0.2564627230167389
Epoch 2: loss = -0.2572467029094696
Epoch 3: loss = -0.25732555985450745
Epoch 4: loss = -0.25733682513237
Epoch 5: loss = -0.257343053817749
Epoch 6: loss = -0.25734496116638184
Epoch 7: loss = -0.25735732913017273
Epoch 8: loss = -0.2573601305484772
Epoch 9: loss = -0.2573601305484772
Epoch 10: loss = -0.25736019015312195
Epoch 11: loss = -0.2573602497577667
Epoch 12: loss = -0.2573602497577667
Early stopping at epoch 12 with loss -0.25735732913017273
Reconstruction for fluence = 1.2742749857031335 photons/pixel
Epoch 0: loss = 15.64137077331543
Epoch 1: loss = 0.6976624727249146
Epoch 2: loss = 0.6473087668418884
Epoch 3: loss = 0.6385912299156189
Epoch 4: loss = 0.6364669799804688
Epoch 5: loss = 0.6360406875610352
Epoch 6: loss = 0.6358965635299683
Epoch 7: loss = 0.6358018517494202
Epoch 8: loss = 0.6357212662696838
Epoch 9: loss = 0.6356937289237976
Epoch 10: loss = 0.6356845498085022
Epoch 11: loss = 0.6356815695762634
Epoch 12: loss = 0.63568115234375
Epoch 13: loss = 0.6356809735298157
Early stopping at epoch 13 with loss 0.6357212662696838
Epoch 0: loss = -1.4969698190689087
Epoch 1: loss = -1.6220552921295166
Epoch 2: loss = -1.6232620477676392
Epoch 3: loss = -1.6234502792358398
Epoch 4: loss = -1.6235933303833008
Epoch 5: loss = -1.623659372329712
Epoch 6: loss = -1.6236724853515625
Epoch 7: loss = -1.6236939430236816
Epoch 8: loss = -1.6237019300460815
Epoch 9: loss = -1.6237049102783203
Epoch 10: loss = -1.623725175857544
Epoch 11: loss = -1.623727560043335
Epoch 12: loss = -1.6237282752990723
Early stopping at epoch 12 with loss -1.6236939430236816
Reconstruction for fluence = 2.976351441631318 photons/pixel
Epoch 0: loss = 81.6290054321289
Epoch 1: loss = 1.5607866048812866
Epoch 2: loss = 1.394823670387268
Epoch 3: loss = 1.3683087825775146
Epoch 4: loss = 1.3613810539245605
Epoch 5: loss = 1.3598374128341675
Epoch 6: loss = 1.3593071699142456
Epoch 7: loss = 1.3589158058166504
Epoch 8: loss = 1.358690857887268
Epoch 9: loss = 1.3585556745529175
Epoch 10: loss = 1.35843026638031
Epoch 11: loss = 1.358384609222412
Epoch 12: loss = 1.358367919921875
Epoch 13: loss = 1.3583608865737915
Epoch 14: loss = 1.358355164527893
Epoch 0: loss = -6.033758640289307
Epoch 1: loss = -6.21634578704834
Epoch 2: loss = -6.21834659576416
Epoch 3: loss = -6.218792915344238
Epoch 4: loss = -6.2189621925354
Epoch 5: loss = -6.219026565551758
Epoch 6: loss = -6.219074726104736
Epoch 7: loss = -6.219075679779053
Epoch 8: loss = -6.219089031219482
Epoch 9: loss = -6.219089984893799
Epoch 10: loss = -6.219090938568115
Epoch 11: loss = -6.219090938568115
Early stopping at epoch 11 with loss -6.219074726104736
Reconstruction for fluence = 6.9519279617756045 photons/pixel
Epoch 0: loss = 433.8268127441406
Epoch 1: loss = 4.023273944854736
Epoch 2: loss = 3.2884199619293213
Epoch 3: loss = 3.165640354156494
Epoch 4: loss = 3.1337621212005615
Epoch 5: loss = 3.1258232593536377
Epoch 6: loss = 3.123035430908203
Epoch 7: loss = 3.1211183071136475
Epoch 8: loss = 3.120697498321533
Epoch 9: loss = 3.1205224990844727
Epoch 10: loss = 3.1203088760375977
Epoch 11: loss = 3.120164394378662
Epoch 12: loss = 3.120086193084717
Epoch 13: loss = 3.120023012161255
Epoch 14: loss = 3.1199638843536377
Epoch 0: loss = -20.171279907226562
Epoch 1: loss = -20.43714141845703
Epoch 2: loss = -20.440540313720703
Epoch 3: loss = -20.44131851196289
Epoch 4: loss = -20.441781997680664
Epoch 5: loss = -20.44182777404785
Epoch 6: loss = -20.44183349609375
Epoch 7: loss = -20.441843032836914
Epoch 8: loss = -20.441843032836914
Epoch 9: loss = -20.441850662231445
Early stopping at epoch 9 with loss -20.441781997680664
Reconstruction for fluence = 16.23776739188721 photons/pixel
Epoch 0: loss = 2359.35302734375
Epoch 1: loss = 10.150705337524414
Epoch 2: loss = 7.351752281188965
Epoch 3: loss = 6.773283004760742
Epoch 4: loss = 6.626217365264893
Epoch 5: loss = 6.590153217315674
Epoch 6: loss = 6.580080509185791
Epoch 7: loss = 6.575215816497803
Epoch 8: loss = 6.568851947784424
Epoch 9: loss = 6.56613302230835
Epoch 10: loss = 6.565209865570068
Epoch 11: loss = 6.564894199371338
Epoch 12: loss = 6.564780235290527
Epoch 13: loss = 6.564724445343018
Epoch 14: loss = 6.564703941345215
Epoch 0: loss = -60.90607452392578
Epoch 1: loss = -61.26877212524414
Epoch 2: loss = -61.27293014526367
Epoch 3: loss = -61.27434539794922
Epoch 4: loss = -61.27495574951172
Epoch 5: loss = -61.27513885498047
Epoch 6: loss = -61.27552032470703
Epoch 7: loss = -61.27553939819336
Epoch 8: loss = -61.27553939819336
Epoch 9: loss = -61.27555465698242
Epoch 10: loss = -61.27555465698242
Epoch 11: loss = -61.27555465698242
Early stopping at epoch 11 with loss -61.27552032470703
Reconstruction for fluence = 37.926901907322495 photons/pixel
Epoch 0: loss = 12782.9423828125
Epoch 1: loss = 31.40629768371582
Epoch 2: loss = 19.05714988708496
Epoch 3: loss = 16.412858963012695
Epoch 4: loss = 15.629318237304688
Epoch 5: loss = 15.440754890441895
Epoch 6: loss = 15.392961502075195
Epoch 7: loss = 15.37601089477539
Epoch 8: loss = 15.368062019348145
Epoch 9: loss = 15.364727973937988
Epoch 10: loss = 15.363162994384766
Epoch 11: loss = 15.362467765808105
Epoch 12: loss = 15.362177848815918
Epoch 13: loss = 15.362019538879395
Epoch 14: loss = 15.36194896697998
Epoch 0: loss = -174.77346801757812
Epoch 1: loss = -175.2779998779297
Epoch 2: loss = -175.28489685058594
Epoch 3: loss = -175.28662109375
Epoch 4: loss = -175.28671264648438
Epoch 5: loss = -175.28765869140625
Epoch 6: loss = -175.28773498535156
Epoch 7: loss = -175.2881622314453
Epoch 8: loss = -175.28826904296875
Epoch 9: loss = -175.2884979248047
Epoch 10: loss = -175.2885284423828
Epoch 11: loss = -175.2885284423828
Epoch 12: loss = -175.2885284423828
Epoch 13: loss = -175.2885284423828
Epoch 14: loss = -175.2885284423828
Early stopping at epoch 14 with loss -175.2884979248047
Reconstruction for fluence = 88.58667904100822 photons/pixel
Epoch 0: loss = 69518.15625
Epoch 1: loss = 113.10421752929688
Epoch 2: loss = 52.45550537109375
Epoch 3: loss = 39.21894073486328
Epoch 4: loss = 35.6728515625
Epoch 5: loss = 34.79566955566406
Epoch 6: loss = 34.568450927734375
Epoch 7: loss = 34.48800277709961
Epoch 8: loss = 34.45085906982422
Epoch 9: loss = 34.43163299560547
Epoch 10: loss = 34.422119140625
Epoch 11: loss = 34.41716384887695
Epoch 12: loss = 34.41458511352539
Epoch 13: loss = 34.41302490234375
Epoch 14: loss = 34.412132263183594
Epoch 0: loss = -484.53607177734375
Epoch 1: loss = -485.2274475097656
Epoch 2: loss = -485.2388916015625
Epoch 3: loss = -485.24163818359375
Epoch 4: loss = -485.2421875
Epoch 5: loss = -485.2423400878906
Epoch 6: loss = -485.2424011230469
Epoch 7: loss = -485.2424011230469
Epoch 8: loss = -485.2424621582031
Epoch 9: loss = -485.2424621582031
Epoch 10: loss = -485.2425231933594
Epoch 11: loss = -485.2425231933594
Epoch 12: loss = -485.2425231933594
Epoch 13: loss = -485.2425842285156
Epoch 14: loss = -485.24261474609375
Epoch 15: loss = -485.24273681640625
Epoch 16: loss = -485.2427978515625
Epoch 17: loss = -485.2428283691406
Epoch 18: loss = -485.2428283691406
Epoch 19: loss = -485.2429504394531
Epoch 20: loss = -485.2429504394531
Epoch 21: loss = -485.2429504394531
Epoch 22: loss = -485.2430725097656
Epoch 23: loss = -485.2430725097656
Epoch 24: loss = -485.2430725097656
Epoch 25: loss = -485.2431640625
Epoch 26: loss = -485.2431640625
Epoch 27: loss = -485.2431640625
Early stopping at epoch 27 with loss -485.2430725097656
Reconstruction for fluence = 206.9138081114788 photons/pixel
Epoch 0: loss = 379219.40625
Epoch 1: loss = 478.2142028808594
Epoch 2: loss = 167.2593536376953
Epoch 3: loss = 101.79767608642578
Epoch 4: loss = 83.75657653808594
Epoch 5: loss = 77.9357681274414
Epoch 6: loss = 76.4906005859375
Epoch 7: loss = 75.88949584960938
Epoch 8: loss = 75.6269760131836
Epoch 9: loss = 75.49238586425781
Epoch 10: loss = 75.41618347167969
Epoch 11: loss = 75.37477111816406
Epoch 12: loss = 75.35302734375
Epoch 13: loss = 75.33815002441406
Epoch 14: loss = 75.32608032226562
Epoch 0: loss = -1307.0574951171875
Epoch 1: loss = -1307.927734375
Epoch 2: loss = -1307.945068359375
Epoch 3: loss = -1307.9478759765625
Epoch 4: loss = -1307.9486083984375
Epoch 5: loss = -1307.948974609375
Epoch 6: loss = -1307.9498291015625
Epoch 7: loss = -1307.9498291015625
Epoch 8: loss = -1307.9500732421875
Epoch 9: loss = -1307.9500732421875
Epoch 10: loss = -1307.9503173828125
Epoch 11: loss = -1307.9505615234375
Epoch 12: loss = -1307.9508056640625
Epoch 13: loss = -1307.9508056640625
Epoch 14: loss = -1307.9508056640625
Epoch 15: loss = -1307.950927734375
Epoch 16: loss = -1307.9510498046875
Epoch 17: loss = -1307.9510498046875
Epoch 18: loss = -1307.951171875
Epoch 19: loss = -1307.951171875
Epoch 20: loss = -1307.951416015625
Epoch 21: loss = -1307.9515380859375
Epoch 22: loss = -1307.9515380859375
Epoch 23: loss = -1307.95166015625
Epoch 24: loss = -1307.95166015625
Epoch 25: loss = -1307.95166015625
Epoch 26: loss = -1307.95166015625
Epoch 27: loss = -1307.95166015625
Epoch 28: loss = -1307.95166015625
Early stopping at epoch 28 with loss -1307.95166015625
Reconstruction for fluence = 483.2930238571752 photons/pixel
Epoch 0: loss = 2067750.0
Epoch 1: loss = 2342.318115234375
Epoch 2: loss = 638.9577026367188
Epoch 3: loss = 316.74029541015625
Epoch 4: loss = 220.33799743652344
Epoch 5: loss = 192.1537322998047
Epoch 6: loss = 182.83853149414062
Epoch 7: loss = 179.45217895507812
Epoch 8: loss = 178.02542114257812
Epoch 9: loss = 177.25083923339844
Epoch 10: loss = 176.84942626953125
Epoch 11: loss = 176.6386260986328
Epoch 12: loss = 176.50914001464844
Epoch 13: loss = 176.42103576660156
Epoch 14: loss = 176.3634796142578
Epoch 0: loss = -3464.54150390625
Epoch 1: loss = -3465.723388671875
Epoch 2: loss = -3465.745361328125
Epoch 3: loss = -3465.745361328125
Epoch 4: loss = -3465.74609375
Epoch 5: loss = -3465.747314453125
Epoch 6: loss = -3465.748046875
Epoch 7: loss = -3465.74853515625
Epoch 8: loss = -3465.74853515625
Epoch 9: loss = -3465.748779296875
Epoch 10: loss = -3465.748779296875
Epoch 11: loss = -3465.748779296875
Epoch 12: loss = -3465.749267578125
Epoch 13: loss = -3465.749267578125
Epoch 14: loss = -3465.749267578125
Epoch 15: loss = -3465.749267578125
Epoch 16: loss = -3465.749267578125
Epoch 17: loss = -3465.749267578125
Early stopping at epoch 17 with loss -3465.749267578125
Reconstruction for fluence = 1128.8378916846884 photons/pixel
Epoch 0: loss = 11285698.0
Epoch 1: loss = 11720.984375
Epoch 2: loss = 2851.828125
Epoch 3: loss = 1111.997802734375
Epoch 4: loss = 597.216796875
Epoch 5: loss = 454.9088134765625
Epoch 6: loss = 419.36871337890625
Epoch 7: loss = 405.31890869140625
Epoch 8: loss = 399.2774658203125
Epoch 9: loss = 395.8262023925781
Epoch 10: loss = 394.01129150390625
Epoch 11: loss = 392.9517822265625
Epoch 12: loss = 392.51904296875
Epoch 13: loss = 391.9497375488281
Epoch 14: loss = 391.65966796875
Epoch 0: loss = -9045.4130859375
Epoch 1: loss = -9046.9072265625
Epoch 2: loss = -9046.919921875
Epoch 3: loss = -9046.921875
Epoch 4: loss = -9046.923828125
Epoch 5: loss = -9046.923828125
Epoch 6: loss = -9046.92578125
Epoch 7: loss = -9046.9267578125
Epoch 8: loss = -9046.9267578125
Epoch 9: loss = -9046.9267578125
Epoch 10: loss = -9046.9267578125
Epoch 11: loss = -9046.927734375
Epoch 12: loss = -9046.9296875
Epoch 13: loss = -9046.9296875
Epoch 14: loss = -9046.9306640625
Epoch 15: loss = -9046.9306640625
Epoch 16: loss = -9046.9306640625
Epoch 17: loss = -9046.9306640625
Epoch 18: loss = -9046.931640625
Epoch 19: loss = -9046.931640625
Epoch 20: loss = -9046.931640625
Epoch 21: loss = -9046.931640625
Epoch 22: loss = -9046.931640625
Epoch 23: loss = -9046.931640625
Early stopping at epoch 23 with loss -9046.931640625
Reconstruction for fluence = 2636.6508987303555 photons/pixel
Epoch 0: loss = 61534804.0
Epoch 1: loss = 62751.85546875
Epoch 2: loss = 14401.4111328125
Epoch 3: loss = 4856.35986328125
Epoch 4: loss = 2055.824462890625
Epoch 5: loss = 1313.216552734375
Epoch 6: loss = 1109.9208984375
Epoch 7: loss = 1033.05322265625
Epoch 8: loss = 997.7446899414062
Epoch 9: loss = 979.1983642578125
Epoch 10: loss = 968.849853515625
Epoch 11: loss = 962.5310668945312
Epoch 12: loss = 958.5556640625
Epoch 13: loss = 955.7713623046875
Epoch 14: loss = 953.5894165039062
Epoch 0: loss = -23377.466796875
Epoch 1: loss = -23379.4921875
Epoch 2: loss = -23379.5
Epoch 3: loss = -23379.505859375
Epoch 4: loss = -23379.509765625
Epoch 5: loss = -23379.509765625
Epoch 6: loss = -23379.509765625
Epoch 7: loss = -23379.513671875
Epoch 8: loss = -23379.513671875
Epoch 9: loss = -23379.513671875
Epoch 10: loss = -23379.513671875
Epoch 11: loss = -23379.513671875
Epoch 12: loss = -23379.517578125
Epoch 13: loss = -23379.521484375
Epoch 14: loss = -23379.521484375
Epoch 15: loss = -23379.525390625
Epoch 16: loss = -23379.525390625
Epoch 17: loss = -23379.525390625
Epoch 18: loss = -23379.525390625
Epoch 19: loss = -23379.525390625
Epoch 20: loss = -23379.525390625
Early stopping at epoch 20 with loss -23379.525390625
Reconstruction for fluence = 6158.482110660255 photons/pixel
Epoch 0: loss = 335830688.0
Epoch 1: loss = 339578.0
Epoch 2: loss = 76127.171875
Epoch 3: loss = 24440.71875
Epoch 4: loss = 10118.6650390625
Epoch 5: loss = 4276.77783203125
Epoch 6: loss = 3036.283447265625
Epoch 7: loss = 2555.70166015625
Epoch 8: loss = 2321.009033203125
Epoch 9: loss = 2212.201904296875
Epoch 10: loss = 2149.223388671875
Epoch 11: loss = 2113.6396484375
Epoch 12: loss = 2091.68701171875
Epoch 13: loss = 2077.541748046875
Epoch 14: loss = 2065.993896484375
Epoch 0: loss = -59815.84765625
Epoch 1: loss = -59818.3671875
Epoch 2: loss = -59818.375
Epoch 3: loss = -59818.375
Epoch 4: loss = -59818.390625
Epoch 5: loss = -59818.390625
Epoch 6: loss = -59818.39453125
Epoch 7: loss = -59818.39453125
Epoch 8: loss = -59818.39453125
Epoch 9: loss = -59818.40234375
Epoch 10: loss = -59818.40234375
Epoch 11: loss = -59818.41015625
Epoch 12: loss = -59818.41015625
Epoch 13: loss = -59818.41015625
Epoch 14: loss = -59818.41015625
Epoch 15: loss = -59818.41015625
Epoch 16: loss = -59818.41015625
Early stopping at epoch 16 with loss -59818.41015625
Reconstruction for fluence = 14384.498882876629 photons/pixel
Epoch 0: loss = 1831717760.0
Epoch 1: loss = 1838325.625
Epoch 2: loss = 403191.78125
Epoch 3: loss = 121189.6640625
Epoch 4: loss = 39013.46484375
Epoch 5: loss = 16438.49609375
Epoch 6: loss = 9606.294921875
Epoch 7: loss = 7335.92041015625
Epoch 8: loss = 6249.9931640625
Epoch 9: loss = 5700.50244140625
Epoch 10: loss = 5410.1904296875
Epoch 11: loss = 5252.2060546875
Epoch 12: loss = 5156.43701171875
Epoch 13: loss = 5090.51611328125
Epoch 14: loss = 5043.06494140625
Epoch 0: loss = -151938.625
Epoch 1: loss = -151941.921875
Epoch 2: loss = -151941.921875
Epoch 3: loss = -151941.921875
Epoch 4: loss = -151941.953125
Epoch 5: loss = -151941.953125
Epoch 6: loss = -151941.953125
Epoch 7: loss = -151941.953125
Epoch 8: loss = -151941.953125
Epoch 9: loss = -151941.953125
Early stopping at epoch 9 with loss -151941.953125
Reconstruction for fluence = 33598.18286283781 photons/pixel
Epoch 0: loss = 9993758720.0
Epoch 1: loss = 10050342.0
Epoch 2: loss = 2244259.5
Epoch 3: loss = 643017.4375
Epoch 4: loss = 201979.609375
Epoch 5: loss = 67202.7265625
Epoch 6: loss = 35802.453125
Epoch 7: loss = 24393.87890625
Epoch 8: loss = 19102.041015625
Epoch 9: loss = 16272.732421875
Epoch 10: loss = 14823.19140625
Epoch 11: loss = 14028.4736328125
Epoch 12: loss = 13501.712890625
Epoch 13: loss = 13137.4013671875
Epoch 14: loss = 12874.546875
Epoch 0: loss = -383376.71875
Epoch 1: loss = -383381.65625
Epoch 2: loss = -383381.71875
Epoch 3: loss = -383381.71875
Epoch 4: loss = -383381.78125
Epoch 5: loss = -383381.84375
Epoch 6: loss = -383381.84375
Epoch 7: loss = -383381.90625
Epoch 8: loss = -383381.90625
Epoch 9: loss = -383381.90625
Epoch 10: loss = -383381.90625
Epoch 11: loss = -383381.90625
Epoch 12: loss = -383381.90625
Early stopping at epoch 12 with loss -383381.90625
Reconstruction for fluence = 78475.99703514607 photons/pixel
Epoch 0: loss = 54520569856.0
Epoch 1: loss = 54146840.0
Epoch 2: loss = 11912476.0
Epoch 3: loss = 3615207.5
Epoch 4: loss = 1158104.0
Epoch 5: loss = 340627.40625
Epoch 6: loss = 168667.609375
Epoch 7: loss = 97738.5078125
Epoch 8: loss = 67525.0078125
Epoch 9: loss = 51255.421875
Epoch 10: loss = 42474.29296875
Epoch 11: loss = 38021.5703125
Epoch 12: loss = 35334.37890625
Epoch 13: loss = 33459.0703125
Epoch 14: loss = 32037.40234375
Epoch 0: loss = -962034.25
Epoch 1: loss = -962041.8125
Epoch 2: loss = -962042.0
Epoch 3: loss = -962042.0
Epoch 4: loss = -962042.125
Epoch 5: loss = -962042.125
Epoch 6: loss = -962042.25
Epoch 7: loss = -962042.25
Epoch 8: loss = -962042.25
Epoch 9: loss = -962042.25
Epoch 10: loss = -962042.25
Epoch 11: loss = -962042.25
Early stopping at epoch 11 with loss -962042.25
Reconstruction for fluence = 183298.07108324335 photons/pixel
Epoch 0: loss = 297440772096.0
Epoch 1: loss = 297551200.0
Epoch 2: loss = 66720348.0
Epoch 3: loss = 19400594.0
Epoch 4: loss = 6211050.5
Epoch 5: loss = 1844816.0
Epoch 6: loss = 857111.4375
Epoch 7: loss = 466666.90625
Epoch 8: loss = 293842.875
Epoch 9: loss = 203151.015625
Epoch 10: loss = 155643.171875
Epoch 11: loss = 129401.7265625
Epoch 12: loss = 114341.8046875
Epoch 13: loss = 104372.359375
Epoch 14: loss = 96040.5703125
Epoch 0: loss = -2402574.5
Epoch 1: loss = -2402589.5
Epoch 2: loss = -2402590.0
Epoch 3: loss = -2402590.25
Epoch 4: loss = -2402590.5
Epoch 5: loss = -2402590.75
Epoch 6: loss = -2402590.75
Epoch 7: loss = -2402590.75
Epoch 8: loss = -2402590.75
Epoch 9: loss = -2402591.0
Epoch 10: loss = -2402591.0
Epoch 11: loss = -2402591.25
Epoch 12: loss = -2402590.75
Epoch 13: loss = -2402590.75
Epoch 14: loss = -2402591.0
Epoch 15: loss = -2402591.0
Epoch 16: loss = -2402591.0
Early stopping at epoch 16 with loss -2402591.25
Reconstruction for fluence = 428133.2398719387 photons/pixel
Epoch 0: loss = 1622664413184.0
Epoch 1: loss = 1621207680.0
Epoch 2: loss = 362013120.0
Epoch 3: loss = 106614664.0
Epoch 4: loss = 34045748.0
Epoch 5: loss = 9551922.0
Epoch 6: loss = 4245258.5
Epoch 7: loss = 2212255.25
Epoch 8: loss = 1338524.875
Epoch 9: loss = 874721.3125
Epoch 10: loss = 629312.8125
Epoch 11: loss = 519391.125
Epoch 12: loss = 429437.59375
Epoch 13: loss = 373067.4375
Epoch 14: loss = 331841.25
Epoch 0: loss = -5975002.5
Epoch 1: loss = -5975033.0
Epoch 2: loss = -5975034.5
Epoch 3: loss = -5975034.5
Epoch 4: loss = -5975035.0
Epoch 5: loss = -5975035.5
Epoch 6: loss = -5975035.5
Epoch 7: loss = -5975035.5
Epoch 8: loss = -5975035.5
Epoch 9: loss = -5975035.5
Epoch 10: loss = -5975035.5
Early stopping at epoch 10 with loss -5975035.5
Reconstruction for fluence = 1000000.0 photons/pixel
Epoch 0: loss = 8852931084288.0
Epoch 1: loss = 8843572224.0
Epoch 2: loss = 1947870080.0
Epoch 3: loss = 578509248.0
Epoch 4: loss = 180773840.0
Epoch 5: loss = 54481268.0
Epoch 6: loss = 22798070.0
Epoch 7: loss = 11746922.0
Epoch 8: loss = 6863825.0
Epoch 9: loss = 4337635.5
Epoch 10: loss = 2973822.5
Epoch 11: loss = 2265273.25
Epoch 12: loss = 1850143.375
Epoch 13: loss = 1551410.0
Epoch 14: loss = 1330074.0
Epoch 0: loss = -14803941.0
Epoch 1: loss = -14804011.0
Epoch 2: loss = -14804011.0
Epoch 3: loss = -14804012.0
Epoch 4: loss = -14804013.0
Epoch 5: loss = -14804013.0
Epoch 6: loss = -14804013.0
Epoch 7: loss = -14804013.0
Epoch 8: loss = -14804013.0
Epoch 9: loss = -14804013.0
Early stopping at epoch 9 with loss -14804013.0
Simulation for steps_size=25 and n_fluences=20 completed!
