Running simulation for steps_size=17 and n_fluences=20
Steps size: 17
Tensors initialization on device cuda
Multiprobe = None

('MSE', None) RECONSTRUCTIONS

Reconstruction for fluence = 0.09999999999999999 photons/pixel
Epoch 0: loss = 0.0867721363902092
Epoch 1: loss = 0.040816616266965866
Epoch 2: loss = 0.04042026400566101
Epoch 3: loss = 0.04025612026453018
Epoch 4: loss = 0.040193863213062286
Epoch 5: loss = 0.04017908126115799
Epoch 6: loss = 0.04016020521521568
Epoch 7: loss = 0.04015379399061203
Epoch 8: loss = 0.04015374183654785
Epoch 9: loss = 0.04015374183654785
Epoch 10: loss = 0.04015374183654785
Epoch 11: loss = 0.04015374183654785
Epoch 12: loss = 0.04015374183654785
Early stopping at epoch 12 with loss 0.04015379399061203
Reconstruction for fluence = 0.23357214690901223 photons/pixel
Epoch 0: loss = 0.29578080773353577
Epoch 1: loss = 0.09304096549749374
Epoch 2: loss = 0.09259241819381714
Epoch 3: loss = 0.09252187609672546
Epoch 4: loss = 0.09251373261213303
Epoch 5: loss = 0.09249810129404068
Epoch 6: loss = 0.0924656093120575
Epoch 7: loss = 0.09246501326560974
Epoch 8: loss = 0.09246501326560974
Epoch 9: loss = 0.09246501326560974
Epoch 10: loss = 0.09246501326560974
Epoch 11: loss = 0.09246501326560974
Early stopping at epoch 11 with loss 0.0924656093120575
Reconstruction for fluence = 0.5455594781168519 photons/pixel
Epoch 0: loss = 1.2166106700897217
Epoch 1: loss = 0.21793650090694427
Epoch 2: loss = 0.21664966642856598
Epoch 3: loss = 0.21659275889396667
Epoch 4: loss = 0.216587632894516
Epoch 5: loss = 0.2165873944759369
Epoch 6: loss = 0.2165873795747757
Epoch 7: loss = 0.2165873646736145
Early stopping at epoch 7 with loss 0.21664966642856598
Reconstruction for fluence = 1.2742749857031335 photons/pixel
Epoch 0: loss = 5.663061618804932
Epoch 1: loss = 0.5063925981521606
Epoch 2: loss = 0.5029551982879639
Epoch 3: loss = 0.5027471780776978
Epoch 4: loss = 0.5027322769165039
Epoch 5: loss = 0.5027315616607666
Epoch 6: loss = 0.5027313232421875
Epoch 7: loss = 0.502731204032898
Epoch 8: loss = 0.502731204032898
Early stopping at epoch 8 with loss 0.5027471780776978
Reconstruction for fluence = 2.976351441631318 photons/pixel
Epoch 0: loss = 29.056838989257812
Epoch 1: loss = 1.120206594467163
Epoch 2: loss = 1.1012225151062012
Epoch 3: loss = 1.1002527475357056
Epoch 4: loss = 1.1001968383789062
Epoch 5: loss = 1.1001906394958496
Epoch 6: loss = 1.1001896858215332
Epoch 7: loss = 1.1001896858215332
Epoch 8: loss = 1.100189447402954
Early stopping at epoch 8 with loss 1.1002527475357056
Reconstruction for fluence = 6.9519279617756045 photons/pixel
Epoch 0: loss = 151.67884826660156
Epoch 1: loss = 2.6009573936462402
Epoch 2: loss = 2.5255484580993652
Epoch 3: loss = 2.520738363265991
Epoch 4: loss = 2.520224094390869
Epoch 5: loss = 2.5201351642608643
Epoch 6: loss = 2.520125389099121
Epoch 7: loss = 2.520124912261963
Epoch 8: loss = 2.5201237201690674
Epoch 9: loss = 2.52012300491333
Epoch 10: loss = 2.52012300491333
Epoch 11: loss = 2.5201220512390137
Epoch 12: loss = 2.520120620727539
Epoch 13: loss = 2.520120143890381
Early stopping at epoch 13 with loss 2.5201237201690674
Reconstruction for fluence = 16.23776739188721 photons/pixel
Epoch 0: loss = 817.1658935546875
Epoch 1: loss = 6.005188941955566
Epoch 2: loss = 5.580706596374512
Epoch 3: loss = 5.551474094390869
Epoch 4: loss = 5.548512935638428
Epoch 5: loss = 5.548030853271484
Epoch 6: loss = 5.547942638397217
Epoch 7: loss = 5.547918796539307
Epoch 8: loss = 5.547914505004883
Epoch 9: loss = 5.547914505004883
Epoch 10: loss = 5.547913074493408
Epoch 11: loss = 5.547911643981934
Epoch 12: loss = 5.547911643981934
Early stopping at epoch 12 with loss 5.547918796539307
Reconstruction for fluence = 37.926901907322495 photons/pixel
Epoch 0: loss = 4436.92626953125
Epoch 1: loss = 14.812250137329102
Epoch 2: loss = 13.064663887023926
Epoch 3: loss = 12.930535316467285
Epoch 4: loss = 12.913543701171875
Epoch 5: loss = 12.910026550292969
Epoch 6: loss = 12.909173965454102
Epoch 7: loss = 12.908905029296875
Epoch 8: loss = 12.908836364746094
Epoch 9: loss = 12.908767700195312
Epoch 10: loss = 12.908761978149414
Epoch 11: loss = 12.9087495803833
Epoch 12: loss = 12.908737182617188
Epoch 13: loss = 12.908737182617188
Epoch 14: loss = 12.908733367919922
Early stopping at epoch 14 with loss 12.908767700195312
Reconstruction for fluence = 88.58667904100822 photons/pixel
Epoch 0: loss = 24216.421875
Epoch 1: loss = 40.16852951049805
Epoch 2: loss = 30.441177368164062
Epoch 3: loss = 29.707618713378906
Epoch 4: loss = 29.599287033081055
Epoch 5: loss = 29.571935653686523
Epoch 6: loss = 29.565229415893555
Epoch 7: loss = 29.56319236755371
Epoch 8: loss = 29.56241226196289
Epoch 9: loss = 29.56201171875
Epoch 10: loss = 29.56183624267578
Epoch 11: loss = 29.561771392822266
Epoch 12: loss = 29.561748504638672
Epoch 13: loss = 29.56171417236328
Epoch 14: loss = 29.56170654296875
Epoch 15: loss = 29.56170654296875
Epoch 16: loss = 29.56170082092285
Epoch 17: loss = 29.56169891357422
Epoch 18: loss = 29.561697006225586
Early stopping at epoch 18 with loss 29.56171417236328
Reconstruction for fluence = 206.9138081114788 photons/pixel
Epoch 0: loss = 131576.9375
Epoch 1: loss = 120.49465942382812
Epoch 2: loss = 74.93336486816406
Epoch 3: loss = 70.84048461914062
Epoch 4: loss = 70.26350402832031
Epoch 5: loss = 70.12583923339844
Epoch 6: loss = 70.08717346191406
Epoch 7: loss = 70.07215881347656
Epoch 8: loss = 70.06564331054688
Epoch 9: loss = 70.06257629394531
Epoch 10: loss = 70.06118774414062
Epoch 11: loss = 70.06060791015625
Epoch 12: loss = 70.06048583984375
Epoch 13: loss = 70.0604248046875
Epoch 14: loss = 70.06037902832031
Epoch 15: loss = 70.06031799316406
Epoch 16: loss = 70.06028747558594
Epoch 17: loss = 70.06013488769531
Epoch 18: loss = 70.06011962890625
Epoch 19: loss = 70.06010437011719
Epoch 20: loss = 70.06004333496094
Epoch 21: loss = 70.06004333496094
Epoch 22: loss = 70.06002044677734
Epoch 23: loss = 70.06001281738281
Epoch 24: loss = 70.05998229980469
Epoch 25: loss = 70.05998229980469
Epoch 26: loss = 70.05998229980469
Epoch 27: loss = 70.05998229980469
Early stopping at epoch 27 with loss 70.06002044677734
Reconstruction for fluence = 483.2930238571752 photons/pixel
Epoch 0: loss = 717409.75
Epoch 1: loss = 412.74517822265625
Epoch 2: loss = 181.2785186767578
Epoch 3: loss = 161.26382446289062
Epoch 4: loss = 158.24966430664062
Epoch 5: loss = 157.44607543945312
Epoch 6: loss = 157.18109130859375
Epoch 7: loss = 157.08181762695312
Epoch 8: loss = 157.03395080566406
Epoch 9: loss = 157.00784301757812
Epoch 10: loss = 156.9954833984375
Epoch 11: loss = 156.98944091796875
Epoch 12: loss = 156.98609924316406
Epoch 13: loss = 156.9840087890625
Epoch 14: loss = 156.98260498046875
Epoch 15: loss = 156.9824676513672
Epoch 16: loss = 156.98219299316406
Epoch 17: loss = 156.9818572998047
Epoch 18: loss = 156.981689453125
Epoch 19: loss = 156.98150634765625
Epoch 20: loss = 156.98135375976562
Epoch 21: loss = 156.98123168945312
Epoch 22: loss = 156.981201171875
Epoch 23: loss = 156.9811248779297
Epoch 24: loss = 156.9811248779297
Epoch 25: loss = 156.9810333251953
Epoch 26: loss = 156.98098754882812
Epoch 27: loss = 156.9808349609375
Epoch 28: loss = 156.98080444335938
Epoch 29: loss = 156.98074340820312
Epoch 30: loss = 156.98077392578125
Epoch 31: loss = 156.98069763183594
Epoch 32: loss = 156.98062133789062
Epoch 33: loss = 156.98056030273438
Epoch 34: loss = 156.98049926757812
Epoch 35: loss = 156.98046875
Epoch 36: loss = 156.98046875
Epoch 37: loss = 156.98043823242188
Epoch 38: loss = 156.98043823242188
Epoch 39: loss = 156.98043823242188
Epoch 40: loss = 156.98037719726562
Epoch 41: loss = 156.9803924560547
Epoch 42: loss = 156.98040771484375
Early stopping at epoch 42 with loss 156.98043823242188
Reconstruction for fluence = 1128.8378916846884 photons/pixel
Epoch 0: loss = 3914615.0
Epoch 1: loss = 1796.759521484375
Epoch 2: loss = 486.9253845214844
Epoch 3: loss = 389.1422119140625
Epoch 4: loss = 373.9400939941406
Epoch 5: loss = 369.79669189453125
Epoch 6: loss = 368.4562072753906
Epoch 7: loss = 367.95440673828125
Epoch 8: loss = 367.65887451171875
Epoch 9: loss = 367.5321044921875
Epoch 10: loss = 367.4674072265625
Epoch 11: loss = 367.43499755859375
Epoch 12: loss = 367.4178771972656
Epoch 13: loss = 367.4086608886719
Epoch 14: loss = 367.40313720703125
Epoch 15: loss = 367.4000244140625
Epoch 16: loss = 367.39862060546875
Epoch 17: loss = 367.39801025390625
Epoch 18: loss = 367.39776611328125
Epoch 19: loss = 367.397216796875
Epoch 20: loss = 367.396484375
Epoch 21: loss = 367.3956298828125
Epoch 22: loss = 367.39404296875
Epoch 23: loss = 367.3922119140625
Epoch 24: loss = 367.3919677734375
Epoch 25: loss = 367.3913879394531
Epoch 26: loss = 367.3869323730469
Epoch 27: loss = 367.38397216796875
Epoch 28: loss = 367.38323974609375
Epoch 29: loss = 367.381591796875
Epoch 30: loss = 367.381591796875
Epoch 31: loss = 367.38128662109375
Epoch 32: loss = 367.38079833984375
Epoch 33: loss = 367.3804931640625
Epoch 34: loss = 367.38043212890625
Epoch 35: loss = 367.3804016113281
Epoch 36: loss = 367.380126953125
Epoch 37: loss = 367.37994384765625
Epoch 38: loss = 367.3799743652344
Epoch 39: loss = 367.38006591796875
Epoch 40: loss = 367.3798828125
Epoch 41: loss = 367.37969970703125
Epoch 42: loss = 367.379638671875
Epoch 43: loss = 367.3797607421875
Epoch 44: loss = 367.37969970703125
Epoch 45: loss = 367.379638671875
Epoch 46: loss = 367.37969970703125
Early stopping at epoch 46 with loss 367.37969970703125
Reconstruction for fluence = 2636.6508987303555 photons/pixel
Epoch 0: loss = 21357950.0
Epoch 1: loss = 8696.98828125
Epoch 2: loss = 1511.7418212890625
Epoch 3: loss = 1002.906494140625
Epoch 4: loss = 922.98193359375
Epoch 5: loss = 900.1201171875
Epoch 6: loss = 892.9678955078125
Epoch 7: loss = 889.4130859375
Epoch 8: loss = 887.6897583007812
Epoch 9: loss = 886.8236694335938
Epoch 10: loss = 886.3863525390625
Epoch 11: loss = 886.1582641601562
Epoch 12: loss = 886.0361328125
Epoch 13: loss = 885.9597778320312
Epoch 14: loss = 885.916015625
Epoch 15: loss = 885.8898315429688
Epoch 16: loss = 885.8724365234375
Epoch 17: loss = 885.8635864257812
Epoch 18: loss = 885.8570556640625
Epoch 19: loss = 885.8541259765625
Epoch 20: loss = 885.8507080078125
Epoch 21: loss = 885.8492431640625
Epoch 22: loss = 885.84765625
Epoch 23: loss = 885.8472900390625
Epoch 24: loss = 885.845947265625
Epoch 25: loss = 885.845703125
Epoch 26: loss = 885.8447875976562
Epoch 27: loss = 885.8441162109375
Epoch 28: loss = 885.8438720703125
Epoch 29: loss = 885.843505859375
Epoch 30: loss = 885.843505859375
Epoch 31: loss = 885.8435668945312
Epoch 32: loss = 885.84326171875
Epoch 33: loss = 885.84326171875
Epoch 34: loss = 885.84326171875
Epoch 35: loss = 885.8429565429688
Epoch 36: loss = 885.8427734375
Epoch 37: loss = 885.84228515625
Epoch 38: loss = 885.8424682617188
Epoch 39: loss = 885.84326171875
Epoch 40: loss = 885.8427124023438
Epoch 41: loss = 885.8426513671875
Epoch 42: loss = 885.8423461914062
Early stopping at epoch 42 with loss 885.84228515625
Reconstruction for fluence = 6158.482110660255 photons/pixel
Epoch 0: loss = 116505832.0
Epoch 1: loss = 44210.375
Epoch 2: loss = 5827.9794921875
Epoch 3: loss = 2732.22607421875
Epoch 4: loss = 2259.90283203125
Epoch 5: loss = 2130.70458984375
Epoch 6: loss = 2089.8388671875
Epoch 7: loss = 2072.376953125
Epoch 8: loss = 2063.674072265625
Epoch 9: loss = 2059.0048828125
Epoch 10: loss = 2056.638427734375
Epoch 11: loss = 2055.320068359375
Epoch 12: loss = 2054.66748046875
Epoch 13: loss = 2054.2421875
Epoch 14: loss = 2053.959716796875
Epoch 15: loss = 2053.763427734375
Epoch 16: loss = 2053.631591796875
Epoch 17: loss = 2053.5439453125
Epoch 18: loss = 2053.47265625
Epoch 19: loss = 2053.41748046875
Epoch 20: loss = 2053.38916015625
Epoch 21: loss = 2053.371826171875
Epoch 22: loss = 2053.3583984375
Epoch 23: loss = 2053.339599609375
Epoch 24: loss = 2053.3349609375
Epoch 25: loss = 2053.32763671875
Epoch 26: loss = 2053.3203125
Epoch 27: loss = 2053.318359375
Epoch 28: loss = 2053.30810546875
Epoch 29: loss = 2053.30078125
Epoch 30: loss = 2053.30078125
Epoch 31: loss = 2053.29833984375
Epoch 32: loss = 2053.296630859375
Epoch 33: loss = 2053.295166015625
Epoch 34: loss = 2053.294677734375
Epoch 35: loss = 2053.292724609375
Epoch 36: loss = 2053.292724609375
Epoch 37: loss = 2053.29052734375
Epoch 38: loss = 2053.2900390625
Epoch 39: loss = 2053.29248046875
Epoch 40: loss = 2053.2919921875
Epoch 41: loss = 2053.28955078125
Epoch 42: loss = 2053.28955078125
Epoch 43: loss = 2053.291015625
Epoch 44: loss = 2053.291015625
Epoch 45: loss = 2053.28955078125
Epoch 46: loss = 2053.29052734375
Early stopping at epoch 46 with loss 2053.28955078125
Reconstruction for fluence = 14384.498882876629 photons/pixel
Epoch 0: loss = 635589632.0
Epoch 1: loss = 238080.5625
Epoch 2: loss = 24325.15234375
Epoch 3: loss = 8081.05615234375
Epoch 4: loss = 5883.9873046875
Epoch 5: loss = 5211.48974609375
Epoch 6: loss = 4988.142578125
Epoch 7: loss = 4891.1923828125
Epoch 8: loss = 4844.11083984375
Epoch 9: loss = 4820.7373046875
Epoch 10: loss = 4808.6298828125
Epoch 11: loss = 4801.50244140625
Epoch 12: loss = 4797.20947265625
Epoch 13: loss = 4794.572265625
Epoch 14: loss = 4792.49267578125
Epoch 15: loss = 4791.34033203125
Epoch 16: loss = 4790.6279296875
Epoch 17: loss = 4790.23388671875
Epoch 18: loss = 4790.16650390625
Epoch 19: loss = 4789.92578125
Epoch 20: loss = 4789.76171875
Epoch 21: loss = 4789.650390625
Epoch 22: loss = 4789.564453125
Epoch 23: loss = 4789.564453125
Epoch 24: loss = 4789.55517578125
Epoch 25: loss = 4789.5283203125
Epoch 26: loss = 4789.4970703125
Epoch 27: loss = 4789.47802734375
Epoch 28: loss = 4789.4755859375
Epoch 29: loss = 4789.47216796875
Epoch 30: loss = 4789.4677734375
Epoch 31: loss = 4789.455078125
Epoch 32: loss = 4789.4462890625
Epoch 33: loss = 4789.4482421875
Epoch 34: loss = 4789.453125
Epoch 35: loss = 4789.44921875
Epoch 36: loss = 4789.44482421875
Epoch 37: loss = 4789.4453125
Epoch 38: loss = 4789.44580078125
Epoch 39: loss = 4789.45166015625
Epoch 40: loss = 4789.44384765625
Epoch 41: loss = 4789.44384765625
Epoch 42: loss = 4789.4423828125
Epoch 43: loss = 4789.43798828125
Epoch 44: loss = 4789.44775390625
Epoch 45: loss = 4789.4462890625
Epoch 46: loss = 4789.4423828125
Epoch 47: loss = 4789.4453125
Epoch 48: loss = 4789.44140625
Early stopping at epoch 48 with loss 4789.43798828125
Reconstruction for fluence = 33598.18286283781 photons/pixel
Epoch 0: loss = 3467248640.0
Epoch 1: loss = 1257843.75
Epoch 2: loss = 116523.25
Epoch 3: loss = 28986.603515625
Epoch 4: loss = 16883.990234375
Epoch 5: loss = 13371.86328125
Epoch 6: loss = 12199.5126953125
Epoch 7: loss = 11671.0625
Epoch 8: loss = 11424.990234375
Epoch 9: loss = 11292.6044921875
Epoch 10: loss = 11220.5869140625
Epoch 11: loss = 11180.71875
Epoch 12: loss = 11157.353515625
Epoch 13: loss = 11143.0498046875
Epoch 14: loss = 11134.9990234375
Epoch 15: loss = 11129.95703125
Epoch 16: loss = 11126.763671875
Epoch 17: loss = 11124.8935546875
Epoch 18: loss = 11123.5126953125
Epoch 19: loss = 11122.6357421875
Epoch 20: loss = 11122.0205078125
Epoch 21: loss = 11121.5927734375
Epoch 22: loss = 11121.361328125
Epoch 23: loss = 11121.17578125
Epoch 24: loss = 11121.0478515625
Epoch 25: loss = 11120.9453125
Epoch 26: loss = 11120.90625
Epoch 27: loss = 11120.8857421875
Epoch 28: loss = 11120.828125
Epoch 29: loss = 11120.8115234375
Epoch 30: loss = 11120.787109375
Epoch 31: loss = 11120.76953125
Epoch 32: loss = 11120.748046875
Epoch 33: loss = 11120.7431640625
Epoch 34: loss = 11120.7294921875
Epoch 35: loss = 11120.7451171875
Epoch 36: loss = 11120.7265625
Epoch 37: loss = 11120.7587890625
Epoch 38: loss = 11120.73828125
Epoch 39: loss = 11120.73046875
Epoch 40: loss = 11120.732421875
Epoch 41: loss = 11120.73046875
Early stopping at epoch 41 with loss 11120.7265625
Reconstruction for fluence = 78475.99703514607 photons/pixel
Epoch 0: loss = 18916759552.0
Epoch 1: loss = 6971061.5
Epoch 2: loss = 605166.5625
Epoch 3: loss = 121941.09375
Epoch 4: loss = 56199.9453125
Epoch 5: loss = 38150.63671875
Epoch 6: loss = 31488.84375
Epoch 7: loss = 29024.90234375
Epoch 8: loss = 27697.814453125
Epoch 9: loss = 27016.01953125
Epoch 10: loss = 26663.330078125
Epoch 11: loss = 26468.625
Epoch 12: loss = 26348.107421875
Epoch 13: loss = 26275.77734375
Epoch 14: loss = 26235.21875
Epoch 15: loss = 26211.193359375
Epoch 16: loss = 26194.80859375
Epoch 17: loss = 26186.28515625
Epoch 18: loss = 26180.15625
Epoch 19: loss = 26176.2890625
Epoch 20: loss = 26173.359375
Epoch 21: loss = 26171.51953125
Epoch 22: loss = 26170.62109375
Epoch 23: loss = 26169.96484375
Epoch 24: loss = 26169.37890625
Epoch 25: loss = 26168.939453125
Epoch 26: loss = 26168.72265625
Epoch 27: loss = 26168.548828125
Epoch 28: loss = 26168.287109375
Epoch 29: loss = 26168.23046875
Epoch 30: loss = 26168.193359375
Epoch 31: loss = 26168.19140625
Epoch 32: loss = 26168.14453125
Epoch 33: loss = 26168.20703125
Epoch 34: loss = 26168.091796875
Epoch 35: loss = 26168.1171875
Epoch 36: loss = 26167.98046875
Epoch 37: loss = 26167.96484375
Epoch 38: loss = 26168.0546875
Epoch 39: loss = 26167.9765625
Epoch 40: loss = 26168.0
Epoch 41: loss = 26168.0
Epoch 42: loss = 26168.04296875
Early stopping at epoch 42 with loss 26167.96484375
Reconstruction for fluence = 183298.07108324335 photons/pixel
Epoch 0: loss = 103199408128.0
Epoch 1: loss = 37593584.0
Epoch 2: loss = 3252149.75
Epoch 3: loss = 612418.875
Epoch 4: loss = 227199.6875
Epoch 5: loss = 125487.734375
Epoch 6: loss = 91104.015625
Epoch 7: loss = 74419.9140625
Epoch 8: loss = 66613.8203125
Epoch 9: loss = 62758.109375
Epoch 10: loss = 60816.69921875
Epoch 11: loss = 59689.69921875
Epoch 12: loss = 59007.546875
Epoch 13: loss = 58632.0859375
Epoch 14: loss = 58410.703125
Epoch 15: loss = 58276.41796875
Epoch 16: loss = 58185.13671875
Epoch 17: loss = 58132.6171875
Epoch 18: loss = 58097.98828125
Epoch 19: loss = 58074.15234375
Epoch 20: loss = 58058.421875
Epoch 21: loss = 58048.046875
Epoch 22: loss = 58041.79296875
Epoch 23: loss = 58040.47265625
Epoch 24: loss = 58036.0625
Epoch 25: loss = 58033.3515625
Epoch 26: loss = 58031.39453125
Epoch 27: loss = 58030.06640625
Epoch 28: loss = 58028.96875
Epoch 29: loss = 58028.39453125
Epoch 30: loss = 58027.890625
Epoch 31: loss = 58027.640625
Epoch 32: loss = 58027.109375
Epoch 33: loss = 58027.2421875
Epoch 34: loss = 58027.20703125
Epoch 35: loss = 58027.234375
Epoch 36: loss = 58027.3046875
Epoch 37: loss = 58026.890625
Epoch 38: loss = 58027.08203125
Epoch 39: loss = 58027.12109375
Epoch 40: loss = 58026.8359375
Epoch 41: loss = 58026.953125
Epoch 42: loss = 58026.8125
Epoch 43: loss = 58026.92578125
Epoch 44: loss = 58026.6640625
Epoch 45: loss = 58026.88671875
Epoch 46: loss = 58027.05078125
Epoch 47: loss = 58026.7578125
Epoch 48: loss = 58027.015625
Epoch 49: loss = 58026.6015625
Epoch 50: loss = 58027.01171875
Epoch 51: loss = 58026.93359375
Epoch 52: loss = 58026.89453125
Epoch 53: loss = 58026.9921875
Epoch 54: loss = 58026.9453125
Early stopping at epoch 54 with loss 58026.6015625
Reconstruction for fluence = 428133.2398719387 photons/pixel
Epoch 0: loss = 563019710464.0
Epoch 1: loss = 205904736.0
Epoch 2: loss = 17300496.0
Epoch 3: loss = 3050488.5
Epoch 4: loss = 1118857.125
Epoch 5: loss = 507881.5625
Epoch 6: loss = 308711.71875
Epoch 7: loss = 223480.6875
Epoch 8: loss = 184650.34375
Epoch 9: loss = 163455.5625
Epoch 10: loss = 152924.203125
Epoch 11: loss = 147021.046875
Epoch 12: loss = 143322.859375
Epoch 13: loss = 141218.171875
Epoch 14: loss = 139952.96875
Epoch 15: loss = 139208.421875
Epoch 16: loss = 138719.5
Epoch 17: loss = 138466.9375
Epoch 18: loss = 138266.84375
Epoch 19: loss = 138147.59375
Epoch 20: loss = 138067.5625
Epoch 21: loss = 138014.71875
Epoch 22: loss = 137982.21875
Epoch 23: loss = 137959.53125
Epoch 24: loss = 137943.078125
Epoch 25: loss = 137932.78125
Epoch 26: loss = 137924.59375
Epoch 27: loss = 137919.875
Epoch 28: loss = 137916.28125
Epoch 29: loss = 137913.5
Epoch 30: loss = 137912.09375
Epoch 31: loss = 137909.5
Epoch 32: loss = 137910.515625
Epoch 33: loss = 137908.78125
Epoch 34: loss = 137909.03125
Epoch 35: loss = 137907.75
Epoch 36: loss = 137909.3125
Epoch 37: loss = 137909.53125
Epoch 38: loss = 137909.03125
Epoch 39: loss = 137908.484375
Epoch 40: loss = 137908.46875
Early stopping at epoch 40 with loss 137907.75
Reconstruction for fluence = 1000000.0 photons/pixel
Epoch 0: loss = 3071551209472.0
Epoch 1: loss = 1112669824.0
Epoch 2: loss = 93310480.0
Epoch 3: loss = 17009156.0
Epoch 4: loss = 5465252.0
Epoch 5: loss = 2328338.75
Epoch 6: loss = 1240573.5
Epoch 7: loss = 809912.75
Epoch 8: loss = 590834.875
Epoch 9: loss = 478380.34375
Epoch 10: loss = 421680.875
Epoch 11: loss = 387165.5625
Epoch 12: loss = 369927.40625
Epoch 13: loss = 359837.78125
Epoch 14: loss = 353875.8125
Epoch 15: loss = 349986.03125
Epoch 16: loss = 347462.125
Epoch 17: loss = 345980.875
Epoch 18: loss = 344983.125
Epoch 19: loss = 344336.09375
Epoch 20: loss = 343918.9375
Epoch 21: loss = 343639.375
Epoch 22: loss = 343482.4375
Epoch 23: loss = 343366.9375
Epoch 24: loss = 343293.5
Epoch 25: loss = 343229.5625
Epoch 26: loss = 343190.59375
Epoch 27: loss = 343166.6875
Epoch 28: loss = 343159.9375
Epoch 29: loss = 343139.625
Epoch 30: loss = 343132.5625
Epoch 31: loss = 343124.9375
Epoch 32: loss = 343116.1875
Epoch 33: loss = 343118.375
Epoch 34: loss = 343112.46875
Epoch 35: loss = 343110.625
Epoch 36: loss = 343107.5625
Epoch 37: loss = 343107.0625
Epoch 38: loss = 343103.21875
Epoch 39: loss = 343111.75
Epoch 40: loss = 343108.59375
Epoch 41: loss = 343107.8125
Epoch 42: loss = 343105.25
Epoch 43: loss = 343103.5625
Early stopping at epoch 43 with loss 343103.21875
Tensors initialization on device cuda
Multiprobe = None

('MSE', 'PoissonNLL') RECONSTRUCTIONS

Reconstruction for fluence = 0.09999999999999999 photons/pixel
Epoch 0: loss = 0.08720248937606812
Epoch 1: loss = 0.041199229657649994
Epoch 2: loss = 0.04083562642335892
Epoch 3: loss = 0.04073607176542282
Epoch 4: loss = 0.040688902139663696
Epoch 5: loss = 0.04062885046005249
Epoch 6: loss = 0.040614333003759384
Epoch 7: loss = 0.0405961275100708
Epoch 8: loss = 0.040573716163635254
Epoch 9: loss = 0.04054443538188934
Epoch 10: loss = 0.04053352028131485
Epoch 11: loss = 0.04053105413913727
Epoch 12: loss = 0.04053105413913727
Epoch 13: loss = 0.04053105413913727
Early stopping at epoch 13 with loss 0.040573716163635254
Epoch 0: loss = 0.11459001153707504
Epoch 1: loss = 0.09335984289646149
Epoch 2: loss = 0.09319277107715607
Epoch 3: loss = 0.0936027318239212
Epoch 4: loss = 0.09284889698028564
Epoch 5: loss = 0.09284640848636627
Epoch 6: loss = 0.09284640848636627
Epoch 7: loss = 0.09284640848636627
Epoch 8: loss = 0.09284640848636627
Epoch 9: loss = 0.09284640848636627
Early stopping at epoch 9 with loss 0.09284889698028564
Reconstruction for fluence = 0.23357214690901223 photons/pixel
Epoch 0: loss = 0.29910632967948914
Epoch 1: loss = 0.09421278536319733
Epoch 2: loss = 0.09373505413532257
Epoch 3: loss = 0.09367933869361877
Epoch 4: loss = 0.09367464482784271
Epoch 5: loss = 0.0936724841594696
Epoch 6: loss = 0.09367222338914871
Epoch 7: loss = 0.09367222338914871
Early stopping at epoch 7 with loss 0.09373505413532257
Epoch 0: loss = 0.15038946270942688
Epoch 1: loss = 0.1190846711397171
Epoch 2: loss = 0.11904328316450119
Epoch 3: loss = 0.11904218792915344
Epoch 4: loss = 0.11904218792915344
Epoch 5: loss = 0.11904218792915344
Epoch 6: loss = 0.11904218792915344
Early stopping at epoch 6 with loss 0.1190846711397171
Reconstruction for fluence = 0.5455594781168519 photons/pixel
Epoch 0: loss = 1.23115074634552
Epoch 1: loss = 0.21552488207817078
Epoch 2: loss = 0.2143399566411972
Epoch 3: loss = 0.21425917744636536
Epoch 4: loss = 0.21425022184848785
Epoch 5: loss = 0.21424221992492676
Epoch 6: loss = 0.2142401933670044
Epoch 7: loss = 0.21423757076263428
Epoch 8: loss = 0.2142348438501358
Epoch 9: loss = 0.2142343521118164
Epoch 10: loss = 0.21423426270484924
Epoch 11: loss = 0.21423426270484924
Epoch 12: loss = 0.21423423290252686
Early stopping at epoch 12 with loss 0.21423757076263428
Epoch 0: loss = 0.08743447810411453
Epoch 1: loss = 0.038365937769412994
Epoch 2: loss = 0.03822638839483261
Epoch 3: loss = 0.03819698840379715
Epoch 4: loss = 0.03819577395915985
Epoch 5: loss = 0.03819577395915985
Epoch 6: loss = 0.03819577395915985
Epoch 7: loss = 0.03819577395915985
Early stopping at epoch 7 with loss 0.03822638839483261
Reconstruction for fluence = 1.2742749857031335 photons/pixel
Epoch 0: loss = 5.754419326782227
Epoch 1: loss = 0.5046905279159546
Epoch 2: loss = 0.5005138516426086
Epoch 3: loss = 0.5003104209899902
Epoch 4: loss = 0.5003000497817993
Epoch 5: loss = 0.5002996921539307
Epoch 6: loss = 0.500299334526062
Epoch 7: loss = 0.5002992749214172
Epoch 8: loss = 0.5002991557121277
Early stopping at epoch 8 with loss 0.5003104209899902
Epoch 0: loss = -0.42911696434020996
Epoch 1: loss = -0.5013742446899414
Epoch 2: loss = -0.5015860795974731
Epoch 3: loss = -0.5015961527824402
Epoch 4: loss = -0.5016211271286011
Epoch 5: loss = -0.501679539680481
Epoch 6: loss = -0.5016800761222839
Epoch 7: loss = -0.5016802549362183
Early stopping at epoch 7 with loss -0.5015860795974731
Reconstruction for fluence = 2.976351441631318 photons/pixel
Epoch 0: loss = 28.688026428222656
Epoch 1: loss = 1.1428117752075195
Epoch 2: loss = 1.1247973442077637
Epoch 3: loss = 1.123917579650879
Epoch 4: loss = 1.1238594055175781
Epoch 5: loss = 1.1238536834716797
Epoch 6: loss = 1.1238536834716797
Epoch 7: loss = 1.1238534450531006
Epoch 8: loss = 1.1238532066345215
Early stopping at epoch 8 with loss 1.123917579650879
Epoch 0: loss = -2.494694471359253
Epoch 1: loss = -2.6047637462615967
Epoch 2: loss = -2.6052770614624023
Epoch 3: loss = -2.6053566932678223
Epoch 4: loss = -2.6053600311279297
Epoch 5: loss = -2.605360507965088
Epoch 6: loss = -2.605360507965088
Epoch 7: loss = -2.605360507965088
Early stopping at epoch 7 with loss -2.6052770614624023
Reconstruction for fluence = 6.9519279617756045 photons/pixel
Epoch 0: loss = 153.19760131835938
Epoch 1: loss = 2.6914877891540527
Epoch 2: loss = 2.6088061332702637
Epoch 3: loss = 2.6029276847839355
Epoch 4: loss = 2.6025028228759766
Epoch 5: loss = 2.6024422645568848
Epoch 6: loss = 2.6024341583251953
Epoch 7: loss = 2.602433681488037
Epoch 8: loss = 2.602433204650879
Epoch 9: loss = 2.6024322509765625
Early stopping at epoch 9 with loss 2.6025028228759766
Epoch 0: loss = -9.12439250946045
Epoch 1: loss = -9.284107208251953
Epoch 2: loss = -9.284905433654785
Epoch 3: loss = -9.284980773925781
Epoch 4: loss = -9.285022735595703
Epoch 5: loss = -9.285022735595703
Epoch 6: loss = -9.285024642944336
Epoch 7: loss = -9.285028457641602
Epoch 8: loss = -9.285028457641602
Epoch 9: loss = -9.285032272338867
Early stopping at epoch 9 with loss -9.285022735595703
Reconstruction for fluence = 16.23776739188721 photons/pixel
Epoch 0: loss = 820.3187255859375
Epoch 1: loss = 6.108827590942383
Epoch 2: loss = 5.731069564819336
Epoch 3: loss = 5.6983962059021
Epoch 4: loss = 5.695013523101807
Epoch 5: loss = 5.6944732666015625
Epoch 6: loss = 5.694389820098877
Epoch 7: loss = 5.694367408752441
Epoch 8: loss = 5.694366455078125
Epoch 9: loss = 5.694364547729492
Epoch 10: loss = 5.694363594055176
Epoch 11: loss = 5.694362640380859
Epoch 12: loss = 5.694361686706543
Early stopping at epoch 12 with loss 5.694367408752441
Epoch 0: loss = -29.212299346923828
Epoch 1: loss = -29.422054290771484
Epoch 2: loss = -29.423179626464844
Epoch 3: loss = -29.423362731933594
Epoch 4: loss = -29.42351722717285
Epoch 5: loss = -29.423524856567383
Epoch 6: loss = -29.42353057861328
Epoch 7: loss = -29.423553466796875
Epoch 8: loss = -29.423553466796875
Epoch 9: loss = -29.423561096191406
Early stopping at epoch 9 with loss -29.42351722717285
Reconstruction for fluence = 37.926901907322495 photons/pixel
Epoch 0: loss = 4437.51611328125
Epoch 1: loss = 14.812421798706055
Epoch 2: loss = 13.072219848632812
Epoch 3: loss = 12.921689987182617
Epoch 4: loss = 12.903751373291016
Epoch 5: loss = 12.900026321411133
Epoch 6: loss = 12.899274826049805
Epoch 7: loss = 12.899077415466309
Epoch 8: loss = 12.898999214172363
Epoch 9: loss = 12.898981094360352
Epoch 10: loss = 12.898981094360352
Epoch 11: loss = 12.89897632598877
Epoch 12: loss = 12.898965835571289
Epoch 13: loss = 12.898962020874023
Epoch 14: loss = 12.898962020874023
Epoch 0: loss = -86.65638732910156
Epoch 1: loss = -86.94669342041016
Epoch 2: loss = -86.94869232177734
Epoch 3: loss = -86.94906616210938
Epoch 4: loss = -86.94914245605469
Epoch 5: loss = -86.94917297363281
Epoch 6: loss = -86.94917297363281
Epoch 7: loss = -86.94917297363281
Epoch 8: loss = -86.94918823242188
Epoch 9: loss = -86.94918823242188
Epoch 10: loss = -86.94918823242188
Early stopping at epoch 10 with loss -86.94917297363281
Reconstruction for fluence = 88.58667904100822 photons/pixel
Epoch 0: loss = 24166.814453125
Epoch 1: loss = 41.40508270263672
Epoch 2: loss = 31.729633331298828
Epoch 3: loss = 30.93616485595703
Epoch 4: loss = 30.825550079345703
Epoch 5: loss = 30.802051544189453
Epoch 6: loss = 30.79607391357422
Epoch 7: loss = 30.794132232666016
Epoch 8: loss = 30.79298210144043
Epoch 9: loss = 30.79250144958496
Epoch 10: loss = 30.792268753051758
Epoch 11: loss = 30.792190551757812
Epoch 12: loss = 30.79217529296875
Epoch 13: loss = 30.79214096069336
Epoch 14: loss = 30.79214096069336
Epoch 0: loss = -244.75918579101562
Epoch 1: loss = -245.1365509033203
Epoch 2: loss = -245.13909912109375
Epoch 3: loss = -245.13967895507812
Epoch 4: loss = -245.1398162841797
Epoch 5: loss = -245.13986206054688
Epoch 6: loss = -245.13986206054688
Epoch 7: loss = -245.13986206054688
Epoch 8: loss = -245.13986206054688
Epoch 9: loss = -245.139892578125
Early stopping at epoch 9 with loss -245.1398162841797
Reconstruction for fluence = 206.9138081114788 photons/pixel
Epoch 0: loss = 131555.0625
Epoch 1: loss = 119.97071838378906
Epoch 2: loss = 73.70599365234375
Epoch 3: loss = 69.99031829833984
Epoch 4: loss = 69.39511108398438
Epoch 5: loss = 69.25930786132812
Epoch 6: loss = 69.21650695800781
Epoch 7: loss = 69.20016479492188
Epoch 8: loss = 69.19313049316406
Epoch 9: loss = 69.18989562988281
Epoch 10: loss = 69.18807983398438
Epoch 11: loss = 69.18697357177734
Epoch 12: loss = 69.18678283691406
Epoch 13: loss = 69.18610382080078
Epoch 14: loss = 69.18595886230469
Epoch 0: loss = -670.767578125
Epoch 1: loss = -671.2481689453125
Epoch 2: loss = -671.2508544921875
Epoch 3: loss = -671.2549438476562
Epoch 4: loss = -671.2555541992188
Epoch 5: loss = -671.255615234375
Epoch 6: loss = -671.2557373046875
Epoch 7: loss = -671.255859375
Epoch 8: loss = -671.255859375
Epoch 9: loss = -671.2559814453125
Epoch 10: loss = -671.25634765625
Epoch 11: loss = -671.25634765625
Epoch 12: loss = -671.2564086914062
Epoch 13: loss = -671.256591796875
Epoch 14: loss = -671.2566528320312
Epoch 15: loss = -671.2567138671875
Epoch 16: loss = -671.2567138671875
Epoch 17: loss = -671.2567138671875
Epoch 18: loss = -671.2567138671875
Early stopping at epoch 18 with loss -671.256591796875
Reconstruction for fluence = 483.2930238571752 photons/pixel
Epoch 0: loss = 717842.125
Epoch 1: loss = 426.2485656738281
Epoch 2: loss = 182.26620483398438
Epoch 3: loss = 162.388916015625
Epoch 4: loss = 159.56060791015625
Epoch 5: loss = 158.82765197753906
Epoch 6: loss = 158.58587646484375
Epoch 7: loss = 158.48153686523438
Epoch 8: loss = 158.43128967285156
Epoch 9: loss = 158.40554809570312
Epoch 10: loss = 158.39291381835938
Epoch 11: loss = 158.38714599609375
Epoch 12: loss = 158.38400268554688
Epoch 13: loss = 158.3821258544922
Epoch 14: loss = 158.3814239501953
Epoch 0: loss = -1797.4305419921875
Epoch 1: loss = -1798.064453125
Epoch 2: loss = -1798.0670166015625
Epoch 3: loss = -1798.0672607421875
Epoch 4: loss = -1798.0673828125
Epoch 5: loss = -1798.0673828125
Epoch 6: loss = -1798.0673828125
Epoch 7: loss = -1798.0673828125
Epoch 8: loss = -1798.0673828125
Early stopping at epoch 8 with loss -1798.0672607421875
Reconstruction for fluence = 1128.8378916846884 photons/pixel
Epoch 0: loss = 3915756.5
Epoch 1: loss = 1813.83154296875
Epoch 2: loss = 511.42620849609375
Epoch 3: loss = 402.3513488769531
Epoch 4: loss = 383.94696044921875
Epoch 5: loss = 379.23388671875
Epoch 6: loss = 377.61260986328125
Epoch 7: loss = 376.9736328125
Epoch 8: loss = 376.6914367675781
Epoch 9: loss = 376.5516357421875
Epoch 10: loss = 376.4786376953125
Epoch 11: loss = 376.4417419433594
Epoch 12: loss = 376.4222412109375
Epoch 13: loss = 376.410400390625
Epoch 14: loss = 376.4030456542969
Epoch 0: loss = -4736.93603515625
Epoch 1: loss = -4737.73388671875
Epoch 2: loss = -4737.7626953125
Epoch 3: loss = -4737.763671875
Epoch 4: loss = -4737.763671875
Epoch 5: loss = -4737.763671875
Epoch 6: loss = -4737.763671875
Epoch 7: loss = -4737.763671875
Epoch 8: loss = -4737.763671875
Early stopping at epoch 8 with loss -4737.763671875
Reconstruction for fluence = 2636.6508987303555 photons/pixel
Epoch 0: loss = 21354180.0
Epoch 1: loss = 8736.427734375
Epoch 2: loss = 1571.852294921875
Epoch 3: loss = 1008.9995727539062
Epoch 4: loss = 929.9669799804688
Epoch 5: loss = 906.7762451171875
Epoch 6: loss = 899.529541015625
Epoch 7: loss = 896.4640502929688
Epoch 8: loss = 895.0263671875
Epoch 9: loss = 894.2366943359375
Epoch 10: loss = 893.8229370117188
Epoch 11: loss = 893.6793212890625
Epoch 12: loss = 893.486328125
Epoch 13: loss = 893.412841796875
Epoch 14: loss = 893.364013671875
Epoch 0: loss = -12325.76171875
Epoch 1: loss = -12326.693359375
Epoch 2: loss = -12326.693359375
Epoch 3: loss = -12326.6982421875
Epoch 4: loss = -12326.6982421875
Epoch 5: loss = -12326.6982421875
Epoch 6: loss = -12326.6982421875
Epoch 7: loss = -12326.6982421875
Epoch 8: loss = -12326.697265625
Early stopping at epoch 8 with loss -12326.6982421875
Reconstruction for fluence = 6158.482110660255 photons/pixel
Epoch 0: loss = 116500800.0
Epoch 1: loss = 44644.45703125
Epoch 2: loss = 5465.9296875
Epoch 3: loss = 2624.532958984375
Epoch 4: loss = 2201.40234375
Epoch 5: loss = 2074.874267578125
Epoch 6: loss = 2035.6409912109375
Epoch 7: loss = 2019.0914306640625
Epoch 8: loss = 2011.751708984375
Epoch 9: loss = 2007.6824951171875
Epoch 10: loss = 2005.73681640625
Epoch 11: loss = 2004.5296630859375
Epoch 12: loss = 2003.9453125
Epoch 13: loss = 2003.619140625
Epoch 14: loss = 2003.4202880859375
Epoch 0: loss = -31727.580078125
Epoch 1: loss = -31728.615234375
Epoch 2: loss = -31728.6171875
Epoch 3: loss = -31728.6171875
Epoch 4: loss = -31728.6171875
Epoch 5: loss = -31728.615234375
Epoch 6: loss = -31728.6171875
Epoch 7: loss = -31728.619140625
Epoch 8: loss = -31728.619140625
Epoch 9: loss = -31728.619140625
Epoch 10: loss = -31728.619140625
Epoch 11: loss = -31728.619140625
Epoch 12: loss = -31728.619140625
Early stopping at epoch 12 with loss -31728.619140625
Reconstruction for fluence = 14384.498882876629 photons/pixel
Epoch 0: loss = 635505600.0
Epoch 1: loss = 238489.453125
Epoch 2: loss = 23355.1875
Epoch 3: loss = 8145.705078125
Epoch 4: loss = 5815.2333984375
Epoch 5: loss = 5138.88330078125
Epoch 6: loss = 4952.560546875
Epoch 7: loss = 4829.60107421875
Epoch 8: loss = 4785.16796875
Epoch 9: loss = 4762.40673828125
Epoch 10: loss = 4750.56591796875
Epoch 11: loss = 4744.4013671875
Epoch 12: loss = 4740.52001953125
Epoch 13: loss = 4738.1904296875
Epoch 14: loss = 4736.560546875
Epoch 0: loss = -80978.84375
Epoch 1: loss = -80979.9921875
Epoch 2: loss = -80980.0
Epoch 3: loss = -80980.0
Epoch 4: loss = -80980.0
Epoch 5: loss = -80980.0
Epoch 6: loss = -80980.0
Epoch 7: loss = -80980.0
Early stopping at epoch 7 with loss -80980.0
Reconstruction for fluence = 33598.18286283781 photons/pixel
Epoch 0: loss = 3467247360.0
Epoch 1: loss = 1257933.5
Epoch 2: loss = 121478.15625
Epoch 3: loss = 29078.216796875
Epoch 4: loss = 16426.2890625
Epoch 5: loss = 12974.0927734375
Epoch 6: loss = 11843.3095703125
Epoch 7: loss = 11388.64453125
Epoch 8: loss = 11165.861328125
Epoch 9: loss = 11045.8359375
Epoch 10: loss = 10985.2783203125
Epoch 11: loss = 10948.765625
Epoch 12: loss = 10926.18359375
Epoch 13: loss = 10913.361328125
Epoch 14: loss = 10905.11328125
Epoch 0: loss = -205174.03125
Epoch 1: loss = -205175.28125
Epoch 2: loss = -205175.28125
Epoch 3: loss = -205175.28125
Epoch 4: loss = -205175.28125
Epoch 5: loss = -205175.28125
Epoch 6: loss = -205175.28125
Early stopping at epoch 6 with loss -205175.28125
Reconstruction for fluence = 78475.99703514607 photons/pixel
Epoch 0: loss = 18915528704.0
Epoch 1: loss = 6949495.5
Epoch 2: loss = 601683.375
Epoch 3: loss = 121081.9765625
Epoch 4: loss = 58659.390625
Epoch 5: loss = 38403.390625
Epoch 6: loss = 31821.46875
Epoch 7: loss = 29066.470703125
Epoch 8: loss = 27636.390625
Epoch 9: loss = 26965.25
Epoch 10: loss = 26612.02734375
Epoch 11: loss = 26408.34765625
Epoch 12: loss = 26296.572265625
Epoch 13: loss = 26224.2734375
Epoch 14: loss = 26184.630859375
Epoch 0: loss = -516673.5
Epoch 1: loss = -516674.75
Epoch 2: loss = -516674.8125
Epoch 3: loss = -516674.8125
Epoch 4: loss = -516674.8125
Epoch 5: loss = -516674.8125
Epoch 6: loss = -516674.8125
Epoch 7: loss = -516674.8125
Early stopping at epoch 7 with loss -516674.8125
Reconstruction for fluence = 183298.07108324335 photons/pixel
Epoch 0: loss = 103198310400.0
Epoch 1: loss = 37733216.0
Epoch 2: loss = 3289353.5
Epoch 3: loss = 662417.625
Epoch 4: loss = 237534.0625
Epoch 5: loss = 129034.1953125
Epoch 6: loss = 91937.828125
Epoch 7: loss = 76381.4375
Epoch 8: loss = 68917.1328125
Epoch 9: loss = 65226.84765625
Epoch 10: loss = 63145.625
Epoch 11: loss = 61897.609375
Epoch 12: loss = 61220.140625
Epoch 13: loss = 60817.640625
Epoch 14: loss = 60601.59375
Epoch 0: loss = -1294241.375
Epoch 1: loss = -1294242.75
Epoch 2: loss = -1294243.0
Epoch 3: loss = -1294243.0
Epoch 4: loss = -1294243.0
Epoch 5: loss = -1294243.0
Epoch 6: loss = -1294243.0
Epoch 7: loss = -1294243.0
Early stopping at epoch 7 with loss -1294243.0
Reconstruction for fluence = 428133.2398719387 photons/pixel
Epoch 0: loss = 563012567040.0
Epoch 1: loss = 206297888.0
Epoch 2: loss = 17228616.0
Epoch 3: loss = 3060640.25
Epoch 4: loss = 1070009.125
Epoch 5: loss = 518409.1875
Epoch 6: loss = 320169.4375
Epoch 7: loss = 232892.5
Epoch 8: loss = 192602.359375
Epoch 9: loss = 171828.34375
Epoch 10: loss = 160950.703125
Epoch 11: loss = 154485.5625
Epoch 12: loss = 150817.71875
Epoch 13: loss = 148836.3125
Epoch 14: loss = 147594.46875
Epoch 0: loss = -3227293.25
Epoch 1: loss = -3227295.75
Epoch 2: loss = -3227295.75
Epoch 3: loss = -3227295.75
Epoch 4: loss = -3227295.75
Epoch 5: loss = -3227295.75
Epoch 6: loss = -3227295.75
Early stopping at epoch 6 with loss -3227295.75
Reconstruction for fluence = 1000000.0 photons/pixel
Epoch 0: loss = 3071574278144.0
Epoch 1: loss = 1113184256.0
Epoch 2: loss = 93158256.0
Epoch 3: loss = 16821598.0
Epoch 4: loss = 5277969.0
Epoch 5: loss = 2242287.5
Epoch 6: loss = 1213192.625
Epoch 7: loss = 783519.25
Epoch 8: loss = 570895.75
Epoch 9: loss = 467287.25
Epoch 10: loss = 412464.65625
Epoch 11: loss = 380713.0
Epoch 12: loss = 361065.4375
Epoch 13: loss = 350972.0625
Epoch 14: loss = 344892.3125
Epoch 0: loss = -8015234.0
Epoch 1: loss = -8015237.5
Epoch 2: loss = -8015237.5
Epoch 3: loss = -8015237.5
Epoch 4: loss = -8015237.5
Epoch 5: loss = -8015237.5
Epoch 6: loss = -8015237.5
Early stopping at epoch 6 with loss -8015237.5
Simulation for steps_size=17 and n_fluences=20 completed!
