Running simulation for steps_size=4 and n_fluences=20
Steps size: 4
Tensors initialization on device cuda
Multiprobe = None

('MSE', None) RECONSTRUCTIONS

Reconstruction for fluence = 0.09999999999999999 photons/pixel
Epoch 0: loss = 0.0037305625155568123
Epoch 1: loss = 0.0037305625155568123
Epoch 2: loss = 0.0037305625155568123
Epoch 3: loss = 0.0037305625155568123
Epoch 4: loss = 0.0037305625155568123
Epoch 5: loss = 0.0037305625155568123
Early stopping at epoch 5 with loss 0.0037305625155568123
Reconstruction for fluence = 0.23357214690901223 photons/pixel
Epoch 0: loss = 0.009039079770445824
Epoch 1: loss = 0.009038962423801422
Epoch 2: loss = 0.00903884507715702
Epoch 3: loss = 0.009038727730512619
Epoch 4: loss = 0.009038610383868217
Epoch 5: loss = 0.009038493037223816
Early stopping at epoch 5 with loss 0.009039079770445824
Reconstruction for fluence = 0.5455594781168519 photons/pixel
Epoch 0: loss = 0.022817794233560562
Epoch 1: loss = 0.0228143110871315
Epoch 2: loss = 0.022810831665992737
Epoch 3: loss = 0.022807355970144272
Epoch 4: loss = 0.022803882136940956
Epoch 5: loss = 0.022800413891673088
Early stopping at epoch 5 with loss 0.022817794233560562
Reconstruction for fluence = 1.2742749857031335 photons/pixel
Epoch 0: loss = 0.06597638130187988
Epoch 1: loss = 0.04348744451999664
Epoch 2: loss = 0.04348583146929741
Epoch 3: loss = 0.04348583146929741
Epoch 4: loss = 0.04348583146929741
Epoch 5: loss = 0.04348583146929741
Epoch 6: loss = 0.04348583146929741
Early stopping at epoch 6 with loss 0.04348744451999664
Reconstruction for fluence = 2.976351441631318 photons/pixel
Epoch 0: loss = 0.21855375170707703
Epoch 1: loss = 0.10199371725320816
Epoch 2: loss = 0.10198001563549042
Epoch 3: loss = 0.10197986662387848
Epoch 4: loss = 0.10197986662387848
Epoch 5: loss = 0.10197986662387848
Epoch 6: loss = 0.10197986662387848
Early stopping at epoch 6 with loss 0.10199371725320816
Reconstruction for fluence = 6.9519279617756045 photons/pixel
Epoch 0: loss = 0.8680202960968018
Epoch 1: loss = 0.2360789179801941
Epoch 2: loss = 0.2360144555568695
Epoch 3: loss = 0.23601242899894714
Epoch 4: loss = 0.2360122799873352
Epoch 5: loss = 0.2360122799873352
Epoch 6: loss = 0.2360122799873352
Early stopping at epoch 6 with loss 0.2360789179801941
Reconstruction for fluence = 16.23776739188721 photons/pixel
Epoch 0: loss = 3.9947681427001953
Epoch 1: loss = 0.5593951344490051
Epoch 2: loss = 0.5590698719024658
Epoch 3: loss = 0.5590563416481018
Epoch 4: loss = 0.5590555667877197
Epoch 5: loss = 0.5590554475784302
Epoch 6: loss = 0.5590553283691406
Epoch 7: loss = 0.5590553283691406
Early stopping at epoch 7 with loss 0.5590698719024658
Reconstruction for fluence = 37.926901907322495 photons/pixel
Epoch 0: loss = 19.890666961669922
Epoch 1: loss = 1.2870739698410034
Epoch 2: loss = 1.2857398986816406
Epoch 3: loss = 1.2856559753417969
Epoch 4: loss = 1.285644769668579
Epoch 5: loss = 1.2856431007385254
Epoch 6: loss = 1.2856426239013672
Epoch 7: loss = 1.285642147064209
Early stopping at epoch 7 with loss 1.2857398986816406
Reconstruction for fluence = 88.58667904100822 photons/pixel
Epoch 0: loss = 104.60688781738281
Epoch 1: loss = 3.0192205905914307
Epoch 2: loss = 3.013446807861328
Epoch 3: loss = 3.013026237487793
Epoch 4: loss = 3.0129518508911133
Epoch 5: loss = 3.0129361152648926
Epoch 6: loss = 3.0129339694976807
Epoch 7: loss = 3.0129332542419434
Epoch 8: loss = 3.012932300567627
Early stopping at epoch 8 with loss 3.013026237487793
Reconstruction for fluence = 206.9138081114788 photons/pixel
Epoch 0: loss = 560.221923828125
Epoch 1: loss = 7.133754730224609
Epoch 2: loss = 7.107485771179199
Epoch 3: loss = 7.105231285095215
Epoch 4: loss = 7.104738235473633
Epoch 5: loss = 7.104634761810303
Epoch 6: loss = 7.104611396789551
Epoch 7: loss = 7.104608535766602
Epoch 8: loss = 7.104599952697754
Epoch 9: loss = 7.1045989990234375
Epoch 10: loss = 7.104597091674805
Early stopping at epoch 10 with loss 7.104634761810303
Reconstruction for fluence = 483.2930238571752 photons/pixel
Epoch 0: loss = 3034.399658203125
Epoch 1: loss = 16.61638832092285
Epoch 2: loss = 16.500959396362305
Epoch 3: loss = 16.4893798828125
Epoch 4: loss = 16.48705291748047
Epoch 5: loss = 16.48625373840332
Epoch 6: loss = 16.486082077026367
Epoch 7: loss = 16.486038208007812
Epoch 8: loss = 16.486021041870117
Epoch 9: loss = 16.48601531982422
Epoch 10: loss = 16.48601531982422
Epoch 11: loss = 16.486007690429688
Early stopping at epoch 11 with loss 16.486082077026367
Reconstruction for fluence = 1128.8378916846884 photons/pixel
Epoch 0: loss = 16497.7109375
Epoch 1: loss = 39.41278076171875
Epoch 2: loss = 38.78057861328125
Epoch 3: loss = 38.72393798828125
Epoch 4: loss = 38.708778381347656
Epoch 5: loss = 38.70505142211914
Epoch 6: loss = 38.704010009765625
Epoch 7: loss = 38.703582763671875
Epoch 8: loss = 38.70338439941406
Epoch 9: loss = 38.703338623046875
Epoch 10: loss = 38.70332336425781
Epoch 11: loss = 38.70331954956055
Epoch 12: loss = 38.70330047607422
Epoch 13: loss = 38.703285217285156
Early stopping at epoch 13 with loss 38.70338439941406
Reconstruction for fluence = 2636.6508987303555 photons/pixel
Epoch 0: loss = 89902.078125
Epoch 1: loss = 92.21187591552734
Epoch 2: loss = 89.01454162597656
Epoch 3: loss = 88.71951293945312
Epoch 4: loss = 88.64395904541016
Epoch 5: loss = 88.62651824951172
Epoch 6: loss = 88.61972045898438
Epoch 7: loss = 88.61750793457031
Epoch 8: loss = 88.61637878417969
Epoch 9: loss = 88.61589050292969
Epoch 10: loss = 88.61577606201172
Epoch 11: loss = 88.61570739746094
Epoch 12: loss = 88.61564636230469
Epoch 13: loss = 88.6156005859375
Epoch 14: loss = 88.61558532714844
Epoch 15: loss = 88.61557006835938
Epoch 16: loss = 88.61555480957031
Epoch 17: loss = 88.61555480957031
Early stopping at epoch 17 with loss 88.61564636230469
Reconstruction for fluence = 6158.482110660255 photons/pixel
Epoch 0: loss = 490149.625
Epoch 1: loss = 227.6002197265625
Epoch 2: loss = 210.2823486328125
Epoch 3: loss = 208.6041259765625
Epoch 4: loss = 208.18377685546875
Epoch 5: loss = 208.07888793945312
Epoch 6: loss = 208.04620361328125
Epoch 7: loss = 208.0332489013672
Epoch 8: loss = 208.02684020996094
Epoch 9: loss = 208.02362060546875
Epoch 10: loss = 208.02215576171875
Epoch 11: loss = 208.0214080810547
Epoch 12: loss = 208.0214080810547
Epoch 13: loss = 208.02133178710938
Epoch 14: loss = 208.021240234375
Epoch 15: loss = 208.02120971679688
Epoch 16: loss = 208.0211181640625
Epoch 17: loss = 208.02105712890625
Epoch 18: loss = 208.02102661132812
Epoch 19: loss = 208.02096557617188
Epoch 20: loss = 208.0209503173828
Epoch 21: loss = 208.02093505859375
Epoch 22: loss = 208.02093505859375
Epoch 23: loss = 208.02090454101562
Epoch 24: loss = 208.02088928222656
Early stopping at epoch 24 with loss 208.02096557617188
Reconstruction for fluence = 14384.498882876629 photons/pixel
Epoch 0: loss = 2673608.75
Epoch 1: loss = 593.494384765625
Epoch 2: loss = 499.6884765625
Epoch 3: loss = 491.16973876953125
Epoch 4: loss = 488.95794677734375
Epoch 5: loss = 488.4339904785156
Epoch 6: loss = 488.2596435546875
Epoch 7: loss = 488.1843566894531
Epoch 8: loss = 488.1534729003906
Epoch 9: loss = 488.13787841796875
Epoch 10: loss = 488.13079833984375
Epoch 11: loss = 488.1270446777344
Epoch 12: loss = 488.12615966796875
Epoch 13: loss = 488.1253662109375
Epoch 14: loss = 488.12506103515625
Epoch 15: loss = 488.1243896484375
Epoch 16: loss = 488.124267578125
Epoch 17: loss = 488.1241149902344
Epoch 18: loss = 488.1239929199219
Epoch 19: loss = 488.1240234375
Epoch 20: loss = 488.123779296875
Epoch 21: loss = 488.123779296875
Epoch 22: loss = 488.12359619140625
Epoch 23: loss = 488.12359619140625
Epoch 24: loss = 488.12359619140625
Epoch 25: loss = 488.1235046386719
Epoch 26: loss = 488.12347412109375
Epoch 27: loss = 488.1234436035156
Epoch 28: loss = 488.12347412109375
Epoch 29: loss = 488.1234130859375
Epoch 30: loss = 488.1233825683594
Epoch 31: loss = 488.1233825683594
Early stopping at epoch 31 with loss 488.12347412109375
Reconstruction for fluence = 33598.18286283781 photons/pixel
Epoch 0: loss = 14583900.0
Epoch 1: loss = 1716.057373046875
Epoch 2: loss = 1203.49658203125
Epoch 3: loss = 1155.196044921875
Epoch 4: loss = 1143.7587890625
Epoch 5: loss = 1141.024658203125
Epoch 6: loss = 1140.1016845703125
Epoch 7: loss = 1139.7247314453125
Epoch 8: loss = 1139.550048828125
Epoch 9: loss = 1139.4677734375
Epoch 10: loss = 1139.428466796875
Epoch 11: loss = 1139.4080810546875
Epoch 12: loss = 1139.399169921875
Epoch 13: loss = 1139.3955078125
Epoch 14: loss = 1139.39404296875
Epoch 15: loss = 1139.393310546875
Epoch 16: loss = 1139.39306640625
Epoch 17: loss = 1139.392578125
Epoch 18: loss = 1139.3922119140625
Epoch 19: loss = 1139.3922119140625
Epoch 20: loss = 1139.3922119140625
Epoch 21: loss = 1139.391845703125
Epoch 22: loss = 1139.391845703125
Epoch 23: loss = 1139.3916015625
Epoch 24: loss = 1139.39111328125
Epoch 25: loss = 1139.390625
Epoch 26: loss = 1139.390380859375
Epoch 27: loss = 1139.3902587890625
Epoch 28: loss = 1139.39013671875
Epoch 29: loss = 1139.3902587890625
Epoch 30: loss = 1139.389892578125
Epoch 31: loss = 1139.389892578125
Epoch 32: loss = 1139.3896484375
Epoch 33: loss = 1139.3896484375
Epoch 34: loss = 1139.3896484375
Epoch 35: loss = 1139.3896484375
Epoch 36: loss = 1139.3896484375
Epoch 37: loss = 1139.389404296875
Epoch 38: loss = 1139.389404296875
Epoch 39: loss = 1139.3892822265625
Epoch 40: loss = 1139.3892822265625
Epoch 41: loss = 1139.389404296875
Epoch 42: loss = 1139.389404296875
Early stopping at epoch 42 with loss 1139.389404296875
Reconstruction for fluence = 78475.99703514607 photons/pixel
Epoch 0: loss = 79562472.0
Epoch 1: loss = 5825.4326171875
Epoch 2: loss = 3029.40576171875
Epoch 3: loss = 2771.5595703125
Epoch 4: loss = 2708.13720703125
Epoch 5: loss = 2692.19921875
Epoch 6: loss = 2686.93359375
Epoch 7: loss = 2684.91015625
Epoch 8: loss = 2684.048828125
Epoch 9: loss = 2683.43994140625
Epoch 10: loss = 2683.2197265625
Epoch 11: loss = 2683.1015625
Epoch 12: loss = 2683.07568359375
Epoch 13: loss = 2683.03173828125
Epoch 14: loss = 2683.02197265625
Epoch 15: loss = 2683.005859375
Epoch 16: loss = 2682.994873046875
Epoch 17: loss = 2682.994140625
Epoch 18: loss = 2682.9931640625
Epoch 19: loss = 2682.99169921875
Epoch 20: loss = 2682.99169921875
Epoch 21: loss = 2682.99169921875
Epoch 22: loss = 2682.98974609375
Epoch 23: loss = 2682.989501953125
Epoch 24: loss = 2682.988037109375
Epoch 25: loss = 2682.988037109375
Epoch 26: loss = 2682.98583984375
Epoch 27: loss = 2682.98583984375
Epoch 28: loss = 2682.98583984375
Epoch 29: loss = 2682.98486328125
Epoch 30: loss = 2682.98486328125
Epoch 31: loss = 2682.98388671875
Epoch 32: loss = 2682.983154296875
Epoch 33: loss = 2682.98291015625
Epoch 34: loss = 2682.98291015625
Epoch 35: loss = 2682.98291015625
Epoch 36: loss = 2682.98291015625
Epoch 37: loss = 2682.982421875
Epoch 38: loss = 2682.982421875
Epoch 39: loss = 2682.982421875
Epoch 40: loss = 2682.9814453125
Epoch 41: loss = 2682.9814453125
Epoch 42: loss = 2682.9814453125
Epoch 43: loss = 2682.9814453125
Epoch 44: loss = 2682.981689453125
Epoch 45: loss = 2682.981201171875
Epoch 46: loss = 2682.9814453125
Epoch 47: loss = 2682.9814453125
Epoch 48: loss = 2682.981201171875
Epoch 49: loss = 2682.98095703125
Epoch 50: loss = 2682.98095703125
Epoch 51: loss = 2682.98095703125
Epoch 52: loss = 2682.98095703125
Epoch 53: loss = 2682.98095703125
Epoch 54: loss = 2682.9814453125
Early stopping at epoch 54 with loss 2682.98095703125
Reconstruction for fluence = 183298.07108324335 photons/pixel
Epoch 0: loss = 434057920.0
Epoch 1: loss = 23441.8046875
Epoch 2: loss = 8178.4287109375
Epoch 3: loss = 6784.85009765625
Epoch 4: loss = 6413.8525390625
Epoch 5: loss = 6327.06494140625
Epoch 6: loss = 6297.88037109375
Epoch 7: loss = 6286.2275390625
Epoch 8: loss = 6280.9013671875
Epoch 9: loss = 6278.16650390625
Epoch 10: loss = 6276.86376953125
Epoch 11: loss = 6276.20751953125
Epoch 12: loss = 6275.89697265625
Epoch 13: loss = 6275.728515625
Epoch 14: loss = 6275.6630859375
Epoch 15: loss = 6275.6298828125
Epoch 16: loss = 6275.5986328125
Epoch 17: loss = 6275.5859375
Epoch 18: loss = 6275.5830078125
Epoch 19: loss = 6275.57421875
Epoch 20: loss = 6275.57421875
Epoch 21: loss = 6275.5703125
Epoch 22: loss = 6275.568359375
Epoch 23: loss = 6275.568359375
Epoch 24: loss = 6275.56005859375
Epoch 25: loss = 6275.556640625
Epoch 26: loss = 6275.55859375
Epoch 27: loss = 6275.5556640625
Epoch 28: loss = 6275.5556640625
Epoch 29: loss = 6275.552734375
Epoch 30: loss = 6275.55224609375
Epoch 31: loss = 6275.5517578125
Epoch 32: loss = 6275.5517578125
Epoch 33: loss = 6275.5517578125
Epoch 34: loss = 6275.5498046875
Epoch 35: loss = 6275.5517578125
Epoch 36: loss = 6275.55078125
Epoch 37: loss = 6275.548828125
Epoch 38: loss = 6275.5498046875
Epoch 39: loss = 6275.5498046875
Epoch 40: loss = 6275.5498046875
Epoch 41: loss = 6275.5498046875
Epoch 42: loss = 6275.5498046875
Early stopping at epoch 42 with loss 6275.548828125
Reconstruction for fluence = 428133.2398719387 photons/pixel
Epoch 0: loss = 2367938048.0
Epoch 1: loss = 108180.015625
Epoch 2: loss = 24913.947265625
Epoch 3: loss = 17255.12109375
Epoch 4: loss = 15350.943359375
Epoch 5: loss = 14841.859375
Epoch 6: loss = 14684.2490234375
Epoch 7: loss = 14619.76953125
Epoch 8: loss = 14589.2265625
Epoch 9: loss = 14575.0986328125
Epoch 10: loss = 14566.65625
Epoch 11: loss = 14562.740234375
Epoch 12: loss = 14561.076171875
Epoch 13: loss = 14560.1533203125
Epoch 14: loss = 14559.6630859375
Epoch 15: loss = 14559.3984375
Epoch 16: loss = 14559.267578125
Epoch 17: loss = 14559.236328125
Epoch 18: loss = 14559.21875
Epoch 19: loss = 14559.21484375
Epoch 20: loss = 14559.205078125
Epoch 21: loss = 14559.19921875
Epoch 22: loss = 14559.1484375
Epoch 23: loss = 14559.1318359375
Epoch 24: loss = 14559.1171875
Epoch 25: loss = 14559.10546875
Epoch 26: loss = 14559.10546875
Epoch 27: loss = 14559.10546875
Epoch 28: loss = 14559.1044921875
Epoch 29: loss = 14559.1015625
Epoch 30: loss = 14559.103515625
Epoch 31: loss = 14559.103515625
Epoch 32: loss = 14559.0927734375
Epoch 33: loss = 14559.095703125
Epoch 34: loss = 14559.09765625
Epoch 35: loss = 14559.09765625
Epoch 36: loss = 14559.09375
Epoch 37: loss = 14559.0888671875
Epoch 38: loss = 14559.0947265625
Epoch 39: loss = 14559.1015625
Epoch 40: loss = 14559.0966796875
Epoch 41: loss = 14559.09765625
Epoch 42: loss = 14559.09765625
Early stopping at epoch 42 with loss 14559.0888671875
Reconstruction for fluence = 1000000.0 photons/pixel
Epoch 0: loss = 12918502400.0
Epoch 1: loss = 544953.8125
Epoch 2: loss = 90823.671875
Epoch 3: loss = 48425.8125
Epoch 4: loss = 38326.05859375
Epoch 5: loss = 35831.27734375
Epoch 6: loss = 34985.8125
Epoch 7: loss = 34654.65234375
Epoch 8: loss = 34490.4140625
Epoch 9: loss = 34415.01171875
Epoch 10: loss = 34379.375
Epoch 11: loss = 34359.8203125
Epoch 12: loss = 34350.7734375
Epoch 13: loss = 34346.0390625
Epoch 14: loss = 34343.734375
Epoch 15: loss = 34342.5859375
Epoch 16: loss = 34342.2578125
Epoch 17: loss = 34341.765625
Epoch 18: loss = 34341.55078125
Epoch 19: loss = 34341.35546875
Epoch 20: loss = 34341.26953125
Epoch 21: loss = 34341.2265625
Epoch 22: loss = 34341.1640625
Epoch 23: loss = 34341.09765625
Epoch 24: loss = 34341.11328125
Epoch 25: loss = 34341.109375
Epoch 26: loss = 34341.078125
Epoch 27: loss = 34341.046875
Epoch 28: loss = 34341.0703125
Epoch 29: loss = 34341.0625
Epoch 30: loss = 34341.0625
Epoch 31: loss = 34341.0703125
Epoch 32: loss = 34341.0703125
Early stopping at epoch 32 with loss 34341.046875
Tensors initialization on device cuda
Multiprobe = None

('MSE', 'PoissonNLL') RECONSTRUCTIONS

Reconstruction for fluence = 0.09999999999999999 photons/pixel
Epoch 0: loss = 0.0037046035286039114
Epoch 1: loss = 0.0037046035286039114
Epoch 2: loss = 0.0037046035286039114
Epoch 3: loss = 0.0037046035286039114
Epoch 4: loss = 0.0037046035286039114
Epoch 5: loss = 0.0037046035286039114
Early stopping at epoch 5 with loss 0.0037046035286039114
Epoch 0: loss = 0.01980263739824295
Epoch 1: loss = 0.015927601605653763
Epoch 2: loss = 0.015898294746875763
Epoch 3: loss = 0.015898294746875763
Epoch 4: loss = 0.015898294746875763
Epoch 5: loss = 0.015898294746875763
Epoch 6: loss = 0.015898294746875763
Early stopping at epoch 6 with loss 0.015927601605653763
Reconstruction for fluence = 0.23357214690901223 photons/pixel
Epoch 0: loss = 0.008947442285716534
Epoch 1: loss = 0.008947325870394707
Epoch 2: loss = 0.008947208523750305
Epoch 3: loss = 0.008947091177105904
Epoch 4: loss = 0.008946974761784077
Epoch 5: loss = 0.00894685834646225
Early stopping at epoch 5 with loss 0.008947442285716534
Epoch 0: loss = 0.038300201296806335
Epoch 1: loss = 0.03040149249136448
Epoch 2: loss = 0.03039790503680706
Epoch 3: loss = 0.03039790503680706
Epoch 4: loss = 0.03039790503680706
Epoch 5: loss = 0.03039790503680706
Epoch 6: loss = 0.03039790503680706
Early stopping at epoch 6 with loss 0.03040149249136448
Reconstruction for fluence = 0.5455594781168519 photons/pixel
Epoch 0: loss = 0.0229998417198658
Epoch 1: loss = 0.022996369749307632
Epoch 2: loss = 0.022992901504039764
Epoch 3: loss = 0.022989436984062195
Epoch 4: loss = 0.022985978052020073
Epoch 5: loss = 0.02298252284526825
Early stopping at epoch 5 with loss 0.0229998417198658
Epoch 0: loss = 0.0732956975698471
Epoch 1: loss = 0.05521729961037636
Epoch 2: loss = 0.055212587118148804
Epoch 3: loss = 0.055212587118148804
Epoch 4: loss = 0.055212587118148804
Epoch 5: loss = 0.055212587118148804
Epoch 6: loss = 0.055212587118148804
Early stopping at epoch 6 with loss 0.05521729961037636
Reconstruction for fluence = 1.2742749857031335 photons/pixel
Epoch 0: loss = 0.06558918952941895
Epoch 1: loss = 0.04362070560455322
Epoch 2: loss = 0.04361889511346817
Epoch 3: loss = 0.04361889511346817
Epoch 4: loss = 0.04361889511346817
Epoch 5: loss = 0.04361889511346817
Epoch 6: loss = 0.04361889511346817
Early stopping at epoch 6 with loss 0.04362070560455322
Epoch 0: loss = 0.09733481705188751
Epoch 1: loss = 0.09284144639968872
Epoch 2: loss = 0.09284017980098724
Epoch 3: loss = 0.09284017980098724
Epoch 4: loss = 0.09284017980098724
Epoch 5: loss = 0.09284017980098724
Epoch 6: loss = 0.09284017980098724
Early stopping at epoch 6 with loss 0.09284144639968872
Reconstruction for fluence = 2.976351441631318 photons/pixel
Epoch 0: loss = 0.2186448723077774
Epoch 1: loss = 0.10185800492763519
Epoch 2: loss = 0.10184518247842789
Epoch 3: loss = 0.1018451675772667
Epoch 4: loss = 0.1018451675772667
Epoch 5: loss = 0.1018451675772667
Epoch 6: loss = 0.1018451675772667
Early stopping at epoch 6 with loss 0.10185800492763519
Epoch 0: loss = 0.13640323281288147
Epoch 1: loss = 0.12974706292152405
Epoch 2: loss = 0.1297353357076645
Epoch 3: loss = 0.12973478436470032
Epoch 4: loss = 0.12973478436470032
Epoch 5: loss = 0.12973478436470032
Epoch 6: loss = 0.12973478436470032
Early stopping at epoch 6 with loss 0.12974706292152405
Reconstruction for fluence = 6.9519279617756045 photons/pixel
Epoch 0: loss = 0.8722875118255615
Epoch 1: loss = 0.239531010389328
Epoch 2: loss = 0.2394462525844574
Epoch 3: loss = 0.23944374918937683
Epoch 4: loss = 0.23944368958473206
Epoch 5: loss = 0.2394435554742813
Epoch 6: loss = 0.23944354057312012
Early stopping at epoch 6 with loss 0.239531010389328
Epoch 0: loss = 0.10756048560142517
Epoch 1: loss = 0.09847000241279602
Epoch 2: loss = 0.0984514057636261
Epoch 3: loss = 0.09844033420085907
Epoch 4: loss = 0.09843674302101135
Epoch 5: loss = 0.09843674302101135
Epoch 6: loss = 0.09843674302101135
Early stopping at epoch 6 with loss 0.09847000241279602
Reconstruction for fluence = 16.23776739188721 photons/pixel
Epoch 0: loss = 3.9721813201904297
Epoch 1: loss = 0.5502166748046875
Epoch 2: loss = 0.5498858094215393
Epoch 3: loss = 0.5498722791671753
Epoch 4: loss = 0.5498713254928589
Epoch 5: loss = 0.5498712062835693
Epoch 6: loss = 0.5498710870742798
Epoch 7: loss = 0.5498709678649902
Early stopping at epoch 7 with loss 0.5498858094215393
Epoch 0: loss = -0.2428971230983734
Epoch 1: loss = -0.25463131070137024
Epoch 2: loss = -0.25466281175613403
Epoch 3: loss = -0.25466740131378174
Epoch 4: loss = -0.254672646522522
Epoch 5: loss = -0.2546733021736145
Epoch 6: loss = -0.2546733617782593
Early stopping at epoch 6 with loss -0.25463131070137024
Reconstruction for fluence = 37.926901907322495 photons/pixel
Epoch 0: loss = 19.918010711669922
Epoch 1: loss = 1.2954012155532837
Epoch 2: loss = 1.2941176891326904
Epoch 3: loss = 1.2940235137939453
Epoch 4: loss = 1.2940115928649902
Epoch 5: loss = 1.2940115928649902
Epoch 6: loss = 1.2940104007720947
Epoch 7: loss = 1.2940101623535156
Epoch 8: loss = 1.2940101623535156
Epoch 9: loss = 1.2940099239349365
Early stopping at epoch 9 with loss 1.2940115928649902
Epoch 0: loss = -1.7071034908294678
Epoch 1: loss = -1.7214539051055908
Epoch 2: loss = -1.7214841842651367
Epoch 3: loss = -1.7214852571487427
Epoch 4: loss = -1.7214854955673218
Epoch 5: loss = -1.7214856147766113
Epoch 6: loss = -1.7214858531951904
Early stopping at epoch 6 with loss -1.7214539051055908
Reconstruction for fluence = 88.58667904100822 photons/pixel
Epoch 0: loss = 104.38352966308594
Epoch 1: loss = 3.0107927322387695
Epoch 2: loss = 3.005331039428711
Epoch 3: loss = 3.004852533340454
Epoch 4: loss = 3.0047731399536133
Epoch 5: loss = 3.004763126373291
Epoch 6: loss = 3.004756450653076
Epoch 7: loss = 3.0047531127929688
Epoch 8: loss = 3.0047531127929688
Early stopping at epoch 8 with loss 3.004852533340454
Epoch 0: loss = -6.647401809692383
Epoch 1: loss = -6.665101051330566
Epoch 2: loss = -6.665111541748047
Epoch 3: loss = -6.665112495422363
Epoch 4: loss = -6.665112495422363
Epoch 5: loss = -6.66511344909668
Epoch 6: loss = -6.66511344909668
Early stopping at epoch 6 with loss -6.665101051330566
Reconstruction for fluence = 206.9138081114788 photons/pixel
Epoch 0: loss = 560.4482421875
Epoch 1: loss = 7.125429630279541
Epoch 2: loss = 7.099390029907227
Epoch 3: loss = 7.096920013427734
Epoch 4: loss = 7.0964860916137695
Epoch 5: loss = 7.096393585205078
Epoch 6: loss = 7.096367835998535
Epoch 7: loss = 7.096366882324219
Epoch 8: loss = 7.096363067626953
Epoch 9: loss = 7.096362113952637
Epoch 10: loss = 7.09636116027832
Epoch 11: loss = 7.096360206604004
Early stopping at epoch 11 with loss 7.096367835998535
Epoch 0: loss = -21.690975189208984
Epoch 1: loss = -21.713871002197266
Epoch 2: loss = -21.71387481689453
Epoch 3: loss = -21.713876724243164
Epoch 4: loss = -21.713878631591797
Epoch 5: loss = -21.713878631591797
Epoch 6: loss = -21.71388053894043
Early stopping at epoch 6 with loss -21.713871002197266
Reconstruction for fluence = 483.2930238571752 photons/pixel
Epoch 0: loss = 3035.459716796875
Epoch 1: loss = 16.689889907836914
Epoch 2: loss = 16.57996940612793
Epoch 3: loss = 16.568756103515625
Epoch 4: loss = 16.566089630126953
Epoch 5: loss = 16.565433502197266
Epoch 6: loss = 16.565256118774414
Epoch 7: loss = 16.5651912689209
Epoch 8: loss = 16.565189361572266
Epoch 9: loss = 16.565185546875
Epoch 10: loss = 16.56517791748047
Epoch 11: loss = 16.565174102783203
Early stopping at epoch 11 with loss 16.565256118774414
Epoch 0: loss = -65.11485290527344
Epoch 1: loss = -65.14036560058594
Epoch 2: loss = -65.14038848876953
Epoch 3: loss = -65.14038848876953
Epoch 4: loss = -65.14038848876953
Epoch 5: loss = -65.14038848876953
Epoch 6: loss = -65.14038848876953
Early stopping at epoch 6 with loss -65.14036560058594
Reconstruction for fluence = 1128.8378916846884 photons/pixel
Epoch 0: loss = 16505.76171875
Epoch 1: loss = 39.13352966308594
Epoch 2: loss = 38.54701232910156
Epoch 3: loss = 38.48835372924805
Epoch 4: loss = 38.47509765625
Epoch 5: loss = 38.471923828125
Epoch 6: loss = 38.471458435058594
Epoch 7: loss = 38.470794677734375
Epoch 8: loss = 38.47053909301758
Epoch 9: loss = 38.47050476074219
Epoch 10: loss = 38.470458984375
Epoch 11: loss = 38.470428466796875
Epoch 12: loss = 38.47041320800781
Epoch 13: loss = 38.47039794921875
Epoch 14: loss = 38.47039794921875
Epoch 0: loss = -185.73159790039062
Epoch 1: loss = -185.759765625
Epoch 2: loss = -185.75978088378906
Epoch 3: loss = -185.75978088378906
Epoch 4: loss = -185.75978088378906
Epoch 5: loss = -185.75978088378906
Epoch 6: loss = -185.75978088378906
Early stopping at epoch 6 with loss -185.759765625
Reconstruction for fluence = 2636.6508987303555 photons/pixel
Epoch 0: loss = 89905.203125
Epoch 1: loss = 93.8406982421875
Epoch 2: loss = 90.59457397460938
Epoch 3: loss = 90.29177856445312
Epoch 4: loss = 90.21461486816406
Epoch 5: loss = 90.19569396972656
Epoch 6: loss = 90.18997192382812
Epoch 7: loss = 90.18788146972656
Epoch 8: loss = 90.18685150146484
Epoch 9: loss = 90.18634033203125
Epoch 10: loss = 90.18624877929688
Epoch 11: loss = 90.18618774414062
Epoch 12: loss = 90.1861572265625
Epoch 13: loss = 90.18609619140625
Epoch 14: loss = 90.18607330322266
Epoch 0: loss = -512.6158447265625
Epoch 1: loss = -512.6478271484375
Epoch 2: loss = -512.6478271484375
Epoch 3: loss = -512.6478271484375
Epoch 4: loss = -512.6478271484375
Epoch 5: loss = -512.6478271484375
Epoch 6: loss = -512.6478271484375
Early stopping at epoch 6 with loss -512.6478271484375
Reconstruction for fluence = 6158.482110660255 photons/pixel
Epoch 0: loss = 490134.9375
Epoch 1: loss = 229.5551300048828
Epoch 2: loss = 212.3640594482422
Epoch 3: loss = 210.7684326171875
Epoch 4: loss = 210.36166381835938
Epoch 5: loss = 210.26068115234375
Epoch 6: loss = 210.22779846191406
Epoch 7: loss = 210.21450805664062
Epoch 8: loss = 210.20822143554688
Epoch 9: loss = 210.20513916015625
Epoch 10: loss = 210.2037353515625
Epoch 11: loss = 210.2034912109375
Epoch 12: loss = 210.20315551757812
Epoch 13: loss = 210.20303344726562
Epoch 14: loss = 210.2030029296875
Epoch 0: loss = -1381.1279296875
Epoch 1: loss = -1381.162109375
Epoch 2: loss = -1381.162109375
Epoch 3: loss = -1381.162109375
Epoch 4: loss = -1381.162109375
Epoch 5: loss = -1381.162109375
Epoch 6: loss = -1381.162109375
Early stopping at epoch 6 with loss -1381.162109375
Reconstruction for fluence = 14384.498882876629 photons/pixel
Epoch 0: loss = 2673596.5
Epoch 1: loss = 597.0048217773438
Epoch 2: loss = 501.94140625
Epoch 3: loss = 493.28009033203125
Epoch 4: loss = 491.0672302246094
Epoch 5: loss = 490.54278564453125
Epoch 6: loss = 490.3530578613281
Epoch 7: loss = 490.2745361328125
Epoch 8: loss = 490.2392578125
Epoch 9: loss = 490.2232360839844
Epoch 10: loss = 490.215576171875
Epoch 11: loss = 490.2117614746094
Epoch 12: loss = 490.211181640625
Epoch 13: loss = 490.2097473144531
Epoch 14: loss = 490.20965576171875
Epoch 0: loss = -3654.6318359375
Epoch 1: loss = -3654.666259765625
Epoch 2: loss = -3654.66650390625
Epoch 3: loss = -3654.66650390625
Epoch 4: loss = -3654.66650390625
Epoch 5: loss = -3654.66650390625
Epoch 6: loss = -3654.66650390625
Epoch 7: loss = -3654.66650390625
Early stopping at epoch 7 with loss -3654.66650390625
Reconstruction for fluence = 33598.18286283781 photons/pixel
Epoch 0: loss = 14583106.0
Epoch 1: loss = 1727.31298828125
Epoch 2: loss = 1211.801025390625
Epoch 3: loss = 1164.743896484375
Epoch 4: loss = 1152.6265869140625
Epoch 5: loss = 1149.45458984375
Epoch 6: loss = 1148.381591796875
Epoch 7: loss = 1147.98046875
Epoch 8: loss = 1147.76953125
Epoch 9: loss = 1147.66748046875
Epoch 10: loss = 1147.6160888671875
Epoch 11: loss = 1147.593505859375
Epoch 12: loss = 1147.580810546875
Epoch 13: loss = 1147.576904296875
Epoch 14: loss = 1147.57568359375
Epoch 0: loss = -9538.767578125
Epoch 1: loss = -9538.802734375
Epoch 2: loss = -9538.8037109375
Epoch 3: loss = -9538.8037109375
Epoch 4: loss = -9538.8037109375
Epoch 5: loss = -9538.8037109375
Epoch 6: loss = -9538.8037109375
Epoch 7: loss = -9538.8037109375
Early stopping at epoch 7 with loss -9538.8037109375
Reconstruction for fluence = 78475.99703514607 photons/pixel
Epoch 0: loss = 79560728.0
Epoch 1: loss = 5856.794921875
Epoch 2: loss = 3055.56005859375
Epoch 3: loss = 2798.238525390625
Epoch 4: loss = 2731.729248046875
Epoch 5: loss = 2715.0849609375
Epoch 6: loss = 2709.58984375
Epoch 7: loss = 2707.433837890625
Epoch 8: loss = 2706.4208984375
Epoch 9: loss = 2705.92822265625
Epoch 10: loss = 2705.701416015625
Epoch 11: loss = 2705.587890625
Epoch 12: loss = 2705.53857421875
Epoch 13: loss = 2705.520263671875
Epoch 14: loss = 2705.49951171875
Epoch 0: loss = -24619.8984375
Epoch 1: loss = -24619.9375
Epoch 2: loss = -24619.9375
Epoch 3: loss = -24619.9375
Epoch 4: loss = -24619.9375
Epoch 5: loss = -24619.9375
Epoch 6: loss = -24619.9375
Early stopping at epoch 6 with loss -24619.9375
Reconstruction for fluence = 183298.07108324335 photons/pixel
Epoch 0: loss = 434039936.0
Epoch 1: loss = 23450.888671875
Epoch 2: loss = 8156.5048828125
Epoch 3: loss = 6762.34375
Epoch 4: loss = 6390.302734375
Epoch 5: loss = 6304.14111328125
Epoch 6: loss = 6274.23681640625
Epoch 7: loss = 6262.7314453125
Epoch 8: loss = 6257.513671875
Epoch 9: loss = 6254.85888671875
Epoch 10: loss = 6253.6103515625
Epoch 11: loss = 6252.92626953125
Epoch 12: loss = 6252.60888671875
Epoch 13: loss = 6252.470703125
Epoch 14: loss = 6252.3701171875
Epoch 0: loss = -62972.46875
Epoch 1: loss = -62972.5078125
Epoch 2: loss = -62972.5078125
Epoch 3: loss = -62972.5078125
Epoch 4: loss = -62972.5078125
Epoch 5: loss = -62972.5078125
Epoch 6: loss = -62972.5078125
Early stopping at epoch 6 with loss -62972.5078125
Reconstruction for fluence = 428133.2398719387 photons/pixel
Epoch 0: loss = 2367957760.0
Epoch 1: loss = 108219.453125
Epoch 2: loss = 24993.384765625
Epoch 3: loss = 17378.80859375
Epoch 4: loss = 15373.7333984375
Epoch 5: loss = 14890.7197265625
Epoch 6: loss = 14722.0615234375
Epoch 7: loss = 14657.8369140625
Epoch 8: loss = 14624.7470703125
Epoch 9: loss = 14609.201171875
Epoch 10: loss = 14602.1435546875
Epoch 11: loss = 14598.2080078125
Epoch 12: loss = 14596.5712890625
Epoch 13: loss = 14595.671875
Epoch 14: loss = 14595.2041015625
Epoch 0: loss = -159852.046875
Epoch 1: loss = -159852.09375
Epoch 2: loss = -159852.09375
Epoch 3: loss = -159852.09375
Epoch 4: loss = -159852.09375
Epoch 5: loss = -159852.09375
Epoch 6: loss = -159852.09375
Early stopping at epoch 6 with loss -159852.09375
Reconstruction for fluence = 1000000.0 photons/pixel
Epoch 0: loss = 12918604800.0
Epoch 1: loss = 545486.3125
Epoch 2: loss = 91050.515625
Epoch 3: loss = 48642.28125
Epoch 4: loss = 38400.828125
Epoch 5: loss = 35951.671875
Epoch 6: loss = 35096.0859375
Epoch 7: loss = 34761.7578125
Epoch 8: loss = 34606.26953125
Epoch 9: loss = 34534.2109375
Epoch 10: loss = 34498.5546875
Epoch 11: loss = 34479.59375
Epoch 12: loss = 34470.796875
Epoch 13: loss = 34466.1171875
Epoch 14: loss = 34463.6015625
Epoch 0: loss = -403194.34375
Epoch 1: loss = -403194.40625
Epoch 2: loss = -403194.40625
Epoch 3: loss = -403194.40625
Epoch 4: loss = -403194.40625
Epoch 5: loss = -403194.40625
Epoch 6: loss = -403194.40625
Early stopping at epoch 6 with loss -403194.40625
Simulation for steps_size=4 and n_fluences=20 completed!
