Running simulation for steps_size=7 and n_fluences=20
Steps size: 7
Tensors initialization on device cuda
Multiprobe = band_lim
torch.Size([1, 64, 64])

('MSE', None) RECONSTRUCTIONS

Reconstruction for fluence = 0.09999999999999999 photons/pixel
Epoch 0: loss = 0.010778633877635002
Epoch 1: loss = 0.010777886025607586
Epoch 2: loss = 0.010777134448289871
Epoch 3: loss = 0.01077638566493988
Epoch 4: loss = 0.010775637812912464
Epoch 5: loss = 0.010774887166917324
Early stopping at epoch 5 with loss 0.010778633877635002
Reconstruction for fluence = 0.23357214690901223 photons/pixel
Epoch 0: loss = 0.030087977647781372
Epoch 1: loss = 0.030065257102251053
Epoch 2: loss = 0.030042605474591255
Epoch 3: loss = 0.030020026490092278
Epoch 4: loss = 0.02999751828610897
Epoch 5: loss = 0.029975078999996185
Epoch 6: loss = 0.02995271608233452
Epoch 7: loss = 0.029930418357253075
Epoch 8: loss = 0.02990819327533245
Epoch 9: loss = 0.02988603711128235
Epoch 10: loss = 0.029863953590393066
Epoch 11: loss = 0.029841935262084007
Epoch 12: loss = 0.02981998771429062
Epoch 13: loss = 0.029798107221722603
Epoch 14: loss = 0.02977629564702511
Epoch 15: loss = 0.029754554852843285
Epoch 16: loss = 0.029732882976531982
Epoch 17: loss = 0.029711274430155754
Epoch 18: loss = 0.029689734801650047
Epoch 19: loss = 0.029668264091014862
Epoch 20: loss = 0.0296468585729599
Epoch 21: loss = 0.02962552011013031
Epoch 22: loss = 0.029604248702526093
Epoch 23: loss = 0.029583042487502098
Epoch 24: loss = 0.029561899602413177
Epoch 25: loss = 0.02954082377254963
Epoch 26: loss = 0.029519814997911453
Epoch 27: loss = 0.0294988714158535
Epoch 28: loss = 0.02947799116373062
Epoch 29: loss = 0.029457177966833115
Epoch 30: loss = 0.029436426237225533
Epoch 31: loss = 0.029415737837553024
Epoch 32: loss = 0.02939511276781559
Epoch 33: loss = 0.02937455289065838
Epoch 34: loss = 0.02935405634343624
Epoch 35: loss = 0.029333624988794327
Epoch 36: loss = 0.029313253238797188
Epoch 37: loss = 0.029292942956089973
Epoch 38: loss = 0.029272697865962982
Epoch 39: loss = 0.029252512380480766
Epoch 40: loss = 0.029232388362288475
Epoch 41: loss = 0.02921232581138611
Epoch 42: loss = 0.029192328453063965
Epoch 43: loss = 0.029172388836741447
Epoch 44: loss = 0.029152512550354004
Epoch 45: loss = 0.029132692143321037
Early stopping at epoch 45 with loss 0.029232388362288475
Reconstruction for fluence = 0.5455594781168519 photons/pixel
Epoch 0: loss = 0.10056199878454208
Epoch 1: loss = 0.04494510591030121
Epoch 2: loss = 0.04493892565369606
Epoch 3: loss = 0.04493892565369606
Epoch 4: loss = 0.04493892565369606
Epoch 5: loss = 0.04493892565369606
Epoch 6: loss = 0.04493892565369606
Early stopping at epoch 6 with loss 0.04494510591030121
Reconstruction for fluence = 1.2742749857031335 photons/pixel
Epoch 0: loss = 0.39631766080856323
Epoch 1: loss = 0.10459297150373459
Epoch 2: loss = 0.10455626249313354
Epoch 3: loss = 0.10455601662397385
Epoch 4: loss = 0.10455601662397385
Epoch 5: loss = 0.10455601662397385
Epoch 6: loss = 0.10455601662397385
Early stopping at epoch 6 with loss 0.10459297150373459
Reconstruction for fluence = 2.976351441631318 photons/pixel
Epoch 0: loss = 1.7931561470031738
Epoch 1: loss = 0.23939768970012665
Epoch 2: loss = 0.23921939730644226
Epoch 3: loss = 0.23921634256839752
Epoch 4: loss = 0.23921626806259155
Epoch 5: loss = 0.23921626806259155
Epoch 6: loss = 0.23921626806259155
Epoch 7: loss = 0.23921626806259155
Early stopping at epoch 7 with loss 0.23921939730644226
Reconstruction for fluence = 6.9519279617756045 photons/pixel
Epoch 0: loss = 8.966691017150879
Epoch 1: loss = 0.5591018795967102
Epoch 2: loss = 0.5582693219184875
Epoch 3: loss = 0.5582488179206848
Epoch 4: loss = 0.5582482218742371
Epoch 5: loss = 0.5582481026649475
Epoch 6: loss = 0.5582479238510132
Epoch 7: loss = 0.5582479238510132
Early stopping at epoch 7 with loss 0.5582693219184875
Reconstruction for fluence = 16.23776739188721 photons/pixel
Epoch 0: loss = 46.9868049621582
Epoch 1: loss = 1.2944172620773315
Epoch 2: loss = 1.2915294170379639
Epoch 3: loss = 1.2913873195648193
Epoch 4: loss = 1.291375994682312
Epoch 5: loss = 1.2913753986358643
Epoch 6: loss = 1.2913752794265747
Epoch 7: loss = 1.2913750410079956
Epoch 8: loss = 1.2913750410079956
Early stopping at epoch 8 with loss 1.2913873195648193
Reconstruction for fluence = 37.926901907322495 photons/pixel
Epoch 0: loss = 252.1553497314453
Epoch 1: loss = 3.0290002822875977
Epoch 2: loss = 3.0171968936920166
Epoch 3: loss = 3.01647686958313
Epoch 4: loss = 3.0164005756378174
Epoch 5: loss = 3.0163891315460205
Epoch 6: loss = 3.016387939453125
Epoch 7: loss = 3.0163872241973877
Epoch 8: loss = 3.0163867473602295
Early stopping at epoch 8 with loss 3.01647686958313
Reconstruction for fluence = 88.58667904100822 photons/pixel
Epoch 0: loss = 1364.78369140625
Epoch 1: loss = 7.115805625915527
Epoch 2: loss = 7.0711212158203125
Epoch 3: loss = 7.067708969116211
Epoch 4: loss = 7.067215919494629
Epoch 5: loss = 7.067117691040039
Epoch 6: loss = 7.0671067237854
Epoch 7: loss = 7.067104339599609
Epoch 8: loss = 7.067102909088135
Epoch 9: loss = 7.067099571228027
Epoch 10: loss = 7.067098140716553
Epoch 11: loss = 7.067098140716553
Early stopping at epoch 11 with loss 7.0671067237854
Reconstruction for fluence = 206.9138081114788 photons/pixel
Epoch 0: loss = 7420.4384765625
Epoch 1: loss = 16.981189727783203
Epoch 2: loss = 16.807586669921875
Epoch 3: loss = 16.79256248474121
Epoch 4: loss = 16.790250778198242
Epoch 5: loss = 16.789710998535156
Epoch 6: loss = 16.789636611938477
Epoch 7: loss = 16.78961181640625
Epoch 8: loss = 16.78959846496582
Epoch 9: loss = 16.789594650268555
Epoch 10: loss = 16.789575576782227
Epoch 11: loss = 16.78957176208496
Epoch 12: loss = 16.789562225341797
Epoch 13: loss = 16.78955841064453
Early stopping at epoch 13 with loss 16.78959846496582
Reconstruction for fluence = 483.2930238571752 photons/pixel
Epoch 0: loss = 40389.3984375
Epoch 1: loss = 39.91572952270508
Epoch 2: loss = 39.18400955200195
Epoch 3: loss = 39.11203384399414
Epoch 4: loss = 39.098995208740234
Epoch 5: loss = 39.09598159790039
Epoch 6: loss = 39.095149993896484
Epoch 7: loss = 39.09497833251953
Epoch 8: loss = 39.094947814941406
Epoch 9: loss = 39.09480285644531
Epoch 10: loss = 39.09478759765625
Epoch 11: loss = 39.09476852416992
Epoch 12: loss = 39.09475326538086
Epoch 13: loss = 39.094749450683594
Epoch 14: loss = 39.09471130371094
Early stopping at epoch 14 with loss 39.09480285644531
Reconstruction for fluence = 1128.8378916846884 photons/pixel
Epoch 0: loss = 220204.859375
Epoch 1: loss = 93.63282775878906
Epoch 2: loss = 90.19962310791016
Epoch 3: loss = 89.84922790527344
Epoch 4: loss = 89.79057312011719
Epoch 5: loss = 89.77594757080078
Epoch 6: loss = 89.77212524414062
Epoch 7: loss = 89.77042388916016
Epoch 8: loss = 89.76979064941406
Epoch 9: loss = 89.76960754394531
Epoch 10: loss = 89.7695083618164
Epoch 11: loss = 89.7694091796875
Epoch 12: loss = 89.7694091796875
Epoch 13: loss = 89.76937103271484
Epoch 14: loss = 89.76937103271484
Epoch 15: loss = 89.76935577392578
Epoch 16: loss = 89.76933288574219
Early stopping at epoch 16 with loss 89.7694091796875
Reconstruction for fluence = 2636.6508987303555 photons/pixel
Epoch 0: loss = 1201471.125
Epoch 1: loss = 229.23231506347656
Epoch 2: loss = 211.40890502929688
Epoch 3: loss = 209.60987854003906
Epoch 4: loss = 209.29830932617188
Epoch 5: loss = 209.21987915039062
Epoch 6: loss = 209.19761657714844
Epoch 7: loss = 209.18865966796875
Epoch 8: loss = 209.18458557128906
Epoch 9: loss = 209.18328857421875
Epoch 10: loss = 209.1824493408203
Epoch 11: loss = 209.1824188232422
Epoch 12: loss = 209.18231201171875
Epoch 13: loss = 209.18222045898438
Epoch 14: loss = 209.18214416503906
Epoch 15: loss = 209.18209838867188
Epoch 16: loss = 209.18202209472656
Epoch 17: loss = 209.1819305419922
Epoch 18: loss = 209.18179321289062
Epoch 19: loss = 209.18177795410156
Epoch 20: loss = 209.18174743652344
Epoch 21: loss = 209.18174743652344
Epoch 22: loss = 209.18173217773438
Epoch 23: loss = 209.1817169189453
Early stopping at epoch 23 with loss 209.18179321289062
Reconstruction for fluence = 6158.482110660255 photons/pixel
Epoch 0: loss = 6553835.5
Epoch 1: loss = 591.857177734375
Epoch 2: loss = 497.681396484375
Epoch 3: loss = 489.5187683105469
Epoch 4: loss = 487.9036560058594
Epoch 5: loss = 487.5283508300781
Epoch 6: loss = 487.42578125
Epoch 7: loss = 487.3816223144531
Epoch 8: loss = 487.3623962402344
Epoch 9: loss = 487.35467529296875
Epoch 10: loss = 487.3514709472656
Epoch 11: loss = 487.34906005859375
Epoch 12: loss = 487.3489685058594
Epoch 13: loss = 487.3489074707031
Epoch 14: loss = 487.3487243652344
Epoch 15: loss = 487.34857177734375
Epoch 16: loss = 487.3484191894531
Epoch 17: loss = 487.34796142578125
Epoch 18: loss = 487.34771728515625
Epoch 19: loss = 487.34765625
Epoch 20: loss = 487.347412109375
Epoch 21: loss = 487.34759521484375
Epoch 22: loss = 487.3475036621094
Epoch 23: loss = 487.3473205566406
Epoch 24: loss = 487.3473205566406
Epoch 25: loss = 487.34716796875
Epoch 26: loss = 487.3472595214844
Epoch 27: loss = 487.34716796875
Epoch 28: loss = 487.34716796875
Epoch 29: loss = 487.3470458984375
Epoch 30: loss = 487.34716796875
Epoch 31: loss = 487.34710693359375
Epoch 32: loss = 487.34710693359375
Epoch 33: loss = 487.34710693359375
Epoch 34: loss = 487.3470458984375
Early stopping at epoch 34 with loss 487.3470458984375
Reconstruction for fluence = 14384.498882876629 photons/pixel
Epoch 0: loss = 35746688.0
Epoch 1: loss = 1723.6595458984375
Epoch 2: loss = 1218.4075927734375
Epoch 3: loss = 1172.5074462890625
Epoch 4: loss = 1163.701416015625
Epoch 5: loss = 1161.4097900390625
Epoch 6: loss = 1160.849609375
Epoch 7: loss = 1160.586181640625
Epoch 8: loss = 1160.4688720703125
Epoch 9: loss = 1160.418212890625
Epoch 10: loss = 1160.4031982421875
Epoch 11: loss = 1160.388671875
Epoch 12: loss = 1160.388671875
Epoch 13: loss = 1160.3878173828125
Epoch 14: loss = 1160.3861083984375
Epoch 15: loss = 1160.385498046875
Epoch 16: loss = 1160.385498046875
Epoch 17: loss = 1160.3826904296875
Epoch 18: loss = 1160.3800048828125
Epoch 19: loss = 1160.3804931640625
Epoch 20: loss = 1160.3800048828125
Epoch 21: loss = 1160.379638671875
Epoch 22: loss = 1160.3795166015625
Epoch 23: loss = 1160.379150390625
Epoch 24: loss = 1160.379150390625
Epoch 25: loss = 1160.378662109375
Epoch 26: loss = 1160.37890625
Epoch 27: loss = 1160.3787841796875
Epoch 28: loss = 1160.3780517578125
Epoch 29: loss = 1160.3782958984375
Epoch 30: loss = 1160.37841796875
Epoch 31: loss = 1160.3779296875
Epoch 32: loss = 1160.3782958984375
Epoch 33: loss = 1160.3780517578125
Early stopping at epoch 33 with loss 1160.3780517578125
Reconstruction for fluence = 33598.18286283781 photons/pixel
Epoch 0: loss = 195036048.0
Epoch 1: loss = 5751.56982421875
Epoch 2: loss = 3009.334228515625
Epoch 3: loss = 2755.90673828125
Epoch 4: loss = 2709.96533203125
Epoch 5: loss = 2698.541259765625
Epoch 6: loss = 2695.33740234375
Epoch 7: loss = 2694.015869140625
Epoch 8: loss = 2693.482421875
Epoch 9: loss = 2693.276123046875
Epoch 10: loss = 2693.171875
Epoch 11: loss = 2693.1533203125
Epoch 12: loss = 2693.124267578125
Epoch 13: loss = 2693.109375
Epoch 14: loss = 2693.107421875
Epoch 15: loss = 2693.107421875
Epoch 16: loss = 2693.10302734375
Epoch 17: loss = 2693.10107421875
Epoch 18: loss = 2693.099853515625
Epoch 19: loss = 2693.099365234375
Epoch 20: loss = 2693.09619140625
Epoch 21: loss = 2693.095458984375
Epoch 22: loss = 2693.0947265625
Epoch 23: loss = 2693.093017578125
Epoch 24: loss = 2693.094970703125
Epoch 25: loss = 2693.09423828125
Epoch 26: loss = 2693.09375
Epoch 27: loss = 2693.09375
Epoch 28: loss = 2693.093994140625
Early stopping at epoch 28 with loss 2693.093017578125
Reconstruction for fluence = 78475.99703514607 photons/pixel
Epoch 0: loss = 1063954304.0
Epoch 1: loss = 22765.611328125
Epoch 2: loss = 7919.8046875
Epoch 3: loss = 6552.46630859375
Epoch 4: loss = 6272.27490234375
Epoch 5: loss = 6206.15869140625
Epoch 6: loss = 6188.2236328125
Epoch 7: loss = 6180.75537109375
Epoch 8: loss = 6177.37744140625
Epoch 9: loss = 6175.86376953125
Epoch 10: loss = 6175.21728515625
Epoch 11: loss = 6174.95849609375
Epoch 12: loss = 6174.86474609375
Epoch 13: loss = 6174.79052734375
Epoch 14: loss = 6174.76611328125
Epoch 15: loss = 6174.75244140625
Epoch 16: loss = 6174.73974609375
Epoch 17: loss = 6174.74462890625
Epoch 18: loss = 6174.7421875
Epoch 19: loss = 6174.73876953125
Epoch 20: loss = 6174.7353515625
Epoch 21: loss = 6174.732421875
Epoch 22: loss = 6174.73974609375
Epoch 23: loss = 6174.7333984375
Epoch 24: loss = 6174.73486328125
Epoch 25: loss = 6174.736328125
Epoch 26: loss = 6174.732421875
Early stopping at epoch 26 with loss 6174.732421875
Reconstruction for fluence = 183298.07108324335 photons/pixel
Epoch 0: loss = 5804516864.0
Epoch 1: loss = 104809.109375
Epoch 2: loss = 24170.669921875
Epoch 3: loss = 16671.236328125
Epoch 4: loss = 15162.341796875
Epoch 5: loss = 14802.849609375
Epoch 6: loss = 14704.5185546875
Epoch 7: loss = 14662.6220703125
Epoch 8: loss = 14642.4443359375
Epoch 9: loss = 14634.841796875
Epoch 10: loss = 14631.2724609375
Epoch 11: loss = 14629.767578125
Epoch 12: loss = 14629.20703125
Epoch 13: loss = 14628.9892578125
Epoch 14: loss = 14628.7822265625
Epoch 15: loss = 14628.7275390625
Epoch 16: loss = 14628.7119140625
Epoch 17: loss = 14628.6845703125
Epoch 18: loss = 14628.669921875
Epoch 19: loss = 14628.654296875
Epoch 20: loss = 14628.6572265625
Epoch 21: loss = 14628.642578125
Epoch 22: loss = 14628.6435546875
Epoch 23: loss = 14628.63671875
Epoch 24: loss = 14628.6318359375
Epoch 25: loss = 14628.626953125
Epoch 26: loss = 14628.63671875
Epoch 27: loss = 14628.625
Epoch 28: loss = 14628.634765625
Epoch 29: loss = 14628.6171875
Epoch 30: loss = 14628.634765625
Epoch 31: loss = 14628.609375
Epoch 32: loss = 14628.6337890625
Epoch 33: loss = 14628.642578125
Epoch 34: loss = 14628.6220703125
Epoch 35: loss = 14628.6142578125
Epoch 36: loss = 14628.6337890625
Early stopping at epoch 36 with loss 14628.609375
Reconstruction for fluence = 428133.2398719387 photons/pixel
Epoch 0: loss = 31667337216.0
Epoch 1: loss = 525583.0
Epoch 2: loss = 83911.4765625
Epoch 3: loss = 44067.515625
Epoch 4: loss = 36594.00390625
Epoch 5: loss = 34654.8828125
Epoch 6: loss = 34126.29296875
Epoch 7: loss = 33918.6796875
Epoch 8: loss = 33822.79296875
Epoch 9: loss = 33783.93359375
Epoch 10: loss = 33765.36328125
Epoch 11: loss = 33757.625
Epoch 12: loss = 33754.55078125
Epoch 13: loss = 33752.79296875
Epoch 14: loss = 33752.0390625
Epoch 15: loss = 33751.578125
Epoch 16: loss = 33751.47265625
Epoch 17: loss = 33751.3359375
Epoch 18: loss = 33751.3359375
Epoch 19: loss = 33751.2734375
Epoch 20: loss = 33751.23046875
Epoch 21: loss = 33751.23828125
Epoch 22: loss = 33751.23828125
Epoch 23: loss = 33751.3046875
Epoch 24: loss = 33751.2421875
Epoch 25: loss = 33751.25
Early stopping at epoch 25 with loss 33751.23046875
Reconstruction for fluence = 1000000.0 photons/pixel
Epoch 0: loss = 172768804864.0
Epoch 1: loss = 2763712.0
Epoch 2: loss = 348306.9375
Epoch 3: loss = 134059.21875
Epoch 4: loss = 94569.4296875
Epoch 5: loss = 84838.7890625
Epoch 6: loss = 82551.015625
Epoch 7: loss = 81015.453125
Epoch 8: loss = 80541.609375
Epoch 9: loss = 80351.40625
Epoch 10: loss = 80256.2265625
Epoch 11: loss = 80219.0546875
Epoch 12: loss = 80201.90625
Epoch 13: loss = 80194.1796875
Epoch 14: loss = 80189.3515625
Epoch 15: loss = 80186.9609375
Epoch 16: loss = 80186.65625
Epoch 17: loss = 80185.671875
Epoch 18: loss = 80185.53125
Epoch 19: loss = 80185.453125
Epoch 20: loss = 80185.3046875
Epoch 21: loss = 80185.25
Epoch 22: loss = 80185.0234375
Epoch 23: loss = 80185.140625
Epoch 24: loss = 80184.78125
Epoch 25: loss = 80185.015625
Epoch 26: loss = 80184.890625
Epoch 27: loss = 80184.7890625
Epoch 28: loss = 80184.9765625
Epoch 29: loss = 80184.890625
Early stopping at epoch 29 with loss 80184.78125
Tensors initialization on device cuda
Multiprobe = band_lim
torch.Size([1, 64, 64])

('MSE', 'PoissonNLL') RECONSTRUCTIONS

Reconstruction for fluence = 0.09999999999999999 photons/pixel
Epoch 0: loss = 0.010507053695619106
Epoch 1: loss = 0.010506141930818558
Epoch 2: loss = 0.01050523016601801
Epoch 3: loss = 0.010504319332540035
Epoch 4: loss = 0.010503408499062061
Epoch 5: loss = 0.010502499528229237
Early stopping at epoch 5 with loss 0.010507053695619106
Epoch 0: loss = 0.039078664034605026
Epoch 1: loss = 0.028716500848531723
Epoch 2: loss = 0.0286598801612854
Epoch 3: loss = 0.028658023104071617
Epoch 4: loss = 0.028658023104071617
Epoch 5: loss = 0.028658023104071617
Epoch 6: loss = 0.028658023104071617
Early stopping at epoch 6 with loss 0.028716500848531723
Reconstruction for fluence = 0.23357214690901223 photons/pixel
Epoch 0: loss = 0.030701441690325737
Epoch 1: loss = 0.019562117755413055
Epoch 2: loss = 0.019560204818844795
Epoch 3: loss = 0.019560204818844795
Epoch 4: loss = 0.019560204818844795
Epoch 5: loss = 0.019560204818844795
Epoch 6: loss = 0.019560204818844795
Early stopping at epoch 6 with loss 0.019562117755413055
Epoch 0: loss = 0.05969405546784401
Epoch 1: loss = 0.05968780815601349
Epoch 2: loss = 0.059681590646505356
Epoch 3: loss = 0.059675395488739014
Epoch 4: loss = 0.05966922268271446
Epoch 5: loss = 0.059663075953722
Early stopping at epoch 5 with loss 0.05969405546784401
Reconstruction for fluence = 0.5455594781168519 photons/pixel
Epoch 0: loss = 0.10072578489780426
Epoch 1: loss = 0.04531382396817207
Epoch 2: loss = 0.04529447481036186
Epoch 3: loss = 0.04529447481036186
Epoch 4: loss = 0.04529447481036186
Epoch 5: loss = 0.04529447481036186
Epoch 6: loss = 0.04529447481036186
Early stopping at epoch 6 with loss 0.04531382396817207
Epoch 0: loss = 0.09332026541233063
Epoch 1: loss = 0.08209238201379776
Epoch 2: loss = 0.08206872642040253
Epoch 3: loss = 0.08206547796726227
Epoch 4: loss = 0.08206455409526825
Epoch 5: loss = 0.08206455409526825
Epoch 6: loss = 0.08206455409526825
Early stopping at epoch 6 with loss 0.08209238201379776
Reconstruction for fluence = 1.2742749857031335 photons/pixel
Epoch 0: loss = 0.3906661570072174
Epoch 1: loss = 0.10507701337337494
Epoch 2: loss = 0.10499097406864166
Epoch 3: loss = 0.10498956590890884
Epoch 4: loss = 0.10498956590890884
Epoch 5: loss = 0.10498956590890884
Epoch 6: loss = 0.10498956590890884
Early stopping at epoch 6 with loss 0.10507701337337494
Epoch 0: loss = 0.11119493097066879
Epoch 1: loss = 0.09502289444208145
Epoch 2: loss = 0.0949801579117775
Epoch 3: loss = 0.09497491270303726
Epoch 4: loss = 0.09497422724962234
Epoch 5: loss = 0.09497421234846115
Epoch 6: loss = 0.09497421234846115
Early stopping at epoch 6 with loss 0.09502289444208145
Reconstruction for fluence = 2.976351441631318 photons/pixel
Epoch 0: loss = 1.7880208492279053
Epoch 1: loss = 0.240547314286232
Epoch 2: loss = 0.24018114805221558
Epoch 3: loss = 0.24017184972763062
Epoch 4: loss = 0.2401716113090515
Epoch 5: loss = 0.24017153680324554
Epoch 6: loss = 0.24017150700092316
Epoch 7: loss = 0.24017150700092316
Early stopping at epoch 7 with loss 0.24018114805221558
Epoch 0: loss = 0.022820208221673965
Epoch 1: loss = 0.0004960566875524819
Epoch 2: loss = 0.00042292982107028365
Epoch 3: loss = 0.0004084658285137266
Epoch 4: loss = 0.0004047521506436169
Epoch 5: loss = 0.00040203623939305544
Epoch 6: loss = 0.0004013888828922063
Early stopping at epoch 6 with loss 0.0004960566875524819
Reconstruction for fluence = 6.9519279617756045 photons/pixel
Epoch 0: loss = 8.954307556152344
Epoch 1: loss = 0.559788703918457
Epoch 2: loss = 0.558420717716217
Epoch 3: loss = 0.5583595037460327
Epoch 4: loss = 0.5583555698394775
Epoch 5: loss = 0.5583551526069641
Epoch 6: loss = 0.5583551526069641
Epoch 7: loss = 0.5583551526069641
Early stopping at epoch 7 with loss 0.558420717716217
Epoch 0: loss = -0.49056169390678406
Epoch 1: loss = -0.5200265049934387
Epoch 2: loss = -0.5201766490936279
Epoch 3: loss = -0.5202119946479797
Epoch 4: loss = -0.5202188491821289
Epoch 5: loss = -0.5202193856239319
Epoch 6: loss = -0.5202195048332214
Epoch 7: loss = -0.5202195644378662
Early stopping at epoch 7 with loss -0.5201766490936279
Reconstruction for fluence = 16.23776739188721 photons/pixel
Epoch 0: loss = 46.822235107421875
Epoch 1: loss = 1.3353136777877808
Epoch 2: loss = 1.3306077718734741
Epoch 3: loss = 1.330318570137024
Epoch 4: loss = 1.3302924633026123
Epoch 5: loss = 1.3302901983261108
Epoch 6: loss = 1.3302894830703735
Epoch 7: loss = 1.3302890062332153
Epoch 8: loss = 1.3302887678146362
Early stopping at epoch 8 with loss 1.330318570137024
Epoch 0: loss = -2.4182558059692383
Epoch 1: loss = -2.455235004425049
Epoch 2: loss = -2.455439329147339
Epoch 3: loss = -2.4554603099823
Epoch 4: loss = -2.4554619789123535
Epoch 5: loss = -2.4554624557495117
Epoch 6: loss = -2.45546293258667
Epoch 7: loss = -2.45546293258667
Early stopping at epoch 7 with loss -2.455439329147339
Reconstruction for fluence = 37.926901907322495 photons/pixel
Epoch 0: loss = 251.24159240722656
Epoch 1: loss = 3.070582866668701
Epoch 2: loss = 3.052611827850342
Epoch 3: loss = 3.0512871742248535
Epoch 4: loss = 3.0511138439178467
Epoch 5: loss = 3.0510852336883545
Epoch 6: loss = 3.051083564758301
Epoch 7: loss = 3.051082134246826
Epoch 8: loss = 3.051082134246826
Epoch 9: loss = 3.051081418991089
Early stopping at epoch 9 with loss 3.0511138439178467
Epoch 0: loss = -8.572554588317871
Epoch 1: loss = -8.621489524841309
Epoch 2: loss = -8.621609687805176
Epoch 3: loss = -8.621611595153809
Epoch 4: loss = -8.621611595153809
Epoch 5: loss = -8.621612548828125
Epoch 6: loss = -8.621612548828125
Epoch 7: loss = -8.62161636352539
Early stopping at epoch 7 with loss -8.621609687805176
Reconstruction for fluence = 88.58667904100822 photons/pixel
Epoch 0: loss = 1358.841796875
Epoch 1: loss = 7.112067222595215
Epoch 2: loss = 7.051239013671875
Epoch 3: loss = 7.046060562133789
Epoch 4: loss = 7.045120716094971
Epoch 5: loss = 7.044914245605469
Epoch 6: loss = 7.044861793518066
Epoch 7: loss = 7.044849872589111
Epoch 8: loss = 7.04484748840332
Epoch 9: loss = 7.044846057891846
Epoch 10: loss = 7.044844627380371
Early stopping at epoch 10 with loss 7.044914245605469
Epoch 0: loss = -26.810218811035156
Epoch 1: loss = -26.869911193847656
Epoch 2: loss = -26.870004653930664
Epoch 3: loss = -26.870006561279297
Epoch 4: loss = -26.87000846862793
Epoch 5: loss = -26.87000846862793
Epoch 6: loss = -26.870012283325195
Epoch 7: loss = -26.870014190673828
Epoch 8: loss = -26.870014190673828
Epoch 9: loss = -26.870014190673828
Epoch 10: loss = -26.870018005371094
Epoch 11: loss = -26.870018005371094
Early stopping at epoch 11 with loss -26.870012283325195
Reconstruction for fluence = 206.9138081114788 photons/pixel
Epoch 0: loss = 7384.7412109375
Epoch 1: loss = 16.832382202148438
Epoch 2: loss = 16.597265243530273
Epoch 3: loss = 16.575532913208008
Epoch 4: loss = 16.57130241394043
Epoch 5: loss = 16.5701904296875
Epoch 6: loss = 16.569904327392578
Epoch 7: loss = 16.569849014282227
Epoch 8: loss = 16.569799423217773
Epoch 9: loss = 16.569793701171875
Epoch 10: loss = 16.569787979125977
Epoch 11: loss = 16.569780349731445
Epoch 12: loss = 16.56977653503418
Epoch 13: loss = 16.56977653503418
Early stopping at epoch 13 with loss 16.569799423217773
Epoch 0: loss = -78.5233154296875
Epoch 1: loss = -78.59496307373047
Epoch 2: loss = -78.594970703125
Epoch 3: loss = -78.59497833251953
Epoch 4: loss = -78.59497833251953
Epoch 5: loss = -78.59498596191406
Epoch 6: loss = -78.59498596191406
Early stopping at epoch 6 with loss -78.59496307373047
Reconstruction for fluence = 483.2930238571752 photons/pixel
Epoch 0: loss = 40249.078125
Epoch 1: loss = 40.03388977050781
Epoch 2: loss = 39.015037536621094
Epoch 3: loss = 38.9256477355957
Epoch 4: loss = 38.906410217285156
Epoch 5: loss = 38.90108871459961
Epoch 6: loss = 38.89967727661133
Epoch 7: loss = 38.89919662475586
Epoch 8: loss = 38.89900207519531
Epoch 9: loss = 38.89886474609375
Epoch 10: loss = 38.89881134033203
Epoch 11: loss = 38.89875793457031
Epoch 12: loss = 38.89873123168945
Epoch 13: loss = 38.898719787597656
Epoch 14: loss = 38.898704528808594
Epoch 0: loss = -220.3522186279297
Epoch 1: loss = -220.43374633789062
Epoch 2: loss = -220.4337615966797
Epoch 3: loss = -220.4337615966797
Epoch 4: loss = -220.43377685546875
Epoch 5: loss = -220.43377685546875
Epoch 6: loss = -220.43377685546875
Early stopping at epoch 6 with loss -220.43374633789062
Reconstruction for fluence = 1128.8378916846884 photons/pixel
Epoch 0: loss = 219489.375
Epoch 1: loss = 95.15108489990234
Epoch 2: loss = 90.16728210449219
Epoch 3: loss = 89.70881652832031
Epoch 4: loss = 89.61441802978516
Epoch 5: loss = 89.58895111083984
Epoch 6: loss = 89.58145904541016
Epoch 7: loss = 89.5787353515625
Epoch 8: loss = 89.57743835449219
Epoch 9: loss = 89.57695007324219
Epoch 10: loss = 89.57685089111328
Epoch 11: loss = 89.57669830322266
Epoch 12: loss = 89.57662200927734
Epoch 13: loss = 89.57659149169922
Epoch 14: loss = 89.5765609741211
Epoch 0: loss = -600.841796875
Epoch 1: loss = -600.927978515625
Epoch 2: loss = -600.927978515625
Epoch 3: loss = -600.927978515625
Epoch 4: loss = -600.927978515625
Epoch 5: loss = -600.927978515625
Epoch 6: loss = -600.927978515625
Early stopping at epoch 6 with loss -600.927978515625
Reconstruction for fluence = 2636.6508987303555 photons/pixel
Epoch 0: loss = 1197324.125
Epoch 1: loss = 240.75363159179688
Epoch 2: loss = 215.2371826171875
Epoch 3: loss = 212.9051971435547
Epoch 4: loss = 212.44158935546875
Epoch 5: loss = 212.3125
Epoch 6: loss = 212.27471923828125
Epoch 7: loss = 212.26112365722656
Epoch 8: loss = 212.25445556640625
Epoch 9: loss = 212.25115966796875
Epoch 10: loss = 212.24969482421875
Epoch 11: loss = 212.2496795654297
Epoch 12: loss = 212.24948120117188
Epoch 13: loss = 212.2494354248047
Epoch 14: loss = 212.24932861328125
Epoch 0: loss = -1604.774658203125
Epoch 1: loss = -1604.869384765625
Epoch 2: loss = -1604.8695068359375
Epoch 3: loss = -1604.8695068359375
Epoch 4: loss = -1604.8695068359375
Epoch 5: loss = -1604.8695068359375
Epoch 6: loss = -1604.8695068359375
Early stopping at epoch 6 with loss -1604.869384765625
Reconstruction for fluence = 6158.482110660255 photons/pixel
Epoch 0: loss = 6531543.5
Epoch 1: loss = 643.37841796875
Epoch 2: loss = 509.0118713378906
Epoch 3: loss = 496.6608581542969
Epoch 4: loss = 494.0976867675781
Epoch 5: loss = 493.4299011230469
Epoch 6: loss = 493.25396728515625
Epoch 7: loss = 493.17974853515625
Epoch 8: loss = 493.14569091796875
Epoch 9: loss = 493.1296691894531
Epoch 10: loss = 493.1226501464844
Epoch 11: loss = 493.1203918457031
Epoch 12: loss = 493.1198425292969
Epoch 13: loss = 493.1194763183594
Epoch 14: loss = 493.118896484375
Epoch 0: loss = -4218.3046875
Epoch 1: loss = -4218.40625
Epoch 2: loss = -4218.40625
Epoch 3: loss = -4218.40625
Epoch 4: loss = -4218.40625
Epoch 5: loss = -4218.40625
Epoch 6: loss = -4218.40625
Early stopping at epoch 6 with loss -4218.40625
Reconstruction for fluence = 14384.498882876629 photons/pixel
Epoch 0: loss = 35622812.0
Epoch 1: loss = 1943.892578125
Epoch 2: loss = 1225.9312744140625
Epoch 3: loss = 1160.537841796875
Epoch 4: loss = 1146.8602294921875
Epoch 5: loss = 1143.342529296875
Epoch 6: loss = 1142.29931640625
Epoch 7: loss = 1141.95703125
Epoch 8: loss = 1141.773681640625
Epoch 9: loss = 1141.697021484375
Epoch 10: loss = 1141.6629638671875
Epoch 11: loss = 1141.6514892578125
Epoch 12: loss = 1141.6456298828125
Epoch 13: loss = 1141.64501953125
Epoch 14: loss = 1141.6439208984375
Epoch 0: loss = -10951.3671875
Epoch 1: loss = -10951.4697265625
Epoch 2: loss = -10951.4697265625
Epoch 3: loss = -10951.4697265625
Epoch 4: loss = -10951.4697265625
Epoch 5: loss = -10951.4697265625
Epoch 6: loss = -10951.4697265625
Early stopping at epoch 6 with loss -10951.4697265625
Reconstruction for fluence = 33598.18286283781 photons/pixel
Epoch 0: loss = 194348400.0
Epoch 1: loss = 7038.2705078125
Epoch 2: loss = 3131.97705078125
Epoch 3: loss = 2762.6650390625
Epoch 4: loss = 2684.021484375
Epoch 5: loss = 2663.83837890625
Epoch 6: loss = 2658.447509765625
Epoch 7: loss = 2656.29296875
Epoch 8: loss = 2655.326171875
Epoch 9: loss = 2654.887451171875
Epoch 10: loss = 2654.675537109375
Epoch 11: loss = 2654.59521484375
Epoch 12: loss = 2654.57568359375
Epoch 13: loss = 2654.5380859375
Epoch 14: loss = 2654.5244140625
Epoch 0: loss = -28144.724609375
Epoch 1: loss = -28144.82421875
Epoch 2: loss = -28144.82421875
Epoch 3: loss = -28144.82421875
Epoch 4: loss = -28144.82421875
Epoch 5: loss = -28144.82421875
Epoch 6: loss = -28144.82421875
Early stopping at epoch 6 with loss -28144.82421875
Reconstruction for fluence = 78475.99703514607 photons/pixel
Epoch 0: loss = 1060194688.0
Epoch 1: loss = 30254.072265625
Epoch 2: loss = 8719.8193359375
Epoch 3: loss = 6794.1787109375
Epoch 4: loss = 6378.607421875
Epoch 5: loss = 6263.60107421875
Epoch 6: loss = 6232.96337890625
Epoch 7: loss = 6222.64697265625
Epoch 8: loss = 6217.68212890625
Epoch 9: loss = 6215.376953125
Epoch 10: loss = 6214.41552734375
Epoch 11: loss = 6214.01220703125
Epoch 12: loss = 6213.8193359375
Epoch 13: loss = 6213.6923828125
Epoch 14: loss = 6213.669921875
Epoch 0: loss = -71732.875
Epoch 1: loss = -71732.9765625
Epoch 2: loss = -71732.984375
Epoch 3: loss = -71732.984375
Epoch 4: loss = -71732.984375
Epoch 5: loss = -71732.984375
Epoch 6: loss = -71732.984375
Epoch 7: loss = -71732.984375
Early stopping at epoch 7 with loss -71732.984375
Reconstruction for fluence = 183298.07108324335 photons/pixel
Epoch 0: loss = 5783994368.0
Epoch 1: loss = 145207.953125
Epoch 2: loss = 28723.564453125
Epoch 3: loss = 17940.486328125
Epoch 4: loss = 15706.0771484375
Epoch 5: loss = 15105.0283203125
Epoch 6: loss = 14939.5732421875
Epoch 7: loss = 14888.607421875
Epoch 8: loss = 14862.4267578125
Epoch 9: loss = 14850.57421875
Epoch 10: loss = 14845.0107421875
Epoch 11: loss = 14842.59765625
Epoch 12: loss = 14841.5546875
Epoch 13: loss = 14840.87890625
Epoch 14: loss = 14840.5625
Epoch 0: loss = -181542.15625
Epoch 1: loss = -181542.28125
Epoch 2: loss = -181542.28125
Epoch 3: loss = -181542.28125
Epoch 4: loss = -181542.28125
Epoch 5: loss = -181542.28125
Epoch 6: loss = -181542.28125
Early stopping at epoch 6 with loss -181542.28125
Reconstruction for fluence = 428133.2398719387 photons/pixel
Epoch 0: loss = 31556974592.0
Epoch 1: loss = 745622.3125
Epoch 2: loss = 111710.546875
Epoch 3: loss = 51346.40234375
Epoch 4: loss = 39070.625
Epoch 5: loss = 35818.86328125
Epoch 6: loss = 34971.11328125
Epoch 7: loss = 34658.7578125
Epoch 8: loss = 34502.41015625
Epoch 9: loss = 34433.91015625
Epoch 10: loss = 34401.58984375
Epoch 11: loss = 34389.578125
Epoch 12: loss = 34384.0859375
Epoch 13: loss = 34380.51171875
Epoch 14: loss = 34378.8046875
Epoch 0: loss = -456708.21875
Epoch 1: loss = -456708.34375
Epoch 2: loss = -456708.34375
Epoch 3: loss = -456708.34375
Epoch 4: loss = -456708.375
Epoch 5: loss = -456708.375
Epoch 6: loss = -456708.375
Epoch 7: loss = -456708.34375
Epoch 8: loss = -456708.34375
Epoch 9: loss = -456708.34375
Early stopping at epoch 9 with loss -456708.375
Reconstruction for fluence = 1000000.0 photons/pixel
Epoch 0: loss = 172158976000.0
Epoch 1: loss = 3957732.75
Epoch 2: loss = 500389.21875
Epoch 3: loss = 171145.46875
Epoch 4: loss = 105448.3984375
Epoch 5: loss = 88024.8203125
Epoch 6: loss = 82398.71875
Epoch 7: loss = 80590.1953125
Epoch 8: loss = 79747.0703125
Epoch 9: loss = 79380.78125
Epoch 10: loss = 79221.125
Epoch 11: loss = 79167.6328125
Epoch 12: loss = 79126.6328125
Epoch 13: loss = 79108.609375
Epoch 14: loss = 79099.109375
Epoch 0: loss = -1143103.625
Epoch 1: loss = -1143103.625
Epoch 2: loss = -1143103.625
Epoch 3: loss = -1143103.875
Epoch 4: loss = -1143103.875
Epoch 5: loss = -1143103.875
Epoch 6: loss = -1143103.625
Epoch 7: loss = -1143103.875
Epoch 8: loss = -1143103.875
Early stopping at epoch 8 with loss -1143103.875
Simulation for steps_size=7 and n_fluences=20 completed!
