Running simulation for steps_size=18 and n_fluences=20
Steps size: 18
Tensors initialization on device cuda
Multiprobe = None

('MSE', None) RECONSTRUCTIONS

Reconstruction for fluence = 0.09999999999999999 photons/pixel
Epoch 0: loss = 0.08568619191646576
Epoch 1: loss = 0.040599189698696136
Epoch 2: loss = 0.0401715524494648
Epoch 3: loss = 0.039964694529771805
Epoch 4: loss = 0.039782628417015076
Epoch 5: loss = 0.03970252722501755
Epoch 6: loss = 0.03968416154384613
Epoch 7: loss = 0.039678800851106644
Epoch 8: loss = 0.03965089097619057
Epoch 9: loss = 0.03964594751596451
Epoch 10: loss = 0.03964579105377197
Epoch 11: loss = 0.03964579105377197
Epoch 12: loss = 0.03964579105377197
Early stopping at epoch 12 with loss 0.039678800851106644
Reconstruction for fluence = 0.23357214690901223 photons/pixel
Epoch 0: loss = 0.2955230474472046
Epoch 1: loss = 0.09379374980926514
Epoch 2: loss = 0.09294581413269043
Epoch 3: loss = 0.09277598559856415
Epoch 4: loss = 0.0926942378282547
Epoch 5: loss = 0.09268808364868164
Epoch 6: loss = 0.09268754720687866
Epoch 7: loss = 0.09268628060817719
Epoch 8: loss = 0.0926850438117981
Early stopping at epoch 8 with loss 0.09277598559856415
Reconstruction for fluence = 0.5455594781168519 photons/pixel
Epoch 0: loss = 1.2041289806365967
Epoch 1: loss = 0.21967825293540955
Epoch 2: loss = 0.21795275807380676
Epoch 3: loss = 0.2178209275007248
Epoch 4: loss = 0.21780958771705627
Epoch 5: loss = 0.2178090214729309
Epoch 6: loss = 0.21780896186828613
Epoch 7: loss = 0.21780894696712494
Epoch 8: loss = 0.21780894696712494
Early stopping at epoch 8 with loss 0.2178209275007248
Reconstruction for fluence = 1.2742749857031335 photons/pixel
Epoch 0: loss = 5.61998176574707
Epoch 1: loss = 0.5052590370178223
Epoch 2: loss = 0.49781522154808044
Epoch 3: loss = 0.4974256753921509
Epoch 4: loss = 0.4973965883255005
Epoch 5: loss = 0.49739450216293335
Epoch 6: loss = 0.49739450216293335
Epoch 7: loss = 0.4973944425582886
Epoch 8: loss = 0.4973943531513214
Early stopping at epoch 8 with loss 0.4974256753921509
Reconstruction for fluence = 2.976351441631318 photons/pixel
Epoch 0: loss = 28.467559814453125
Epoch 1: loss = 1.1677716970443726
Epoch 2: loss = 1.1350657939910889
Epoch 3: loss = 1.1329326629638672
Epoch 4: loss = 1.1327732801437378
Epoch 5: loss = 1.132758617401123
Epoch 6: loss = 1.132758617401123
Epoch 7: loss = 1.1327576637268066
Epoch 8: loss = 1.1327574253082275
Epoch 9: loss = 1.132757306098938
Early stopping at epoch 9 with loss 1.1327732801437378
Reconstruction for fluence = 6.9519279617756045 photons/pixel
Epoch 0: loss = 149.7928466796875
Epoch 1: loss = 2.695348024368286
Epoch 2: loss = 2.5567612648010254
Epoch 3: loss = 2.5447580814361572
Epoch 4: loss = 2.542184352874756
Epoch 5: loss = 2.541658878326416
Epoch 6: loss = 2.541630744934082
Epoch 7: loss = 2.541630744934082
Epoch 8: loss = 2.5416297912597656
Epoch 9: loss = 2.541628360748291
Epoch 10: loss = 2.5416266918182373
Early stopping at epoch 10 with loss 2.541658878326416
Reconstruction for fluence = 16.23776739188721 photons/pixel
Epoch 0: loss = 802.4058837890625
Epoch 1: loss = 6.483247756958008
Epoch 2: loss = 5.808288097381592
Epoch 3: loss = 5.730257034301758
Epoch 4: loss = 5.7221550941467285
Epoch 5: loss = 5.720922470092773
Epoch 6: loss = 5.720758438110352
Epoch 7: loss = 5.720713138580322
Epoch 8: loss = 5.720704078674316
Epoch 9: loss = 5.720701217651367
Epoch 10: loss = 5.720700263977051
Epoch 11: loss = 5.720699310302734
Early stopping at epoch 11 with loss 5.720758438110352
Reconstruction for fluence = 37.926901907322495 photons/pixel
Epoch 0: loss = 4354.46044921875
Epoch 1: loss = 16.049972534179688
Epoch 2: loss = 13.267266273498535
Epoch 3: loss = 12.999052047729492
Epoch 4: loss = 12.9678316116333
Epoch 5: loss = 12.9613037109375
Epoch 6: loss = 12.9599609375
Epoch 7: loss = 12.959545135498047
Epoch 8: loss = 12.95938777923584
Epoch 9: loss = 12.959324836730957
Epoch 10: loss = 12.959300994873047
Epoch 11: loss = 12.959288597106934
Epoch 12: loss = 12.959285736083984
Epoch 13: loss = 12.959283828735352
Epoch 14: loss = 12.959278106689453
Epoch 15: loss = 12.959278106689453
Epoch 16: loss = 12.959278106689453
Epoch 17: loss = 12.959274291992188
Early stopping at epoch 17 with loss 12.959285736083984
Reconstruction for fluence = 88.58667904100822 photons/pixel
Epoch 0: loss = 23704.0078125
Epoch 1: loss = 46.762969970703125
Epoch 2: loss = 31.99875831604004
Epoch 3: loss = 30.484792709350586
Epoch 4: loss = 30.282323837280273
Epoch 5: loss = 30.240896224975586
Epoch 6: loss = 30.22989273071289
Epoch 7: loss = 30.225536346435547
Epoch 8: loss = 30.223779678344727
Epoch 9: loss = 30.223133087158203
Epoch 10: loss = 30.222875595092773
Epoch 11: loss = 30.222806930541992
Epoch 12: loss = 30.222782135009766
Epoch 13: loss = 30.22277069091797
Epoch 14: loss = 30.222732543945312
Epoch 15: loss = 30.222721099853516
Epoch 16: loss = 30.222715377807617
Epoch 17: loss = 30.222713470458984
Epoch 18: loss = 30.222713470458984
Early stopping at epoch 18 with loss 30.22277069091797
Reconstruction for fluence = 206.9138081114788 photons/pixel
Epoch 0: loss = 129012.6640625
Epoch 1: loss = 153.77847290039062
Epoch 2: loss = 78.70260620117188
Epoch 3: loss = 72.3579330444336
Epoch 4: loss = 71.53612518310547
Epoch 5: loss = 71.33966064453125
Epoch 6: loss = 71.28528594970703
Epoch 7: loss = 71.26560974121094
Epoch 8: loss = 71.25505828857422
Epoch 9: loss = 71.24974060058594
Epoch 10: loss = 71.24714660644531
Epoch 11: loss = 71.24588012695312
Epoch 12: loss = 71.24560546875
Epoch 13: loss = 71.24502563476562
Epoch 14: loss = 71.24496459960938
Epoch 15: loss = 71.24496459960938
Epoch 16: loss = 71.24473571777344
Epoch 17: loss = 71.24458312988281
Epoch 18: loss = 71.24455261230469
Epoch 19: loss = 71.24449157714844
Epoch 20: loss = 71.24447631835938
Epoch 21: loss = 71.24443817138672
Epoch 22: loss = 71.244384765625
Epoch 23: loss = 71.24432373046875
Epoch 24: loss = 71.24432373046875
Epoch 25: loss = 71.24423217773438
Epoch 26: loss = 71.24421691894531
Epoch 27: loss = 71.24420166015625
Epoch 28: loss = 71.244140625
Epoch 29: loss = 71.244140625
Epoch 30: loss = 71.244140625
Epoch 31: loss = 71.24411010742188
Epoch 32: loss = 71.24409484863281
Epoch 33: loss = 71.24409484863281
Epoch 34: loss = 71.24409484863281
Epoch 35: loss = 71.24409484863281
Epoch 36: loss = 71.24408721923828
Early stopping at epoch 36 with loss 71.24411010742188
Reconstruction for fluence = 483.2930238571752 photons/pixel
Epoch 0: loss = 703118.6875
Epoch 1: loss = 589.9282836914062
Epoch 2: loss = 210.0859375
Epoch 3: loss = 171.32369995117188
Epoch 4: loss = 166.33006286621094
Epoch 5: loss = 165.13011169433594
Epoch 6: loss = 164.82376098632812
Epoch 7: loss = 164.68165588378906
Epoch 8: loss = 164.60400390625
Epoch 9: loss = 164.56561279296875
Epoch 10: loss = 164.54673767089844
Epoch 11: loss = 164.53785705566406
Epoch 12: loss = 164.53594970703125
Epoch 13: loss = 164.531982421875
Epoch 14: loss = 164.5311737060547
Epoch 15: loss = 164.5299072265625
Epoch 16: loss = 164.52923583984375
Epoch 17: loss = 164.52810668945312
Epoch 18: loss = 164.52789306640625
Epoch 19: loss = 164.52774047851562
Epoch 20: loss = 164.52769470214844
Epoch 21: loss = 164.5274658203125
Epoch 22: loss = 164.52740478515625
Epoch 23: loss = 164.52740478515625
Epoch 24: loss = 164.52740478515625
Epoch 25: loss = 164.52731323242188
Epoch 26: loss = 164.5271759033203
Epoch 27: loss = 164.52716064453125
Epoch 28: loss = 164.52708435058594
Epoch 29: loss = 164.52706909179688
Epoch 30: loss = 164.5268096923828
Epoch 31: loss = 164.52679443359375
Epoch 32: loss = 164.5267333984375
Epoch 33: loss = 164.5267333984375
Epoch 34: loss = 164.5267333984375
Epoch 35: loss = 164.5267333984375
Early stopping at epoch 35 with loss 164.5268096923828
Reconstruction for fluence = 1128.8378916846884 photons/pixel
Epoch 0: loss = 3837043.0
Epoch 1: loss = 2645.826171875
Epoch 2: loss = 633.083251953125
Epoch 3: loss = 425.19580078125
Epoch 4: loss = 395.935546875
Epoch 5: loss = 388.86083984375
Epoch 6: loss = 386.83740234375
Epoch 7: loss = 385.9486389160156
Epoch 8: loss = 385.4932861328125
Epoch 9: loss = 385.26519775390625
Epoch 10: loss = 385.14666748046875
Epoch 11: loss = 385.0810546875
Epoch 12: loss = 385.04583740234375
Epoch 13: loss = 385.0230712890625
Epoch 14: loss = 385.00830078125
Epoch 15: loss = 384.9970703125
Epoch 16: loss = 384.98931884765625
Epoch 17: loss = 384.9874267578125
Epoch 18: loss = 384.98681640625
Epoch 19: loss = 384.9827880859375
Epoch 20: loss = 384.9817199707031
Epoch 21: loss = 384.97955322265625
Epoch 22: loss = 384.97760009765625
Epoch 23: loss = 384.9755859375
Epoch 24: loss = 384.9742126464844
Epoch 25: loss = 384.9742431640625
Epoch 26: loss = 384.9740295410156
Epoch 27: loss = 384.9736022949219
Epoch 28: loss = 384.9730224609375
Epoch 29: loss = 384.9728088378906
Epoch 30: loss = 384.97265625
Epoch 31: loss = 384.97265625
Epoch 32: loss = 384.9722900390625
Epoch 33: loss = 384.97198486328125
Epoch 34: loss = 384.97174072265625
Epoch 35: loss = 384.97119140625
Epoch 36: loss = 384.97076416015625
Epoch 37: loss = 384.9706726074219
Epoch 38: loss = 384.9703369140625
Epoch 39: loss = 384.97027587890625
Epoch 40: loss = 384.9703063964844
Epoch 41: loss = 384.9701843261719
Epoch 42: loss = 384.9700927734375
Epoch 43: loss = 384.969970703125
Epoch 44: loss = 384.97003173828125
Epoch 45: loss = 384.9700012207031
Epoch 46: loss = 384.96990966796875
Epoch 47: loss = 384.9696044921875
Epoch 48: loss = 384.9697265625
Epoch 49: loss = 384.9689025878906
Epoch 50: loss = 384.96759033203125
Epoch 51: loss = 384.96624755859375
Epoch 52: loss = 384.9653015136719
Epoch 53: loss = 384.9649353027344
Epoch 54: loss = 384.96502685546875
Epoch 55: loss = 384.9647216796875
Epoch 56: loss = 384.96435546875
Epoch 57: loss = 384.96441650390625
Epoch 58: loss = 384.9642333984375
Epoch 59: loss = 384.96417236328125
Epoch 60: loss = 384.964111328125
Epoch 61: loss = 384.9639587402344
Epoch 62: loss = 384.96392822265625
Epoch 63: loss = 384.9640808105469
Epoch 64: loss = 384.9640197753906
Epoch 65: loss = 384.96392822265625
Epoch 66: loss = 384.9638671875
Early stopping at epoch 66 with loss 384.9639587402344
Reconstruction for fluence = 2636.6508987303555 photons/pixel
Epoch 0: loss = 20936936.0
Epoch 1: loss = 13218.029296875
Epoch 2: loss = 2186.122314453125
Epoch 3: loss = 1057.299560546875
Epoch 4: loss = 927.1182861328125
Epoch 5: loss = 894.680908203125
Epoch 6: loss = 884.8472900390625
Epoch 7: loss = 880.2809448242188
Epoch 8: loss = 877.8046264648438
Epoch 9: loss = 876.5546875
Epoch 10: loss = 875.8724975585938
Epoch 11: loss = 875.52197265625
Epoch 12: loss = 875.350341796875
Epoch 13: loss = 875.2357788085938
Epoch 14: loss = 875.1510009765625
Epoch 15: loss = 875.0985717773438
Epoch 16: loss = 875.0647583007812
Epoch 17: loss = 875.0468139648438
Epoch 18: loss = 875.0316162109375
Epoch 19: loss = 875.026123046875
Epoch 20: loss = 875.026123046875
Epoch 21: loss = 875.0172119140625
Epoch 22: loss = 875.013916015625
Epoch 23: loss = 875.0086669921875
Epoch 24: loss = 875.0064697265625
Epoch 25: loss = 875.00390625
Epoch 26: loss = 875.0016479492188
Epoch 27: loss = 875.0006103515625
Epoch 28: loss = 875.0
Epoch 29: loss = 874.9998168945312
Epoch 30: loss = 874.999267578125
Epoch 31: loss = 874.999267578125
Epoch 32: loss = 874.998779296875
Epoch 33: loss = 874.9979858398438
Epoch 34: loss = 874.9974365234375
Epoch 35: loss = 874.9971923828125
Epoch 36: loss = 874.9971923828125
Epoch 37: loss = 874.996337890625
Epoch 38: loss = 874.9965209960938
Epoch 39: loss = 874.9964599609375
Epoch 40: loss = 874.9957275390625
Epoch 41: loss = 874.9962158203125
Epoch 42: loss = 874.9956665039062
Epoch 43: loss = 874.9949951171875
Epoch 44: loss = 874.9952392578125
Epoch 45: loss = 874.9949951171875
Epoch 46: loss = 874.9949951171875
Epoch 47: loss = 874.9943237304688
Epoch 48: loss = 874.9940185546875
Epoch 49: loss = 874.994140625
Epoch 50: loss = 874.994140625
Epoch 51: loss = 874.9937133789062
Epoch 52: loss = 874.9937133789062
Epoch 53: loss = 874.993896484375
Epoch 54: loss = 874.993408203125
Epoch 55: loss = 874.993408203125
Epoch 56: loss = 874.99365234375
Epoch 57: loss = 874.9935302734375
Epoch 58: loss = 874.99365234375
Epoch 59: loss = 874.9931640625
Epoch 60: loss = 874.9931640625
Epoch 61: loss = 874.9931640625
Epoch 62: loss = 874.993408203125
Epoch 63: loss = 874.9937744140625
Epoch 64: loss = 874.9937744140625
Early stopping at epoch 64 with loss 874.9931640625
Reconstruction for fluence = 6158.482110660255 photons/pixel
Epoch 0: loss = 114172976.0
Epoch 1: loss = 68870.609375
Epoch 2: loss = 8857.599609375
Epoch 3: loss = 2958.122802734375
Epoch 4: loss = 2256.7021484375
Epoch 5: loss = 2098.1005859375
Epoch 6: loss = 2046.427001953125
Epoch 7: loss = 2025.154541015625
Epoch 8: loss = 2014.29345703125
Epoch 9: loss = 2008.0628662109375
Epoch 10: loss = 2004.4647216796875
Epoch 11: loss = 2002.613037109375
Epoch 12: loss = 2001.601806640625
Epoch 13: loss = 2000.79833984375
Epoch 14: loss = 2000.30615234375
Epoch 15: loss = 1999.9996337890625
Epoch 16: loss = 1999.791259765625
Epoch 17: loss = 1999.677001953125
Epoch 18: loss = 1999.5926513671875
Epoch 19: loss = 1999.536376953125
Epoch 20: loss = 1999.494140625
Epoch 21: loss = 1999.46435546875
Epoch 22: loss = 1999.4420166015625
Epoch 23: loss = 1999.43896484375
Epoch 24: loss = 1999.4378662109375
Epoch 25: loss = 1999.4344482421875
Epoch 26: loss = 1999.429443359375
Epoch 27: loss = 1999.424072265625
Epoch 28: loss = 1999.418701171875
Epoch 29: loss = 1999.4124755859375
Epoch 30: loss = 1999.4078369140625
Epoch 31: loss = 1999.41064453125
Epoch 32: loss = 1999.4102783203125
Epoch 33: loss = 1999.406982421875
Epoch 34: loss = 1999.40576171875
Epoch 35: loss = 1999.404541015625
Epoch 36: loss = 1999.4052734375
Epoch 37: loss = 1999.4033203125
Epoch 38: loss = 1999.4013671875
Epoch 39: loss = 1999.4024658203125
Epoch 40: loss = 1999.4024658203125
Epoch 41: loss = 1999.4013671875
Epoch 42: loss = 1999.4002685546875
Epoch 43: loss = 1999.4041748046875
Epoch 44: loss = 1999.40087890625
Epoch 45: loss = 1999.399658203125
Epoch 46: loss = 1999.4000244140625
Epoch 47: loss = 1999.3990478515625
Epoch 48: loss = 1999.399658203125
Epoch 49: loss = 1999.3994140625
Epoch 50: loss = 1999.39990234375
Epoch 51: loss = 1999.399169921875
Epoch 52: loss = 1999.3984375
Epoch 53: loss = 1999.400634765625
Epoch 54: loss = 1999.3984375
Epoch 55: loss = 1999.4007568359375
Epoch 56: loss = 1999.3994140625
Epoch 57: loss = 1999.400146484375
Early stopping at epoch 57 with loss 1999.3984375
Reconstruction for fluence = 14384.498882876629 photons/pixel
Epoch 0: loss = 623044032.0
Epoch 1: loss = 373099.6875
Epoch 2: loss = 43421.8984375
Epoch 3: loss = 10314.046875
Epoch 4: loss = 6440.68798828125
Epoch 5: loss = 5525.78955078125
Epoch 6: loss = 5212.83203125
Epoch 7: loss = 5081.8046875
Epoch 8: loss = 5009.685546875
Epoch 9: loss = 4972.26513671875
Epoch 10: loss = 4948.75634765625
Epoch 11: loss = 4936.41064453125
Epoch 12: loss = 4929.654296875
Epoch 13: loss = 4925.51953125
Epoch 14: loss = 4922.8603515625
Epoch 15: loss = 4921.263671875
Epoch 16: loss = 4920.34423828125
Epoch 17: loss = 4919.6826171875
Epoch 18: loss = 4919.2587890625
Epoch 19: loss = 4918.986328125
Epoch 20: loss = 4918.79833984375
Epoch 21: loss = 4918.65283203125
Epoch 22: loss = 4918.5849609375
Epoch 23: loss = 4918.533203125
Epoch 24: loss = 4918.47802734375
Epoch 25: loss = 4918.44775390625
Epoch 26: loss = 4918.43359375
Epoch 27: loss = 4918.41162109375
Epoch 28: loss = 4918.41552734375
Epoch 29: loss = 4918.396484375
Epoch 30: loss = 4918.40625
Epoch 31: loss = 4918.3984375
Epoch 32: loss = 4918.3916015625
Epoch 33: loss = 4918.3935546875
Epoch 34: loss = 4918.39453125
Epoch 35: loss = 4918.3896484375
Epoch 36: loss = 4918.39208984375
Epoch 37: loss = 4918.384765625
Epoch 38: loss = 4918.388671875
Epoch 39: loss = 4918.3857421875
Epoch 40: loss = 4918.38818359375
Epoch 41: loss = 4918.38037109375
Epoch 42: loss = 4918.388671875
Epoch 43: loss = 4918.3779296875
Epoch 44: loss = 4918.39599609375
Epoch 45: loss = 4918.38330078125
Epoch 46: loss = 4918.38671875
Epoch 47: loss = 4918.3828125
Epoch 48: loss = 4918.3837890625
Early stopping at epoch 48 with loss 4918.3779296875
Reconstruction for fluence = 33598.18286283781 photons/pixel
Epoch 0: loss = 3398852096.0
Epoch 1: loss = 2009696.25
Epoch 2: loss = 208909.984375
Epoch 3: loss = 38877.203125
Epoch 4: loss = 19161.9140625
Epoch 5: loss = 14316.853515625
Epoch 6: loss = 12822.064453125
Epoch 7: loss = 12197.654296875
Epoch 8: loss = 11851.349609375
Epoch 9: loss = 11652.3251953125
Epoch 10: loss = 11528.74609375
Epoch 11: loss = 11463.701171875
Epoch 12: loss = 11430.4248046875
Epoch 13: loss = 11409.2880859375
Epoch 14: loss = 11396.9375
Epoch 15: loss = 11388.732421875
Epoch 16: loss = 11383.5927734375
Epoch 17: loss = 11380.251953125
Epoch 18: loss = 11378.3251953125
Epoch 19: loss = 11376.74609375
Epoch 20: loss = 11375.748046875
Epoch 21: loss = 11375.0458984375
Epoch 22: loss = 11374.55859375
Epoch 23: loss = 11374.2568359375
Epoch 24: loss = 11374.017578125
Epoch 25: loss = 11373.8447265625
Epoch 26: loss = 11373.70703125
Epoch 27: loss = 11373.6328125
Epoch 28: loss = 11373.56640625
Epoch 29: loss = 11373.548828125
Epoch 30: loss = 11373.5
Epoch 31: loss = 11373.484375
Epoch 32: loss = 11373.470703125
Epoch 33: loss = 11373.4189453125
Epoch 34: loss = 11373.451171875
Epoch 35: loss = 11373.4189453125
Epoch 36: loss = 11373.416015625
Epoch 37: loss = 11373.419921875
Epoch 38: loss = 11373.4248046875
Epoch 39: loss = 11373.4208984375
Epoch 40: loss = 11373.404296875
Epoch 41: loss = 11373.412109375
Epoch 42: loss = 11373.4052734375
Epoch 43: loss = 11373.42578125
Epoch 44: loss = 11373.427734375
Epoch 45: loss = 11373.39453125
Epoch 46: loss = 11373.451171875
Epoch 47: loss = 11373.39453125
Epoch 48: loss = 11373.4072265625
Epoch 49: loss = 11373.40234375
Epoch 50: loss = 11373.4345703125
Early stopping at epoch 50 with loss 11373.39453125
Reconstruction for fluence = 78475.99703514607 photons/pixel
Epoch 0: loss = 18541633536.0
Epoch 1: loss = 10914208.0
Epoch 2: loss = 1107204.5
Epoch 3: loss = 187532.53125
Epoch 4: loss = 71330.296875
Epoch 5: loss = 42304.0078125
Epoch 6: loss = 33689.8203125
Epoch 7: loss = 30079.8515625
Epoch 8: loss = 28106.20703125
Epoch 9: loss = 27049.35546875
Epoch 10: loss = 26399.66796875
Epoch 11: loss = 26086.203125
Epoch 12: loss = 25913.017578125
Epoch 13: loss = 25806.787109375
Epoch 14: loss = 25744.6015625
Epoch 15: loss = 25705.734375
Epoch 16: loss = 25679.97265625
Epoch 17: loss = 25664.0
Epoch 18: loss = 25653.1796875
Epoch 19: loss = 25645.71875
Epoch 20: loss = 25640.71484375
Epoch 21: loss = 25637.36328125
Epoch 22: loss = 25635.30859375
Epoch 23: loss = 25633.60546875
Epoch 24: loss = 25632.5859375
Epoch 25: loss = 25631.744140625
Epoch 26: loss = 25631.6171875
Epoch 27: loss = 25631.271484375
Epoch 28: loss = 25630.861328125
Epoch 29: loss = 25630.59375
Epoch 30: loss = 25630.62890625
Epoch 31: loss = 25630.470703125
Epoch 32: loss = 25630.462890625
Epoch 33: loss = 25630.3828125
Epoch 34: loss = 25630.3359375
Epoch 35: loss = 25630.27734375
Epoch 36: loss = 25630.267578125
Epoch 37: loss = 25630.3203125
Epoch 38: loss = 25630.296875
Epoch 39: loss = 25630.26953125
Epoch 40: loss = 25630.203125
Epoch 41: loss = 25630.15625
Epoch 42: loss = 25630.236328125
Epoch 43: loss = 25630.171875
Epoch 44: loss = 25630.234375
Epoch 45: loss = 25630.169921875
Epoch 46: loss = 25630.26953125
Early stopping at epoch 46 with loss 25630.15625
Reconstruction for fluence = 183298.07108324335 photons/pixel
Epoch 0: loss = 101155659776.0
Epoch 1: loss = 59401744.0
Epoch 2: loss = 6185105.0
Epoch 3: loss = 960934.125
Epoch 4: loss = 313077.3125
Epoch 5: loss = 154528.875
Epoch 6: loss = 107241.921875
Epoch 7: loss = 85725.4296875
Epoch 8: loss = 74775.7578125
Epoch 9: loss = 69147.8046875
Epoch 10: loss = 65386.78125
Epoch 11: loss = 63533.78125
Epoch 12: loss = 62475.03125
Epoch 13: loss = 61834.1953125
Epoch 14: loss = 61438.265625
Epoch 15: loss = 61205.7265625
Epoch 16: loss = 61063.9140625
Epoch 17: loss = 60972.45703125
Epoch 18: loss = 60913.9609375
Epoch 19: loss = 60866.40625
Epoch 20: loss = 60837.26953125
Epoch 21: loss = 60814.78515625
Epoch 22: loss = 60801.21484375
Epoch 23: loss = 60792.36328125
Epoch 24: loss = 60785.46875
Epoch 25: loss = 60781.3515625
Epoch 26: loss = 60778.3125
Epoch 27: loss = 60776.484375
Epoch 28: loss = 60775.484375
Epoch 29: loss = 60775.0078125
Epoch 30: loss = 60774.359375
Epoch 31: loss = 60773.8046875
Epoch 32: loss = 60773.59375
Epoch 33: loss = 60772.9140625
Epoch 34: loss = 60772.94921875
Epoch 35: loss = 60773.06640625
Epoch 36: loss = 60772.96875
Epoch 37: loss = 60773.31640625
Epoch 38: loss = 60772.8125
Epoch 39: loss = 60772.78125
Epoch 40: loss = 60772.88671875
Epoch 41: loss = 60772.734375
Epoch 42: loss = 60772.484375
Epoch 43: loss = 60772.8984375
Epoch 44: loss = 60772.578125
Epoch 45: loss = 60772.76171875
Epoch 46: loss = 60772.7265625
Epoch 47: loss = 60772.5078125
Early stopping at epoch 47 with loss 60772.484375
Reconstruction for fluence = 428133.2398719387 photons/pixel
Epoch 0: loss = 551865024512.0
Epoch 1: loss = 323714752.0
Epoch 2: loss = 33166432.0
Epoch 3: loss = 4540492.0
Epoch 4: loss = 1368397.5
Epoch 5: loss = 603305.25
Epoch 6: loss = 372529.625
Epoch 7: loss = 271343.625
Epoch 8: loss = 213106.03125
Epoch 9: loss = 183078.921875
Epoch 10: loss = 163897.78125
Epoch 11: loss = 154257.28125
Epoch 12: loss = 149493.28125
Epoch 13: loss = 146283.6875
Epoch 14: loss = 144344.53125
Epoch 15: loss = 143191.40625
Epoch 16: loss = 142524.34375
Epoch 17: loss = 141965.359375
Epoch 18: loss = 141656.578125
Epoch 19: loss = 141433.21875
Epoch 20: loss = 141287.09375
Epoch 21: loss = 141189.921875
Epoch 22: loss = 141126.859375
Epoch 23: loss = 141085.5625
Epoch 24: loss = 141050.6875
Epoch 25: loss = 141028.328125
Epoch 26: loss = 141015.078125
Epoch 27: loss = 141005.25
Epoch 28: loss = 140999.53125
Epoch 29: loss = 140994.6875
Epoch 30: loss = 140990.46875
Epoch 31: loss = 140988.8125
Epoch 32: loss = 140987.046875
Epoch 33: loss = 140985.921875
Epoch 34: loss = 140985.171875
Epoch 35: loss = 140984.234375
Epoch 36: loss = 140984.40625
Epoch 37: loss = 140983.890625
Epoch 38: loss = 140983.40625
Epoch 39: loss = 140982.84375
Epoch 40: loss = 140982.78125
Epoch 41: loss = 140983.390625
Epoch 42: loss = 140984.28125
Epoch 43: loss = 140983.59375
Epoch 44: loss = 140982.96875
Epoch 45: loss = 140982.21875
Epoch 46: loss = 140981.875
Epoch 47: loss = 140981.328125
Epoch 48: loss = 140982.28125
Epoch 49: loss = 140983.40625
Epoch 50: loss = 140983.40625
Epoch 51: loss = 140983.765625
Epoch 52: loss = 140983.4375
Early stopping at epoch 52 with loss 140981.328125
Reconstruction for fluence = 1000000.0 photons/pixel
Epoch 0: loss = 3010761064448.0
Epoch 1: loss = 1765250048.0
Epoch 2: loss = 182397264.0
Epoch 3: loss = 26349850.0
Epoch 4: loss = 7635699.0
Epoch 5: loss = 3023312.0
Epoch 6: loss = 1699212.25
Epoch 7: loss = 1090809.5
Epoch 8: loss = 738143.9375
Epoch 9: loss = 564843.875
Epoch 10: loss = 458521.1875
Epoch 11: loss = 405016.0625
Epoch 12: loss = 376688.96875
Epoch 13: loss = 359581.875
Epoch 14: loss = 348324.09375
Epoch 15: loss = 341773.25
Epoch 16: loss = 337568.1875
Epoch 17: loss = 335067.1875
Epoch 18: loss = 333264.6875
Epoch 19: loss = 332071.96875
Epoch 20: loss = 331264.3125
Epoch 21: loss = 330718.375
Epoch 22: loss = 330413.0625
Epoch 23: loss = 330177.5
Epoch 24: loss = 329997.4375
Epoch 25: loss = 329882.9375
Epoch 26: loss = 329807.25
Epoch 27: loss = 329766.6875
Epoch 28: loss = 329735.96875
Epoch 29: loss = 329710.9375
Epoch 30: loss = 329692.4375
Epoch 31: loss = 329676.96875
Epoch 32: loss = 329678.09375
Epoch 33: loss = 329664.875
Epoch 34: loss = 329660.625
Epoch 35: loss = 329662.875
Epoch 36: loss = 329652.9375
Epoch 37: loss = 329653.6875
Epoch 38: loss = 329653.8125
Epoch 39: loss = 329651.125
Epoch 40: loss = 329648.78125
Epoch 41: loss = 329647.375
Epoch 42: loss = 329648.3125
Epoch 43: loss = 329641.71875
Epoch 44: loss = 329650.46875
Epoch 45: loss = 329651.15625
Epoch 46: loss = 329650.875
Epoch 47: loss = 329648.0
Epoch 48: loss = 329646.8125
Early stopping at epoch 48 with loss 329641.71875
Tensors initialization on device cuda
Multiprobe = None

('MSE', 'PoissonNLL') RECONSTRUCTIONS

Reconstruction for fluence = 0.09999999999999999 photons/pixel
Epoch 0: loss = 0.0880536288022995
Epoch 1: loss = 0.04119736701250076
Epoch 2: loss = 0.0407780297100544
Epoch 3: loss = 0.04056371748447418
Epoch 4: loss = 0.04037393629550934
Epoch 5: loss = 0.04034198075532913
Epoch 6: loss = 0.04031917452812195
Epoch 7: loss = 0.04029181972146034
Epoch 8: loss = 0.04024168476462364
Epoch 9: loss = 0.04023269563913345
Epoch 10: loss = 0.04019387438893318
Epoch 11: loss = 0.04018929600715637
Epoch 12: loss = 0.04016922414302826
Epoch 13: loss = 0.04015124961733818
Early stopping at epoch 13 with loss 0.04024168476462364
Epoch 0: loss = 0.1124785915017128
Epoch 1: loss = 0.09171780943870544
Epoch 2: loss = 0.09137751907110214
Epoch 3: loss = 0.09131616353988647
Epoch 4: loss = 0.09130480885505676
Epoch 5: loss = 0.09130192548036575
Epoch 6: loss = 0.09129730612039566
Epoch 7: loss = 0.0912451446056366
Epoch 8: loss = 0.09124448895454407
Epoch 9: loss = 0.09124448895454407
Epoch 10: loss = 0.09124448895454407
Epoch 11: loss = 0.09124448895454407
Epoch 12: loss = 0.09124448895454407
Early stopping at epoch 12 with loss 0.0912451446056366
Reconstruction for fluence = 0.23357214690901223 photons/pixel
Epoch 0: loss = 0.2984904646873474
Epoch 1: loss = 0.09758153557777405
Epoch 2: loss = 0.09689678251743317
Epoch 3: loss = 0.09680034220218658
Epoch 4: loss = 0.09675754606723785
Epoch 5: loss = 0.09673499315977097
Epoch 6: loss = 0.09673205018043518
Epoch 7: loss = 0.09673191606998444
Epoch 8: loss = 0.09673190116882324
Epoch 9: loss = 0.09673185646533966
Early stopping at epoch 9 with loss 0.09675754606723785
Epoch 0: loss = 0.1506670117378235
Epoch 1: loss = 0.11879823356866837
Epoch 2: loss = 0.11872444301843643
Epoch 3: loss = 0.11872000247240067
Epoch 4: loss = 0.11871980875730515
Epoch 5: loss = 0.11871974170207977
Epoch 6: loss = 0.11871969699859619
Early stopping at epoch 6 with loss 0.11879823356866837
Reconstruction for fluence = 0.5455594781168519 photons/pixel
Epoch 0: loss = 1.196032166481018
Epoch 1: loss = 0.21767711639404297
Epoch 2: loss = 0.21611768007278442
Epoch 3: loss = 0.2160417139530182
Epoch 4: loss = 0.21601653099060059
Epoch 5: loss = 0.2160085290670395
Epoch 6: loss = 0.21600818634033203
Epoch 7: loss = 0.21600818634033203
Epoch 8: loss = 0.21600815653800964
Epoch 9: loss = 0.21600812673568726
Early stopping at epoch 9 with loss 0.21601653099060059
Epoch 0: loss = 0.08102795481681824
Epoch 1: loss = 0.034117311239242554
Epoch 2: loss = 0.03401270881295204
Epoch 3: loss = 0.03398079052567482
Epoch 4: loss = 0.033979371190071106
Epoch 5: loss = 0.03397884964942932
Epoch 6: loss = 0.03397879749536514
Epoch 7: loss = 0.033978790044784546
Early stopping at epoch 7 with loss 0.03401270881295204
Reconstruction for fluence = 1.2742749857031335 photons/pixel
Epoch 0: loss = 5.575398921966553
Epoch 1: loss = 0.5049389600753784
Epoch 2: loss = 0.4981471300125122
Epoch 3: loss = 0.49763163924217224
Epoch 4: loss = 0.49757498502731323
Epoch 5: loss = 0.49757125973701477
Epoch 6: loss = 0.4975709021091461
Epoch 7: loss = 0.49757081270217896
Epoch 8: loss = 0.4975707530975342
Early stopping at epoch 8 with loss 0.49763163924217224
Epoch 0: loss = -0.4327842593193054
Epoch 1: loss = -0.5059418678283691
Epoch 2: loss = -0.5062202215194702
Epoch 3: loss = -0.5063372850418091
Epoch 4: loss = -0.5063446760177612
Epoch 5: loss = -0.506345272064209
Epoch 6: loss = -0.5063517093658447
Epoch 7: loss = -0.5063588619232178
Epoch 8: loss = -0.5063589811325073
Early stopping at epoch 8 with loss -0.5063372850418091
Reconstruction for fluence = 2.976351441631318 photons/pixel
Epoch 0: loss = 28.189849853515625
Epoch 1: loss = 1.112967610359192
Epoch 2: loss = 1.0817385911941528
Epoch 3: loss = 1.0790071487426758
Epoch 4: loss = 1.0788341760635376
Epoch 5: loss = 1.0788160562515259
Epoch 6: loss = 1.07881498336792
Epoch 7: loss = 1.0788142681121826
Epoch 8: loss = 1.0788140296936035
Epoch 9: loss = 1.0788137912750244
Early stopping at epoch 9 with loss 1.0788341760635376
Epoch 0: loss = -2.4923737049102783
Epoch 1: loss = -2.5966734886169434
Epoch 2: loss = -2.597230911254883
Epoch 3: loss = -2.5973129272460938
Epoch 4: loss = -2.597367763519287
Epoch 5: loss = -2.59737491607666
Epoch 6: loss = -2.59737491607666
Epoch 7: loss = -2.59737491607666
Epoch 8: loss = -2.5973751544952393
Epoch 9: loss = -2.5973751544952393
Early stopping at epoch 9 with loss -2.597367763519287
Reconstruction for fluence = 6.9519279617756045 photons/pixel
Epoch 0: loss = 149.89077758789062
Epoch 1: loss = 2.679034471511841
Epoch 2: loss = 2.5353732109069824
Epoch 3: loss = 2.5200986862182617
Epoch 4: loss = 2.518667221069336
Epoch 5: loss = 2.518507719039917
Epoch 6: loss = 2.5184848308563232
Epoch 7: loss = 2.5184812545776367
Epoch 8: loss = 2.518479108810425
Epoch 9: loss = 2.5184786319732666
Epoch 10: loss = 2.5184786319732666
Early stopping at epoch 10 with loss 2.518507719039917
Epoch 0: loss = -9.163776397705078
Epoch 1: loss = -9.312911987304688
Epoch 2: loss = -9.313741683959961
Epoch 3: loss = -9.313933372497559
Epoch 4: loss = -9.313961029052734
Epoch 5: loss = -9.313962936401367
Epoch 6: loss = -9.313962936401367
Epoch 7: loss = -9.313962936401367
Epoch 8: loss = -9.31396484375
Early stopping at epoch 8 with loss -9.313933372497559
Reconstruction for fluence = 16.23776739188721 photons/pixel
Epoch 0: loss = 804.6925048828125
Epoch 1: loss = 6.462395191192627
Epoch 2: loss = 5.892439842224121
Epoch 3: loss = 5.842297077178955
Epoch 4: loss = 5.837405681610107
Epoch 5: loss = 5.836630344390869
Epoch 6: loss = 5.8365068435668945
Epoch 7: loss = 5.836476802825928
Epoch 8: loss = 5.836468696594238
Epoch 9: loss = 5.836467742919922
Epoch 10: loss = 5.8364667892456055
Epoch 11: loss = 5.8364667892456055
Early stopping at epoch 11 with loss 5.8365068435668945
Epoch 0: loss = -29.152992248535156
Epoch 1: loss = -29.362808227539062
Epoch 2: loss = -29.36453628540039
Epoch 3: loss = -29.364688873291016
Epoch 4: loss = -29.364837646484375
Epoch 5: loss = -29.364839553833008
Epoch 6: loss = -29.364845275878906
Epoch 7: loss = -29.36485481262207
Epoch 8: loss = -29.36488914489746
Epoch 9: loss = -29.364891052246094
Early stopping at epoch 9 with loss -29.364837646484375
Reconstruction for fluence = 37.926901907322495 photons/pixel
Epoch 0: loss = 4357.5791015625
Epoch 1: loss = 16.385330200195312
Epoch 2: loss = 13.378286361694336
Epoch 3: loss = 13.09113597869873
Epoch 4: loss = 13.057069778442383
Epoch 5: loss = 13.051255226135254
Epoch 6: loss = 13.049921035766602
Epoch 7: loss = 13.049549102783203
Epoch 8: loss = 13.049392700195312
Epoch 9: loss = 13.049321174621582
Epoch 10: loss = 13.049314498901367
Epoch 11: loss = 13.049306869506836
Epoch 12: loss = 13.049291610717773
Epoch 13: loss = 13.049287796020508
Epoch 14: loss = 13.049283981323242
Epoch 0: loss = -86.43807983398438
Epoch 1: loss = -86.72428894042969
Epoch 2: loss = -86.7266616821289
Epoch 3: loss = -86.72716522216797
Epoch 4: loss = -86.72718811035156
Epoch 5: loss = -86.72730255126953
Epoch 6: loss = -86.72746276855469
Epoch 7: loss = -86.72746276855469
Epoch 8: loss = -86.72746276855469
Epoch 9: loss = -86.72746276855469
Epoch 10: loss = -86.72746276855469
Epoch 11: loss = -86.72746276855469
Early stopping at epoch 11 with loss -86.72746276855469
Reconstruction for fluence = 88.58667904100822 photons/pixel
Epoch 0: loss = 23668.01171875
Epoch 1: loss = 45.23992919921875
Epoch 2: loss = 31.107078552246094
Epoch 3: loss = 29.809226989746094
Epoch 4: loss = 29.645767211914062
Epoch 5: loss = 29.609689712524414
Epoch 6: loss = 29.60079574584961
Epoch 7: loss = 29.597900390625
Epoch 8: loss = 29.59663963317871
Epoch 9: loss = 29.596101760864258
Epoch 10: loss = 29.595855712890625
Epoch 11: loss = 29.595821380615234
Epoch 12: loss = 29.595787048339844
Epoch 13: loss = 29.595760345458984
Epoch 14: loss = 29.595760345458984
Epoch 0: loss = -244.78726196289062
Epoch 1: loss = -245.177490234375
Epoch 2: loss = -245.18255615234375
Epoch 3: loss = -245.18295288085938
Epoch 4: loss = -245.1829833984375
Epoch 5: loss = -245.18313598632812
Epoch 6: loss = -245.18316650390625
Epoch 7: loss = -245.18316650390625
Epoch 8: loss = -245.1831817626953
Epoch 9: loss = -245.1832275390625
Epoch 10: loss = -245.1832275390625
Early stopping at epoch 10 with loss -245.18313598632812
Reconstruction for fluence = 206.9138081114788 photons/pixel
Epoch 0: loss = 129047.3984375
Epoch 1: loss = 152.21336364746094
Epoch 2: loss = 77.92283630371094
Epoch 3: loss = 70.96905517578125
Epoch 4: loss = 70.02603912353516
Epoch 5: loss = 69.80061340332031
Epoch 6: loss = 69.74463653564453
Epoch 7: loss = 69.71839904785156
Epoch 8: loss = 69.70582580566406
Epoch 9: loss = 69.70085906982422
Epoch 10: loss = 69.6984634399414
Epoch 11: loss = 69.69757080078125
Epoch 12: loss = 69.69700622558594
Epoch 13: loss = 69.69664001464844
Epoch 14: loss = 69.69664001464844
Epoch 0: loss = -670.508056640625
Epoch 1: loss = -670.9943237304688
Epoch 2: loss = -670.99951171875
Epoch 3: loss = -671.0009765625
Epoch 4: loss = -671.0010986328125
Epoch 5: loss = -671.0010986328125
Epoch 6: loss = -671.0010986328125
Epoch 7: loss = -671.0010986328125
Epoch 8: loss = -671.0010986328125
Early stopping at epoch 8 with loss -671.0009765625
Reconstruction for fluence = 483.2930238571752 photons/pixel
Epoch 0: loss = 703648.8125
Epoch 1: loss = 588.8073120117188
Epoch 2: loss = 202.59576416015625
Epoch 3: loss = 168.75350952148438
Epoch 4: loss = 164.09451293945312
Epoch 5: loss = 162.95773315429688
Epoch 6: loss = 162.64259338378906
Epoch 7: loss = 162.5057373046875
Epoch 8: loss = 162.43128967285156
Epoch 9: loss = 162.39251708984375
Epoch 10: loss = 162.37454223632812
Epoch 11: loss = 162.3651885986328
Epoch 12: loss = 162.36029052734375
Epoch 13: loss = 162.3572998046875
Epoch 14: loss = 162.35545349121094
Epoch 0: loss = -1797.572998046875
Epoch 1: loss = -1798.2447509765625
Epoch 2: loss = -1798.248291015625
Epoch 3: loss = -1798.24853515625
Epoch 4: loss = -1798.25
Epoch 5: loss = -1798.2501220703125
Epoch 6: loss = -1798.250244140625
Epoch 7: loss = -1798.250244140625
Epoch 8: loss = -1798.250244140625
Epoch 9: loss = -1798.250244140625
Epoch 10: loss = -1798.250244140625
Epoch 11: loss = -1798.250244140625
Early stopping at epoch 11 with loss -1798.250244140625
Reconstruction for fluence = 1128.8378916846884 photons/pixel
Epoch 0: loss = 3836875.25
Epoch 1: loss = 2684.45263671875
Epoch 2: loss = 664.18212890625
Epoch 3: loss = 441.1084289550781
Epoch 4: loss = 416.305419921875
Epoch 5: loss = 409.705810546875
Epoch 6: loss = 407.84320068359375
Epoch 7: loss = 407.057373046875
Epoch 8: loss = 406.6348571777344
Epoch 9: loss = 406.4270935058594
Epoch 10: loss = 406.32513427734375
Epoch 11: loss = 406.2701110839844
Epoch 12: loss = 406.2444763183594
Epoch 13: loss = 406.22833251953125
Epoch 14: loss = 406.21978759765625
Epoch 0: loss = -4737.5400390625
Epoch 1: loss = -4738.40478515625
Epoch 2: loss = -4738.4091796875
Epoch 3: loss = -4738.41015625
Epoch 4: loss = -4738.41015625
Epoch 5: loss = -4738.4111328125
Epoch 6: loss = -4738.4150390625
Epoch 7: loss = -4738.4150390625
Epoch 8: loss = -4738.41552734375
Epoch 9: loss = -4738.4150390625
Epoch 10: loss = -4738.4150390625
Epoch 11: loss = -4738.4150390625
Epoch 12: loss = -4738.4150390625
Epoch 13: loss = -4738.4150390625
Early stopping at epoch 13 with loss -4738.41552734375
Reconstruction for fluence = 2636.6508987303555 photons/pixel
Epoch 0: loss = 20929176.0
Epoch 1: loss = 13182.64453125
Epoch 2: loss = 2213.25439453125
Epoch 3: loss = 1053.470458984375
Epoch 4: loss = 926.110595703125
Epoch 5: loss = 893.9814453125
Epoch 6: loss = 883.9080810546875
Epoch 7: loss = 879.5972900390625
Epoch 8: loss = 877.4676513671875
Epoch 9: loss = 876.3162841796875
Epoch 10: loss = 875.7169189453125
Epoch 11: loss = 875.41064453125
Epoch 12: loss = 875.2193603515625
Epoch 13: loss = 875.09033203125
Epoch 14: loss = 875.0028076171875
Epoch 0: loss = -12325.498046875
Epoch 1: loss = -12326.498046875
Epoch 2: loss = -12326.498046875
Epoch 3: loss = -12326.5
Epoch 4: loss = -12326.5
Epoch 5: loss = -12326.5
Epoch 6: loss = -12326.5
Epoch 7: loss = -12326.5
Epoch 8: loss = -12326.5
Early stopping at epoch 8 with loss -12326.5
Reconstruction for fluence = 6158.482110660255 photons/pixel
Epoch 0: loss = 114207304.0
Epoch 1: loss = 69639.484375
Epoch 2: loss = 9216.98828125
Epoch 3: loss = 3116.642333984375
Epoch 4: loss = 2403.35205078125
Epoch 5: loss = 2227.713134765625
Epoch 6: loss = 2176.5625
Epoch 7: loss = 2153.374755859375
Epoch 8: loss = 2142.708740234375
Epoch 9: loss = 2135.463134765625
Epoch 10: loss = 2131.48974609375
Epoch 11: loss = 2129.4267578125
Epoch 12: loss = 2128.26220703125
Epoch 13: loss = 2127.49609375
Epoch 14: loss = 2126.970458984375
Epoch 0: loss = -31724.7890625
Epoch 1: loss = -31725.84765625
Epoch 2: loss = -31725.849609375
Epoch 3: loss = -31725.849609375
Epoch 4: loss = -31725.84765625
Epoch 5: loss = -31725.84765625
Epoch 6: loss = -31725.849609375
Epoch 7: loss = -31725.8515625
Epoch 8: loss = -31725.8515625
Epoch 9: loss = -31725.8515625
Epoch 10: loss = -31725.849609375
Epoch 11: loss = -31725.849609375
Epoch 12: loss = -31725.849609375
Early stopping at epoch 12 with loss -31725.8515625
Reconstruction for fluence = 14384.498882876629 photons/pixel
Epoch 0: loss = 623013504.0
Epoch 1: loss = 371484.53125
Epoch 2: loss = 41476.25
Epoch 3: loss = 10066.453125
Epoch 4: loss = 6241.705078125
Epoch 5: loss = 5294.76611328125
Epoch 6: loss = 5031.18212890625
Epoch 7: loss = 4903.00927734375
Epoch 8: loss = 4843.2900390625
Epoch 9: loss = 4808.11962890625
Epoch 10: loss = 4787.20556640625
Epoch 11: loss = 4776.88916015625
Epoch 12: loss = 4771.6962890625
Epoch 13: loss = 4767.9189453125
Epoch 14: loss = 4765.6181640625
Epoch 0: loss = -80965.4375
Epoch 1: loss = -80966.6015625
Epoch 2: loss = -80966.609375
Epoch 3: loss = -80966.609375
Epoch 4: loss = -80966.609375
Epoch 5: loss = -80966.609375
Epoch 6: loss = -80966.609375
Epoch 7: loss = -80966.609375
Early stopping at epoch 7 with loss -80966.609375
Reconstruction for fluence = 33598.18286283781 photons/pixel
Epoch 0: loss = 3398565632.0
Epoch 1: loss = 2006697.75
Epoch 2: loss = 215778.390625
Epoch 3: loss = 41473.89453125
Epoch 4: loss = 19843.19140625
Epoch 5: loss = 14471.193359375
Epoch 6: loss = 12903.2490234375
Epoch 7: loss = 12191.224609375
Epoch 8: loss = 11814.53515625
Epoch 9: loss = 11638.275390625
Epoch 10: loss = 11505.7978515625
Epoch 11: loss = 11448.900390625
Epoch 12: loss = 11420.4423828125
Epoch 13: loss = 11401.095703125
Epoch 14: loss = 11389.5986328125
Epoch 0: loss = -205156.84375
Epoch 1: loss = -205158.140625
Epoch 2: loss = -205158.15625
Epoch 3: loss = -205158.15625
Epoch 4: loss = -205158.15625
Epoch 5: loss = -205158.15625
Epoch 6: loss = -205158.15625
Epoch 7: loss = -205158.15625
Early stopping at epoch 7 with loss -205158.15625
Reconstruction for fluence = 78475.99703514607 photons/pixel
Epoch 0: loss = 18541770752.0
Epoch 1: loss = 10905772.0
Epoch 2: loss = 1126302.75
Epoch 3: loss = 186079.28125
Epoch 4: loss = 70240.7890625
Epoch 5: loss = 43081.78125
Epoch 6: loss = 34780.16796875
Epoch 7: loss = 31240.759765625
Epoch 8: loss = 29221.263671875
Epoch 9: loss = 28172.724609375
Epoch 10: loss = 27540.5078125
Epoch 11: loss = 27237.66796875
Epoch 12: loss = 27067.802734375
Epoch 13: loss = 26954.859375
Epoch 14: loss = 26886.25
Epoch 0: loss = -516642.6875
Epoch 1: loss = -516644.1875
Epoch 2: loss = -516644.1875
Epoch 3: loss = -516644.1875
Epoch 4: loss = -516644.1875
Epoch 5: loss = -516644.1875
Epoch 6: loss = -516644.1875
Early stopping at epoch 6 with loss -516644.1875
Reconstruction for fluence = 183298.07108324335 photons/pixel
Epoch 0: loss = 101154881536.0
Epoch 1: loss = 59402408.0
Epoch 2: loss = 6063194.0
Epoch 3: loss = 914324.8125
Epoch 4: loss = 313744.5625
Epoch 5: loss = 152611.3125
Epoch 6: loss = 107698.5234375
Epoch 7: loss = 87794.046875
Epoch 8: loss = 76993.09375
Epoch 9: loss = 71162.5
Epoch 10: loss = 67479.703125
Epoch 11: loss = 65565.7578125
Epoch 12: loss = 64579.77734375
Epoch 13: loss = 63922.109375
Epoch 14: loss = 63524.28515625
Epoch 0: loss = -1294205.5
Epoch 1: loss = -1294207.5
Epoch 2: loss = -1294207.75
Epoch 3: loss = -1294207.75
Epoch 4: loss = -1294207.75
Epoch 5: loss = -1294207.75
Epoch 6: loss = -1294207.75
Epoch 7: loss = -1294207.75
Early stopping at epoch 7 with loss -1294207.75
Reconstruction for fluence = 428133.2398719387 photons/pixel
Epoch 0: loss = 551877476352.0
Epoch 1: loss = 323430336.0
Epoch 2: loss = 33550420.0
Epoch 3: loss = 5044150.0
Epoch 4: loss = 1449339.0
Epoch 5: loss = 627905.75
Epoch 6: loss = 376762.15625
Epoch 7: loss = 278348.15625
Epoch 8: loss = 217661.3125
Epoch 9: loss = 186406.40625
Epoch 10: loss = 167483.984375
Epoch 11: loss = 159364.421875
Epoch 12: loss = 152691.375
Epoch 13: loss = 149066.03125
Epoch 14: loss = 146867.8125
Epoch 0: loss = -3227132.25
Epoch 1: loss = -3227135.0
Epoch 2: loss = -3227135.5
Epoch 3: loss = -3227135.5
Epoch 4: loss = -3227135.5
Epoch 5: loss = -3227135.5
Epoch 6: loss = -3227135.5
Epoch 7: loss = -3227135.5
Early stopping at epoch 7 with loss -3227135.5
Reconstruction for fluence = 1000000.0 photons/pixel
Epoch 0: loss = 3010773385216.0
Epoch 1: loss = 1765804160.0
Epoch 2: loss = 181224288.0
Epoch 3: loss = 27490812.0
Epoch 4: loss = 7933289.0
Epoch 5: loss = 3043189.0
Epoch 6: loss = 1646275.0
Epoch 7: loss = 1031867.375
Epoch 8: loss = 731129.75
Epoch 9: loss = 558041.4375
Epoch 10: loss = 454480.8125
Epoch 11: loss = 406421.625
Epoch 12: loss = 381859.9375
Epoch 13: loss = 364747.8125
Epoch 14: loss = 354318.4375
Epoch 0: loss = -8014962.0
Epoch 1: loss = -8014967.0
Epoch 2: loss = -8014967.0
Epoch 3: loss = -8014967.0
Epoch 4: loss = -8014967.0
Epoch 5: loss = -8014967.0
Epoch 6: loss = -8014967.0
Early stopping at epoch 6 with loss -8014967.0
Simulation for steps_size=18 and n_fluences=20 completed!
